code: 0
data:
  avg_latency: 0.110427
  histogram:
  - - 0
    - 0
  - - 1
    - 58
  - - 2
    - 243
  - - 3
    - 352
  - - 4
    - 384
  - - 5
    - 406
  - - 6
    - 405
  - - 7
    - 354
  - - 8
    - 433
  - - 9
    - 383
  - - 10
    - 418
  - - 11
    - 408
  - - 12
    - 422
  - - 13
    - 375
  - - 14
    - 397
  - - 15
    - 405
  - - 16
    - 403
  - - 17
    - 434
  - - 18
    - 439
  - - 19
    - 492
  - - 20
    - 449
  - - 21
    - 514
  - - 22
    - 501
  - - 23
    - 514
  - - 24
    - 502
  - - 25
    - 488
  - - 26
    - 543
  - - 27
    - 539
  - - 28
    - 543
  - - 29
    - 576
  - - 30
    - 602
  - - 31
    - 618
  - - 32
    - 610
  - - 33
    - 614
  - - 34
    - 602
  - - 35
    - 608
  - - 36
    - 640
  - - 37
    - 683
  - - 38
    - 737
  - - 39
    - 684
  - - 40
    - 705
  - - 41
    - 717
  - - 42
    - 747
  - - 43
    - 662
  - - 44
    - 767
  - - 45
    - 750
  - - 46
    - 748
  - - 47
    - 788
  - - 48
    - 765
  - - 49
    - 894
  - - 50
    - 789
  - - 51
    - 789
  - - 52
    - 850
  - - 53
    - 807
  - - 54
    - 782
  - - 55
    - 813
  - - 56
    - 837
  - - 57
    - 837
  - - 58
    - 911
  - - 59
    - 836
  - - 60
    - 847
  - - 61
    - 855
  - - 62
    - 879
  - - 63
    - 876
  - - 64
    - 815
  - - 65
    - 879
  - - 66
    - 785
  - - 67
    - 835
  - - 68
    - 806
  - - 69
    - 931
  - - 70
    - 940
  - - 71
    - 879
  - - 72
    - 826
  - - 73
    - 836
  - - 74
    - 855
  - - 75
    - 890
  - - 76
    - 831
  - - 77
    - 836
  - - 78
    - 795
  - - 79
    - 797
  - - 80
    - 812
  - - 81
    - 755
  - - 82
    - 798
  - - 83
    - 846
  - - 84
    - 750
  - - 85
    - 775
  - - 86
    - 723
  - - 87
    - 779
  - - 88
    - 787
  - - 89
    - 703
  - - 90
    - 740
  - - 91
    - 738
  - - 92
    - 740
  - - 93
    - 752
  - - 94
    - 686
  - - 95
    - 753
  - - 96
    - 702
  - - 97
    - 749
  - - 98
    - 663
  - - 99
    - 713
  - - 100
    - 684
  - - 101
    - 696
  - - 102
    - 657
  - - 103
    - 574
  - - 104
    - 627
  - - 105
    - 593
  - - 106
    - 593
  - - 107
    - 565
  - - 108
    - 589
  - - 109
    - 547
  - - 110
    - 582
  - - 111
    - 505
  - - 112
    - 561
  - - 113
    - 595
  - - 114
    - 530
  - - 115
    - 492
  - - 116
    - 520
  - - 117
    - 498
  - - 118
    - 482
  - - 119
    - 503
  - - 120
    - 439
  - - 121
    - 485
  - - 122
    - 482
  - - 123
    - 464
  - - 124
    - 433
  - - 125
    - 432
  - - 126
    - 458
  - - 127
    - 416
  - - 128
    - 418
  - - 129
    - 391
  - - 130
    - 428
  - - 131
    - 391
  - - 132
    - 381
  - - 133
    - 367
  - - 134
    - 342
  - - 135
    - 338
  - - 136
    - 357
  - - 137
    - 348
  - - 138
    - 328
  - - 139
    - 320
  - - 140
    - 324
  - - 141
    - 332
  - - 142
    - 320
  - - 143
    - 331
  - - 144
    - 297
  - - 145
    - 281
  - - 146
    - 276
  - - 147
    - 277
  - - 148
    - 268
  - - 149
    - 272
  - - 150
    - 268
  - - 151
    - 263
  - - 152
    - 244
  - - 153
    - 258
  - - 154
    - 253
  - - 155
    - 246
  - - 156
    - 253
  - - 157
    - 237
  - - 158
    - 222
  - - 159
    - 208
  - - 160
    - 220
  - - 161
    - 205
  - - 162
    - 216
  - - 163
    - 211
  - - 164
    - 203
  - - 165
    - 173
  - - 166
    - 168
  - - 167
    - 183
  - - 168
    - 192
  - - 169
    - 176
  - - 170
    - 168
  - - 171
    - 146
  - - 172
    - 171
  - - 173
    - 145
  - - 174
    - 147
  - - 175
    - 143
  - - 176
    - 148
  - - 177
    - 143
  - - 178
    - 150
  - - 179
    - 133
  - - 180
    - 137
  - - 181
    - 128
  - - 182
    - 148
  - - 183
    - 145
  - - 184
    - 120
  - - 185
    - 111
  - - 186
    - 129
  - - 187
    - 141
  - - 188
    - 108
  - - 189
    - 125
  - - 190
    - 103
  - - 191
    - 96
  - - 192
    - 123
  - - 193
    - 112
  - - 194
    - 104
  - - 195
    - 120
  - - 196
    - 99
  - - 197
    - 96
  - - 198
    - 104
  - - 199
    - 78
  - - 200
    - 78
  - - 201
    - 81
  - - 202
    - 89
  - - 203
    - 72
  - - 204
    - 78
  - - 205
    - 81
  - - 206
    - 78
  - - 207
    - 77
  - - 208
    - 71
  - - 209
    - 73
  - - 210
    - 79
  - - 211
    - 82
  - - 212
    - 94
  - - 213
    - 75
  - - 214
    - 76
  - - 215
    - 64
  - - 216
    - 62
  - - 217
    - 56
  - - 218
    - 76
  - - 219
    - 75
  - - 220
    - 71
  - - 221
    - 66
  - - 222
    - 83
  - - 223
    - 56
  - - 224
    - 53
  - - 225
    - 64
  - - 226
    - 43
  - - 227
    - 53
  - - 228
    - 55
  - - 229
    - 44
  - - 230
    - 47
  - - 231
    - 60
  - - 232
    - 58
  - - 233
    - 41
  - - 234
    - 46
  - - 235
    - 49
  - - 236
    - 40
  - - 237
    - 53
  - - 238
    - 51
  - - 239
    - 55
  - - 240
    - 60
  - - 241
    - 35
  - - 242
    - 45
  - - 243
    - 45
  - - 244
    - 31
  - - 245
    - 48
  - - 246
    - 47
  - - 247
    - 48
  - - 248
    - 37
  - - 249
    - 28
  - - 250
    - 49
  - - 251
    - 46
  - - 252
    - 37
  - - 253
    - 46
  - - 254
    - 37
  - - 255
    - 38
  - - 256
    - 35
  - - 257
    - 29
  - - 258
    - 22
  - - 259
    - 32
  - - 260
    - 35
  - - 261
    - 44
  - - 262
    - 35
  - - 263
    - 29
  - - 264
    - 29
  - - 265
    - 32
  - - 266
    - 29
  - - 267
    - 33
  - - 268
    - 37
  - - 269
    - 44
  - - 270
    - 33
  - - 271
    - 26
  - - 272
    - 35
  - - 273
    - 31
  - - 274
    - 29
  - - 275
    - 39
  - - 276
    - 32
  - - 277
    - 36
  - - 278
    - 29
  - - 279
    - 23
  - - 280
    - 38
  - - 281
    - 25
  - - 282
    - 23
  - - 283
    - 20
  - - 284
    - 24
  - - 285
    - 41
  - - 286
    - 24
  - - 287
    - 38
  - - 288
    - 27
  - - 289
    - 24
  - - 290
    - 31
  - - 291
    - 26
  - - 292
    - 30
  - - 293
    - 30
  - - 294
    - 30
  - - 295
    - 23
  - - 296
    - 28
  - - 297
    - 34
  - - 298
    - 31
  - - 299
    - 30
  - - 300
    - 30
  - - 301
    - 29
  - - 302
    - 27
  - - 303
    - 27
  - - 304
    - 25
  - - 305
    - 33
  - - 306
    - 33
  - - 307
    - 29
  - - 308
    - 22
  - - 309
    - 26
  - - 310
    - 20
  - - 311
    - 28
  - - 312
    - 25
  - - 313
    - 27
  - - 314
    - 18
  - - 315
    - 22
  - - 316
    - 26
  - - 317
    - 29
  - - 318
    - 26
  - - 319
    - 25
  - - 320
    - 27
  - - 321
    - 26
  - - 322
    - 27
  - - 323
    - 31
  - - 324
    - 22
  - - 325
    - 29
  - - 326
    - 24
  - - 327
    - 19
  - - 328
    - 23
  - - 329
    - 27
  - - 330
    - 20
  - - 331
    - 32
  - - 332
    - 20
  - - 333
    - 28
  - - 334
    - 32
  - - 335
    - 24
  - - 336
    - 28
  - - 337
    - 23
  - - 338
    - 28
  - - 339
    - 44
  - - 340
    - 22
  - - 341
    - 28
  - - 342
    - 19
  - - 343
    - 24
  - - 344
    - 26
  - - 345
    - 25
  - - 346
    - 21
  - - 347
    - 25
  - - 348
    - 19
  - - 349
    - 28
  - - 350
    - 14
  - - 351
    - 22
  - - 352
    - 16
  - - 353
    - 28
  - - 354
    - 26
  - - 355
    - 25
  - - 356
    - 21
  - - 357
    - 20
  - - 358
    - 32
  - - 359
    - 22
  - - 360
    - 28
  - - 361
    - 23
  - - 362
    - 16
  - - 363
    - 19
  - - 364
    - 19
  - - 365
    - 19
  - - 366
    - 23
  - - 367
    - 21
  - - 368
    - 29
  - - 369
    - 19
  - - 370
    - 21
  - - 371
    - 19
  - - 372
    - 23
  - - 373
    - 19
  - - 374
    - 27
  - - 375
    - 18
  - - 376
    - 26
  - - 377
    - 23
  - - 378
    - 14
  - - 379
    - 21
  - - 380
    - 18
  - - 381
    - 22
  - - 382
    - 20
  - - 383
    - 19
  - - 384
    - 16
  - - 385
    - 20
  - - 386
    - 19
  - - 387
    - 19
  - - 388
    - 27
  - - 389
    - 20
  - - 390
    - 29
  - - 391
    - 19
  - - 392
    - 20
  - - 393
    - 18
  - - 394
    - 17
  - - 395
    - 19
  - - 396
    - 17
  - - 397
    - 16
  - - 398
    - 22
  - - 399
    - 14
  - - 400
    - 20
  - - 401
    - 14
  - - 402
    - 15
  - - 403
    - 22
  - - 404
    - 18
  - - 405
    - 26
  - - 406
    - 16
  - - 407
    - 13
  - - 408
    - 14
  - - 409
    - 20
  - - 410
    - 17
  - - 411
    - 27
  - - 412
    - 22
  - - 413
    - 10
  - - 414
    - 16
  - - 415
    - 20
  - - 416
    - 20
  - - 417
    - 13
  - - 418
    - 15
  - - 419
    - 17
  - - 420
    - 18
  - - 421
    - 11
  - - 422
    - 19
  - - 423
    - 19
  - - 424
    - 27
  - - 425
    - 15
  - - 426
    - 12
  - - 427
    - 18
  - - 428
    - 16
  - - 429
    - 10
  - - 430
    - 17
  - - 431
    - 19
  - - 432
    - 16
  - - 433
    - 23
  - - 434
    - 11
  - - 435
    - 19
  - - 436
    - 17
  - - 437
    - 18
  - - 438
    - 18
  - - 439
    - 17
  - - 440
    - 15
  - - 441
    - 17
  - - 442
    - 15
  - - 443
    - 15
  - - 444
    - 13
  - - 445
    - 15
  - - 446
    - 17
  - - 447
    - 15
  - - 448
    - 19
  - - 449
    - 14
  - - 450
    - 16
  - - 451
    - 16
  - - 452
    - 11
  - - 453
    - 15
  - - 454
    - 13
  - - 455
    - 11
  - - 456
    - 14
  - - 457
    - 7
  - - 458
    - 10
  - - 459
    - 9
  - - 460
    - 10
  - - 461
    - 12
  - - 462
    - 12
  - - 463
    - 9
  - - 464
    - 9
  - - 465
    - 5
  - - 466
    - 12
  - - 467
    - 17
  - - 468
    - 16
  - - 469
    - 14
  - - 470
    - 17
  - - 471
    - 15
  - - 472
    - 9
  - - 473
    - 17
  - - 474
    - 15
  - - 475
    - 11
  - - 476
    - 15
  - - 477
    - 14
  - - 478
    - 10
  - - 479
    - 19
  - - 480
    - 12
  - - 481
    - 15
  - - 482
    - 11
  - - 483
    - 18
  - - 484
    - 10
  - - 485
    - 17
  - - 486
    - 15
  - - 487
    - 10
  - - 488
    - 11
  - - 489
    - 12
  - - 490
    - 5
  - - 491
    - 15
  - - 492
    - 14
  - - 493
    - 7
  - - 494
    - 16
  - - 495
    - 8
  - - 496
    - 11
  - - 497
    - 12
  - - 498
    - 17
  - - 499
    - 8
  - - 500
    - 14
  - - 501
    - 15
  - - 502
    - 7
  - - 503
    - 8
  - - 504
    - 15
  - - 505
    - 9
  - - 506
    - 13
  - - 507
    - 10
  - - 508
    - 12
  - - 509
    - 15
  - - 510
    - 10
  - - 511
    - 13
  - - 512
    - 11
  - - 513
    - 6
  - - 514
    - 7
  - - 515
    - 9
  - - 516
    - 8
  - - 517
    - 11
  - - 518
    - 14
  - - 519
    - 7
  - - 520
    - 9
  - - 521
    - 8
  - - 522
    - 6
  - - 523
    - 15
  - - 524
    - 13
  - - 525
    - 12
  - - 526
    - 18
  - - 527
    - 12
  - - 528
    - 14
  - - 529
    - 12
  - - 530
    - 8
  - - 531
    - 18
  - - 532
    - 10
  - - 533
    - 14
  - - 534
    - 11
  - - 535
    - 16
  - - 536
    - 8
  - - 537
    - 11
  - - 538
    - 11
  - - 539
    - 12
  - - 540
    - 12
  - - 541
    - 7
  - - 542
    - 11
  - - 543
    - 4
  - - 544
    - 8
  - - 545
    - 12
  - - 546
    - 15
  - - 547
    - 11
  - - 548
    - 4
  - - 549
    - 7
  - - 550
    - 11
  - - 551
    - 11
  - - 552
    - 13
  - - 553
    - 8
  - - 554
    - 16
  - - 555
    - 8
  - - 556
    - 7
  - - 557
    - 7
  - - 558
    - 9
  - - 559
    - 8
  - - 560
    - 13
  - - 561
    - 7
  - - 562
    - 11
  - - 563
    - 6
  - - 564
    - 9
  - - 565
    - 6
  - - 566
    - 11
  - - 567
    - 6
  - - 568
    - 11
  - - 569
    - 10
  - - 570
    - 5
  - - 571
    - 11
  - - 572
    - 6
  - - 573
    - 14
  - - 574
    - 15
  - - 575
    - 8
  - - 576
    - 8
  - - 577
    - 7
  - - 578
    - 10
  - - 579
    - 10
  - - 580
    - 12
  - - 581
    - 9
  - - 582
    - 7
  - - 583
    - 13
  - - 584
    - 11
  - - 585
    - 11
  - - 586
    - 7
  - - 587
    - 9
  - - 588
    - 10
  - - 589
    - 5
  - - 590
    - 10
  - - 591
    - 10
  - - 592
    - 8
  - - 593
    - 8
  - - 594
    - 10
  - - 595
    - 7
  - - 596
    - 16
  - - 597
    - 12
  - - 598
    - 7
  - - 599
    - 7
  - - 600
    - 12
  - - 601
    - 9
  - - 602
    - 12
  - - 603
    - 11
  - - 604
    - 12
  - - 605
    - 11
  - - 606
    - 4
  - - 607
    - 12
  - - 608
    - 7
  - - 609
    - 16
  - - 610
    - 9
  - - 611
    - 11
  - - 612
    - 8
  - - 613
    - 11
  - - 614
    - 2
  - - 615
    - 10
  - - 616
    - 7
  - - 617
    - 4
  - - 618
    - 11
  - - 619
    - 5
  - - 620
    - 5
  - - 621
    - 9
  - - 622
    - 13
  - - 623
    - 11
  - - 624
    - 5
  - - 625
    - 10
  - - 626
    - 7
  - - 627
    - 8
  - - 628
    - 4
  - - 629
    - 7
  - - 630
    - 4
  - - 631
    - 8
  - - 632
    - 9
  - - 633
    - 8
  - - 634
    - 7
  - - 635
    - 5
  - - 636
    - 8
  - - 637
    - 9
  - - 638
    - 10
  - - 639
    - 8
  - - 640
    - 6
  - - 641
    - 9
  - - 642
    - 9
  - - 643
    - 10
  - - 644
    - 13
  - - 645
    - 7
  - - 646
    - 4
  - - 647
    - 8
  - - 648
    - 3
  - - 649
    - 8
  - - 650
    - 10
  - - 651
    - 7
  - - 652
    - 4
  - - 653
    - 12
  - - 654
    - 4
  - - 655
    - 7
  - - 656
    - 5
  - - 657
    - 4
  - - 658
    - 8
  - - 659
    - 8
  - - 660
    - 7
  - - 661
    - 5
  - - 662
    - 4
  - - 663
    - 5
  - - 664
    - 2
  - - 665
    - 3
  - - 666
    - 5
  - - 667
    - 5
  - - 668
    - 6
  - - 669
    - 11
  - - 670
    - 12
  - - 671
    - 4
  - - 672
    - 4
  - - 673
    - 8
  - - 674
    - 6
  - - 675
    - 2
  - - 677
    - 5
  - - 678
    - 10
  - - 679
    - 7
  - - 680
    - 7
  - - 681
    - 4
  - - 682
    - 7
  - - 683
    - 9
  - - 684
    - 6
  - - 685
    - 2
  - - 686
    - 7
  - - 687
    - 5
  - - 688
    - 3
  - - 689
    - 1
  - - 690
    - 3
  - - 691
    - 4
  - - 692
    - 6
  - - 693
    - 6
  - - 694
    - 5
  - - 695
    - 4
  - - 696
    - 5
  - - 697
    - 2
  - - 698
    - 5
  - - 699
    - 5
  - - 700
    - 4
  - - 701
    - 4
  - - 702
    - 4
  - - 703
    - 2
  - - 704
    - 7
  - - 705
    - 3
  - - 706
    - 2
  - - 707
    - 4
  - - 708
    - 2
  - - 709
    - 5
  - - 710
    - 6
  - - 711
    - 6
  - - 712
    - 5
  - - 713
    - 6
  - - 714
    - 5
  - - 715
    - 5
  - - 716
    - 4
  - - 717
    - 5
  - - 718
    - 3
  - - 719
    - 4
  - - 720
    - 6
  - - 721
    - 3
  - - 722
    - 8
  - - 723
    - 6
  - - 724
    - 7
  - - 725
    - 8
  - - 726
    - 4
  - - 727
    - 1
  - - 728
    - 5
  - - 729
    - 5
  - - 730
    - 2
  - - 731
    - 4
  - - 732
    - 3
  - - 733
    - 5
  - - 734
    - 4
  - - 735
    - 2
  - - 736
    - 3
  - - 737
    - 3
  - - 738
    - 3
  - - 739
    - 7
  - - 740
    - 5
  - - 741
    - 3
  - - 742
    - 4
  - - 743
    - 1
  - - 744
    - 2
  - - 745
    - 4
  - - 746
    - 5
  - - 747
    - 3
  - - 748
    - 3
  - - 749
    - 2
  - - 750
    - 1
  - - 751
    - 2
  - - 752
    - 4
  - - 753
    - 7
  - - 754
    - 4
  - - 755
    - 2
  - - 756
    - 2
  - - 757
    - 1
  - - 758
    - 1
  - - 759
    - 3
  - - 760
    - 3
  - - 761
    - 1
  - - 762
    - 1
  - - 763
    - 1
  - - 764
    - 8
  - - 765
    - 1
  - - 766
    - 5
  - - 767
    - 5
  - - 768
    - 3
  - - 769
    - 5
  - - 770
    - 3
  - - 771
    - 4
  - - 772
    - 1
  - - 773
    - 1
  - - 774
    - 1
  - - 775
    - 3
  - - 776
    - 1
  - - 777
    - 3
  - - 778
    - 4
  - - 779
    - 2
  - - 780
    - 1
  - - 781
    - 2
  - - 783
    - 3
  - - 784
    - 2
  - - 785
    - 2
  - - 786
    - 3
  - - 787
    - 4
  - - 788
    - 1
  - - 790
    - 4
  - - 791
    - 2
  - - 792
    - 2
  - - 793
    - 3
  - - 794
    - 1
  - - 795
    - 3
  - - 797
    - 1
  - - 798
    - 5
  - - 800
    - 2
  - - 801
    - 6
  - - 802
    - 2
  - - 803
    - 3
  - - 805
    - 3
  - - 807
    - 2
  - - 808
    - 1
  - - 809
    - 2
  - - 810
    - 2
  - - 811
    - 2
  - - 813
    - 2
  - - 814
    - 1
  - - 815
    - 4
  - - 816
    - 1
  - - 817
    - 1
  - - 818
    - 2
  - - 819
    - 1
  - - 820
    - 2
  - - 822
    - 1
  - - 823
    - 1
  - - 824
    - 3
  - - 825
    - 3
  - - 826
    - 2
  - - 827
    - 2
  - - 828
    - 4
  - - 829
    - 1
  - - 830
    - 1
  - - 831
    - 2
  - - 834
    - 1
  - - 835
    - 3
  - - 836
    - 1
  - - 837
    - 4
  - - 838
    - 2
  - - 842
    - 3
  - - 843
    - 4
  - - 845
    - 1
  - - 846
    - 3
  - - 847
    - 1
  - - 848
    - 2
  - - 849
    - 1
  - - 850
    - 1
  - - 852
    - 1
  - - 853
    - 1
  - - 854
    - 3
  - - 855
    - 1
  - - 856
    - 1
  - - 858
    - 2
  - - 859
    - 1
  - - 860
    - 1
  - - 862
    - 2
  - - 863
    - 1
  - - 864
    - 2
  - - 865
    - 4
  - - 866
    - 2
  - - 867
    - 1
  - - 868
    - 2
  - - 869
    - 1
  - - 870
    - 1
  - - 873
    - 1
  - - 876
    - 3
  - - 877
    - 4
  - - 878
    - 1
  - - 882
    - 1
  - - 883
    - 2
  - - 885
    - 1
  - - 886
    - 1
  - - 888
    - 1
  - - 893
    - 1
  - - 894
    - 1
  - - 895
    - 3
  - - 897
    - 3
  - - 898
    - 3
  - - 899
    - 2
  - - 900
    - 3
  - - 902
    - 1
  - - 903
    - 4
  - - 906
    - 2
  - - 907
    - 1
  - - 908
    - 1
  - - 909
    - 2
  - - 912
    - 3
  - - 913
    - 1
  - - 916
    - 2
  - - 917
    - 1
  - - 920
    - 1
  - - 921
    - 1
  - - 922
    - 2
  - - 924
    - 1
  - - 925
    - 1
  - - 926
    - 1
  - - 932
    - 1
  - - 934
    - 1
  - - 935
    - 3
  - - 936
    - 1
  - - 938
    - 1
  - - 939
    - 1
  - - 940
    - 1
  - - 944
    - 1
  - - 947
    - 2
  - - 949
    - 1
  - - 953
    - 1
  - - 954
    - 1
  - - 955
    - 1
  - - 956
    - 1
  - - 957
    - 1
  - - 959
    - 1
  - - 960
    - 1
  - - 969
    - 3
  - - 974
    - 2
  - - 977
    - 2
  - - 986
    - 2
  - - 1002
    - 1
  - - 1003
    - 1
  - - 1004
    - 1
  - - 1020
    - 1
  - - 1022
    - 2
  - - 1026
    - 1
  - - 1035
    - 1
  - - 1043
    - 1
  - - 1057
    - 1
  - - 1061
    - 1
  - - 1078
    - 1
  - - 1098
    - 1
  - - 1120
    - 1
  - - 1150
    - 2
  - - 1169
    - 1
  - - 1174
    - 1
  - - 1176
    - 1
  - - 1203
    - 1
  - - 1208
    - 1
  - - 1209
    - 1
  - - 1228
    - 1
  - - 1231
    - 1
  - - 1235
    - 1
  - - 1277
    - 1
  - - 1310
    - 1
  - - 1321
    - 1
  - - 4999
    - 17
  latency_50_percentile: 83.0
  latency_95_percentile: 326.0
  latency_99_5_percentile: 708.6600000000035
  latency_99_percentile: 620.0
  max_kubedns_cpu: 820
  max_kubedns_memory: 31
  max_latency: 1.321385
  max_perfserver_cpu: 0
  max_perfserver_memory: 0
  min_latency: 0.001137
  msg: null
  ok: true
  qps: 897.338209
  queries_completed: 107852
  queries_lost: 17
  queries_sent: 107869
  run_time: 120.191026
  stddev_latency: 0.110812
params:
  max_qps: null
  pod_name: dns-perf-client-858fb7568b-cqvr7
  query_file: all-queries.txt
  run_id: 1777671405
  run_length_seconds: 120
  run_subid: 0
stderr:
- ''
stdout:
- DNS Performance Testing Tool
- Nominum Version 2.1.0.0
- ''
- '[Status] Command line: dnsperf -s 10.0.0.10 -l 120 -d /queries/all-queries.txt'
- '[Status] Sending queries (to 10.0.0.10)'
- '[Status] Started at: Fri May  1 21:37:22 2026'
- '[Status] Stopping after 120.000000 seconds'
- '[Timeout] Query timed out: msg id 6325'
- '[Timeout] Query timed out: msg id 25138'
- '[Timeout] Query timed out: msg id 32932'
- '[Timeout] Query timed out: msg id 34339'
- '[Timeout] Query timed out: msg id 35937'
- '[Timeout] Query timed out: msg id 41863'
- '[Timeout] Query timed out: msg id 47114'
- '[Timeout] Query timed out: msg id 49625'
- '[Timeout] Query timed out: msg id 49790'
- '[Timeout] Query timed out: msg id 51860'
- '[Timeout] Query timed out: msg id 52068'
- '[Timeout] Query timed out: msg id 52093'
- '[Timeout] Query timed out: msg id 54616'
- '[Timeout] Query timed out: msg id 56413'
- '[Timeout] Query timed out: msg id 62694'
- '[Timeout] Query timed out: msg id 12345'
- '[Timeout] Query timed out: msg id 39280'
- '[Status] Testing complete (time limit)'
- ''
- 'Statistics:'
- ''
- '  Queries sent:         107869'
- '  Queries completed:    107852 (99.98%)'
- '  Queries lost:         17 (0.02%)'
- ''
- '  Response codes:       NOERROR 12941 (12.00%), NXDOMAIN 94911 (88.00%)'
- '  Average packet size:  request 38, response 122'
- '  Run time (s):         120.191026'
- '  Queries per second:   897.338209'
- ''
- '  Average Latency (s):  0.110427 (min 0.001137, max 1.321385)'
- '  Latency StdDev (s):   0.110812'
- ''
- '  Latency histogram'
- '#histogram 0 0'
- '#histogram 1 58'
- '#histogram 2 243'
- '#histogram 3 352'
- '#histogram 4 384'
- '#histogram 5 406'
- '#histogram 6 405'
- '#histogram 7 354'
- '#histogram 8 433'
- '#histogram 9 383'
- '#histogram 10 418'
- '#histogram 11 408'
- '#histogram 12 422'
- '#histogram 13 375'
- '#histogram 14 397'
- '#histogram 15 405'
- '#histogram 16 403'
- '#histogram 17 434'
- '#histogram 18 439'
- '#histogram 19 492'
- '#histogram 20 449'
- '#histogram 21 514'
- '#histogram 22 501'
- '#histogram 23 514'
- '#histogram 24 502'
- '#histogram 25 488'
- '#histogram 26 543'
- '#histogram 27 539'
- '#histogram 28 543'
- '#histogram 29 576'
- '#histogram 30 602'
- '#histogram 31 618'
- '#histogram 32 610'
- '#histogram 33 614'
- '#histogram 34 602'
- '#histogram 35 608'
- '#histogram 36 640'
- '#histogram 37 683'
- '#histogram 38 737'
- '#histogram 39 684'
- '#histogram 40 705'
- '#histogram 41 717'
- '#histogram 42 747'
- '#histogram 43 662'
- '#histogram 44 767'
- '#histogram 45 750'
- '#histogram 46 748'
- '#histogram 47 788'
- '#histogram 48 765'
- '#histogram 49 894'
- '#histogram 50 789'
- '#histogram 51 789'
- '#histogram 52 850'
- '#histogram 53 807'
- '#histogram 54 782'
- '#histogram 55 813'
- '#histogram 56 837'
- '#histogram 57 837'
- '#histogram 58 911'
- '#histogram 59 836'
- '#histogram 60 847'
- '#histogram 61 855'
- '#histogram 62 879'
- '#histogram 63 876'
- '#histogram 64 815'
- '#histogram 65 879'
- '#histogram 66 785'
- '#histogram 67 835'
- '#histogram 68 806'
- '#histogram 69 931'
- '#histogram 70 940'
- '#histogram 71 879'
- '#histogram 72 826'
- '#histogram 73 836'
- '#histogram 74 855'
- '#histogram 75 890'
- '#histogram 76 831'
- '#histogram 77 836'
- '#histogram 78 795'
- '#histogram 79 797'
- '#histogram 80 812'
- '#histogram 81 755'
- '#histogram 82 798'
- '#histogram 83 846'
- '#histogram 84 750'
- '#histogram 85 775'
- '#histogram 86 723'
- '#histogram 87 779'
- '#histogram 88 787'
- '#histogram 89 703'
- '#histogram 90 740'
- '#histogram 91 738'
- '#histogram 92 740'
- '#histogram 93 752'
- '#histogram 94 686'
- '#histogram 95 753'
- '#histogram 96 702'
- '#histogram 97 749'
- '#histogram 98 663'
- '#histogram 99 713'
- '#histogram 100 684'
- '#histogram 101 696'
- '#histogram 102 657'
- '#histogram 103 574'
- '#histogram 104 627'
- '#histogram 105 593'
- '#histogram 106 593'
- '#histogram 107 565'
- '#histogram 108 589'
- '#histogram 109 547'
- '#histogram 110 582'
- '#histogram 111 505'
- '#histogram 112 561'
- '#histogram 113 595'
- '#histogram 114 530'
- '#histogram 115 492'
- '#histogram 116 520'
- '#histogram 117 498'
- '#histogram 118 482'
- '#histogram 119 503'
- '#histogram 120 439'
- '#histogram 121 485'
- '#histogram 122 482'
- '#histogram 123 464'
- '#histogram 124 433'
- '#histogram 125 432'
- '#histogram 126 458'
- '#histogram 127 416'
- '#histogram 128 418'
- '#histogram 129 391'
- '#histogram 130 428'
- '#histogram 131 391'
- '#histogram 132 381'
- '#histogram 133 367'
- '#histogram 134 342'
- '#histogram 135 338'
- '#histogram 136 357'
- '#histogram 137 348'
- '#histogram 138 328'
- '#histogram 139 320'
- '#histogram 140 324'
- '#histogram 141 332'
- '#histogram 142 320'
- '#histogram 143 331'
- '#histogram 144 297'
- '#histogram 145 281'
- '#histogram 146 276'
- '#histogram 147 277'
- '#histogram 148 268'
- '#histogram 149 272'
- '#histogram 150 268'
- '#histogram 151 263'
- '#histogram 152 244'
- '#histogram 153 258'
- '#histogram 154 253'
- '#histogram 155 246'
- '#histogram 156 253'
- '#histogram 157 237'
- '#histogram 158 222'
- '#histogram 159 208'
- '#histogram 160 220'
- '#histogram 161 205'
- '#histogram 162 216'
- '#histogram 163 211'
- '#histogram 164 203'
- '#histogram 165 173'
- '#histogram 166 168'
- '#histogram 167 183'
- '#histogram 168 192'
- '#histogram 169 176'
- '#histogram 170 168'
- '#histogram 171 146'
- '#histogram 172 171'
- '#histogram 173 145'
- '#histogram 174 147'
- '#histogram 175 143'
- '#histogram 176 148'
- '#histogram 177 143'
- '#histogram 178 150'
- '#histogram 179 133'
- '#histogram 180 137'
- '#histogram 181 128'
- '#histogram 182 148'
- '#histogram 183 145'
- '#histogram 184 120'
- '#histogram 185 111'
- '#histogram 186 129'
- '#histogram 187 141'
- '#histogram 188 108'
- '#histogram 189 125'
- '#histogram 190 103'
- '#histogram 191 96'
- '#histogram 192 123'
- '#histogram 193 112'
- '#histogram 194 104'
- '#histogram 195 120'
- '#histogram 196 99'
- '#histogram 197 96'
- '#histogram 198 104'
- '#histogram 199 78'
- '#histogram 200 78'
- '#histogram 201 81'
- '#histogram 202 89'
- '#histogram 203 72'
- '#histogram 204 78'
- '#histogram 205 81'
- '#histogram 206 78'
- '#histogram 207 77'
- '#histogram 208 71'
- '#histogram 209 73'
- '#histogram 210 79'
- '#histogram 211 82'
- '#histogram 212 94'
- '#histogram 213 75'
- '#histogram 214 76'
- '#histogram 215 64'
- '#histogram 216 62'
- '#histogram 217 56'
- '#histogram 218 76'
- '#histogram 219 75'
- '#histogram 220 71'
- '#histogram 221 66'
- '#histogram 222 83'
- '#histogram 223 56'
- '#histogram 224 53'
- '#histogram 225 64'
- '#histogram 226 43'
- '#histogram 227 53'
- '#histogram 228 55'
- '#histogram 229 44'
- '#histogram 230 47'
- '#histogram 231 60'
- '#histogram 232 58'
- '#histogram 233 41'
- '#histogram 234 46'
- '#histogram 235 49'
- '#histogram 236 40'
- '#histogram 237 53'
- '#histogram 238 51'
- '#histogram 239 55'
- '#histogram 240 60'
- '#histogram 241 35'
- '#histogram 242 45'
- '#histogram 243 45'
- '#histogram 244 31'
- '#histogram 245 48'
- '#histogram 246 47'
- '#histogram 247 48'
- '#histogram 248 37'
- '#histogram 249 28'
- '#histogram 250 49'
- '#histogram 251 46'
- '#histogram 252 37'
- '#histogram 253 46'
- '#histogram 254 37'
- '#histogram 255 38'
- '#histogram 256 35'
- '#histogram 257 29'
- '#histogram 258 22'
- '#histogram 259 32'
- '#histogram 260 35'
- '#histogram 261 44'
- '#histogram 262 35'
- '#histogram 263 29'
- '#histogram 264 29'
- '#histogram 265 32'
- '#histogram 266 29'
- '#histogram 267 33'
- '#histogram 268 37'
- '#histogram 269 44'
- '#histogram 270 33'
- '#histogram 271 26'
- '#histogram 272 35'
- '#histogram 273 31'
- '#histogram 274 29'
- '#histogram 275 39'
- '#histogram 276 32'
- '#histogram 277 36'
- '#histogram 278 29'
- '#histogram 279 23'
- '#histogram 280 38'
- '#histogram 281 25'
- '#histogram 282 23'
- '#histogram 283 20'
- '#histogram 284 24'
- '#histogram 285 41'
- '#histogram 286 24'
- '#histogram 287 38'
- '#histogram 288 27'
- '#histogram 289 24'
- '#histogram 290 31'
- '#histogram 291 26'
- '#histogram 292 30'
- '#histogram 293 30'
- '#histogram 294 30'
- '#histogram 295 23'
- '#histogram 296 28'
- '#histogram 297 34'
- '#histogram 298 31'
- '#histogram 299 30'
- '#histogram 300 30'
- '#histogram 301 29'
- '#histogram 302 27'
- '#histogram 303 27'
- '#histogram 304 25'
- '#histogram 305 33'
- '#histogram 306 33'
- '#histogram 307 29'
- '#histogram 308 22'
- '#histogram 309 26'
- '#histogram 310 20'
- '#histogram 311 28'
- '#histogram 312 25'
- '#histogram 313 27'
- '#histogram 314 18'
- '#histogram 315 22'
- '#histogram 316 26'
- '#histogram 317 29'
- '#histogram 318 26'
- '#histogram 319 25'
- '#histogram 320 27'
- '#histogram 321 26'
- '#histogram 322 27'
- '#histogram 323 31'
- '#histogram 324 22'
- '#histogram 325 29'
- '#histogram 326 24'
- '#histogram 327 19'
- '#histogram 328 23'
- '#histogram 329 27'
- '#histogram 330 20'
- '#histogram 331 32'
- '#histogram 332 20'
- '#histogram 333 28'
- '#histogram 334 32'
- '#histogram 335 24'
- '#histogram 336 28'
- '#histogram 337 23'
- '#histogram 338 28'
- '#histogram 339 44'
- '#histogram 340 22'
- '#histogram 341 28'
- '#histogram 342 19'
- '#histogram 343 24'
- '#histogram 344 26'
- '#histogram 345 25'
- '#histogram 346 21'
- '#histogram 347 25'
- '#histogram 348 19'
- '#histogram 349 28'
- '#histogram 350 14'
- '#histogram 351 22'
- '#histogram 352 16'
- '#histogram 353 28'
- '#histogram 354 26'
- '#histogram 355 25'
- '#histogram 356 21'
- '#histogram 357 20'
- '#histogram 358 32'
- '#histogram 359 22'
- '#histogram 360 28'
- '#histogram 361 23'
- '#histogram 362 16'
- '#histogram 363 19'
- '#histogram 364 19'
- '#histogram 365 19'
- '#histogram 366 23'
- '#histogram 367 21'
- '#histogram 368 29'
- '#histogram 369 19'
- '#histogram 370 21'
- '#histogram 371 19'
- '#histogram 372 23'
- '#histogram 373 19'
- '#histogram 374 27'
- '#histogram 375 18'
- '#histogram 376 26'
- '#histogram 377 23'
- '#histogram 378 14'
- '#histogram 379 21'
- '#histogram 380 18'
- '#histogram 381 22'
- '#histogram 382 20'
- '#histogram 383 19'
- '#histogram 384 16'
- '#histogram 385 20'
- '#histogram 386 19'
- '#histogram 387 19'
- '#histogram 388 27'
- '#histogram 389 20'
- '#histogram 390 29'
- '#histogram 391 19'
- '#histogram 392 20'
- '#histogram 393 18'
- '#histogram 394 17'
- '#histogram 395 19'
- '#histogram 396 17'
- '#histogram 397 16'
- '#histogram 398 22'
- '#histogram 399 14'
- '#histogram 400 20'
- '#histogram 401 14'
- '#histogram 402 15'
- '#histogram 403 22'
- '#histogram 404 18'
- '#histogram 405 26'
- '#histogram 406 16'
- '#histogram 407 13'
- '#histogram 408 14'
- '#histogram 409 20'
- '#histogram 410 17'
- '#histogram 411 27'
- '#histogram 412 22'
- '#histogram 413 10'
- '#histogram 414 16'
- '#histogram 415 20'
- '#histogram 416 20'
- '#histogram 417 13'
- '#histogram 418 15'
- '#histogram 419 17'
- '#histogram 420 18'
- '#histogram 421 11'
- '#histogram 422 19'
- '#histogram 423 19'
- '#histogram 424 27'
- '#histogram 425 15'
- '#histogram 426 12'
- '#histogram 427 18'
- '#histogram 428 16'
- '#histogram 429 10'
- '#histogram 430 17'
- '#histogram 431 19'
- '#histogram 432 16'
- '#histogram 433 23'
- '#histogram 434 11'
- '#histogram 435 19'
- '#histogram 436 17'
- '#histogram 437 18'
- '#histogram 438 18'
- '#histogram 439 17'
- '#histogram 440 15'
- '#histogram 441 17'
- '#histogram 442 15'
- '#histogram 443 15'
- '#histogram 444 13'
- '#histogram 445 15'
- '#histogram 446 17'
- '#histogram 447 15'
- '#histogram 448 19'
- '#histogram 449 14'
- '#histogram 450 16'
- '#histogram 451 16'
- '#histogram 452 11'
- '#histogram 453 15'
- '#histogram 454 13'
- '#histogram 455 11'
- '#histogram 456 14'
- '#histogram 457 7'
- '#histogram 458 10'
- '#histogram 459 9'
- '#histogram 460 10'
- '#histogram 461 12'
- '#histogram 462 12'
- '#histogram 463 9'
- '#histogram 464 9'
- '#histogram 465 5'
- '#histogram 466 12'
- '#histogram 467 17'
- '#histogram 468 16'
- '#histogram 469 14'
- '#histogram 470 17'
- '#histogram 471 15'
- '#histogram 472 9'
- '#histogram 473 17'
- '#histogram 474 15'
- '#histogram 475 11'
- '#histogram 476 15'
- '#histogram 477 14'
- '#histogram 478 10'
- '#histogram 479 19'
- '#histogram 480 12'
- '#histogram 481 15'
- '#histogram 482 11'
- '#histogram 483 18'
- '#histogram 484 10'
- '#histogram 485 17'
- '#histogram 486 15'
- '#histogram 487 10'
- '#histogram 488 11'
- '#histogram 489 12'
- '#histogram 490 5'
- '#histogram 491 15'
- '#histogram 492 14'
- '#histogram 493 7'
- '#histogram 494 16'
- '#histogram 495 8'
- '#histogram 496 11'
- '#histogram 497 12'
- '#histogram 498 17'
- '#histogram 499 8'
- '#histogram 500 14'
- '#histogram 501 15'
- '#histogram 502 7'
- '#histogram 503 8'
- '#histogram 504 15'
- '#histogram 505 9'
- '#histogram 506 13'
- '#histogram 507 10'
- '#histogram 508 12'
- '#histogram 509 15'
- '#histogram 510 10'
- '#histogram 511 13'
- '#histogram 512 11'
- '#histogram 513 6'
- '#histogram 514 7'
- '#histogram 515 9'
- '#histogram 516 8'
- '#histogram 517 11'
- '#histogram 518 14'
- '#histogram 519 7'
- '#histogram 520 9'
- '#histogram 521 8'
- '#histogram 522 6'
- '#histogram 523 15'
- '#histogram 524 13'
- '#histogram 525 12'
- '#histogram 526 18'
- '#histogram 527 12'
- '#histogram 528 14'
- '#histogram 529 12'
- '#histogram 530 8'
- '#histogram 531 18'
- '#histogram 532 10'
- '#histogram 533 14'
- '#histogram 534 11'
- '#histogram 535 16'
- '#histogram 536 8'
- '#histogram 537 11'
- '#histogram 538 11'
- '#histogram 539 12'
- '#histogram 540 12'
- '#histogram 541 7'
- '#histogram 542 11'
- '#histogram 543 4'
- '#histogram 544 8'
- '#histogram 545 12'
- '#histogram 546 15'
- '#histogram 547 11'
- '#histogram 548 4'
- '#histogram 549 7'
- '#histogram 550 11'
- '#histogram 551 11'
- '#histogram 552 13'
- '#histogram 553 8'
- '#histogram 554 16'
- '#histogram 555 8'
- '#histogram 556 7'
- '#histogram 557 7'
- '#histogram 558 9'
- '#histogram 559 8'
- '#histogram 560 13'
- '#histogram 561 7'
- '#histogram 562 11'
- '#histogram 563 6'
- '#histogram 564 9'
- '#histogram 565 6'
- '#histogram 566 11'
- '#histogram 567 6'
- '#histogram 568 11'
- '#histogram 569 10'
- '#histogram 570 5'
- '#histogram 571 11'
- '#histogram 572 6'
- '#histogram 573 14'
- '#histogram 574 15'
- '#histogram 575 8'
- '#histogram 576 8'
- '#histogram 577 7'
- '#histogram 578 10'
- '#histogram 579 10'
- '#histogram 580 12'
- '#histogram 581 9'
- '#histogram 582 7'
- '#histogram 583 13'
- '#histogram 584 11'
- '#histogram 585 11'
- '#histogram 586 7'
- '#histogram 587 9'
- '#histogram 588 10'
- '#histogram 589 5'
- '#histogram 590 10'
- '#histogram 591 10'
- '#histogram 592 8'
- '#histogram 593 8'
- '#histogram 594 10'
- '#histogram 595 7'
- '#histogram 596 16'
- '#histogram 597 12'
- '#histogram 598 7'
- '#histogram 599 7'
- '#histogram 600 12'
- '#histogram 601 9'
- '#histogram 602 12'
- '#histogram 603 11'
- '#histogram 604 12'
- '#histogram 605 11'
- '#histogram 606 4'
- '#histogram 607 12'
- '#histogram 608 7'
- '#histogram 609 16'
- '#histogram 610 9'
- '#histogram 611 11'
- '#histogram 612 8'
- '#histogram 613 11'
- '#histogram 614 2'
- '#histogram 615 10'
- '#histogram 616 7'
- '#histogram 617 4'
- '#histogram 618 11'
- '#histogram 619 5'
- '#histogram 620 5'
- '#histogram 621 9'
- '#histogram 622 13'
- '#histogram 623 11'
- '#histogram 624 5'
- '#histogram 625 10'
- '#histogram 626 7'
- '#histogram 627 8'
- '#histogram 628 4'
- '#histogram 629 7'
- '#histogram 630 4'
- '#histogram 631 8'
- '#histogram 632 9'
- '#histogram 633 8'
- '#histogram 634 7'
- '#histogram 635 5'
- '#histogram 636 8'
- '#histogram 637 9'
- '#histogram 638 10'
- '#histogram 639 8'
- '#histogram 640 6'
- '#histogram 641 9'
- '#histogram 642 9'
- '#histogram 643 10'
- '#histogram 644 13'
- '#histogram 645 7'
- '#histogram 646 4'
- '#histogram 647 8'
- '#histogram 648 3'
- '#histogram 649 8'
- '#histogram 650 10'
- '#histogram 651 7'
- '#histogram 652 4'
- '#histogram 653 12'
- '#histogram 654 4'
- '#histogram 655 7'
- '#histogram 656 5'
- '#histogram 657 4'
- '#histogram 658 8'
- '#histogram 659 8'
- '#histogram 660 7'
- '#histogram 661 5'
- '#histogram 662 4'
- '#histogram 663 5'
- '#histogram 664 2'
- '#histogram 665 3'
- '#histogram 666 5'
- '#histogram 667 5'
- '#histogram 668 6'
- '#histogram 669 11'
- '#histogram 670 12'
- '#histogram 671 4'
- '#histogram 672 4'
- '#histogram 673 8'
- '#histogram 674 6'
- '#histogram 675 2'
- '#histogram 677 5'
- '#histogram 678 10'
- '#histogram 679 7'
- '#histogram 680 7'
- '#histogram 681 4'
- '#histogram 682 7'
- '#histogram 683 9'
- '#histogram 684 6'
- '#histogram 685 2'
- '#histogram 686 7'
- '#histogram 687 5'
- '#histogram 688 3'
- '#histogram 689 1'
- '#histogram 690 3'
- '#histogram 691 4'
- '#histogram 692 6'
- '#histogram 693 6'
- '#histogram 694 5'
- '#histogram 695 4'
- '#histogram 696 5'
- '#histogram 697 2'
- '#histogram 698 5'
- '#histogram 699 5'
- '#histogram 700 4'
- '#histogram 701 4'
- '#histogram 702 4'
- '#histogram 703 2'
- '#histogram 704 7'
- '#histogram 705 3'
- '#histogram 706 2'
- '#histogram 707 4'
- '#histogram 708 2'
- '#histogram 709 5'
- '#histogram 710 6'
- '#histogram 711 6'
- '#histogram 712 5'
- '#histogram 713 6'
- '#histogram 714 5'
- '#histogram 715 5'
- '#histogram 716 4'
- '#histogram 717 5'
- '#histogram 718 3'
- '#histogram 719 4'
- '#histogram 720 6'
- '#histogram 721 3'
- '#histogram 722 8'
- '#histogram 723 6'
- '#histogram 724 7'
- '#histogram 725 8'
- '#histogram 726 4'
- '#histogram 727 1'
- '#histogram 728 5'
- '#histogram 729 5'
- '#histogram 730 2'
- '#histogram 731 4'
- '#histogram 732 3'
- '#histogram 733 5'
- '#histogram 734 4'
- '#histogram 735 2'
- '#histogram 736 3'
- '#histogram 737 3'
- '#histogram 738 3'
- '#histogram 739 7'
- '#histogram 740 5'
- '#histogram 741 3'
- '#histogram 742 4'
- '#histogram 743 1'
- '#histogram 744 2'
- '#histogram 745 4'
- '#histogram 746 5'
- '#histogram 747 3'
- '#histogram 748 3'
- '#histogram 749 2'
- '#histogram 750 1'
- '#histogram 751 2'
- '#histogram 752 4'
- '#histogram 753 7'
- '#histogram 754 4'
- '#histogram 755 2'
- '#histogram 756 2'
- '#histogram 757 1'
- '#histogram 758 1'
- '#histogram 759 3'
- '#histogram 760 3'
- '#histogram 761 1'
- '#histogram 762 1'
- '#histogram 763 1'
- '#histogram 764 8'
- '#histogram 765 1'
- '#histogram 766 5'
- '#histogram 767 5'
- '#histogram 768 3'
- '#histogram 769 5'
- '#histogram 770 3'
- '#histogram 771 4'
- '#histogram 772 1'
- '#histogram 773 1'
- '#histogram 774 1'
- '#histogram 775 3'
- '#histogram 776 1'
- '#histogram 777 3'
- '#histogram 778 4'
- '#histogram 779 2'
- '#histogram 780 1'
- '#histogram 781 2'
- '#histogram 783 3'
- '#histogram 784 2'
- '#histogram 785 2'
- '#histogram 786 3'
- '#histogram 787 4'
- '#histogram 788 1'
- '#histogram 790 4'
- '#histogram 791 2'
- '#histogram 792 2'
- '#histogram 793 3'
- '#histogram 794 1'
- '#histogram 795 3'
- '#histogram 797 1'
- '#histogram 798 5'
- '#histogram 800 2'
- '#histogram 801 6'
- '#histogram 802 2'
- '#histogram 803 3'
- '#histogram 805 3'
- '#histogram 807 2'
- '#histogram 808 1'
- '#histogram 809 2'
- '#histogram 810 2'
- '#histogram 811 2'
- '#histogram 813 2'
- '#histogram 814 1'
- '#histogram 815 4'
- '#histogram 816 1'
- '#histogram 817 1'
- '#histogram 818 2'
- '#histogram 819 1'
- '#histogram 820 2'
- '#histogram 822 1'
- '#histogram 823 1'
- '#histogram 824 3'
- '#histogram 825 3'
- '#histogram 826 2'
- '#histogram 827 2'
- '#histogram 828 4'
- '#histogram 829 1'
- '#histogram 830 1'
- '#histogram 831 2'
- '#histogram 834 1'
- '#histogram 835 3'
- '#histogram 836 1'
- '#histogram 837 4'
- '#histogram 838 2'
- '#histogram 842 3'
- '#histogram 843 4'
- '#histogram 845 1'
- '#histogram 846 3'
- '#histogram 847 1'
- '#histogram 848 2'
- '#histogram 849 1'
- '#histogram 850 1'
- '#histogram 852 1'
- '#histogram 853 1'
- '#histogram 854 3'
- '#histogram 855 1'
- '#histogram 856 1'
- '#histogram 858 2'
- '#histogram 859 1'
- '#histogram 860 1'
- '#histogram 862 2'
- '#histogram 863 1'
- '#histogram 864 2'
- '#histogram 865 4'
- '#histogram 866 2'
- '#histogram 867 1'
- '#histogram 868 2'
- '#histogram 869 1'
- '#histogram 870 1'
- '#histogram 873 1'
- '#histogram 876 3'
- '#histogram 877 4'
- '#histogram 878 1'
- '#histogram 882 1'
- '#histogram 883 2'
- '#histogram 885 1'
- '#histogram 886 1'
- '#histogram 888 1'
- '#histogram 893 1'
- '#histogram 894 1'
- '#histogram 895 3'
- '#histogram 897 3'
- '#histogram 898 3'
- '#histogram 899 2'
- '#histogram 900 3'
- '#histogram 902 1'
- '#histogram 903 4'
- '#histogram 906 2'
- '#histogram 907 1'
- '#histogram 908 1'
- '#histogram 909 2'
- '#histogram 912 3'
- '#histogram 913 1'
- '#histogram 916 2'
- '#histogram 917 1'
- '#histogram 920 1'
- '#histogram 921 1'
- '#histogram 922 2'
- '#histogram 924 1'
- '#histogram 925 1'
- '#histogram 926 1'
- '#histogram 932 1'
- '#histogram 934 1'
- '#histogram 935 3'
- '#histogram 936 1'
- '#histogram 938 1'
- '#histogram 939 1'
- '#histogram 940 1'
- '#histogram 944 1'
- '#histogram 947 2'
- '#histogram 949 1'
- '#histogram 953 1'
- '#histogram 954 1'
- '#histogram 955 1'
- '#histogram 956 1'
- '#histogram 957 1'
- '#histogram 959 1'
- '#histogram 960 1'
- '#histogram 969 3'
- '#histogram 974 2'
- '#histogram 977 2'
- '#histogram 986 2'
- '#histogram 1002 1'
- '#histogram 1003 1'
- '#histogram 1004 1'
- '#histogram 1020 1'
- '#histogram 1022 2'
- '#histogram 1026 1'
- '#histogram 1035 1'
- '#histogram 1043 1'
- '#histogram 1057 1'
- '#histogram 1061 1'
- '#histogram 1078 1'
- '#histogram 1098 1'
- '#histogram 1120 1'
- '#histogram 1150 2'
- '#histogram 1169 1'
- '#histogram 1174 1'
- '#histogram 1176 1'
- '#histogram 1203 1'
- '#histogram 1208 1'
- '#histogram 1209 1'
- '#histogram 1228 1'
- '#histogram 1231 1'
- '#histogram 1235 1'
- '#histogram 1277 1'
- '#histogram 1310 1'
- '#histogram 1321 1'
- '#histogram 4999 17'
- ''
