code: 0
data:
  avg_latency: 0.110427
  histogram:
  - - 0
    - 10
  - - 1
    - 201
  - - 2
    - 333
  - - 3
    - 390
  - - 4
    - 420
  - - 5
    - 440
  - - 6
    - 375
  - - 7
    - 375
  - - 8
    - 413
  - - 9
    - 430
  - - 10
    - 422
  - - 11
    - 411
  - - 12
    - 442
  - - 13
    - 435
  - - 14
    - 409
  - - 15
    - 425
  - - 16
    - 428
  - - 17
    - 422
  - - 18
    - 440
  - - 19
    - 464
  - - 20
    - 484
  - - 21
    - 461
  - - 22
    - 522
  - - 23
    - 558
  - - 24
    - 495
  - - 25
    - 541
  - - 26
    - 541
  - - 27
    - 534
  - - 28
    - 548
  - - 29
    - 588
  - - 30
    - 594
  - - 31
    - 594
  - - 32
    - 606
  - - 33
    - 559
  - - 34
    - 637
  - - 35
    - 652
  - - 36
    - 626
  - - 37
    - 670
  - - 38
    - 689
  - - 39
    - 728
  - - 40
    - 627
  - - 41
    - 739
  - - 42
    - 704
  - - 43
    - 706
  - - 44
    - 717
  - - 45
    - 743
  - - 46
    - 798
  - - 47
    - 753
  - - 48
    - 736
  - - 49
    - 823
  - - 50
    - 888
  - - 51
    - 806
  - - 52
    - 864
  - - 53
    - 835
  - - 54
    - 818
  - - 55
    - 826
  - - 56
    - 853
  - - 57
    - 889
  - - 58
    - 891
  - - 59
    - 797
  - - 60
    - 851
  - - 61
    - 820
  - - 62
    - 894
  - - 63
    - 825
  - - 64
    - 826
  - - 65
    - 815
  - - 66
    - 910
  - - 67
    - 802
  - - 68
    - 890
  - - 69
    - 888
  - - 70
    - 845
  - - 71
    - 853
  - - 72
    - 771
  - - 73
    - 847
  - - 74
    - 852
  - - 75
    - 806
  - - 76
    - 864
  - - 77
    - 771
  - - 78
    - 841
  - - 79
    - 782
  - - 80
    - 800
  - - 81
    - 798
  - - 82
    - 761
  - - 83
    - 860
  - - 84
    - 732
  - - 85
    - 764
  - - 86
    - 773
  - - 87
    - 775
  - - 88
    - 771
  - - 89
    - 743
  - - 90
    - 724
  - - 91
    - 726
  - - 92
    - 780
  - - 93
    - 724
  - - 94
    - 717
  - - 95
    - 721
  - - 96
    - 668
  - - 97
    - 697
  - - 98
    - 658
  - - 99
    - 687
  - - 100
    - 681
  - - 101
    - 684
  - - 102
    - 654
  - - 103
    - 627
  - - 104
    - 610
  - - 105
    - 667
  - - 106
    - 579
  - - 107
    - 636
  - - 108
    - 591
  - - 109
    - 626
  - - 110
    - 554
  - - 111
    - 557
  - - 112
    - 562
  - - 113
    - 550
  - - 114
    - 519
  - - 115
    - 515
  - - 116
    - 482
  - - 117
    - 487
  - - 118
    - 477
  - - 119
    - 460
  - - 120
    - 455
  - - 121
    - 451
  - - 122
    - 450
  - - 123
    - 456
  - - 124
    - 466
  - - 125
    - 419
  - - 126
    - 433
  - - 127
    - 403
  - - 128
    - 410
  - - 129
    - 439
  - - 130
    - 419
  - - 131
    - 399
  - - 132
    - 391
  - - 133
    - 393
  - - 134
    - 366
  - - 135
    - 384
  - - 136
    - 351
  - - 137
    - 333
  - - 138
    - 354
  - - 139
    - 318
  - - 140
    - 317
  - - 141
    - 336
  - - 142
    - 340
  - - 143
    - 304
  - - 144
    - 313
  - - 145
    - 276
  - - 146
    - 297
  - - 147
    - 290
  - - 148
    - 291
  - - 149
    - 278
  - - 150
    - 289
  - - 151
    - 264
  - - 152
    - 247
  - - 153
    - 202
  - - 154
    - 252
  - - 155
    - 241
  - - 156
    - 250
  - - 157
    - 245
  - - 158
    - 241
  - - 159
    - 211
  - - 160
    - 208
  - - 161
    - 236
  - - 162
    - 216
  - - 163
    - 185
  - - 164
    - 200
  - - 165
    - 170
  - - 166
    - 209
  - - 167
    - 176
  - - 168
    - 192
  - - 169
    - 187
  - - 170
    - 184
  - - 171
    - 180
  - - 172
    - 145
  - - 173
    - 189
  - - 174
    - 172
  - - 175
    - 164
  - - 176
    - 131
  - - 177
    - 161
  - - 178
    - 127
  - - 179
    - 147
  - - 180
    - 163
  - - 181
    - 128
  - - 182
    - 114
  - - 183
    - 130
  - - 184
    - 118
  - - 185
    - 130
  - - 186
    - 115
  - - 187
    - 102
  - - 188
    - 128
  - - 189
    - 109
  - - 190
    - 111
  - - 191
    - 122
  - - 192
    - 98
  - - 193
    - 106
  - - 194
    - 91
  - - 195
    - 111
  - - 196
    - 86
  - - 197
    - 108
  - - 198
    - 93
  - - 199
    - 78
  - - 200
    - 76
  - - 201
    - 93
  - - 202
    - 93
  - - 203
    - 63
  - - 204
    - 86
  - - 205
    - 83
  - - 206
    - 88
  - - 207
    - 91
  - - 208
    - 86
  - - 209
    - 77
  - - 210
    - 84
  - - 211
    - 87
  - - 212
    - 100
  - - 213
    - 71
  - - 214
    - 62
  - - 215
    - 64
  - - 216
    - 68
  - - 217
    - 75
  - - 218
    - 67
  - - 219
    - 67
  - - 220
    - 50
  - - 221
    - 60
  - - 222
    - 64
  - - 223
    - 63
  - - 224
    - 57
  - - 225
    - 63
  - - 226
    - 56
  - - 227
    - 51
  - - 228
    - 56
  - - 229
    - 54
  - - 230
    - 70
  - - 231
    - 64
  - - 232
    - 50
  - - 233
    - 56
  - - 234
    - 48
  - - 235
    - 50
  - - 236
    - 36
  - - 237
    - 51
  - - 238
    - 42
  - - 239
    - 52
  - - 240
    - 59
  - - 241
    - 46
  - - 242
    - 55
  - - 243
    - 35
  - - 244
    - 48
  - - 245
    - 33
  - - 246
    - 48
  - - 247
    - 29
  - - 248
    - 38
  - - 249
    - 37
  - - 250
    - 60
  - - 251
    - 36
  - - 252
    - 51
  - - 253
    - 33
  - - 254
    - 35
  - - 255
    - 36
  - - 256
    - 33
  - - 257
    - 36
  - - 258
    - 38
  - - 259
    - 33
  - - 260
    - 32
  - - 261
    - 34
  - - 262
    - 35
  - - 263
    - 33
  - - 264
    - 34
  - - 265
    - 37
  - - 266
    - 28
  - - 267
    - 40
  - - 268
    - 36
  - - 269
    - 42
  - - 270
    - 34
  - - 271
    - 38
  - - 272
    - 40
  - - 273
    - 33
  - - 274
    - 29
  - - 275
    - 24
  - - 276
    - 24
  - - 277
    - 27
  - - 278
    - 43
  - - 279
    - 26
  - - 280
    - 33
  - - 281
    - 36
  - - 282
    - 39
  - - 283
    - 39
  - - 284
    - 27
  - - 285
    - 33
  - - 286
    - 34
  - - 287
    - 32
  - - 288
    - 33
  - - 289
    - 19
  - - 290
    - 20
  - - 291
    - 27
  - - 292
    - 35
  - - 293
    - 32
  - - 294
    - 18
  - - 295
    - 32
  - - 296
    - 31
  - - 297
    - 25
  - - 298
    - 40
  - - 299
    - 26
  - - 300
    - 23
  - - 301
    - 28
  - - 302
    - 31
  - - 303
    - 30
  - - 304
    - 26
  - - 305
    - 33
  - - 306
    - 29
  - - 307
    - 20
  - - 308
    - 26
  - - 309
    - 19
  - - 310
    - 27
  - - 311
    - 30
  - - 312
    - 25
  - - 313
    - 16
  - - 314
    - 33
  - - 315
    - 23
  - - 316
    - 20
  - - 317
    - 23
  - - 318
    - 34
  - - 319
    - 35
  - - 320
    - 21
  - - 321
    - 23
  - - 322
    - 26
  - - 323
    - 25
  - - 324
    - 28
  - - 325
    - 26
  - - 326
    - 28
  - - 327
    - 26
  - - 328
    - 24
  - - 329
    - 28
  - - 330
    - 26
  - - 331
    - 25
  - - 332
    - 20
  - - 333
    - 25
  - - 334
    - 28
  - - 335
    - 26
  - - 336
    - 19
  - - 337
    - 29
  - - 338
    - 37
  - - 339
    - 37
  - - 340
    - 23
  - - 341
    - 22
  - - 342
    - 33
  - - 343
    - 28
  - - 344
    - 20
  - - 345
    - 28
  - - 346
    - 25
  - - 347
    - 21
  - - 348
    - 20
  - - 349
    - 26
  - - 350
    - 18
  - - 351
    - 21
  - - 352
    - 18
  - - 353
    - 28
  - - 354
    - 21
  - - 355
    - 23
  - - 356
    - 27
  - - 357
    - 28
  - - 358
    - 20
  - - 359
    - 20
  - - 360
    - 26
  - - 361
    - 16
  - - 362
    - 25
  - - 363
    - 14
  - - 364
    - 20
  - - 365
    - 19
  - - 366
    - 24
  - - 367
    - 15
  - - 368
    - 24
  - - 369
    - 18
  - - 370
    - 16
  - - 371
    - 24
  - - 372
    - 13
  - - 373
    - 16
  - - 374
    - 15
  - - 375
    - 24
  - - 376
    - 25
  - - 377
    - 19
  - - 378
    - 24
  - - 379
    - 26
  - - 380
    - 18
  - - 381
    - 22
  - - 382
    - 14
  - - 383
    - 22
  - - 384
    - 12
  - - 385
    - 21
  - - 386
    - 20
  - - 387
    - 19
  - - 388
    - 22
  - - 389
    - 24
  - - 390
    - 22
  - - 391
    - 9
  - - 392
    - 20
  - - 393
    - 25
  - - 394
    - 15
  - - 395
    - 17
  - - 396
    - 23
  - - 397
    - 23
  - - 398
    - 21
  - - 399
    - 20
  - - 400
    - 28
  - - 401
    - 18
  - - 402
    - 13
  - - 403
    - 16
  - - 404
    - 19
  - - 405
    - 22
  - - 406
    - 16
  - - 407
    - 17
  - - 408
    - 19
  - - 409
    - 12
  - - 410
    - 13
  - - 411
    - 18
  - - 412
    - 20
  - - 413
    - 15
  - - 414
    - 12
  - - 415
    - 15
  - - 416
    - 30
  - - 417
    - 18
  - - 418
    - 20
  - - 419
    - 15
  - - 420
    - 19
  - - 421
    - 19
  - - 422
    - 15
  - - 423
    - 14
  - - 424
    - 13
  - - 425
    - 18
  - - 426
    - 17
  - - 427
    - 13
  - - 428
    - 22
  - - 429
    - 11
  - - 430
    - 21
  - - 431
    - 11
  - - 432
    - 17
  - - 433
    - 15
  - - 434
    - 11
  - - 435
    - 13
  - - 436
    - 18
  - - 437
    - 17
  - - 438
    - 16
  - - 439
    - 22
  - - 440
    - 17
  - - 441
    - 11
  - - 442
    - 20
  - - 443
    - 12
  - - 444
    - 16
  - - 445
    - 15
  - - 446
    - 14
  - - 447
    - 13
  - - 448
    - 12
  - - 449
    - 12
  - - 450
    - 19
  - - 451
    - 14
  - - 452
    - 16
  - - 453
    - 12
  - - 454
    - 20
  - - 455
    - 18
  - - 456
    - 12
  - - 457
    - 17
  - - 458
    - 16
  - - 459
    - 13
  - - 460
    - 16
  - - 461
    - 18
  - - 462
    - 13
  - - 463
    - 15
  - - 464
    - 16
  - - 465
    - 17
  - - 466
    - 14
  - - 467
    - 14
  - - 468
    - 12
  - - 469
    - 23
  - - 470
    - 17
  - - 471
    - 14
  - - 472
    - 18
  - - 473
    - 12
  - - 474
    - 11
  - - 475
    - 22
  - - 476
    - 12
  - - 477
    - 16
  - - 478
    - 14
  - - 479
    - 12
  - - 480
    - 8
  - - 481
    - 10
  - - 482
    - 13
  - - 483
    - 23
  - - 484
    - 14
  - - 485
    - 14
  - - 486
    - 14
  - - 487
    - 13
  - - 488
    - 11
  - - 489
    - 14
  - - 490
    - 11
  - - 491
    - 17
  - - 492
    - 9
  - - 493
    - 7
  - - 494
    - 18
  - - 495
    - 6
  - - 496
    - 13
  - - 497
    - 16
  - - 498
    - 10
  - - 499
    - 9
  - - 500
    - 15
  - - 501
    - 11
  - - 502
    - 10
  - - 503
    - 11
  - - 504
    - 15
  - - 505
    - 16
  - - 506
    - 16
  - - 507
    - 9
  - - 508
    - 9
  - - 509
    - 19
  - - 510
    - 11
  - - 511
    - 10
  - - 512
    - 12
  - - 513
    - 8
  - - 514
    - 7
  - - 515
    - 13
  - - 516
    - 6
  - - 517
    - 13
  - - 518
    - 14
  - - 519
    - 9
  - - 520
    - 15
  - - 521
    - 11
  - - 522
    - 11
  - - 523
    - 10
  - - 524
    - 16
  - - 525
    - 17
  - - 526
    - 19
  - - 527
    - 6
  - - 528
    - 3
  - - 529
    - 12
  - - 530
    - 13
  - - 531
    - 13
  - - 532
    - 11
  - - 533
    - 13
  - - 534
    - 8
  - - 535
    - 12
  - - 536
    - 9
  - - 537
    - 12
  - - 538
    - 7
  - - 539
    - 12
  - - 540
    - 10
  - - 541
    - 11
  - - 542
    - 7
  - - 543
    - 14
  - - 544
    - 17
  - - 545
    - 11
  - - 546
    - 10
  - - 547
    - 13
  - - 548
    - 10
  - - 549
    - 12
  - - 550
    - 8
  - - 551
    - 6
  - - 552
    - 4
  - - 553
    - 7
  - - 554
    - 7
  - - 555
    - 9
  - - 556
    - 10
  - - 557
    - 12
  - - 558
    - 11
  - - 559
    - 7
  - - 560
    - 7
  - - 561
    - 11
  - - 562
    - 9
  - - 563
    - 11
  - - 564
    - 6
  - - 565
    - 11
  - - 566
    - 13
  - - 567
    - 11
  - - 568
    - 11
  - - 569
    - 9
  - - 570
    - 4
  - - 571
    - 7
  - - 572
    - 7
  - - 573
    - 6
  - - 574
    - 7
  - - 575
    - 4
  - - 576
    - 9
  - - 577
    - 7
  - - 578
    - 11
  - - 579
    - 7
  - - 580
    - 7
  - - 581
    - 15
  - - 582
    - 8
  - - 583
    - 11
  - - 584
    - 9
  - - 585
    - 5
  - - 586
    - 11
  - - 587
    - 8
  - - 588
    - 12
  - - 589
    - 6
  - - 590
    - 11
  - - 591
    - 7
  - - 592
    - 9
  - - 593
    - 8
  - - 594
    - 2
  - - 595
    - 7
  - - 596
    - 11
  - - 597
    - 8
  - - 598
    - 8
  - - 599
    - 9
  - - 600
    - 9
  - - 601
    - 11
  - - 602
    - 18
  - - 603
    - 11
  - - 604
    - 5
  - - 605
    - 7
  - - 606
    - 11
  - - 607
    - 15
  - - 608
    - 11
  - - 609
    - 5
  - - 610
    - 6
  - - 611
    - 7
  - - 612
    - 10
  - - 613
    - 12
  - - 614
    - 9
  - - 615
    - 9
  - - 616
    - 8
  - - 617
    - 9
  - - 618
    - 11
  - - 619
    - 10
  - - 620
    - 12
  - - 621
    - 6
  - - 622
    - 10
  - - 623
    - 7
  - - 624
    - 11
  - - 625
    - 10
  - - 626
    - 10
  - - 627
    - 13
  - - 628
    - 7
  - - 629
    - 8
  - - 630
    - 13
  - - 631
    - 9
  - - 632
    - 4
  - - 633
    - 9
  - - 634
    - 9
  - - 635
    - 11
  - - 636
    - 8
  - - 637
    - 7
  - - 638
    - 8
  - - 639
    - 7
  - - 640
    - 10
  - - 641
    - 9
  - - 642
    - 5
  - - 643
    - 11
  - - 644
    - 3
  - - 645
    - 6
  - - 646
    - 10
  - - 647
    - 16
  - - 648
    - 3
  - - 649
    - 6
  - - 650
    - 6
  - - 651
    - 6
  - - 652
    - 2
  - - 653
    - 8
  - - 654
    - 4
  - - 655
    - 10
  - - 656
    - 5
  - - 657
    - 4
  - - 658
    - 12
  - - 659
    - 5
  - - 660
    - 6
  - - 661
    - 3
  - - 662
    - 8
  - - 663
    - 5
  - - 664
    - 2
  - - 665
    - 3
  - - 666
    - 9
  - - 667
    - 5
  - - 668
    - 3
  - - 669
    - 4
  - - 670
    - 13
  - - 671
    - 3
  - - 672
    - 5
  - - 673
    - 7
  - - 674
    - 3
  - - 675
    - 2
  - - 676
    - 5
  - - 677
    - 6
  - - 678
    - 9
  - - 679
    - 5
  - - 680
    - 5
  - - 681
    - 2
  - - 682
    - 3
  - - 683
    - 7
  - - 684
    - 3
  - - 685
    - 2
  - - 686
    - 3
  - - 687
    - 4
  - - 688
    - 4
  - - 689
    - 3
  - - 690
    - 5
  - - 691
    - 10
  - - 692
    - 3
  - - 693
    - 6
  - - 694
    - 7
  - - 695
    - 5
  - - 696
    - 7
  - - 697
    - 8
  - - 698
    - 6
  - - 699
    - 2
  - - 700
    - 2
  - - 701
    - 1
  - - 702
    - 5
  - - 703
    - 3
  - - 704
    - 6
  - - 705
    - 5
  - - 706
    - 5
  - - 707
    - 2
  - - 709
    - 7
  - - 710
    - 4
  - - 711
    - 4
  - - 712
    - 2
  - - 713
    - 4
  - - 714
    - 6
  - - 715
    - 4
  - - 716
    - 2
  - - 717
    - 5
  - - 718
    - 1
  - - 719
    - 4
  - - 720
    - 6
  - - 721
    - 2
  - - 722
    - 4
  - - 723
    - 1
  - - 724
    - 5
  - - 725
    - 8
  - - 726
    - 2
  - - 727
    - 2
  - - 728
    - 5
  - - 729
    - 1
  - - 730
    - 4
  - - 731
    - 6
  - - 732
    - 4
  - - 734
    - 3
  - - 735
    - 3
  - - 736
    - 3
  - - 737
    - 2
  - - 738
    - 2
  - - 739
    - 3
  - - 740
    - 4
  - - 741
    - 7
  - - 742
    - 7
  - - 743
    - 5
  - - 744
    - 2
  - - 745
    - 3
  - - 746
    - 5
  - - 747
    - 2
  - - 748
    - 2
  - - 749
    - 6
  - - 750
    - 4
  - - 751
    - 1
  - - 752
    - 4
  - - 753
    - 1
  - - 754
    - 1
  - - 755
    - 4
  - - 756
    - 3
  - - 757
    - 3
  - - 758
    - 3
  - - 759
    - 5
  - - 760
    - 3
  - - 761
    - 7
  - - 762
    - 6
  - - 763
    - 1
  - - 764
    - 5
  - - 765
    - 3
  - - 766
    - 2
  - - 767
    - 1
  - - 769
    - 3
  - - 770
    - 5
  - - 771
    - 5
  - - 772
    - 2
  - - 773
    - 3
  - - 774
    - 1
  - - 775
    - 1
  - - 776
    - 4
  - - 777
    - 3
  - - 778
    - 1
  - - 779
    - 1
  - - 780
    - 4
  - - 781
    - 1
  - - 782
    - 4
  - - 784
    - 3
  - - 785
    - 2
  - - 786
    - 4
  - - 788
    - 1
  - - 789
    - 2
  - - 790
    - 5
  - - 791
    - 3
  - - 793
    - 2
  - - 794
    - 5
  - - 795
    - 1
  - - 796
    - 3
  - - 797
    - 3
  - - 798
    - 1
  - - 799
    - 2
  - - 800
    - 1
  - - 801
    - 2
  - - 802
    - 3
  - - 803
    - 2
  - - 806
    - 2
  - - 807
    - 4
  - - 808
    - 4
  - - 809
    - 4
  - - 810
    - 2
  - - 812
    - 1
  - - 813
    - 4
  - - 814
    - 4
  - - 815
    - 3
  - - 816
    - 3
  - - 817
    - 4
  - - 818
    - 1
  - - 819
    - 1
  - - 820
    - 2
  - - 823
    - 2
  - - 824
    - 2
  - - 826
    - 1
  - - 827
    - 2
  - - 828
    - 1
  - - 829
    - 3
  - - 830
    - 2
  - - 831
    - 1
  - - 834
    - 1
  - - 835
    - 1
  - - 836
    - 1
  - - 837
    - 3
  - - 838
    - 2
  - - 839
    - 2
  - - 840
    - 1
  - - 842
    - 1
  - - 843
    - 2
  - - 844
    - 1
  - - 845
    - 1
  - - 846
    - 1
  - - 847
    - 2
  - - 848
    - 5
  - - 849
    - 1
  - - 850
    - 2
  - - 851
    - 3
  - - 852
    - 3
  - - 854
    - 1
  - - 855
    - 2
  - - 856
    - 1
  - - 857
    - 3
  - - 858
    - 2
  - - 859
    - 3
  - - 862
    - 2
  - - 866
    - 2
  - - 867
    - 3
  - - 868
    - 3
  - - 869
    - 1
  - - 871
    - 2
  - - 872
    - 2
  - - 873
    - 3
  - - 874
    - 1
  - - 877
    - 3
  - - 878
    - 2
  - - 879
    - 1
  - - 882
    - 3
  - - 885
    - 1
  - - 886
    - 3
  - - 887
    - 1
  - - 888
    - 1
  - - 889
    - 2
  - - 890
    - 2
  - - 893
    - 2
  - - 895
    - 1
  - - 896
    - 1
  - - 897
    - 2
  - - 899
    - 1
  - - 900
    - 1
  - - 901
    - 2
  - - 902
    - 2
  - - 904
    - 3
  - - 906
    - 1
  - - 907
    - 1
  - - 908
    - 1
  - - 911
    - 1
  - - 915
    - 1
  - - 916
    - 1
  - - 917
    - 5
  - - 919
    - 1
  - - 923
    - 1
  - - 926
    - 2
  - - 927
    - 2
  - - 934
    - 1
  - - 936
    - 2
  - - 939
    - 1
  - - 940
    - 2
  - - 942
    - 2
  - - 944
    - 1
  - - 945
    - 2
  - - 946
    - 1
  - - 947
    - 1
  - - 950
    - 1
  - - 951
    - 1
  - - 954
    - 2
  - - 956
    - 1
  - - 957
    - 1
  - - 966
    - 1
  - - 972
    - 2
  - - 974
    - 1
  - - 978
    - 1
  - - 979
    - 1
  - - 980
    - 1
  - - 981
    - 1
  - - 984
    - 1
  - - 988
    - 1
  - - 990
    - 1
  - - 992
    - 2
  - - 998
    - 2
  - - 1004
    - 1
  - - 1018
    - 1
  - - 1021
    - 1
  - - 1022
    - 3
  - - 1023
    - 1
  - - 1030
    - 1
  - - 1037
    - 1
  - - 1053
    - 1
  - - 1063
    - 1
  - - 1066
    - 1
  - - 1094
    - 1
  - - 1111
    - 1
  - - 1112
    - 1
  - - 1121
    - 1
  - - 1123
    - 1
  - - 1154
    - 1
  - - 1155
    - 1
  - - 1163
    - 1
  - - 1171
    - 1
  - - 1176
    - 1
  - - 1191
    - 1
  - - 1194
    - 1
  - - 1204
    - 1
  - - 1207
    - 1
  - - 1231
    - 1
  - - 1234
    - 1
  - - 1322
    - 1
  - - 1380
    - 1
  - - 1389
    - 1
  latency_50_percentile: 83.0
  latency_95_percentile: 326.0
  latency_99_5_percentile: 703.1849999999977
  latency_99_percentile: 618.0
  max_kubedns_cpu: 820
  max_kubedns_memory: 31
  max_latency: 1.389203
  max_perfserver_cpu: 0
  max_perfserver_memory: 0
  min_latency: 0.000721
  msg: null
  ok: true
  qps: 904.011437
  queries_completed: 108564
  queries_lost: 0
  queries_sent: 108564
  run_time: 120.091401
  stddev_latency: 0.111343
params:
  max_qps: null
  pod_name: dns-perf-client-858fb7568b-p9w6m
  query_file: all-queries.txt
  run_id: 1777671405
  run_length_seconds: 120
  run_subid: 0
stderr:
- ''
stdout:
- DNS Performance Testing Tool
- Nominum Version 2.1.0.0
- ''
- '[Status] Command line: dnsperf -s 10.0.0.10 -l 120 -d /queries/all-queries.txt'
- '[Status] Sending queries (to 10.0.0.10)'
- '[Status] Started at: Fri May  1 21:37:22 2026'
- '[Status] Stopping after 120.000000 seconds'
- '[Status] Testing complete (time limit)'
- ''
- 'Statistics:'
- ''
- '  Queries sent:         108564'
- '  Queries completed:    108564 (100.00%)'
- '  Queries lost:         0 (0.00%)'
- ''
- '  Response codes:       NOERROR 13026 (12.00%), NXDOMAIN 95538 (88.00%)'
- '  Average packet size:  request 39, response 122'
- '  Run time (s):         120.091401'
- '  Queries per second:   904.011437'
- ''
- '  Average Latency (s):  0.110427 (min 0.000721, max 1.389203)'
- '  Latency StdDev (s):   0.111343'
- ''
- '  Latency histogram'
- '#histogram 0 10'
- '#histogram 1 201'
- '#histogram 2 333'
- '#histogram 3 390'
- '#histogram 4 420'
- '#histogram 5 440'
- '#histogram 6 375'
- '#histogram 7 375'
- '#histogram 8 413'
- '#histogram 9 430'
- '#histogram 10 422'
- '#histogram 11 411'
- '#histogram 12 442'
- '#histogram 13 435'
- '#histogram 14 409'
- '#histogram 15 425'
- '#histogram 16 428'
- '#histogram 17 422'
- '#histogram 18 440'
- '#histogram 19 464'
- '#histogram 20 484'
- '#histogram 21 461'
- '#histogram 22 522'
- '#histogram 23 558'
- '#histogram 24 495'
- '#histogram 25 541'
- '#histogram 26 541'
- '#histogram 27 534'
- '#histogram 28 548'
- '#histogram 29 588'
- '#histogram 30 594'
- '#histogram 31 594'
- '#histogram 32 606'
- '#histogram 33 559'
- '#histogram 34 637'
- '#histogram 35 652'
- '#histogram 36 626'
- '#histogram 37 670'
- '#histogram 38 689'
- '#histogram 39 728'
- '#histogram 40 627'
- '#histogram 41 739'
- '#histogram 42 704'
- '#histogram 43 706'
- '#histogram 44 717'
- '#histogram 45 743'
- '#histogram 46 798'
- '#histogram 47 753'
- '#histogram 48 736'
- '#histogram 49 823'
- '#histogram 50 888'
- '#histogram 51 806'
- '#histogram 52 864'
- '#histogram 53 835'
- '#histogram 54 818'
- '#histogram 55 826'
- '#histogram 56 853'
- '#histogram 57 889'
- '#histogram 58 891'
- '#histogram 59 797'
- '#histogram 60 851'
- '#histogram 61 820'
- '#histogram 62 894'
- '#histogram 63 825'
- '#histogram 64 826'
- '#histogram 65 815'
- '#histogram 66 910'
- '#histogram 67 802'
- '#histogram 68 890'
- '#histogram 69 888'
- '#histogram 70 845'
- '#histogram 71 853'
- '#histogram 72 771'
- '#histogram 73 847'
- '#histogram 74 852'
- '#histogram 75 806'
- '#histogram 76 864'
- '#histogram 77 771'
- '#histogram 78 841'
- '#histogram 79 782'
- '#histogram 80 800'
- '#histogram 81 798'
- '#histogram 82 761'
- '#histogram 83 860'
- '#histogram 84 732'
- '#histogram 85 764'
- '#histogram 86 773'
- '#histogram 87 775'
- '#histogram 88 771'
- '#histogram 89 743'
- '#histogram 90 724'
- '#histogram 91 726'
- '#histogram 92 780'
- '#histogram 93 724'
- '#histogram 94 717'
- '#histogram 95 721'
- '#histogram 96 668'
- '#histogram 97 697'
- '#histogram 98 658'
- '#histogram 99 687'
- '#histogram 100 681'
- '#histogram 101 684'
- '#histogram 102 654'
- '#histogram 103 627'
- '#histogram 104 610'
- '#histogram 105 667'
- '#histogram 106 579'
- '#histogram 107 636'
- '#histogram 108 591'
- '#histogram 109 626'
- '#histogram 110 554'
- '#histogram 111 557'
- '#histogram 112 562'
- '#histogram 113 550'
- '#histogram 114 519'
- '#histogram 115 515'
- '#histogram 116 482'
- '#histogram 117 487'
- '#histogram 118 477'
- '#histogram 119 460'
- '#histogram 120 455'
- '#histogram 121 451'
- '#histogram 122 450'
- '#histogram 123 456'
- '#histogram 124 466'
- '#histogram 125 419'
- '#histogram 126 433'
- '#histogram 127 403'
- '#histogram 128 410'
- '#histogram 129 439'
- '#histogram 130 419'
- '#histogram 131 399'
- '#histogram 132 391'
- '#histogram 133 393'
- '#histogram 134 366'
- '#histogram 135 384'
- '#histogram 136 351'
- '#histogram 137 333'
- '#histogram 138 354'
- '#histogram 139 318'
- '#histogram 140 317'
- '#histogram 141 336'
- '#histogram 142 340'
- '#histogram 143 304'
- '#histogram 144 313'
- '#histogram 145 276'
- '#histogram 146 297'
- '#histogram 147 290'
- '#histogram 148 291'
- '#histogram 149 278'
- '#histogram 150 289'
- '#histogram 151 264'
- '#histogram 152 247'
- '#histogram 153 202'
- '#histogram 154 252'
- '#histogram 155 241'
- '#histogram 156 250'
- '#histogram 157 245'
- '#histogram 158 241'
- '#histogram 159 211'
- '#histogram 160 208'
- '#histogram 161 236'
- '#histogram 162 216'
- '#histogram 163 185'
- '#histogram 164 200'
- '#histogram 165 170'
- '#histogram 166 209'
- '#histogram 167 176'
- '#histogram 168 192'
- '#histogram 169 187'
- '#histogram 170 184'
- '#histogram 171 180'
- '#histogram 172 145'
- '#histogram 173 189'
- '#histogram 174 172'
- '#histogram 175 164'
- '#histogram 176 131'
- '#histogram 177 161'
- '#histogram 178 127'
- '#histogram 179 147'
- '#histogram 180 163'
- '#histogram 181 128'
- '#histogram 182 114'
- '#histogram 183 130'
- '#histogram 184 118'
- '#histogram 185 130'
- '#histogram 186 115'
- '#histogram 187 102'
- '#histogram 188 128'
- '#histogram 189 109'
- '#histogram 190 111'
- '#histogram 191 122'
- '#histogram 192 98'
- '#histogram 193 106'
- '#histogram 194 91'
- '#histogram 195 111'
- '#histogram 196 86'
- '#histogram 197 108'
- '#histogram 198 93'
- '#histogram 199 78'
- '#histogram 200 76'
- '#histogram 201 93'
- '#histogram 202 93'
- '#histogram 203 63'
- '#histogram 204 86'
- '#histogram 205 83'
- '#histogram 206 88'
- '#histogram 207 91'
- '#histogram 208 86'
- '#histogram 209 77'
- '#histogram 210 84'
- '#histogram 211 87'
- '#histogram 212 100'
- '#histogram 213 71'
- '#histogram 214 62'
- '#histogram 215 64'
- '#histogram 216 68'
- '#histogram 217 75'
- '#histogram 218 67'
- '#histogram 219 67'
- '#histogram 220 50'
- '#histogram 221 60'
- '#histogram 222 64'
- '#histogram 223 63'
- '#histogram 224 57'
- '#histogram 225 63'
- '#histogram 226 56'
- '#histogram 227 51'
- '#histogram 228 56'
- '#histogram 229 54'
- '#histogram 230 70'
- '#histogram 231 64'
- '#histogram 232 50'
- '#histogram 233 56'
- '#histogram 234 48'
- '#histogram 235 50'
- '#histogram 236 36'
- '#histogram 237 51'
- '#histogram 238 42'
- '#histogram 239 52'
- '#histogram 240 59'
- '#histogram 241 46'
- '#histogram 242 55'
- '#histogram 243 35'
- '#histogram 244 48'
- '#histogram 245 33'
- '#histogram 246 48'
- '#histogram 247 29'
- '#histogram 248 38'
- '#histogram 249 37'
- '#histogram 250 60'
- '#histogram 251 36'
- '#histogram 252 51'
- '#histogram 253 33'
- '#histogram 254 35'
- '#histogram 255 36'
- '#histogram 256 33'
- '#histogram 257 36'
- '#histogram 258 38'
- '#histogram 259 33'
- '#histogram 260 32'
- '#histogram 261 34'
- '#histogram 262 35'
- '#histogram 263 33'
- '#histogram 264 34'
- '#histogram 265 37'
- '#histogram 266 28'
- '#histogram 267 40'
- '#histogram 268 36'
- '#histogram 269 42'
- '#histogram 270 34'
- '#histogram 271 38'
- '#histogram 272 40'
- '#histogram 273 33'
- '#histogram 274 29'
- '#histogram 275 24'
- '#histogram 276 24'
- '#histogram 277 27'
- '#histogram 278 43'
- '#histogram 279 26'
- '#histogram 280 33'
- '#histogram 281 36'
- '#histogram 282 39'
- '#histogram 283 39'
- '#histogram 284 27'
- '#histogram 285 33'
- '#histogram 286 34'
- '#histogram 287 32'
- '#histogram 288 33'
- '#histogram 289 19'
- '#histogram 290 20'
- '#histogram 291 27'
- '#histogram 292 35'
- '#histogram 293 32'
- '#histogram 294 18'
- '#histogram 295 32'
- '#histogram 296 31'
- '#histogram 297 25'
- '#histogram 298 40'
- '#histogram 299 26'
- '#histogram 300 23'
- '#histogram 301 28'
- '#histogram 302 31'
- '#histogram 303 30'
- '#histogram 304 26'
- '#histogram 305 33'
- '#histogram 306 29'
- '#histogram 307 20'
- '#histogram 308 26'
- '#histogram 309 19'
- '#histogram 310 27'
- '#histogram 311 30'
- '#histogram 312 25'
- '#histogram 313 16'
- '#histogram 314 33'
- '#histogram 315 23'
- '#histogram 316 20'
- '#histogram 317 23'
- '#histogram 318 34'
- '#histogram 319 35'
- '#histogram 320 21'
- '#histogram 321 23'
- '#histogram 322 26'
- '#histogram 323 25'
- '#histogram 324 28'
- '#histogram 325 26'
- '#histogram 326 28'
- '#histogram 327 26'
- '#histogram 328 24'
- '#histogram 329 28'
- '#histogram 330 26'
- '#histogram 331 25'
- '#histogram 332 20'
- '#histogram 333 25'
- '#histogram 334 28'
- '#histogram 335 26'
- '#histogram 336 19'
- '#histogram 337 29'
- '#histogram 338 37'
- '#histogram 339 37'
- '#histogram 340 23'
- '#histogram 341 22'
- '#histogram 342 33'
- '#histogram 343 28'
- '#histogram 344 20'
- '#histogram 345 28'
- '#histogram 346 25'
- '#histogram 347 21'
- '#histogram 348 20'
- '#histogram 349 26'
- '#histogram 350 18'
- '#histogram 351 21'
- '#histogram 352 18'
- '#histogram 353 28'
- '#histogram 354 21'
- '#histogram 355 23'
- '#histogram 356 27'
- '#histogram 357 28'
- '#histogram 358 20'
- '#histogram 359 20'
- '#histogram 360 26'
- '#histogram 361 16'
- '#histogram 362 25'
- '#histogram 363 14'
- '#histogram 364 20'
- '#histogram 365 19'
- '#histogram 366 24'
- '#histogram 367 15'
- '#histogram 368 24'
- '#histogram 369 18'
- '#histogram 370 16'
- '#histogram 371 24'
- '#histogram 372 13'
- '#histogram 373 16'
- '#histogram 374 15'
- '#histogram 375 24'
- '#histogram 376 25'
- '#histogram 377 19'
- '#histogram 378 24'
- '#histogram 379 26'
- '#histogram 380 18'
- '#histogram 381 22'
- '#histogram 382 14'
- '#histogram 383 22'
- '#histogram 384 12'
- '#histogram 385 21'
- '#histogram 386 20'
- '#histogram 387 19'
- '#histogram 388 22'
- '#histogram 389 24'
- '#histogram 390 22'
- '#histogram 391 9'
- '#histogram 392 20'
- '#histogram 393 25'
- '#histogram 394 15'
- '#histogram 395 17'
- '#histogram 396 23'
- '#histogram 397 23'
- '#histogram 398 21'
- '#histogram 399 20'
- '#histogram 400 28'
- '#histogram 401 18'
- '#histogram 402 13'
- '#histogram 403 16'
- '#histogram 404 19'
- '#histogram 405 22'
- '#histogram 406 16'
- '#histogram 407 17'
- '#histogram 408 19'
- '#histogram 409 12'
- '#histogram 410 13'
- '#histogram 411 18'
- '#histogram 412 20'
- '#histogram 413 15'
- '#histogram 414 12'
- '#histogram 415 15'
- '#histogram 416 30'
- '#histogram 417 18'
- '#histogram 418 20'
- '#histogram 419 15'
- '#histogram 420 19'
- '#histogram 421 19'
- '#histogram 422 15'
- '#histogram 423 14'
- '#histogram 424 13'
- '#histogram 425 18'
- '#histogram 426 17'
- '#histogram 427 13'
- '#histogram 428 22'
- '#histogram 429 11'
- '#histogram 430 21'
- '#histogram 431 11'
- '#histogram 432 17'
- '#histogram 433 15'
- '#histogram 434 11'
- '#histogram 435 13'
- '#histogram 436 18'
- '#histogram 437 17'
- '#histogram 438 16'
- '#histogram 439 22'
- '#histogram 440 17'
- '#histogram 441 11'
- '#histogram 442 20'
- '#histogram 443 12'
- '#histogram 444 16'
- '#histogram 445 15'
- '#histogram 446 14'
- '#histogram 447 13'
- '#histogram 448 12'
- '#histogram 449 12'
- '#histogram 450 19'
- '#histogram 451 14'
- '#histogram 452 16'
- '#histogram 453 12'
- '#histogram 454 20'
- '#histogram 455 18'
- '#histogram 456 12'
- '#histogram 457 17'
- '#histogram 458 16'
- '#histogram 459 13'
- '#histogram 460 16'
- '#histogram 461 18'
- '#histogram 462 13'
- '#histogram 463 15'
- '#histogram 464 16'
- '#histogram 465 17'
- '#histogram 466 14'
- '#histogram 467 14'
- '#histogram 468 12'
- '#histogram 469 23'
- '#histogram 470 17'
- '#histogram 471 14'
- '#histogram 472 18'
- '#histogram 473 12'
- '#histogram 474 11'
- '#histogram 475 22'
- '#histogram 476 12'
- '#histogram 477 16'
- '#histogram 478 14'
- '#histogram 479 12'
- '#histogram 480 8'
- '#histogram 481 10'
- '#histogram 482 13'
- '#histogram 483 23'
- '#histogram 484 14'
- '#histogram 485 14'
- '#histogram 486 14'
- '#histogram 487 13'
- '#histogram 488 11'
- '#histogram 489 14'
- '#histogram 490 11'
- '#histogram 491 17'
- '#histogram 492 9'
- '#histogram 493 7'
- '#histogram 494 18'
- '#histogram 495 6'
- '#histogram 496 13'
- '#histogram 497 16'
- '#histogram 498 10'
- '#histogram 499 9'
- '#histogram 500 15'
- '#histogram 501 11'
- '#histogram 502 10'
- '#histogram 503 11'
- '#histogram 504 15'
- '#histogram 505 16'
- '#histogram 506 16'
- '#histogram 507 9'
- '#histogram 508 9'
- '#histogram 509 19'
- '#histogram 510 11'
- '#histogram 511 10'
- '#histogram 512 12'
- '#histogram 513 8'
- '#histogram 514 7'
- '#histogram 515 13'
- '#histogram 516 6'
- '#histogram 517 13'
- '#histogram 518 14'
- '#histogram 519 9'
- '#histogram 520 15'
- '#histogram 521 11'
- '#histogram 522 11'
- '#histogram 523 10'
- '#histogram 524 16'
- '#histogram 525 17'
- '#histogram 526 19'
- '#histogram 527 6'
- '#histogram 528 3'
- '#histogram 529 12'
- '#histogram 530 13'
- '#histogram 531 13'
- '#histogram 532 11'
- '#histogram 533 13'
- '#histogram 534 8'
- '#histogram 535 12'
- '#histogram 536 9'
- '#histogram 537 12'
- '#histogram 538 7'
- '#histogram 539 12'
- '#histogram 540 10'
- '#histogram 541 11'
- '#histogram 542 7'
- '#histogram 543 14'
- '#histogram 544 17'
- '#histogram 545 11'
- '#histogram 546 10'
- '#histogram 547 13'
- '#histogram 548 10'
- '#histogram 549 12'
- '#histogram 550 8'
- '#histogram 551 6'
- '#histogram 552 4'
- '#histogram 553 7'
- '#histogram 554 7'
- '#histogram 555 9'
- '#histogram 556 10'
- '#histogram 557 12'
- '#histogram 558 11'
- '#histogram 559 7'
- '#histogram 560 7'
- '#histogram 561 11'
- '#histogram 562 9'
- '#histogram 563 11'
- '#histogram 564 6'
- '#histogram 565 11'
- '#histogram 566 13'
- '#histogram 567 11'
- '#histogram 568 11'
- '#histogram 569 9'
- '#histogram 570 4'
- '#histogram 571 7'
- '#histogram 572 7'
- '#histogram 573 6'
- '#histogram 574 7'
- '#histogram 575 4'
- '#histogram 576 9'
- '#histogram 577 7'
- '#histogram 578 11'
- '#histogram 579 7'
- '#histogram 580 7'
- '#histogram 581 15'
- '#histogram 582 8'
- '#histogram 583 11'
- '#histogram 584 9'
- '#histogram 585 5'
- '#histogram 586 11'
- '#histogram 587 8'
- '#histogram 588 12'
- '#histogram 589 6'
- '#histogram 590 11'
- '#histogram 591 7'
- '#histogram 592 9'
- '#histogram 593 8'
- '#histogram 594 2'
- '#histogram 595 7'
- '#histogram 596 11'
- '#histogram 597 8'
- '#histogram 598 8'
- '#histogram 599 9'
- '#histogram 600 9'
- '#histogram 601 11'
- '#histogram 602 18'
- '#histogram 603 11'
- '#histogram 604 5'
- '#histogram 605 7'
- '#histogram 606 11'
- '#histogram 607 15'
- '#histogram 608 11'
- '#histogram 609 5'
- '#histogram 610 6'
- '#histogram 611 7'
- '#histogram 612 10'
- '#histogram 613 12'
- '#histogram 614 9'
- '#histogram 615 9'
- '#histogram 616 8'
- '#histogram 617 9'
- '#histogram 618 11'
- '#histogram 619 10'
- '#histogram 620 12'
- '#histogram 621 6'
- '#histogram 622 10'
- '#histogram 623 7'
- '#histogram 624 11'
- '#histogram 625 10'
- '#histogram 626 10'
- '#histogram 627 13'
- '#histogram 628 7'
- '#histogram 629 8'
- '#histogram 630 13'
- '#histogram 631 9'
- '#histogram 632 4'
- '#histogram 633 9'
- '#histogram 634 9'
- '#histogram 635 11'
- '#histogram 636 8'
- '#histogram 637 7'
- '#histogram 638 8'
- '#histogram 639 7'
- '#histogram 640 10'
- '#histogram 641 9'
- '#histogram 642 5'
- '#histogram 643 11'
- '#histogram 644 3'
- '#histogram 645 6'
- '#histogram 646 10'
- '#histogram 647 16'
- '#histogram 648 3'
- '#histogram 649 6'
- '#histogram 650 6'
- '#histogram 651 6'
- '#histogram 652 2'
- '#histogram 653 8'
- '#histogram 654 4'
- '#histogram 655 10'
- '#histogram 656 5'
- '#histogram 657 4'
- '#histogram 658 12'
- '#histogram 659 5'
- '#histogram 660 6'
- '#histogram 661 3'
- '#histogram 662 8'
- '#histogram 663 5'
- '#histogram 664 2'
- '#histogram 665 3'
- '#histogram 666 9'
- '#histogram 667 5'
- '#histogram 668 3'
- '#histogram 669 4'
- '#histogram 670 13'
- '#histogram 671 3'
- '#histogram 672 5'
- '#histogram 673 7'
- '#histogram 674 3'
- '#histogram 675 2'
- '#histogram 676 5'
- '#histogram 677 6'
- '#histogram 678 9'
- '#histogram 679 5'
- '#histogram 680 5'
- '#histogram 681 2'
- '#histogram 682 3'
- '#histogram 683 7'
- '#histogram 684 3'
- '#histogram 685 2'
- '#histogram 686 3'
- '#histogram 687 4'
- '#histogram 688 4'
- '#histogram 689 3'
- '#histogram 690 5'
- '#histogram 691 10'
- '#histogram 692 3'
- '#histogram 693 6'
- '#histogram 694 7'
- '#histogram 695 5'
- '#histogram 696 7'
- '#histogram 697 8'
- '#histogram 698 6'
- '#histogram 699 2'
- '#histogram 700 2'
- '#histogram 701 1'
- '#histogram 702 5'
- '#histogram 703 3'
- '#histogram 704 6'
- '#histogram 705 5'
- '#histogram 706 5'
- '#histogram 707 2'
- '#histogram 709 7'
- '#histogram 710 4'
- '#histogram 711 4'
- '#histogram 712 2'
- '#histogram 713 4'
- '#histogram 714 6'
- '#histogram 715 4'
- '#histogram 716 2'
- '#histogram 717 5'
- '#histogram 718 1'
- '#histogram 719 4'
- '#histogram 720 6'
- '#histogram 721 2'
- '#histogram 722 4'
- '#histogram 723 1'
- '#histogram 724 5'
- '#histogram 725 8'
- '#histogram 726 2'
- '#histogram 727 2'
- '#histogram 728 5'
- '#histogram 729 1'
- '#histogram 730 4'
- '#histogram 731 6'
- '#histogram 732 4'
- '#histogram 734 3'
- '#histogram 735 3'
- '#histogram 736 3'
- '#histogram 737 2'
- '#histogram 738 2'
- '#histogram 739 3'
- '#histogram 740 4'
- '#histogram 741 7'
- '#histogram 742 7'
- '#histogram 743 5'
- '#histogram 744 2'
- '#histogram 745 3'
- '#histogram 746 5'
- '#histogram 747 2'
- '#histogram 748 2'
- '#histogram 749 6'
- '#histogram 750 4'
- '#histogram 751 1'
- '#histogram 752 4'
- '#histogram 753 1'
- '#histogram 754 1'
- '#histogram 755 4'
- '#histogram 756 3'
- '#histogram 757 3'
- '#histogram 758 3'
- '#histogram 759 5'
- '#histogram 760 3'
- '#histogram 761 7'
- '#histogram 762 6'
- '#histogram 763 1'
- '#histogram 764 5'
- '#histogram 765 3'
- '#histogram 766 2'
- '#histogram 767 1'
- '#histogram 769 3'
- '#histogram 770 5'
- '#histogram 771 5'
- '#histogram 772 2'
- '#histogram 773 3'
- '#histogram 774 1'
- '#histogram 775 1'
- '#histogram 776 4'
- '#histogram 777 3'
- '#histogram 778 1'
- '#histogram 779 1'
- '#histogram 780 4'
- '#histogram 781 1'
- '#histogram 782 4'
- '#histogram 784 3'
- '#histogram 785 2'
- '#histogram 786 4'
- '#histogram 788 1'
- '#histogram 789 2'
- '#histogram 790 5'
- '#histogram 791 3'
- '#histogram 793 2'
- '#histogram 794 5'
- '#histogram 795 1'
- '#histogram 796 3'
- '#histogram 797 3'
- '#histogram 798 1'
- '#histogram 799 2'
- '#histogram 800 1'
- '#histogram 801 2'
- '#histogram 802 3'
- '#histogram 803 2'
- '#histogram 806 2'
- '#histogram 807 4'
- '#histogram 808 4'
- '#histogram 809 4'
- '#histogram 810 2'
- '#histogram 812 1'
- '#histogram 813 4'
- '#histogram 814 4'
- '#histogram 815 3'
- '#histogram 816 3'
- '#histogram 817 4'
- '#histogram 818 1'
- '#histogram 819 1'
- '#histogram 820 2'
- '#histogram 823 2'
- '#histogram 824 2'
- '#histogram 826 1'
- '#histogram 827 2'
- '#histogram 828 1'
- '#histogram 829 3'
- '#histogram 830 2'
- '#histogram 831 1'
- '#histogram 834 1'
- '#histogram 835 1'
- '#histogram 836 1'
- '#histogram 837 3'
- '#histogram 838 2'
- '#histogram 839 2'
- '#histogram 840 1'
- '#histogram 842 1'
- '#histogram 843 2'
- '#histogram 844 1'
- '#histogram 845 1'
- '#histogram 846 1'
- '#histogram 847 2'
- '#histogram 848 5'
- '#histogram 849 1'
- '#histogram 850 2'
- '#histogram 851 3'
- '#histogram 852 3'
- '#histogram 854 1'
- '#histogram 855 2'
- '#histogram 856 1'
- '#histogram 857 3'
- '#histogram 858 2'
- '#histogram 859 3'
- '#histogram 862 2'
- '#histogram 866 2'
- '#histogram 867 3'
- '#histogram 868 3'
- '#histogram 869 1'
- '#histogram 871 2'
- '#histogram 872 2'
- '#histogram 873 3'
- '#histogram 874 1'
- '#histogram 877 3'
- '#histogram 878 2'
- '#histogram 879 1'
- '#histogram 882 3'
- '#histogram 885 1'
- '#histogram 886 3'
- '#histogram 887 1'
- '#histogram 888 1'
- '#histogram 889 2'
- '#histogram 890 2'
- '#histogram 893 2'
- '#histogram 895 1'
- '#histogram 896 1'
- '#histogram 897 2'
- '#histogram 899 1'
- '#histogram 900 1'
- '#histogram 901 2'
- '#histogram 902 2'
- '#histogram 904 3'
- '#histogram 906 1'
- '#histogram 907 1'
- '#histogram 908 1'
- '#histogram 911 1'
- '#histogram 915 1'
- '#histogram 916 1'
- '#histogram 917 5'
- '#histogram 919 1'
- '#histogram 923 1'
- '#histogram 926 2'
- '#histogram 927 2'
- '#histogram 934 1'
- '#histogram 936 2'
- '#histogram 939 1'
- '#histogram 940 2'
- '#histogram 942 2'
- '#histogram 944 1'
- '#histogram 945 2'
- '#histogram 946 1'
- '#histogram 947 1'
- '#histogram 950 1'
- '#histogram 951 1'
- '#histogram 954 2'
- '#histogram 956 1'
- '#histogram 957 1'
- '#histogram 966 1'
- '#histogram 972 2'
- '#histogram 974 1'
- '#histogram 978 1'
- '#histogram 979 1'
- '#histogram 980 1'
- '#histogram 981 1'
- '#histogram 984 1'
- '#histogram 988 1'
- '#histogram 990 1'
- '#histogram 992 2'
- '#histogram 998 2'
- '#histogram 1004 1'
- '#histogram 1018 1'
- '#histogram 1021 1'
- '#histogram 1022 3'
- '#histogram 1023 1'
- '#histogram 1030 1'
- '#histogram 1037 1'
- '#histogram 1053 1'
- '#histogram 1063 1'
- '#histogram 1066 1'
- '#histogram 1094 1'
- '#histogram 1111 1'
- '#histogram 1112 1'
- '#histogram 1121 1'
- '#histogram 1123 1'
- '#histogram 1154 1'
- '#histogram 1155 1'
- '#histogram 1163 1'
- '#histogram 1171 1'
- '#histogram 1176 1'
- '#histogram 1191 1'
- '#histogram 1194 1'
- '#histogram 1204 1'
- '#histogram 1207 1'
- '#histogram 1231 1'
- '#histogram 1234 1'
- '#histogram 1322 1'
- '#histogram 1380 1'
- '#histogram 1389 1'
- ''
