code: 0
data:
  avg_latency: 0.106859
  histogram:
  - - 0
    - 0
  - - 1
    - 83
  - - 2
    - 265
  - - 3
    - 348
  - - 4
    - 378
  - - 5
    - 436
  - - 6
    - 428
  - - 7
    - 416
  - - 8
    - 401
  - - 9
    - 430
  - - 10
    - 440
  - - 11
    - 402
  - - 12
    - 432
  - - 13
    - 453
  - - 14
    - 462
  - - 15
    - 450
  - - 16
    - 471
  - - 17
    - 476
  - - 18
    - 494
  - - 19
    - 501
  - - 20
    - 479
  - - 21
    - 490
  - - 22
    - 524
  - - 23
    - 550
  - - 24
    - 546
  - - 25
    - 609
  - - 26
    - 608
  - - 27
    - 608
  - - 28
    - 634
  - - 29
    - 668
  - - 30
    - 686
  - - 31
    - 646
  - - 32
    - 690
  - - 33
    - 704
  - - 34
    - 702
  - - 35
    - 783
  - - 36
    - 750
  - - 37
    - 725
  - - 38
    - 794
  - - 39
    - 780
  - - 40
    - 804
  - - 41
    - 873
  - - 42
    - 844
  - - 43
    - 862
  - - 44
    - 872
  - - 45
    - 860
  - - 46
    - 835
  - - 47
    - 942
  - - 48
    - 880
  - - 49
    - 896
  - - 50
    - 928
  - - 51
    - 879
  - - 52
    - 908
  - - 53
    - 887
  - - 54
    - 930
  - - 55
    - 887
  - - 56
    - 924
  - - 57
    - 935
  - - 58
    - 866
  - - 59
    - 933
  - - 60
    - 914
  - - 61
    - 856
  - - 62
    - 900
  - - 63
    - 906
  - - 64
    - 909
  - - 65
    - 930
  - - 66
    - 927
  - - 67
    - 923
  - - 68
    - 885
  - - 69
    - 881
  - - 70
    - 856
  - - 71
    - 866
  - - 72
    - 883
  - - 73
    - 885
  - - 74
    - 855
  - - 75
    - 872
  - - 76
    - 853
  - - 77
    - 827
  - - 78
    - 852
  - - 79
    - 868
  - - 80
    - 815
  - - 81
    - 841
  - - 82
    - 806
  - - 83
    - 808
  - - 84
    - 750
  - - 85
    - 819
  - - 86
    - 814
  - - 87
    - 788
  - - 88
    - 736
  - - 89
    - 767
  - - 90
    - 676
  - - 91
    - 751
  - - 92
    - 773
  - - 93
    - 722
  - - 94
    - 676
  - - 95
    - 705
  - - 96
    - 670
  - - 97
    - 675
  - - 98
    - 702
  - - 99
    - 658
  - - 100
    - 659
  - - 101
    - 675
  - - 102
    - 609
  - - 103
    - 625
  - - 104
    - 578
  - - 105
    - 592
  - - 106
    - 640
  - - 107
    - 521
  - - 108
    - 539
  - - 109
    - 539
  - - 110
    - 522
  - - 111
    - 524
  - - 112
    - 563
  - - 113
    - 472
  - - 114
    - 528
  - - 115
    - 470
  - - 116
    - 479
  - - 117
    - 491
  - - 118
    - 476
  - - 119
    - 413
  - - 120
    - 440
  - - 121
    - 433
  - - 122
    - 444
  - - 123
    - 408
  - - 124
    - 414
  - - 125
    - 422
  - - 126
    - 372
  - - 127
    - 409
  - - 128
    - 387
  - - 129
    - 360
  - - 130
    - 331
  - - 131
    - 361
  - - 132
    - 342
  - - 133
    - 399
  - - 134
    - 337
  - - 135
    - 343
  - - 136
    - 342
  - - 137
    - 320
  - - 138
    - 311
  - - 139
    - 319
  - - 140
    - 271
  - - 141
    - 301
  - - 142
    - 281
  - - 143
    - 277
  - - 144
    - 280
  - - 145
    - 280
  - - 146
    - 264
  - - 147
    - 279
  - - 148
    - 255
  - - 149
    - 253
  - - 150
    - 223
  - - 151
    - 251
  - - 152
    - 239
  - - 153
    - 248
  - - 154
    - 239
  - - 155
    - 235
  - - 156
    - 222
  - - 157
    - 195
  - - 158
    - 206
  - - 159
    - 198
  - - 160
    - 190
  - - 161
    - 202
  - - 162
    - 179
  - - 163
    - 179
  - - 164
    - 175
  - - 165
    - 183
  - - 166
    - 199
  - - 167
    - 171
  - - 168
    - 161
  - - 169
    - 162
  - - 170
    - 162
  - - 171
    - 133
  - - 172
    - 163
  - - 173
    - 163
  - - 174
    - 177
  - - 175
    - 161
  - - 176
    - 161
  - - 177
    - 147
  - - 178
    - 118
  - - 179
    - 133
  - - 180
    - 152
  - - 181
    - 128
  - - 182
    - 113
  - - 183
    - 107
  - - 184
    - 116
  - - 185
    - 112
  - - 186
    - 105
  - - 187
    - 128
  - - 188
    - 111
  - - 189
    - 113
  - - 190
    - 125
  - - 191
    - 108
  - - 192
    - 98
  - - 193
    - 102
  - - 194
    - 83
  - - 195
    - 87
  - - 196
    - 84
  - - 197
    - 96
  - - 198
    - 106
  - - 199
    - 92
  - - 200
    - 78
  - - 201
    - 77
  - - 202
    - 71
  - - 203
    - 71
  - - 204
    - 90
  - - 205
    - 83
  - - 206
    - 79
  - - 207
    - 79
  - - 208
    - 85
  - - 209
    - 80
  - - 210
    - 85
  - - 211
    - 70
  - - 212
    - 67
  - - 213
    - 66
  - - 214
    - 73
  - - 215
    - 59
  - - 216
    - 77
  - - 217
    - 76
  - - 218
    - 67
  - - 219
    - 57
  - - 220
    - 67
  - - 221
    - 42
  - - 222
    - 53
  - - 223
    - 58
  - - 224
    - 58
  - - 225
    - 62
  - - 226
    - 54
  - - 227
    - 73
  - - 228
    - 41
  - - 229
    - 35
  - - 230
    - 47
  - - 231
    - 49
  - - 232
    - 54
  - - 233
    - 51
  - - 234
    - 65
  - - 235
    - 36
  - - 236
    - 42
  - - 237
    - 47
  - - 238
    - 48
  - - 239
    - 49
  - - 240
    - 52
  - - 241
    - 48
  - - 242
    - 40
  - - 243
    - 41
  - - 244
    - 51
  - - 245
    - 40
  - - 246
    - 41
  - - 247
    - 39
  - - 248
    - 52
  - - 249
    - 49
  - - 250
    - 42
  - - 251
    - 54
  - - 252
    - 33
  - - 253
    - 54
  - - 254
    - 44
  - - 255
    - 42
  - - 256
    - 41
  - - 257
    - 38
  - - 258
    - 41
  - - 259
    - 44
  - - 260
    - 42
  - - 261
    - 35
  - - 262
    - 38
  - - 263
    - 46
  - - 264
    - 45
  - - 265
    - 49
  - - 266
    - 47
  - - 267
    - 41
  - - 268
    - 31
  - - 269
    - 35
  - - 270
    - 41
  - - 271
    - 37
  - - 272
    - 33
  - - 273
    - 39
  - - 274
    - 35
  - - 275
    - 38
  - - 276
    - 36
  - - 277
    - 36
  - - 278
    - 36
  - - 279
    - 31
  - - 280
    - 36
  - - 281
    - 30
  - - 282
    - 40
  - - 283
    - 35
  - - 284
    - 36
  - - 285
    - 45
  - - 286
    - 34
  - - 287
    - 31
  - - 288
    - 34
  - - 289
    - 35
  - - 290
    - 25
  - - 291
    - 37
  - - 292
    - 32
  - - 293
    - 30
  - - 294
    - 42
  - - 295
    - 24
  - - 296
    - 30
  - - 297
    - 33
  - - 298
    - 22
  - - 299
    - 43
  - - 300
    - 31
  - - 301
    - 35
  - - 302
    - 39
  - - 303
    - 34
  - - 304
    - 19
  - - 305
    - 37
  - - 306
    - 30
  - - 307
    - 27
  - - 308
    - 27
  - - 309
    - 27
  - - 310
    - 28
  - - 311
    - 28
  - - 312
    - 29
  - - 313
    - 33
  - - 314
    - 18
  - - 315
    - 22
  - - 316
    - 32
  - - 317
    - 30
  - - 318
    - 21
  - - 319
    - 32
  - - 320
    - 30
  - - 321
    - 26
  - - 322
    - 29
  - - 323
    - 37
  - - 324
    - 30
  - - 325
    - 30
  - - 326
    - 24
  - - 327
    - 34
  - - 328
    - 27
  - - 329
    - 33
  - - 330
    - 43
  - - 331
    - 34
  - - 332
    - 28
  - - 333
    - 24
  - - 334
    - 35
  - - 335
    - 23
  - - 336
    - 29
  - - 337
    - 23
  - - 338
    - 20
  - - 339
    - 29
  - - 340
    - 27
  - - 341
    - 30
  - - 342
    - 27
  - - 343
    - 21
  - - 344
    - 27
  - - 345
    - 16
  - - 346
    - 28
  - - 347
    - 32
  - - 348
    - 23
  - - 349
    - 31
  - - 350
    - 30
  - - 351
    - 22
  - - 352
    - 26
  - - 353
    - 24
  - - 354
    - 22
  - - 355
    - 23
  - - 356
    - 30
  - - 357
    - 20
  - - 358
    - 29
  - - 359
    - 22
  - - 360
    - 34
  - - 361
    - 35
  - - 362
    - 27
  - - 363
    - 23
  - - 364
    - 23
  - - 365
    - 23
  - - 366
    - 24
  - - 367
    - 21
  - - 368
    - 26
  - - 369
    - 13
  - - 370
    - 31
  - - 371
    - 24
  - - 372
    - 27
  - - 373
    - 23
  - - 374
    - 27
  - - 375
    - 25
  - - 376
    - 26
  - - 377
    - 27
  - - 378
    - 24
  - - 379
    - 21
  - - 380
    - 27
  - - 381
    - 31
  - - 382
    - 22
  - - 383
    - 27
  - - 384
    - 31
  - - 385
    - 35
  - - 386
    - 16
  - - 387
    - 32
  - - 388
    - 25
  - - 389
    - 23
  - - 390
    - 21
  - - 391
    - 24
  - - 392
    - 18
  - - 393
    - 29
  - - 394
    - 20
  - - 395
    - 26
  - - 396
    - 24
  - - 397
    - 15
  - - 398
    - 18
  - - 399
    - 33
  - - 400
    - 28
  - - 401
    - 20
  - - 402
    - 22
  - - 403
    - 19
  - - 404
    - 29
  - - 405
    - 22
  - - 406
    - 19
  - - 407
    - 29
  - - 408
    - 25
  - - 409
    - 21
  - - 410
    - 27
  - - 411
    - 24
  - - 412
    - 20
  - - 413
    - 17
  - - 414
    - 22
  - - 415
    - 14
  - - 416
    - 25
  - - 417
    - 29
  - - 418
    - 17
  - - 419
    - 24
  - - 420
    - 30
  - - 421
    - 28
  - - 422
    - 15
  - - 423
    - 21
  - - 424
    - 28
  - - 425
    - 23
  - - 426
    - 22
  - - 427
    - 21
  - - 428
    - 10
  - - 429
    - 16
  - - 430
    - 26
  - - 431
    - 17
  - - 432
    - 14
  - - 433
    - 14
  - - 434
    - 28
  - - 435
    - 22
  - - 436
    - 28
  - - 437
    - 19
  - - 438
    - 21
  - - 439
    - 17
  - - 440
    - 17
  - - 441
    - 16
  - - 442
    - 20
  - - 443
    - 20
  - - 444
    - 17
  - - 445
    - 21
  - - 446
    - 23
  - - 447
    - 11
  - - 448
    - 29
  - - 449
    - 30
  - - 450
    - 17
  - - 451
    - 30
  - - 452
    - 20
  - - 453
    - 20
  - - 454
    - 19
  - - 455
    - 13
  - - 456
    - 16
  - - 457
    - 13
  - - 458
    - 16
  - - 459
    - 16
  - - 460
    - 22
  - - 461
    - 23
  - - 462
    - 15
  - - 463
    - 13
  - - 464
    - 13
  - - 465
    - 20
  - - 466
    - 13
  - - 467
    - 24
  - - 468
    - 18
  - - 469
    - 22
  - - 470
    - 17
  - - 471
    - 11
  - - 472
    - 16
  - - 473
    - 15
  - - 474
    - 15
  - - 475
    - 20
  - - 476
    - 11
  - - 477
    - 20
  - - 478
    - 17
  - - 479
    - 10
  - - 480
    - 18
  - - 481
    - 20
  - - 482
    - 25
  - - 483
    - 16
  - - 484
    - 9
  - - 485
    - 21
  - - 486
    - 19
  - - 487
    - 17
  - - 488
    - 20
  - - 489
    - 18
  - - 490
    - 20
  - - 491
    - 13
  - - 492
    - 19
  - - 493
    - 14
  - - 494
    - 17
  - - 495
    - 17
  - - 496
    - 21
  - - 497
    - 18
  - - 498
    - 17
  - - 499
    - 18
  - - 500
    - 8
  - - 501
    - 22
  - - 502
    - 9
  - - 503
    - 6
  - - 504
    - 8
  - - 505
    - 7
  - - 506
    - 22
  - - 507
    - 9
  - - 508
    - 11
  - - 509
    - 17
  - - 510
    - 14
  - - 511
    - 15
  - - 512
    - 16
  - - 513
    - 15
  - - 514
    - 11
  - - 515
    - 12
  - - 516
    - 12
  - - 517
    - 16
  - - 518
    - 7
  - - 519
    - 15
  - - 520
    - 11
  - - 521
    - 12
  - - 522
    - 14
  - - 523
    - 13
  - - 524
    - 11
  - - 525
    - 11
  - - 526
    - 12
  - - 527
    - 6
  - - 528
    - 14
  - - 529
    - 5
  - - 530
    - 13
  - - 531
    - 13
  - - 532
    - 15
  - - 533
    - 14
  - - 534
    - 13
  - - 535
    - 11
  - - 536
    - 9
  - - 537
    - 11
  - - 538
    - 14
  - - 539
    - 15
  - - 540
    - 13
  - - 541
    - 14
  - - 542
    - 8
  - - 543
    - 10
  - - 544
    - 11
  - - 545
    - 7
  - - 546
    - 6
  - - 547
    - 7
  - - 548
    - 13
  - - 549
    - 8
  - - 550
    - 8
  - - 551
    - 13
  - - 552
    - 12
  - - 553
    - 13
  - - 554
    - 9
  - - 555
    - 12
  - - 556
    - 8
  - - 557
    - 16
  - - 558
    - 16
  - - 559
    - 13
  - - 560
    - 9
  - - 561
    - 11
  - - 562
    - 4
  - - 563
    - 12
  - - 564
    - 11
  - - 565
    - 6
  - - 566
    - 12
  - - 567
    - 8
  - - 568
    - 8
  - - 569
    - 5
  - - 570
    - 10
  - - 571
    - 9
  - - 572
    - 7
  - - 573
    - 8
  - - 574
    - 15
  - - 575
    - 13
  - - 576
    - 5
  - - 577
    - 12
  - - 578
    - 9
  - - 579
    - 7
  - - 580
    - 8
  - - 581
    - 8
  - - 582
    - 1
  - - 583
    - 3
  - - 584
    - 6
  - - 585
    - 9
  - - 586
    - 9
  - - 587
    - 6
  - - 588
    - 6
  - - 589
    - 10
  - - 590
    - 4
  - - 591
    - 11
  - - 592
    - 8
  - - 593
    - 9
  - - 594
    - 4
  - - 595
    - 7
  - - 596
    - 8
  - - 597
    - 6
  - - 598
    - 8
  - - 599
    - 11
  - - 600
    - 10
  - - 601
    - 8
  - - 602
    - 4
  - - 603
    - 7
  - - 604
    - 9
  - - 605
    - 5
  - - 606
    - 6
  - - 607
    - 5
  - - 608
    - 13
  - - 609
    - 4
  - - 610
    - 8
  - - 611
    - 3
  - - 612
    - 3
  - - 613
    - 8
  - - 614
    - 4
  - - 615
    - 12
  - - 616
    - 6
  - - 617
    - 6
  - - 618
    - 7
  - - 619
    - 3
  - - 620
    - 7
  - - 621
    - 6
  - - 622
    - 5
  - - 623
    - 8
  - - 624
    - 2
  - - 625
    - 6
  - - 626
    - 7
  - - 627
    - 7
  - - 628
    - 5
  - - 629
    - 6
  - - 630
    - 2
  - - 631
    - 9
  - - 632
    - 7
  - - 633
    - 6
  - - 634
    - 4
  - - 635
    - 6
  - - 636
    - 8
  - - 637
    - 3
  - - 638
    - 6
  - - 639
    - 3
  - - 640
    - 4
  - - 641
    - 4
  - - 642
    - 2
  - - 643
    - 3
  - - 644
    - 5
  - - 645
    - 6
  - - 646
    - 6
  - - 647
    - 6
  - - 648
    - 7
  - - 649
    - 4
  - - 650
    - 6
  - - 651
    - 1
  - - 652
    - 4
  - - 654
    - 3
  - - 655
    - 9
  - - 656
    - 9
  - - 657
    - 8
  - - 658
    - 2
  - - 659
    - 7
  - - 660
    - 6
  - - 661
    - 3
  - - 662
    - 5
  - - 663
    - 1
  - - 664
    - 3
  - - 665
    - 3
  - - 666
    - 4
  - - 667
    - 3
  - - 668
    - 3
  - - 669
    - 1
  - - 670
    - 5
  - - 671
    - 5
  - - 672
    - 5
  - - 673
    - 3
  - - 674
    - 1
  - - 675
    - 1
  - - 677
    - 5
  - - 678
    - 5
  - - 679
    - 2
  - - 680
    - 8
  - - 681
    - 1
  - - 682
    - 2
  - - 683
    - 4
  - - 684
    - 8
  - - 685
    - 3
  - - 686
    - 3
  - - 687
    - 3
  - - 688
    - 3
  - - 689
    - 3
  - - 690
    - 4
  - - 691
    - 1
  - - 692
    - 7
  - - 693
    - 1
  - - 695
    - 5
  - - 696
    - 2
  - - 697
    - 2
  - - 698
    - 2
  - - 699
    - 2
  - - 700
    - 4
  - - 701
    - 4
  - - 702
    - 3
  - - 703
    - 3
  - - 704
    - 5
  - - 705
    - 5
  - - 706
    - 7
  - - 707
    - 3
  - - 708
    - 7
  - - 709
    - 2
  - - 710
    - 2
  - - 711
    - 1
  - - 712
    - 1
  - - 713
    - 2
  - - 714
    - 1
  - - 715
    - 4
  - - 716
    - 4
  - - 717
    - 1
  - - 718
    - 3
  - - 719
    - 1
  - - 720
    - 2
  - - 721
    - 1
  - - 722
    - 2
  - - 723
    - 2
  - - 724
    - 2
  - - 725
    - 2
  - - 726
    - 1
  - - 727
    - 2
  - - 728
    - 1
  - - 729
    - 4
  - - 730
    - 2
  - - 731
    - 1
  - - 732
    - 2
  - - 733
    - 3
  - - 734
    - 2
  - - 735
    - 3
  - - 736
    - 3
  - - 737
    - 3
  - - 738
    - 3
  - - 739
    - 4
  - - 740
    - 2
  - - 742
    - 1
  - - 743
    - 1
  - - 745
    - 3
  - - 747
    - 2
  - - 748
    - 1
  - - 749
    - 4
  - - 751
    - 1
  - - 752
    - 1
  - - 753
    - 1
  - - 754
    - 6
  - - 755
    - 2
  - - 756
    - 1
  - - 757
    - 3
  - - 758
    - 1
  - - 759
    - 2
  - - 760
    - 1
  - - 761
    - 1
  - - 762
    - 3
  - - 763
    - 2
  - - 764
    - 2
  - - 765
    - 2
  - - 766
    - 4
  - - 767
    - 1
  - - 768
    - 1
  - - 769
    - 1
  - - 770
    - 4
  - - 771
    - 3
  - - 772
    - 3
  - - 773
    - 1
  - - 774
    - 2
  - - 775
    - 3
  - - 776
    - 2
  - - 779
    - 1
  - - 782
    - 3
  - - 783
    - 2
  - - 784
    - 1
  - - 786
    - 3
  - - 787
    - 2
  - - 788
    - 2
  - - 789
    - 2
  - - 790
    - 4
  - - 793
    - 2
  - - 794
    - 1
  - - 795
    - 2
  - - 796
    - 2
  - - 798
    - 3
  - - 800
    - 2
  - - 802
    - 1
  - - 803
    - 2
  - - 804
    - 2
  - - 805
    - 1
  - - 806
    - 1
  - - 807
    - 2
  - - 808
    - 1
  - - 809
    - 2
  - - 810
    - 1
  - - 811
    - 1
  - - 812
    - 2
  - - 813
    - 1
  - - 814
    - 1
  - - 820
    - 2
  - - 822
    - 1
  - - 823
    - 1
  - - 824
    - 1
  - - 825
    - 1
  - - 826
    - 1
  - - 832
    - 1
  - - 833
    - 1
  - - 835
    - 2
  - - 836
    - 2
  - - 837
    - 1
  - - 839
    - 1
  - - 841
    - 2
  - - 848
    - 1
  - - 851
    - 2
  - - 853
    - 1
  - - 854
    - 3
  - - 855
    - 1
  - - 856
    - 1
  - - 858
    - 1
  - - 859
    - 1
  - - 862
    - 1
  - - 877
    - 1
  - - 883
    - 2
  - - 884
    - 1
  - - 885
    - 1
  - - 890
    - 2
  - - 898
    - 1
  - - 905
    - 2
  - - 906
    - 1
  - - 929
    - 2
  - - 935
    - 1
  - - 937
    - 1
  - - 947
    - 1
  - - 948
    - 1
  - - 964
    - 1
  - - 979
    - 1
  - - 1027
    - 1
  - - 1037
    - 1
  - - 1091
    - 1
  - - 1245
    - 1
  - - 4999
    - 21
  latency_50_percentile: 79.0
  latency_95_percentile: 329.0
  latency_99_5_percentile: 633.0
  latency_99_percentile: 558.0
  max_kubedns_cpu: 820
  max_kubedns_memory: 31
  max_latency: 1.245107
  max_perfserver_cpu: 0
  max_perfserver_memory: 0
  min_latency: 0.001084
  msg: null
  ok: true
  qps: 926.035835
  queries_completed: 111232
  queries_lost: 21
  queries_sent: 111253
  run_time: 120.116302
  stddev_latency: 0.104314
params:
  max_qps: null
  pod_name: dns-perf-client-858fb7568b-6x7vz
  query_file: all-queries.txt
  run_id: 1777671405
  run_length_seconds: 120
  run_subid: 0
stderr:
- ''
stdout:
- DNS Performance Testing Tool
- Nominum Version 2.1.0.0
- ''
- '[Status] Command line: dnsperf -s 10.0.0.10 -l 120 -d /queries/all-queries.txt'
- '[Status] Sending queries (to 10.0.0.10)'
- '[Status] Started at: Fri May  1 21:37:22 2026'
- '[Status] Stopping after 120.000000 seconds'
- '[Timeout] Query timed out: msg id 523'
- '[Timeout] Query timed out: msg id 18313'
- '[Timeout] Query timed out: msg id 18870'
- '[Timeout] Query timed out: msg id 20901'
- '[Timeout] Query timed out: msg id 32665'
- '[Timeout] Query timed out: msg id 37615'
- '[Timeout] Query timed out: msg id 37625'
- '[Timeout] Query timed out: msg id 53922'
- '[Timeout] Query timed out: msg id 55025'
- '[Timeout] Query timed out: msg id 56368'
- '[Timeout] Query timed out: msg id 58871'
- '[Timeout] Query timed out: msg id 63375'
- '[Timeout] Query timed out: msg id 65367'
- '[Timeout] Query timed out: msg id 9772'
- '[Timeout] Query timed out: msg id 9877'
- '[Timeout] Query timed out: msg id 13558'
- '[Timeout] Query timed out: msg id 13817'
- '[Timeout] Query timed out: msg id 24136'
- '[Timeout] Query timed out: msg id 28085'
- '[Timeout] Query timed out: msg id 42358'
- '[Timeout] Query timed out: msg id 42709'
- '[Status] Testing complete (time limit)'
- ''
- 'Statistics:'
- ''
- '  Queries sent:         111253'
- '  Queries completed:    111232 (99.98%)'
- '  Queries lost:         21 (0.02%)'
- ''
- '  Response codes:       NOERROR 13348 (12.00%), NXDOMAIN 97884 (88.00%)'
- '  Average packet size:  request 38, response 122'
- '  Run time (s):         120.116302'
- '  Queries per second:   926.035835'
- ''
- '  Average Latency (s):  0.106859 (min 0.001084, max 1.245107)'
- '  Latency StdDev (s):   0.104314'
- ''
- '  Latency histogram'
- '#histogram 0 0'
- '#histogram 1 83'
- '#histogram 2 265'
- '#histogram 3 348'
- '#histogram 4 378'
- '#histogram 5 436'
- '#histogram 6 428'
- '#histogram 7 416'
- '#histogram 8 401'
- '#histogram 9 430'
- '#histogram 10 440'
- '#histogram 11 402'
- '#histogram 12 432'
- '#histogram 13 453'
- '#histogram 14 462'
- '#histogram 15 450'
- '#histogram 16 471'
- '#histogram 17 476'
- '#histogram 18 494'
- '#histogram 19 501'
- '#histogram 20 479'
- '#histogram 21 490'
- '#histogram 22 524'
- '#histogram 23 550'
- '#histogram 24 546'
- '#histogram 25 609'
- '#histogram 26 608'
- '#histogram 27 608'
- '#histogram 28 634'
- '#histogram 29 668'
- '#histogram 30 686'
- '#histogram 31 646'
- '#histogram 32 690'
- '#histogram 33 704'
- '#histogram 34 702'
- '#histogram 35 783'
- '#histogram 36 750'
- '#histogram 37 725'
- '#histogram 38 794'
- '#histogram 39 780'
- '#histogram 40 804'
- '#histogram 41 873'
- '#histogram 42 844'
- '#histogram 43 862'
- '#histogram 44 872'
- '#histogram 45 860'
- '#histogram 46 835'
- '#histogram 47 942'
- '#histogram 48 880'
- '#histogram 49 896'
- '#histogram 50 928'
- '#histogram 51 879'
- '#histogram 52 908'
- '#histogram 53 887'
- '#histogram 54 930'
- '#histogram 55 887'
- '#histogram 56 924'
- '#histogram 57 935'
- '#histogram 58 866'
- '#histogram 59 933'
- '#histogram 60 914'
- '#histogram 61 856'
- '#histogram 62 900'
- '#histogram 63 906'
- '#histogram 64 909'
- '#histogram 65 930'
- '#histogram 66 927'
- '#histogram 67 923'
- '#histogram 68 885'
- '#histogram 69 881'
- '#histogram 70 856'
- '#histogram 71 866'
- '#histogram 72 883'
- '#histogram 73 885'
- '#histogram 74 855'
- '#histogram 75 872'
- '#histogram 76 853'
- '#histogram 77 827'
- '#histogram 78 852'
- '#histogram 79 868'
- '#histogram 80 815'
- '#histogram 81 841'
- '#histogram 82 806'
- '#histogram 83 808'
- '#histogram 84 750'
- '#histogram 85 819'
- '#histogram 86 814'
- '#histogram 87 788'
- '#histogram 88 736'
- '#histogram 89 767'
- '#histogram 90 676'
- '#histogram 91 751'
- '#histogram 92 773'
- '#histogram 93 722'
- '#histogram 94 676'
- '#histogram 95 705'
- '#histogram 96 670'
- '#histogram 97 675'
- '#histogram 98 702'
- '#histogram 99 658'
- '#histogram 100 659'
- '#histogram 101 675'
- '#histogram 102 609'
- '#histogram 103 625'
- '#histogram 104 578'
- '#histogram 105 592'
- '#histogram 106 640'
- '#histogram 107 521'
- '#histogram 108 539'
- '#histogram 109 539'
- '#histogram 110 522'
- '#histogram 111 524'
- '#histogram 112 563'
- '#histogram 113 472'
- '#histogram 114 528'
- '#histogram 115 470'
- '#histogram 116 479'
- '#histogram 117 491'
- '#histogram 118 476'
- '#histogram 119 413'
- '#histogram 120 440'
- '#histogram 121 433'
- '#histogram 122 444'
- '#histogram 123 408'
- '#histogram 124 414'
- '#histogram 125 422'
- '#histogram 126 372'
- '#histogram 127 409'
- '#histogram 128 387'
- '#histogram 129 360'
- '#histogram 130 331'
- '#histogram 131 361'
- '#histogram 132 342'
- '#histogram 133 399'
- '#histogram 134 337'
- '#histogram 135 343'
- '#histogram 136 342'
- '#histogram 137 320'
- '#histogram 138 311'
- '#histogram 139 319'
- '#histogram 140 271'
- '#histogram 141 301'
- '#histogram 142 281'
- '#histogram 143 277'
- '#histogram 144 280'
- '#histogram 145 280'
- '#histogram 146 264'
- '#histogram 147 279'
- '#histogram 148 255'
- '#histogram 149 253'
- '#histogram 150 223'
- '#histogram 151 251'
- '#histogram 152 239'
- '#histogram 153 248'
- '#histogram 154 239'
- '#histogram 155 235'
- '#histogram 156 222'
- '#histogram 157 195'
- '#histogram 158 206'
- '#histogram 159 198'
- '#histogram 160 190'
- '#histogram 161 202'
- '#histogram 162 179'
- '#histogram 163 179'
- '#histogram 164 175'
- '#histogram 165 183'
- '#histogram 166 199'
- '#histogram 167 171'
- '#histogram 168 161'
- '#histogram 169 162'
- '#histogram 170 162'
- '#histogram 171 133'
- '#histogram 172 163'
- '#histogram 173 163'
- '#histogram 174 177'
- '#histogram 175 161'
- '#histogram 176 161'
- '#histogram 177 147'
- '#histogram 178 118'
- '#histogram 179 133'
- '#histogram 180 152'
- '#histogram 181 128'
- '#histogram 182 113'
- '#histogram 183 107'
- '#histogram 184 116'
- '#histogram 185 112'
- '#histogram 186 105'
- '#histogram 187 128'
- '#histogram 188 111'
- '#histogram 189 113'
- '#histogram 190 125'
- '#histogram 191 108'
- '#histogram 192 98'
- '#histogram 193 102'
- '#histogram 194 83'
- '#histogram 195 87'
- '#histogram 196 84'
- '#histogram 197 96'
- '#histogram 198 106'
- '#histogram 199 92'
- '#histogram 200 78'
- '#histogram 201 77'
- '#histogram 202 71'
- '#histogram 203 71'
- '#histogram 204 90'
- '#histogram 205 83'
- '#histogram 206 79'
- '#histogram 207 79'
- '#histogram 208 85'
- '#histogram 209 80'
- '#histogram 210 85'
- '#histogram 211 70'
- '#histogram 212 67'
- '#histogram 213 66'
- '#histogram 214 73'
- '#histogram 215 59'
- '#histogram 216 77'
- '#histogram 217 76'
- '#histogram 218 67'
- '#histogram 219 57'
- '#histogram 220 67'
- '#histogram 221 42'
- '#histogram 222 53'
- '#histogram 223 58'
- '#histogram 224 58'
- '#histogram 225 62'
- '#histogram 226 54'
- '#histogram 227 73'
- '#histogram 228 41'
- '#histogram 229 35'
- '#histogram 230 47'
- '#histogram 231 49'
- '#histogram 232 54'
- '#histogram 233 51'
- '#histogram 234 65'
- '#histogram 235 36'
- '#histogram 236 42'
- '#histogram 237 47'
- '#histogram 238 48'
- '#histogram 239 49'
- '#histogram 240 52'
- '#histogram 241 48'
- '#histogram 242 40'
- '#histogram 243 41'
- '#histogram 244 51'
- '#histogram 245 40'
- '#histogram 246 41'
- '#histogram 247 39'
- '#histogram 248 52'
- '#histogram 249 49'
- '#histogram 250 42'
- '#histogram 251 54'
- '#histogram 252 33'
- '#histogram 253 54'
- '#histogram 254 44'
- '#histogram 255 42'
- '#histogram 256 41'
- '#histogram 257 38'
- '#histogram 258 41'
- '#histogram 259 44'
- '#histogram 260 42'
- '#histogram 261 35'
- '#histogram 262 38'
- '#histogram 263 46'
- '#histogram 264 45'
- '#histogram 265 49'
- '#histogram 266 47'
- '#histogram 267 41'
- '#histogram 268 31'
- '#histogram 269 35'
- '#histogram 270 41'
- '#histogram 271 37'
- '#histogram 272 33'
- '#histogram 273 39'
- '#histogram 274 35'
- '#histogram 275 38'
- '#histogram 276 36'
- '#histogram 277 36'
- '#histogram 278 36'
- '#histogram 279 31'
- '#histogram 280 36'
- '#histogram 281 30'
- '#histogram 282 40'
- '#histogram 283 35'
- '#histogram 284 36'
- '#histogram 285 45'
- '#histogram 286 34'
- '#histogram 287 31'
- '#histogram 288 34'
- '#histogram 289 35'
- '#histogram 290 25'
- '#histogram 291 37'
- '#histogram 292 32'
- '#histogram 293 30'
- '#histogram 294 42'
- '#histogram 295 24'
- '#histogram 296 30'
- '#histogram 297 33'
- '#histogram 298 22'
- '#histogram 299 43'
- '#histogram 300 31'
- '#histogram 301 35'
- '#histogram 302 39'
- '#histogram 303 34'
- '#histogram 304 19'
- '#histogram 305 37'
- '#histogram 306 30'
- '#histogram 307 27'
- '#histogram 308 27'
- '#histogram 309 27'
- '#histogram 310 28'
- '#histogram 311 28'
- '#histogram 312 29'
- '#histogram 313 33'
- '#histogram 314 18'
- '#histogram 315 22'
- '#histogram 316 32'
- '#histogram 317 30'
- '#histogram 318 21'
- '#histogram 319 32'
- '#histogram 320 30'
- '#histogram 321 26'
- '#histogram 322 29'
- '#histogram 323 37'
- '#histogram 324 30'
- '#histogram 325 30'
- '#histogram 326 24'
- '#histogram 327 34'
- '#histogram 328 27'
- '#histogram 329 33'
- '#histogram 330 43'
- '#histogram 331 34'
- '#histogram 332 28'
- '#histogram 333 24'
- '#histogram 334 35'
- '#histogram 335 23'
- '#histogram 336 29'
- '#histogram 337 23'
- '#histogram 338 20'
- '#histogram 339 29'
- '#histogram 340 27'
- '#histogram 341 30'
- '#histogram 342 27'
- '#histogram 343 21'
- '#histogram 344 27'
- '#histogram 345 16'
- '#histogram 346 28'
- '#histogram 347 32'
- '#histogram 348 23'
- '#histogram 349 31'
- '#histogram 350 30'
- '#histogram 351 22'
- '#histogram 352 26'
- '#histogram 353 24'
- '#histogram 354 22'
- '#histogram 355 23'
- '#histogram 356 30'
- '#histogram 357 20'
- '#histogram 358 29'
- '#histogram 359 22'
- '#histogram 360 34'
- '#histogram 361 35'
- '#histogram 362 27'
- '#histogram 363 23'
- '#histogram 364 23'
- '#histogram 365 23'
- '#histogram 366 24'
- '#histogram 367 21'
- '#histogram 368 26'
- '#histogram 369 13'
- '#histogram 370 31'
- '#histogram 371 24'
- '#histogram 372 27'
- '#histogram 373 23'
- '#histogram 374 27'
- '#histogram 375 25'
- '#histogram 376 26'
- '#histogram 377 27'
- '#histogram 378 24'
- '#histogram 379 21'
- '#histogram 380 27'
- '#histogram 381 31'
- '#histogram 382 22'
- '#histogram 383 27'
- '#histogram 384 31'
- '#histogram 385 35'
- '#histogram 386 16'
- '#histogram 387 32'
- '#histogram 388 25'
- '#histogram 389 23'
- '#histogram 390 21'
- '#histogram 391 24'
- '#histogram 392 18'
- '#histogram 393 29'
- '#histogram 394 20'
- '#histogram 395 26'
- '#histogram 396 24'
- '#histogram 397 15'
- '#histogram 398 18'
- '#histogram 399 33'
- '#histogram 400 28'
- '#histogram 401 20'
- '#histogram 402 22'
- '#histogram 403 19'
- '#histogram 404 29'
- '#histogram 405 22'
- '#histogram 406 19'
- '#histogram 407 29'
- '#histogram 408 25'
- '#histogram 409 21'
- '#histogram 410 27'
- '#histogram 411 24'
- '#histogram 412 20'
- '#histogram 413 17'
- '#histogram 414 22'
- '#histogram 415 14'
- '#histogram 416 25'
- '#histogram 417 29'
- '#histogram 418 17'
- '#histogram 419 24'
- '#histogram 420 30'
- '#histogram 421 28'
- '#histogram 422 15'
- '#histogram 423 21'
- '#histogram 424 28'
- '#histogram 425 23'
- '#histogram 426 22'
- '#histogram 427 21'
- '#histogram 428 10'
- '#histogram 429 16'
- '#histogram 430 26'
- '#histogram 431 17'
- '#histogram 432 14'
- '#histogram 433 14'
- '#histogram 434 28'
- '#histogram 435 22'
- '#histogram 436 28'
- '#histogram 437 19'
- '#histogram 438 21'
- '#histogram 439 17'
- '#histogram 440 17'
- '#histogram 441 16'
- '#histogram 442 20'
- '#histogram 443 20'
- '#histogram 444 17'
- '#histogram 445 21'
- '#histogram 446 23'
- '#histogram 447 11'
- '#histogram 448 29'
- '#histogram 449 30'
- '#histogram 450 17'
- '#histogram 451 30'
- '#histogram 452 20'
- '#histogram 453 20'
- '#histogram 454 19'
- '#histogram 455 13'
- '#histogram 456 16'
- '#histogram 457 13'
- '#histogram 458 16'
- '#histogram 459 16'
- '#histogram 460 22'
- '#histogram 461 23'
- '#histogram 462 15'
- '#histogram 463 13'
- '#histogram 464 13'
- '#histogram 465 20'
- '#histogram 466 13'
- '#histogram 467 24'
- '#histogram 468 18'
- '#histogram 469 22'
- '#histogram 470 17'
- '#histogram 471 11'
- '#histogram 472 16'
- '#histogram 473 15'
- '#histogram 474 15'
- '#histogram 475 20'
- '#histogram 476 11'
- '#histogram 477 20'
- '#histogram 478 17'
- '#histogram 479 10'
- '#histogram 480 18'
- '#histogram 481 20'
- '#histogram 482 25'
- '#histogram 483 16'
- '#histogram 484 9'
- '#histogram 485 21'
- '#histogram 486 19'
- '#histogram 487 17'
- '#histogram 488 20'
- '#histogram 489 18'
- '#histogram 490 20'
- '#histogram 491 13'
- '#histogram 492 19'
- '#histogram 493 14'
- '#histogram 494 17'
- '#histogram 495 17'
- '#histogram 496 21'
- '#histogram 497 18'
- '#histogram 498 17'
- '#histogram 499 18'
- '#histogram 500 8'
- '#histogram 501 22'
- '#histogram 502 9'
- '#histogram 503 6'
- '#histogram 504 8'
- '#histogram 505 7'
- '#histogram 506 22'
- '#histogram 507 9'
- '#histogram 508 11'
- '#histogram 509 17'
- '#histogram 510 14'
- '#histogram 511 15'
- '#histogram 512 16'
- '#histogram 513 15'
- '#histogram 514 11'
- '#histogram 515 12'
- '#histogram 516 12'
- '#histogram 517 16'
- '#histogram 518 7'
- '#histogram 519 15'
- '#histogram 520 11'
- '#histogram 521 12'
- '#histogram 522 14'
- '#histogram 523 13'
- '#histogram 524 11'
- '#histogram 525 11'
- '#histogram 526 12'
- '#histogram 527 6'
- '#histogram 528 14'
- '#histogram 529 5'
- '#histogram 530 13'
- '#histogram 531 13'
- '#histogram 532 15'
- '#histogram 533 14'
- '#histogram 534 13'
- '#histogram 535 11'
- '#histogram 536 9'
- '#histogram 537 11'
- '#histogram 538 14'
- '#histogram 539 15'
- '#histogram 540 13'
- '#histogram 541 14'
- '#histogram 542 8'
- '#histogram 543 10'
- '#histogram 544 11'
- '#histogram 545 7'
- '#histogram 546 6'
- '#histogram 547 7'
- '#histogram 548 13'
- '#histogram 549 8'
- '#histogram 550 8'
- '#histogram 551 13'
- '#histogram 552 12'
- '#histogram 553 13'
- '#histogram 554 9'
- '#histogram 555 12'
- '#histogram 556 8'
- '#histogram 557 16'
- '#histogram 558 16'
- '#histogram 559 13'
- '#histogram 560 9'
- '#histogram 561 11'
- '#histogram 562 4'
- '#histogram 563 12'
- '#histogram 564 11'
- '#histogram 565 6'
- '#histogram 566 12'
- '#histogram 567 8'
- '#histogram 568 8'
- '#histogram 569 5'
- '#histogram 570 10'
- '#histogram 571 9'
- '#histogram 572 7'
- '#histogram 573 8'
- '#histogram 574 15'
- '#histogram 575 13'
- '#histogram 576 5'
- '#histogram 577 12'
- '#histogram 578 9'
- '#histogram 579 7'
- '#histogram 580 8'
- '#histogram 581 8'
- '#histogram 582 1'
- '#histogram 583 3'
- '#histogram 584 6'
- '#histogram 585 9'
- '#histogram 586 9'
- '#histogram 587 6'
- '#histogram 588 6'
- '#histogram 589 10'
- '#histogram 590 4'
- '#histogram 591 11'
- '#histogram 592 8'
- '#histogram 593 9'
- '#histogram 594 4'
- '#histogram 595 7'
- '#histogram 596 8'
- '#histogram 597 6'
- '#histogram 598 8'
- '#histogram 599 11'
- '#histogram 600 10'
- '#histogram 601 8'
- '#histogram 602 4'
- '#histogram 603 7'
- '#histogram 604 9'
- '#histogram 605 5'
- '#histogram 606 6'
- '#histogram 607 5'
- '#histogram 608 13'
- '#histogram 609 4'
- '#histogram 610 8'
- '#histogram 611 3'
- '#histogram 612 3'
- '#histogram 613 8'
- '#histogram 614 4'
- '#histogram 615 12'
- '#histogram 616 6'
- '#histogram 617 6'
- '#histogram 618 7'
- '#histogram 619 3'
- '#histogram 620 7'
- '#histogram 621 6'
- '#histogram 622 5'
- '#histogram 623 8'
- '#histogram 624 2'
- '#histogram 625 6'
- '#histogram 626 7'
- '#histogram 627 7'
- '#histogram 628 5'
- '#histogram 629 6'
- '#histogram 630 2'
- '#histogram 631 9'
- '#histogram 632 7'
- '#histogram 633 6'
- '#histogram 634 4'
- '#histogram 635 6'
- '#histogram 636 8'
- '#histogram 637 3'
- '#histogram 638 6'
- '#histogram 639 3'
- '#histogram 640 4'
- '#histogram 641 4'
- '#histogram 642 2'
- '#histogram 643 3'
- '#histogram 644 5'
- '#histogram 645 6'
- '#histogram 646 6'
- '#histogram 647 6'
- '#histogram 648 7'
- '#histogram 649 4'
- '#histogram 650 6'
- '#histogram 651 1'
- '#histogram 652 4'
- '#histogram 654 3'
- '#histogram 655 9'
- '#histogram 656 9'
- '#histogram 657 8'
- '#histogram 658 2'
- '#histogram 659 7'
- '#histogram 660 6'
- '#histogram 661 3'
- '#histogram 662 5'
- '#histogram 663 1'
- '#histogram 664 3'
- '#histogram 665 3'
- '#histogram 666 4'
- '#histogram 667 3'
- '#histogram 668 3'
- '#histogram 669 1'
- '#histogram 670 5'
- '#histogram 671 5'
- '#histogram 672 5'
- '#histogram 673 3'
- '#histogram 674 1'
- '#histogram 675 1'
- '#histogram 677 5'
- '#histogram 678 5'
- '#histogram 679 2'
- '#histogram 680 8'
- '#histogram 681 1'
- '#histogram 682 2'
- '#histogram 683 4'
- '#histogram 684 8'
- '#histogram 685 3'
- '#histogram 686 3'
- '#histogram 687 3'
- '#histogram 688 3'
- '#histogram 689 3'
- '#histogram 690 4'
- '#histogram 691 1'
- '#histogram 692 7'
- '#histogram 693 1'
- '#histogram 695 5'
- '#histogram 696 2'
- '#histogram 697 2'
- '#histogram 698 2'
- '#histogram 699 2'
- '#histogram 700 4'
- '#histogram 701 4'
- '#histogram 702 3'
- '#histogram 703 3'
- '#histogram 704 5'
- '#histogram 705 5'
- '#histogram 706 7'
- '#histogram 707 3'
- '#histogram 708 7'
- '#histogram 709 2'
- '#histogram 710 2'
- '#histogram 711 1'
- '#histogram 712 1'
- '#histogram 713 2'
- '#histogram 714 1'
- '#histogram 715 4'
- '#histogram 716 4'
- '#histogram 717 1'
- '#histogram 718 3'
- '#histogram 719 1'
- '#histogram 720 2'
- '#histogram 721 1'
- '#histogram 722 2'
- '#histogram 723 2'
- '#histogram 724 2'
- '#histogram 725 2'
- '#histogram 726 1'
- '#histogram 727 2'
- '#histogram 728 1'
- '#histogram 729 4'
- '#histogram 730 2'
- '#histogram 731 1'
- '#histogram 732 2'
- '#histogram 733 3'
- '#histogram 734 2'
- '#histogram 735 3'
- '#histogram 736 3'
- '#histogram 737 3'
- '#histogram 738 3'
- '#histogram 739 4'
- '#histogram 740 2'
- '#histogram 742 1'
- '#histogram 743 1'
- '#histogram 745 3'
- '#histogram 747 2'
- '#histogram 748 1'
- '#histogram 749 4'
- '#histogram 751 1'
- '#histogram 752 1'
- '#histogram 753 1'
- '#histogram 754 6'
- '#histogram 755 2'
- '#histogram 756 1'
- '#histogram 757 3'
- '#histogram 758 1'
- '#histogram 759 2'
- '#histogram 760 1'
- '#histogram 761 1'
- '#histogram 762 3'
- '#histogram 763 2'
- '#histogram 764 2'
- '#histogram 765 2'
- '#histogram 766 4'
- '#histogram 767 1'
- '#histogram 768 1'
- '#histogram 769 1'
- '#histogram 770 4'
- '#histogram 771 3'
- '#histogram 772 3'
- '#histogram 773 1'
- '#histogram 774 2'
- '#histogram 775 3'
- '#histogram 776 2'
- '#histogram 779 1'
- '#histogram 782 3'
- '#histogram 783 2'
- '#histogram 784 1'
- '#histogram 786 3'
- '#histogram 787 2'
- '#histogram 788 2'
- '#histogram 789 2'
- '#histogram 790 4'
- '#histogram 793 2'
- '#histogram 794 1'
- '#histogram 795 2'
- '#histogram 796 2'
- '#histogram 798 3'
- '#histogram 800 2'
- '#histogram 802 1'
- '#histogram 803 2'
- '#histogram 804 2'
- '#histogram 805 1'
- '#histogram 806 1'
- '#histogram 807 2'
- '#histogram 808 1'
- '#histogram 809 2'
- '#histogram 810 1'
- '#histogram 811 1'
- '#histogram 812 2'
- '#histogram 813 1'
- '#histogram 814 1'
- '#histogram 820 2'
- '#histogram 822 1'
- '#histogram 823 1'
- '#histogram 824 1'
- '#histogram 825 1'
- '#histogram 826 1'
- '#histogram 832 1'
- '#histogram 833 1'
- '#histogram 835 2'
- '#histogram 836 2'
- '#histogram 837 1'
- '#histogram 839 1'
- '#histogram 841 2'
- '#histogram 848 1'
- '#histogram 851 2'
- '#histogram 853 1'
- '#histogram 854 3'
- '#histogram 855 1'
- '#histogram 856 1'
- '#histogram 858 1'
- '#histogram 859 1'
- '#histogram 862 1'
- '#histogram 877 1'
- '#histogram 883 2'
- '#histogram 884 1'
- '#histogram 885 1'
- '#histogram 890 2'
- '#histogram 898 1'
- '#histogram 905 2'
- '#histogram 906 1'
- '#histogram 929 2'
- '#histogram 935 1'
- '#histogram 937 1'
- '#histogram 947 1'
- '#histogram 948 1'
- '#histogram 964 1'
- '#histogram 979 1'
- '#histogram 1027 1'
- '#histogram 1037 1'
- '#histogram 1091 1'
- '#histogram 1245 1'
- '#histogram 4999 21'
- ''
