code: 0
data:
  avg_latency: 0.116454
  histogram:
  - - 0
    - 0
  - - 1
    - 51
  - - 2
    - 190
  - - 3
    - 250
  - - 4
    - 319
  - - 5
    - 320
  - - 6
    - 326
  - - 7
    - 364
  - - 8
    - 353
  - - 9
    - 377
  - - 10
    - 371
  - - 11
    - 341
  - - 12
    - 330
  - - 13
    - 336
  - - 14
    - 420
  - - 15
    - 378
  - - 16
    - 366
  - - 17
    - 419
  - - 18
    - 395
  - - 19
    - 409
  - - 20
    - 438
  - - 21
    - 455
  - - 22
    - 441
  - - 23
    - 442
  - - 24
    - 486
  - - 25
    - 522
  - - 26
    - 481
  - - 27
    - 474
  - - 28
    - 491
  - - 29
    - 485
  - - 30
    - 514
  - - 31
    - 475
  - - 32
    - 588
  - - 33
    - 597
  - - 34
    - 584
  - - 35
    - 556
  - - 36
    - 564
  - - 37
    - 652
  - - 38
    - 649
  - - 39
    - 628
  - - 40
    - 661
  - - 41
    - 642
  - - 42
    - 697
  - - 43
    - 718
  - - 44
    - 725
  - - 45
    - 714
  - - 46
    - 724
  - - 47
    - 759
  - - 48
    - 749
  - - 49
    - 722
  - - 50
    - 699
  - - 51
    - 791
  - - 52
    - 779
  - - 53
    - 788
  - - 54
    - 757
  - - 55
    - 743
  - - 56
    - 747
  - - 57
    - 785
  - - 58
    - 779
  - - 59
    - 747
  - - 60
    - 834
  - - 61
    - 755
  - - 62
    - 792
  - - 63
    - 755
  - - 64
    - 805
  - - 65
    - 831
  - - 66
    - 797
  - - 67
    - 835
  - - 68
    - 808
  - - 69
    - 810
  - - 70
    - 772
  - - 71
    - 779
  - - 72
    - 807
  - - 73
    - 801
  - - 74
    - 767
  - - 75
    - 747
  - - 76
    - 796
  - - 77
    - 773
  - - 78
    - 709
  - - 79
    - 780
  - - 80
    - 790
  - - 81
    - 797
  - - 82
    - 800
  - - 83
    - 821
  - - 84
    - 804
  - - 85
    - 735
  - - 86
    - 750
  - - 87
    - 728
  - - 88
    - 725
  - - 89
    - 723
  - - 90
    - 707
  - - 91
    - 708
  - - 92
    - 668
  - - 93
    - 709
  - - 94
    - 695
  - - 95
    - 669
  - - 96
    - 627
  - - 97
    - 628
  - - 98
    - 672
  - - 99
    - 638
  - - 100
    - 636
  - - 101
    - 635
  - - 102
    - 614
  - - 103
    - 589
  - - 104
    - 612
  - - 105
    - 585
  - - 106
    - 534
  - - 107
    - 546
  - - 108
    - 542
  - - 109
    - 594
  - - 110
    - 535
  - - 111
    - 560
  - - 112
    - 518
  - - 113
    - 573
  - - 114
    - 514
  - - 115
    - 519
  - - 116
    - 528
  - - 117
    - 480
  - - 118
    - 429
  - - 119
    - 487
  - - 120
    - 470
  - - 121
    - 431
  - - 122
    - 447
  - - 123
    - 453
  - - 124
    - 423
  - - 125
    - 396
  - - 126
    - 382
  - - 127
    - 398
  - - 128
    - 395
  - - 129
    - 388
  - - 130
    - 412
  - - 131
    - 392
  - - 132
    - 381
  - - 133
    - 375
  - - 134
    - 349
  - - 135
    - 381
  - - 136
    - 323
  - - 137
    - 347
  - - 138
    - 296
  - - 139
    - 303
  - - 140
    - 331
  - - 141
    - 331
  - - 142
    - 296
  - - 143
    - 310
  - - 144
    - 315
  - - 145
    - 269
  - - 146
    - 303
  - - 147
    - 269
  - - 148
    - 274
  - - 149
    - 258
  - - 150
    - 250
  - - 151
    - 251
  - - 152
    - 268
  - - 153
    - 250
  - - 154
    - 244
  - - 155
    - 258
  - - 156
    - 240
  - - 157
    - 232
  - - 158
    - 238
  - - 159
    - 214
  - - 160
    - 209
  - - 161
    - 239
  - - 162
    - 227
  - - 163
    - 236
  - - 164
    - 210
  - - 165
    - 187
  - - 166
    - 176
  - - 167
    - 182
  - - 168
    - 171
  - - 169
    - 178
  - - 170
    - 154
  - - 171
    - 184
  - - 172
    - 150
  - - 173
    - 121
  - - 174
    - 175
  - - 175
    - 153
  - - 176
    - 172
  - - 177
    - 147
  - - 178
    - 145
  - - 179
    - 134
  - - 180
    - 144
  - - 181
    - 151
  - - 182
    - 116
  - - 183
    - 98
  - - 184
    - 132
  - - 185
    - 112
  - - 186
    - 118
  - - 187
    - 104
  - - 188
    - 122
  - - 189
    - 98
  - - 190
    - 120
  - - 191
    - 119
  - - 192
    - 128
  - - 193
    - 103
  - - 194
    - 103
  - - 195
    - 97
  - - 196
    - 82
  - - 197
    - 99
  - - 198
    - 109
  - - 199
    - 95
  - - 200
    - 84
  - - 201
    - 93
  - - 202
    - 102
  - - 203
    - 79
  - - 204
    - 92
  - - 205
    - 80
  - - 206
    - 73
  - - 207
    - 96
  - - 208
    - 75
  - - 209
    - 74
  - - 210
    - 86
  - - 211
    - 75
  - - 212
    - 76
  - - 213
    - 74
  - - 214
    - 58
  - - 215
    - 59
  - - 216
    - 74
  - - 217
    - 78
  - - 218
    - 64
  - - 219
    - 57
  - - 220
    - 80
  - - 221
    - 70
  - - 222
    - 52
  - - 223
    - 60
  - - 224
    - 49
  - - 225
    - 54
  - - 226
    - 53
  - - 227
    - 59
  - - 228
    - 47
  - - 229
    - 50
  - - 230
    - 43
  - - 231
    - 55
  - - 232
    - 55
  - - 233
    - 43
  - - 234
    - 50
  - - 235
    - 51
  - - 236
    - 38
  - - 237
    - 48
  - - 238
    - 50
  - - 239
    - 46
  - - 240
    - 45
  - - 241
    - 35
  - - 242
    - 47
  - - 243
    - 43
  - - 244
    - 51
  - - 245
    - 47
  - - 246
    - 42
  - - 247
    - 38
  - - 248
    - 41
  - - 249
    - 50
  - - 250
    - 27
  - - 251
    - 39
  - - 252
    - 35
  - - 253
    - 34
  - - 254
    - 38
  - - 255
    - 33
  - - 256
    - 31
  - - 257
    - 28
  - - 258
    - 37
  - - 259
    - 38
  - - 260
    - 32
  - - 261
    - 36
  - - 262
    - 35
  - - 263
    - 36
  - - 264
    - 34
  - - 265
    - 32
  - - 266
    - 35
  - - 267
    - 32
  - - 268
    - 40
  - - 269
    - 28
  - - 270
    - 30
  - - 271
    - 29
  - - 272
    - 28
  - - 273
    - 43
  - - 274
    - 30
  - - 275
    - 23
  - - 276
    - 45
  - - 277
    - 33
  - - 278
    - 34
  - - 279
    - 21
  - - 280
    - 25
  - - 281
    - 37
  - - 282
    - 31
  - - 283
    - 29
  - - 284
    - 27
  - - 285
    - 30
  - - 286
    - 23
  - - 287
    - 26
  - - 288
    - 32
  - - 289
    - 24
  - - 290
    - 23
  - - 291
    - 34
  - - 292
    - 32
  - - 293
    - 19
  - - 294
    - 29
  - - 295
    - 28
  - - 296
    - 25
  - - 297
    - 25
  - - 298
    - 33
  - - 299
    - 30
  - - 300
    - 31
  - - 301
    - 31
  - - 302
    - 36
  - - 303
    - 29
  - - 304
    - 19
  - - 305
    - 21
  - - 306
    - 37
  - - 307
    - 22
  - - 308
    - 25
  - - 309
    - 25
  - - 310
    - 18
  - - 311
    - 26
  - - 312
    - 25
  - - 313
    - 30
  - - 314
    - 26
  - - 315
    - 28
  - - 316
    - 24
  - - 317
    - 23
  - - 318
    - 26
  - - 319
    - 22
  - - 320
    - 32
  - - 321
    - 19
  - - 322
    - 21
  - - 323
    - 31
  - - 324
    - 20
  - - 325
    - 25
  - - 326
    - 21
  - - 327
    - 23
  - - 328
    - 28
  - - 329
    - 19
  - - 330
    - 27
  - - 331
    - 15
  - - 332
    - 32
  - - 333
    - 25
  - - 334
    - 30
  - - 335
    - 30
  - - 336
    - 26
  - - 337
    - 16
  - - 338
    - 28
  - - 339
    - 19
  - - 340
    - 21
  - - 341
    - 15
  - - 342
    - 27
  - - 343
    - 15
  - - 344
    - 25
  - - 345
    - 24
  - - 346
    - 23
  - - 347
    - 30
  - - 348
    - 27
  - - 349
    - 18
  - - 350
    - 23
  - - 351
    - 25
  - - 352
    - 24
  - - 353
    - 29
  - - 354
    - 22
  - - 355
    - 19
  - - 356
    - 13
  - - 357
    - 21
  - - 358
    - 24
  - - 359
    - 13
  - - 360
    - 16
  - - 361
    - 21
  - - 362
    - 21
  - - 363
    - 29
  - - 364
    - 16
  - - 365
    - 24
  - - 366
    - 21
  - - 367
    - 15
  - - 368
    - 24
  - - 369
    - 17
  - - 370
    - 12
  - - 371
    - 16
  - - 372
    - 25
  - - 373
    - 23
  - - 374
    - 20
  - - 375
    - 26
  - - 376
    - 23
  - - 377
    - 19
  - - 378
    - 25
  - - 379
    - 15
  - - 380
    - 11
  - - 381
    - 15
  - - 382
    - 13
  - - 383
    - 20
  - - 384
    - 26
  - - 385
    - 24
  - - 386
    - 21
  - - 387
    - 16
  - - 388
    - 19
  - - 389
    - 18
  - - 390
    - 20
  - - 391
    - 19
  - - 392
    - 18
  - - 393
    - 20
  - - 394
    - 23
  - - 395
    - 17
  - - 396
    - 23
  - - 397
    - 25
  - - 398
    - 22
  - - 399
    - 21
  - - 400
    - 17
  - - 401
    - 22
  - - 402
    - 20
  - - 403
    - 16
  - - 404
    - 14
  - - 405
    - 21
  - - 406
    - 18
  - - 407
    - 21
  - - 408
    - 18
  - - 409
    - 29
  - - 410
    - 17
  - - 411
    - 22
  - - 412
    - 18
  - - 413
    - 14
  - - 414
    - 23
  - - 415
    - 21
  - - 416
    - 14
  - - 417
    - 20
  - - 418
    - 16
  - - 419
    - 24
  - - 420
    - 19
  - - 421
    - 16
  - - 422
    - 16
  - - 423
    - 9
  - - 424
    - 21
  - - 425
    - 19
  - - 426
    - 22
  - - 427
    - 18
  - - 428
    - 17
  - - 429
    - 17
  - - 430
    - 20
  - - 431
    - 19
  - - 432
    - 22
  - - 433
    - 17
  - - 434
    - 11
  - - 435
    - 18
  - - 436
    - 14
  - - 437
    - 18
  - - 438
    - 18
  - - 439
    - 25
  - - 440
    - 23
  - - 441
    - 18
  - - 442
    - 21
  - - 443
    - 10
  - - 444
    - 19
  - - 445
    - 22
  - - 446
    - 22
  - - 447
    - 18
  - - 448
    - 18
  - - 449
    - 18
  - - 450
    - 13
  - - 451
    - 25
  - - 452
    - 16
  - - 453
    - 12
  - - 454
    - 26
  - - 455
    - 17
  - - 456
    - 18
  - - 457
    - 22
  - - 458
    - 18
  - - 459
    - 15
  - - 460
    - 19
  - - 461
    - 19
  - - 462
    - 12
  - - 463
    - 16
  - - 464
    - 31
  - - 465
    - 22
  - - 466
    - 14
  - - 467
    - 16
  - - 468
    - 11
  - - 469
    - 17
  - - 470
    - 10
  - - 471
    - 15
  - - 472
    - 16
  - - 473
    - 18
  - - 474
    - 16
  - - 475
    - 11
  - - 476
    - 18
  - - 477
    - 12
  - - 478
    - 16
  - - 479
    - 14
  - - 480
    - 15
  - - 481
    - 16
  - - 482
    - 14
  - - 483
    - 15
  - - 484
    - 17
  - - 485
    - 14
  - - 486
    - 17
  - - 487
    - 13
  - - 488
    - 17
  - - 489
    - 14
  - - 490
    - 14
  - - 491
    - 8
  - - 492
    - 18
  - - 493
    - 14
  - - 494
    - 10
  - - 495
    - 15
  - - 496
    - 23
  - - 497
    - 9
  - - 498
    - 11
  - - 499
    - 14
  - - 500
    - 18
  - - 501
    - 6
  - - 502
    - 29
  - - 503
    - 14
  - - 504
    - 14
  - - 505
    - 9
  - - 506
    - 14
  - - 507
    - 16
  - - 508
    - 17
  - - 509
    - 12
  - - 510
    - 11
  - - 511
    - 16
  - - 512
    - 12
  - - 513
    - 16
  - - 514
    - 11
  - - 515
    - 20
  - - 516
    - 20
  - - 517
    - 9
  - - 518
    - 11
  - - 519
    - 10
  - - 520
    - 16
  - - 521
    - 11
  - - 522
    - 8
  - - 523
    - 14
  - - 524
    - 19
  - - 525
    - 14
  - - 526
    - 16
  - - 527
    - 12
  - - 528
    - 18
  - - 529
    - 6
  - - 530
    - 11
  - - 531
    - 2
  - - 532
    - 11
  - - 533
    - 19
  - - 534
    - 16
  - - 535
    - 12
  - - 536
    - 9
  - - 537
    - 9
  - - 538
    - 9
  - - 539
    - 10
  - - 540
    - 14
  - - 541
    - 7
  - - 542
    - 9
  - - 543
    - 5
  - - 544
    - 11
  - - 545
    - 12
  - - 546
    - 10
  - - 547
    - 14
  - - 548
    - 5
  - - 549
    - 14
  - - 550
    - 16
  - - 551
    - 16
  - - 552
    - 16
  - - 553
    - 15
  - - 554
    - 10
  - - 555
    - 10
  - - 556
    - 13
  - - 557
    - 6
  - - 558
    - 11
  - - 559
    - 11
  - - 560
    - 4
  - - 561
    - 8
  - - 562
    - 6
  - - 563
    - 10
  - - 564
    - 7
  - - 565
    - 13
  - - 566
    - 16
  - - 567
    - 12
  - - 568
    - 12
  - - 569
    - 13
  - - 570
    - 6
  - - 571
    - 4
  - - 572
    - 13
  - - 573
    - 8
  - - 574
    - 11
  - - 575
    - 8
  - - 576
    - 12
  - - 577
    - 18
  - - 578
    - 11
  - - 579
    - 13
  - - 580
    - 9
  - - 581
    - 15
  - - 582
    - 14
  - - 583
    - 8
  - - 584
    - 5
  - - 585
    - 8
  - - 586
    - 8
  - - 587
    - 7
  - - 588
    - 4
  - - 589
    - 9
  - - 590
    - 8
  - - 591
    - 6
  - - 592
    - 9
  - - 593
    - 15
  - - 594
    - 10
  - - 595
    - 5
  - - 596
    - 8
  - - 597
    - 7
  - - 598
    - 11
  - - 599
    - 7
  - - 600
    - 10
  - - 601
    - 16
  - - 602
    - 13
  - - 603
    - 8
  - - 604
    - 14
  - - 605
    - 12
  - - 606
    - 5
  - - 607
    - 5
  - - 608
    - 9
  - - 609
    - 7
  - - 610
    - 8
  - - 611
    - 13
  - - 612
    - 5
  - - 613
    - 11
  - - 614
    - 13
  - - 615
    - 9
  - - 616
    - 7
  - - 617
    - 7
  - - 618
    - 10
  - - 619
    - 4
  - - 620
    - 9
  - - 621
    - 7
  - - 622
    - 11
  - - 623
    - 4
  - - 624
    - 14
  - - 625
    - 5
  - - 626
    - 10
  - - 627
    - 8
  - - 628
    - 7
  - - 629
    - 4
  - - 630
    - 6
  - - 631
    - 8
  - - 632
    - 9
  - - 633
    - 14
  - - 634
    - 11
  - - 635
    - 5
  - - 636
    - 9
  - - 637
    - 8
  - - 638
    - 7
  - - 639
    - 3
  - - 640
    - 6
  - - 641
    - 10
  - - 642
    - 9
  - - 643
    - 10
  - - 644
    - 8
  - - 645
    - 7
  - - 646
    - 8
  - - 647
    - 7
  - - 648
    - 6
  - - 649
    - 11
  - - 650
    - 10
  - - 651
    - 8
  - - 652
    - 12
  - - 653
    - 9
  - - 654
    - 11
  - - 655
    - 7
  - - 656
    - 10
  - - 657
    - 4
  - - 658
    - 8
  - - 659
    - 8
  - - 660
    - 5
  - - 661
    - 6
  - - 662
    - 8
  - - 663
    - 5
  - - 664
    - 6
  - - 665
    - 8
  - - 666
    - 10
  - - 667
    - 7
  - - 668
    - 11
  - - 669
    - 2
  - - 670
    - 8
  - - 671
    - 7
  - - 672
    - 8
  - - 673
    - 11
  - - 674
    - 5
  - - 675
    - 9
  - - 676
    - 8
  - - 677
    - 4
  - - 678
    - 9
  - - 679
    - 11
  - - 680
    - 9
  - - 681
    - 9
  - - 682
    - 8
  - - 683
    - 2
  - - 684
    - 7
  - - 685
    - 6
  - - 686
    - 10
  - - 687
    - 10
  - - 688
    - 6
  - - 689
    - 6
  - - 690
    - 8
  - - 691
    - 2
  - - 692
    - 4
  - - 693
    - 4
  - - 694
    - 5
  - - 695
    - 8
  - - 696
    - 7
  - - 697
    - 3
  - - 698
    - 8
  - - 699
    - 6
  - - 700
    - 2
  - - 701
    - 1
  - - 702
    - 6
  - - 703
    - 2
  - - 704
    - 6
  - - 705
    - 4
  - - 706
    - 4
  - - 707
    - 9
  - - 708
    - 10
  - - 709
    - 4
  - - 710
    - 2
  - - 711
    - 5
  - - 712
    - 3
  - - 713
    - 4
  - - 714
    - 6
  - - 715
    - 3
  - - 716
    - 5
  - - 717
    - 7
  - - 718
    - 4
  - - 719
    - 7
  - - 720
    - 5
  - - 721
    - 2
  - - 722
    - 5
  - - 723
    - 9
  - - 724
    - 5
  - - 725
    - 5
  - - 726
    - 6
  - - 727
    - 3
  - - 728
    - 3
  - - 729
    - 7
  - - 730
    - 7
  - - 731
    - 7
  - - 732
    - 2
  - - 733
    - 7
  - - 734
    - 7
  - - 735
    - 1
  - - 736
    - 2
  - - 737
    - 3
  - - 738
    - 1
  - - 739
    - 2
  - - 740
    - 2
  - - 741
    - 5
  - - 742
    - 3
  - - 743
    - 2
  - - 744
    - 4
  - - 745
    - 3
  - - 746
    - 4
  - - 747
    - 2
  - - 748
    - 1
  - - 749
    - 9
  - - 750
    - 3
  - - 751
    - 3
  - - 752
    - 5
  - - 753
    - 10
  - - 754
    - 2
  - - 755
    - 6
  - - 756
    - 2
  - - 757
    - 6
  - - 758
    - 5
  - - 759
    - 4
  - - 760
    - 4
  - - 761
    - 3
  - - 762
    - 1
  - - 763
    - 3
  - - 764
    - 4
  - - 765
    - 7
  - - 766
    - 4
  - - 767
    - 5
  - - 768
    - 3
  - - 769
    - 6
  - - 770
    - 5
  - - 771
    - 3
  - - 772
    - 4
  - - 773
    - 6
  - - 774
    - 2
  - - 775
    - 2
  - - 776
    - 6
  - - 777
    - 1
  - - 778
    - 4
  - - 779
    - 2
  - - 780
    - 6
  - - 781
    - 7
  - - 782
    - 10
  - - 783
    - 3
  - - 784
    - 1
  - - 785
    - 4
  - - 786
    - 5
  - - 787
    - 2
  - - 788
    - 4
  - - 789
    - 7
  - - 790
    - 6
  - - 791
    - 3
  - - 792
    - 5
  - - 793
    - 4
  - - 794
    - 2
  - - 795
    - 6
  - - 796
    - 3
  - - 797
    - 2
  - - 798
    - 2
  - - 799
    - 5
  - - 800
    - 2
  - - 801
    - 1
  - - 802
    - 1
  - - 803
    - 3
  - - 804
    - 4
  - - 805
    - 4
  - - 806
    - 5
  - - 807
    - 5
  - - 809
    - 3
  - - 810
    - 3
  - - 811
    - 1
  - - 812
    - 5
  - - 813
    - 3
  - - 814
    - 2
  - - 815
    - 3
  - - 816
    - 5
  - - 817
    - 6
  - - 818
    - 2
  - - 819
    - 1
  - - 820
    - 2
  - - 821
    - 3
  - - 822
    - 2
  - - 823
    - 2
  - - 824
    - 1
  - - 825
    - 3
  - - 826
    - 4
  - - 828
    - 7
  - - 829
    - 1
  - - 830
    - 3
  - - 831
    - 1
  - - 832
    - 3
  - - 833
    - 1
  - - 834
    - 4
  - - 835
    - 2
  - - 836
    - 2
  - - 838
    - 4
  - - 839
    - 6
  - - 841
    - 5
  - - 842
    - 2
  - - 843
    - 1
  - - 844
    - 3
  - - 845
    - 4
  - - 846
    - 2
  - - 847
    - 4
  - - 849
    - 4
  - - 850
    - 1
  - - 851
    - 3
  - - 852
    - 2
  - - 853
    - 1
  - - 854
    - 1
  - - 855
    - 3
  - - 856
    - 1
  - - 857
    - 1
  - - 858
    - 3
  - - 859
    - 2
  - - 860
    - 2
  - - 861
    - 1
  - - 862
    - 1
  - - 863
    - 2
  - - 864
    - 1
  - - 865
    - 2
  - - 866
    - 1
  - - 867
    - 1
  - - 868
    - 4
  - - 869
    - 1
  - - 870
    - 3
  - - 871
    - 1
  - - 872
    - 3
  - - 874
    - 4
  - - 875
    - 3
  - - 876
    - 2
  - - 878
    - 1
  - - 879
    - 2
  - - 880
    - 7
  - - 881
    - 4
  - - 883
    - 2
  - - 884
    - 1
  - - 885
    - 2
  - - 886
    - 2
  - - 887
    - 3
  - - 888
    - 2
  - - 889
    - 3
  - - 890
    - 2
  - - 891
    - 1
  - - 892
    - 3
  - - 893
    - 3
  - - 894
    - 1
  - - 895
    - 2
  - - 896
    - 2
  - - 900
    - 4
  - - 902
    - 1
  - - 903
    - 1
  - - 904
    - 1
  - - 905
    - 1
  - - 907
    - 1
  - - 908
    - 1
  - - 909
    - 2
  - - 911
    - 1
  - - 913
    - 1
  - - 914
    - 2
  - - 916
    - 2
  - - 917
    - 4
  - - 918
    - 5
  - - 920
    - 3
  - - 923
    - 1
  - - 925
    - 1
  - - 927
    - 1
  - - 928
    - 1
  - - 932
    - 4
  - - 933
    - 1
  - - 934
    - 3
  - - 936
    - 1
  - - 938
    - 1
  - - 939
    - 1
  - - 941
    - 1
  - - 942
    - 1
  - - 943
    - 1
  - - 944
    - 2
  - - 945
    - 3
  - - 947
    - 1
  - - 948
    - 1
  - - 950
    - 2
  - - 952
    - 1
  - - 955
    - 1
  - - 956
    - 3
  - - 957
    - 2
  - - 960
    - 3
  - - 961
    - 2
  - - 963
    - 1
  - - 964
    - 2
  - - 965
    - 3
  - - 967
    - 1
  - - 968
    - 3
  - - 970
    - 1
  - - 971
    - 1
  - - 974
    - 3
  - - 980
    - 1
  - - 982
    - 1
  - - 983
    - 2
  - - 984
    - 1
  - - 987
    - 1
  - - 988
    - 1
  - - 989
    - 2
  - - 993
    - 2
  - - 994
    - 1
  - - 1000
    - 1
  - - 1001
    - 2
  - - 1006
    - 2
  - - 1008
    - 1
  - - 1010
    - 1
  - - 1013
    - 1
  - - 1014
    - 1
  - - 1015
    - 1
  - - 1018
    - 1
  - - 1019
    - 2
  - - 1035
    - 1
  - - 1036
    - 1
  - - 1043
    - 1
  - - 1051
    - 1
  - - 1054
    - 1
  - - 1055
    - 1
  - - 1058
    - 1
  - - 1059
    - 1
  - - 1062
    - 1
  - - 1069
    - 1
  - - 1072
    - 1
  - - 1079
    - 1
  - - 1086
    - 1
  - - 1103
    - 1
  - - 1112
    - 2
  - - 1115
    - 1
  - - 1118
    - 1
  - - 1178
    - 1
  - - 1184
    - 1
  - - 1222
    - 1
  - - 1326
    - 1
  - - 1346
    - 1
  - - 1569
    - 1
  - - 1712
    - 1
  latency_50_percentile: 85.0
  latency_95_percentile: 363.0
  latency_99_5_percentile: 763.0
  latency_99_percentile: 665.0
  max_kubedns_cpu: 777
  max_kubedns_memory: 30
  max_latency: 1.712846
  max_perfserver_cpu: 0
  max_perfserver_memory: 0
  min_latency: 0.001088
  msg: null
  ok: true
  qps: 857.181489
  queries_completed: 102961
  queries_lost: 0
  queries_sent: 102961
  run_time: 120.115753
  stddev_latency: 0.120684
params:
  max_qps: null
  pod_name: dns-perf-client-858fb7568b-ftgx5
  query_file: all-queries.txt
  run_id: 1777667432
  run_length_seconds: 120
  run_subid: 0
stderr:
- ''
stdout:
- DNS Performance Testing Tool
- Nominum Version 2.1.0.0
- ''
- '[Status] Command line: dnsperf -s 10.0.0.10 -l 120 -d /queries/all-queries.txt'
- '[Status] Sending queries (to 10.0.0.10)'
- '[Status] Started at: Fri May  1 20:31:10 2026'
- '[Status] Stopping after 120.000000 seconds'
- '[Status] Testing complete (time limit)'
- ''
- 'Statistics:'
- ''
- '  Queries sent:         102961'
- '  Queries completed:    102961 (100.00%)'
- '  Queries lost:         0 (0.00%)'
- ''
- '  Response codes:       NOERROR 12354 (12.00%), NXDOMAIN 90607 (88.00%)'
- '  Average packet size:  request 39, response 122'
- '  Run time (s):         120.115753'
- '  Queries per second:   857.181489'
- ''
- '  Average Latency (s):  0.116454 (min 0.001088, max 1.712846)'
- '  Latency StdDev (s):   0.120684'
- ''
- '  Latency histogram'
- '#histogram 0 0'
- '#histogram 1 51'
- '#histogram 2 190'
- '#histogram 3 250'
- '#histogram 4 319'
- '#histogram 5 320'
- '#histogram 6 326'
- '#histogram 7 364'
- '#histogram 8 353'
- '#histogram 9 377'
- '#histogram 10 371'
- '#histogram 11 341'
- '#histogram 12 330'
- '#histogram 13 336'
- '#histogram 14 420'
- '#histogram 15 378'
- '#histogram 16 366'
- '#histogram 17 419'
- '#histogram 18 395'
- '#histogram 19 409'
- '#histogram 20 438'
- '#histogram 21 455'
- '#histogram 22 441'
- '#histogram 23 442'
- '#histogram 24 486'
- '#histogram 25 522'
- '#histogram 26 481'
- '#histogram 27 474'
- '#histogram 28 491'
- '#histogram 29 485'
- '#histogram 30 514'
- '#histogram 31 475'
- '#histogram 32 588'
- '#histogram 33 597'
- '#histogram 34 584'
- '#histogram 35 556'
- '#histogram 36 564'
- '#histogram 37 652'
- '#histogram 38 649'
- '#histogram 39 628'
- '#histogram 40 661'
- '#histogram 41 642'
- '#histogram 42 697'
- '#histogram 43 718'
- '#histogram 44 725'
- '#histogram 45 714'
- '#histogram 46 724'
- '#histogram 47 759'
- '#histogram 48 749'
- '#histogram 49 722'
- '#histogram 50 699'
- '#histogram 51 791'
- '#histogram 52 779'
- '#histogram 53 788'
- '#histogram 54 757'
- '#histogram 55 743'
- '#histogram 56 747'
- '#histogram 57 785'
- '#histogram 58 779'
- '#histogram 59 747'
- '#histogram 60 834'
- '#histogram 61 755'
- '#histogram 62 792'
- '#histogram 63 755'
- '#histogram 64 805'
- '#histogram 65 831'
- '#histogram 66 797'
- '#histogram 67 835'
- '#histogram 68 808'
- '#histogram 69 810'
- '#histogram 70 772'
- '#histogram 71 779'
- '#histogram 72 807'
- '#histogram 73 801'
- '#histogram 74 767'
- '#histogram 75 747'
- '#histogram 76 796'
- '#histogram 77 773'
- '#histogram 78 709'
- '#histogram 79 780'
- '#histogram 80 790'
- '#histogram 81 797'
- '#histogram 82 800'
- '#histogram 83 821'
- '#histogram 84 804'
- '#histogram 85 735'
- '#histogram 86 750'
- '#histogram 87 728'
- '#histogram 88 725'
- '#histogram 89 723'
- '#histogram 90 707'
- '#histogram 91 708'
- '#histogram 92 668'
- '#histogram 93 709'
- '#histogram 94 695'
- '#histogram 95 669'
- '#histogram 96 627'
- '#histogram 97 628'
- '#histogram 98 672'
- '#histogram 99 638'
- '#histogram 100 636'
- '#histogram 101 635'
- '#histogram 102 614'
- '#histogram 103 589'
- '#histogram 104 612'
- '#histogram 105 585'
- '#histogram 106 534'
- '#histogram 107 546'
- '#histogram 108 542'
- '#histogram 109 594'
- '#histogram 110 535'
- '#histogram 111 560'
- '#histogram 112 518'
- '#histogram 113 573'
- '#histogram 114 514'
- '#histogram 115 519'
- '#histogram 116 528'
- '#histogram 117 480'
- '#histogram 118 429'
- '#histogram 119 487'
- '#histogram 120 470'
- '#histogram 121 431'
- '#histogram 122 447'
- '#histogram 123 453'
- '#histogram 124 423'
- '#histogram 125 396'
- '#histogram 126 382'
- '#histogram 127 398'
- '#histogram 128 395'
- '#histogram 129 388'
- '#histogram 130 412'
- '#histogram 131 392'
- '#histogram 132 381'
- '#histogram 133 375'
- '#histogram 134 349'
- '#histogram 135 381'
- '#histogram 136 323'
- '#histogram 137 347'
- '#histogram 138 296'
- '#histogram 139 303'
- '#histogram 140 331'
- '#histogram 141 331'
- '#histogram 142 296'
- '#histogram 143 310'
- '#histogram 144 315'
- '#histogram 145 269'
- '#histogram 146 303'
- '#histogram 147 269'
- '#histogram 148 274'
- '#histogram 149 258'
- '#histogram 150 250'
- '#histogram 151 251'
- '#histogram 152 268'
- '#histogram 153 250'
- '#histogram 154 244'
- '#histogram 155 258'
- '#histogram 156 240'
- '#histogram 157 232'
- '#histogram 158 238'
- '#histogram 159 214'
- '#histogram 160 209'
- '#histogram 161 239'
- '#histogram 162 227'
- '#histogram 163 236'
- '#histogram 164 210'
- '#histogram 165 187'
- '#histogram 166 176'
- '#histogram 167 182'
- '#histogram 168 171'
- '#histogram 169 178'
- '#histogram 170 154'
- '#histogram 171 184'
- '#histogram 172 150'
- '#histogram 173 121'
- '#histogram 174 175'
- '#histogram 175 153'
- '#histogram 176 172'
- '#histogram 177 147'
- '#histogram 178 145'
- '#histogram 179 134'
- '#histogram 180 144'
- '#histogram 181 151'
- '#histogram 182 116'
- '#histogram 183 98'
- '#histogram 184 132'
- '#histogram 185 112'
- '#histogram 186 118'
- '#histogram 187 104'
- '#histogram 188 122'
- '#histogram 189 98'
- '#histogram 190 120'
- '#histogram 191 119'
- '#histogram 192 128'
- '#histogram 193 103'
- '#histogram 194 103'
- '#histogram 195 97'
- '#histogram 196 82'
- '#histogram 197 99'
- '#histogram 198 109'
- '#histogram 199 95'
- '#histogram 200 84'
- '#histogram 201 93'
- '#histogram 202 102'
- '#histogram 203 79'
- '#histogram 204 92'
- '#histogram 205 80'
- '#histogram 206 73'
- '#histogram 207 96'
- '#histogram 208 75'
- '#histogram 209 74'
- '#histogram 210 86'
- '#histogram 211 75'
- '#histogram 212 76'
- '#histogram 213 74'
- '#histogram 214 58'
- '#histogram 215 59'
- '#histogram 216 74'
- '#histogram 217 78'
- '#histogram 218 64'
- '#histogram 219 57'
- '#histogram 220 80'
- '#histogram 221 70'
- '#histogram 222 52'
- '#histogram 223 60'
- '#histogram 224 49'
- '#histogram 225 54'
- '#histogram 226 53'
- '#histogram 227 59'
- '#histogram 228 47'
- '#histogram 229 50'
- '#histogram 230 43'
- '#histogram 231 55'
- '#histogram 232 55'
- '#histogram 233 43'
- '#histogram 234 50'
- '#histogram 235 51'
- '#histogram 236 38'
- '#histogram 237 48'
- '#histogram 238 50'
- '#histogram 239 46'
- '#histogram 240 45'
- '#histogram 241 35'
- '#histogram 242 47'
- '#histogram 243 43'
- '#histogram 244 51'
- '#histogram 245 47'
- '#histogram 246 42'
- '#histogram 247 38'
- '#histogram 248 41'
- '#histogram 249 50'
- '#histogram 250 27'
- '#histogram 251 39'
- '#histogram 252 35'
- '#histogram 253 34'
- '#histogram 254 38'
- '#histogram 255 33'
- '#histogram 256 31'
- '#histogram 257 28'
- '#histogram 258 37'
- '#histogram 259 38'
- '#histogram 260 32'
- '#histogram 261 36'
- '#histogram 262 35'
- '#histogram 263 36'
- '#histogram 264 34'
- '#histogram 265 32'
- '#histogram 266 35'
- '#histogram 267 32'
- '#histogram 268 40'
- '#histogram 269 28'
- '#histogram 270 30'
- '#histogram 271 29'
- '#histogram 272 28'
- '#histogram 273 43'
- '#histogram 274 30'
- '#histogram 275 23'
- '#histogram 276 45'
- '#histogram 277 33'
- '#histogram 278 34'
- '#histogram 279 21'
- '#histogram 280 25'
- '#histogram 281 37'
- '#histogram 282 31'
- '#histogram 283 29'
- '#histogram 284 27'
- '#histogram 285 30'
- '#histogram 286 23'
- '#histogram 287 26'
- '#histogram 288 32'
- '#histogram 289 24'
- '#histogram 290 23'
- '#histogram 291 34'
- '#histogram 292 32'
- '#histogram 293 19'
- '#histogram 294 29'
- '#histogram 295 28'
- '#histogram 296 25'
- '#histogram 297 25'
- '#histogram 298 33'
- '#histogram 299 30'
- '#histogram 300 31'
- '#histogram 301 31'
- '#histogram 302 36'
- '#histogram 303 29'
- '#histogram 304 19'
- '#histogram 305 21'
- '#histogram 306 37'
- '#histogram 307 22'
- '#histogram 308 25'
- '#histogram 309 25'
- '#histogram 310 18'
- '#histogram 311 26'
- '#histogram 312 25'
- '#histogram 313 30'
- '#histogram 314 26'
- '#histogram 315 28'
- '#histogram 316 24'
- '#histogram 317 23'
- '#histogram 318 26'
- '#histogram 319 22'
- '#histogram 320 32'
- '#histogram 321 19'
- '#histogram 322 21'
- '#histogram 323 31'
- '#histogram 324 20'
- '#histogram 325 25'
- '#histogram 326 21'
- '#histogram 327 23'
- '#histogram 328 28'
- '#histogram 329 19'
- '#histogram 330 27'
- '#histogram 331 15'
- '#histogram 332 32'
- '#histogram 333 25'
- '#histogram 334 30'
- '#histogram 335 30'
- '#histogram 336 26'
- '#histogram 337 16'
- '#histogram 338 28'
- '#histogram 339 19'
- '#histogram 340 21'
- '#histogram 341 15'
- '#histogram 342 27'
- '#histogram 343 15'
- '#histogram 344 25'
- '#histogram 345 24'
- '#histogram 346 23'
- '#histogram 347 30'
- '#histogram 348 27'
- '#histogram 349 18'
- '#histogram 350 23'
- '#histogram 351 25'
- '#histogram 352 24'
- '#histogram 353 29'
- '#histogram 354 22'
- '#histogram 355 19'
- '#histogram 356 13'
- '#histogram 357 21'
- '#histogram 358 24'
- '#histogram 359 13'
- '#histogram 360 16'
- '#histogram 361 21'
- '#histogram 362 21'
- '#histogram 363 29'
- '#histogram 364 16'
- '#histogram 365 24'
- '#histogram 366 21'
- '#histogram 367 15'
- '#histogram 368 24'
- '#histogram 369 17'
- '#histogram 370 12'
- '#histogram 371 16'
- '#histogram 372 25'
- '#histogram 373 23'
- '#histogram 374 20'
- '#histogram 375 26'
- '#histogram 376 23'
- '#histogram 377 19'
- '#histogram 378 25'
- '#histogram 379 15'
- '#histogram 380 11'
- '#histogram 381 15'
- '#histogram 382 13'
- '#histogram 383 20'
- '#histogram 384 26'
- '#histogram 385 24'
- '#histogram 386 21'
- '#histogram 387 16'
- '#histogram 388 19'
- '#histogram 389 18'
- '#histogram 390 20'
- '#histogram 391 19'
- '#histogram 392 18'
- '#histogram 393 20'
- '#histogram 394 23'
- '#histogram 395 17'
- '#histogram 396 23'
- '#histogram 397 25'
- '#histogram 398 22'
- '#histogram 399 21'
- '#histogram 400 17'
- '#histogram 401 22'
- '#histogram 402 20'
- '#histogram 403 16'
- '#histogram 404 14'
- '#histogram 405 21'
- '#histogram 406 18'
- '#histogram 407 21'
- '#histogram 408 18'
- '#histogram 409 29'
- '#histogram 410 17'
- '#histogram 411 22'
- '#histogram 412 18'
- '#histogram 413 14'
- '#histogram 414 23'
- '#histogram 415 21'
- '#histogram 416 14'
- '#histogram 417 20'
- '#histogram 418 16'
- '#histogram 419 24'
- '#histogram 420 19'
- '#histogram 421 16'
- '#histogram 422 16'
- '#histogram 423 9'
- '#histogram 424 21'
- '#histogram 425 19'
- '#histogram 426 22'
- '#histogram 427 18'
- '#histogram 428 17'
- '#histogram 429 17'
- '#histogram 430 20'
- '#histogram 431 19'
- '#histogram 432 22'
- '#histogram 433 17'
- '#histogram 434 11'
- '#histogram 435 18'
- '#histogram 436 14'
- '#histogram 437 18'
- '#histogram 438 18'
- '#histogram 439 25'
- '#histogram 440 23'
- '#histogram 441 18'
- '#histogram 442 21'
- '#histogram 443 10'
- '#histogram 444 19'
- '#histogram 445 22'
- '#histogram 446 22'
- '#histogram 447 18'
- '#histogram 448 18'
- '#histogram 449 18'
- '#histogram 450 13'
- '#histogram 451 25'
- '#histogram 452 16'
- '#histogram 453 12'
- '#histogram 454 26'
- '#histogram 455 17'
- '#histogram 456 18'
- '#histogram 457 22'
- '#histogram 458 18'
- '#histogram 459 15'
- '#histogram 460 19'
- '#histogram 461 19'
- '#histogram 462 12'
- '#histogram 463 16'
- '#histogram 464 31'
- '#histogram 465 22'
- '#histogram 466 14'
- '#histogram 467 16'
- '#histogram 468 11'
- '#histogram 469 17'
- '#histogram 470 10'
- '#histogram 471 15'
- '#histogram 472 16'
- '#histogram 473 18'
- '#histogram 474 16'
- '#histogram 475 11'
- '#histogram 476 18'
- '#histogram 477 12'
- '#histogram 478 16'
- '#histogram 479 14'
- '#histogram 480 15'
- '#histogram 481 16'
- '#histogram 482 14'
- '#histogram 483 15'
- '#histogram 484 17'
- '#histogram 485 14'
- '#histogram 486 17'
- '#histogram 487 13'
- '#histogram 488 17'
- '#histogram 489 14'
- '#histogram 490 14'
- '#histogram 491 8'
- '#histogram 492 18'
- '#histogram 493 14'
- '#histogram 494 10'
- '#histogram 495 15'
- '#histogram 496 23'
- '#histogram 497 9'
- '#histogram 498 11'
- '#histogram 499 14'
- '#histogram 500 18'
- '#histogram 501 6'
- '#histogram 502 29'
- '#histogram 503 14'
- '#histogram 504 14'
- '#histogram 505 9'
- '#histogram 506 14'
- '#histogram 507 16'
- '#histogram 508 17'
- '#histogram 509 12'
- '#histogram 510 11'
- '#histogram 511 16'
- '#histogram 512 12'
- '#histogram 513 16'
- '#histogram 514 11'
- '#histogram 515 20'
- '#histogram 516 20'
- '#histogram 517 9'
- '#histogram 518 11'
- '#histogram 519 10'
- '#histogram 520 16'
- '#histogram 521 11'
- '#histogram 522 8'
- '#histogram 523 14'
- '#histogram 524 19'
- '#histogram 525 14'
- '#histogram 526 16'
- '#histogram 527 12'
- '#histogram 528 18'
- '#histogram 529 6'
- '#histogram 530 11'
- '#histogram 531 2'
- '#histogram 532 11'
- '#histogram 533 19'
- '#histogram 534 16'
- '#histogram 535 12'
- '#histogram 536 9'
- '#histogram 537 9'
- '#histogram 538 9'
- '#histogram 539 10'
- '#histogram 540 14'
- '#histogram 541 7'
- '#histogram 542 9'
- '#histogram 543 5'
- '#histogram 544 11'
- '#histogram 545 12'
- '#histogram 546 10'
- '#histogram 547 14'
- '#histogram 548 5'
- '#histogram 549 14'
- '#histogram 550 16'
- '#histogram 551 16'
- '#histogram 552 16'
- '#histogram 553 15'
- '#histogram 554 10'
- '#histogram 555 10'
- '#histogram 556 13'
- '#histogram 557 6'
- '#histogram 558 11'
- '#histogram 559 11'
- '#histogram 560 4'
- '#histogram 561 8'
- '#histogram 562 6'
- '#histogram 563 10'
- '#histogram 564 7'
- '#histogram 565 13'
- '#histogram 566 16'
- '#histogram 567 12'
- '#histogram 568 12'
- '#histogram 569 13'
- '#histogram 570 6'
- '#histogram 571 4'
- '#histogram 572 13'
- '#histogram 573 8'
- '#histogram 574 11'
- '#histogram 575 8'
- '#histogram 576 12'
- '#histogram 577 18'
- '#histogram 578 11'
- '#histogram 579 13'
- '#histogram 580 9'
- '#histogram 581 15'
- '#histogram 582 14'
- '#histogram 583 8'
- '#histogram 584 5'
- '#histogram 585 8'
- '#histogram 586 8'
- '#histogram 587 7'
- '#histogram 588 4'
- '#histogram 589 9'
- '#histogram 590 8'
- '#histogram 591 6'
- '#histogram 592 9'
- '#histogram 593 15'
- '#histogram 594 10'
- '#histogram 595 5'
- '#histogram 596 8'
- '#histogram 597 7'
- '#histogram 598 11'
- '#histogram 599 7'
- '#histogram 600 10'
- '#histogram 601 16'
- '#histogram 602 13'
- '#histogram 603 8'
- '#histogram 604 14'
- '#histogram 605 12'
- '#histogram 606 5'
- '#histogram 607 5'
- '#histogram 608 9'
- '#histogram 609 7'
- '#histogram 610 8'
- '#histogram 611 13'
- '#histogram 612 5'
- '#histogram 613 11'
- '#histogram 614 13'
- '#histogram 615 9'
- '#histogram 616 7'
- '#histogram 617 7'
- '#histogram 618 10'
- '#histogram 619 4'
- '#histogram 620 9'
- '#histogram 621 7'
- '#histogram 622 11'
- '#histogram 623 4'
- '#histogram 624 14'
- '#histogram 625 5'
- '#histogram 626 10'
- '#histogram 627 8'
- '#histogram 628 7'
- '#histogram 629 4'
- '#histogram 630 6'
- '#histogram 631 8'
- '#histogram 632 9'
- '#histogram 633 14'
- '#histogram 634 11'
- '#histogram 635 5'
- '#histogram 636 9'
- '#histogram 637 8'
- '#histogram 638 7'
- '#histogram 639 3'
- '#histogram 640 6'
- '#histogram 641 10'
- '#histogram 642 9'
- '#histogram 643 10'
- '#histogram 644 8'
- '#histogram 645 7'
- '#histogram 646 8'
- '#histogram 647 7'
- '#histogram 648 6'
- '#histogram 649 11'
- '#histogram 650 10'
- '#histogram 651 8'
- '#histogram 652 12'
- '#histogram 653 9'
- '#histogram 654 11'
- '#histogram 655 7'
- '#histogram 656 10'
- '#histogram 657 4'
- '#histogram 658 8'
- '#histogram 659 8'
- '#histogram 660 5'
- '#histogram 661 6'
- '#histogram 662 8'
- '#histogram 663 5'
- '#histogram 664 6'
- '#histogram 665 8'
- '#histogram 666 10'
- '#histogram 667 7'
- '#histogram 668 11'
- '#histogram 669 2'
- '#histogram 670 8'
- '#histogram 671 7'
- '#histogram 672 8'
- '#histogram 673 11'
- '#histogram 674 5'
- '#histogram 675 9'
- '#histogram 676 8'
- '#histogram 677 4'
- '#histogram 678 9'
- '#histogram 679 11'
- '#histogram 680 9'
- '#histogram 681 9'
- '#histogram 682 8'
- '#histogram 683 2'
- '#histogram 684 7'
- '#histogram 685 6'
- '#histogram 686 10'
- '#histogram 687 10'
- '#histogram 688 6'
- '#histogram 689 6'
- '#histogram 690 8'
- '#histogram 691 2'
- '#histogram 692 4'
- '#histogram 693 4'
- '#histogram 694 5'
- '#histogram 695 8'
- '#histogram 696 7'
- '#histogram 697 3'
- '#histogram 698 8'
- '#histogram 699 6'
- '#histogram 700 2'
- '#histogram 701 1'
- '#histogram 702 6'
- '#histogram 703 2'
- '#histogram 704 6'
- '#histogram 705 4'
- '#histogram 706 4'
- '#histogram 707 9'
- '#histogram 708 10'
- '#histogram 709 4'
- '#histogram 710 2'
- '#histogram 711 5'
- '#histogram 712 3'
- '#histogram 713 4'
- '#histogram 714 6'
- '#histogram 715 3'
- '#histogram 716 5'
- '#histogram 717 7'
- '#histogram 718 4'
- '#histogram 719 7'
- '#histogram 720 5'
- '#histogram 721 2'
- '#histogram 722 5'
- '#histogram 723 9'
- '#histogram 724 5'
- '#histogram 725 5'
- '#histogram 726 6'
- '#histogram 727 3'
- '#histogram 728 3'
- '#histogram 729 7'
- '#histogram 730 7'
- '#histogram 731 7'
- '#histogram 732 2'
- '#histogram 733 7'
- '#histogram 734 7'
- '#histogram 735 1'
- '#histogram 736 2'
- '#histogram 737 3'
- '#histogram 738 1'
- '#histogram 739 2'
- '#histogram 740 2'
- '#histogram 741 5'
- '#histogram 742 3'
- '#histogram 743 2'
- '#histogram 744 4'
- '#histogram 745 3'
- '#histogram 746 4'
- '#histogram 747 2'
- '#histogram 748 1'
- '#histogram 749 9'
- '#histogram 750 3'
- '#histogram 751 3'
- '#histogram 752 5'
- '#histogram 753 10'
- '#histogram 754 2'
- '#histogram 755 6'
- '#histogram 756 2'
- '#histogram 757 6'
- '#histogram 758 5'
- '#histogram 759 4'
- '#histogram 760 4'
- '#histogram 761 3'
- '#histogram 762 1'
- '#histogram 763 3'
- '#histogram 764 4'
- '#histogram 765 7'
- '#histogram 766 4'
- '#histogram 767 5'
- '#histogram 768 3'
- '#histogram 769 6'
- '#histogram 770 5'
- '#histogram 771 3'
- '#histogram 772 4'
- '#histogram 773 6'
- '#histogram 774 2'
- '#histogram 775 2'
- '#histogram 776 6'
- '#histogram 777 1'
- '#histogram 778 4'
- '#histogram 779 2'
- '#histogram 780 6'
- '#histogram 781 7'
- '#histogram 782 10'
- '#histogram 783 3'
- '#histogram 784 1'
- '#histogram 785 4'
- '#histogram 786 5'
- '#histogram 787 2'
- '#histogram 788 4'
- '#histogram 789 7'
- '#histogram 790 6'
- '#histogram 791 3'
- '#histogram 792 5'
- '#histogram 793 4'
- '#histogram 794 2'
- '#histogram 795 6'
- '#histogram 796 3'
- '#histogram 797 2'
- '#histogram 798 2'
- '#histogram 799 5'
- '#histogram 800 2'
- '#histogram 801 1'
- '#histogram 802 1'
- '#histogram 803 3'
- '#histogram 804 4'
- '#histogram 805 4'
- '#histogram 806 5'
- '#histogram 807 5'
- '#histogram 809 3'
- '#histogram 810 3'
- '#histogram 811 1'
- '#histogram 812 5'
- '#histogram 813 3'
- '#histogram 814 2'
- '#histogram 815 3'
- '#histogram 816 5'
- '#histogram 817 6'
- '#histogram 818 2'
- '#histogram 819 1'
- '#histogram 820 2'
- '#histogram 821 3'
- '#histogram 822 2'
- '#histogram 823 2'
- '#histogram 824 1'
- '#histogram 825 3'
- '#histogram 826 4'
- '#histogram 828 7'
- '#histogram 829 1'
- '#histogram 830 3'
- '#histogram 831 1'
- '#histogram 832 3'
- '#histogram 833 1'
- '#histogram 834 4'
- '#histogram 835 2'
- '#histogram 836 2'
- '#histogram 838 4'
- '#histogram 839 6'
- '#histogram 841 5'
- '#histogram 842 2'
- '#histogram 843 1'
- '#histogram 844 3'
- '#histogram 845 4'
- '#histogram 846 2'
- '#histogram 847 4'
- '#histogram 849 4'
- '#histogram 850 1'
- '#histogram 851 3'
- '#histogram 852 2'
- '#histogram 853 1'
- '#histogram 854 1'
- '#histogram 855 3'
- '#histogram 856 1'
- '#histogram 857 1'
- '#histogram 858 3'
- '#histogram 859 2'
- '#histogram 860 2'
- '#histogram 861 1'
- '#histogram 862 1'
- '#histogram 863 2'
- '#histogram 864 1'
- '#histogram 865 2'
- '#histogram 866 1'
- '#histogram 867 1'
- '#histogram 868 4'
- '#histogram 869 1'
- '#histogram 870 3'
- '#histogram 871 1'
- '#histogram 872 3'
- '#histogram 874 4'
- '#histogram 875 3'
- '#histogram 876 2'
- '#histogram 878 1'
- '#histogram 879 2'
- '#histogram 880 7'
- '#histogram 881 4'
- '#histogram 883 2'
- '#histogram 884 1'
- '#histogram 885 2'
- '#histogram 886 2'
- '#histogram 887 3'
- '#histogram 888 2'
- '#histogram 889 3'
- '#histogram 890 2'
- '#histogram 891 1'
- '#histogram 892 3'
- '#histogram 893 3'
- '#histogram 894 1'
- '#histogram 895 2'
- '#histogram 896 2'
- '#histogram 900 4'
- '#histogram 902 1'
- '#histogram 903 1'
- '#histogram 904 1'
- '#histogram 905 1'
- '#histogram 907 1'
- '#histogram 908 1'
- '#histogram 909 2'
- '#histogram 911 1'
- '#histogram 913 1'
- '#histogram 914 2'
- '#histogram 916 2'
- '#histogram 917 4'
- '#histogram 918 5'
- '#histogram 920 3'
- '#histogram 923 1'
- '#histogram 925 1'
- '#histogram 927 1'
- '#histogram 928 1'
- '#histogram 932 4'
- '#histogram 933 1'
- '#histogram 934 3'
- '#histogram 936 1'
- '#histogram 938 1'
- '#histogram 939 1'
- '#histogram 941 1'
- '#histogram 942 1'
- '#histogram 943 1'
- '#histogram 944 2'
- '#histogram 945 3'
- '#histogram 947 1'
- '#histogram 948 1'
- '#histogram 950 2'
- '#histogram 952 1'
- '#histogram 955 1'
- '#histogram 956 3'
- '#histogram 957 2'
- '#histogram 960 3'
- '#histogram 961 2'
- '#histogram 963 1'
- '#histogram 964 2'
- '#histogram 965 3'
- '#histogram 967 1'
- '#histogram 968 3'
- '#histogram 970 1'
- '#histogram 971 1'
- '#histogram 974 3'
- '#histogram 980 1'
- '#histogram 982 1'
- '#histogram 983 2'
- '#histogram 984 1'
- '#histogram 987 1'
- '#histogram 988 1'
- '#histogram 989 2'
- '#histogram 993 2'
- '#histogram 994 1'
- '#histogram 1000 1'
- '#histogram 1001 2'
- '#histogram 1006 2'
- '#histogram 1008 1'
- '#histogram 1010 1'
- '#histogram 1013 1'
- '#histogram 1014 1'
- '#histogram 1015 1'
- '#histogram 1018 1'
- '#histogram 1019 2'
- '#histogram 1035 1'
- '#histogram 1036 1'
- '#histogram 1043 1'
- '#histogram 1051 1'
- '#histogram 1054 1'
- '#histogram 1055 1'
- '#histogram 1058 1'
- '#histogram 1059 1'
- '#histogram 1062 1'
- '#histogram 1069 1'
- '#histogram 1072 1'
- '#histogram 1079 1'
- '#histogram 1086 1'
- '#histogram 1103 1'
- '#histogram 1112 2'
- '#histogram 1115 1'
- '#histogram 1118 1'
- '#histogram 1178 1'
- '#histogram 1184 1'
- '#histogram 1222 1'
- '#histogram 1326 1'
- '#histogram 1346 1'
- '#histogram 1569 1'
- '#histogram 1712 1'
- ''
