code: 0
data:
  avg_latency: 0.116534
  histogram:
  - - 0
    - 0
  - - 1
    - 52
  - - 2
    - 187
  - - 3
    - 263
  - - 4
    - 264
  - - 5
    - 299
  - - 6
    - 357
  - - 7
    - 316
  - - 8
    - 349
  - - 9
    - 334
  - - 10
    - 388
  - - 11
    - 362
  - - 12
    - 353
  - - 13
    - 394
  - - 14
    - 355
  - - 15
    - 371
  - - 16
    - 440
  - - 17
    - 398
  - - 18
    - 398
  - - 19
    - 398
  - - 20
    - 409
  - - 21
    - 400
  - - 22
    - 446
  - - 23
    - 465
  - - 24
    - 512
  - - 25
    - 479
  - - 26
    - 491
  - - 27
    - 416
  - - 28
    - 507
  - - 29
    - 562
  - - 30
    - 544
  - - 31
    - 555
  - - 32
    - 559
  - - 33
    - 561
  - - 34
    - 575
  - - 35
    - 582
  - - 36
    - 597
  - - 37
    - 602
  - - 38
    - 667
  - - 39
    - 614
  - - 40
    - 628
  - - 41
    - 663
  - - 42
    - 678
  - - 43
    - 687
  - - 44
    - 668
  - - 45
    - 717
  - - 46
    - 750
  - - 47
    - 707
  - - 48
    - 726
  - - 49
    - 774
  - - 50
    - 728
  - - 51
    - 719
  - - 52
    - 735
  - - 53
    - 755
  - - 54
    - 748
  - - 55
    - 745
  - - 56
    - 812
  - - 57
    - 771
  - - 58
    - 784
  - - 59
    - 760
  - - 60
    - 801
  - - 61
    - 786
  - - 62
    - 805
  - - 63
    - 791
  - - 64
    - 838
  - - 65
    - 781
  - - 66
    - 823
  - - 67
    - 769
  - - 68
    - 778
  - - 69
    - 805
  - - 70
    - 780
  - - 71
    - 836
  - - 72
    - 805
  - - 73
    - 841
  - - 74
    - 778
  - - 75
    - 809
  - - 76
    - 773
  - - 77
    - 744
  - - 78
    - 781
  - - 79
    - 795
  - - 80
    - 786
  - - 81
    - 759
  - - 82
    - 770
  - - 83
    - 739
  - - 84
    - 713
  - - 85
    - 756
  - - 86
    - 737
  - - 87
    - 776
  - - 88
    - 708
  - - 89
    - 719
  - - 90
    - 705
  - - 91
    - 705
  - - 92
    - 697
  - - 93
    - 721
  - - 94
    - 706
  - - 95
    - 686
  - - 96
    - 684
  - - 97
    - 624
  - - 98
    - 646
  - - 99
    - 646
  - - 100
    - 678
  - - 101
    - 629
  - - 102
    - 624
  - - 103
    - 610
  - - 104
    - 627
  - - 105
    - 592
  - - 106
    - 574
  - - 107
    - 527
  - - 108
    - 538
  - - 109
    - 541
  - - 110
    - 597
  - - 111
    - 548
  - - 112
    - 501
  - - 113
    - 545
  - - 114
    - 522
  - - 115
    - 522
  - - 116
    - 486
  - - 117
    - 490
  - - 118
    - 482
  - - 119
    - 470
  - - 120
    - 484
  - - 121
    - 449
  - - 122
    - 467
  - - 123
    - 409
  - - 124
    - 396
  - - 125
    - 468
  - - 126
    - 420
  - - 127
    - 437
  - - 128
    - 375
  - - 129
    - 406
  - - 130
    - 398
  - - 131
    - 357
  - - 132
    - 343
  - - 133
    - 395
  - - 134
    - 338
  - - 135
    - 406
  - - 136
    - 339
  - - 137
    - 328
  - - 138
    - 318
  - - 139
    - 328
  - - 140
    - 355
  - - 141
    - 318
  - - 142
    - 303
  - - 143
    - 286
  - - 144
    - 300
  - - 145
    - 289
  - - 146
    - 277
  - - 147
    - 287
  - - 148
    - 248
  - - 149
    - 247
  - - 150
    - 255
  - - 151
    - 269
  - - 152
    - 264
  - - 153
    - 248
  - - 154
    - 227
  - - 155
    - 229
  - - 156
    - 247
  - - 157
    - 207
  - - 158
    - 248
  - - 159
    - 211
  - - 160
    - 199
  - - 161
    - 203
  - - 162
    - 197
  - - 163
    - 200
  - - 164
    - 235
  - - 165
    - 187
  - - 166
    - 187
  - - 167
    - 188
  - - 168
    - 174
  - - 169
    - 202
  - - 170
    - 161
  - - 171
    - 172
  - - 172
    - 163
  - - 173
    - 174
  - - 174
    - 161
  - - 175
    - 164
  - - 176
    - 155
  - - 177
    - 141
  - - 178
    - 156
  - - 179
    - 119
  - - 180
    - 142
  - - 181
    - 140
  - - 182
    - 140
  - - 183
    - 98
  - - 184
    - 135
  - - 185
    - 132
  - - 186
    - 135
  - - 187
    - 115
  - - 188
    - 127
  - - 189
    - 91
  - - 190
    - 130
  - - 191
    - 102
  - - 192
    - 106
  - - 193
    - 110
  - - 194
    - 104
  - - 195
    - 114
  - - 196
    - 113
  - - 197
    - 99
  - - 198
    - 88
  - - 199
    - 103
  - - 200
    - 98
  - - 201
    - 80
  - - 202
    - 87
  - - 203
    - 80
  - - 204
    - 82
  - - 205
    - 80
  - - 206
    - 74
  - - 207
    - 71
  - - 208
    - 75
  - - 209
    - 71
  - - 210
    - 90
  - - 211
    - 76
  - - 212
    - 79
  - - 213
    - 70
  - - 214
    - 67
  - - 215
    - 60
  - - 216
    - 68
  - - 217
    - 78
  - - 218
    - 52
  - - 219
    - 66
  - - 220
    - 65
  - - 221
    - 62
  - - 222
    - 63
  - - 223
    - 73
  - - 224
    - 54
  - - 225
    - 55
  - - 226
    - 60
  - - 227
    - 59
  - - 228
    - 41
  - - 229
    - 49
  - - 230
    - 56
  - - 231
    - 47
  - - 232
    - 39
  - - 233
    - 45
  - - 234
    - 42
  - - 235
    - 42
  - - 236
    - 52
  - - 237
    - 49
  - - 238
    - 40
  - - 239
    - 53
  - - 240
    - 44
  - - 241
    - 33
  - - 242
    - 51
  - - 243
    - 37
  - - 244
    - 44
  - - 245
    - 36
  - - 246
    - 44
  - - 247
    - 40
  - - 248
    - 32
  - - 249
    - 30
  - - 250
    - 37
  - - 251
    - 39
  - - 252
    - 36
  - - 253
    - 38
  - - 254
    - 39
  - - 255
    - 37
  - - 256
    - 45
  - - 257
    - 39
  - - 258
    - 30
  - - 259
    - 27
  - - 260
    - 32
  - - 261
    - 31
  - - 262
    - 32
  - - 263
    - 43
  - - 264
    - 30
  - - 265
    - 26
  - - 266
    - 32
  - - 267
    - 32
  - - 268
    - 13
  - - 269
    - 28
  - - 270
    - 28
  - - 271
    - 33
  - - 272
    - 35
  - - 273
    - 36
  - - 274
    - 34
  - - 275
    - 51
  - - 276
    - 29
  - - 277
    - 39
  - - 278
    - 34
  - - 279
    - 23
  - - 280
    - 21
  - - 281
    - 32
  - - 282
    - 33
  - - 283
    - 29
  - - 284
    - 28
  - - 285
    - 32
  - - 286
    - 24
  - - 287
    - 27
  - - 288
    - 26
  - - 289
    - 29
  - - 290
    - 26
  - - 291
    - 21
  - - 292
    - 27
  - - 293
    - 28
  - - 294
    - 38
  - - 295
    - 28
  - - 296
    - 26
  - - 297
    - 36
  - - 298
    - 19
  - - 299
    - 34
  - - 300
    - 37
  - - 301
    - 17
  - - 302
    - 26
  - - 303
    - 27
  - - 304
    - 24
  - - 305
    - 26
  - - 306
    - 35
  - - 307
    - 38
  - - 308
    - 24
  - - 309
    - 22
  - - 310
    - 21
  - - 311
    - 31
  - - 312
    - 18
  - - 313
    - 14
  - - 314
    - 23
  - - 315
    - 20
  - - 316
    - 29
  - - 317
    - 23
  - - 318
    - 23
  - - 319
    - 26
  - - 320
    - 26
  - - 321
    - 25
  - - 322
    - 32
  - - 323
    - 16
  - - 324
    - 28
  - - 325
    - 30
  - - 326
    - 31
  - - 327
    - 33
  - - 328
    - 26
  - - 329
    - 19
  - - 330
    - 28
  - - 331
    - 18
  - - 332
    - 31
  - - 333
    - 14
  - - 334
    - 29
  - - 335
    - 31
  - - 336
    - 26
  - - 337
    - 23
  - - 338
    - 16
  - - 339
    - 22
  - - 340
    - 23
  - - 341
    - 18
  - - 342
    - 18
  - - 343
    - 24
  - - 344
    - 19
  - - 345
    - 23
  - - 346
    - 24
  - - 347
    - 21
  - - 348
    - 27
  - - 349
    - 14
  - - 350
    - 31
  - - 351
    - 25
  - - 352
    - 23
  - - 353
    - 32
  - - 354
    - 23
  - - 355
    - 21
  - - 356
    - 24
  - - 357
    - 19
  - - 358
    - 22
  - - 359
    - 26
  - - 360
    - 28
  - - 361
    - 15
  - - 362
    - 24
  - - 363
    - 11
  - - 364
    - 21
  - - 365
    - 16
  - - 366
    - 19
  - - 367
    - 25
  - - 368
    - 24
  - - 369
    - 16
  - - 370
    - 19
  - - 371
    - 20
  - - 372
    - 22
  - - 373
    - 26
  - - 374
    - 17
  - - 375
    - 17
  - - 376
    - 12
  - - 377
    - 19
  - - 378
    - 19
  - - 379
    - 17
  - - 380
    - 18
  - - 381
    - 22
  - - 382
    - 14
  - - 383
    - 20
  - - 384
    - 22
  - - 385
    - 22
  - - 386
    - 18
  - - 387
    - 19
  - - 388
    - 21
  - - 389
    - 26
  - - 390
    - 20
  - - 391
    - 21
  - - 392
    - 15
  - - 393
    - 23
  - - 394
    - 27
  - - 395
    - 21
  - - 396
    - 24
  - - 397
    - 21
  - - 398
    - 25
  - - 399
    - 28
  - - 400
    - 21
  - - 401
    - 20
  - - 402
    - 17
  - - 403
    - 20
  - - 404
    - 23
  - - 405
    - 19
  - - 406
    - 19
  - - 407
    - 17
  - - 408
    - 22
  - - 409
    - 20
  - - 410
    - 28
  - - 411
    - 16
  - - 412
    - 10
  - - 413
    - 15
  - - 414
    - 9
  - - 415
    - 19
  - - 416
    - 22
  - - 417
    - 21
  - - 418
    - 20
  - - 419
    - 11
  - - 420
    - 21
  - - 421
    - 19
  - - 422
    - 18
  - - 423
    - 10
  - - 424
    - 16
  - - 425
    - 14
  - - 426
    - 17
  - - 427
    - 29
  - - 428
    - 25
  - - 429
    - 14
  - - 430
    - 17
  - - 431
    - 19
  - - 432
    - 27
  - - 433
    - 20
  - - 434
    - 14
  - - 435
    - 19
  - - 436
    - 15
  - - 437
    - 20
  - - 438
    - 9
  - - 439
    - 13
  - - 440
    - 18
  - - 441
    - 17
  - - 442
    - 17
  - - 443
    - 18
  - - 444
    - 21
  - - 445
    - 16
  - - 446
    - 22
  - - 447
    - 20
  - - 448
    - 17
  - - 449
    - 18
  - - 450
    - 24
  - - 451
    - 17
  - - 452
    - 12
  - - 453
    - 18
  - - 454
    - 17
  - - 455
    - 19
  - - 456
    - 20
  - - 457
    - 23
  - - 458
    - 15
  - - 459
    - 20
  - - 460
    - 19
  - - 461
    - 27
  - - 462
    - 14
  - - 463
    - 14
  - - 464
    - 18
  - - 465
    - 20
  - - 466
    - 23
  - - 467
    - 17
  - - 468
    - 12
  - - 469
    - 12
  - - 470
    - 16
  - - 471
    - 12
  - - 472
    - 20
  - - 473
    - 14
  - - 474
    - 15
  - - 475
    - 16
  - - 476
    - 16
  - - 477
    - 15
  - - 478
    - 15
  - - 479
    - 15
  - - 480
    - 13
  - - 481
    - 17
  - - 482
    - 20
  - - 483
    - 12
  - - 484
    - 9
  - - 485
    - 16
  - - 486
    - 12
  - - 487
    - 17
  - - 488
    - 15
  - - 489
    - 15
  - - 490
    - 11
  - - 491
    - 15
  - - 492
    - 14
  - - 493
    - 17
  - - 494
    - 14
  - - 495
    - 10
  - - 496
    - 12
  - - 497
    - 17
  - - 498
    - 15
  - - 499
    - 13
  - - 500
    - 14
  - - 501
    - 14
  - - 502
    - 16
  - - 503
    - 8
  - - 504
    - 19
  - - 505
    - 14
  - - 506
    - 13
  - - 507
    - 15
  - - 508
    - 15
  - - 509
    - 17
  - - 510
    - 11
  - - 511
    - 13
  - - 512
    - 8
  - - 513
    - 21
  - - 514
    - 9
  - - 515
    - 9
  - - 516
    - 8
  - - 517
    - 7
  - - 518
    - 13
  - - 519
    - 22
  - - 520
    - 12
  - - 521
    - 6
  - - 522
    - 11
  - - 523
    - 14
  - - 524
    - 11
  - - 525
    - 12
  - - 526
    - 12
  - - 527
    - 11
  - - 528
    - 5
  - - 529
    - 18
  - - 530
    - 17
  - - 531
    - 8
  - - 532
    - 8
  - - 533
    - 18
  - - 534
    - 13
  - - 535
    - 7
  - - 536
    - 13
  - - 537
    - 2
  - - 538
    - 15
  - - 539
    - 10
  - - 540
    - 7
  - - 541
    - 10
  - - 542
    - 4
  - - 543
    - 14
  - - 544
    - 13
  - - 545
    - 11
  - - 546
    - 16
  - - 547
    - 10
  - - 548
    - 8
  - - 549
    - 7
  - - 550
    - 12
  - - 551
    - 11
  - - 552
    - 12
  - - 553
    - 7
  - - 554
    - 9
  - - 555
    - 8
  - - 556
    - 11
  - - 557
    - 9
  - - 558
    - 17
  - - 559
    - 12
  - - 560
    - 14
  - - 561
    - 6
  - - 562
    - 8
  - - 563
    - 12
  - - 564
    - 8
  - - 565
    - 8
  - - 566
    - 16
  - - 567
    - 16
  - - 568
    - 6
  - - 569
    - 9
  - - 570
    - 11
  - - 571
    - 11
  - - 572
    - 12
  - - 573
    - 15
  - - 574
    - 7
  - - 575
    - 7
  - - 576
    - 15
  - - 577
    - 10
  - - 578
    - 10
  - - 579
    - 9
  - - 580
    - 14
  - - 581
    - 14
  - - 582
    - 10
  - - 583
    - 12
  - - 584
    - 11
  - - 585
    - 14
  - - 586
    - 4
  - - 587
    - 6
  - - 588
    - 8
  - - 589
    - 11
  - - 590
    - 12
  - - 591
    - 7
  - - 592
    - 13
  - - 593
    - 14
  - - 594
    - 16
  - - 595
    - 11
  - - 596
    - 6
  - - 597
    - 12
  - - 598
    - 10
  - - 599
    - 11
  - - 600
    - 9
  - - 601
    - 16
  - - 602
    - 9
  - - 603
    - 7
  - - 604
    - 11
  - - 605
    - 9
  - - 606
    - 13
  - - 607
    - 10
  - - 608
    - 9
  - - 609
    - 11
  - - 610
    - 8
  - - 611
    - 3
  - - 612
    - 9
  - - 613
    - 10
  - - 614
    - 12
  - - 615
    - 11
  - - 616
    - 10
  - - 617
    - 8
  - - 618
    - 12
  - - 619
    - 11
  - - 620
    - 11
  - - 621
    - 8
  - - 622
    - 6
  - - 623
    - 10
  - - 624
    - 7
  - - 625
    - 3
  - - 626
    - 8
  - - 627
    - 6
  - - 628
    - 10
  - - 629
    - 9
  - - 630
    - 4
  - - 631
    - 8
  - - 632
    - 4
  - - 633
    - 6
  - - 634
    - 9
  - - 635
    - 8
  - - 636
    - 8
  - - 637
    - 4
  - - 638
    - 10
  - - 639
    - 2
  - - 640
    - 12
  - - 641
    - 8
  - - 642
    - 12
  - - 643
    - 10
  - - 644
    - 12
  - - 645
    - 8
  - - 646
    - 9
  - - 647
    - 10
  - - 648
    - 8
  - - 649
    - 10
  - - 650
    - 4
  - - 651
    - 7
  - - 652
    - 6
  - - 653
    - 5
  - - 654
    - 10
  - - 655
    - 6
  - - 656
    - 9
  - - 657
    - 4
  - - 658
    - 9
  - - 659
    - 8
  - - 660
    - 3
  - - 661
    - 9
  - - 662
    - 9
  - - 663
    - 5
  - - 664
    - 7
  - - 665
    - 8
  - - 666
    - 4
  - - 667
    - 3
  - - 668
    - 6
  - - 669
    - 9
  - - 670
    - 5
  - - 671
    - 7
  - - 672
    - 2
  - - 673
    - 9
  - - 674
    - 7
  - - 675
    - 8
  - - 676
    - 5
  - - 677
    - 6
  - - 678
    - 4
  - - 679
    - 7
  - - 680
    - 8
  - - 681
    - 5
  - - 682
    - 7
  - - 683
    - 5
  - - 684
    - 2
  - - 685
    - 4
  - - 686
    - 6
  - - 687
    - 4
  - - 688
    - 3
  - - 689
    - 9
  - - 690
    - 4
  - - 691
    - 5
  - - 692
    - 9
  - - 693
    - 7
  - - 694
    - 7
  - - 695
    - 8
  - - 696
    - 7
  - - 697
    - 5
  - - 698
    - 11
  - - 699
    - 7
  - - 700
    - 5
  - - 701
    - 6
  - - 702
    - 4
  - - 703
    - 5
  - - 704
    - 3
  - - 705
    - 6
  - - 706
    - 4
  - - 707
    - 2
  - - 708
    - 7
  - - 709
    - 2
  - - 710
    - 7
  - - 711
    - 8
  - - 712
    - 4
  - - 713
    - 6
  - - 714
    - 2
  - - 715
    - 10
  - - 716
    - 10
  - - 717
    - 3
  - - 718
    - 4
  - - 719
    - 3
  - - 720
    - 7
  - - 721
    - 1
  - - 722
    - 6
  - - 723
    - 5
  - - 724
    - 10
  - - 725
    - 5
  - - 726
    - 4
  - - 727
    - 3
  - - 728
    - 6
  - - 729
    - 2
  - - 730
    - 1
  - - 731
    - 7
  - - 732
    - 5
  - - 733
    - 6
  - - 734
    - 3
  - - 735
    - 6
  - - 736
    - 4
  - - 737
    - 5
  - - 738
    - 6
  - - 739
    - 7
  - - 740
    - 5
  - - 741
    - 2
  - - 742
    - 3
  - - 743
    - 3
  - - 744
    - 4
  - - 745
    - 9
  - - 746
    - 9
  - - 747
    - 5
  - - 748
    - 2
  - - 749
    - 4
  - - 750
    - 4
  - - 751
    - 5
  - - 752
    - 1
  - - 753
    - 3
  - - 755
    - 4
  - - 756
    - 9
  - - 757
    - 3
  - - 758
    - 2
  - - 759
    - 5
  - - 760
    - 2
  - - 761
    - 2
  - - 762
    - 3
  - - 763
    - 6
  - - 764
    - 5
  - - 765
    - 3
  - - 766
    - 4
  - - 767
    - 4
  - - 768
    - 4
  - - 769
    - 4
  - - 770
    - 4
  - - 771
    - 4
  - - 772
    - 3
  - - 773
    - 3
  - - 774
    - 3
  - - 775
    - 7
  - - 776
    - 7
  - - 777
    - 4
  - - 778
    - 7
  - - 779
    - 4
  - - 780
    - 3
  - - 781
    - 4
  - - 783
    - 6
  - - 784
    - 6
  - - 785
    - 6
  - - 786
    - 6
  - - 787
    - 10
  - - 788
    - 4
  - - 789
    - 5
  - - 790
    - 3
  - - 791
    - 8
  - - 792
    - 4
  - - 793
    - 4
  - - 794
    - 1
  - - 795
    - 3
  - - 796
    - 4
  - - 797
    - 3
  - - 798
    - 7
  - - 799
    - 1
  - - 801
    - 4
  - - 802
    - 2
  - - 803
    - 3
  - - 805
    - 1
  - - 806
    - 3
  - - 807
    - 3
  - - 808
    - 5
  - - 809
    - 4
  - - 810
    - 3
  - - 811
    - 6
  - - 812
    - 2
  - - 813
    - 2
  - - 814
    - 3
  - - 815
    - 4
  - - 816
    - 3
  - - 817
    - 5
  - - 818
    - 2
  - - 819
    - 1
  - - 820
    - 7
  - - 821
    - 1
  - - 822
    - 3
  - - 823
    - 3
  - - 824
    - 1
  - - 825
    - 2
  - - 826
    - 4
  - - 828
    - 1
  - - 829
    - 2
  - - 830
    - 5
  - - 831
    - 4
  - - 832
    - 2
  - - 833
    - 1
  - - 834
    - 2
  - - 835
    - 6
  - - 836
    - 3
  - - 837
    - 1
  - - 838
    - 1
  - - 839
    - 4
  - - 840
    - 3
  - - 841
    - 1
  - - 842
    - 1
  - - 843
    - 4
  - - 844
    - 1
  - - 845
    - 3
  - - 846
    - 5
  - - 847
    - 6
  - - 848
    - 1
  - - 849
    - 5
  - - 850
    - 2
  - - 851
    - 2
  - - 853
    - 3
  - - 854
    - 3
  - - 855
    - 2
  - - 856
    - 3
  - - 857
    - 2
  - - 858
    - 2
  - - 859
    - 1
  - - 860
    - 3
  - - 861
    - 1
  - - 862
    - 3
  - - 863
    - 3
  - - 864
    - 1
  - - 866
    - 1
  - - 867
    - 1
  - - 868
    - 2
  - - 869
    - 3
  - - 870
    - 6
  - - 871
    - 1
  - - 873
    - 1
  - - 874
    - 1
  - - 875
    - 1
  - - 876
    - 6
  - - 878
    - 1
  - - 879
    - 1
  - - 881
    - 2
  - - 882
    - 4
  - - 883
    - 1
  - - 884
    - 1
  - - 885
    - 3
  - - 886
    - 2
  - - 887
    - 1
  - - 889
    - 1
  - - 890
    - 2
  - - 891
    - 1
  - - 892
    - 1
  - - 894
    - 1
  - - 895
    - 3
  - - 896
    - 1
  - - 897
    - 1
  - - 898
    - 2
  - - 899
    - 3
  - - 900
    - 5
  - - 901
    - 4
  - - 903
    - 2
  - - 904
    - 1
  - - 905
    - 2
  - - 907
    - 3
  - - 908
    - 3
  - - 909
    - 2
  - - 911
    - 1
  - - 914
    - 1
  - - 916
    - 1
  - - 917
    - 1
  - - 918
    - 2
  - - 921
    - 1
  - - 922
    - 1
  - - 923
    - 1
  - - 925
    - 1
  - - 926
    - 1
  - - 928
    - 2
  - - 930
    - 1
  - - 933
    - 1
  - - 934
    - 1
  - - 935
    - 1
  - - 936
    - 4
  - - 937
    - 1
  - - 940
    - 1
  - - 942
    - 1
  - - 944
    - 1
  - - 949
    - 1
  - - 950
    - 1
  - - 951
    - 1
  - - 954
    - 2
  - - 955
    - 4
  - - 957
    - 5
  - - 958
    - 2
  - - 959
    - 2
  - - 960
    - 1
  - - 961
    - 1
  - - 964
    - 2
  - - 968
    - 2
  - - 969
    - 1
  - - 970
    - 1
  - - 971
    - 1
  - - 974
    - 1
  - - 975
    - 1
  - - 976
    - 2
  - - 977
    - 1
  - - 978
    - 2
  - - 980
    - 2
  - - 981
    - 1
  - - 983
    - 1
  - - 984
    - 1
  - - 985
    - 1
  - - 986
    - 1
  - - 987
    - 1
  - - 989
    - 1
  - - 990
    - 1
  - - 991
    - 1
  - - 993
    - 2
  - - 998
    - 1
  - - 1001
    - 1
  - - 1002
    - 1
  - - 1003
    - 1
  - - 1005
    - 1
  - - 1006
    - 1
  - - 1011
    - 3
  - - 1012
    - 1
  - - 1013
    - 1
  - - 1016
    - 1
  - - 1020
    - 1
  - - 1021
    - 1
  - - 1022
    - 1
  - - 1023
    - 2
  - - 1029
    - 1
  - - 1030
    - 1
  - - 1032
    - 1
  - - 1035
    - 1
  - - 1036
    - 1
  - - 1051
    - 1
  - - 1053
    - 1
  - - 1055
    - 1
  - - 1056
    - 1
  - - 1062
    - 2
  - - 1070
    - 1
  - - 1091
    - 2
  - - 1113
    - 2
  - - 1133
    - 2
  - - 1155
    - 1
  - - 1207
    - 1
  - - 1209
    - 1
  - - 1218
    - 1
  - - 1244
    - 1
  - - 1361
    - 1
  - - 1369
    - 1
  - - 1412
    - 1
  - - 1522
    - 1
  latency_50_percentile: 85.0
  latency_95_percentile: 362.54999999998836
  latency_99_5_percentile: 765.0
  latency_99_percentile: 664.0
  max_kubedns_cpu: 777
  max_kubedns_memory: 30
  max_latency: 1.522331
  max_perfserver_cpu: 0
  max_perfserver_memory: 0
  min_latency: 0.001169
  msg: null
  ok: true
  qps: 856.23252
  queries_completed: 102910
  queries_lost: 0
  queries_sent: 102910
  run_time: 120.189315
  stddev_latency: 0.120743
params:
  max_qps: null
  pod_name: dns-perf-client-858fb7568b-22xwp
  query_file: all-queries.txt
  run_id: 1777667432
  run_length_seconds: 120
  run_subid: 0
stderr:
- ''
stdout:
- DNS Performance Testing Tool
- Nominum Version 2.1.0.0
- ''
- '[Status] Command line: dnsperf -s 10.0.0.10 -l 120 -d /queries/all-queries.txt'
- '[Status] Sending queries (to 10.0.0.10)'
- '[Status] Started at: Fri May  1 20:31:10 2026'
- '[Status] Stopping after 120.000000 seconds'
- '[Status] Testing complete (time limit)'
- ''
- 'Statistics:'
- ''
- '  Queries sent:         102910'
- '  Queries completed:    102910 (100.00%)'
- '  Queries lost:         0 (0.00%)'
- ''
- '  Response codes:       NOERROR 12348 (12.00%), NXDOMAIN 90562 (88.00%)'
- '  Average packet size:  request 38, response 122'
- '  Run time (s):         120.189315'
- '  Queries per second:   856.232520'
- ''
- '  Average Latency (s):  0.116534 (min 0.001169, max 1.522331)'
- '  Latency StdDev (s):   0.120743'
- ''
- '  Latency histogram'
- '#histogram 0 0'
- '#histogram 1 52'
- '#histogram 2 187'
- '#histogram 3 263'
- '#histogram 4 264'
- '#histogram 5 299'
- '#histogram 6 357'
- '#histogram 7 316'
- '#histogram 8 349'
- '#histogram 9 334'
- '#histogram 10 388'
- '#histogram 11 362'
- '#histogram 12 353'
- '#histogram 13 394'
- '#histogram 14 355'
- '#histogram 15 371'
- '#histogram 16 440'
- '#histogram 17 398'
- '#histogram 18 398'
- '#histogram 19 398'
- '#histogram 20 409'
- '#histogram 21 400'
- '#histogram 22 446'
- '#histogram 23 465'
- '#histogram 24 512'
- '#histogram 25 479'
- '#histogram 26 491'
- '#histogram 27 416'
- '#histogram 28 507'
- '#histogram 29 562'
- '#histogram 30 544'
- '#histogram 31 555'
- '#histogram 32 559'
- '#histogram 33 561'
- '#histogram 34 575'
- '#histogram 35 582'
- '#histogram 36 597'
- '#histogram 37 602'
- '#histogram 38 667'
- '#histogram 39 614'
- '#histogram 40 628'
- '#histogram 41 663'
- '#histogram 42 678'
- '#histogram 43 687'
- '#histogram 44 668'
- '#histogram 45 717'
- '#histogram 46 750'
- '#histogram 47 707'
- '#histogram 48 726'
- '#histogram 49 774'
- '#histogram 50 728'
- '#histogram 51 719'
- '#histogram 52 735'
- '#histogram 53 755'
- '#histogram 54 748'
- '#histogram 55 745'
- '#histogram 56 812'
- '#histogram 57 771'
- '#histogram 58 784'
- '#histogram 59 760'
- '#histogram 60 801'
- '#histogram 61 786'
- '#histogram 62 805'
- '#histogram 63 791'
- '#histogram 64 838'
- '#histogram 65 781'
- '#histogram 66 823'
- '#histogram 67 769'
- '#histogram 68 778'
- '#histogram 69 805'
- '#histogram 70 780'
- '#histogram 71 836'
- '#histogram 72 805'
- '#histogram 73 841'
- '#histogram 74 778'
- '#histogram 75 809'
- '#histogram 76 773'
- '#histogram 77 744'
- '#histogram 78 781'
- '#histogram 79 795'
- '#histogram 80 786'
- '#histogram 81 759'
- '#histogram 82 770'
- '#histogram 83 739'
- '#histogram 84 713'
- '#histogram 85 756'
- '#histogram 86 737'
- '#histogram 87 776'
- '#histogram 88 708'
- '#histogram 89 719'
- '#histogram 90 705'
- '#histogram 91 705'
- '#histogram 92 697'
- '#histogram 93 721'
- '#histogram 94 706'
- '#histogram 95 686'
- '#histogram 96 684'
- '#histogram 97 624'
- '#histogram 98 646'
- '#histogram 99 646'
- '#histogram 100 678'
- '#histogram 101 629'
- '#histogram 102 624'
- '#histogram 103 610'
- '#histogram 104 627'
- '#histogram 105 592'
- '#histogram 106 574'
- '#histogram 107 527'
- '#histogram 108 538'
- '#histogram 109 541'
- '#histogram 110 597'
- '#histogram 111 548'
- '#histogram 112 501'
- '#histogram 113 545'
- '#histogram 114 522'
- '#histogram 115 522'
- '#histogram 116 486'
- '#histogram 117 490'
- '#histogram 118 482'
- '#histogram 119 470'
- '#histogram 120 484'
- '#histogram 121 449'
- '#histogram 122 467'
- '#histogram 123 409'
- '#histogram 124 396'
- '#histogram 125 468'
- '#histogram 126 420'
- '#histogram 127 437'
- '#histogram 128 375'
- '#histogram 129 406'
- '#histogram 130 398'
- '#histogram 131 357'
- '#histogram 132 343'
- '#histogram 133 395'
- '#histogram 134 338'
- '#histogram 135 406'
- '#histogram 136 339'
- '#histogram 137 328'
- '#histogram 138 318'
- '#histogram 139 328'
- '#histogram 140 355'
- '#histogram 141 318'
- '#histogram 142 303'
- '#histogram 143 286'
- '#histogram 144 300'
- '#histogram 145 289'
- '#histogram 146 277'
- '#histogram 147 287'
- '#histogram 148 248'
- '#histogram 149 247'
- '#histogram 150 255'
- '#histogram 151 269'
- '#histogram 152 264'
- '#histogram 153 248'
- '#histogram 154 227'
- '#histogram 155 229'
- '#histogram 156 247'
- '#histogram 157 207'
- '#histogram 158 248'
- '#histogram 159 211'
- '#histogram 160 199'
- '#histogram 161 203'
- '#histogram 162 197'
- '#histogram 163 200'
- '#histogram 164 235'
- '#histogram 165 187'
- '#histogram 166 187'
- '#histogram 167 188'
- '#histogram 168 174'
- '#histogram 169 202'
- '#histogram 170 161'
- '#histogram 171 172'
- '#histogram 172 163'
- '#histogram 173 174'
- '#histogram 174 161'
- '#histogram 175 164'
- '#histogram 176 155'
- '#histogram 177 141'
- '#histogram 178 156'
- '#histogram 179 119'
- '#histogram 180 142'
- '#histogram 181 140'
- '#histogram 182 140'
- '#histogram 183 98'
- '#histogram 184 135'
- '#histogram 185 132'
- '#histogram 186 135'
- '#histogram 187 115'
- '#histogram 188 127'
- '#histogram 189 91'
- '#histogram 190 130'
- '#histogram 191 102'
- '#histogram 192 106'
- '#histogram 193 110'
- '#histogram 194 104'
- '#histogram 195 114'
- '#histogram 196 113'
- '#histogram 197 99'
- '#histogram 198 88'
- '#histogram 199 103'
- '#histogram 200 98'
- '#histogram 201 80'
- '#histogram 202 87'
- '#histogram 203 80'
- '#histogram 204 82'
- '#histogram 205 80'
- '#histogram 206 74'
- '#histogram 207 71'
- '#histogram 208 75'
- '#histogram 209 71'
- '#histogram 210 90'
- '#histogram 211 76'
- '#histogram 212 79'
- '#histogram 213 70'
- '#histogram 214 67'
- '#histogram 215 60'
- '#histogram 216 68'
- '#histogram 217 78'
- '#histogram 218 52'
- '#histogram 219 66'
- '#histogram 220 65'
- '#histogram 221 62'
- '#histogram 222 63'
- '#histogram 223 73'
- '#histogram 224 54'
- '#histogram 225 55'
- '#histogram 226 60'
- '#histogram 227 59'
- '#histogram 228 41'
- '#histogram 229 49'
- '#histogram 230 56'
- '#histogram 231 47'
- '#histogram 232 39'
- '#histogram 233 45'
- '#histogram 234 42'
- '#histogram 235 42'
- '#histogram 236 52'
- '#histogram 237 49'
- '#histogram 238 40'
- '#histogram 239 53'
- '#histogram 240 44'
- '#histogram 241 33'
- '#histogram 242 51'
- '#histogram 243 37'
- '#histogram 244 44'
- '#histogram 245 36'
- '#histogram 246 44'
- '#histogram 247 40'
- '#histogram 248 32'
- '#histogram 249 30'
- '#histogram 250 37'
- '#histogram 251 39'
- '#histogram 252 36'
- '#histogram 253 38'
- '#histogram 254 39'
- '#histogram 255 37'
- '#histogram 256 45'
- '#histogram 257 39'
- '#histogram 258 30'
- '#histogram 259 27'
- '#histogram 260 32'
- '#histogram 261 31'
- '#histogram 262 32'
- '#histogram 263 43'
- '#histogram 264 30'
- '#histogram 265 26'
- '#histogram 266 32'
- '#histogram 267 32'
- '#histogram 268 13'
- '#histogram 269 28'
- '#histogram 270 28'
- '#histogram 271 33'
- '#histogram 272 35'
- '#histogram 273 36'
- '#histogram 274 34'
- '#histogram 275 51'
- '#histogram 276 29'
- '#histogram 277 39'
- '#histogram 278 34'
- '#histogram 279 23'
- '#histogram 280 21'
- '#histogram 281 32'
- '#histogram 282 33'
- '#histogram 283 29'
- '#histogram 284 28'
- '#histogram 285 32'
- '#histogram 286 24'
- '#histogram 287 27'
- '#histogram 288 26'
- '#histogram 289 29'
- '#histogram 290 26'
- '#histogram 291 21'
- '#histogram 292 27'
- '#histogram 293 28'
- '#histogram 294 38'
- '#histogram 295 28'
- '#histogram 296 26'
- '#histogram 297 36'
- '#histogram 298 19'
- '#histogram 299 34'
- '#histogram 300 37'
- '#histogram 301 17'
- '#histogram 302 26'
- '#histogram 303 27'
- '#histogram 304 24'
- '#histogram 305 26'
- '#histogram 306 35'
- '#histogram 307 38'
- '#histogram 308 24'
- '#histogram 309 22'
- '#histogram 310 21'
- '#histogram 311 31'
- '#histogram 312 18'
- '#histogram 313 14'
- '#histogram 314 23'
- '#histogram 315 20'
- '#histogram 316 29'
- '#histogram 317 23'
- '#histogram 318 23'
- '#histogram 319 26'
- '#histogram 320 26'
- '#histogram 321 25'
- '#histogram 322 32'
- '#histogram 323 16'
- '#histogram 324 28'
- '#histogram 325 30'
- '#histogram 326 31'
- '#histogram 327 33'
- '#histogram 328 26'
- '#histogram 329 19'
- '#histogram 330 28'
- '#histogram 331 18'
- '#histogram 332 31'
- '#histogram 333 14'
- '#histogram 334 29'
- '#histogram 335 31'
- '#histogram 336 26'
- '#histogram 337 23'
- '#histogram 338 16'
- '#histogram 339 22'
- '#histogram 340 23'
- '#histogram 341 18'
- '#histogram 342 18'
- '#histogram 343 24'
- '#histogram 344 19'
- '#histogram 345 23'
- '#histogram 346 24'
- '#histogram 347 21'
- '#histogram 348 27'
- '#histogram 349 14'
- '#histogram 350 31'
- '#histogram 351 25'
- '#histogram 352 23'
- '#histogram 353 32'
- '#histogram 354 23'
- '#histogram 355 21'
- '#histogram 356 24'
- '#histogram 357 19'
- '#histogram 358 22'
- '#histogram 359 26'
- '#histogram 360 28'
- '#histogram 361 15'
- '#histogram 362 24'
- '#histogram 363 11'
- '#histogram 364 21'
- '#histogram 365 16'
- '#histogram 366 19'
- '#histogram 367 25'
- '#histogram 368 24'
- '#histogram 369 16'
- '#histogram 370 19'
- '#histogram 371 20'
- '#histogram 372 22'
- '#histogram 373 26'
- '#histogram 374 17'
- '#histogram 375 17'
- '#histogram 376 12'
- '#histogram 377 19'
- '#histogram 378 19'
- '#histogram 379 17'
- '#histogram 380 18'
- '#histogram 381 22'
- '#histogram 382 14'
- '#histogram 383 20'
- '#histogram 384 22'
- '#histogram 385 22'
- '#histogram 386 18'
- '#histogram 387 19'
- '#histogram 388 21'
- '#histogram 389 26'
- '#histogram 390 20'
- '#histogram 391 21'
- '#histogram 392 15'
- '#histogram 393 23'
- '#histogram 394 27'
- '#histogram 395 21'
- '#histogram 396 24'
- '#histogram 397 21'
- '#histogram 398 25'
- '#histogram 399 28'
- '#histogram 400 21'
- '#histogram 401 20'
- '#histogram 402 17'
- '#histogram 403 20'
- '#histogram 404 23'
- '#histogram 405 19'
- '#histogram 406 19'
- '#histogram 407 17'
- '#histogram 408 22'
- '#histogram 409 20'
- '#histogram 410 28'
- '#histogram 411 16'
- '#histogram 412 10'
- '#histogram 413 15'
- '#histogram 414 9'
- '#histogram 415 19'
- '#histogram 416 22'
- '#histogram 417 21'
- '#histogram 418 20'
- '#histogram 419 11'
- '#histogram 420 21'
- '#histogram 421 19'
- '#histogram 422 18'
- '#histogram 423 10'
- '#histogram 424 16'
- '#histogram 425 14'
- '#histogram 426 17'
- '#histogram 427 29'
- '#histogram 428 25'
- '#histogram 429 14'
- '#histogram 430 17'
- '#histogram 431 19'
- '#histogram 432 27'
- '#histogram 433 20'
- '#histogram 434 14'
- '#histogram 435 19'
- '#histogram 436 15'
- '#histogram 437 20'
- '#histogram 438 9'
- '#histogram 439 13'
- '#histogram 440 18'
- '#histogram 441 17'
- '#histogram 442 17'
- '#histogram 443 18'
- '#histogram 444 21'
- '#histogram 445 16'
- '#histogram 446 22'
- '#histogram 447 20'
- '#histogram 448 17'
- '#histogram 449 18'
- '#histogram 450 24'
- '#histogram 451 17'
- '#histogram 452 12'
- '#histogram 453 18'
- '#histogram 454 17'
- '#histogram 455 19'
- '#histogram 456 20'
- '#histogram 457 23'
- '#histogram 458 15'
- '#histogram 459 20'
- '#histogram 460 19'
- '#histogram 461 27'
- '#histogram 462 14'
- '#histogram 463 14'
- '#histogram 464 18'
- '#histogram 465 20'
- '#histogram 466 23'
- '#histogram 467 17'
- '#histogram 468 12'
- '#histogram 469 12'
- '#histogram 470 16'
- '#histogram 471 12'
- '#histogram 472 20'
- '#histogram 473 14'
- '#histogram 474 15'
- '#histogram 475 16'
- '#histogram 476 16'
- '#histogram 477 15'
- '#histogram 478 15'
- '#histogram 479 15'
- '#histogram 480 13'
- '#histogram 481 17'
- '#histogram 482 20'
- '#histogram 483 12'
- '#histogram 484 9'
- '#histogram 485 16'
- '#histogram 486 12'
- '#histogram 487 17'
- '#histogram 488 15'
- '#histogram 489 15'
- '#histogram 490 11'
- '#histogram 491 15'
- '#histogram 492 14'
- '#histogram 493 17'
- '#histogram 494 14'
- '#histogram 495 10'
- '#histogram 496 12'
- '#histogram 497 17'
- '#histogram 498 15'
- '#histogram 499 13'
- '#histogram 500 14'
- '#histogram 501 14'
- '#histogram 502 16'
- '#histogram 503 8'
- '#histogram 504 19'
- '#histogram 505 14'
- '#histogram 506 13'
- '#histogram 507 15'
- '#histogram 508 15'
- '#histogram 509 17'
- '#histogram 510 11'
- '#histogram 511 13'
- '#histogram 512 8'
- '#histogram 513 21'
- '#histogram 514 9'
- '#histogram 515 9'
- '#histogram 516 8'
- '#histogram 517 7'
- '#histogram 518 13'
- '#histogram 519 22'
- '#histogram 520 12'
- '#histogram 521 6'
- '#histogram 522 11'
- '#histogram 523 14'
- '#histogram 524 11'
- '#histogram 525 12'
- '#histogram 526 12'
- '#histogram 527 11'
- '#histogram 528 5'
- '#histogram 529 18'
- '#histogram 530 17'
- '#histogram 531 8'
- '#histogram 532 8'
- '#histogram 533 18'
- '#histogram 534 13'
- '#histogram 535 7'
- '#histogram 536 13'
- '#histogram 537 2'
- '#histogram 538 15'
- '#histogram 539 10'
- '#histogram 540 7'
- '#histogram 541 10'
- '#histogram 542 4'
- '#histogram 543 14'
- '#histogram 544 13'
- '#histogram 545 11'
- '#histogram 546 16'
- '#histogram 547 10'
- '#histogram 548 8'
- '#histogram 549 7'
- '#histogram 550 12'
- '#histogram 551 11'
- '#histogram 552 12'
- '#histogram 553 7'
- '#histogram 554 9'
- '#histogram 555 8'
- '#histogram 556 11'
- '#histogram 557 9'
- '#histogram 558 17'
- '#histogram 559 12'
- '#histogram 560 14'
- '#histogram 561 6'
- '#histogram 562 8'
- '#histogram 563 12'
- '#histogram 564 8'
- '#histogram 565 8'
- '#histogram 566 16'
- '#histogram 567 16'
- '#histogram 568 6'
- '#histogram 569 9'
- '#histogram 570 11'
- '#histogram 571 11'
- '#histogram 572 12'
- '#histogram 573 15'
- '#histogram 574 7'
- '#histogram 575 7'
- '#histogram 576 15'
- '#histogram 577 10'
- '#histogram 578 10'
- '#histogram 579 9'
- '#histogram 580 14'
- '#histogram 581 14'
- '#histogram 582 10'
- '#histogram 583 12'
- '#histogram 584 11'
- '#histogram 585 14'
- '#histogram 586 4'
- '#histogram 587 6'
- '#histogram 588 8'
- '#histogram 589 11'
- '#histogram 590 12'
- '#histogram 591 7'
- '#histogram 592 13'
- '#histogram 593 14'
- '#histogram 594 16'
- '#histogram 595 11'
- '#histogram 596 6'
- '#histogram 597 12'
- '#histogram 598 10'
- '#histogram 599 11'
- '#histogram 600 9'
- '#histogram 601 16'
- '#histogram 602 9'
- '#histogram 603 7'
- '#histogram 604 11'
- '#histogram 605 9'
- '#histogram 606 13'
- '#histogram 607 10'
- '#histogram 608 9'
- '#histogram 609 11'
- '#histogram 610 8'
- '#histogram 611 3'
- '#histogram 612 9'
- '#histogram 613 10'
- '#histogram 614 12'
- '#histogram 615 11'
- '#histogram 616 10'
- '#histogram 617 8'
- '#histogram 618 12'
- '#histogram 619 11'
- '#histogram 620 11'
- '#histogram 621 8'
- '#histogram 622 6'
- '#histogram 623 10'
- '#histogram 624 7'
- '#histogram 625 3'
- '#histogram 626 8'
- '#histogram 627 6'
- '#histogram 628 10'
- '#histogram 629 9'
- '#histogram 630 4'
- '#histogram 631 8'
- '#histogram 632 4'
- '#histogram 633 6'
- '#histogram 634 9'
- '#histogram 635 8'
- '#histogram 636 8'
- '#histogram 637 4'
- '#histogram 638 10'
- '#histogram 639 2'
- '#histogram 640 12'
- '#histogram 641 8'
- '#histogram 642 12'
- '#histogram 643 10'
- '#histogram 644 12'
- '#histogram 645 8'
- '#histogram 646 9'
- '#histogram 647 10'
- '#histogram 648 8'
- '#histogram 649 10'
- '#histogram 650 4'
- '#histogram 651 7'
- '#histogram 652 6'
- '#histogram 653 5'
- '#histogram 654 10'
- '#histogram 655 6'
- '#histogram 656 9'
- '#histogram 657 4'
- '#histogram 658 9'
- '#histogram 659 8'
- '#histogram 660 3'
- '#histogram 661 9'
- '#histogram 662 9'
- '#histogram 663 5'
- '#histogram 664 7'
- '#histogram 665 8'
- '#histogram 666 4'
- '#histogram 667 3'
- '#histogram 668 6'
- '#histogram 669 9'
- '#histogram 670 5'
- '#histogram 671 7'
- '#histogram 672 2'
- '#histogram 673 9'
- '#histogram 674 7'
- '#histogram 675 8'
- '#histogram 676 5'
- '#histogram 677 6'
- '#histogram 678 4'
- '#histogram 679 7'
- '#histogram 680 8'
- '#histogram 681 5'
- '#histogram 682 7'
- '#histogram 683 5'
- '#histogram 684 2'
- '#histogram 685 4'
- '#histogram 686 6'
- '#histogram 687 4'
- '#histogram 688 3'
- '#histogram 689 9'
- '#histogram 690 4'
- '#histogram 691 5'
- '#histogram 692 9'
- '#histogram 693 7'
- '#histogram 694 7'
- '#histogram 695 8'
- '#histogram 696 7'
- '#histogram 697 5'
- '#histogram 698 11'
- '#histogram 699 7'
- '#histogram 700 5'
- '#histogram 701 6'
- '#histogram 702 4'
- '#histogram 703 5'
- '#histogram 704 3'
- '#histogram 705 6'
- '#histogram 706 4'
- '#histogram 707 2'
- '#histogram 708 7'
- '#histogram 709 2'
- '#histogram 710 7'
- '#histogram 711 8'
- '#histogram 712 4'
- '#histogram 713 6'
- '#histogram 714 2'
- '#histogram 715 10'
- '#histogram 716 10'
- '#histogram 717 3'
- '#histogram 718 4'
- '#histogram 719 3'
- '#histogram 720 7'
- '#histogram 721 1'
- '#histogram 722 6'
- '#histogram 723 5'
- '#histogram 724 10'
- '#histogram 725 5'
- '#histogram 726 4'
- '#histogram 727 3'
- '#histogram 728 6'
- '#histogram 729 2'
- '#histogram 730 1'
- '#histogram 731 7'
- '#histogram 732 5'
- '#histogram 733 6'
- '#histogram 734 3'
- '#histogram 735 6'
- '#histogram 736 4'
- '#histogram 737 5'
- '#histogram 738 6'
- '#histogram 739 7'
- '#histogram 740 5'
- '#histogram 741 2'
- '#histogram 742 3'
- '#histogram 743 3'
- '#histogram 744 4'
- '#histogram 745 9'
- '#histogram 746 9'
- '#histogram 747 5'
- '#histogram 748 2'
- '#histogram 749 4'
- '#histogram 750 4'
- '#histogram 751 5'
- '#histogram 752 1'
- '#histogram 753 3'
- '#histogram 755 4'
- '#histogram 756 9'
- '#histogram 757 3'
- '#histogram 758 2'
- '#histogram 759 5'
- '#histogram 760 2'
- '#histogram 761 2'
- '#histogram 762 3'
- '#histogram 763 6'
- '#histogram 764 5'
- '#histogram 765 3'
- '#histogram 766 4'
- '#histogram 767 4'
- '#histogram 768 4'
- '#histogram 769 4'
- '#histogram 770 4'
- '#histogram 771 4'
- '#histogram 772 3'
- '#histogram 773 3'
- '#histogram 774 3'
- '#histogram 775 7'
- '#histogram 776 7'
- '#histogram 777 4'
- '#histogram 778 7'
- '#histogram 779 4'
- '#histogram 780 3'
- '#histogram 781 4'
- '#histogram 783 6'
- '#histogram 784 6'
- '#histogram 785 6'
- '#histogram 786 6'
- '#histogram 787 10'
- '#histogram 788 4'
- '#histogram 789 5'
- '#histogram 790 3'
- '#histogram 791 8'
- '#histogram 792 4'
- '#histogram 793 4'
- '#histogram 794 1'
- '#histogram 795 3'
- '#histogram 796 4'
- '#histogram 797 3'
- '#histogram 798 7'
- '#histogram 799 1'
- '#histogram 801 4'
- '#histogram 802 2'
- '#histogram 803 3'
- '#histogram 805 1'
- '#histogram 806 3'
- '#histogram 807 3'
- '#histogram 808 5'
- '#histogram 809 4'
- '#histogram 810 3'
- '#histogram 811 6'
- '#histogram 812 2'
- '#histogram 813 2'
- '#histogram 814 3'
- '#histogram 815 4'
- '#histogram 816 3'
- '#histogram 817 5'
- '#histogram 818 2'
- '#histogram 819 1'
- '#histogram 820 7'
- '#histogram 821 1'
- '#histogram 822 3'
- '#histogram 823 3'
- '#histogram 824 1'
- '#histogram 825 2'
- '#histogram 826 4'
- '#histogram 828 1'
- '#histogram 829 2'
- '#histogram 830 5'
- '#histogram 831 4'
- '#histogram 832 2'
- '#histogram 833 1'
- '#histogram 834 2'
- '#histogram 835 6'
- '#histogram 836 3'
- '#histogram 837 1'
- '#histogram 838 1'
- '#histogram 839 4'
- '#histogram 840 3'
- '#histogram 841 1'
- '#histogram 842 1'
- '#histogram 843 4'
- '#histogram 844 1'
- '#histogram 845 3'
- '#histogram 846 5'
- '#histogram 847 6'
- '#histogram 848 1'
- '#histogram 849 5'
- '#histogram 850 2'
- '#histogram 851 2'
- '#histogram 853 3'
- '#histogram 854 3'
- '#histogram 855 2'
- '#histogram 856 3'
- '#histogram 857 2'
- '#histogram 858 2'
- '#histogram 859 1'
- '#histogram 860 3'
- '#histogram 861 1'
- '#histogram 862 3'
- '#histogram 863 3'
- '#histogram 864 1'
- '#histogram 866 1'
- '#histogram 867 1'
- '#histogram 868 2'
- '#histogram 869 3'
- '#histogram 870 6'
- '#histogram 871 1'
- '#histogram 873 1'
- '#histogram 874 1'
- '#histogram 875 1'
- '#histogram 876 6'
- '#histogram 878 1'
- '#histogram 879 1'
- '#histogram 881 2'
- '#histogram 882 4'
- '#histogram 883 1'
- '#histogram 884 1'
- '#histogram 885 3'
- '#histogram 886 2'
- '#histogram 887 1'
- '#histogram 889 1'
- '#histogram 890 2'
- '#histogram 891 1'
- '#histogram 892 1'
- '#histogram 894 1'
- '#histogram 895 3'
- '#histogram 896 1'
- '#histogram 897 1'
- '#histogram 898 2'
- '#histogram 899 3'
- '#histogram 900 5'
- '#histogram 901 4'
- '#histogram 903 2'
- '#histogram 904 1'
- '#histogram 905 2'
- '#histogram 907 3'
- '#histogram 908 3'
- '#histogram 909 2'
- '#histogram 911 1'
- '#histogram 914 1'
- '#histogram 916 1'
- '#histogram 917 1'
- '#histogram 918 2'
- '#histogram 921 1'
- '#histogram 922 1'
- '#histogram 923 1'
- '#histogram 925 1'
- '#histogram 926 1'
- '#histogram 928 2'
- '#histogram 930 1'
- '#histogram 933 1'
- '#histogram 934 1'
- '#histogram 935 1'
- '#histogram 936 4'
- '#histogram 937 1'
- '#histogram 940 1'
- '#histogram 942 1'
- '#histogram 944 1'
- '#histogram 949 1'
- '#histogram 950 1'
- '#histogram 951 1'
- '#histogram 954 2'
- '#histogram 955 4'
- '#histogram 957 5'
- '#histogram 958 2'
- '#histogram 959 2'
- '#histogram 960 1'
- '#histogram 961 1'
- '#histogram 964 2'
- '#histogram 968 2'
- '#histogram 969 1'
- '#histogram 970 1'
- '#histogram 971 1'
- '#histogram 974 1'
- '#histogram 975 1'
- '#histogram 976 2'
- '#histogram 977 1'
- '#histogram 978 2'
- '#histogram 980 2'
- '#histogram 981 1'
- '#histogram 983 1'
- '#histogram 984 1'
- '#histogram 985 1'
- '#histogram 986 1'
- '#histogram 987 1'
- '#histogram 989 1'
- '#histogram 990 1'
- '#histogram 991 1'
- '#histogram 993 2'
- '#histogram 998 1'
- '#histogram 1001 1'
- '#histogram 1002 1'
- '#histogram 1003 1'
- '#histogram 1005 1'
- '#histogram 1006 1'
- '#histogram 1011 3'
- '#histogram 1012 1'
- '#histogram 1013 1'
- '#histogram 1016 1'
- '#histogram 1020 1'
- '#histogram 1021 1'
- '#histogram 1022 1'
- '#histogram 1023 2'
- '#histogram 1029 1'
- '#histogram 1030 1'
- '#histogram 1032 1'
- '#histogram 1035 1'
- '#histogram 1036 1'
- '#histogram 1051 1'
- '#histogram 1053 1'
- '#histogram 1055 1'
- '#histogram 1056 1'
- '#histogram 1062 2'
- '#histogram 1070 1'
- '#histogram 1091 2'
- '#histogram 1113 2'
- '#histogram 1133 2'
- '#histogram 1155 1'
- '#histogram 1207 1'
- '#histogram 1209 1'
- '#histogram 1218 1'
- '#histogram 1244 1'
- '#histogram 1361 1'
- '#histogram 1369 1'
- '#histogram 1412 1'
- '#histogram 1522 1'
- ''
