code: 0
data:
  avg_latency: 0.165257
  histogram:
  - - 0
    - 0
  - - 1
    - 101
  - - 2
    - 388
  - - 3
    - 514
  - - 4
    - 568
  - - 5
    - 590
  - - 6
    - 639
  - - 7
    - 637
  - - 8
    - 587
  - - 9
    - 598
  - - 10
    - 642
  - - 11
    - 582
  - - 12
    - 626
  - - 13
    - 616
  - - 14
    - 661
  - - 15
    - 611
  - - 16
    - 648
  - - 17
    - 720
  - - 18
    - 650
  - - 19
    - 636
  - - 20
    - 717
  - - 21
    - 681
  - - 22
    - 685
  - - 23
    - 698
  - - 24
    - 763
  - - 25
    - 726
  - - 26
    - 778
  - - 27
    - 817
  - - 28
    - 863
  - - 29
    - 866
  - - 30
    - 905
  - - 31
    - 891
  - - 32
    - 917
  - - 33
    - 1022
  - - 34
    - 965
  - - 35
    - 979
  - - 36
    - 992
  - - 37
    - 1024
  - - 38
    - 1050
  - - 39
    - 1005
  - - 40
    - 1044
  - - 41
    - 1101
  - - 42
    - 1148
  - - 43
    - 1152
  - - 44
    - 1156
  - - 45
    - 1136
  - - 46
    - 1138
  - - 47
    - 1145
  - - 48
    - 1252
  - - 49
    - 1241
  - - 50
    - 1115
  - - 51
    - 1156
  - - 52
    - 1197
  - - 53
    - 1178
  - - 54
    - 1160
  - - 55
    - 1242
  - - 56
    - 1244
  - - 57
    - 1253
  - - 58
    - 1325
  - - 59
    - 1210
  - - 60
    - 1286
  - - 61
    - 1327
  - - 62
    - 1254
  - - 63
    - 1307
  - - 64
    - 1254
  - - 65
    - 1332
  - - 66
    - 1265
  - - 67
    - 1265
  - - 68
    - 1341
  - - 69
    - 1290
  - - 70
    - 1345
  - - 71
    - 1310
  - - 72
    - 1252
  - - 73
    - 1252
  - - 74
    - 1270
  - - 75
    - 1271
  - - 76
    - 1295
  - - 77
    - 1217
  - - 78
    - 1224
  - - 79
    - 1246
  - - 80
    - 1248
  - - 81
    - 1198
  - - 82
    - 1201
  - - 83
    - 1242
  - - 84
    - 1242
  - - 85
    - 1232
  - - 86
    - 1161
  - - 87
    - 1197
  - - 88
    - 1194
  - - 89
    - 1222
  - - 90
    - 1201
  - - 91
    - 1166
  - - 92
    - 1124
  - - 93
    - 1159
  - - 94
    - 1115
  - - 95
    - 1115
  - - 96
    - 1033
  - - 97
    - 1084
  - - 98
    - 1106
  - - 99
    - 1022
  - - 100
    - 1012
  - - 101
    - 1048
  - - 102
    - 1030
  - - 103
    - 1008
  - - 104
    - 967
  - - 105
    - 964
  - - 106
    - 988
  - - 107
    - 938
  - - 108
    - 919
  - - 109
    - 937
  - - 110
    - 915
  - - 111
    - 940
  - - 112
    - 886
  - - 113
    - 887
  - - 114
    - 861
  - - 115
    - 900
  - - 116
    - 835
  - - 117
    - 825
  - - 118
    - 805
  - - 119
    - 784
  - - 120
    - 778
  - - 121
    - 812
  - - 122
    - 704
  - - 123
    - 765
  - - 124
    - 736
  - - 125
    - 682
  - - 126
    - 745
  - - 127
    - 715
  - - 128
    - 719
  - - 129
    - 692
  - - 130
    - 737
  - - 131
    - 657
  - - 132
    - 633
  - - 133
    - 651
  - - 134
    - 588
  - - 135
    - 593
  - - 136
    - 643
  - - 137
    - 631
  - - 138
    - 599
  - - 139
    - 606
  - - 140
    - 591
  - - 141
    - 603
  - - 142
    - 555
  - - 143
    - 533
  - - 144
    - 509
  - - 145
    - 527
  - - 146
    - 545
  - - 147
    - 507
  - - 148
    - 532
  - - 149
    - 480
  - - 150
    - 476
  - - 151
    - 522
  - - 152
    - 457
  - - 153
    - 463
  - - 154
    - 460
  - - 155
    - 406
  - - 156
    - 418
  - - 157
    - 475
  - - 158
    - 468
  - - 159
    - 453
  - - 160
    - 449
  - - 161
    - 402
  - - 162
    - 383
  - - 163
    - 458
  - - 164
    - 386
  - - 165
    - 330
  - - 166
    - 415
  - - 167
    - 353
  - - 168
    - 324
  - - 169
    - 311
  - - 170
    - 315
  - - 171
    - 333
  - - 172
    - 332
  - - 173
    - 334
  - - 174
    - 329
  - - 175
    - 322
  - - 176
    - 307
  - - 177
    - 322
  - - 178
    - 278
  - - 179
    - 302
  - - 180
    - 312
  - - 181
    - 309
  - - 182
    - 254
  - - 183
    - 231
  - - 184
    - 270
  - - 185
    - 264
  - - 186
    - 276
  - - 187
    - 243
  - - 188
    - 261
  - - 189
    - 238
  - - 190
    - 241
  - - 191
    - 249
  - - 192
    - 215
  - - 193
    - 240
  - - 194
    - 239
  - - 195
    - 210
  - - 196
    - 219
  - - 197
    - 214
  - - 198
    - 207
  - - 199
    - 227
  - - 200
    - 218
  - - 201
    - 191
  - - 202
    - 171
  - - 203
    - 176
  - - 204
    - 154
  - - 205
    - 153
  - - 206
    - 172
  - - 207
    - 182
  - - 208
    - 187
  - - 209
    - 187
  - - 210
    - 157
  - - 211
    - 148
  - - 212
    - 136
  - - 213
    - 165
  - - 214
    - 153
  - - 215
    - 145
  - - 216
    - 141
  - - 217
    - 123
  - - 218
    - 147
  - - 219
    - 145
  - - 220
    - 123
  - - 221
    - 142
  - - 222
    - 110
  - - 223
    - 105
  - - 224
    - 119
  - - 225
    - 145
  - - 226
    - 110
  - - 227
    - 104
  - - 228
    - 104
  - - 229
    - 94
  - - 230
    - 100
  - - 231
    - 122
  - - 232
    - 103
  - - 233
    - 106
  - - 234
    - 106
  - - 235
    - 99
  - - 236
    - 96
  - - 237
    - 85
  - - 238
    - 109
  - - 239
    - 87
  - - 240
    - 96
  - - 241
    - 79
  - - 242
    - 84
  - - 243
    - 69
  - - 244
    - 98
  - - 245
    - 77
  - - 246
    - 79
  - - 247
    - 92
  - - 248
    - 70
  - - 249
    - 76
  - - 250
    - 59
  - - 251
    - 62
  - - 252
    - 52
  - - 253
    - 64
  - - 254
    - 54
  - - 255
    - 64
  - - 256
    - 58
  - - 257
    - 59
  - - 258
    - 62
  - - 259
    - 58
  - - 260
    - 59
  - - 261
    - 40
  - - 262
    - 52
  - - 263
    - 38
  - - 264
    - 49
  - - 265
    - 57
  - - 266
    - 55
  - - 267
    - 56
  - - 268
    - 48
  - - 269
    - 53
  - - 270
    - 42
  - - 271
    - 47
  - - 272
    - 42
  - - 273
    - 45
  - - 274
    - 49
  - - 275
    - 48
  - - 276
    - 52
  - - 277
    - 43
  - - 278
    - 42
  - - 279
    - 40
  - - 280
    - 41
  - - 281
    - 43
  - - 282
    - 32
  - - 283
    - 36
  - - 284
    - 18
  - - 285
    - 38
  - - 286
    - 36
  - - 287
    - 40
  - - 288
    - 30
  - - 289
    - 32
  - - 290
    - 42
  - - 291
    - 36
  - - 292
    - 31
  - - 293
    - 36
  - - 294
    - 34
  - - 295
    - 35
  - - 296
    - 44
  - - 297
    - 38
  - - 298
    - 32
  - - 299
    - 30
  - - 300
    - 27
  - - 301
    - 34
  - - 302
    - 19
  - - 303
    - 35
  - - 304
    - 38
  - - 305
    - 27
  - - 306
    - 27
  - - 307
    - 39
  - - 308
    - 27
  - - 309
    - 35
  - - 310
    - 28
  - - 311
    - 25
  - - 312
    - 22
  - - 313
    - 32
  - - 314
    - 31
  - - 315
    - 21
  - - 316
    - 23
  - - 317
    - 32
  - - 318
    - 29
  - - 319
    - 20
  - - 320
    - 19
  - - 321
    - 18
  - - 322
    - 24
  - - 323
    - 21
  - - 324
    - 22
  - - 325
    - 18
  - - 326
    - 25
  - - 327
    - 21
  - - 328
    - 15
  - - 329
    - 21
  - - 330
    - 23
  - - 331
    - 20
  - - 332
    - 25
  - - 333
    - 24
  - - 334
    - 25
  - - 335
    - 26
  - - 336
    - 22
  - - 337
    - 31
  - - 338
    - 17
  - - 339
    - 26
  - - 340
    - 27
  - - 341
    - 18
  - - 342
    - 17
  - - 343
    - 13
  - - 344
    - 12
  - - 345
    - 16
  - - 346
    - 20
  - - 347
    - 20
  - - 348
    - 20
  - - 349
    - 18
  - - 350
    - 16
  - - 351
    - 10
  - - 352
    - 19
  - - 353
    - 14
  - - 354
    - 17
  - - 355
    - 18
  - - 356
    - 20
  - - 357
    - 16
  - - 358
    - 12
  - - 359
    - 23
  - - 360
    - 22
  - - 361
    - 24
  - - 362
    - 21
  - - 363
    - 12
  - - 364
    - 14
  - - 365
    - 9
  - - 366
    - 14
  - - 367
    - 12
  - - 368
    - 17
  - - 369
    - 11
  - - 370
    - 13
  - - 371
    - 18
  - - 372
    - 10
  - - 373
    - 9
  - - 374
    - 13
  - - 375
    - 16
  - - 376
    - 8
  - - 377
    - 14
  - - 378
    - 11
  - - 379
    - 10
  - - 380
    - 16
  - - 381
    - 15
  - - 382
    - 22
  - - 383
    - 19
  - - 384
    - 18
  - - 385
    - 16
  - - 386
    - 14
  - - 387
    - 15
  - - 388
    - 9
  - - 389
    - 9
  - - 390
    - 19
  - - 391
    - 15
  - - 392
    - 13
  - - 393
    - 13
  - - 394
    - 16
  - - 395
    - 8
  - - 396
    - 14
  - - 397
    - 16
  - - 398
    - 16
  - - 399
    - 17
  - - 400
    - 25
  - - 401
    - 14
  - - 402
    - 18
  - - 403
    - 16
  - - 404
    - 11
  - - 405
    - 11
  - - 406
    - 17
  - - 407
    - 19
  - - 408
    - 12
  - - 409
    - 13
  - - 410
    - 13
  - - 411
    - 12
  - - 412
    - 20
  - - 413
    - 13
  - - 414
    - 7
  - - 415
    - 15
  - - 416
    - 13
  - - 417
    - 15
  - - 418
    - 12
  - - 419
    - 20
  - - 420
    - 16
  - - 421
    - 15
  - - 422
    - 15
  - - 423
    - 15
  - - 424
    - 17
  - - 425
    - 10
  - - 426
    - 14
  - - 427
    - 11
  - - 428
    - 12
  - - 429
    - 12
  - - 430
    - 11
  - - 431
    - 14
  - - 432
    - 14
  - - 433
    - 18
  - - 434
    - 13
  - - 435
    - 15
  - - 436
    - 17
  - - 437
    - 7
  - - 438
    - 17
  - - 439
    - 17
  - - 440
    - 7
  - - 441
    - 15
  - - 442
    - 13
  - - 443
    - 8
  - - 444
    - 16
  - - 445
    - 13
  - - 446
    - 16
  - - 447
    - 11
  - - 448
    - 15
  - - 449
    - 8
  - - 450
    - 12
  - - 451
    - 14
  - - 452
    - 18
  - - 453
    - 14
  - - 454
    - 12
  - - 455
    - 19
  - - 456
    - 16
  - - 457
    - 7
  - - 458
    - 13
  - - 459
    - 13
  - - 460
    - 4
  - - 461
    - 12
  - - 462
    - 13
  - - 463
    - 16
  - - 464
    - 5
  - - 465
    - 13
  - - 466
    - 10
  - - 467
    - 13
  - - 468
    - 13
  - - 469
    - 7
  - - 470
    - 17
  - - 471
    - 20
  - - 472
    - 10
  - - 473
    - 13
  - - 474
    - 15
  - - 475
    - 6
  - - 476
    - 12
  - - 477
    - 11
  - - 478
    - 6
  - - 479
    - 12
  - - 480
    - 5
  - - 481
    - 16
  - - 482
    - 10
  - - 483
    - 10
  - - 484
    - 13
  - - 485
    - 12
  - - 486
    - 12
  - - 487
    - 14
  - - 488
    - 11
  - - 489
    - 18
  - - 490
    - 11
  - - 491
    - 15
  - - 492
    - 15
  - - 493
    - 14
  - - 494
    - 16
  - - 495
    - 14
  - - 496
    - 7
  - - 497
    - 8
  - - 498
    - 19
  - - 499
    - 8
  - - 500
    - 9
  - - 501
    - 17
  - - 502
    - 17
  - - 503
    - 14
  - - 504
    - 11
  - - 505
    - 10
  - - 506
    - 15
  - - 507
    - 17
  - - 508
    - 11
  - - 509
    - 10
  - - 510
    - 13
  - - 511
    - 16
  - - 512
    - 25
  - - 513
    - 14
  - - 514
    - 19
  - - 515
    - 7
  - - 516
    - 8
  - - 517
    - 20
  - - 518
    - 13
  - - 519
    - 11
  - - 520
    - 12
  - - 521
    - 10
  - - 522
    - 19
  - - 523
    - 17
  - - 524
    - 15
  - - 525
    - 17
  - - 526
    - 19
  - - 527
    - 7
  - - 528
    - 14
  - - 529
    - 11
  - - 530
    - 14
  - - 531
    - 13
  - - 532
    - 16
  - - 533
    - 13
  - - 534
    - 9
  - - 535
    - 10
  - - 536
    - 10
  - - 537
    - 9
  - - 538
    - 16
  - - 539
    - 9
  - - 540
    - 15
  - - 541
    - 11
  - - 542
    - 7
  - - 543
    - 12
  - - 544
    - 14
  - - 545
    - 13
  - - 546
    - 13
  - - 547
    - 13
  - - 548
    - 10
  - - 549
    - 17
  - - 550
    - 12
  - - 551
    - 10
  - - 552
    - 15
  - - 553
    - 14
  - - 554
    - 21
  - - 555
    - 8
  - - 556
    - 15
  - - 557
    - 21
  - - 558
    - 17
  - - 559
    - 15
  - - 560
    - 14
  - - 561
    - 14
  - - 562
    - 9
  - - 563
    - 12
  - - 564
    - 13
  - - 565
    - 9
  - - 566
    - 6
  - - 567
    - 8
  - - 568
    - 15
  - - 569
    - 4
  - - 570
    - 12
  - - 571
    - 7
  - - 572
    - 9
  - - 573
    - 12
  - - 574
    - 10
  - - 575
    - 10
  - - 576
    - 5
  - - 577
    - 15
  - - 578
    - 12
  - - 579
    - 12
  - - 580
    - 12
  - - 581
    - 12
  - - 582
    - 10
  - - 583
    - 9
  - - 584
    - 17
  - - 585
    - 14
  - - 586
    - 17
  - - 587
    - 12
  - - 588
    - 13
  - - 589
    - 15
  - - 590
    - 17
  - - 591
    - 16
  - - 592
    - 12
  - - 593
    - 21
  - - 594
    - 15
  - - 595
    - 15
  - - 596
    - 8
  - - 597
    - 11
  - - 598
    - 14
  - - 599
    - 7
  - - 600
    - 12
  - - 601
    - 7
  - - 602
    - 14
  - - 603
    - 15
  - - 604
    - 10
  - - 605
    - 9
  - - 606
    - 19
  - - 607
    - 19
  - - 608
    - 16
  - - 609
    - 15
  - - 610
    - 11
  - - 611
    - 17
  - - 612
    - 9
  - - 613
    - 12
  - - 614
    - 11
  - - 615
    - 10
  - - 616
    - 16
  - - 617
    - 12
  - - 618
    - 15
  - - 619
    - 17
  - - 620
    - 8
  - - 621
    - 12
  - - 622
    - 17
  - - 623
    - 18
  - - 624
    - 18
  - - 625
    - 11
  - - 626
    - 9
  - - 627
    - 7
  - - 628
    - 22
  - - 629
    - 19
  - - 630
    - 10
  - - 631
    - 14
  - - 632
    - 12
  - - 633
    - 9
  - - 634
    - 14
  - - 635
    - 8
  - - 636
    - 16
  - - 637
    - 10
  - - 638
    - 22
  - - 639
    - 15
  - - 640
    - 19
  - - 641
    - 18
  - - 642
    - 14
  - - 643
    - 8
  - - 644
    - 8
  - - 645
    - 15
  - - 646
    - 15
  - - 647
    - 15
  - - 648
    - 15
  - - 649
    - 17
  - - 650
    - 18
  - - 651
    - 13
  - - 652
    - 12
  - - 653
    - 11
  - - 654
    - 17
  - - 655
    - 12
  - - 656
    - 11
  - - 657
    - 12
  - - 658
    - 14
  - - 659
    - 14
  - - 660
    - 13
  - - 661
    - 14
  - - 662
    - 20
  - - 663
    - 18
  - - 664
    - 12
  - - 665
    - 14
  - - 666
    - 16
  - - 667
    - 20
  - - 668
    - 15
  - - 669
    - 9
  - - 670
    - 21
  - - 671
    - 16
  - - 672
    - 13
  - - 673
    - 14
  - - 674
    - 16
  - - 675
    - 24
  - - 676
    - 16
  - - 677
    - 21
  - - 678
    - 14
  - - 679
    - 15
  - - 680
    - 20
  - - 681
    - 14
  - - 682
    - 14
  - - 683
    - 24
  - - 684
    - 14
  - - 685
    - 16
  - - 686
    - 12
  - - 687
    - 14
  - - 688
    - 8
  - - 689
    - 23
  - - 690
    - 11
  - - 691
    - 20
  - - 692
    - 16
  - - 693
    - 18
  - - 694
    - 10
  - - 695
    - 10
  - - 696
    - 18
  - - 697
    - 16
  - - 698
    - 23
  - - 699
    - 18
  - - 700
    - 22
  - - 701
    - 13
  - - 702
    - 18
  - - 703
    - 16
  - - 704
    - 14
  - - 705
    - 11
  - - 706
    - 12
  - - 707
    - 20
  - - 708
    - 16
  - - 709
    - 23
  - - 710
    - 23
  - - 711
    - 13
  - - 712
    - 11
  - - 713
    - 18
  - - 714
    - 19
  - - 715
    - 14
  - - 716
    - 21
  - - 717
    - 14
  - - 718
    - 19
  - - 719
    - 27
  - - 720
    - 18
  - - 721
    - 8
  - - 722
    - 15
  - - 723
    - 18
  - - 724
    - 13
  - - 725
    - 10
  - - 726
    - 10
  - - 727
    - 20
  - - 728
    - 14
  - - 729
    - 12
  - - 730
    - 11
  - - 731
    - 18
  - - 732
    - 13
  - - 733
    - 12
  - - 734
    - 23
  - - 735
    - 21
  - - 736
    - 18
  - - 737
    - 12
  - - 738
    - 18
  - - 739
    - 16
  - - 740
    - 21
  - - 741
    - 9
  - - 742
    - 24
  - - 743
    - 18
  - - 744
    - 26
  - - 745
    - 14
  - - 746
    - 22
  - - 747
    - 15
  - - 748
    - 14
  - - 749
    - 13
  - - 750
    - 14
  - - 751
    - 13
  - - 752
    - 20
  - - 753
    - 14
  - - 754
    - 22
  - - 755
    - 16
  - - 756
    - 20
  - - 757
    - 15
  - - 758
    - 24
  - - 759
    - 14
  - - 760
    - 13
  - - 761
    - 24
  - - 762
    - 16
  - - 763
    - 29
  - - 764
    - 17
  - - 765
    - 14
  - - 766
    - 22
  - - 767
    - 19
  - - 768
    - 19
  - - 769
    - 17
  - - 770
    - 22
  - - 771
    - 12
  - - 772
    - 16
  - - 773
    - 21
  - - 774
    - 13
  - - 775
    - 17
  - - 776
    - 14
  - - 777
    - 28
  - - 778
    - 14
  - - 779
    - 13
  - - 780
    - 25
  - - 781
    - 25
  - - 782
    - 12
  - - 783
    - 16
  - - 784
    - 16
  - - 785
    - 16
  - - 786
    - 24
  - - 787
    - 14
  - - 788
    - 17
  - - 789
    - 25
  - - 790
    - 22
  - - 791
    - 14
  - - 792
    - 16
  - - 793
    - 17
  - - 794
    - 25
  - - 795
    - 19
  - - 796
    - 22
  - - 797
    - 14
  - - 798
    - 20
  - - 799
    - 26
  - - 800
    - 29
  - - 801
    - 15
  - - 802
    - 19
  - - 803
    - 12
  - - 804
    - 21
  - - 805
    - 19
  - - 806
    - 12
  - - 807
    - 21
  - - 808
    - 13
  - - 809
    - 15
  - - 810
    - 24
  - - 811
    - 16
  - - 812
    - 18
  - - 813
    - 13
  - - 814
    - 17
  - - 815
    - 14
  - - 816
    - 20
  - - 817
    - 18
  - - 818
    - 18
  - - 819
    - 21
  - - 820
    - 24
  - - 821
    - 17
  - - 822
    - 20
  - - 823
    - 22
  - - 824
    - 21
  - - 825
    - 15
  - - 826
    - 18
  - - 827
    - 23
  - - 828
    - 27
  - - 829
    - 16
  - - 830
    - 23
  - - 831
    - 22
  - - 832
    - 14
  - - 833
    - 21
  - - 834
    - 24
  - - 835
    - 11
  - - 836
    - 28
  - - 837
    - 16
  - - 838
    - 16
  - - 839
    - 28
  - - 840
    - 14
  - - 841
    - 18
  - - 842
    - 20
  - - 843
    - 18
  - - 844
    - 24
  - - 845
    - 24
  - - 846
    - 15
  - - 847
    - 23
  - - 848
    - 17
  - - 849
    - 16
  - - 850
    - 20
  - - 851
    - 25
  - - 852
    - 23
  - - 853
    - 20
  - - 854
    - 26
  - - 855
    - 17
  - - 856
    - 16
  - - 857
    - 16
  - - 858
    - 20
  - - 859
    - 19
  - - 860
    - 24
  - - 861
    - 25
  - - 862
    - 25
  - - 863
    - 21
  - - 864
    - 24
  - - 865
    - 16
  - - 866
    - 23
  - - 867
    - 21
  - - 868
    - 13
  - - 869
    - 20
  - - 870
    - 27
  - - 871
    - 22
  - - 872
    - 18
  - - 873
    - 25
  - - 874
    - 19
  - - 875
    - 19
  - - 876
    - 24
  - - 877
    - 19
  - - 878
    - 23
  - - 879
    - 12
  - - 880
    - 20
  - - 881
    - 18
  - - 882
    - 26
  - - 883
    - 25
  - - 884
    - 26
  - - 885
    - 19
  - - 886
    - 21
  - - 887
    - 17
  - - 888
    - 17
  - - 889
    - 31
  - - 890
    - 17
  - - 891
    - 19
  - - 892
    - 23
  - - 893
    - 22
  - - 894
    - 23
  - - 895
    - 18
  - - 896
    - 15
  - - 897
    - 16
  - - 898
    - 29
  - - 899
    - 28
  - - 900
    - 20
  - - 901
    - 14
  - - 902
    - 23
  - - 903
    - 19
  - - 904
    - 27
  - - 905
    - 21
  - - 906
    - 22
  - - 907
    - 26
  - - 908
    - 35
  - - 909
    - 22
  - - 910
    - 20
  - - 911
    - 20
  - - 912
    - 22
  - - 913
    - 21
  - - 914
    - 20
  - - 915
    - 14
  - - 916
    - 18
  - - 917
    - 29
  - - 918
    - 10
  - - 919
    - 19
  - - 920
    - 17
  - - 921
    - 16
  - - 922
    - 21
  - - 923
    - 19
  - - 924
    - 22
  - - 925
    - 25
  - - 926
    - 23
  - - 927
    - 21
  - - 928
    - 30
  - - 929
    - 29
  - - 930
    - 25
  - - 931
    - 17
  - - 932
    - 23
  - - 933
    - 23
  - - 934
    - 18
  - - 935
    - 25
  - - 936
    - 22
  - - 937
    - 28
  - - 938
    - 27
  - - 939
    - 17
  - - 940
    - 31
  - - 941
    - 26
  - - 942
    - 11
  - - 943
    - 30
  - - 944
    - 22
  - - 945
    - 17
  - - 946
    - 31
  - - 947
    - 22
  - - 948
    - 20
  - - 949
    - 27
  - - 950
    - 19
  - - 951
    - 18
  - - 952
    - 21
  - - 953
    - 26
  - - 954
    - 33
  - - 955
    - 17
  - - 956
    - 22
  - - 957
    - 22
  - - 958
    - 22
  - - 959
    - 21
  - - 960
    - 31
  - - 961
    - 23
  - - 962
    - 14
  - - 963
    - 14
  - - 964
    - 19
  - - 965
    - 25
  - - 966
    - 19
  - - 967
    - 22
  - - 968
    - 25
  - - 969
    - 17
  - - 970
    - 18
  - - 971
    - 19
  - - 972
    - 31
  - - 973
    - 27
  - - 974
    - 19
  - - 975
    - 21
  - - 976
    - 16
  - - 977
    - 22
  - - 978
    - 20
  - - 979
    - 13
  - - 980
    - 35
  - - 981
    - 17
  - - 982
    - 19
  - - 983
    - 23
  - - 984
    - 24
  - - 985
    - 25
  - - 986
    - 16
  - - 987
    - 13
  - - 988
    - 18
  - - 989
    - 20
  - - 990
    - 19
  - - 991
    - 16
  - - 992
    - 12
  - - 993
    - 24
  - - 994
    - 19
  - - 995
    - 24
  - - 996
    - 21
  - - 997
    - 28
  - - 998
    - 23
  - - 999
    - 20
  - - 1000
    - 20
  - - 1001
    - 17
  - - 1002
    - 16
  - - 1003
    - 20
  - - 1004
    - 23
  - - 1005
    - 25
  - - 1006
    - 21
  - - 1007
    - 22
  - - 1008
    - 22
  - - 1009
    - 30
  - - 1010
    - 18
  - - 1011
    - 22
  - - 1012
    - 26
  - - 1013
    - 15
  - - 1014
    - 18
  - - 1015
    - 24
  - - 1016
    - 20
  - - 1017
    - 18
  - - 1018
    - 24
  - - 1019
    - 16
  - - 1020
    - 13
  - - 1021
    - 26
  - - 1022
    - 11
  - - 1023
    - 13
  - - 1024
    - 23
  - - 1025
    - 19
  - - 1026
    - 14
  - - 1027
    - 16
  - - 1028
    - 16
  - - 1029
    - 26
  - - 1030
    - 25
  - - 1031
    - 16
  - - 1032
    - 25
  - - 1033
    - 10
  - - 1034
    - 17
  - - 1035
    - 16
  - - 1036
    - 21
  - - 1037
    - 17
  - - 1038
    - 24
  - - 1039
    - 19
  - - 1040
    - 20
  - - 1041
    - 15
  - - 1042
    - 26
  - - 1043
    - 23
  - - 1044
    - 22
  - - 1045
    - 17
  - - 1046
    - 23
  - - 1047
    - 20
  - - 1048
    - 21
  - - 1049
    - 16
  - - 1050
    - 25
  - - 1051
    - 19
  - - 1052
    - 19
  - - 1053
    - 22
  - - 1054
    - 22
  - - 1055
    - 20
  - - 1056
    - 17
  - - 1057
    - 24
  - - 1058
    - 20
  - - 1059
    - 16
  - - 1060
    - 26
  - - 1061
    - 22
  - - 1062
    - 20
  - - 1063
    - 16
  - - 1064
    - 18
  - - 1065
    - 25
  - - 1066
    - 14
  - - 1067
    - 14
  - - 1068
    - 15
  - - 1069
    - 16
  - - 1070
    - 27
  - - 1071
    - 12
  - - 1072
    - 15
  - - 1073
    - 32
  - - 1074
    - 14
  - - 1075
    - 24
  - - 1076
    - 14
  - - 1077
    - 22
  - - 1078
    - 23
  - - 1079
    - 18
  - - 1080
    - 25
  - - 1081
    - 13
  - - 1082
    - 10
  - - 1083
    - 18
  - - 1084
    - 19
  - - 1085
    - 26
  - - 1086
    - 23
  - - 1087
    - 22
  - - 1088
    - 17
  - - 1089
    - 22
  - - 1090
    - 23
  - - 1091
    - 18
  - - 1092
    - 16
  - - 1093
    - 24
  - - 1094
    - 17
  - - 1095
    - 20
  - - 1096
    - 21
  - - 1097
    - 22
  - - 1098
    - 11
  - - 1099
    - 27
  - - 1100
    - 30
  - - 1101
    - 19
  - - 1102
    - 21
  - - 1103
    - 23
  - - 1104
    - 18
  - - 1105
    - 16
  - - 1106
    - 13
  - - 1107
    - 18
  - - 1108
    - 18
  - - 1109
    - 15
  - - 1110
    - 17
  - - 1111
    - 12
  - - 1112
    - 19
  - - 1113
    - 20
  - - 1114
    - 17
  - - 1115
    - 16
  - - 1116
    - 14
  - - 1117
    - 23
  - - 1118
    - 19
  - - 1119
    - 19
  - - 1120
    - 20
  - - 1121
    - 19
  - - 1122
    - 22
  - - 1123
    - 16
  - - 1124
    - 23
  - - 1125
    - 15
  - - 1126
    - 18
  - - 1127
    - 13
  - - 1128
    - 13
  - - 1129
    - 12
  - - 1130
    - 25
  - - 1131
    - 16
  - - 1132
    - 23
  - - 1133
    - 19
  - - 1134
    - 13
  - - 1135
    - 14
  - - 1136
    - 10
  - - 1137
    - 22
  - - 1138
    - 13
  - - 1139
    - 16
  - - 1140
    - 21
  - - 1141
    - 17
  - - 1142
    - 22
  - - 1143
    - 19
  - - 1144
    - 13
  - - 1145
    - 21
  - - 1146
    - 15
  - - 1147
    - 11
  - - 1148
    - 25
  - - 1149
    - 16
  - - 1150
    - 14
  - - 1151
    - 16
  - - 1152
    - 15
  - - 1153
    - 18
  - - 1154
    - 14
  - - 1155
    - 21
  - - 1156
    - 17
  - - 1157
    - 16
  - - 1158
    - 16
  - - 1159
    - 16
  - - 1160
    - 17
  - - 1161
    - 14
  - - 1162
    - 17
  - - 1163
    - 14
  - - 1164
    - 20
  - - 1165
    - 17
  - - 1166
    - 14
  - - 1167
    - 13
  - - 1168
    - 18
  - - 1169
    - 15
  - - 1170
    - 13
  - - 1171
    - 11
  - - 1172
    - 14
  - - 1173
    - 10
  - - 1174
    - 18
  - - 1175
    - 21
  - - 1176
    - 17
  - - 1177
    - 11
  - - 1178
    - 16
  - - 1179
    - 14
  - - 1180
    - 15
  - - 1181
    - 10
  - - 1182
    - 17
  - - 1183
    - 19
  - - 1184
    - 15
  - - 1185
    - 15
  - - 1186
    - 14
  - - 1187
    - 15
  - - 1188
    - 14
  - - 1189
    - 18
  - - 1190
    - 16
  - - 1191
    - 20
  - - 1192
    - 15
  - - 1193
    - 12
  - - 1194
    - 12
  - - 1195
    - 14
  - - 1196
    - 10
  - - 1197
    - 14
  - - 1198
    - 14
  - - 1199
    - 16
  - - 1200
    - 27
  - - 1201
    - 14
  - - 1202
    - 14
  - - 1203
    - 21
  - - 1204
    - 13
  - - 1205
    - 6
  - - 1206
    - 15
  - - 1207
    - 12
  - - 1208
    - 12
  - - 1209
    - 20
  - - 1210
    - 15
  - - 1211
    - 8
  - - 1212
    - 17
  - - 1213
    - 11
  - - 1214
    - 12
  - - 1215
    - 15
  - - 1216
    - 17
  - - 1217
    - 12
  - - 1218
    - 12
  - - 1219
    - 16
  - - 1220
    - 15
  - - 1221
    - 13
  - - 1222
    - 12
  - - 1223
    - 14
  - - 1224
    - 8
  - - 1225
    - 8
  - - 1226
    - 14
  - - 1227
    - 14
  - - 1228
    - 7
  - - 1229
    - 13
  - - 1230
    - 16
  - - 1231
    - 6
  - - 1232
    - 15
  - - 1233
    - 16
  - - 1234
    - 11
  - - 1235
    - 16
  - - 1236
    - 12
  - - 1237
    - 9
  - - 1238
    - 10
  - - 1239
    - 11
  - - 1240
    - 14
  - - 1241
    - 19
  - - 1242
    - 17
  - - 1243
    - 12
  - - 1244
    - 7
  - - 1245
    - 10
  - - 1246
    - 5
  - - 1247
    - 19
  - - 1248
    - 10
  - - 1249
    - 10
  - - 1250
    - 9
  - - 1251
    - 13
  - - 1252
    - 13
  - - 1253
    - 14
  - - 1254
    - 16
  - - 1255
    - 14
  - - 1256
    - 5
  - - 1257
    - 12
  - - 1258
    - 9
  - - 1259
    - 12
  - - 1260
    - 7
  - - 1261
    - 7
  - - 1262
    - 5
  - - 1263
    - 9
  - - 1264
    - 11
  - - 1265
    - 9
  - - 1266
    - 9
  - - 1267
    - 11
  - - 1268
    - 13
  - - 1269
    - 14
  - - 1270
    - 11
  - - 1271
    - 6
  - - 1272
    - 11
  - - 1273
    - 7
  - - 1274
    - 7
  - - 1275
    - 8
  - - 1276
    - 12
  - - 1277
    - 5
  - - 1278
    - 7
  - - 1279
    - 9
  - - 1280
    - 14
  - - 1281
    - 12
  - - 1282
    - 6
  - - 1283
    - 8
  - - 1284
    - 10
  - - 1285
    - 4
  - - 1286
    - 10
  - - 1287
    - 12
  - - 1288
    - 8
  - - 1289
    - 9
  - - 1290
    - 6
  - - 1291
    - 11
  - - 1292
    - 8
  - - 1293
    - 6
  - - 1294
    - 8
  - - 1295
    - 5
  - - 1296
    - 14
  - - 1297
    - 2
  - - 1298
    - 9
  - - 1299
    - 7
  - - 1300
    - 7
  - - 1301
    - 12
  - - 1302
    - 7
  - - 1303
    - 12
  - - 1304
    - 12
  - - 1305
    - 11
  - - 1306
    - 10
  - - 1307
    - 7
  - - 1308
    - 5
  - - 1309
    - 14
  - - 1310
    - 1
  - - 1311
    - 12
  - - 1312
    - 4
  - - 1313
    - 8
  - - 1314
    - 8
  - - 1315
    - 4
  - - 1316
    - 9
  - - 1317
    - 4
  - - 1318
    - 9
  - - 1319
    - 7
  - - 1320
    - 8
  - - 1321
    - 6
  - - 1322
    - 8
  - - 1323
    - 7
  - - 1324
    - 7
  - - 1325
    - 7
  - - 1326
    - 4
  - - 1327
    - 8
  - - 1328
    - 7
  - - 1329
    - 6
  - - 1330
    - 6
  - - 1331
    - 9
  - - 1332
    - 1
  - - 1333
    - 6
  - - 1334
    - 6
  - - 1335
    - 3
  - - 1336
    - 12
  - - 1337
    - 10
  - - 1338
    - 4
  - - 1339
    - 5
  - - 1340
    - 5
  - - 1341
    - 4
  - - 1342
    - 4
  - - 1343
    - 2
  - - 1344
    - 5
  - - 1345
    - 9
  - - 1346
    - 2
  - - 1347
    - 5
  - - 1348
    - 5
  - - 1349
    - 6
  - - 1350
    - 4
  - - 1351
    - 5
  - - 1352
    - 4
  - - 1353
    - 7
  - - 1354
    - 6
  - - 1355
    - 6
  - - 1356
    - 4
  - - 1357
    - 5
  - - 1358
    - 5
  - - 1359
    - 2
  - - 1360
    - 5
  - - 1361
    - 5
  - - 1362
    - 6
  - - 1363
    - 4
  - - 1364
    - 3
  - - 1365
    - 5
  - - 1366
    - 6
  - - 1367
    - 5
  - - 1368
    - 3
  - - 1369
    - 2
  - - 1370
    - 4
  - - 1371
    - 5
  - - 1372
    - 4
  - - 1373
    - 2
  - - 1374
    - 10
  - - 1375
    - 4
  - - 1376
    - 2
  - - 1377
    - 4
  - - 1378
    - 4
  - - 1379
    - 1
  - - 1380
    - 4
  - - 1381
    - 7
  - - 1382
    - 6
  - - 1383
    - 4
  - - 1384
    - 2
  - - 1385
    - 2
  - - 1386
    - 2
  - - 1387
    - 6
  - - 1388
    - 6
  - - 1389
    - 1
  - - 1390
    - 5
  - - 1391
    - 1
  - - 1392
    - 1
  - - 1393
    - 5
  - - 1394
    - 5
  - - 1395
    - 2
  - - 1396
    - 5
  - - 1397
    - 1
  - - 1398
    - 6
  - - 1399
    - 6
  - - 1400
    - 1
  - - 1401
    - 4
  - - 1402
    - 2
  - - 1404
    - 4
  - - 1406
    - 1
  - - 1407
    - 3
  - - 1408
    - 5
  - - 1409
    - 2
  - - 1410
    - 4
  - - 1411
    - 2
  - - 1412
    - 3
  - - 1413
    - 3
  - - 1414
    - 4
  - - 1415
    - 1
  - - 1416
    - 2
  - - 1417
    - 2
  - - 1418
    - 6
  - - 1420
    - 1
  - - 1421
    - 3
  - - 1422
    - 1
  - - 1423
    - 2
  - - 1424
    - 5
  - - 1426
    - 5
  - - 1427
    - 1
  - - 1428
    - 4
  - - 1429
    - 4
  - - 1430
    - 3
  - - 1431
    - 1
  - - 1432
    - 2
  - - 1433
    - 3
  - - 1434
    - 2
  - - 1435
    - 1
  - - 1436
    - 1
  - - 1437
    - 3
  - - 1438
    - 3
  - - 1439
    - 4
  - - 1440
    - 3
  - - 1441
    - 3
  - - 1442
    - 3
  - - 1443
    - 3
  - - 1444
    - 3
  - - 1445
    - 1
  - - 1446
    - 1
  - - 1447
    - 5
  - - 1448
    - 2
  - - 1449
    - 4
  - - 1451
    - 2
  - - 1452
    - 2
  - - 1453
    - 5
  - - 1454
    - 4
  - - 1455
    - 4
  - - 1456
    - 3
  - - 1457
    - 4
  - - 1458
    - 1
  - - 1459
    - 7
  - - 1460
    - 1
  - - 1461
    - 3
  - - 1463
    - 3
  - - 1464
    - 1
  - - 1465
    - 3
  - - 1466
    - 2
  - - 1467
    - 3
  - - 1468
    - 2
  - - 1469
    - 2
  - - 1470
    - 4
  - - 1471
    - 5
  - - 1472
    - 3
  - - 1473
    - 1
  - - 1474
    - 2
  - - 1475
    - 2
  - - 1476
    - 2
  - - 1478
    - 1
  - - 1479
    - 3
  - - 1480
    - 3
  - - 1481
    - 1
  - - 1482
    - 2
  - - 1483
    - 1
  - - 1484
    - 2
  - - 1485
    - 2
  - - 1486
    - 2
  - - 1487
    - 3
  - - 1488
    - 2
  - - 1489
    - 2
  - - 1490
    - 1
  - - 1491
    - 5
  - - 1492
    - 1
  - - 1493
    - 3
  - - 1494
    - 1
  - - 1495
    - 2
  - - 1496
    - 3
  - - 1497
    - 4
  - - 1498
    - 3
  - - 1499
    - 4
  - - 1500
    - 3
  - - 1501
    - 4
  - - 1502
    - 3
  - - 1503
    - 3
  - - 1504
    - 1
  - - 1506
    - 2
  - - 1507
    - 1
  - - 1508
    - 1
  - - 1510
    - 1
  - - 1511
    - 1
  - - 1512
    - 1
  - - 1513
    - 2
  - - 1514
    - 1
  - - 1516
    - 1
  - - 1518
    - 1
  - - 1519
    - 1
  - - 1520
    - 2
  - - 1521
    - 6
  - - 1522
    - 1
  - - 1523
    - 3
  - - 1524
    - 4
  - - 1525
    - 1
  - - 1526
    - 1
  - - 1527
    - 1
  - - 1528
    - 2
  - - 1529
    - 2
  - - 1530
    - 2
  - - 1532
    - 1
  - - 1533
    - 3
  - - 1534
    - 2
  - - 1536
    - 2
  - - 1537
    - 3
  - - 1538
    - 4
  - - 1539
    - 3
  - - 1540
    - 3
  - - 1541
    - 1
  - - 1542
    - 4
  - - 1543
    - 1
  - - 1544
    - 1
  - - 1545
    - 1
  - - 1548
    - 1
  - - 1549
    - 2
  - - 1550
    - 1
  - - 1551
    - 4
  - - 1552
    - 2
  - - 1553
    - 1
  - - 1554
    - 3
  - - 1555
    - 4
  - - 1556
    - 3
  - - 1557
    - 1
  - - 1558
    - 4
  - - 1559
    - 1
  - - 1560
    - 3
  - - 1561
    - 2
  - - 1562
    - 2
  - - 1564
    - 3
  - - 1565
    - 2
  - - 1566
    - 2
  - - 1567
    - 1
  - - 1569
    - 4
  - - 1570
    - 2
  - - 1571
    - 2
  - - 1572
    - 1
  - - 1573
    - 1
  - - 1574
    - 3
  - - 1576
    - 1
  - - 1577
    - 1
  - - 1580
    - 5
  - - 1584
    - 1
  - - 1585
    - 3
  - - 1586
    - 4
  - - 1588
    - 2
  - - 1589
    - 1
  - - 1592
    - 2
  - - 1593
    - 3
  - - 1594
    - 1
  - - 1595
    - 1
  - - 1596
    - 2
  - - 1598
    - 1
  - - 1600
    - 1
  - - 1602
    - 1
  - - 1603
    - 1
  - - 1604
    - 1
  - - 1606
    - 2
  - - 1610
    - 1
  - - 1612
    - 1
  - - 1613
    - 3
  - - 1614
    - 2
  - - 1615
    - 1
  - - 1616
    - 1
  - - 1621
    - 2
  - - 1623
    - 1
  - - 1624
    - 2
  - - 1625
    - 1
  - - 1626
    - 1
  - - 1627
    - 2
  - - 1628
    - 2
  - - 1630
    - 2
  - - 1633
    - 1
  - - 1634
    - 1
  - - 1638
    - 1
  - - 1641
    - 1
  - - 1643
    - 2
  - - 1645
    - 1
  - - 1648
    - 1
  - - 1649
    - 1
  - - 1651
    - 1
  - - 1655
    - 1
  - - 1658
    - 1
  - - 1660
    - 1
  - - 1661
    - 2
  - - 1666
    - 1
  - - 1674
    - 1
  - - 1679
    - 1
  - - 1680
    - 1
  - - 1684
    - 1
  - - 1688
    - 1
  - - 1690
    - 2
  - - 1692
    - 1
  - - 1694
    - 1
  - - 1696
    - 1
  - - 1701
    - 1
  - - 1702
    - 1
  - - 1704
    - 1
  - - 1714
    - 1
  - - 1741
    - 1
  - - 1752
    - 1
  - - 1753
    - 1
  - - 1761
    - 1
  - - 1769
    - 1
  - - 1806
    - 2
  - - 1832
    - 1
  - - 1873
    - 1
  - - 2091
    - 1
  - - 2093
    - 1
  - - 2394
    - 1
  - - 2578
    - 1
  - - 2873
    - 1
  - - 2883
    - 1
  - - 4999
    - 15
  latency_50_percentile: 90.0
  latency_95_percentile: 847.0
  latency_99_5_percentile: 1316.984999999986
  latency_99_percentile: 1225.0
  max_kubedns_cpu: 539
  max_kubedns_memory: 30
  max_latency: 2.883433
  max_perfserver_cpu: 0
  max_perfserver_memory: 0
  min_latency: 0.001151
  msg: null
  ok: true
  qps: 602.812917
  queries_completed: 180989
  queries_lost: 15
  queries_sent: 181004
  run_time: 300.240746
  stddev_latency: 0.247289
params:
  max_qps: null
  pod_name: dns-perf-client-858fb7568b-45v8n
  query_file: all-queries.txt
  run_id: 1777678587
  run_length_seconds: 300
  run_subid: 0
stderr:
- ''
stdout:
- DNS Performance Testing Tool
- Nominum Version 2.1.0.0
- ''
- '[Status] Command line: dnsperf -s 10.0.0.10 -l 300 -d /queries/all-queries.txt'
- '[Status] Sending queries (to 10.0.0.10)'
- '[Status] Started at: Fri May  1 23:37:04 2026'
- '[Status] Stopping after 300.000000 seconds'
- '[Timeout] Query timed out: msg id 17674'
- '[Timeout] Query timed out: msg id 27271'
- '[Timeout] Query timed out: msg id 33936'
- '[Timeout] Query timed out: msg id 34520'
- '[Timeout] Query timed out: msg id 39290'
- '[Timeout] Query timed out: msg id 43417'
- '[Timeout] Query timed out: msg id 45069'
- '[Timeout] Query timed out: msg id 46126'
- '[Timeout] Query timed out: msg id 57863'
- '[Timeout] Query timed out: msg id 61270'
- '[Timeout] Query timed out: msg id 63396'
- '[Timeout] Query timed out: msg id 7345'
- '[Timeout] Query timed out: msg id 16619'
- '[Timeout] Query timed out: msg id 40082'
- '[Timeout] Query timed out: msg id 11702'
- '[Status] Testing complete (time limit)'
- ''
- 'Statistics:'
- ''
- '  Queries sent:         181004'
- '  Queries completed:    180989 (99.99%)'
- '  Queries lost:         15 (0.01%)'
- ''
- '  Response codes:       NOERROR 21719 (12.00%), NXDOMAIN 159270 (88.00%)'
- '  Average packet size:  request 38, response 122'
- '  Run time (s):         300.240746'
- '  Queries per second:   602.812917'
- ''
- '  Average Latency (s):  0.165257 (min 0.001151, max 2.883433)'
- '  Latency StdDev (s):   0.247289'
- ''
- '  Latency histogram'
- '#histogram 0 0'
- '#histogram 1 101'
- '#histogram 2 388'
- '#histogram 3 514'
- '#histogram 4 568'
- '#histogram 5 590'
- '#histogram 6 639'
- '#histogram 7 637'
- '#histogram 8 587'
- '#histogram 9 598'
- '#histogram 10 642'
- '#histogram 11 582'
- '#histogram 12 626'
- '#histogram 13 616'
- '#histogram 14 661'
- '#histogram 15 611'
- '#histogram 16 648'
- '#histogram 17 720'
- '#histogram 18 650'
- '#histogram 19 636'
- '#histogram 20 717'
- '#histogram 21 681'
- '#histogram 22 685'
- '#histogram 23 698'
- '#histogram 24 763'
- '#histogram 25 726'
- '#histogram 26 778'
- '#histogram 27 817'
- '#histogram 28 863'
- '#histogram 29 866'
- '#histogram 30 905'
- '#histogram 31 891'
- '#histogram 32 917'
- '#histogram 33 1022'
- '#histogram 34 965'
- '#histogram 35 979'
- '#histogram 36 992'
- '#histogram 37 1024'
- '#histogram 38 1050'
- '#histogram 39 1005'
- '#histogram 40 1044'
- '#histogram 41 1101'
- '#histogram 42 1148'
- '#histogram 43 1152'
- '#histogram 44 1156'
- '#histogram 45 1136'
- '#histogram 46 1138'
- '#histogram 47 1145'
- '#histogram 48 1252'
- '#histogram 49 1241'
- '#histogram 50 1115'
- '#histogram 51 1156'
- '#histogram 52 1197'
- '#histogram 53 1178'
- '#histogram 54 1160'
- '#histogram 55 1242'
- '#histogram 56 1244'
- '#histogram 57 1253'
- '#histogram 58 1325'
- '#histogram 59 1210'
- '#histogram 60 1286'
- '#histogram 61 1327'
- '#histogram 62 1254'
- '#histogram 63 1307'
- '#histogram 64 1254'
- '#histogram 65 1332'
- '#histogram 66 1265'
- '#histogram 67 1265'
- '#histogram 68 1341'
- '#histogram 69 1290'
- '#histogram 70 1345'
- '#histogram 71 1310'
- '#histogram 72 1252'
- '#histogram 73 1252'
- '#histogram 74 1270'
- '#histogram 75 1271'
- '#histogram 76 1295'
- '#histogram 77 1217'
- '#histogram 78 1224'
- '#histogram 79 1246'
- '#histogram 80 1248'
- '#histogram 81 1198'
- '#histogram 82 1201'
- '#histogram 83 1242'
- '#histogram 84 1242'
- '#histogram 85 1232'
- '#histogram 86 1161'
- '#histogram 87 1197'
- '#histogram 88 1194'
- '#histogram 89 1222'
- '#histogram 90 1201'
- '#histogram 91 1166'
- '#histogram 92 1124'
- '#histogram 93 1159'
- '#histogram 94 1115'
- '#histogram 95 1115'
- '#histogram 96 1033'
- '#histogram 97 1084'
- '#histogram 98 1106'
- '#histogram 99 1022'
- '#histogram 100 1012'
- '#histogram 101 1048'
- '#histogram 102 1030'
- '#histogram 103 1008'
- '#histogram 104 967'
- '#histogram 105 964'
- '#histogram 106 988'
- '#histogram 107 938'
- '#histogram 108 919'
- '#histogram 109 937'
- '#histogram 110 915'
- '#histogram 111 940'
- '#histogram 112 886'
- '#histogram 113 887'
- '#histogram 114 861'
- '#histogram 115 900'
- '#histogram 116 835'
- '#histogram 117 825'
- '#histogram 118 805'
- '#histogram 119 784'
- '#histogram 120 778'
- '#histogram 121 812'
- '#histogram 122 704'
- '#histogram 123 765'
- '#histogram 124 736'
- '#histogram 125 682'
- '#histogram 126 745'
- '#histogram 127 715'
- '#histogram 128 719'
- '#histogram 129 692'
- '#histogram 130 737'
- '#histogram 131 657'
- '#histogram 132 633'
- '#histogram 133 651'
- '#histogram 134 588'
- '#histogram 135 593'
- '#histogram 136 643'
- '#histogram 137 631'
- '#histogram 138 599'
- '#histogram 139 606'
- '#histogram 140 591'
- '#histogram 141 603'
- '#histogram 142 555'
- '#histogram 143 533'
- '#histogram 144 509'
- '#histogram 145 527'
- '#histogram 146 545'
- '#histogram 147 507'
- '#histogram 148 532'
- '#histogram 149 480'
- '#histogram 150 476'
- '#histogram 151 522'
- '#histogram 152 457'
- '#histogram 153 463'
- '#histogram 154 460'
- '#histogram 155 406'
- '#histogram 156 418'
- '#histogram 157 475'
- '#histogram 158 468'
- '#histogram 159 453'
- '#histogram 160 449'
- '#histogram 161 402'
- '#histogram 162 383'
- '#histogram 163 458'
- '#histogram 164 386'
- '#histogram 165 330'
- '#histogram 166 415'
- '#histogram 167 353'
- '#histogram 168 324'
- '#histogram 169 311'
- '#histogram 170 315'
- '#histogram 171 333'
- '#histogram 172 332'
- '#histogram 173 334'
- '#histogram 174 329'
- '#histogram 175 322'
- '#histogram 176 307'
- '#histogram 177 322'
- '#histogram 178 278'
- '#histogram 179 302'
- '#histogram 180 312'
- '#histogram 181 309'
- '#histogram 182 254'
- '#histogram 183 231'
- '#histogram 184 270'
- '#histogram 185 264'
- '#histogram 186 276'
- '#histogram 187 243'
- '#histogram 188 261'
- '#histogram 189 238'
- '#histogram 190 241'
- '#histogram 191 249'
- '#histogram 192 215'
- '#histogram 193 240'
- '#histogram 194 239'
- '#histogram 195 210'
- '#histogram 196 219'
- '#histogram 197 214'
- '#histogram 198 207'
- '#histogram 199 227'
- '#histogram 200 218'
- '#histogram 201 191'
- '#histogram 202 171'
- '#histogram 203 176'
- '#histogram 204 154'
- '#histogram 205 153'
- '#histogram 206 172'
- '#histogram 207 182'
- '#histogram 208 187'
- '#histogram 209 187'
- '#histogram 210 157'
- '#histogram 211 148'
- '#histogram 212 136'
- '#histogram 213 165'
- '#histogram 214 153'
- '#histogram 215 145'
- '#histogram 216 141'
- '#histogram 217 123'
- '#histogram 218 147'
- '#histogram 219 145'
- '#histogram 220 123'
- '#histogram 221 142'
- '#histogram 222 110'
- '#histogram 223 105'
- '#histogram 224 119'
- '#histogram 225 145'
- '#histogram 226 110'
- '#histogram 227 104'
- '#histogram 228 104'
- '#histogram 229 94'
- '#histogram 230 100'
- '#histogram 231 122'
- '#histogram 232 103'
- '#histogram 233 106'
- '#histogram 234 106'
- '#histogram 235 99'
- '#histogram 236 96'
- '#histogram 237 85'
- '#histogram 238 109'
- '#histogram 239 87'
- '#histogram 240 96'
- '#histogram 241 79'
- '#histogram 242 84'
- '#histogram 243 69'
- '#histogram 244 98'
- '#histogram 245 77'
- '#histogram 246 79'
- '#histogram 247 92'
- '#histogram 248 70'
- '#histogram 249 76'
- '#histogram 250 59'
- '#histogram 251 62'
- '#histogram 252 52'
- '#histogram 253 64'
- '#histogram 254 54'
- '#histogram 255 64'
- '#histogram 256 58'
- '#histogram 257 59'
- '#histogram 258 62'
- '#histogram 259 58'
- '#histogram 260 59'
- '#histogram 261 40'
- '#histogram 262 52'
- '#histogram 263 38'
- '#histogram 264 49'
- '#histogram 265 57'
- '#histogram 266 55'
- '#histogram 267 56'
- '#histogram 268 48'
- '#histogram 269 53'
- '#histogram 270 42'
- '#histogram 271 47'
- '#histogram 272 42'
- '#histogram 273 45'
- '#histogram 274 49'
- '#histogram 275 48'
- '#histogram 276 52'
- '#histogram 277 43'
- '#histogram 278 42'
- '#histogram 279 40'
- '#histogram 280 41'
- '#histogram 281 43'
- '#histogram 282 32'
- '#histogram 283 36'
- '#histogram 284 18'
- '#histogram 285 38'
- '#histogram 286 36'
- '#histogram 287 40'
- '#histogram 288 30'
- '#histogram 289 32'
- '#histogram 290 42'
- '#histogram 291 36'
- '#histogram 292 31'
- '#histogram 293 36'
- '#histogram 294 34'
- '#histogram 295 35'
- '#histogram 296 44'
- '#histogram 297 38'
- '#histogram 298 32'
- '#histogram 299 30'
- '#histogram 300 27'
- '#histogram 301 34'
- '#histogram 302 19'
- '#histogram 303 35'
- '#histogram 304 38'
- '#histogram 305 27'
- '#histogram 306 27'
- '#histogram 307 39'
- '#histogram 308 27'
- '#histogram 309 35'
- '#histogram 310 28'
- '#histogram 311 25'
- '#histogram 312 22'
- '#histogram 313 32'
- '#histogram 314 31'
- '#histogram 315 21'
- '#histogram 316 23'
- '#histogram 317 32'
- '#histogram 318 29'
- '#histogram 319 20'
- '#histogram 320 19'
- '#histogram 321 18'
- '#histogram 322 24'
- '#histogram 323 21'
- '#histogram 324 22'
- '#histogram 325 18'
- '#histogram 326 25'
- '#histogram 327 21'
- '#histogram 328 15'
- '#histogram 329 21'
- '#histogram 330 23'
- '#histogram 331 20'
- '#histogram 332 25'
- '#histogram 333 24'
- '#histogram 334 25'
- '#histogram 335 26'
- '#histogram 336 22'
- '#histogram 337 31'
- '#histogram 338 17'
- '#histogram 339 26'
- '#histogram 340 27'
- '#histogram 341 18'
- '#histogram 342 17'
- '#histogram 343 13'
- '#histogram 344 12'
- '#histogram 345 16'
- '#histogram 346 20'
- '#histogram 347 20'
- '#histogram 348 20'
- '#histogram 349 18'
- '#histogram 350 16'
- '#histogram 351 10'
- '#histogram 352 19'
- '#histogram 353 14'
- '#histogram 354 17'
- '#histogram 355 18'
- '#histogram 356 20'
- '#histogram 357 16'
- '#histogram 358 12'
- '#histogram 359 23'
- '#histogram 360 22'
- '#histogram 361 24'
- '#histogram 362 21'
- '#histogram 363 12'
- '#histogram 364 14'
- '#histogram 365 9'
- '#histogram 366 14'
- '#histogram 367 12'
- '#histogram 368 17'
- '#histogram 369 11'
- '#histogram 370 13'
- '#histogram 371 18'
- '#histogram 372 10'
- '#histogram 373 9'
- '#histogram 374 13'
- '#histogram 375 16'
- '#histogram 376 8'
- '#histogram 377 14'
- '#histogram 378 11'
- '#histogram 379 10'
- '#histogram 380 16'
- '#histogram 381 15'
- '#histogram 382 22'
- '#histogram 383 19'
- '#histogram 384 18'
- '#histogram 385 16'
- '#histogram 386 14'
- '#histogram 387 15'
- '#histogram 388 9'
- '#histogram 389 9'
- '#histogram 390 19'
- '#histogram 391 15'
- '#histogram 392 13'
- '#histogram 393 13'
- '#histogram 394 16'
- '#histogram 395 8'
- '#histogram 396 14'
- '#histogram 397 16'
- '#histogram 398 16'
- '#histogram 399 17'
- '#histogram 400 25'
- '#histogram 401 14'
- '#histogram 402 18'
- '#histogram 403 16'
- '#histogram 404 11'
- '#histogram 405 11'
- '#histogram 406 17'
- '#histogram 407 19'
- '#histogram 408 12'
- '#histogram 409 13'
- '#histogram 410 13'
- '#histogram 411 12'
- '#histogram 412 20'
- '#histogram 413 13'
- '#histogram 414 7'
- '#histogram 415 15'
- '#histogram 416 13'
- '#histogram 417 15'
- '#histogram 418 12'
- '#histogram 419 20'
- '#histogram 420 16'
- '#histogram 421 15'
- '#histogram 422 15'
- '#histogram 423 15'
- '#histogram 424 17'
- '#histogram 425 10'
- '#histogram 426 14'
- '#histogram 427 11'
- '#histogram 428 12'
- '#histogram 429 12'
- '#histogram 430 11'
- '#histogram 431 14'
- '#histogram 432 14'
- '#histogram 433 18'
- '#histogram 434 13'
- '#histogram 435 15'
- '#histogram 436 17'
- '#histogram 437 7'
- '#histogram 438 17'
- '#histogram 439 17'
- '#histogram 440 7'
- '#histogram 441 15'
- '#histogram 442 13'
- '#histogram 443 8'
- '#histogram 444 16'
- '#histogram 445 13'
- '#histogram 446 16'
- '#histogram 447 11'
- '#histogram 448 15'
- '#histogram 449 8'
- '#histogram 450 12'
- '#histogram 451 14'
- '#histogram 452 18'
- '#histogram 453 14'
- '#histogram 454 12'
- '#histogram 455 19'
- '#histogram 456 16'
- '#histogram 457 7'
- '#histogram 458 13'
- '#histogram 459 13'
- '#histogram 460 4'
- '#histogram 461 12'
- '#histogram 462 13'
- '#histogram 463 16'
- '#histogram 464 5'
- '#histogram 465 13'
- '#histogram 466 10'
- '#histogram 467 13'
- '#histogram 468 13'
- '#histogram 469 7'
- '#histogram 470 17'
- '#histogram 471 20'
- '#histogram 472 10'
- '#histogram 473 13'
- '#histogram 474 15'
- '#histogram 475 6'
- '#histogram 476 12'
- '#histogram 477 11'
- '#histogram 478 6'
- '#histogram 479 12'
- '#histogram 480 5'
- '#histogram 481 16'
- '#histogram 482 10'
- '#histogram 483 10'
- '#histogram 484 13'
- '#histogram 485 12'
- '#histogram 486 12'
- '#histogram 487 14'
- '#histogram 488 11'
- '#histogram 489 18'
- '#histogram 490 11'
- '#histogram 491 15'
- '#histogram 492 15'
- '#histogram 493 14'
- '#histogram 494 16'
- '#histogram 495 14'
- '#histogram 496 7'
- '#histogram 497 8'
- '#histogram 498 19'
- '#histogram 499 8'
- '#histogram 500 9'
- '#histogram 501 17'
- '#histogram 502 17'
- '#histogram 503 14'
- '#histogram 504 11'
- '#histogram 505 10'
- '#histogram 506 15'
- '#histogram 507 17'
- '#histogram 508 11'
- '#histogram 509 10'
- '#histogram 510 13'
- '#histogram 511 16'
- '#histogram 512 25'
- '#histogram 513 14'
- '#histogram 514 19'
- '#histogram 515 7'
- '#histogram 516 8'
- '#histogram 517 20'
- '#histogram 518 13'
- '#histogram 519 11'
- '#histogram 520 12'
- '#histogram 521 10'
- '#histogram 522 19'
- '#histogram 523 17'
- '#histogram 524 15'
- '#histogram 525 17'
- '#histogram 526 19'
- '#histogram 527 7'
- '#histogram 528 14'
- '#histogram 529 11'
- '#histogram 530 14'
- '#histogram 531 13'
- '#histogram 532 16'
- '#histogram 533 13'
- '#histogram 534 9'
- '#histogram 535 10'
- '#histogram 536 10'
- '#histogram 537 9'
- '#histogram 538 16'
- '#histogram 539 9'
- '#histogram 540 15'
- '#histogram 541 11'
- '#histogram 542 7'
- '#histogram 543 12'
- '#histogram 544 14'
- '#histogram 545 13'
- '#histogram 546 13'
- '#histogram 547 13'
- '#histogram 548 10'
- '#histogram 549 17'
- '#histogram 550 12'
- '#histogram 551 10'
- '#histogram 552 15'
- '#histogram 553 14'
- '#histogram 554 21'
- '#histogram 555 8'
- '#histogram 556 15'
- '#histogram 557 21'
- '#histogram 558 17'
- '#histogram 559 15'
- '#histogram 560 14'
- '#histogram 561 14'
- '#histogram 562 9'
- '#histogram 563 12'
- '#histogram 564 13'
- '#histogram 565 9'
- '#histogram 566 6'
- '#histogram 567 8'
- '#histogram 568 15'
- '#histogram 569 4'
- '#histogram 570 12'
- '#histogram 571 7'
- '#histogram 572 9'
- '#histogram 573 12'
- '#histogram 574 10'
- '#histogram 575 10'
- '#histogram 576 5'
- '#histogram 577 15'
- '#histogram 578 12'
- '#histogram 579 12'
- '#histogram 580 12'
- '#histogram 581 12'
- '#histogram 582 10'
- '#histogram 583 9'
- '#histogram 584 17'
- '#histogram 585 14'
- '#histogram 586 17'
- '#histogram 587 12'
- '#histogram 588 13'
- '#histogram 589 15'
- '#histogram 590 17'
- '#histogram 591 16'
- '#histogram 592 12'
- '#histogram 593 21'
- '#histogram 594 15'
- '#histogram 595 15'
- '#histogram 596 8'
- '#histogram 597 11'
- '#histogram 598 14'
- '#histogram 599 7'
- '#histogram 600 12'
- '#histogram 601 7'
- '#histogram 602 14'
- '#histogram 603 15'
- '#histogram 604 10'
- '#histogram 605 9'
- '#histogram 606 19'
- '#histogram 607 19'
- '#histogram 608 16'
- '#histogram 609 15'
- '#histogram 610 11'
- '#histogram 611 17'
- '#histogram 612 9'
- '#histogram 613 12'
- '#histogram 614 11'
- '#histogram 615 10'
- '#histogram 616 16'
- '#histogram 617 12'
- '#histogram 618 15'
- '#histogram 619 17'
- '#histogram 620 8'
- '#histogram 621 12'
- '#histogram 622 17'
- '#histogram 623 18'
- '#histogram 624 18'
- '#histogram 625 11'
- '#histogram 626 9'
- '#histogram 627 7'
- '#histogram 628 22'
- '#histogram 629 19'
- '#histogram 630 10'
- '#histogram 631 14'
- '#histogram 632 12'
- '#histogram 633 9'
- '#histogram 634 14'
- '#histogram 635 8'
- '#histogram 636 16'
- '#histogram 637 10'
- '#histogram 638 22'
- '#histogram 639 15'
- '#histogram 640 19'
- '#histogram 641 18'
- '#histogram 642 14'
- '#histogram 643 8'
- '#histogram 644 8'
- '#histogram 645 15'
- '#histogram 646 15'
- '#histogram 647 15'
- '#histogram 648 15'
- '#histogram 649 17'
- '#histogram 650 18'
- '#histogram 651 13'
- '#histogram 652 12'
- '#histogram 653 11'
- '#histogram 654 17'
- '#histogram 655 12'
- '#histogram 656 11'
- '#histogram 657 12'
- '#histogram 658 14'
- '#histogram 659 14'
- '#histogram 660 13'
- '#histogram 661 14'
- '#histogram 662 20'
- '#histogram 663 18'
- '#histogram 664 12'
- '#histogram 665 14'
- '#histogram 666 16'
- '#histogram 667 20'
- '#histogram 668 15'
- '#histogram 669 9'
- '#histogram 670 21'
- '#histogram 671 16'
- '#histogram 672 13'
- '#histogram 673 14'
- '#histogram 674 16'
- '#histogram 675 24'
- '#histogram 676 16'
- '#histogram 677 21'
- '#histogram 678 14'
- '#histogram 679 15'
- '#histogram 680 20'
- '#histogram 681 14'
- '#histogram 682 14'
- '#histogram 683 24'
- '#histogram 684 14'
- '#histogram 685 16'
- '#histogram 686 12'
- '#histogram 687 14'
- '#histogram 688 8'
- '#histogram 689 23'
- '#histogram 690 11'
- '#histogram 691 20'
- '#histogram 692 16'
- '#histogram 693 18'
- '#histogram 694 10'
- '#histogram 695 10'
- '#histogram 696 18'
- '#histogram 697 16'
- '#histogram 698 23'
- '#histogram 699 18'
- '#histogram 700 22'
- '#histogram 701 13'
- '#histogram 702 18'
- '#histogram 703 16'
- '#histogram 704 14'
- '#histogram 705 11'
- '#histogram 706 12'
- '#histogram 707 20'
- '#histogram 708 16'
- '#histogram 709 23'
- '#histogram 710 23'
- '#histogram 711 13'
- '#histogram 712 11'
- '#histogram 713 18'
- '#histogram 714 19'
- '#histogram 715 14'
- '#histogram 716 21'
- '#histogram 717 14'
- '#histogram 718 19'
- '#histogram 719 27'
- '#histogram 720 18'
- '#histogram 721 8'
- '#histogram 722 15'
- '#histogram 723 18'
- '#histogram 724 13'
- '#histogram 725 10'
- '#histogram 726 10'
- '#histogram 727 20'
- '#histogram 728 14'
- '#histogram 729 12'
- '#histogram 730 11'
- '#histogram 731 18'
- '#histogram 732 13'
- '#histogram 733 12'
- '#histogram 734 23'
- '#histogram 735 21'
- '#histogram 736 18'
- '#histogram 737 12'
- '#histogram 738 18'
- '#histogram 739 16'
- '#histogram 740 21'
- '#histogram 741 9'
- '#histogram 742 24'
- '#histogram 743 18'
- '#histogram 744 26'
- '#histogram 745 14'
- '#histogram 746 22'
- '#histogram 747 15'
- '#histogram 748 14'
- '#histogram 749 13'
- '#histogram 750 14'
- '#histogram 751 13'
- '#histogram 752 20'
- '#histogram 753 14'
- '#histogram 754 22'
- '#histogram 755 16'
- '#histogram 756 20'
- '#histogram 757 15'
- '#histogram 758 24'
- '#histogram 759 14'
- '#histogram 760 13'
- '#histogram 761 24'
- '#histogram 762 16'
- '#histogram 763 29'
- '#histogram 764 17'
- '#histogram 765 14'
- '#histogram 766 22'
- '#histogram 767 19'
- '#histogram 768 19'
- '#histogram 769 17'
- '#histogram 770 22'
- '#histogram 771 12'
- '#histogram 772 16'
- '#histogram 773 21'
- '#histogram 774 13'
- '#histogram 775 17'
- '#histogram 776 14'
- '#histogram 777 28'
- '#histogram 778 14'
- '#histogram 779 13'
- '#histogram 780 25'
- '#histogram 781 25'
- '#histogram 782 12'
- '#histogram 783 16'
- '#histogram 784 16'
- '#histogram 785 16'
- '#histogram 786 24'
- '#histogram 787 14'
- '#histogram 788 17'
- '#histogram 789 25'
- '#histogram 790 22'
- '#histogram 791 14'
- '#histogram 792 16'
- '#histogram 793 17'
- '#histogram 794 25'
- '#histogram 795 19'
- '#histogram 796 22'
- '#histogram 797 14'
- '#histogram 798 20'
- '#histogram 799 26'
- '#histogram 800 29'
- '#histogram 801 15'
- '#histogram 802 19'
- '#histogram 803 12'
- '#histogram 804 21'
- '#histogram 805 19'
- '#histogram 806 12'
- '#histogram 807 21'
- '#histogram 808 13'
- '#histogram 809 15'
- '#histogram 810 24'
- '#histogram 811 16'
- '#histogram 812 18'
- '#histogram 813 13'
- '#histogram 814 17'
- '#histogram 815 14'
- '#histogram 816 20'
- '#histogram 817 18'
- '#histogram 818 18'
- '#histogram 819 21'
- '#histogram 820 24'
- '#histogram 821 17'
- '#histogram 822 20'
- '#histogram 823 22'
- '#histogram 824 21'
- '#histogram 825 15'
- '#histogram 826 18'
- '#histogram 827 23'
- '#histogram 828 27'
- '#histogram 829 16'
- '#histogram 830 23'
- '#histogram 831 22'
- '#histogram 832 14'
- '#histogram 833 21'
- '#histogram 834 24'
- '#histogram 835 11'
- '#histogram 836 28'
- '#histogram 837 16'
- '#histogram 838 16'
- '#histogram 839 28'
- '#histogram 840 14'
- '#histogram 841 18'
- '#histogram 842 20'
- '#histogram 843 18'
- '#histogram 844 24'
- '#histogram 845 24'
- '#histogram 846 15'
- '#histogram 847 23'
- '#histogram 848 17'
- '#histogram 849 16'
- '#histogram 850 20'
- '#histogram 851 25'
- '#histogram 852 23'
- '#histogram 853 20'
- '#histogram 854 26'
- '#histogram 855 17'
- '#histogram 856 16'
- '#histogram 857 16'
- '#histogram 858 20'
- '#histogram 859 19'
- '#histogram 860 24'
- '#histogram 861 25'
- '#histogram 862 25'
- '#histogram 863 21'
- '#histogram 864 24'
- '#histogram 865 16'
- '#histogram 866 23'
- '#histogram 867 21'
- '#histogram 868 13'
- '#histogram 869 20'
- '#histogram 870 27'
- '#histogram 871 22'
- '#histogram 872 18'
- '#histogram 873 25'
- '#histogram 874 19'
- '#histogram 875 19'
- '#histogram 876 24'
- '#histogram 877 19'
- '#histogram 878 23'
- '#histogram 879 12'
- '#histogram 880 20'
- '#histogram 881 18'
- '#histogram 882 26'
- '#histogram 883 25'
- '#histogram 884 26'
- '#histogram 885 19'
- '#histogram 886 21'
- '#histogram 887 17'
- '#histogram 888 17'
- '#histogram 889 31'
- '#histogram 890 17'
- '#histogram 891 19'
- '#histogram 892 23'
- '#histogram 893 22'
- '#histogram 894 23'
- '#histogram 895 18'
- '#histogram 896 15'
- '#histogram 897 16'
- '#histogram 898 29'
- '#histogram 899 28'
- '#histogram 900 20'
- '#histogram 901 14'
- '#histogram 902 23'
- '#histogram 903 19'
- '#histogram 904 27'
- '#histogram 905 21'
- '#histogram 906 22'
- '#histogram 907 26'
- '#histogram 908 35'
- '#histogram 909 22'
- '#histogram 910 20'
- '#histogram 911 20'
- '#histogram 912 22'
- '#histogram 913 21'
- '#histogram 914 20'
- '#histogram 915 14'
- '#histogram 916 18'
- '#histogram 917 29'
- '#histogram 918 10'
- '#histogram 919 19'
- '#histogram 920 17'
- '#histogram 921 16'
- '#histogram 922 21'
- '#histogram 923 19'
- '#histogram 924 22'
- '#histogram 925 25'
- '#histogram 926 23'
- '#histogram 927 21'
- '#histogram 928 30'
- '#histogram 929 29'
- '#histogram 930 25'
- '#histogram 931 17'
- '#histogram 932 23'
- '#histogram 933 23'
- '#histogram 934 18'
- '#histogram 935 25'
- '#histogram 936 22'
- '#histogram 937 28'
- '#histogram 938 27'
- '#histogram 939 17'
- '#histogram 940 31'
- '#histogram 941 26'
- '#histogram 942 11'
- '#histogram 943 30'
- '#histogram 944 22'
- '#histogram 945 17'
- '#histogram 946 31'
- '#histogram 947 22'
- '#histogram 948 20'
- '#histogram 949 27'
- '#histogram 950 19'
- '#histogram 951 18'
- '#histogram 952 21'
- '#histogram 953 26'
- '#histogram 954 33'
- '#histogram 955 17'
- '#histogram 956 22'
- '#histogram 957 22'
- '#histogram 958 22'
- '#histogram 959 21'
- '#histogram 960 31'
- '#histogram 961 23'
- '#histogram 962 14'
- '#histogram 963 14'
- '#histogram 964 19'
- '#histogram 965 25'
- '#histogram 966 19'
- '#histogram 967 22'
- '#histogram 968 25'
- '#histogram 969 17'
- '#histogram 970 18'
- '#histogram 971 19'
- '#histogram 972 31'
- '#histogram 973 27'
- '#histogram 974 19'
- '#histogram 975 21'
- '#histogram 976 16'
- '#histogram 977 22'
- '#histogram 978 20'
- '#histogram 979 13'
- '#histogram 980 35'
- '#histogram 981 17'
- '#histogram 982 19'
- '#histogram 983 23'
- '#histogram 984 24'
- '#histogram 985 25'
- '#histogram 986 16'
- '#histogram 987 13'
- '#histogram 988 18'
- '#histogram 989 20'
- '#histogram 990 19'
- '#histogram 991 16'
- '#histogram 992 12'
- '#histogram 993 24'
- '#histogram 994 19'
- '#histogram 995 24'
- '#histogram 996 21'
- '#histogram 997 28'
- '#histogram 998 23'
- '#histogram 999 20'
- '#histogram 1000 20'
- '#histogram 1001 17'
- '#histogram 1002 16'
- '#histogram 1003 20'
- '#histogram 1004 23'
- '#histogram 1005 25'
- '#histogram 1006 21'
- '#histogram 1007 22'
- '#histogram 1008 22'
- '#histogram 1009 30'
- '#histogram 1010 18'
- '#histogram 1011 22'
- '#histogram 1012 26'
- '#histogram 1013 15'
- '#histogram 1014 18'
- '#histogram 1015 24'
- '#histogram 1016 20'
- '#histogram 1017 18'
- '#histogram 1018 24'
- '#histogram 1019 16'
- '#histogram 1020 13'
- '#histogram 1021 26'
- '#histogram 1022 11'
- '#histogram 1023 13'
- '#histogram 1024 23'
- '#histogram 1025 19'
- '#histogram 1026 14'
- '#histogram 1027 16'
- '#histogram 1028 16'
- '#histogram 1029 26'
- '#histogram 1030 25'
- '#histogram 1031 16'
- '#histogram 1032 25'
- '#histogram 1033 10'
- '#histogram 1034 17'
- '#histogram 1035 16'
- '#histogram 1036 21'
- '#histogram 1037 17'
- '#histogram 1038 24'
- '#histogram 1039 19'
- '#histogram 1040 20'
- '#histogram 1041 15'
- '#histogram 1042 26'
- '#histogram 1043 23'
- '#histogram 1044 22'
- '#histogram 1045 17'
- '#histogram 1046 23'
- '#histogram 1047 20'
- '#histogram 1048 21'
- '#histogram 1049 16'
- '#histogram 1050 25'
- '#histogram 1051 19'
- '#histogram 1052 19'
- '#histogram 1053 22'
- '#histogram 1054 22'
- '#histogram 1055 20'
- '#histogram 1056 17'
- '#histogram 1057 24'
- '#histogram 1058 20'
- '#histogram 1059 16'
- '#histogram 1060 26'
- '#histogram 1061 22'
- '#histogram 1062 20'
- '#histogram 1063 16'
- '#histogram 1064 18'
- '#histogram 1065 25'
- '#histogram 1066 14'
- '#histogram 1067 14'
- '#histogram 1068 15'
- '#histogram 1069 16'
- '#histogram 1070 27'
- '#histogram 1071 12'
- '#histogram 1072 15'
- '#histogram 1073 32'
- '#histogram 1074 14'
- '#histogram 1075 24'
- '#histogram 1076 14'
- '#histogram 1077 22'
- '#histogram 1078 23'
- '#histogram 1079 18'
- '#histogram 1080 25'
- '#histogram 1081 13'
- '#histogram 1082 10'
- '#histogram 1083 18'
- '#histogram 1084 19'
- '#histogram 1085 26'
- '#histogram 1086 23'
- '#histogram 1087 22'
- '#histogram 1088 17'
- '#histogram 1089 22'
- '#histogram 1090 23'
- '#histogram 1091 18'
- '#histogram 1092 16'
- '#histogram 1093 24'
- '#histogram 1094 17'
- '#histogram 1095 20'
- '#histogram 1096 21'
- '#histogram 1097 22'
- '#histogram 1098 11'
- '#histogram 1099 27'
- '#histogram 1100 30'
- '#histogram 1101 19'
- '#histogram 1102 21'
- '#histogram 1103 23'
- '#histogram 1104 18'
- '#histogram 1105 16'
- '#histogram 1106 13'
- '#histogram 1107 18'
- '#histogram 1108 18'
- '#histogram 1109 15'
- '#histogram 1110 17'
- '#histogram 1111 12'
- '#histogram 1112 19'
- '#histogram 1113 20'
- '#histogram 1114 17'
- '#histogram 1115 16'
- '#histogram 1116 14'
- '#histogram 1117 23'
- '#histogram 1118 19'
- '#histogram 1119 19'
- '#histogram 1120 20'
- '#histogram 1121 19'
- '#histogram 1122 22'
- '#histogram 1123 16'
- '#histogram 1124 23'
- '#histogram 1125 15'
- '#histogram 1126 18'
- '#histogram 1127 13'
- '#histogram 1128 13'
- '#histogram 1129 12'
- '#histogram 1130 25'
- '#histogram 1131 16'
- '#histogram 1132 23'
- '#histogram 1133 19'
- '#histogram 1134 13'
- '#histogram 1135 14'
- '#histogram 1136 10'
- '#histogram 1137 22'
- '#histogram 1138 13'
- '#histogram 1139 16'
- '#histogram 1140 21'
- '#histogram 1141 17'
- '#histogram 1142 22'
- '#histogram 1143 19'
- '#histogram 1144 13'
- '#histogram 1145 21'
- '#histogram 1146 15'
- '#histogram 1147 11'
- '#histogram 1148 25'
- '#histogram 1149 16'
- '#histogram 1150 14'
- '#histogram 1151 16'
- '#histogram 1152 15'
- '#histogram 1153 18'
- '#histogram 1154 14'
- '#histogram 1155 21'
- '#histogram 1156 17'
- '#histogram 1157 16'
- '#histogram 1158 16'
- '#histogram 1159 16'
- '#histogram 1160 17'
- '#histogram 1161 14'
- '#histogram 1162 17'
- '#histogram 1163 14'
- '#histogram 1164 20'
- '#histogram 1165 17'
- '#histogram 1166 14'
- '#histogram 1167 13'
- '#histogram 1168 18'
- '#histogram 1169 15'
- '#histogram 1170 13'
- '#histogram 1171 11'
- '#histogram 1172 14'
- '#histogram 1173 10'
- '#histogram 1174 18'
- '#histogram 1175 21'
- '#histogram 1176 17'
- '#histogram 1177 11'
- '#histogram 1178 16'
- '#histogram 1179 14'
- '#histogram 1180 15'
- '#histogram 1181 10'
- '#histogram 1182 17'
- '#histogram 1183 19'
- '#histogram 1184 15'
- '#histogram 1185 15'
- '#histogram 1186 14'
- '#histogram 1187 15'
- '#histogram 1188 14'
- '#histogram 1189 18'
- '#histogram 1190 16'
- '#histogram 1191 20'
- '#histogram 1192 15'
- '#histogram 1193 12'
- '#histogram 1194 12'
- '#histogram 1195 14'
- '#histogram 1196 10'
- '#histogram 1197 14'
- '#histogram 1198 14'
- '#histogram 1199 16'
- '#histogram 1200 27'
- '#histogram 1201 14'
- '#histogram 1202 14'
- '#histogram 1203 21'
- '#histogram 1204 13'
- '#histogram 1205 6'
- '#histogram 1206 15'
- '#histogram 1207 12'
- '#histogram 1208 12'
- '#histogram 1209 20'
- '#histogram 1210 15'
- '#histogram 1211 8'
- '#histogram 1212 17'
- '#histogram 1213 11'
- '#histogram 1214 12'
- '#histogram 1215 15'
- '#histogram 1216 17'
- '#histogram 1217 12'
- '#histogram 1218 12'
- '#histogram 1219 16'
- '#histogram 1220 15'
- '#histogram 1221 13'
- '#histogram 1222 12'
- '#histogram 1223 14'
- '#histogram 1224 8'
- '#histogram 1225 8'
- '#histogram 1226 14'
- '#histogram 1227 14'
- '#histogram 1228 7'
- '#histogram 1229 13'
- '#histogram 1230 16'
- '#histogram 1231 6'
- '#histogram 1232 15'
- '#histogram 1233 16'
- '#histogram 1234 11'
- '#histogram 1235 16'
- '#histogram 1236 12'
- '#histogram 1237 9'
- '#histogram 1238 10'
- '#histogram 1239 11'
- '#histogram 1240 14'
- '#histogram 1241 19'
- '#histogram 1242 17'
- '#histogram 1243 12'
- '#histogram 1244 7'
- '#histogram 1245 10'
- '#histogram 1246 5'
- '#histogram 1247 19'
- '#histogram 1248 10'
- '#histogram 1249 10'
- '#histogram 1250 9'
- '#histogram 1251 13'
- '#histogram 1252 13'
- '#histogram 1253 14'
- '#histogram 1254 16'
- '#histogram 1255 14'
- '#histogram 1256 5'
- '#histogram 1257 12'
- '#histogram 1258 9'
- '#histogram 1259 12'
- '#histogram 1260 7'
- '#histogram 1261 7'
- '#histogram 1262 5'
- '#histogram 1263 9'
- '#histogram 1264 11'
- '#histogram 1265 9'
- '#histogram 1266 9'
- '#histogram 1267 11'
- '#histogram 1268 13'
- '#histogram 1269 14'
- '#histogram 1270 11'
- '#histogram 1271 6'
- '#histogram 1272 11'
- '#histogram 1273 7'
- '#histogram 1274 7'
- '#histogram 1275 8'
- '#histogram 1276 12'
- '#histogram 1277 5'
- '#histogram 1278 7'
- '#histogram 1279 9'
- '#histogram 1280 14'
- '#histogram 1281 12'
- '#histogram 1282 6'
- '#histogram 1283 8'
- '#histogram 1284 10'
- '#histogram 1285 4'
- '#histogram 1286 10'
- '#histogram 1287 12'
- '#histogram 1288 8'
- '#histogram 1289 9'
- '#histogram 1290 6'
- '#histogram 1291 11'
- '#histogram 1292 8'
- '#histogram 1293 6'
- '#histogram 1294 8'
- '#histogram 1295 5'
- '#histogram 1296 14'
- '#histogram 1297 2'
- '#histogram 1298 9'
- '#histogram 1299 7'
- '#histogram 1300 7'
- '#histogram 1301 12'
- '#histogram 1302 7'
- '#histogram 1303 12'
- '#histogram 1304 12'
- '#histogram 1305 11'
- '#histogram 1306 10'
- '#histogram 1307 7'
- '#histogram 1308 5'
- '#histogram 1309 14'
- '#histogram 1310 1'
- '#histogram 1311 12'
- '#histogram 1312 4'
- '#histogram 1313 8'
- '#histogram 1314 8'
- '#histogram 1315 4'
- '#histogram 1316 9'
- '#histogram 1317 4'
- '#histogram 1318 9'
- '#histogram 1319 7'
- '#histogram 1320 8'
- '#histogram 1321 6'
- '#histogram 1322 8'
- '#histogram 1323 7'
- '#histogram 1324 7'
- '#histogram 1325 7'
- '#histogram 1326 4'
- '#histogram 1327 8'
- '#histogram 1328 7'
- '#histogram 1329 6'
- '#histogram 1330 6'
- '#histogram 1331 9'
- '#histogram 1332 1'
- '#histogram 1333 6'
- '#histogram 1334 6'
- '#histogram 1335 3'
- '#histogram 1336 12'
- '#histogram 1337 10'
- '#histogram 1338 4'
- '#histogram 1339 5'
- '#histogram 1340 5'
- '#histogram 1341 4'
- '#histogram 1342 4'
- '#histogram 1343 2'
- '#histogram 1344 5'
- '#histogram 1345 9'
- '#histogram 1346 2'
- '#histogram 1347 5'
- '#histogram 1348 5'
- '#histogram 1349 6'
- '#histogram 1350 4'
- '#histogram 1351 5'
- '#histogram 1352 4'
- '#histogram 1353 7'
- '#histogram 1354 6'
- '#histogram 1355 6'
- '#histogram 1356 4'
- '#histogram 1357 5'
- '#histogram 1358 5'
- '#histogram 1359 2'
- '#histogram 1360 5'
- '#histogram 1361 5'
- '#histogram 1362 6'
- '#histogram 1363 4'
- '#histogram 1364 3'
- '#histogram 1365 5'
- '#histogram 1366 6'
- '#histogram 1367 5'
- '#histogram 1368 3'
- '#histogram 1369 2'
- '#histogram 1370 4'
- '#histogram 1371 5'
- '#histogram 1372 4'
- '#histogram 1373 2'
- '#histogram 1374 10'
- '#histogram 1375 4'
- '#histogram 1376 2'
- '#histogram 1377 4'
- '#histogram 1378 4'
- '#histogram 1379 1'
- '#histogram 1380 4'
- '#histogram 1381 7'
- '#histogram 1382 6'
- '#histogram 1383 4'
- '#histogram 1384 2'
- '#histogram 1385 2'
- '#histogram 1386 2'
- '#histogram 1387 6'
- '#histogram 1388 6'
- '#histogram 1389 1'
- '#histogram 1390 5'
- '#histogram 1391 1'
- '#histogram 1392 1'
- '#histogram 1393 5'
- '#histogram 1394 5'
- '#histogram 1395 2'
- '#histogram 1396 5'
- '#histogram 1397 1'
- '#histogram 1398 6'
- '#histogram 1399 6'
- '#histogram 1400 1'
- '#histogram 1401 4'
- '#histogram 1402 2'
- '#histogram 1404 4'
- '#histogram 1406 1'
- '#histogram 1407 3'
- '#histogram 1408 5'
- '#histogram 1409 2'
- '#histogram 1410 4'
- '#histogram 1411 2'
- '#histogram 1412 3'
- '#histogram 1413 3'
- '#histogram 1414 4'
- '#histogram 1415 1'
- '#histogram 1416 2'
- '#histogram 1417 2'
- '#histogram 1418 6'
- '#histogram 1420 1'
- '#histogram 1421 3'
- '#histogram 1422 1'
- '#histogram 1423 2'
- '#histogram 1424 5'
- '#histogram 1426 5'
- '#histogram 1427 1'
- '#histogram 1428 4'
- '#histogram 1429 4'
- '#histogram 1430 3'
- '#histogram 1431 1'
- '#histogram 1432 2'
- '#histogram 1433 3'
- '#histogram 1434 2'
- '#histogram 1435 1'
- '#histogram 1436 1'
- '#histogram 1437 3'
- '#histogram 1438 3'
- '#histogram 1439 4'
- '#histogram 1440 3'
- '#histogram 1441 3'
- '#histogram 1442 3'
- '#histogram 1443 3'
- '#histogram 1444 3'
- '#histogram 1445 1'
- '#histogram 1446 1'
- '#histogram 1447 5'
- '#histogram 1448 2'
- '#histogram 1449 4'
- '#histogram 1451 2'
- '#histogram 1452 2'
- '#histogram 1453 5'
- '#histogram 1454 4'
- '#histogram 1455 4'
- '#histogram 1456 3'
- '#histogram 1457 4'
- '#histogram 1458 1'
- '#histogram 1459 7'
- '#histogram 1460 1'
- '#histogram 1461 3'
- '#histogram 1463 3'
- '#histogram 1464 1'
- '#histogram 1465 3'
- '#histogram 1466 2'
- '#histogram 1467 3'
- '#histogram 1468 2'
- '#histogram 1469 2'
- '#histogram 1470 4'
- '#histogram 1471 5'
- '#histogram 1472 3'
- '#histogram 1473 1'
- '#histogram 1474 2'
- '#histogram 1475 2'
- '#histogram 1476 2'
- '#histogram 1478 1'
- '#histogram 1479 3'
- '#histogram 1480 3'
- '#histogram 1481 1'
- '#histogram 1482 2'
- '#histogram 1483 1'
- '#histogram 1484 2'
- '#histogram 1485 2'
- '#histogram 1486 2'
- '#histogram 1487 3'
- '#histogram 1488 2'
- '#histogram 1489 2'
- '#histogram 1490 1'
- '#histogram 1491 5'
- '#histogram 1492 1'
- '#histogram 1493 3'
- '#histogram 1494 1'
- '#histogram 1495 2'
- '#histogram 1496 3'
- '#histogram 1497 4'
- '#histogram 1498 3'
- '#histogram 1499 4'
- '#histogram 1500 3'
- '#histogram 1501 4'
- '#histogram 1502 3'
- '#histogram 1503 3'
- '#histogram 1504 1'
- '#histogram 1506 2'
- '#histogram 1507 1'
- '#histogram 1508 1'
- '#histogram 1510 1'
- '#histogram 1511 1'
- '#histogram 1512 1'
- '#histogram 1513 2'
- '#histogram 1514 1'
- '#histogram 1516 1'
- '#histogram 1518 1'
- '#histogram 1519 1'
- '#histogram 1520 2'
- '#histogram 1521 6'
- '#histogram 1522 1'
- '#histogram 1523 3'
- '#histogram 1524 4'
- '#histogram 1525 1'
- '#histogram 1526 1'
- '#histogram 1527 1'
- '#histogram 1528 2'
- '#histogram 1529 2'
- '#histogram 1530 2'
- '#histogram 1532 1'
- '#histogram 1533 3'
- '#histogram 1534 2'
- '#histogram 1536 2'
- '#histogram 1537 3'
- '#histogram 1538 4'
- '#histogram 1539 3'
- '#histogram 1540 3'
- '#histogram 1541 1'
- '#histogram 1542 4'
- '#histogram 1543 1'
- '#histogram 1544 1'
- '#histogram 1545 1'
- '#histogram 1548 1'
- '#histogram 1549 2'
- '#histogram 1550 1'
- '#histogram 1551 4'
- '#histogram 1552 2'
- '#histogram 1553 1'
- '#histogram 1554 3'
- '#histogram 1555 4'
- '#histogram 1556 3'
- '#histogram 1557 1'
- '#histogram 1558 4'
- '#histogram 1559 1'
- '#histogram 1560 3'
- '#histogram 1561 2'
- '#histogram 1562 2'
- '#histogram 1564 3'
- '#histogram 1565 2'
- '#histogram 1566 2'
- '#histogram 1567 1'
- '#histogram 1569 4'
- '#histogram 1570 2'
- '#histogram 1571 2'
- '#histogram 1572 1'
- '#histogram 1573 1'
- '#histogram 1574 3'
- '#histogram 1576 1'
- '#histogram 1577 1'
- '#histogram 1580 5'
- '#histogram 1584 1'
- '#histogram 1585 3'
- '#histogram 1586 4'
- '#histogram 1588 2'
- '#histogram 1589 1'
- '#histogram 1592 2'
- '#histogram 1593 3'
- '#histogram 1594 1'
- '#histogram 1595 1'
- '#histogram 1596 2'
- '#histogram 1598 1'
- '#histogram 1600 1'
- '#histogram 1602 1'
- '#histogram 1603 1'
- '#histogram 1604 1'
- '#histogram 1606 2'
- '#histogram 1610 1'
- '#histogram 1612 1'
- '#histogram 1613 3'
- '#histogram 1614 2'
- '#histogram 1615 1'
- '#histogram 1616 1'
- '#histogram 1621 2'
- '#histogram 1623 1'
- '#histogram 1624 2'
- '#histogram 1625 1'
- '#histogram 1626 1'
- '#histogram 1627 2'
- '#histogram 1628 2'
- '#histogram 1630 2'
- '#histogram 1633 1'
- '#histogram 1634 1'
- '#histogram 1638 1'
- '#histogram 1641 1'
- '#histogram 1643 2'
- '#histogram 1645 1'
- '#histogram 1648 1'
- '#histogram 1649 1'
- '#histogram 1651 1'
- '#histogram 1655 1'
- '#histogram 1658 1'
- '#histogram 1660 1'
- '#histogram 1661 2'
- '#histogram 1666 1'
- '#histogram 1674 1'
- '#histogram 1679 1'
- '#histogram 1680 1'
- '#histogram 1684 1'
- '#histogram 1688 1'
- '#histogram 1690 2'
- '#histogram 1692 1'
- '#histogram 1694 1'
- '#histogram 1696 1'
- '#histogram 1701 1'
- '#histogram 1702 1'
- '#histogram 1704 1'
- '#histogram 1714 1'
- '#histogram 1741 1'
- '#histogram 1752 1'
- '#histogram 1753 1'
- '#histogram 1761 1'
- '#histogram 1769 1'
- '#histogram 1806 2'
- '#histogram 1832 1'
- '#histogram 1873 1'
- '#histogram 2091 1'
- '#histogram 2093 1'
- '#histogram 2394 1'
- '#histogram 2578 1'
- '#histogram 2873 1'
- '#histogram 2883 1'
- '#histogram 4999 15'
- ''
