code: 0
data:
  avg_latency: 0.165176
  histogram:
  - - 0
    - 0
  - - 1
    - 108
  - - 2
    - 359
  - - 3
    - 536
  - - 4
    - 595
  - - 5
    - 624
  - - 6
    - 638
  - - 7
    - 620
  - - 8
    - 581
  - - 9
    - 592
  - - 10
    - 593
  - - 11
    - 561
  - - 12
    - 623
  - - 13
    - 629
  - - 14
    - 636
  - - 15
    - 584
  - - 16
    - 661
  - - 17
    - 654
  - - 18
    - 699
  - - 19
    - 655
  - - 20
    - 694
  - - 21
    - 687
  - - 22
    - 748
  - - 23
    - 764
  - - 24
    - 762
  - - 25
    - 794
  - - 26
    - 839
  - - 27
    - 859
  - - 28
    - 818
  - - 29
    - 881
  - - 30
    - 879
  - - 31
    - 937
  - - 32
    - 980
  - - 33
    - 1000
  - - 34
    - 970
  - - 35
    - 999
  - - 36
    - 1047
  - - 37
    - 1073
  - - 38
    - 1084
  - - 39
    - 1026
  - - 40
    - 1079
  - - 41
    - 1070
  - - 42
    - 1076
  - - 43
    - 1115
  - - 44
    - 1162
  - - 45
    - 1198
  - - 46
    - 1139
  - - 47
    - 1181
  - - 48
    - 1172
  - - 49
    - 1203
  - - 50
    - 1234
  - - 51
    - 1217
  - - 52
    - 1176
  - - 53
    - 1197
  - - 54
    - 1279
  - - 55
    - 1266
  - - 56
    - 1230
  - - 57
    - 1234
  - - 58
    - 1240
  - - 59
    - 1323
  - - 60
    - 1311
  - - 61
    - 1288
  - - 62
    - 1193
  - - 63
    - 1278
  - - 64
    - 1277
  - - 65
    - 1292
  - - 66
    - 1248
  - - 67
    - 1235
  - - 68
    - 1305
  - - 69
    - 1272
  - - 70
    - 1292
  - - 71
    - 1287
  - - 72
    - 1233
  - - 73
    - 1304
  - - 74
    - 1292
  - - 75
    - 1229
  - - 76
    - 1250
  - - 77
    - 1229
  - - 78
    - 1214
  - - 79
    - 1273
  - - 80
    - 1122
  - - 81
    - 1230
  - - 82
    - 1192
  - - 83
    - 1212
  - - 84
    - 1231
  - - 85
    - 1253
  - - 86
    - 1189
  - - 87
    - 1245
  - - 88
    - 1149
  - - 89
    - 1178
  - - 90
    - 1165
  - - 91
    - 1169
  - - 92
    - 1129
  - - 93
    - 1109
  - - 94
    - 1171
  - - 95
    - 1147
  - - 96
    - 1107
  - - 97
    - 1190
  - - 98
    - 1083
  - - 99
    - 1021
  - - 100
    - 1111
  - - 101
    - 1119
  - - 102
    - 979
  - - 103
    - 1010
  - - 104
    - 941
  - - 105
    - 993
  - - 106
    - 967
  - - 107
    - 982
  - - 108
    - 952
  - - 109
    - 973
  - - 110
    - 968
  - - 111
    - 884
  - - 112
    - 865
  - - 113
    - 874
  - - 114
    - 870
  - - 115
    - 835
  - - 116
    - 823
  - - 117
    - 763
  - - 118
    - 793
  - - 119
    - 828
  - - 120
    - 773
  - - 121
    - 748
  - - 122
    - 775
  - - 123
    - 778
  - - 124
    - 771
  - - 125
    - 681
  - - 126
    - 740
  - - 127
    - 722
  - - 128
    - 705
  - - 129
    - 699
  - - 130
    - 710
  - - 131
    - 678
  - - 132
    - 657
  - - 133
    - 651
  - - 134
    - 629
  - - 135
    - 646
  - - 136
    - 620
  - - 137
    - 589
  - - 138
    - 550
  - - 139
    - 577
  - - 140
    - 573
  - - 141
    - 538
  - - 142
    - 564
  - - 143
    - 573
  - - 144
    - 556
  - - 145
    - 550
  - - 146
    - 538
  - - 147
    - 515
  - - 148
    - 528
  - - 149
    - 523
  - - 150
    - 523
  - - 151
    - 486
  - - 152
    - 506
  - - 153
    - 434
  - - 154
    - 442
  - - 155
    - 480
  - - 156
    - 445
  - - 157
    - 462
  - - 158
    - 479
  - - 159
    - 445
  - - 160
    - 416
  - - 161
    - 423
  - - 162
    - 404
  - - 163
    - 389
  - - 164
    - 368
  - - 165
    - 377
  - - 166
    - 374
  - - 167
    - 366
  - - 168
    - 353
  - - 169
    - 356
  - - 170
    - 376
  - - 171
    - 331
  - - 172
    - 344
  - - 173
    - 293
  - - 174
    - 326
  - - 175
    - 291
  - - 176
    - 284
  - - 177
    - 295
  - - 178
    - 286
  - - 179
    - 270
  - - 180
    - 278
  - - 181
    - 297
  - - 182
    - 272
  - - 183
    - 248
  - - 184
    - 259
  - - 185
    - 236
  - - 186
    - 251
  - - 187
    - 240
  - - 188
    - 236
  - - 189
    - 237
  - - 190
    - 221
  - - 191
    - 243
  - - 192
    - 214
  - - 193
    - 212
  - - 194
    - 213
  - - 195
    - 191
  - - 196
    - 188
  - - 197
    - 224
  - - 198
    - 179
  - - 199
    - 202
  - - 200
    - 207
  - - 201
    - 177
  - - 202
    - 182
  - - 203
    - 190
  - - 204
    - 163
  - - 205
    - 164
  - - 206
    - 186
  - - 207
    - 164
  - - 208
    - 146
  - - 209
    - 161
  - - 210
    - 160
  - - 211
    - 144
  - - 212
    - 150
  - - 213
    - 163
  - - 214
    - 167
  - - 215
    - 135
  - - 216
    - 126
  - - 217
    - 142
  - - 218
    - 117
  - - 219
    - 123
  - - 220
    - 131
  - - 221
    - 119
  - - 222
    - 109
  - - 223
    - 130
  - - 224
    - 119
  - - 225
    - 131
  - - 226
    - 115
  - - 227
    - 105
  - - 228
    - 100
  - - 229
    - 112
  - - 230
    - 101
  - - 231
    - 98
  - - 232
    - 95
  - - 233
    - 110
  - - 234
    - 98
  - - 235
    - 110
  - - 236
    - 98
  - - 237
    - 99
  - - 238
    - 86
  - - 239
    - 86
  - - 240
    - 90
  - - 241
    - 75
  - - 242
    - 76
  - - 243
    - 93
  - - 244
    - 93
  - - 245
    - 71
  - - 246
    - 77
  - - 247
    - 81
  - - 248
    - 74
  - - 249
    - 73
  - - 250
    - 72
  - - 251
    - 72
  - - 252
    - 67
  - - 253
    - 70
  - - 254
    - 65
  - - 255
    - 49
  - - 256
    - 62
  - - 257
    - 60
  - - 258
    - 55
  - - 259
    - 57
  - - 260
    - 55
  - - 261
    - 62
  - - 262
    - 58
  - - 263
    - 63
  - - 264
    - 62
  - - 265
    - 61
  - - 266
    - 61
  - - 267
    - 51
  - - 268
    - 43
  - - 269
    - 57
  - - 270
    - 52
  - - 271
    - 38
  - - 272
    - 56
  - - 273
    - 65
  - - 274
    - 43
  - - 275
    - 44
  - - 276
    - 50
  - - 277
    - 53
  - - 278
    - 46
  - - 279
    - 23
  - - 280
    - 40
  - - 281
    - 45
  - - 282
    - 45
  - - 283
    - 44
  - - 284
    - 45
  - - 285
    - 46
  - - 286
    - 37
  - - 287
    - 46
  - - 288
    - 45
  - - 289
    - 32
  - - 290
    - 32
  - - 291
    - 31
  - - 292
    - 42
  - - 293
    - 29
  - - 294
    - 39
  - - 295
    - 38
  - - 296
    - 39
  - - 297
    - 22
  - - 298
    - 39
  - - 299
    - 16
  - - 300
    - 36
  - - 301
    - 40
  - - 302
    - 34
  - - 303
    - 23
  - - 304
    - 22
  - - 305
    - 31
  - - 306
    - 36
  - - 307
    - 31
  - - 308
    - 28
  - - 309
    - 27
  - - 310
    - 32
  - - 311
    - 27
  - - 312
    - 27
  - - 313
    - 26
  - - 314
    - 29
  - - 315
    - 15
  - - 316
    - 23
  - - 317
    - 25
  - - 318
    - 19
  - - 319
    - 21
  - - 320
    - 28
  - - 321
    - 20
  - - 322
    - 23
  - - 323
    - 29
  - - 324
    - 19
  - - 325
    - 16
  - - 326
    - 23
  - - 327
    - 22
  - - 328
    - 21
  - - 329
    - 20
  - - 330
    - 34
  - - 331
    - 26
  - - 332
    - 19
  - - 333
    - 18
  - - 334
    - 28
  - - 335
    - 15
  - - 336
    - 16
  - - 337
    - 17
  - - 338
    - 25
  - - 339
    - 20
  - - 340
    - 23
  - - 341
    - 20
  - - 342
    - 20
  - - 343
    - 16
  - - 344
    - 14
  - - 345
    - 16
  - - 346
    - 23
  - - 347
    - 17
  - - 348
    - 21
  - - 349
    - 18
  - - 350
    - 17
  - - 351
    - 14
  - - 352
    - 19
  - - 353
    - 14
  - - 354
    - 15
  - - 355
    - 19
  - - 356
    - 13
  - - 357
    - 18
  - - 358
    - 11
  - - 359
    - 18
  - - 360
    - 25
  - - 361
    - 18
  - - 362
    - 19
  - - 363
    - 12
  - - 364
    - 11
  - - 365
    - 8
  - - 366
    - 19
  - - 367
    - 20
  - - 368
    - 18
  - - 369
    - 14
  - - 370
    - 13
  - - 371
    - 8
  - - 372
    - 12
  - - 373
    - 15
  - - 374
    - 8
  - - 375
    - 15
  - - 376
    - 11
  - - 377
    - 13
  - - 378
    - 13
  - - 379
    - 18
  - - 380
    - 17
  - - 381
    - 16
  - - 382
    - 19
  - - 383
    - 11
  - - 384
    - 8
  - - 385
    - 14
  - - 386
    - 14
  - - 387
    - 13
  - - 388
    - 8
  - - 389
    - 17
  - - 390
    - 19
  - - 391
    - 12
  - - 392
    - 14
  - - 393
    - 8
  - - 394
    - 11
  - - 395
    - 9
  - - 396
    - 19
  - - 397
    - 8
  - - 398
    - 17
  - - 399
    - 15
  - - 400
    - 22
  - - 401
    - 15
  - - 402
    - 15
  - - 403
    - 16
  - - 404
    - 13
  - - 405
    - 12
  - - 406
    - 9
  - - 407
    - 18
  - - 408
    - 16
  - - 409
    - 22
  - - 410
    - 17
  - - 411
    - 7
  - - 412
    - 13
  - - 413
    - 13
  - - 414
    - 9
  - - 415
    - 15
  - - 416
    - 11
  - - 417
    - 17
  - - 418
    - 7
  - - 419
    - 9
  - - 420
    - 17
  - - 421
    - 14
  - - 422
    - 19
  - - 423
    - 16
  - - 424
    - 11
  - - 425
    - 16
  - - 426
    - 9
  - - 427
    - 13
  - - 428
    - 13
  - - 429
    - 9
  - - 430
    - 16
  - - 431
    - 16
  - - 432
    - 13
  - - 433
    - 10
  - - 434
    - 14
  - - 435
    - 14
  - - 436
    - 11
  - - 437
    - 11
  - - 438
    - 17
  - - 439
    - 19
  - - 440
    - 15
  - - 441
    - 14
  - - 442
    - 15
  - - 443
    - 16
  - - 444
    - 22
  - - 445
    - 9
  - - 446
    - 12
  - - 447
    - 10
  - - 448
    - 11
  - - 449
    - 7
  - - 450
    - 14
  - - 451
    - 5
  - - 452
    - 15
  - - 453
    - 12
  - - 454
    - 11
  - - 455
    - 10
  - - 456
    - 10
  - - 457
    - 12
  - - 458
    - 22
  - - 459
    - 11
  - - 460
    - 8
  - - 461
    - 17
  - - 462
    - 15
  - - 463
    - 8
  - - 464
    - 15
  - - 465
    - 21
  - - 466
    - 12
  - - 467
    - 11
  - - 468
    - 13
  - - 469
    - 15
  - - 470
    - 9
  - - 471
    - 13
  - - 472
    - 14
  - - 473
    - 12
  - - 474
    - 13
  - - 475
    - 10
  - - 476
    - 13
  - - 477
    - 18
  - - 478
    - 19
  - - 479
    - 11
  - - 480
    - 19
  - - 481
    - 12
  - - 482
    - 8
  - - 483
    - 22
  - - 484
    - 14
  - - 485
    - 11
  - - 486
    - 16
  - - 487
    - 9
  - - 488
    - 16
  - - 489
    - 14
  - - 490
    - 14
  - - 491
    - 12
  - - 492
    - 15
  - - 493
    - 16
  - - 494
    - 6
  - - 495
    - 12
  - - 496
    - 17
  - - 497
    - 10
  - - 498
    - 20
  - - 499
    - 14
  - - 500
    - 21
  - - 501
    - 19
  - - 502
    - 14
  - - 503
    - 14
  - - 504
    - 12
  - - 505
    - 15
  - - 506
    - 18
  - - 507
    - 16
  - - 508
    - 10
  - - 509
    - 13
  - - 510
    - 15
  - - 511
    - 7
  - - 512
    - 20
  - - 513
    - 16
  - - 514
    - 16
  - - 515
    - 9
  - - 516
    - 12
  - - 517
    - 8
  - - 518
    - 13
  - - 519
    - 13
  - - 520
    - 16
  - - 521
    - 13
  - - 522
    - 10
  - - 523
    - 14
  - - 524
    - 9
  - - 525
    - 15
  - - 526
    - 16
  - - 527
    - 14
  - - 528
    - 14
  - - 529
    - 15
  - - 530
    - 10
  - - 531
    - 9
  - - 532
    - 14
  - - 533
    - 12
  - - 534
    - 6
  - - 535
    - 11
  - - 536
    - 17
  - - 537
    - 18
  - - 538
    - 13
  - - 539
    - 8
  - - 540
    - 17
  - - 541
    - 13
  - - 542
    - 16
  - - 543
    - 13
  - - 544
    - 10
  - - 545
    - 14
  - - 546
    - 16
  - - 547
    - 13
  - - 548
    - 11
  - - 549
    - 14
  - - 550
    - 21
  - - 551
    - 17
  - - 552
    - 9
  - - 553
    - 11
  - - 554
    - 12
  - - 555
    - 13
  - - 556
    - 10
  - - 557
    - 10
  - - 558
    - 12
  - - 559
    - 8
  - - 560
    - 13
  - - 561
    - 13
  - - 562
    - 16
  - - 563
    - 9
  - - 564
    - 5
  - - 565
    - 7
  - - 566
    - 14
  - - 567
    - 12
  - - 568
    - 8
  - - 569
    - 11
  - - 570
    - 12
  - - 571
    - 14
  - - 572
    - 8
  - - 573
    - 12
  - - 574
    - 8
  - - 575
    - 11
  - - 576
    - 8
  - - 577
    - 10
  - - 578
    - 9
  - - 579
    - 9
  - - 580
    - 14
  - - 581
    - 15
  - - 582
    - 13
  - - 583
    - 16
  - - 584
    - 12
  - - 585
    - 10
  - - 586
    - 12
  - - 587
    - 11
  - - 588
    - 11
  - - 589
    - 9
  - - 590
    - 15
  - - 591
    - 9
  - - 592
    - 17
  - - 593
    - 12
  - - 594
    - 17
  - - 595
    - 14
  - - 596
    - 15
  - - 597
    - 12
  - - 598
    - 9
  - - 599
    - 17
  - - 600
    - 10
  - - 601
    - 15
  - - 602
    - 17
  - - 603
    - 8
  - - 604
    - 13
  - - 605
    - 5
  - - 606
    - 16
  - - 607
    - 12
  - - 608
    - 13
  - - 609
    - 7
  - - 610
    - 10
  - - 611
    - 14
  - - 612
    - 11
  - - 613
    - 7
  - - 614
    - 12
  - - 615
    - 16
  - - 616
    - 19
  - - 617
    - 10
  - - 618
    - 14
  - - 619
    - 18
  - - 620
    - 20
  - - 621
    - 12
  - - 622
    - 11
  - - 623
    - 16
  - - 624
    - 25
  - - 625
    - 14
  - - 626
    - 17
  - - 627
    - 13
  - - 628
    - 18
  - - 629
    - 6
  - - 630
    - 19
  - - 631
    - 14
  - - 632
    - 9
  - - 633
    - 15
  - - 634
    - 17
  - - 635
    - 12
  - - 636
    - 17
  - - 637
    - 7
  - - 638
    - 20
  - - 639
    - 11
  - - 640
    - 13
  - - 641
    - 12
  - - 642
    - 17
  - - 643
    - 17
  - - 644
    - 15
  - - 645
    - 10
  - - 646
    - 11
  - - 647
    - 14
  - - 648
    - 17
  - - 649
    - 17
  - - 650
    - 17
  - - 651
    - 18
  - - 652
    - 13
  - - 653
    - 14
  - - 654
    - 21
  - - 655
    - 13
  - - 656
    - 9
  - - 657
    - 5
  - - 658
    - 14
  - - 659
    - 14
  - - 660
    - 14
  - - 661
    - 22
  - - 662
    - 22
  - - 663
    - 20
  - - 664
    - 18
  - - 665
    - 14
  - - 666
    - 17
  - - 667
    - 22
  - - 668
    - 7
  - - 669
    - 23
  - - 670
    - 9
  - - 671
    - 20
  - - 672
    - 5
  - - 673
    - 19
  - - 674
    - 11
  - - 675
    - 14
  - - 676
    - 6
  - - 677
    - 20
  - - 678
    - 17
  - - 679
    - 20
  - - 680
    - 11
  - - 681
    - 18
  - - 682
    - 16
  - - 683
    - 13
  - - 684
    - 20
  - - 685
    - 12
  - - 686
    - 19
  - - 687
    - 9
  - - 688
    - 18
  - - 689
    - 21
  - - 690
    - 20
  - - 691
    - 13
  - - 692
    - 17
  - - 693
    - 17
  - - 694
    - 12
  - - 695
    - 16
  - - 696
    - 12
  - - 697
    - 17
  - - 698
    - 8
  - - 699
    - 15
  - - 700
    - 13
  - - 701
    - 20
  - - 702
    - 19
  - - 703
    - 24
  - - 704
    - 11
  - - 705
    - 24
  - - 706
    - 15
  - - 707
    - 16
  - - 708
    - 18
  - - 709
    - 12
  - - 710
    - 18
  - - 711
    - 16
  - - 712
    - 19
  - - 713
    - 12
  - - 714
    - 13
  - - 715
    - 14
  - - 716
    - 11
  - - 717
    - 14
  - - 718
    - 17
  - - 719
    - 15
  - - 720
    - 16
  - - 721
    - 26
  - - 722
    - 16
  - - 723
    - 18
  - - 724
    - 10
  - - 725
    - 22
  - - 726
    - 19
  - - 727
    - 17
  - - 728
    - 14
  - - 729
    - 17
  - - 730
    - 18
  - - 731
    - 20
  - - 732
    - 25
  - - 733
    - 14
  - - 734
    - 19
  - - 735
    - 12
  - - 736
    - 18
  - - 737
    - 20
  - - 738
    - 21
  - - 739
    - 15
  - - 740
    - 20
  - - 741
    - 20
  - - 742
    - 22
  - - 743
    - 17
  - - 744
    - 23
  - - 745
    - 11
  - - 746
    - 12
  - - 747
    - 13
  - - 748
    - 12
  - - 749
    - 15
  - - 750
    - 21
  - - 751
    - 25
  - - 752
    - 19
  - - 753
    - 15
  - - 754
    - 17
  - - 755
    - 19
  - - 756
    - 13
  - - 757
    - 16
  - - 758
    - 12
  - - 759
    - 11
  - - 760
    - 17
  - - 761
    - 21
  - - 762
    - 15
  - - 763
    - 17
  - - 764
    - 31
  - - 765
    - 13
  - - 766
    - 16
  - - 767
    - 14
  - - 768
    - 16
  - - 769
    - 16
  - - 770
    - 14
  - - 771
    - 18
  - - 772
    - 17
  - - 773
    - 15
  - - 774
    - 23
  - - 775
    - 12
  - - 776
    - 20
  - - 777
    - 20
  - - 778
    - 13
  - - 779
    - 19
  - - 780
    - 11
  - - 781
    - 18
  - - 782
    - 26
  - - 783
    - 18
  - - 784
    - 15
  - - 785
    - 31
  - - 786
    - 23
  - - 787
    - 21
  - - 788
    - 23
  - - 789
    - 18
  - - 790
    - 21
  - - 791
    - 29
  - - 792
    - 18
  - - 793
    - 11
  - - 794
    - 19
  - - 795
    - 15
  - - 796
    - 12
  - - 797
    - 21
  - - 798
    - 18
  - - 799
    - 20
  - - 800
    - 17
  - - 801
    - 19
  - - 802
    - 18
  - - 803
    - 16
  - - 804
    - 15
  - - 805
    - 10
  - - 806
    - 16
  - - 807
    - 12
  - - 808
    - 24
  - - 809
    - 22
  - - 810
    - 17
  - - 811
    - 13
  - - 812
    - 22
  - - 813
    - 19
  - - 814
    - 27
  - - 815
    - 14
  - - 816
    - 22
  - - 817
    - 26
  - - 818
    - 17
  - - 819
    - 20
  - - 820
    - 23
  - - 821
    - 29
  - - 822
    - 20
  - - 823
    - 12
  - - 824
    - 16
  - - 825
    - 19
  - - 826
    - 21
  - - 827
    - 15
  - - 828
    - 9
  - - 829
    - 16
  - - 830
    - 31
  - - 831
    - 19
  - - 832
    - 19
  - - 833
    - 32
  - - 834
    - 25
  - - 835
    - 25
  - - 836
    - 16
  - - 837
    - 13
  - - 838
    - 24
  - - 839
    - 12
  - - 840
    - 16
  - - 841
    - 22
  - - 842
    - 19
  - - 843
    - 16
  - - 844
    - 14
  - - 845
    - 19
  - - 846
    - 20
  - - 847
    - 13
  - - 848
    - 23
  - - 849
    - 13
  - - 850
    - 19
  - - 851
    - 16
  - - 852
    - 26
  - - 853
    - 24
  - - 854
    - 22
  - - 855
    - 14
  - - 856
    - 18
  - - 857
    - 22
  - - 858
    - 16
  - - 859
    - 21
  - - 860
    - 24
  - - 861
    - 28
  - - 862
    - 28
  - - 863
    - 21
  - - 864
    - 26
  - - 865
    - 23
  - - 866
    - 24
  - - 867
    - 20
  - - 868
    - 28
  - - 869
    - 20
  - - 870
    - 18
  - - 871
    - 15
  - - 872
    - 19
  - - 873
    - 16
  - - 874
    - 14
  - - 875
    - 27
  - - 876
    - 19
  - - 877
    - 21
  - - 878
    - 25
  - - 879
    - 22
  - - 880
    - 21
  - - 881
    - 20
  - - 882
    - 16
  - - 883
    - 15
  - - 884
    - 18
  - - 885
    - 17
  - - 886
    - 20
  - - 887
    - 24
  - - 888
    - 22
  - - 889
    - 23
  - - 890
    - 14
  - - 891
    - 26
  - - 892
    - 20
  - - 893
    - 18
  - - 894
    - 20
  - - 895
    - 27
  - - 896
    - 24
  - - 897
    - 25
  - - 898
    - 25
  - - 899
    - 30
  - - 900
    - 22
  - - 901
    - 19
  - - 902
    - 28
  - - 903
    - 18
  - - 904
    - 33
  - - 905
    - 16
  - - 906
    - 24
  - - 907
    - 19
  - - 908
    - 15
  - - 909
    - 20
  - - 910
    - 20
  - - 911
    - 18
  - - 912
    - 21
  - - 913
    - 13
  - - 914
    - 21
  - - 915
    - 25
  - - 916
    - 25
  - - 917
    - 13
  - - 918
    - 25
  - - 919
    - 23
  - - 920
    - 28
  - - 921
    - 20
  - - 922
    - 19
  - - 923
    - 26
  - - 924
    - 20
  - - 925
    - 21
  - - 926
    - 15
  - - 927
    - 16
  - - 928
    - 19
  - - 929
    - 29
  - - 930
    - 24
  - - 931
    - 22
  - - 932
    - 27
  - - 933
    - 20
  - - 934
    - 32
  - - 935
    - 30
  - - 936
    - 26
  - - 937
    - 17
  - - 938
    - 17
  - - 939
    - 24
  - - 940
    - 17
  - - 941
    - 17
  - - 942
    - 25
  - - 943
    - 18
  - - 944
    - 10
  - - 945
    - 19
  - - 946
    - 17
  - - 947
    - 16
  - - 948
    - 22
  - - 949
    - 20
  - - 950
    - 29
  - - 951
    - 32
  - - 952
    - 20
  - - 953
    - 23
  - - 954
    - 17
  - - 955
    - 20
  - - 956
    - 18
  - - 957
    - 20
  - - 958
    - 21
  - - 959
    - 26
  - - 960
    - 25
  - - 961
    - 11
  - - 962
    - 25
  - - 963
    - 15
  - - 964
    - 19
  - - 965
    - 25
  - - 966
    - 25
  - - 967
    - 18
  - - 968
    - 24
  - - 969
    - 20
  - - 970
    - 33
  - - 971
    - 21
  - - 972
    - 21
  - - 973
    - 24
  - - 974
    - 23
  - - 975
    - 19
  - - 976
    - 16
  - - 977
    - 26
  - - 978
    - 21
  - - 979
    - 22
  - - 980
    - 19
  - - 981
    - 22
  - - 982
    - 25
  - - 983
    - 26
  - - 984
    - 18
  - - 985
    - 35
  - - 986
    - 16
  - - 987
    - 19
  - - 988
    - 12
  - - 989
    - 29
  - - 990
    - 22
  - - 991
    - 15
  - - 992
    - 16
  - - 993
    - 25
  - - 994
    - 20
  - - 995
    - 23
  - - 996
    - 21
  - - 997
    - 13
  - - 998
    - 17
  - - 999
    - 18
  - - 1000
    - 24
  - - 1001
    - 19
  - - 1002
    - 18
  - - 1003
    - 20
  - - 1004
    - 11
  - - 1005
    - 24
  - - 1006
    - 17
  - - 1007
    - 20
  - - 1008
    - 20
  - - 1009
    - 19
  - - 1010
    - 23
  - - 1011
    - 14
  - - 1012
    - 26
  - - 1013
    - 14
  - - 1014
    - 12
  - - 1015
    - 19
  - - 1016
    - 17
  - - 1017
    - 23
  - - 1018
    - 24
  - - 1019
    - 23
  - - 1020
    - 26
  - - 1021
    - 16
  - - 1022
    - 20
  - - 1023
    - 20
  - - 1024
    - 17
  - - 1025
    - 10
  - - 1026
    - 21
  - - 1027
    - 13
  - - 1028
    - 19
  - - 1029
    - 21
  - - 1030
    - 23
  - - 1031
    - 14
  - - 1032
    - 26
  - - 1033
    - 23
  - - 1034
    - 22
  - - 1035
    - 24
  - - 1036
    - 11
  - - 1037
    - 23
  - - 1038
    - 19
  - - 1039
    - 22
  - - 1040
    - 20
  - - 1041
    - 16
  - - 1042
    - 19
  - - 1043
    - 29
  - - 1044
    - 24
  - - 1045
    - 21
  - - 1046
    - 18
  - - 1047
    - 28
  - - 1048
    - 18
  - - 1049
    - 22
  - - 1050
    - 22
  - - 1051
    - 18
  - - 1052
    - 23
  - - 1053
    - 18
  - - 1054
    - 14
  - - 1055
    - 26
  - - 1056
    - 16
  - - 1057
    - 11
  - - 1058
    - 28
  - - 1059
    - 29
  - - 1060
    - 25
  - - 1061
    - 15
  - - 1062
    - 23
  - - 1063
    - 14
  - - 1064
    - 20
  - - 1065
    - 17
  - - 1066
    - 13
  - - 1067
    - 23
  - - 1068
    - 23
  - - 1069
    - 22
  - - 1070
    - 28
  - - 1071
    - 13
  - - 1072
    - 22
  - - 1073
    - 23
  - - 1074
    - 20
  - - 1075
    - 11
  - - 1076
    - 30
  - - 1077
    - 14
  - - 1078
    - 22
  - - 1079
    - 25
  - - 1080
    - 22
  - - 1081
    - 22
  - - 1082
    - 15
  - - 1083
    - 15
  - - 1084
    - 14
  - - 1085
    - 25
  - - 1086
    - 23
  - - 1087
    - 24
  - - 1088
    - 17
  - - 1089
    - 17
  - - 1090
    - 16
  - - 1091
    - 23
  - - 1092
    - 15
  - - 1093
    - 26
  - - 1094
    - 18
  - - 1095
    - 18
  - - 1096
    - 22
  - - 1097
    - 23
  - - 1098
    - 19
  - - 1099
    - 20
  - - 1100
    - 21
  - - 1101
    - 24
  - - 1102
    - 16
  - - 1103
    - 16
  - - 1104
    - 17
  - - 1105
    - 21
  - - 1106
    - 24
  - - 1107
    - 19
  - - 1108
    - 22
  - - 1109
    - 22
  - - 1110
    - 17
  - - 1111
    - 18
  - - 1112
    - 21
  - - 1113
    - 21
  - - 1114
    - 19
  - - 1115
    - 25
  - - 1116
    - 21
  - - 1117
    - 13
  - - 1118
    - 14
  - - 1119
    - 16
  - - 1120
    - 20
  - - 1121
    - 20
  - - 1122
    - 13
  - - 1123
    - 13
  - - 1124
    - 17
  - - 1125
    - 23
  - - 1126
    - 24
  - - 1127
    - 18
  - - 1128
    - 18
  - - 1129
    - 17
  - - 1130
    - 17
  - - 1131
    - 13
  - - 1132
    - 17
  - - 1133
    - 15
  - - 1134
    - 11
  - - 1135
    - 11
  - - 1136
    - 18
  - - 1137
    - 21
  - - 1138
    - 17
  - - 1139
    - 21
  - - 1140
    - 13
  - - 1141
    - 19
  - - 1142
    - 17
  - - 1143
    - 13
  - - 1144
    - 22
  - - 1145
    - 9
  - - 1146
    - 16
  - - 1147
    - 9
  - - 1148
    - 19
  - - 1149
    - 16
  - - 1150
    - 15
  - - 1151
    - 15
  - - 1152
    - 20
  - - 1153
    - 14
  - - 1154
    - 13
  - - 1155
    - 10
  - - 1156
    - 17
  - - 1157
    - 14
  - - 1158
    - 22
  - - 1159
    - 17
  - - 1160
    - 14
  - - 1161
    - 20
  - - 1162
    - 26
  - - 1163
    - 24
  - - 1164
    - 11
  - - 1165
    - 11
  - - 1166
    - 13
  - - 1167
    - 12
  - - 1168
    - 10
  - - 1169
    - 18
  - - 1170
    - 17
  - - 1171
    - 19
  - - 1172
    - 13
  - - 1173
    - 11
  - - 1174
    - 21
  - - 1175
    - 20
  - - 1176
    - 16
  - - 1177
    - 17
  - - 1178
    - 17
  - - 1179
    - 11
  - - 1180
    - 22
  - - 1181
    - 28
  - - 1182
    - 16
  - - 1183
    - 15
  - - 1184
    - 17
  - - 1185
    - 14
  - - 1186
    - 12
  - - 1187
    - 13
  - - 1188
    - 13
  - - 1189
    - 18
  - - 1190
    - 8
  - - 1191
    - 15
  - - 1192
    - 13
  - - 1193
    - 19
  - - 1194
    - 11
  - - 1195
    - 15
  - - 1196
    - 21
  - - 1197
    - 15
  - - 1198
    - 14
  - - 1199
    - 16
  - - 1200
    - 16
  - - 1201
    - 12
  - - 1202
    - 13
  - - 1203
    - 24
  - - 1204
    - 11
  - - 1205
    - 13
  - - 1206
    - 12
  - - 1207
    - 17
  - - 1208
    - 15
  - - 1209
    - 21
  - - 1210
    - 16
  - - 1211
    - 13
  - - 1212
    - 12
  - - 1213
    - 18
  - - 1214
    - 14
  - - 1215
    - 16
  - - 1216
    - 14
  - - 1217
    - 12
  - - 1218
    - 9
  - - 1219
    - 26
  - - 1220
    - 9
  - - 1221
    - 10
  - - 1222
    - 16
  - - 1223
    - 14
  - - 1224
    - 16
  - - 1225
    - 13
  - - 1226
    - 19
  - - 1227
    - 10
  - - 1228
    - 12
  - - 1229
    - 22
  - - 1230
    - 17
  - - 1231
    - 12
  - - 1232
    - 13
  - - 1233
    - 11
  - - 1234
    - 15
  - - 1235
    - 11
  - - 1236
    - 12
  - - 1237
    - 13
  - - 1238
    - 11
  - - 1239
    - 8
  - - 1240
    - 10
  - - 1241
    - 16
  - - 1242
    - 13
  - - 1243
    - 7
  - - 1244
    - 8
  - - 1245
    - 17
  - - 1246
    - 17
  - - 1247
    - 9
  - - 1248
    - 10
  - - 1249
    - 19
  - - 1250
    - 13
  - - 1251
    - 10
  - - 1252
    - 16
  - - 1253
    - 16
  - - 1254
    - 8
  - - 1255
    - 6
  - - 1256
    - 11
  - - 1257
    - 18
  - - 1258
    - 9
  - - 1259
    - 7
  - - 1260
    - 12
  - - 1261
    - 11
  - - 1262
    - 13
  - - 1263
    - 5
  - - 1264
    - 9
  - - 1265
    - 10
  - - 1266
    - 7
  - - 1267
    - 11
  - - 1268
    - 17
  - - 1269
    - 17
  - - 1270
    - 16
  - - 1271
    - 6
  - - 1272
    - 15
  - - 1273
    - 4
  - - 1274
    - 16
  - - 1275
    - 17
  - - 1276
    - 10
  - - 1277
    - 8
  - - 1278
    - 5
  - - 1279
    - 6
  - - 1280
    - 9
  - - 1281
    - 9
  - - 1282
    - 7
  - - 1283
    - 8
  - - 1284
    - 6
  - - 1285
    - 7
  - - 1286
    - 9
  - - 1287
    - 3
  - - 1288
    - 6
  - - 1289
    - 9
  - - 1290
    - 4
  - - 1291
    - 10
  - - 1292
    - 6
  - - 1293
    - 8
  - - 1294
    - 8
  - - 1295
    - 11
  - - 1296
    - 8
  - - 1297
    - 8
  - - 1298
    - 5
  - - 1299
    - 8
  - - 1300
    - 9
  - - 1301
    - 8
  - - 1302
    - 6
  - - 1303
    - 9
  - - 1304
    - 5
  - - 1305
    - 7
  - - 1306
    - 9
  - - 1307
    - 7
  - - 1308
    - 11
  - - 1309
    - 5
  - - 1310
    - 6
  - - 1311
    - 6
  - - 1312
    - 3
  - - 1313
    - 9
  - - 1314
    - 6
  - - 1315
    - 5
  - - 1316
    - 4
  - - 1317
    - 8
  - - 1318
    - 6
  - - 1319
    - 6
  - - 1320
    - 10
  - - 1321
    - 4
  - - 1322
    - 1
  - - 1323
    - 7
  - - 1324
    - 9
  - - 1325
    - 5
  - - 1326
    - 6
  - - 1327
    - 5
  - - 1328
    - 5
  - - 1329
    - 12
  - - 1330
    - 2
  - - 1331
    - 7
  - - 1332
    - 6
  - - 1333
    - 2
  - - 1334
    - 6
  - - 1335
    - 6
  - - 1336
    - 4
  - - 1337
    - 6
  - - 1338
    - 2
  - - 1339
    - 3
  - - 1340
    - 4
  - - 1341
    - 6
  - - 1342
    - 5
  - - 1343
    - 8
  - - 1344
    - 4
  - - 1345
    - 4
  - - 1346
    - 6
  - - 1347
    - 4
  - - 1348
    - 5
  - - 1349
    - 12
  - - 1350
    - 6
  - - 1351
    - 5
  - - 1352
    - 10
  - - 1353
    - 6
  - - 1354
    - 2
  - - 1355
    - 2
  - - 1356
    - 8
  - - 1357
    - 5
  - - 1358
    - 9
  - - 1359
    - 5
  - - 1360
    - 4
  - - 1361
    - 5
  - - 1362
    - 3
  - - 1363
    - 3
  - - 1364
    - 6
  - - 1365
    - 4
  - - 1366
    - 4
  - - 1367
    - 4
  - - 1368
    - 4
  - - 1369
    - 6
  - - 1370
    - 4
  - - 1371
    - 3
  - - 1372
    - 7
  - - 1373
    - 3
  - - 1374
    - 4
  - - 1375
    - 5
  - - 1376
    - 2
  - - 1377
    - 4
  - - 1378
    - 4
  - - 1379
    - 2
  - - 1380
    - 3
  - - 1381
    - 5
  - - 1382
    - 8
  - - 1383
    - 4
  - - 1384
    - 6
  - - 1385
    - 3
  - - 1386
    - 4
  - - 1387
    - 5
  - - 1388
    - 3
  - - 1389
    - 1
  - - 1390
    - 3
  - - 1391
    - 4
  - - 1392
    - 2
  - - 1393
    - 8
  - - 1394
    - 5
  - - 1395
    - 5
  - - 1396
    - 6
  - - 1397
    - 4
  - - 1398
    - 2
  - - 1399
    - 7
  - - 1400
    - 2
  - - 1402
    - 2
  - - 1403
    - 1
  - - 1404
    - 4
  - - 1405
    - 4
  - - 1406
    - 2
  - - 1407
    - 12
  - - 1408
    - 4
  - - 1409
    - 1
  - - 1410
    - 2
  - - 1411
    - 3
  - - 1412
    - 3
  - - 1413
    - 4
  - - 1414
    - 2
  - - 1415
    - 3
  - - 1417
    - 1
  - - 1418
    - 2
  - - 1419
    - 3
  - - 1420
    - 3
  - - 1421
    - 1
  - - 1422
    - 1
  - - 1423
    - 1
  - - 1424
    - 1
  - - 1426
    - 6
  - - 1427
    - 4
  - - 1428
    - 2
  - - 1429
    - 7
  - - 1430
    - 5
  - - 1431
    - 4
  - - 1432
    - 3
  - - 1433
    - 2
  - - 1434
    - 1
  - - 1435
    - 4
  - - 1436
    - 2
  - - 1437
    - 4
  - - 1438
    - 3
  - - 1439
    - 1
  - - 1441
    - 1
  - - 1442
    - 2
  - - 1443
    - 3
  - - 1444
    - 2
  - - 1445
    - 5
  - - 1446
    - 3
  - - 1449
    - 3
  - - 1450
    - 2
  - - 1451
    - 4
  - - 1452
    - 1
  - - 1453
    - 2
  - - 1454
    - 8
  - - 1455
    - 1
  - - 1456
    - 2
  - - 1457
    - 2
  - - 1459
    - 1
  - - 1460
    - 1
  - - 1461
    - 1
  - - 1462
    - 1
  - - 1463
    - 3
  - - 1464
    - 4
  - - 1465
    - 1
  - - 1466
    - 2
  - - 1467
    - 2
  - - 1468
    - 3
  - - 1469
    - 2
  - - 1470
    - 1
  - - 1471
    - 1
  - - 1472
    - 3
  - - 1473
    - 1
  - - 1474
    - 1
  - - 1475
    - 2
  - - 1476
    - 2
  - - 1477
    - 2
  - - 1478
    - 1
  - - 1479
    - 2
  - - 1480
    - 3
  - - 1482
    - 3
  - - 1483
    - 3
  - - 1484
    - 4
  - - 1486
    - 1
  - - 1487
    - 1
  - - 1488
    - 3
  - - 1489
    - 3
  - - 1490
    - 3
  - - 1491
    - 5
  - - 1492
    - 4
  - - 1493
    - 1
  - - 1494
    - 3
  - - 1497
    - 2
  - - 1498
    - 4
  - - 1499
    - 1
  - - 1501
    - 2
  - - 1502
    - 2
  - - 1503
    - 1
  - - 1504
    - 4
  - - 1505
    - 3
  - - 1506
    - 2
  - - 1507
    - 4
  - - 1508
    - 4
  - - 1510
    - 3
  - - 1511
    - 3
  - - 1512
    - 4
  - - 1513
    - 2
  - - 1514
    - 2
  - - 1515
    - 2
  - - 1516
    - 3
  - - 1517
    - 2
  - - 1518
    - 2
  - - 1519
    - 1
  - - 1520
    - 3
  - - 1521
    - 2
  - - 1522
    - 3
  - - 1523
    - 2
  - - 1524
    - 2
  - - 1525
    - 2
  - - 1526
    - 4
  - - 1527
    - 3
  - - 1528
    - 2
  - - 1529
    - 4
  - - 1530
    - 3
  - - 1531
    - 2
  - - 1532
    - 1
  - - 1533
    - 3
  - - 1534
    - 1
  - - 1537
    - 4
  - - 1539
    - 1
  - - 1540
    - 1
  - - 1541
    - 2
  - - 1542
    - 1
  - - 1543
    - 2
  - - 1544
    - 1
  - - 1546
    - 1
  - - 1548
    - 2
  - - 1550
    - 2
  - - 1551
    - 2
  - - 1552
    - 1
  - - 1553
    - 1
  - - 1557
    - 5
  - - 1558
    - 2
  - - 1559
    - 2
  - - 1560
    - 3
  - - 1561
    - 1
  - - 1563
    - 2
  - - 1564
    - 2
  - - 1565
    - 1
  - - 1566
    - 1
  - - 1567
    - 2
  - - 1568
    - 4
  - - 1569
    - 1
  - - 1570
    - 3
  - - 1571
    - 2
  - - 1572
    - 1
  - - 1574
    - 2
  - - 1575
    - 2
  - - 1576
    - 1
  - - 1577
    - 3
  - - 1578
    - 2
  - - 1579
    - 2
  - - 1580
    - 2
  - - 1581
    - 1
  - - 1582
    - 1
  - - 1584
    - 1
  - - 1585
    - 2
  - - 1587
    - 5
  - - 1590
    - 2
  - - 1591
    - 1
  - - 1593
    - 1
  - - 1597
    - 1
  - - 1598
    - 1
  - - 1599
    - 1
  - - 1600
    - 1
  - - 1601
    - 1
  - - 1602
    - 2
  - - 1604
    - 2
  - - 1605
    - 3
  - - 1606
    - 1
  - - 1608
    - 1
  - - 1612
    - 1
  - - 1613
    - 2
  - - 1615
    - 1
  - - 1617
    - 2
  - - 1619
    - 2
  - - 1620
    - 2
  - - 1621
    - 1
  - - 1623
    - 2
  - - 1625
    - 1
  - - 1628
    - 1
  - - 1629
    - 1
  - - 1637
    - 1
  - - 1638
    - 1
  - - 1640
    - 2
  - - 1642
    - 1
  - - 1643
    - 1
  - - 1644
    - 3
  - - 1645
    - 2
  - - 1647
    - 4
  - - 1650
    - 1
  - - 1655
    - 1
  - - 1658
    - 1
  - - 1659
    - 1
  - - 1660
    - 1
  - - 1666
    - 1
  - - 1674
    - 1
  - - 1677
    - 1
  - - 1686
    - 1
  - - 1687
    - 1
  - - 1688
    - 1
  - - 1689
    - 1
  - - 1694
    - 1
  - - 1699
    - 2
  - - 1710
    - 1
  - - 1712
    - 1
  - - 1716
    - 2
  - - 1727
    - 1
  - - 1734
    - 1
  - - 1740
    - 1
  - - 1745
    - 1
  - - 1746
    - 1
  - - 1758
    - 1
  - - 1778
    - 1
  - - 1779
    - 1
  - - 1782
    - 1
  - - 1796
    - 1
  - - 1802
    - 1
  - - 1831
    - 1
  - - 1835
    - 1
  - - 1844
    - 1
  - - 1858
    - 1
  - - 1883
    - 1
  - - 2087
    - 1
  - - 2131
    - 1
  - - 2526
    - 1
  - - 2630
    - 1
  - - 2890
    - 1
  - - 4999
    - 6
  latency_50_percentile: 90.0
  latency_95_percentile: 848.0
  latency_99_5_percentile: 1315.0
  latency_99_percentile: 1225.0
  max_kubedns_cpu: 539
  max_kubedns_memory: 30
  max_latency: 2.890815
  max_perfserver_cpu: 0
  max_perfserver_memory: 0
  min_latency: 0.001166
  msg: null
  ok: true
  qps: 604.096669
  queries_completed: 181345
  queries_lost: 6
  queries_sent: 181351
  run_time: 300.192021
  stddev_latency: 0.247725
params:
  max_qps: null
  pod_name: dns-perf-client-858fb7568b-lbsqp
  query_file: all-queries.txt
  run_id: 1777678587
  run_length_seconds: 300
  run_subid: 0
stderr:
- ''
stdout:
- DNS Performance Testing Tool
- Nominum Version 2.1.0.0
- ''
- '[Status] Command line: dnsperf -s 10.0.0.10 -l 300 -d /queries/all-queries.txt'
- '[Status] Sending queries (to 10.0.0.10)'
- '[Status] Started at: Fri May  1 23:37:04 2026'
- '[Status] Stopping after 300.000000 seconds'
- '[Timeout] Query timed out: msg id 2846'
- '[Timeout] Query timed out: msg id 30492'
- '[Timeout] Query timed out: msg id 39939'
- '[Timeout] Query timed out: msg id 51262'
- '[Timeout] Query timed out: msg id 6726'
- '[Timeout] Query timed out: msg id 47809'
- '[Status] Testing complete (time limit)'
- ''
- 'Statistics:'
- ''
- '  Queries sent:         181351'
- '  Queries completed:    181345 (100.00%)'
- '  Queries lost:         6 (0.00%)'
- ''
- '  Response codes:       NOERROR 21760 (12.00%), NXDOMAIN 159585 (88.00%)'
- '  Average packet size:  request 38, response 122'
- '  Run time (s):         300.192021'
- '  Queries per second:   604.096669'
- ''
- '  Average Latency (s):  0.165176 (min 0.001166, max 2.890815)'
- '  Latency StdDev (s):   0.247725'
- ''
- '  Latency histogram'
- '#histogram 0 0'
- '#histogram 1 108'
- '#histogram 2 359'
- '#histogram 3 536'
- '#histogram 4 595'
- '#histogram 5 624'
- '#histogram 6 638'
- '#histogram 7 620'
- '#histogram 8 581'
- '#histogram 9 592'
- '#histogram 10 593'
- '#histogram 11 561'
- '#histogram 12 623'
- '#histogram 13 629'
- '#histogram 14 636'
- '#histogram 15 584'
- '#histogram 16 661'
- '#histogram 17 654'
- '#histogram 18 699'
- '#histogram 19 655'
- '#histogram 20 694'
- '#histogram 21 687'
- '#histogram 22 748'
- '#histogram 23 764'
- '#histogram 24 762'
- '#histogram 25 794'
- '#histogram 26 839'
- '#histogram 27 859'
- '#histogram 28 818'
- '#histogram 29 881'
- '#histogram 30 879'
- '#histogram 31 937'
- '#histogram 32 980'
- '#histogram 33 1000'
- '#histogram 34 970'
- '#histogram 35 999'
- '#histogram 36 1047'
- '#histogram 37 1073'
- '#histogram 38 1084'
- '#histogram 39 1026'
- '#histogram 40 1079'
- '#histogram 41 1070'
- '#histogram 42 1076'
- '#histogram 43 1115'
- '#histogram 44 1162'
- '#histogram 45 1198'
- '#histogram 46 1139'
- '#histogram 47 1181'
- '#histogram 48 1172'
- '#histogram 49 1203'
- '#histogram 50 1234'
- '#histogram 51 1217'
- '#histogram 52 1176'
- '#histogram 53 1197'
- '#histogram 54 1279'
- '#histogram 55 1266'
- '#histogram 56 1230'
- '#histogram 57 1234'
- '#histogram 58 1240'
- '#histogram 59 1323'
- '#histogram 60 1311'
- '#histogram 61 1288'
- '#histogram 62 1193'
- '#histogram 63 1278'
- '#histogram 64 1277'
- '#histogram 65 1292'
- '#histogram 66 1248'
- '#histogram 67 1235'
- '#histogram 68 1305'
- '#histogram 69 1272'
- '#histogram 70 1292'
- '#histogram 71 1287'
- '#histogram 72 1233'
- '#histogram 73 1304'
- '#histogram 74 1292'
- '#histogram 75 1229'
- '#histogram 76 1250'
- '#histogram 77 1229'
- '#histogram 78 1214'
- '#histogram 79 1273'
- '#histogram 80 1122'
- '#histogram 81 1230'
- '#histogram 82 1192'
- '#histogram 83 1212'
- '#histogram 84 1231'
- '#histogram 85 1253'
- '#histogram 86 1189'
- '#histogram 87 1245'
- '#histogram 88 1149'
- '#histogram 89 1178'
- '#histogram 90 1165'
- '#histogram 91 1169'
- '#histogram 92 1129'
- '#histogram 93 1109'
- '#histogram 94 1171'
- '#histogram 95 1147'
- '#histogram 96 1107'
- '#histogram 97 1190'
- '#histogram 98 1083'
- '#histogram 99 1021'
- '#histogram 100 1111'
- '#histogram 101 1119'
- '#histogram 102 979'
- '#histogram 103 1010'
- '#histogram 104 941'
- '#histogram 105 993'
- '#histogram 106 967'
- '#histogram 107 982'
- '#histogram 108 952'
- '#histogram 109 973'
- '#histogram 110 968'
- '#histogram 111 884'
- '#histogram 112 865'
- '#histogram 113 874'
- '#histogram 114 870'
- '#histogram 115 835'
- '#histogram 116 823'
- '#histogram 117 763'
- '#histogram 118 793'
- '#histogram 119 828'
- '#histogram 120 773'
- '#histogram 121 748'
- '#histogram 122 775'
- '#histogram 123 778'
- '#histogram 124 771'
- '#histogram 125 681'
- '#histogram 126 740'
- '#histogram 127 722'
- '#histogram 128 705'
- '#histogram 129 699'
- '#histogram 130 710'
- '#histogram 131 678'
- '#histogram 132 657'
- '#histogram 133 651'
- '#histogram 134 629'
- '#histogram 135 646'
- '#histogram 136 620'
- '#histogram 137 589'
- '#histogram 138 550'
- '#histogram 139 577'
- '#histogram 140 573'
- '#histogram 141 538'
- '#histogram 142 564'
- '#histogram 143 573'
- '#histogram 144 556'
- '#histogram 145 550'
- '#histogram 146 538'
- '#histogram 147 515'
- '#histogram 148 528'
- '#histogram 149 523'
- '#histogram 150 523'
- '#histogram 151 486'
- '#histogram 152 506'
- '#histogram 153 434'
- '#histogram 154 442'
- '#histogram 155 480'
- '#histogram 156 445'
- '#histogram 157 462'
- '#histogram 158 479'
- '#histogram 159 445'
- '#histogram 160 416'
- '#histogram 161 423'
- '#histogram 162 404'
- '#histogram 163 389'
- '#histogram 164 368'
- '#histogram 165 377'
- '#histogram 166 374'
- '#histogram 167 366'
- '#histogram 168 353'
- '#histogram 169 356'
- '#histogram 170 376'
- '#histogram 171 331'
- '#histogram 172 344'
- '#histogram 173 293'
- '#histogram 174 326'
- '#histogram 175 291'
- '#histogram 176 284'
- '#histogram 177 295'
- '#histogram 178 286'
- '#histogram 179 270'
- '#histogram 180 278'
- '#histogram 181 297'
- '#histogram 182 272'
- '#histogram 183 248'
- '#histogram 184 259'
- '#histogram 185 236'
- '#histogram 186 251'
- '#histogram 187 240'
- '#histogram 188 236'
- '#histogram 189 237'
- '#histogram 190 221'
- '#histogram 191 243'
- '#histogram 192 214'
- '#histogram 193 212'
- '#histogram 194 213'
- '#histogram 195 191'
- '#histogram 196 188'
- '#histogram 197 224'
- '#histogram 198 179'
- '#histogram 199 202'
- '#histogram 200 207'
- '#histogram 201 177'
- '#histogram 202 182'
- '#histogram 203 190'
- '#histogram 204 163'
- '#histogram 205 164'
- '#histogram 206 186'
- '#histogram 207 164'
- '#histogram 208 146'
- '#histogram 209 161'
- '#histogram 210 160'
- '#histogram 211 144'
- '#histogram 212 150'
- '#histogram 213 163'
- '#histogram 214 167'
- '#histogram 215 135'
- '#histogram 216 126'
- '#histogram 217 142'
- '#histogram 218 117'
- '#histogram 219 123'
- '#histogram 220 131'
- '#histogram 221 119'
- '#histogram 222 109'
- '#histogram 223 130'
- '#histogram 224 119'
- '#histogram 225 131'
- '#histogram 226 115'
- '#histogram 227 105'
- '#histogram 228 100'
- '#histogram 229 112'
- '#histogram 230 101'
- '#histogram 231 98'
- '#histogram 232 95'
- '#histogram 233 110'
- '#histogram 234 98'
- '#histogram 235 110'
- '#histogram 236 98'
- '#histogram 237 99'
- '#histogram 238 86'
- '#histogram 239 86'
- '#histogram 240 90'
- '#histogram 241 75'
- '#histogram 242 76'
- '#histogram 243 93'
- '#histogram 244 93'
- '#histogram 245 71'
- '#histogram 246 77'
- '#histogram 247 81'
- '#histogram 248 74'
- '#histogram 249 73'
- '#histogram 250 72'
- '#histogram 251 72'
- '#histogram 252 67'
- '#histogram 253 70'
- '#histogram 254 65'
- '#histogram 255 49'
- '#histogram 256 62'
- '#histogram 257 60'
- '#histogram 258 55'
- '#histogram 259 57'
- '#histogram 260 55'
- '#histogram 261 62'
- '#histogram 262 58'
- '#histogram 263 63'
- '#histogram 264 62'
- '#histogram 265 61'
- '#histogram 266 61'
- '#histogram 267 51'
- '#histogram 268 43'
- '#histogram 269 57'
- '#histogram 270 52'
- '#histogram 271 38'
- '#histogram 272 56'
- '#histogram 273 65'
- '#histogram 274 43'
- '#histogram 275 44'
- '#histogram 276 50'
- '#histogram 277 53'
- '#histogram 278 46'
- '#histogram 279 23'
- '#histogram 280 40'
- '#histogram 281 45'
- '#histogram 282 45'
- '#histogram 283 44'
- '#histogram 284 45'
- '#histogram 285 46'
- '#histogram 286 37'
- '#histogram 287 46'
- '#histogram 288 45'
- '#histogram 289 32'
- '#histogram 290 32'
- '#histogram 291 31'
- '#histogram 292 42'
- '#histogram 293 29'
- '#histogram 294 39'
- '#histogram 295 38'
- '#histogram 296 39'
- '#histogram 297 22'
- '#histogram 298 39'
- '#histogram 299 16'
- '#histogram 300 36'
- '#histogram 301 40'
- '#histogram 302 34'
- '#histogram 303 23'
- '#histogram 304 22'
- '#histogram 305 31'
- '#histogram 306 36'
- '#histogram 307 31'
- '#histogram 308 28'
- '#histogram 309 27'
- '#histogram 310 32'
- '#histogram 311 27'
- '#histogram 312 27'
- '#histogram 313 26'
- '#histogram 314 29'
- '#histogram 315 15'
- '#histogram 316 23'
- '#histogram 317 25'
- '#histogram 318 19'
- '#histogram 319 21'
- '#histogram 320 28'
- '#histogram 321 20'
- '#histogram 322 23'
- '#histogram 323 29'
- '#histogram 324 19'
- '#histogram 325 16'
- '#histogram 326 23'
- '#histogram 327 22'
- '#histogram 328 21'
- '#histogram 329 20'
- '#histogram 330 34'
- '#histogram 331 26'
- '#histogram 332 19'
- '#histogram 333 18'
- '#histogram 334 28'
- '#histogram 335 15'
- '#histogram 336 16'
- '#histogram 337 17'
- '#histogram 338 25'
- '#histogram 339 20'
- '#histogram 340 23'
- '#histogram 341 20'
- '#histogram 342 20'
- '#histogram 343 16'
- '#histogram 344 14'
- '#histogram 345 16'
- '#histogram 346 23'
- '#histogram 347 17'
- '#histogram 348 21'
- '#histogram 349 18'
- '#histogram 350 17'
- '#histogram 351 14'
- '#histogram 352 19'
- '#histogram 353 14'
- '#histogram 354 15'
- '#histogram 355 19'
- '#histogram 356 13'
- '#histogram 357 18'
- '#histogram 358 11'
- '#histogram 359 18'
- '#histogram 360 25'
- '#histogram 361 18'
- '#histogram 362 19'
- '#histogram 363 12'
- '#histogram 364 11'
- '#histogram 365 8'
- '#histogram 366 19'
- '#histogram 367 20'
- '#histogram 368 18'
- '#histogram 369 14'
- '#histogram 370 13'
- '#histogram 371 8'
- '#histogram 372 12'
- '#histogram 373 15'
- '#histogram 374 8'
- '#histogram 375 15'
- '#histogram 376 11'
- '#histogram 377 13'
- '#histogram 378 13'
- '#histogram 379 18'
- '#histogram 380 17'
- '#histogram 381 16'
- '#histogram 382 19'
- '#histogram 383 11'
- '#histogram 384 8'
- '#histogram 385 14'
- '#histogram 386 14'
- '#histogram 387 13'
- '#histogram 388 8'
- '#histogram 389 17'
- '#histogram 390 19'
- '#histogram 391 12'
- '#histogram 392 14'
- '#histogram 393 8'
- '#histogram 394 11'
- '#histogram 395 9'
- '#histogram 396 19'
- '#histogram 397 8'
- '#histogram 398 17'
- '#histogram 399 15'
- '#histogram 400 22'
- '#histogram 401 15'
- '#histogram 402 15'
- '#histogram 403 16'
- '#histogram 404 13'
- '#histogram 405 12'
- '#histogram 406 9'
- '#histogram 407 18'
- '#histogram 408 16'
- '#histogram 409 22'
- '#histogram 410 17'
- '#histogram 411 7'
- '#histogram 412 13'
- '#histogram 413 13'
- '#histogram 414 9'
- '#histogram 415 15'
- '#histogram 416 11'
- '#histogram 417 17'
- '#histogram 418 7'
- '#histogram 419 9'
- '#histogram 420 17'
- '#histogram 421 14'
- '#histogram 422 19'
- '#histogram 423 16'
- '#histogram 424 11'
- '#histogram 425 16'
- '#histogram 426 9'
- '#histogram 427 13'
- '#histogram 428 13'
- '#histogram 429 9'
- '#histogram 430 16'
- '#histogram 431 16'
- '#histogram 432 13'
- '#histogram 433 10'
- '#histogram 434 14'
- '#histogram 435 14'
- '#histogram 436 11'
- '#histogram 437 11'
- '#histogram 438 17'
- '#histogram 439 19'
- '#histogram 440 15'
- '#histogram 441 14'
- '#histogram 442 15'
- '#histogram 443 16'
- '#histogram 444 22'
- '#histogram 445 9'
- '#histogram 446 12'
- '#histogram 447 10'
- '#histogram 448 11'
- '#histogram 449 7'
- '#histogram 450 14'
- '#histogram 451 5'
- '#histogram 452 15'
- '#histogram 453 12'
- '#histogram 454 11'
- '#histogram 455 10'
- '#histogram 456 10'
- '#histogram 457 12'
- '#histogram 458 22'
- '#histogram 459 11'
- '#histogram 460 8'
- '#histogram 461 17'
- '#histogram 462 15'
- '#histogram 463 8'
- '#histogram 464 15'
- '#histogram 465 21'
- '#histogram 466 12'
- '#histogram 467 11'
- '#histogram 468 13'
- '#histogram 469 15'
- '#histogram 470 9'
- '#histogram 471 13'
- '#histogram 472 14'
- '#histogram 473 12'
- '#histogram 474 13'
- '#histogram 475 10'
- '#histogram 476 13'
- '#histogram 477 18'
- '#histogram 478 19'
- '#histogram 479 11'
- '#histogram 480 19'
- '#histogram 481 12'
- '#histogram 482 8'
- '#histogram 483 22'
- '#histogram 484 14'
- '#histogram 485 11'
- '#histogram 486 16'
- '#histogram 487 9'
- '#histogram 488 16'
- '#histogram 489 14'
- '#histogram 490 14'
- '#histogram 491 12'
- '#histogram 492 15'
- '#histogram 493 16'
- '#histogram 494 6'
- '#histogram 495 12'
- '#histogram 496 17'
- '#histogram 497 10'
- '#histogram 498 20'
- '#histogram 499 14'
- '#histogram 500 21'
- '#histogram 501 19'
- '#histogram 502 14'
- '#histogram 503 14'
- '#histogram 504 12'
- '#histogram 505 15'
- '#histogram 506 18'
- '#histogram 507 16'
- '#histogram 508 10'
- '#histogram 509 13'
- '#histogram 510 15'
- '#histogram 511 7'
- '#histogram 512 20'
- '#histogram 513 16'
- '#histogram 514 16'
- '#histogram 515 9'
- '#histogram 516 12'
- '#histogram 517 8'
- '#histogram 518 13'
- '#histogram 519 13'
- '#histogram 520 16'
- '#histogram 521 13'
- '#histogram 522 10'
- '#histogram 523 14'
- '#histogram 524 9'
- '#histogram 525 15'
- '#histogram 526 16'
- '#histogram 527 14'
- '#histogram 528 14'
- '#histogram 529 15'
- '#histogram 530 10'
- '#histogram 531 9'
- '#histogram 532 14'
- '#histogram 533 12'
- '#histogram 534 6'
- '#histogram 535 11'
- '#histogram 536 17'
- '#histogram 537 18'
- '#histogram 538 13'
- '#histogram 539 8'
- '#histogram 540 17'
- '#histogram 541 13'
- '#histogram 542 16'
- '#histogram 543 13'
- '#histogram 544 10'
- '#histogram 545 14'
- '#histogram 546 16'
- '#histogram 547 13'
- '#histogram 548 11'
- '#histogram 549 14'
- '#histogram 550 21'
- '#histogram 551 17'
- '#histogram 552 9'
- '#histogram 553 11'
- '#histogram 554 12'
- '#histogram 555 13'
- '#histogram 556 10'
- '#histogram 557 10'
- '#histogram 558 12'
- '#histogram 559 8'
- '#histogram 560 13'
- '#histogram 561 13'
- '#histogram 562 16'
- '#histogram 563 9'
- '#histogram 564 5'
- '#histogram 565 7'
- '#histogram 566 14'
- '#histogram 567 12'
- '#histogram 568 8'
- '#histogram 569 11'
- '#histogram 570 12'
- '#histogram 571 14'
- '#histogram 572 8'
- '#histogram 573 12'
- '#histogram 574 8'
- '#histogram 575 11'
- '#histogram 576 8'
- '#histogram 577 10'
- '#histogram 578 9'
- '#histogram 579 9'
- '#histogram 580 14'
- '#histogram 581 15'
- '#histogram 582 13'
- '#histogram 583 16'
- '#histogram 584 12'
- '#histogram 585 10'
- '#histogram 586 12'
- '#histogram 587 11'
- '#histogram 588 11'
- '#histogram 589 9'
- '#histogram 590 15'
- '#histogram 591 9'
- '#histogram 592 17'
- '#histogram 593 12'
- '#histogram 594 17'
- '#histogram 595 14'
- '#histogram 596 15'
- '#histogram 597 12'
- '#histogram 598 9'
- '#histogram 599 17'
- '#histogram 600 10'
- '#histogram 601 15'
- '#histogram 602 17'
- '#histogram 603 8'
- '#histogram 604 13'
- '#histogram 605 5'
- '#histogram 606 16'
- '#histogram 607 12'
- '#histogram 608 13'
- '#histogram 609 7'
- '#histogram 610 10'
- '#histogram 611 14'
- '#histogram 612 11'
- '#histogram 613 7'
- '#histogram 614 12'
- '#histogram 615 16'
- '#histogram 616 19'
- '#histogram 617 10'
- '#histogram 618 14'
- '#histogram 619 18'
- '#histogram 620 20'
- '#histogram 621 12'
- '#histogram 622 11'
- '#histogram 623 16'
- '#histogram 624 25'
- '#histogram 625 14'
- '#histogram 626 17'
- '#histogram 627 13'
- '#histogram 628 18'
- '#histogram 629 6'
- '#histogram 630 19'
- '#histogram 631 14'
- '#histogram 632 9'
- '#histogram 633 15'
- '#histogram 634 17'
- '#histogram 635 12'
- '#histogram 636 17'
- '#histogram 637 7'
- '#histogram 638 20'
- '#histogram 639 11'
- '#histogram 640 13'
- '#histogram 641 12'
- '#histogram 642 17'
- '#histogram 643 17'
- '#histogram 644 15'
- '#histogram 645 10'
- '#histogram 646 11'
- '#histogram 647 14'
- '#histogram 648 17'
- '#histogram 649 17'
- '#histogram 650 17'
- '#histogram 651 18'
- '#histogram 652 13'
- '#histogram 653 14'
- '#histogram 654 21'
- '#histogram 655 13'
- '#histogram 656 9'
- '#histogram 657 5'
- '#histogram 658 14'
- '#histogram 659 14'
- '#histogram 660 14'
- '#histogram 661 22'
- '#histogram 662 22'
- '#histogram 663 20'
- '#histogram 664 18'
- '#histogram 665 14'
- '#histogram 666 17'
- '#histogram 667 22'
- '#histogram 668 7'
- '#histogram 669 23'
- '#histogram 670 9'
- '#histogram 671 20'
- '#histogram 672 5'
- '#histogram 673 19'
- '#histogram 674 11'
- '#histogram 675 14'
- '#histogram 676 6'
- '#histogram 677 20'
- '#histogram 678 17'
- '#histogram 679 20'
- '#histogram 680 11'
- '#histogram 681 18'
- '#histogram 682 16'
- '#histogram 683 13'
- '#histogram 684 20'
- '#histogram 685 12'
- '#histogram 686 19'
- '#histogram 687 9'
- '#histogram 688 18'
- '#histogram 689 21'
- '#histogram 690 20'
- '#histogram 691 13'
- '#histogram 692 17'
- '#histogram 693 17'
- '#histogram 694 12'
- '#histogram 695 16'
- '#histogram 696 12'
- '#histogram 697 17'
- '#histogram 698 8'
- '#histogram 699 15'
- '#histogram 700 13'
- '#histogram 701 20'
- '#histogram 702 19'
- '#histogram 703 24'
- '#histogram 704 11'
- '#histogram 705 24'
- '#histogram 706 15'
- '#histogram 707 16'
- '#histogram 708 18'
- '#histogram 709 12'
- '#histogram 710 18'
- '#histogram 711 16'
- '#histogram 712 19'
- '#histogram 713 12'
- '#histogram 714 13'
- '#histogram 715 14'
- '#histogram 716 11'
- '#histogram 717 14'
- '#histogram 718 17'
- '#histogram 719 15'
- '#histogram 720 16'
- '#histogram 721 26'
- '#histogram 722 16'
- '#histogram 723 18'
- '#histogram 724 10'
- '#histogram 725 22'
- '#histogram 726 19'
- '#histogram 727 17'
- '#histogram 728 14'
- '#histogram 729 17'
- '#histogram 730 18'
- '#histogram 731 20'
- '#histogram 732 25'
- '#histogram 733 14'
- '#histogram 734 19'
- '#histogram 735 12'
- '#histogram 736 18'
- '#histogram 737 20'
- '#histogram 738 21'
- '#histogram 739 15'
- '#histogram 740 20'
- '#histogram 741 20'
- '#histogram 742 22'
- '#histogram 743 17'
- '#histogram 744 23'
- '#histogram 745 11'
- '#histogram 746 12'
- '#histogram 747 13'
- '#histogram 748 12'
- '#histogram 749 15'
- '#histogram 750 21'
- '#histogram 751 25'
- '#histogram 752 19'
- '#histogram 753 15'
- '#histogram 754 17'
- '#histogram 755 19'
- '#histogram 756 13'
- '#histogram 757 16'
- '#histogram 758 12'
- '#histogram 759 11'
- '#histogram 760 17'
- '#histogram 761 21'
- '#histogram 762 15'
- '#histogram 763 17'
- '#histogram 764 31'
- '#histogram 765 13'
- '#histogram 766 16'
- '#histogram 767 14'
- '#histogram 768 16'
- '#histogram 769 16'
- '#histogram 770 14'
- '#histogram 771 18'
- '#histogram 772 17'
- '#histogram 773 15'
- '#histogram 774 23'
- '#histogram 775 12'
- '#histogram 776 20'
- '#histogram 777 20'
- '#histogram 778 13'
- '#histogram 779 19'
- '#histogram 780 11'
- '#histogram 781 18'
- '#histogram 782 26'
- '#histogram 783 18'
- '#histogram 784 15'
- '#histogram 785 31'
- '#histogram 786 23'
- '#histogram 787 21'
- '#histogram 788 23'
- '#histogram 789 18'
- '#histogram 790 21'
- '#histogram 791 29'
- '#histogram 792 18'
- '#histogram 793 11'
- '#histogram 794 19'
- '#histogram 795 15'
- '#histogram 796 12'
- '#histogram 797 21'
- '#histogram 798 18'
- '#histogram 799 20'
- '#histogram 800 17'
- '#histogram 801 19'
- '#histogram 802 18'
- '#histogram 803 16'
- '#histogram 804 15'
- '#histogram 805 10'
- '#histogram 806 16'
- '#histogram 807 12'
- '#histogram 808 24'
- '#histogram 809 22'
- '#histogram 810 17'
- '#histogram 811 13'
- '#histogram 812 22'
- '#histogram 813 19'
- '#histogram 814 27'
- '#histogram 815 14'
- '#histogram 816 22'
- '#histogram 817 26'
- '#histogram 818 17'
- '#histogram 819 20'
- '#histogram 820 23'
- '#histogram 821 29'
- '#histogram 822 20'
- '#histogram 823 12'
- '#histogram 824 16'
- '#histogram 825 19'
- '#histogram 826 21'
- '#histogram 827 15'
- '#histogram 828 9'
- '#histogram 829 16'
- '#histogram 830 31'
- '#histogram 831 19'
- '#histogram 832 19'
- '#histogram 833 32'
- '#histogram 834 25'
- '#histogram 835 25'
- '#histogram 836 16'
- '#histogram 837 13'
- '#histogram 838 24'
- '#histogram 839 12'
- '#histogram 840 16'
- '#histogram 841 22'
- '#histogram 842 19'
- '#histogram 843 16'
- '#histogram 844 14'
- '#histogram 845 19'
- '#histogram 846 20'
- '#histogram 847 13'
- '#histogram 848 23'
- '#histogram 849 13'
- '#histogram 850 19'
- '#histogram 851 16'
- '#histogram 852 26'
- '#histogram 853 24'
- '#histogram 854 22'
- '#histogram 855 14'
- '#histogram 856 18'
- '#histogram 857 22'
- '#histogram 858 16'
- '#histogram 859 21'
- '#histogram 860 24'
- '#histogram 861 28'
- '#histogram 862 28'
- '#histogram 863 21'
- '#histogram 864 26'
- '#histogram 865 23'
- '#histogram 866 24'
- '#histogram 867 20'
- '#histogram 868 28'
- '#histogram 869 20'
- '#histogram 870 18'
- '#histogram 871 15'
- '#histogram 872 19'
- '#histogram 873 16'
- '#histogram 874 14'
- '#histogram 875 27'
- '#histogram 876 19'
- '#histogram 877 21'
- '#histogram 878 25'
- '#histogram 879 22'
- '#histogram 880 21'
- '#histogram 881 20'
- '#histogram 882 16'
- '#histogram 883 15'
- '#histogram 884 18'
- '#histogram 885 17'
- '#histogram 886 20'
- '#histogram 887 24'
- '#histogram 888 22'
- '#histogram 889 23'
- '#histogram 890 14'
- '#histogram 891 26'
- '#histogram 892 20'
- '#histogram 893 18'
- '#histogram 894 20'
- '#histogram 895 27'
- '#histogram 896 24'
- '#histogram 897 25'
- '#histogram 898 25'
- '#histogram 899 30'
- '#histogram 900 22'
- '#histogram 901 19'
- '#histogram 902 28'
- '#histogram 903 18'
- '#histogram 904 33'
- '#histogram 905 16'
- '#histogram 906 24'
- '#histogram 907 19'
- '#histogram 908 15'
- '#histogram 909 20'
- '#histogram 910 20'
- '#histogram 911 18'
- '#histogram 912 21'
- '#histogram 913 13'
- '#histogram 914 21'
- '#histogram 915 25'
- '#histogram 916 25'
- '#histogram 917 13'
- '#histogram 918 25'
- '#histogram 919 23'
- '#histogram 920 28'
- '#histogram 921 20'
- '#histogram 922 19'
- '#histogram 923 26'
- '#histogram 924 20'
- '#histogram 925 21'
- '#histogram 926 15'
- '#histogram 927 16'
- '#histogram 928 19'
- '#histogram 929 29'
- '#histogram 930 24'
- '#histogram 931 22'
- '#histogram 932 27'
- '#histogram 933 20'
- '#histogram 934 32'
- '#histogram 935 30'
- '#histogram 936 26'
- '#histogram 937 17'
- '#histogram 938 17'
- '#histogram 939 24'
- '#histogram 940 17'
- '#histogram 941 17'
- '#histogram 942 25'
- '#histogram 943 18'
- '#histogram 944 10'
- '#histogram 945 19'
- '#histogram 946 17'
- '#histogram 947 16'
- '#histogram 948 22'
- '#histogram 949 20'
- '#histogram 950 29'
- '#histogram 951 32'
- '#histogram 952 20'
- '#histogram 953 23'
- '#histogram 954 17'
- '#histogram 955 20'
- '#histogram 956 18'
- '#histogram 957 20'
- '#histogram 958 21'
- '#histogram 959 26'
- '#histogram 960 25'
- '#histogram 961 11'
- '#histogram 962 25'
- '#histogram 963 15'
- '#histogram 964 19'
- '#histogram 965 25'
- '#histogram 966 25'
- '#histogram 967 18'
- '#histogram 968 24'
- '#histogram 969 20'
- '#histogram 970 33'
- '#histogram 971 21'
- '#histogram 972 21'
- '#histogram 973 24'
- '#histogram 974 23'
- '#histogram 975 19'
- '#histogram 976 16'
- '#histogram 977 26'
- '#histogram 978 21'
- '#histogram 979 22'
- '#histogram 980 19'
- '#histogram 981 22'
- '#histogram 982 25'
- '#histogram 983 26'
- '#histogram 984 18'
- '#histogram 985 35'
- '#histogram 986 16'
- '#histogram 987 19'
- '#histogram 988 12'
- '#histogram 989 29'
- '#histogram 990 22'
- '#histogram 991 15'
- '#histogram 992 16'
- '#histogram 993 25'
- '#histogram 994 20'
- '#histogram 995 23'
- '#histogram 996 21'
- '#histogram 997 13'
- '#histogram 998 17'
- '#histogram 999 18'
- '#histogram 1000 24'
- '#histogram 1001 19'
- '#histogram 1002 18'
- '#histogram 1003 20'
- '#histogram 1004 11'
- '#histogram 1005 24'
- '#histogram 1006 17'
- '#histogram 1007 20'
- '#histogram 1008 20'
- '#histogram 1009 19'
- '#histogram 1010 23'
- '#histogram 1011 14'
- '#histogram 1012 26'
- '#histogram 1013 14'
- '#histogram 1014 12'
- '#histogram 1015 19'
- '#histogram 1016 17'
- '#histogram 1017 23'
- '#histogram 1018 24'
- '#histogram 1019 23'
- '#histogram 1020 26'
- '#histogram 1021 16'
- '#histogram 1022 20'
- '#histogram 1023 20'
- '#histogram 1024 17'
- '#histogram 1025 10'
- '#histogram 1026 21'
- '#histogram 1027 13'
- '#histogram 1028 19'
- '#histogram 1029 21'
- '#histogram 1030 23'
- '#histogram 1031 14'
- '#histogram 1032 26'
- '#histogram 1033 23'
- '#histogram 1034 22'
- '#histogram 1035 24'
- '#histogram 1036 11'
- '#histogram 1037 23'
- '#histogram 1038 19'
- '#histogram 1039 22'
- '#histogram 1040 20'
- '#histogram 1041 16'
- '#histogram 1042 19'
- '#histogram 1043 29'
- '#histogram 1044 24'
- '#histogram 1045 21'
- '#histogram 1046 18'
- '#histogram 1047 28'
- '#histogram 1048 18'
- '#histogram 1049 22'
- '#histogram 1050 22'
- '#histogram 1051 18'
- '#histogram 1052 23'
- '#histogram 1053 18'
- '#histogram 1054 14'
- '#histogram 1055 26'
- '#histogram 1056 16'
- '#histogram 1057 11'
- '#histogram 1058 28'
- '#histogram 1059 29'
- '#histogram 1060 25'
- '#histogram 1061 15'
- '#histogram 1062 23'
- '#histogram 1063 14'
- '#histogram 1064 20'
- '#histogram 1065 17'
- '#histogram 1066 13'
- '#histogram 1067 23'
- '#histogram 1068 23'
- '#histogram 1069 22'
- '#histogram 1070 28'
- '#histogram 1071 13'
- '#histogram 1072 22'
- '#histogram 1073 23'
- '#histogram 1074 20'
- '#histogram 1075 11'
- '#histogram 1076 30'
- '#histogram 1077 14'
- '#histogram 1078 22'
- '#histogram 1079 25'
- '#histogram 1080 22'
- '#histogram 1081 22'
- '#histogram 1082 15'
- '#histogram 1083 15'
- '#histogram 1084 14'
- '#histogram 1085 25'
- '#histogram 1086 23'
- '#histogram 1087 24'
- '#histogram 1088 17'
- '#histogram 1089 17'
- '#histogram 1090 16'
- '#histogram 1091 23'
- '#histogram 1092 15'
- '#histogram 1093 26'
- '#histogram 1094 18'
- '#histogram 1095 18'
- '#histogram 1096 22'
- '#histogram 1097 23'
- '#histogram 1098 19'
- '#histogram 1099 20'
- '#histogram 1100 21'
- '#histogram 1101 24'
- '#histogram 1102 16'
- '#histogram 1103 16'
- '#histogram 1104 17'
- '#histogram 1105 21'
- '#histogram 1106 24'
- '#histogram 1107 19'
- '#histogram 1108 22'
- '#histogram 1109 22'
- '#histogram 1110 17'
- '#histogram 1111 18'
- '#histogram 1112 21'
- '#histogram 1113 21'
- '#histogram 1114 19'
- '#histogram 1115 25'
- '#histogram 1116 21'
- '#histogram 1117 13'
- '#histogram 1118 14'
- '#histogram 1119 16'
- '#histogram 1120 20'
- '#histogram 1121 20'
- '#histogram 1122 13'
- '#histogram 1123 13'
- '#histogram 1124 17'
- '#histogram 1125 23'
- '#histogram 1126 24'
- '#histogram 1127 18'
- '#histogram 1128 18'
- '#histogram 1129 17'
- '#histogram 1130 17'
- '#histogram 1131 13'
- '#histogram 1132 17'
- '#histogram 1133 15'
- '#histogram 1134 11'
- '#histogram 1135 11'
- '#histogram 1136 18'
- '#histogram 1137 21'
- '#histogram 1138 17'
- '#histogram 1139 21'
- '#histogram 1140 13'
- '#histogram 1141 19'
- '#histogram 1142 17'
- '#histogram 1143 13'
- '#histogram 1144 22'
- '#histogram 1145 9'
- '#histogram 1146 16'
- '#histogram 1147 9'
- '#histogram 1148 19'
- '#histogram 1149 16'
- '#histogram 1150 15'
- '#histogram 1151 15'
- '#histogram 1152 20'
- '#histogram 1153 14'
- '#histogram 1154 13'
- '#histogram 1155 10'
- '#histogram 1156 17'
- '#histogram 1157 14'
- '#histogram 1158 22'
- '#histogram 1159 17'
- '#histogram 1160 14'
- '#histogram 1161 20'
- '#histogram 1162 26'
- '#histogram 1163 24'
- '#histogram 1164 11'
- '#histogram 1165 11'
- '#histogram 1166 13'
- '#histogram 1167 12'
- '#histogram 1168 10'
- '#histogram 1169 18'
- '#histogram 1170 17'
- '#histogram 1171 19'
- '#histogram 1172 13'
- '#histogram 1173 11'
- '#histogram 1174 21'
- '#histogram 1175 20'
- '#histogram 1176 16'
- '#histogram 1177 17'
- '#histogram 1178 17'
- '#histogram 1179 11'
- '#histogram 1180 22'
- '#histogram 1181 28'
- '#histogram 1182 16'
- '#histogram 1183 15'
- '#histogram 1184 17'
- '#histogram 1185 14'
- '#histogram 1186 12'
- '#histogram 1187 13'
- '#histogram 1188 13'
- '#histogram 1189 18'
- '#histogram 1190 8'
- '#histogram 1191 15'
- '#histogram 1192 13'
- '#histogram 1193 19'
- '#histogram 1194 11'
- '#histogram 1195 15'
- '#histogram 1196 21'
- '#histogram 1197 15'
- '#histogram 1198 14'
- '#histogram 1199 16'
- '#histogram 1200 16'
- '#histogram 1201 12'
- '#histogram 1202 13'
- '#histogram 1203 24'
- '#histogram 1204 11'
- '#histogram 1205 13'
- '#histogram 1206 12'
- '#histogram 1207 17'
- '#histogram 1208 15'
- '#histogram 1209 21'
- '#histogram 1210 16'
- '#histogram 1211 13'
- '#histogram 1212 12'
- '#histogram 1213 18'
- '#histogram 1214 14'
- '#histogram 1215 16'
- '#histogram 1216 14'
- '#histogram 1217 12'
- '#histogram 1218 9'
- '#histogram 1219 26'
- '#histogram 1220 9'
- '#histogram 1221 10'
- '#histogram 1222 16'
- '#histogram 1223 14'
- '#histogram 1224 16'
- '#histogram 1225 13'
- '#histogram 1226 19'
- '#histogram 1227 10'
- '#histogram 1228 12'
- '#histogram 1229 22'
- '#histogram 1230 17'
- '#histogram 1231 12'
- '#histogram 1232 13'
- '#histogram 1233 11'
- '#histogram 1234 15'
- '#histogram 1235 11'
- '#histogram 1236 12'
- '#histogram 1237 13'
- '#histogram 1238 11'
- '#histogram 1239 8'
- '#histogram 1240 10'
- '#histogram 1241 16'
- '#histogram 1242 13'
- '#histogram 1243 7'
- '#histogram 1244 8'
- '#histogram 1245 17'
- '#histogram 1246 17'
- '#histogram 1247 9'
- '#histogram 1248 10'
- '#histogram 1249 19'
- '#histogram 1250 13'
- '#histogram 1251 10'
- '#histogram 1252 16'
- '#histogram 1253 16'
- '#histogram 1254 8'
- '#histogram 1255 6'
- '#histogram 1256 11'
- '#histogram 1257 18'
- '#histogram 1258 9'
- '#histogram 1259 7'
- '#histogram 1260 12'
- '#histogram 1261 11'
- '#histogram 1262 13'
- '#histogram 1263 5'
- '#histogram 1264 9'
- '#histogram 1265 10'
- '#histogram 1266 7'
- '#histogram 1267 11'
- '#histogram 1268 17'
- '#histogram 1269 17'
- '#histogram 1270 16'
- '#histogram 1271 6'
- '#histogram 1272 15'
- '#histogram 1273 4'
- '#histogram 1274 16'
- '#histogram 1275 17'
- '#histogram 1276 10'
- '#histogram 1277 8'
- '#histogram 1278 5'
- '#histogram 1279 6'
- '#histogram 1280 9'
- '#histogram 1281 9'
- '#histogram 1282 7'
- '#histogram 1283 8'
- '#histogram 1284 6'
- '#histogram 1285 7'
- '#histogram 1286 9'
- '#histogram 1287 3'
- '#histogram 1288 6'
- '#histogram 1289 9'
- '#histogram 1290 4'
- '#histogram 1291 10'
- '#histogram 1292 6'
- '#histogram 1293 8'
- '#histogram 1294 8'
- '#histogram 1295 11'
- '#histogram 1296 8'
- '#histogram 1297 8'
- '#histogram 1298 5'
- '#histogram 1299 8'
- '#histogram 1300 9'
- '#histogram 1301 8'
- '#histogram 1302 6'
- '#histogram 1303 9'
- '#histogram 1304 5'
- '#histogram 1305 7'
- '#histogram 1306 9'
- '#histogram 1307 7'
- '#histogram 1308 11'
- '#histogram 1309 5'
- '#histogram 1310 6'
- '#histogram 1311 6'
- '#histogram 1312 3'
- '#histogram 1313 9'
- '#histogram 1314 6'
- '#histogram 1315 5'
- '#histogram 1316 4'
- '#histogram 1317 8'
- '#histogram 1318 6'
- '#histogram 1319 6'
- '#histogram 1320 10'
- '#histogram 1321 4'
- '#histogram 1322 1'
- '#histogram 1323 7'
- '#histogram 1324 9'
- '#histogram 1325 5'
- '#histogram 1326 6'
- '#histogram 1327 5'
- '#histogram 1328 5'
- '#histogram 1329 12'
- '#histogram 1330 2'
- '#histogram 1331 7'
- '#histogram 1332 6'
- '#histogram 1333 2'
- '#histogram 1334 6'
- '#histogram 1335 6'
- '#histogram 1336 4'
- '#histogram 1337 6'
- '#histogram 1338 2'
- '#histogram 1339 3'
- '#histogram 1340 4'
- '#histogram 1341 6'
- '#histogram 1342 5'
- '#histogram 1343 8'
- '#histogram 1344 4'
- '#histogram 1345 4'
- '#histogram 1346 6'
- '#histogram 1347 4'
- '#histogram 1348 5'
- '#histogram 1349 12'
- '#histogram 1350 6'
- '#histogram 1351 5'
- '#histogram 1352 10'
- '#histogram 1353 6'
- '#histogram 1354 2'
- '#histogram 1355 2'
- '#histogram 1356 8'
- '#histogram 1357 5'
- '#histogram 1358 9'
- '#histogram 1359 5'
- '#histogram 1360 4'
- '#histogram 1361 5'
- '#histogram 1362 3'
- '#histogram 1363 3'
- '#histogram 1364 6'
- '#histogram 1365 4'
- '#histogram 1366 4'
- '#histogram 1367 4'
- '#histogram 1368 4'
- '#histogram 1369 6'
- '#histogram 1370 4'
- '#histogram 1371 3'
- '#histogram 1372 7'
- '#histogram 1373 3'
- '#histogram 1374 4'
- '#histogram 1375 5'
- '#histogram 1376 2'
- '#histogram 1377 4'
- '#histogram 1378 4'
- '#histogram 1379 2'
- '#histogram 1380 3'
- '#histogram 1381 5'
- '#histogram 1382 8'
- '#histogram 1383 4'
- '#histogram 1384 6'
- '#histogram 1385 3'
- '#histogram 1386 4'
- '#histogram 1387 5'
- '#histogram 1388 3'
- '#histogram 1389 1'
- '#histogram 1390 3'
- '#histogram 1391 4'
- '#histogram 1392 2'
- '#histogram 1393 8'
- '#histogram 1394 5'
- '#histogram 1395 5'
- '#histogram 1396 6'
- '#histogram 1397 4'
- '#histogram 1398 2'
- '#histogram 1399 7'
- '#histogram 1400 2'
- '#histogram 1402 2'
- '#histogram 1403 1'
- '#histogram 1404 4'
- '#histogram 1405 4'
- '#histogram 1406 2'
- '#histogram 1407 12'
- '#histogram 1408 4'
- '#histogram 1409 1'
- '#histogram 1410 2'
- '#histogram 1411 3'
- '#histogram 1412 3'
- '#histogram 1413 4'
- '#histogram 1414 2'
- '#histogram 1415 3'
- '#histogram 1417 1'
- '#histogram 1418 2'
- '#histogram 1419 3'
- '#histogram 1420 3'
- '#histogram 1421 1'
- '#histogram 1422 1'
- '#histogram 1423 1'
- '#histogram 1424 1'
- '#histogram 1426 6'
- '#histogram 1427 4'
- '#histogram 1428 2'
- '#histogram 1429 7'
- '#histogram 1430 5'
- '#histogram 1431 4'
- '#histogram 1432 3'
- '#histogram 1433 2'
- '#histogram 1434 1'
- '#histogram 1435 4'
- '#histogram 1436 2'
- '#histogram 1437 4'
- '#histogram 1438 3'
- '#histogram 1439 1'
- '#histogram 1441 1'
- '#histogram 1442 2'
- '#histogram 1443 3'
- '#histogram 1444 2'
- '#histogram 1445 5'
- '#histogram 1446 3'
- '#histogram 1449 3'
- '#histogram 1450 2'
- '#histogram 1451 4'
- '#histogram 1452 1'
- '#histogram 1453 2'
- '#histogram 1454 8'
- '#histogram 1455 1'
- '#histogram 1456 2'
- '#histogram 1457 2'
- '#histogram 1459 1'
- '#histogram 1460 1'
- '#histogram 1461 1'
- '#histogram 1462 1'
- '#histogram 1463 3'
- '#histogram 1464 4'
- '#histogram 1465 1'
- '#histogram 1466 2'
- '#histogram 1467 2'
- '#histogram 1468 3'
- '#histogram 1469 2'
- '#histogram 1470 1'
- '#histogram 1471 1'
- '#histogram 1472 3'
- '#histogram 1473 1'
- '#histogram 1474 1'
- '#histogram 1475 2'
- '#histogram 1476 2'
- '#histogram 1477 2'
- '#histogram 1478 1'
- '#histogram 1479 2'
- '#histogram 1480 3'
- '#histogram 1482 3'
- '#histogram 1483 3'
- '#histogram 1484 4'
- '#histogram 1486 1'
- '#histogram 1487 1'
- '#histogram 1488 3'
- '#histogram 1489 3'
- '#histogram 1490 3'
- '#histogram 1491 5'
- '#histogram 1492 4'
- '#histogram 1493 1'
- '#histogram 1494 3'
- '#histogram 1497 2'
- '#histogram 1498 4'
- '#histogram 1499 1'
- '#histogram 1501 2'
- '#histogram 1502 2'
- '#histogram 1503 1'
- '#histogram 1504 4'
- '#histogram 1505 3'
- '#histogram 1506 2'
- '#histogram 1507 4'
- '#histogram 1508 4'
- '#histogram 1510 3'
- '#histogram 1511 3'
- '#histogram 1512 4'
- '#histogram 1513 2'
- '#histogram 1514 2'
- '#histogram 1515 2'
- '#histogram 1516 3'
- '#histogram 1517 2'
- '#histogram 1518 2'
- '#histogram 1519 1'
- '#histogram 1520 3'
- '#histogram 1521 2'
- '#histogram 1522 3'
- '#histogram 1523 2'
- '#histogram 1524 2'
- '#histogram 1525 2'
- '#histogram 1526 4'
- '#histogram 1527 3'
- '#histogram 1528 2'
- '#histogram 1529 4'
- '#histogram 1530 3'
- '#histogram 1531 2'
- '#histogram 1532 1'
- '#histogram 1533 3'
- '#histogram 1534 1'
- '#histogram 1537 4'
- '#histogram 1539 1'
- '#histogram 1540 1'
- '#histogram 1541 2'
- '#histogram 1542 1'
- '#histogram 1543 2'
- '#histogram 1544 1'
- '#histogram 1546 1'
- '#histogram 1548 2'
- '#histogram 1550 2'
- '#histogram 1551 2'
- '#histogram 1552 1'
- '#histogram 1553 1'
- '#histogram 1557 5'
- '#histogram 1558 2'
- '#histogram 1559 2'
- '#histogram 1560 3'
- '#histogram 1561 1'
- '#histogram 1563 2'
- '#histogram 1564 2'
- '#histogram 1565 1'
- '#histogram 1566 1'
- '#histogram 1567 2'
- '#histogram 1568 4'
- '#histogram 1569 1'
- '#histogram 1570 3'
- '#histogram 1571 2'
- '#histogram 1572 1'
- '#histogram 1574 2'
- '#histogram 1575 2'
- '#histogram 1576 1'
- '#histogram 1577 3'
- '#histogram 1578 2'
- '#histogram 1579 2'
- '#histogram 1580 2'
- '#histogram 1581 1'
- '#histogram 1582 1'
- '#histogram 1584 1'
- '#histogram 1585 2'
- '#histogram 1587 5'
- '#histogram 1590 2'
- '#histogram 1591 1'
- '#histogram 1593 1'
- '#histogram 1597 1'
- '#histogram 1598 1'
- '#histogram 1599 1'
- '#histogram 1600 1'
- '#histogram 1601 1'
- '#histogram 1602 2'
- '#histogram 1604 2'
- '#histogram 1605 3'
- '#histogram 1606 1'
- '#histogram 1608 1'
- '#histogram 1612 1'
- '#histogram 1613 2'
- '#histogram 1615 1'
- '#histogram 1617 2'
- '#histogram 1619 2'
- '#histogram 1620 2'
- '#histogram 1621 1'
- '#histogram 1623 2'
- '#histogram 1625 1'
- '#histogram 1628 1'
- '#histogram 1629 1'
- '#histogram 1637 1'
- '#histogram 1638 1'
- '#histogram 1640 2'
- '#histogram 1642 1'
- '#histogram 1643 1'
- '#histogram 1644 3'
- '#histogram 1645 2'
- '#histogram 1647 4'
- '#histogram 1650 1'
- '#histogram 1655 1'
- '#histogram 1658 1'
- '#histogram 1659 1'
- '#histogram 1660 1'
- '#histogram 1666 1'
- '#histogram 1674 1'
- '#histogram 1677 1'
- '#histogram 1686 1'
- '#histogram 1687 1'
- '#histogram 1688 1'
- '#histogram 1689 1'
- '#histogram 1694 1'
- '#histogram 1699 2'
- '#histogram 1710 1'
- '#histogram 1712 1'
- '#histogram 1716 2'
- '#histogram 1727 1'
- '#histogram 1734 1'
- '#histogram 1740 1'
- '#histogram 1745 1'
- '#histogram 1746 1'
- '#histogram 1758 1'
- '#histogram 1778 1'
- '#histogram 1779 1'
- '#histogram 1782 1'
- '#histogram 1796 1'
- '#histogram 1802 1'
- '#histogram 1831 1'
- '#histogram 1835 1'
- '#histogram 1844 1'
- '#histogram 1858 1'
- '#histogram 1883 1'
- '#histogram 2087 1'
- '#histogram 2131 1'
- '#histogram 2526 1'
- '#histogram 2630 1'
- '#histogram 2890 1'
- '#histogram 4999 6'
- ''
