code: 0
data:
  avg_latency: 0.110587
  histogram:
  - - 0
    - 0
  - - 1
    - 67
  - - 2
    - 318
  - - 3
    - 533
  - - 4
    - 668
  - - 5
    - 803
  - - 6
    - 784
  - - 7
    - 894
  - - 8
    - 875
  - - 9
    - 833
  - - 10
    - 906
  - - 11
    - 945
  - - 12
    - 926
  - - 13
    - 957
  - - 14
    - 1019
  - - 15
    - 1039
  - - 16
    - 1064
  - - 17
    - 1076
  - - 18
    - 1095
  - - 19
    - 1153
  - - 20
    - 1172
  - - 21
    - 1218
  - - 22
    - 1230
  - - 23
    - 1293
  - - 24
    - 1324
  - - 25
    - 1261
  - - 26
    - 1349
  - - 27
    - 1403
  - - 28
    - 1344
  - - 29
    - 1423
  - - 30
    - 1535
  - - 31
    - 1534
  - - 32
    - 1534
  - - 33
    - 1581
  - - 34
    - 1681
  - - 35
    - 1653
  - - 36
    - 1727
  - - 37
    - 1667
  - - 38
    - 1814
  - - 39
    - 1814
  - - 40
    - 1850
  - - 41
    - 1922
  - - 42
    - 1849
  - - 43
    - 1870
  - - 44
    - 1934
  - - 45
    - 1878
  - - 46
    - 2024
  - - 47
    - 1991
  - - 48
    - 2067
  - - 49
    - 2144
  - - 50
    - 2037
  - - 51
    - 2045
  - - 52
    - 2174
  - - 53
    - 2177
  - - 54
    - 2156
  - - 55
    - 2170
  - - 56
    - 2177
  - - 57
    - 2229
  - - 58
    - 2081
  - - 59
    - 2205
  - - 60
    - 2206
  - - 61
    - 2198
  - - 62
    - 2181
  - - 63
    - 2226
  - - 64
    - 2140
  - - 65
    - 2203
  - - 66
    - 2214
  - - 67
    - 2263
  - - 68
    - 2281
  - - 69
    - 2244
  - - 70
    - 2278
  - - 71
    - 2102
  - - 72
    - 2022
  - - 73
    - 2133
  - - 74
    - 2217
  - - 75
    - 2082
  - - 76
    - 2099
  - - 77
    - 2126
  - - 78
    - 2190
  - - 79
    - 2078
  - - 80
    - 2051
  - - 81
    - 2021
  - - 82
    - 2063
  - - 83
    - 1997
  - - 84
    - 1994
  - - 85
    - 1965
  - - 86
    - 2008
  - - 87
    - 1919
  - - 88
    - 1942
  - - 89
    - 1922
  - - 90
    - 1861
  - - 91
    - 1819
  - - 92
    - 1800
  - - 93
    - 1787
  - - 94
    - 1804
  - - 95
    - 1731
  - - 96
    - 1786
  - - 97
    - 1771
  - - 98
    - 1709
  - - 99
    - 1769
  - - 100
    - 1683
  - - 101
    - 1611
  - - 102
    - 1648
  - - 103
    - 1591
  - - 104
    - 1598
  - - 105
    - 1594
  - - 106
    - 1471
  - - 107
    - 1489
  - - 108
    - 1452
  - - 109
    - 1408
  - - 110
    - 1479
  - - 111
    - 1370
  - - 112
    - 1323
  - - 113
    - 1335
  - - 114
    - 1286
  - - 115
    - 1339
  - - 116
    - 1332
  - - 117
    - 1266
  - - 118
    - 1300
  - - 119
    - 1126
  - - 120
    - 1188
  - - 121
    - 1184
  - - 122
    - 1123
  - - 123
    - 1087
  - - 124
    - 1082
  - - 125
    - 1108
  - - 126
    - 1101
  - - 127
    - 1033
  - - 128
    - 1018
  - - 129
    - 952
  - - 130
    - 999
  - - 131
    - 919
  - - 132
    - 935
  - - 133
    - 892
  - - 134
    - 929
  - - 135
    - 896
  - - 136
    - 869
  - - 137
    - 844
  - - 138
    - 834
  - - 139
    - 835
  - - 140
    - 786
  - - 141
    - 778
  - - 142
    - 769
  - - 143
    - 795
  - - 144
    - 735
  - - 145
    - 744
  - - 146
    - 692
  - - 147
    - 643
  - - 148
    - 710
  - - 149
    - 732
  - - 150
    - 650
  - - 151
    - 666
  - - 152
    - 600
  - - 153
    - 650
  - - 154
    - 595
  - - 155
    - 598
  - - 156
    - 574
  - - 157
    - 562
  - - 158
    - 545
  - - 159
    - 560
  - - 160
    - 539
  - - 161
    - 504
  - - 162
    - 490
  - - 163
    - 480
  - - 164
    - 468
  - - 165
    - 461
  - - 166
    - 483
  - - 167
    - 440
  - - 168
    - 428
  - - 169
    - 404
  - - 170
    - 403
  - - 171
    - 442
  - - 172
    - 385
  - - 173
    - 345
  - - 174
    - 376
  - - 175
    - 372
  - - 176
    - 396
  - - 177
    - 356
  - - 178
    - 317
  - - 179
    - 336
  - - 180
    - 342
  - - 181
    - 329
  - - 182
    - 314
  - - 183
    - 348
  - - 184
    - 300
  - - 185
    - 293
  - - 186
    - 288
  - - 187
    - 290
  - - 188
    - 276
  - - 189
    - 292
  - - 190
    - 248
  - - 191
    - 255
  - - 192
    - 260
  - - 193
    - 275
  - - 194
    - 255
  - - 195
    - 250
  - - 196
    - 228
  - - 197
    - 231
  - - 198
    - 218
  - - 199
    - 240
  - - 200
    - 232
  - - 201
    - 223
  - - 202
    - 208
  - - 203
    - 222
  - - 204
    - 235
  - - 205
    - 205
  - - 206
    - 202
  - - 207
    - 227
  - - 208
    - 191
  - - 209
    - 193
  - - 210
    - 215
  - - 211
    - 165
  - - 212
    - 183
  - - 213
    - 179
  - - 214
    - 195
  - - 215
    - 180
  - - 216
    - 193
  - - 217
    - 179
  - - 218
    - 164
  - - 219
    - 147
  - - 220
    - 156
  - - 221
    - 143
  - - 222
    - 133
  - - 223
    - 135
  - - 224
    - 134
  - - 225
    - 133
  - - 226
    - 126
  - - 227
    - 139
  - - 228
    - 138
  - - 229
    - 104
  - - 230
    - 134
  - - 231
    - 136
  - - 232
    - 100
  - - 233
    - 136
  - - 234
    - 126
  - - 235
    - 111
  - - 236
    - 108
  - - 237
    - 111
  - - 238
    - 130
  - - 239
    - 118
  - - 240
    - 119
  - - 241
    - 99
  - - 242
    - 108
  - - 243
    - 102
  - - 244
    - 105
  - - 245
    - 116
  - - 246
    - 98
  - - 247
    - 110
  - - 248
    - 125
  - - 249
    - 105
  - - 250
    - 77
  - - 251
    - 82
  - - 252
    - 92
  - - 253
    - 79
  - - 254
    - 91
  - - 255
    - 87
  - - 256
    - 96
  - - 257
    - 95
  - - 258
    - 82
  - - 259
    - 89
  - - 260
    - 102
  - - 261
    - 82
  - - 262
    - 105
  - - 263
    - 85
  - - 264
    - 90
  - - 265
    - 70
  - - 266
    - 92
  - - 267
    - 97
  - - 268
    - 76
  - - 269
    - 85
  - - 270
    - 79
  - - 271
    - 90
  - - 272
    - 89
  - - 273
    - 89
  - - 274
    - 94
  - - 275
    - 68
  - - 276
    - 72
  - - 277
    - 68
  - - 278
    - 83
  - - 279
    - 65
  - - 280
    - 84
  - - 281
    - 72
  - - 282
    - 84
  - - 283
    - 71
  - - 284
    - 77
  - - 285
    - 76
  - - 286
    - 88
  - - 287
    - 76
  - - 288
    - 81
  - - 289
    - 75
  - - 290
    - 73
  - - 291
    - 69
  - - 292
    - 86
  - - 293
    - 73
  - - 294
    - 87
  - - 295
    - 75
  - - 296
    - 71
  - - 297
    - 72
  - - 298
    - 54
  - - 299
    - 53
  - - 300
    - 67
  - - 301
    - 66
  - - 302
    - 62
  - - 303
    - 80
  - - 304
    - 68
  - - 305
    - 89
  - - 306
    - 72
  - - 307
    - 66
  - - 308
    - 72
  - - 309
    - 61
  - - 310
    - 72
  - - 311
    - 68
  - - 312
    - 57
  - - 313
    - 61
  - - 314
    - 70
  - - 315
    - 57
  - - 316
    - 71
  - - 317
    - 57
  - - 318
    - 72
  - - 319
    - 68
  - - 320
    - 63
  - - 321
    - 57
  - - 322
    - 61
  - - 323
    - 75
  - - 324
    - 63
  - - 325
    - 44
  - - 326
    - 60
  - - 327
    - 72
  - - 328
    - 58
  - - 329
    - 58
  - - 330
    - 54
  - - 331
    - 64
  - - 332
    - 54
  - - 333
    - 76
  - - 334
    - 56
  - - 335
    - 58
  - - 336
    - 42
  - - 337
    - 66
  - - 338
    - 75
  - - 339
    - 62
  - - 340
    - 59
  - - 341
    - 62
  - - 342
    - 60
  - - 343
    - 64
  - - 344
    - 61
  - - 345
    - 63
  - - 346
    - 58
  - - 347
    - 57
  - - 348
    - 54
  - - 349
    - 65
  - - 350
    - 54
  - - 351
    - 63
  - - 352
    - 64
  - - 353
    - 54
  - - 354
    - 46
  - - 355
    - 64
  - - 356
    - 56
  - - 357
    - 69
  - - 358
    - 60
  - - 359
    - 74
  - - 360
    - 52
  - - 361
    - 55
  - - 362
    - 78
  - - 363
    - 62
  - - 364
    - 67
  - - 365
    - 63
  - - 366
    - 52
  - - 367
    - 57
  - - 368
    - 53
  - - 369
    - 51
  - - 370
    - 48
  - - 371
    - 43
  - - 372
    - 62
  - - 373
    - 53
  - - 374
    - 62
  - - 375
    - 59
  - - 376
    - 59
  - - 377
    - 61
  - - 378
    - 67
  - - 379
    - 49
  - - 380
    - 57
  - - 381
    - 55
  - - 382
    - 57
  - - 383
    - 63
  - - 384
    - 54
  - - 385
    - 50
  - - 386
    - 46
  - - 387
    - 52
  - - 388
    - 62
  - - 389
    - 53
  - - 390
    - 63
  - - 391
    - 47
  - - 392
    - 42
  - - 393
    - 61
  - - 394
    - 64
  - - 395
    - 66
  - - 396
    - 63
  - - 397
    - 63
  - - 398
    - 63
  - - 399
    - 49
  - - 400
    - 51
  - - 401
    - 47
  - - 402
    - 57
  - - 403
    - 56
  - - 404
    - 55
  - - 405
    - 49
  - - 406
    - 65
  - - 407
    - 68
  - - 408
    - 53
  - - 409
    - 54
  - - 410
    - 57
  - - 411
    - 53
  - - 412
    - 53
  - - 413
    - 51
  - - 414
    - 49
  - - 415
    - 53
  - - 416
    - 57
  - - 417
    - 48
  - - 418
    - 58
  - - 419
    - 56
  - - 420
    - 46
  - - 421
    - 41
  - - 422
    - 41
  - - 423
    - 46
  - - 424
    - 55
  - - 425
    - 38
  - - 426
    - 52
  - - 427
    - 56
  - - 428
    - 48
  - - 429
    - 65
  - - 430
    - 50
  - - 431
    - 50
  - - 432
    - 49
  - - 433
    - 48
  - - 434
    - 51
  - - 435
    - 48
  - - 436
    - 40
  - - 437
    - 40
  - - 438
    - 49
  - - 439
    - 44
  - - 440
    - 49
  - - 441
    - 40
  - - 442
    - 37
  - - 443
    - 38
  - - 444
    - 48
  - - 445
    - 36
  - - 446
    - 60
  - - 447
    - 45
  - - 448
    - 50
  - - 449
    - 45
  - - 450
    - 49
  - - 451
    - 45
  - - 452
    - 34
  - - 453
    - 50
  - - 454
    - 49
  - - 455
    - 41
  - - 456
    - 36
  - - 457
    - 35
  - - 458
    - 37
  - - 459
    - 45
  - - 460
    - 43
  - - 461
    - 52
  - - 462
    - 37
  - - 463
    - 36
  - - 464
    - 42
  - - 465
    - 44
  - - 466
    - 34
  - - 467
    - 43
  - - 468
    - 45
  - - 469
    - 38
  - - 470
    - 37
  - - 471
    - 39
  - - 472
    - 40
  - - 473
    - 38
  - - 474
    - 38
  - - 475
    - 46
  - - 476
    - 41
  - - 477
    - 38
  - - 478
    - 51
  - - 479
    - 48
  - - 480
    - 44
  - - 481
    - 35
  - - 482
    - 41
  - - 483
    - 46
  - - 484
    - 36
  - - 485
    - 44
  - - 486
    - 33
  - - 487
    - 29
  - - 488
    - 42
  - - 489
    - 45
  - - 490
    - 49
  - - 491
    - 36
  - - 492
    - 38
  - - 493
    - 54
  - - 494
    - 56
  - - 495
    - 38
  - - 496
    - 40
  - - 497
    - 36
  - - 498
    - 35
  - - 499
    - 38
  - - 500
    - 24
  - - 501
    - 36
  - - 502
    - 26
  - - 503
    - 37
  - - 504
    - 35
  - - 505
    - 40
  - - 506
    - 30
  - - 507
    - 43
  - - 508
    - 36
  - - 509
    - 31
  - - 510
    - 29
  - - 511
    - 27
  - - 512
    - 33
  - - 513
    - 29
  - - 514
    - 36
  - - 515
    - 35
  - - 516
    - 27
  - - 517
    - 38
  - - 518
    - 20
  - - 519
    - 25
  - - 520
    - 33
  - - 521
    - 30
  - - 522
    - 32
  - - 523
    - 27
  - - 524
    - 45
  - - 525
    - 41
  - - 526
    - 21
  - - 527
    - 32
  - - 528
    - 27
  - - 529
    - 26
  - - 530
    - 30
  - - 531
    - 24
  - - 532
    - 18
  - - 533
    - 38
  - - 534
    - 28
  - - 535
    - 25
  - - 536
    - 27
  - - 537
    - 26
  - - 538
    - 30
  - - 539
    - 20
  - - 540
    - 32
  - - 541
    - 26
  - - 542
    - 24
  - - 543
    - 30
  - - 544
    - 24
  - - 545
    - 31
  - - 546
    - 29
  - - 547
    - 24
  - - 548
    - 19
  - - 549
    - 23
  - - 550
    - 28
  - - 551
    - 24
  - - 552
    - 21
  - - 553
    - 24
  - - 554
    - 26
  - - 555
    - 20
  - - 556
    - 18
  - - 557
    - 23
  - - 558
    - 25
  - - 559
    - 23
  - - 560
    - 30
  - - 561
    - 32
  - - 562
    - 24
  - - 563
    - 19
  - - 564
    - 20
  - - 565
    - 29
  - - 566
    - 18
  - - 567
    - 20
  - - 568
    - 20
  - - 569
    - 26
  - - 570
    - 25
  - - 571
    - 14
  - - 572
    - 23
  - - 573
    - 26
  - - 574
    - 16
  - - 575
    - 19
  - - 576
    - 18
  - - 577
    - 25
  - - 578
    - 28
  - - 579
    - 7
  - - 580
    - 25
  - - 581
    - 18
  - - 582
    - 17
  - - 583
    - 15
  - - 584
    - 25
  - - 585
    - 17
  - - 586
    - 25
  - - 587
    - 21
  - - 588
    - 19
  - - 589
    - 10
  - - 590
    - 16
  - - 591
    - 26
  - - 592
    - 19
  - - 593
    - 18
  - - 594
    - 26
  - - 595
    - 9
  - - 596
    - 18
  - - 597
    - 23
  - - 598
    - 21
  - - 599
    - 14
  - - 600
    - 19
  - - 601
    - 16
  - - 602
    - 10
  - - 603
    - 19
  - - 604
    - 14
  - - 605
    - 18
  - - 606
    - 22
  - - 607
    - 16
  - - 608
    - 24
  - - 609
    - 13
  - - 610
    - 14
  - - 611
    - 14
  - - 612
    - 19
  - - 613
    - 15
  - - 614
    - 19
  - - 615
    - 14
  - - 616
    - 13
  - - 617
    - 8
  - - 618
    - 17
  - - 619
    - 10
  - - 620
    - 20
  - - 621
    - 18
  - - 622
    - 7
  - - 623
    - 18
  - - 624
    - 16
  - - 625
    - 9
  - - 626
    - 13
  - - 627
    - 14
  - - 628
    - 13
  - - 629
    - 21
  - - 630
    - 13
  - - 631
    - 12
  - - 632
    - 10
  - - 633
    - 14
  - - 634
    - 12
  - - 635
    - 16
  - - 636
    - 14
  - - 637
    - 11
  - - 638
    - 14
  - - 639
    - 12
  - - 640
    - 18
  - - 641
    - 14
  - - 642
    - 17
  - - 643
    - 16
  - - 644
    - 12
  - - 645
    - 15
  - - 646
    - 16
  - - 647
    - 9
  - - 648
    - 14
  - - 649
    - 14
  - - 650
    - 16
  - - 651
    - 16
  - - 652
    - 19
  - - 653
    - 15
  - - 654
    - 8
  - - 655
    - 15
  - - 656
    - 14
  - - 657
    - 10
  - - 658
    - 14
  - - 659
    - 11
  - - 660
    - 9
  - - 661
    - 13
  - - 662
    - 13
  - - 663
    - 11
  - - 664
    - 13
  - - 665
    - 12
  - - 666
    - 6
  - - 667
    - 9
  - - 668
    - 14
  - - 669
    - 14
  - - 670
    - 13
  - - 671
    - 10
  - - 672
    - 13
  - - 673
    - 13
  - - 674
    - 8
  - - 675
    - 10
  - - 676
    - 8
  - - 677
    - 10
  - - 678
    - 12
  - - 679
    - 13
  - - 680
    - 9
  - - 681
    - 11
  - - 682
    - 13
  - - 683
    - 9
  - - 684
    - 15
  - - 685
    - 11
  - - 686
    - 12
  - - 687
    - 11
  - - 688
    - 14
  - - 689
    - 11
  - - 690
    - 7
  - - 691
    - 11
  - - 692
    - 12
  - - 693
    - 13
  - - 694
    - 8
  - - 695
    - 9
  - - 696
    - 8
  - - 697
    - 6
  - - 698
    - 9
  - - 699
    - 10
  - - 700
    - 11
  - - 701
    - 10
  - - 702
    - 9
  - - 703
    - 8
  - - 704
    - 8
  - - 705
    - 10
  - - 706
    - 6
  - - 707
    - 7
  - - 708
    - 11
  - - 709
    - 6
  - - 710
    - 6
  - - 711
    - 11
  - - 712
    - 8
  - - 713
    - 6
  - - 714
    - 9
  - - 715
    - 6
  - - 716
    - 7
  - - 717
    - 6
  - - 718
    - 17
  - - 719
    - 12
  - - 720
    - 10
  - - 721
    - 7
  - - 722
    - 11
  - - 723
    - 13
  - - 724
    - 9
  - - 725
    - 6
  - - 726
    - 7
  - - 727
    - 13
  - - 728
    - 5
  - - 729
    - 5
  - - 730
    - 10
  - - 731
    - 6
  - - 732
    - 6
  - - 733
    - 11
  - - 734
    - 10
  - - 735
    - 8
  - - 736
    - 8
  - - 737
    - 8
  - - 738
    - 9
  - - 739
    - 7
  - - 740
    - 9
  - - 741
    - 5
  - - 742
    - 7
  - - 743
    - 5
  - - 744
    - 12
  - - 745
    - 4
  - - 746
    - 5
  - - 747
    - 6
  - - 748
    - 7
  - - 749
    - 5
  - - 750
    - 11
  - - 751
    - 7
  - - 752
    - 5
  - - 753
    - 17
  - - 754
    - 2
  - - 755
    - 7
  - - 756
    - 9
  - - 757
    - 4
  - - 758
    - 4
  - - 759
    - 8
  - - 760
    - 12
  - - 761
    - 6
  - - 762
    - 8
  - - 763
    - 6
  - - 764
    - 7
  - - 765
    - 3
  - - 766
    - 6
  - - 767
    - 12
  - - 768
    - 10
  - - 769
    - 2
  - - 770
    - 9
  - - 771
    - 12
  - - 772
    - 8
  - - 773
    - 7
  - - 774
    - 2
  - - 775
    - 6
  - - 776
    - 5
  - - 777
    - 4
  - - 778
    - 4
  - - 779
    - 9
  - - 780
    - 8
  - - 781
    - 10
  - - 782
    - 8
  - - 783
    - 2
  - - 784
    - 3
  - - 785
    - 8
  - - 786
    - 5
  - - 787
    - 6
  - - 788
    - 10
  - - 789
    - 7
  - - 790
    - 13
  - - 791
    - 5
  - - 792
    - 4
  - - 793
    - 7
  - - 794
    - 3
  - - 795
    - 7
  - - 796
    - 4
  - - 797
    - 4
  - - 798
    - 5
  - - 799
    - 5
  - - 800
    - 4
  - - 801
    - 3
  - - 802
    - 7
  - - 803
    - 4
  - - 804
    - 10
  - - 805
    - 7
  - - 806
    - 3
  - - 807
    - 6
  - - 808
    - 4
  - - 809
    - 5
  - - 810
    - 3
  - - 811
    - 5
  - - 812
    - 4
  - - 813
    - 2
  - - 814
    - 4
  - - 815
    - 4
  - - 816
    - 3
  - - 817
    - 2
  - - 818
    - 3
  - - 819
    - 7
  - - 820
    - 4
  - - 821
    - 2
  - - 822
    - 3
  - - 823
    - 9
  - - 824
    - 7
  - - 825
    - 3
  - - 826
    - 3
  - - 827
    - 6
  - - 828
    - 5
  - - 829
    - 4
  - - 830
    - 3
  - - 831
    - 5
  - - 832
    - 4
  - - 833
    - 4
  - - 834
    - 7
  - - 835
    - 5
  - - 836
    - 4
  - - 837
    - 5
  - - 838
    - 8
  - - 839
    - 1
  - - 840
    - 5
  - - 841
    - 4
  - - 842
    - 7
  - - 843
    - 2
  - - 844
    - 1
  - - 845
    - 1
  - - 846
    - 7
  - - 847
    - 2
  - - 848
    - 7
  - - 849
    - 2
  - - 850
    - 5
  - - 851
    - 7
  - - 853
    - 1
  - - 854
    - 3
  - - 855
    - 1
  - - 856
    - 3
  - - 857
    - 3
  - - 858
    - 4
  - - 859
    - 3
  - - 861
    - 3
  - - 862
    - 4
  - - 863
    - 4
  - - 864
    - 2
  - - 865
    - 3
  - - 866
    - 1
  - - 867
    - 2
  - - 868
    - 3
  - - 869
    - 2
  - - 870
    - 1
  - - 871
    - 3
  - - 872
    - 2
  - - 873
    - 5
  - - 874
    - 2
  - - 877
    - 3
  - - 878
    - 2
  - - 879
    - 1
  - - 880
    - 2
  - - 881
    - 4
  - - 882
    - 1
  - - 883
    - 2
  - - 884
    - 2
  - - 886
    - 2
  - - 887
    - 2
  - - 888
    - 3
  - - 889
    - 2
  - - 890
    - 3
  - - 892
    - 1
  - - 893
    - 4
  - - 894
    - 6
  - - 895
    - 1
  - - 897
    - 3
  - - 899
    - 3
  - - 900
    - 3
  - - 901
    - 3
  - - 902
    - 2
  - - 904
    - 1
  - - 906
    - 1
  - - 907
    - 1
  - - 908
    - 1
  - - 909
    - 1
  - - 910
    - 4
  - - 911
    - 4
  - - 912
    - 1
  - - 913
    - 4
  - - 914
    - 2
  - - 915
    - 3
  - - 916
    - 1
  - - 917
    - 1
  - - 918
    - 4
  - - 919
    - 1
  - - 920
    - 3
  - - 921
    - 2
  - - 922
    - 1
  - - 923
    - 1
  - - 925
    - 1
  - - 927
    - 1
  - - 928
    - 4
  - - 929
    - 2
  - - 931
    - 2
  - - 932
    - 1
  - - 933
    - 4
  - - 934
    - 2
  - - 936
    - 1
  - - 937
    - 3
  - - 938
    - 1
  - - 939
    - 2
  - - 940
    - 3
  - - 942
    - 2
  - - 944
    - 2
  - - 947
    - 1
  - - 948
    - 1
  - - 950
    - 3
  - - 953
    - 1
  - - 954
    - 2
  - - 955
    - 1
  - - 957
    - 1
  - - 959
    - 3
  - - 960
    - 3
  - - 961
    - 1
  - - 963
    - 1
  - - 964
    - 2
  - - 967
    - 3
  - - 968
    - 2
  - - 969
    - 2
  - - 972
    - 1
  - - 974
    - 1
  - - 975
    - 1
  - - 976
    - 2
  - - 982
    - 1
  - - 985
    - 2
  - - 986
    - 2
  - - 987
    - 1
  - - 988
    - 2
  - - 989
    - 2
  - - 990
    - 1
  - - 992
    - 2
  - - 993
    - 1
  - - 994
    - 1
  - - 995
    - 1
  - - 996
    - 1
  - - 997
    - 3
  - - 998
    - 2
  - - 999
    - 1
  - - 1000
    - 1
  - - 1001
    - 2
  - - 1005
    - 1
  - - 1009
    - 1
  - - 1012
    - 2
  - - 1014
    - 2
  - - 1015
    - 3
  - - 1016
    - 1
  - - 1018
    - 2
  - - 1019
    - 1
  - - 1020
    - 3
  - - 1023
    - 1
  - - 1027
    - 3
  - - 1028
    - 2
  - - 1030
    - 1
  - - 1031
    - 1
  - - 1032
    - 1
  - - 1037
    - 1
  - - 1043
    - 4
  - - 1044
    - 1
  - - 1047
    - 1
  - - 1051
    - 1
  - - 1053
    - 1
  - - 1066
    - 1
  - - 1069
    - 1
  - - 1071
    - 1
  - - 1074
    - 1
  - - 1079
    - 1
  - - 1082
    - 1
  - - 1084
    - 1
  - - 1085
    - 1
  - - 1087
    - 1
  - - 1090
    - 1
  - - 1094
    - 3
  - - 1098
    - 1
  - - 1099
    - 1
  - - 1104
    - 1
  - - 1108
    - 1
  - - 1109
    - 1
  - - 1119
    - 1
  - - 1125
    - 1
  - - 1154
    - 1
  - - 1168
    - 1
  - - 1173
    - 2
  - - 1219
    - 1
  - - 1241
    - 1
  - - 1242
    - 1
  - - 1299
    - 1
  - - 1352
    - 1
  - - 1418
    - 1
  - - 1422
    - 1
  - - 1517
    - 1
  - - 1571
    - 1
  - - 1843
    - 1
  - - 1963
    - 1
  latency_50_percentile: 82.0
  latency_95_percentile: 333.0
  latency_99_5_percentile: 692.0
  latency_99_percentile: 593.0
  max_kubedns_cpu: 576
  max_kubedns_memory: 30
  max_latency: 1.963948
  max_perfserver_cpu: 0
  max_perfserver_memory: 0
  min_latency: 0.001362
  msg: null
  ok: true
  qps: 902.899766
  queries_completed: 270933
  queries_lost: 0
  queries_sent: 270933
  run_time: 300.069853
  stddev_latency: 0.109518
params:
  max_qps: null
  pod_name: dns-perf-client-858fb7568b-pdnw7
  query_file: all-queries.txt
  run_id: 1777677315
  run_length_seconds: 300
  run_subid: 0
stderr:
- ''
stdout:
- DNS Performance Testing Tool
- Nominum Version 2.1.0.0
- ''
- '[Status] Command line: dnsperf -s 10.0.0.10 -l 300 -d /queries/all-queries.txt'
- '[Status] Sending queries (to 10.0.0.10)'
- '[Status] Started at: Fri May  1 23:15:52 2026'
- '[Status] Stopping after 300.000000 seconds'
- '[Status] Testing complete (time limit)'
- ''
- 'Statistics:'
- ''
- '  Queries sent:         270933'
- '  Queries completed:    270933 (100.00%)'
- '  Queries lost:         0 (0.00%)'
- ''
- '  Response codes:       NOERROR 32511 (12.00%), NXDOMAIN 238422 (88.00%)'
- '  Average packet size:  request 38, response 122'
- '  Run time (s):         300.069853'
- '  Queries per second:   902.899766'
- ''
- '  Average Latency (s):  0.110587 (min 0.001362, max 1.963948)'
- '  Latency StdDev (s):   0.109518'
- ''
- '  Latency histogram'
- '#histogram 0 0'
- '#histogram 1 67'
- '#histogram 2 318'
- '#histogram 3 533'
- '#histogram 4 668'
- '#histogram 5 803'
- '#histogram 6 784'
- '#histogram 7 894'
- '#histogram 8 875'
- '#histogram 9 833'
- '#histogram 10 906'
- '#histogram 11 945'
- '#histogram 12 926'
- '#histogram 13 957'
- '#histogram 14 1019'
- '#histogram 15 1039'
- '#histogram 16 1064'
- '#histogram 17 1076'
- '#histogram 18 1095'
- '#histogram 19 1153'
- '#histogram 20 1172'
- '#histogram 21 1218'
- '#histogram 22 1230'
- '#histogram 23 1293'
- '#histogram 24 1324'
- '#histogram 25 1261'
- '#histogram 26 1349'
- '#histogram 27 1403'
- '#histogram 28 1344'
- '#histogram 29 1423'
- '#histogram 30 1535'
- '#histogram 31 1534'
- '#histogram 32 1534'
- '#histogram 33 1581'
- '#histogram 34 1681'
- '#histogram 35 1653'
- '#histogram 36 1727'
- '#histogram 37 1667'
- '#histogram 38 1814'
- '#histogram 39 1814'
- '#histogram 40 1850'
- '#histogram 41 1922'
- '#histogram 42 1849'
- '#histogram 43 1870'
- '#histogram 44 1934'
- '#histogram 45 1878'
- '#histogram 46 2024'
- '#histogram 47 1991'
- '#histogram 48 2067'
- '#histogram 49 2144'
- '#histogram 50 2037'
- '#histogram 51 2045'
- '#histogram 52 2174'
- '#histogram 53 2177'
- '#histogram 54 2156'
- '#histogram 55 2170'
- '#histogram 56 2177'
- '#histogram 57 2229'
- '#histogram 58 2081'
- '#histogram 59 2205'
- '#histogram 60 2206'
- '#histogram 61 2198'
- '#histogram 62 2181'
- '#histogram 63 2226'
- '#histogram 64 2140'
- '#histogram 65 2203'
- '#histogram 66 2214'
- '#histogram 67 2263'
- '#histogram 68 2281'
- '#histogram 69 2244'
- '#histogram 70 2278'
- '#histogram 71 2102'
- '#histogram 72 2022'
- '#histogram 73 2133'
- '#histogram 74 2217'
- '#histogram 75 2082'
- '#histogram 76 2099'
- '#histogram 77 2126'
- '#histogram 78 2190'
- '#histogram 79 2078'
- '#histogram 80 2051'
- '#histogram 81 2021'
- '#histogram 82 2063'
- '#histogram 83 1997'
- '#histogram 84 1994'
- '#histogram 85 1965'
- '#histogram 86 2008'
- '#histogram 87 1919'
- '#histogram 88 1942'
- '#histogram 89 1922'
- '#histogram 90 1861'
- '#histogram 91 1819'
- '#histogram 92 1800'
- '#histogram 93 1787'
- '#histogram 94 1804'
- '#histogram 95 1731'
- '#histogram 96 1786'
- '#histogram 97 1771'
- '#histogram 98 1709'
- '#histogram 99 1769'
- '#histogram 100 1683'
- '#histogram 101 1611'
- '#histogram 102 1648'
- '#histogram 103 1591'
- '#histogram 104 1598'
- '#histogram 105 1594'
- '#histogram 106 1471'
- '#histogram 107 1489'
- '#histogram 108 1452'
- '#histogram 109 1408'
- '#histogram 110 1479'
- '#histogram 111 1370'
- '#histogram 112 1323'
- '#histogram 113 1335'
- '#histogram 114 1286'
- '#histogram 115 1339'
- '#histogram 116 1332'
- '#histogram 117 1266'
- '#histogram 118 1300'
- '#histogram 119 1126'
- '#histogram 120 1188'
- '#histogram 121 1184'
- '#histogram 122 1123'
- '#histogram 123 1087'
- '#histogram 124 1082'
- '#histogram 125 1108'
- '#histogram 126 1101'
- '#histogram 127 1033'
- '#histogram 128 1018'
- '#histogram 129 952'
- '#histogram 130 999'
- '#histogram 131 919'
- '#histogram 132 935'
- '#histogram 133 892'
- '#histogram 134 929'
- '#histogram 135 896'
- '#histogram 136 869'
- '#histogram 137 844'
- '#histogram 138 834'
- '#histogram 139 835'
- '#histogram 140 786'
- '#histogram 141 778'
- '#histogram 142 769'
- '#histogram 143 795'
- '#histogram 144 735'
- '#histogram 145 744'
- '#histogram 146 692'
- '#histogram 147 643'
- '#histogram 148 710'
- '#histogram 149 732'
- '#histogram 150 650'
- '#histogram 151 666'
- '#histogram 152 600'
- '#histogram 153 650'
- '#histogram 154 595'
- '#histogram 155 598'
- '#histogram 156 574'
- '#histogram 157 562'
- '#histogram 158 545'
- '#histogram 159 560'
- '#histogram 160 539'
- '#histogram 161 504'
- '#histogram 162 490'
- '#histogram 163 480'
- '#histogram 164 468'
- '#histogram 165 461'
- '#histogram 166 483'
- '#histogram 167 440'
- '#histogram 168 428'
- '#histogram 169 404'
- '#histogram 170 403'
- '#histogram 171 442'
- '#histogram 172 385'
- '#histogram 173 345'
- '#histogram 174 376'
- '#histogram 175 372'
- '#histogram 176 396'
- '#histogram 177 356'
- '#histogram 178 317'
- '#histogram 179 336'
- '#histogram 180 342'
- '#histogram 181 329'
- '#histogram 182 314'
- '#histogram 183 348'
- '#histogram 184 300'
- '#histogram 185 293'
- '#histogram 186 288'
- '#histogram 187 290'
- '#histogram 188 276'
- '#histogram 189 292'
- '#histogram 190 248'
- '#histogram 191 255'
- '#histogram 192 260'
- '#histogram 193 275'
- '#histogram 194 255'
- '#histogram 195 250'
- '#histogram 196 228'
- '#histogram 197 231'
- '#histogram 198 218'
- '#histogram 199 240'
- '#histogram 200 232'
- '#histogram 201 223'
- '#histogram 202 208'
- '#histogram 203 222'
- '#histogram 204 235'
- '#histogram 205 205'
- '#histogram 206 202'
- '#histogram 207 227'
- '#histogram 208 191'
- '#histogram 209 193'
- '#histogram 210 215'
- '#histogram 211 165'
- '#histogram 212 183'
- '#histogram 213 179'
- '#histogram 214 195'
- '#histogram 215 180'
- '#histogram 216 193'
- '#histogram 217 179'
- '#histogram 218 164'
- '#histogram 219 147'
- '#histogram 220 156'
- '#histogram 221 143'
- '#histogram 222 133'
- '#histogram 223 135'
- '#histogram 224 134'
- '#histogram 225 133'
- '#histogram 226 126'
- '#histogram 227 139'
- '#histogram 228 138'
- '#histogram 229 104'
- '#histogram 230 134'
- '#histogram 231 136'
- '#histogram 232 100'
- '#histogram 233 136'
- '#histogram 234 126'
- '#histogram 235 111'
- '#histogram 236 108'
- '#histogram 237 111'
- '#histogram 238 130'
- '#histogram 239 118'
- '#histogram 240 119'
- '#histogram 241 99'
- '#histogram 242 108'
- '#histogram 243 102'
- '#histogram 244 105'
- '#histogram 245 116'
- '#histogram 246 98'
- '#histogram 247 110'
- '#histogram 248 125'
- '#histogram 249 105'
- '#histogram 250 77'
- '#histogram 251 82'
- '#histogram 252 92'
- '#histogram 253 79'
- '#histogram 254 91'
- '#histogram 255 87'
- '#histogram 256 96'
- '#histogram 257 95'
- '#histogram 258 82'
- '#histogram 259 89'
- '#histogram 260 102'
- '#histogram 261 82'
- '#histogram 262 105'
- '#histogram 263 85'
- '#histogram 264 90'
- '#histogram 265 70'
- '#histogram 266 92'
- '#histogram 267 97'
- '#histogram 268 76'
- '#histogram 269 85'
- '#histogram 270 79'
- '#histogram 271 90'
- '#histogram 272 89'
- '#histogram 273 89'
- '#histogram 274 94'
- '#histogram 275 68'
- '#histogram 276 72'
- '#histogram 277 68'
- '#histogram 278 83'
- '#histogram 279 65'
- '#histogram 280 84'
- '#histogram 281 72'
- '#histogram 282 84'
- '#histogram 283 71'
- '#histogram 284 77'
- '#histogram 285 76'
- '#histogram 286 88'
- '#histogram 287 76'
- '#histogram 288 81'
- '#histogram 289 75'
- '#histogram 290 73'
- '#histogram 291 69'
- '#histogram 292 86'
- '#histogram 293 73'
- '#histogram 294 87'
- '#histogram 295 75'
- '#histogram 296 71'
- '#histogram 297 72'
- '#histogram 298 54'
- '#histogram 299 53'
- '#histogram 300 67'
- '#histogram 301 66'
- '#histogram 302 62'
- '#histogram 303 80'
- '#histogram 304 68'
- '#histogram 305 89'
- '#histogram 306 72'
- '#histogram 307 66'
- '#histogram 308 72'
- '#histogram 309 61'
- '#histogram 310 72'
- '#histogram 311 68'
- '#histogram 312 57'
- '#histogram 313 61'
- '#histogram 314 70'
- '#histogram 315 57'
- '#histogram 316 71'
- '#histogram 317 57'
- '#histogram 318 72'
- '#histogram 319 68'
- '#histogram 320 63'
- '#histogram 321 57'
- '#histogram 322 61'
- '#histogram 323 75'
- '#histogram 324 63'
- '#histogram 325 44'
- '#histogram 326 60'
- '#histogram 327 72'
- '#histogram 328 58'
- '#histogram 329 58'
- '#histogram 330 54'
- '#histogram 331 64'
- '#histogram 332 54'
- '#histogram 333 76'
- '#histogram 334 56'
- '#histogram 335 58'
- '#histogram 336 42'
- '#histogram 337 66'
- '#histogram 338 75'
- '#histogram 339 62'
- '#histogram 340 59'
- '#histogram 341 62'
- '#histogram 342 60'
- '#histogram 343 64'
- '#histogram 344 61'
- '#histogram 345 63'
- '#histogram 346 58'
- '#histogram 347 57'
- '#histogram 348 54'
- '#histogram 349 65'
- '#histogram 350 54'
- '#histogram 351 63'
- '#histogram 352 64'
- '#histogram 353 54'
- '#histogram 354 46'
- '#histogram 355 64'
- '#histogram 356 56'
- '#histogram 357 69'
- '#histogram 358 60'
- '#histogram 359 74'
- '#histogram 360 52'
- '#histogram 361 55'
- '#histogram 362 78'
- '#histogram 363 62'
- '#histogram 364 67'
- '#histogram 365 63'
- '#histogram 366 52'
- '#histogram 367 57'
- '#histogram 368 53'
- '#histogram 369 51'
- '#histogram 370 48'
- '#histogram 371 43'
- '#histogram 372 62'
- '#histogram 373 53'
- '#histogram 374 62'
- '#histogram 375 59'
- '#histogram 376 59'
- '#histogram 377 61'
- '#histogram 378 67'
- '#histogram 379 49'
- '#histogram 380 57'
- '#histogram 381 55'
- '#histogram 382 57'
- '#histogram 383 63'
- '#histogram 384 54'
- '#histogram 385 50'
- '#histogram 386 46'
- '#histogram 387 52'
- '#histogram 388 62'
- '#histogram 389 53'
- '#histogram 390 63'
- '#histogram 391 47'
- '#histogram 392 42'
- '#histogram 393 61'
- '#histogram 394 64'
- '#histogram 395 66'
- '#histogram 396 63'
- '#histogram 397 63'
- '#histogram 398 63'
- '#histogram 399 49'
- '#histogram 400 51'
- '#histogram 401 47'
- '#histogram 402 57'
- '#histogram 403 56'
- '#histogram 404 55'
- '#histogram 405 49'
- '#histogram 406 65'
- '#histogram 407 68'
- '#histogram 408 53'
- '#histogram 409 54'
- '#histogram 410 57'
- '#histogram 411 53'
- '#histogram 412 53'
- '#histogram 413 51'
- '#histogram 414 49'
- '#histogram 415 53'
- '#histogram 416 57'
- '#histogram 417 48'
- '#histogram 418 58'
- '#histogram 419 56'
- '#histogram 420 46'
- '#histogram 421 41'
- '#histogram 422 41'
- '#histogram 423 46'
- '#histogram 424 55'
- '#histogram 425 38'
- '#histogram 426 52'
- '#histogram 427 56'
- '#histogram 428 48'
- '#histogram 429 65'
- '#histogram 430 50'
- '#histogram 431 50'
- '#histogram 432 49'
- '#histogram 433 48'
- '#histogram 434 51'
- '#histogram 435 48'
- '#histogram 436 40'
- '#histogram 437 40'
- '#histogram 438 49'
- '#histogram 439 44'
- '#histogram 440 49'
- '#histogram 441 40'
- '#histogram 442 37'
- '#histogram 443 38'
- '#histogram 444 48'
- '#histogram 445 36'
- '#histogram 446 60'
- '#histogram 447 45'
- '#histogram 448 50'
- '#histogram 449 45'
- '#histogram 450 49'
- '#histogram 451 45'
- '#histogram 452 34'
- '#histogram 453 50'
- '#histogram 454 49'
- '#histogram 455 41'
- '#histogram 456 36'
- '#histogram 457 35'
- '#histogram 458 37'
- '#histogram 459 45'
- '#histogram 460 43'
- '#histogram 461 52'
- '#histogram 462 37'
- '#histogram 463 36'
- '#histogram 464 42'
- '#histogram 465 44'
- '#histogram 466 34'
- '#histogram 467 43'
- '#histogram 468 45'
- '#histogram 469 38'
- '#histogram 470 37'
- '#histogram 471 39'
- '#histogram 472 40'
- '#histogram 473 38'
- '#histogram 474 38'
- '#histogram 475 46'
- '#histogram 476 41'
- '#histogram 477 38'
- '#histogram 478 51'
- '#histogram 479 48'
- '#histogram 480 44'
- '#histogram 481 35'
- '#histogram 482 41'
- '#histogram 483 46'
- '#histogram 484 36'
- '#histogram 485 44'
- '#histogram 486 33'
- '#histogram 487 29'
- '#histogram 488 42'
- '#histogram 489 45'
- '#histogram 490 49'
- '#histogram 491 36'
- '#histogram 492 38'
- '#histogram 493 54'
- '#histogram 494 56'
- '#histogram 495 38'
- '#histogram 496 40'
- '#histogram 497 36'
- '#histogram 498 35'
- '#histogram 499 38'
- '#histogram 500 24'
- '#histogram 501 36'
- '#histogram 502 26'
- '#histogram 503 37'
- '#histogram 504 35'
- '#histogram 505 40'
- '#histogram 506 30'
- '#histogram 507 43'
- '#histogram 508 36'
- '#histogram 509 31'
- '#histogram 510 29'
- '#histogram 511 27'
- '#histogram 512 33'
- '#histogram 513 29'
- '#histogram 514 36'
- '#histogram 515 35'
- '#histogram 516 27'
- '#histogram 517 38'
- '#histogram 518 20'
- '#histogram 519 25'
- '#histogram 520 33'
- '#histogram 521 30'
- '#histogram 522 32'
- '#histogram 523 27'
- '#histogram 524 45'
- '#histogram 525 41'
- '#histogram 526 21'
- '#histogram 527 32'
- '#histogram 528 27'
- '#histogram 529 26'
- '#histogram 530 30'
- '#histogram 531 24'
- '#histogram 532 18'
- '#histogram 533 38'
- '#histogram 534 28'
- '#histogram 535 25'
- '#histogram 536 27'
- '#histogram 537 26'
- '#histogram 538 30'
- '#histogram 539 20'
- '#histogram 540 32'
- '#histogram 541 26'
- '#histogram 542 24'
- '#histogram 543 30'
- '#histogram 544 24'
- '#histogram 545 31'
- '#histogram 546 29'
- '#histogram 547 24'
- '#histogram 548 19'
- '#histogram 549 23'
- '#histogram 550 28'
- '#histogram 551 24'
- '#histogram 552 21'
- '#histogram 553 24'
- '#histogram 554 26'
- '#histogram 555 20'
- '#histogram 556 18'
- '#histogram 557 23'
- '#histogram 558 25'
- '#histogram 559 23'
- '#histogram 560 30'
- '#histogram 561 32'
- '#histogram 562 24'
- '#histogram 563 19'
- '#histogram 564 20'
- '#histogram 565 29'
- '#histogram 566 18'
- '#histogram 567 20'
- '#histogram 568 20'
- '#histogram 569 26'
- '#histogram 570 25'
- '#histogram 571 14'
- '#histogram 572 23'
- '#histogram 573 26'
- '#histogram 574 16'
- '#histogram 575 19'
- '#histogram 576 18'
- '#histogram 577 25'
- '#histogram 578 28'
- '#histogram 579 7'
- '#histogram 580 25'
- '#histogram 581 18'
- '#histogram 582 17'
- '#histogram 583 15'
- '#histogram 584 25'
- '#histogram 585 17'
- '#histogram 586 25'
- '#histogram 587 21'
- '#histogram 588 19'
- '#histogram 589 10'
- '#histogram 590 16'
- '#histogram 591 26'
- '#histogram 592 19'
- '#histogram 593 18'
- '#histogram 594 26'
- '#histogram 595 9'
- '#histogram 596 18'
- '#histogram 597 23'
- '#histogram 598 21'
- '#histogram 599 14'
- '#histogram 600 19'
- '#histogram 601 16'
- '#histogram 602 10'
- '#histogram 603 19'
- '#histogram 604 14'
- '#histogram 605 18'
- '#histogram 606 22'
- '#histogram 607 16'
- '#histogram 608 24'
- '#histogram 609 13'
- '#histogram 610 14'
- '#histogram 611 14'
- '#histogram 612 19'
- '#histogram 613 15'
- '#histogram 614 19'
- '#histogram 615 14'
- '#histogram 616 13'
- '#histogram 617 8'
- '#histogram 618 17'
- '#histogram 619 10'
- '#histogram 620 20'
- '#histogram 621 18'
- '#histogram 622 7'
- '#histogram 623 18'
- '#histogram 624 16'
- '#histogram 625 9'
- '#histogram 626 13'
- '#histogram 627 14'
- '#histogram 628 13'
- '#histogram 629 21'
- '#histogram 630 13'
- '#histogram 631 12'
- '#histogram 632 10'
- '#histogram 633 14'
- '#histogram 634 12'
- '#histogram 635 16'
- '#histogram 636 14'
- '#histogram 637 11'
- '#histogram 638 14'
- '#histogram 639 12'
- '#histogram 640 18'
- '#histogram 641 14'
- '#histogram 642 17'
- '#histogram 643 16'
- '#histogram 644 12'
- '#histogram 645 15'
- '#histogram 646 16'
- '#histogram 647 9'
- '#histogram 648 14'
- '#histogram 649 14'
- '#histogram 650 16'
- '#histogram 651 16'
- '#histogram 652 19'
- '#histogram 653 15'
- '#histogram 654 8'
- '#histogram 655 15'
- '#histogram 656 14'
- '#histogram 657 10'
- '#histogram 658 14'
- '#histogram 659 11'
- '#histogram 660 9'
- '#histogram 661 13'
- '#histogram 662 13'
- '#histogram 663 11'
- '#histogram 664 13'
- '#histogram 665 12'
- '#histogram 666 6'
- '#histogram 667 9'
- '#histogram 668 14'
- '#histogram 669 14'
- '#histogram 670 13'
- '#histogram 671 10'
- '#histogram 672 13'
- '#histogram 673 13'
- '#histogram 674 8'
- '#histogram 675 10'
- '#histogram 676 8'
- '#histogram 677 10'
- '#histogram 678 12'
- '#histogram 679 13'
- '#histogram 680 9'
- '#histogram 681 11'
- '#histogram 682 13'
- '#histogram 683 9'
- '#histogram 684 15'
- '#histogram 685 11'
- '#histogram 686 12'
- '#histogram 687 11'
- '#histogram 688 14'
- '#histogram 689 11'
- '#histogram 690 7'
- '#histogram 691 11'
- '#histogram 692 12'
- '#histogram 693 13'
- '#histogram 694 8'
- '#histogram 695 9'
- '#histogram 696 8'
- '#histogram 697 6'
- '#histogram 698 9'
- '#histogram 699 10'
- '#histogram 700 11'
- '#histogram 701 10'
- '#histogram 702 9'
- '#histogram 703 8'
- '#histogram 704 8'
- '#histogram 705 10'
- '#histogram 706 6'
- '#histogram 707 7'
- '#histogram 708 11'
- '#histogram 709 6'
- '#histogram 710 6'
- '#histogram 711 11'
- '#histogram 712 8'
- '#histogram 713 6'
- '#histogram 714 9'
- '#histogram 715 6'
- '#histogram 716 7'
- '#histogram 717 6'
- '#histogram 718 17'
- '#histogram 719 12'
- '#histogram 720 10'
- '#histogram 721 7'
- '#histogram 722 11'
- '#histogram 723 13'
- '#histogram 724 9'
- '#histogram 725 6'
- '#histogram 726 7'
- '#histogram 727 13'
- '#histogram 728 5'
- '#histogram 729 5'
- '#histogram 730 10'
- '#histogram 731 6'
- '#histogram 732 6'
- '#histogram 733 11'
- '#histogram 734 10'
- '#histogram 735 8'
- '#histogram 736 8'
- '#histogram 737 8'
- '#histogram 738 9'
- '#histogram 739 7'
- '#histogram 740 9'
- '#histogram 741 5'
- '#histogram 742 7'
- '#histogram 743 5'
- '#histogram 744 12'
- '#histogram 745 4'
- '#histogram 746 5'
- '#histogram 747 6'
- '#histogram 748 7'
- '#histogram 749 5'
- '#histogram 750 11'
- '#histogram 751 7'
- '#histogram 752 5'
- '#histogram 753 17'
- '#histogram 754 2'
- '#histogram 755 7'
- '#histogram 756 9'
- '#histogram 757 4'
- '#histogram 758 4'
- '#histogram 759 8'
- '#histogram 760 12'
- '#histogram 761 6'
- '#histogram 762 8'
- '#histogram 763 6'
- '#histogram 764 7'
- '#histogram 765 3'
- '#histogram 766 6'
- '#histogram 767 12'
- '#histogram 768 10'
- '#histogram 769 2'
- '#histogram 770 9'
- '#histogram 771 12'
- '#histogram 772 8'
- '#histogram 773 7'
- '#histogram 774 2'
- '#histogram 775 6'
- '#histogram 776 5'
- '#histogram 777 4'
- '#histogram 778 4'
- '#histogram 779 9'
- '#histogram 780 8'
- '#histogram 781 10'
- '#histogram 782 8'
- '#histogram 783 2'
- '#histogram 784 3'
- '#histogram 785 8'
- '#histogram 786 5'
- '#histogram 787 6'
- '#histogram 788 10'
- '#histogram 789 7'
- '#histogram 790 13'
- '#histogram 791 5'
- '#histogram 792 4'
- '#histogram 793 7'
- '#histogram 794 3'
- '#histogram 795 7'
- '#histogram 796 4'
- '#histogram 797 4'
- '#histogram 798 5'
- '#histogram 799 5'
- '#histogram 800 4'
- '#histogram 801 3'
- '#histogram 802 7'
- '#histogram 803 4'
- '#histogram 804 10'
- '#histogram 805 7'
- '#histogram 806 3'
- '#histogram 807 6'
- '#histogram 808 4'
- '#histogram 809 5'
- '#histogram 810 3'
- '#histogram 811 5'
- '#histogram 812 4'
- '#histogram 813 2'
- '#histogram 814 4'
- '#histogram 815 4'
- '#histogram 816 3'
- '#histogram 817 2'
- '#histogram 818 3'
- '#histogram 819 7'
- '#histogram 820 4'
- '#histogram 821 2'
- '#histogram 822 3'
- '#histogram 823 9'
- '#histogram 824 7'
- '#histogram 825 3'
- '#histogram 826 3'
- '#histogram 827 6'
- '#histogram 828 5'
- '#histogram 829 4'
- '#histogram 830 3'
- '#histogram 831 5'
- '#histogram 832 4'
- '#histogram 833 4'
- '#histogram 834 7'
- '#histogram 835 5'
- '#histogram 836 4'
- '#histogram 837 5'
- '#histogram 838 8'
- '#histogram 839 1'
- '#histogram 840 5'
- '#histogram 841 4'
- '#histogram 842 7'
- '#histogram 843 2'
- '#histogram 844 1'
- '#histogram 845 1'
- '#histogram 846 7'
- '#histogram 847 2'
- '#histogram 848 7'
- '#histogram 849 2'
- '#histogram 850 5'
- '#histogram 851 7'
- '#histogram 853 1'
- '#histogram 854 3'
- '#histogram 855 1'
- '#histogram 856 3'
- '#histogram 857 3'
- '#histogram 858 4'
- '#histogram 859 3'
- '#histogram 861 3'
- '#histogram 862 4'
- '#histogram 863 4'
- '#histogram 864 2'
- '#histogram 865 3'
- '#histogram 866 1'
- '#histogram 867 2'
- '#histogram 868 3'
- '#histogram 869 2'
- '#histogram 870 1'
- '#histogram 871 3'
- '#histogram 872 2'
- '#histogram 873 5'
- '#histogram 874 2'
- '#histogram 877 3'
- '#histogram 878 2'
- '#histogram 879 1'
- '#histogram 880 2'
- '#histogram 881 4'
- '#histogram 882 1'
- '#histogram 883 2'
- '#histogram 884 2'
- '#histogram 886 2'
- '#histogram 887 2'
- '#histogram 888 3'
- '#histogram 889 2'
- '#histogram 890 3'
- '#histogram 892 1'
- '#histogram 893 4'
- '#histogram 894 6'
- '#histogram 895 1'
- '#histogram 897 3'
- '#histogram 899 3'
- '#histogram 900 3'
- '#histogram 901 3'
- '#histogram 902 2'
- '#histogram 904 1'
- '#histogram 906 1'
- '#histogram 907 1'
- '#histogram 908 1'
- '#histogram 909 1'
- '#histogram 910 4'
- '#histogram 911 4'
- '#histogram 912 1'
- '#histogram 913 4'
- '#histogram 914 2'
- '#histogram 915 3'
- '#histogram 916 1'
- '#histogram 917 1'
- '#histogram 918 4'
- '#histogram 919 1'
- '#histogram 920 3'
- '#histogram 921 2'
- '#histogram 922 1'
- '#histogram 923 1'
- '#histogram 925 1'
- '#histogram 927 1'
- '#histogram 928 4'
- '#histogram 929 2'
- '#histogram 931 2'
- '#histogram 932 1'
- '#histogram 933 4'
- '#histogram 934 2'
- '#histogram 936 1'
- '#histogram 937 3'
- '#histogram 938 1'
- '#histogram 939 2'
- '#histogram 940 3'
- '#histogram 942 2'
- '#histogram 944 2'
- '#histogram 947 1'
- '#histogram 948 1'
- '#histogram 950 3'
- '#histogram 953 1'
- '#histogram 954 2'
- '#histogram 955 1'
- '#histogram 957 1'
- '#histogram 959 3'
- '#histogram 960 3'
- '#histogram 961 1'
- '#histogram 963 1'
- '#histogram 964 2'
- '#histogram 967 3'
- '#histogram 968 2'
- '#histogram 969 2'
- '#histogram 972 1'
- '#histogram 974 1'
- '#histogram 975 1'
- '#histogram 976 2'
- '#histogram 982 1'
- '#histogram 985 2'
- '#histogram 986 2'
- '#histogram 987 1'
- '#histogram 988 2'
- '#histogram 989 2'
- '#histogram 990 1'
- '#histogram 992 2'
- '#histogram 993 1'
- '#histogram 994 1'
- '#histogram 995 1'
- '#histogram 996 1'
- '#histogram 997 3'
- '#histogram 998 2'
- '#histogram 999 1'
- '#histogram 1000 1'
- '#histogram 1001 2'
- '#histogram 1005 1'
- '#histogram 1009 1'
- '#histogram 1012 2'
- '#histogram 1014 2'
- '#histogram 1015 3'
- '#histogram 1016 1'
- '#histogram 1018 2'
- '#histogram 1019 1'
- '#histogram 1020 3'
- '#histogram 1023 1'
- '#histogram 1027 3'
- '#histogram 1028 2'
- '#histogram 1030 1'
- '#histogram 1031 1'
- '#histogram 1032 1'
- '#histogram 1037 1'
- '#histogram 1043 4'
- '#histogram 1044 1'
- '#histogram 1047 1'
- '#histogram 1051 1'
- '#histogram 1053 1'
- '#histogram 1066 1'
- '#histogram 1069 1'
- '#histogram 1071 1'
- '#histogram 1074 1'
- '#histogram 1079 1'
- '#histogram 1082 1'
- '#histogram 1084 1'
- '#histogram 1085 1'
- '#histogram 1087 1'
- '#histogram 1090 1'
- '#histogram 1094 3'
- '#histogram 1098 1'
- '#histogram 1099 1'
- '#histogram 1104 1'
- '#histogram 1108 1'
- '#histogram 1109 1'
- '#histogram 1119 1'
- '#histogram 1125 1'
- '#histogram 1154 1'
- '#histogram 1168 1'
- '#histogram 1173 2'
- '#histogram 1219 1'
- '#histogram 1241 1'
- '#histogram 1242 1'
- '#histogram 1299 1'
- '#histogram 1352 1'
- '#histogram 1418 1'
- '#histogram 1422 1'
- '#histogram 1517 1'
- '#histogram 1571 1'
- '#histogram 1843 1'
- '#histogram 1963 1'
- ''
