code: 0
data:
  avg_latency: 0.109913
  histogram:
  - - 0
    - 0
  - - 1
    - 110
  - - 2
    - 518
  - - 3
    - 761
  - - 4
    - 858
  - - 5
    - 934
  - - 6
    - 932
  - - 7
    - 957
  - - 8
    - 961
  - - 9
    - 944
  - - 10
    - 983
  - - 11
    - 1021
  - - 12
    - 978
  - - 13
    - 978
  - - 14
    - 1054
  - - 15
    - 1069
  - - 16
    - 1021
  - - 17
    - 1083
  - - 18
    - 1123
  - - 19
    - 1156
  - - 20
    - 1158
  - - 21
    - 1198
  - - 22
    - 1273
  - - 23
    - 1324
  - - 24
    - 1340
  - - 25
    - 1295
  - - 26
    - 1309
  - - 27
    - 1378
  - - 28
    - 1430
  - - 29
    - 1435
  - - 30
    - 1598
  - - 31
    - 1577
  - - 32
    - 1634
  - - 33
    - 1632
  - - 34
    - 1702
  - - 35
    - 1713
  - - 36
    - 1743
  - - 37
    - 1838
  - - 38
    - 1753
  - - 39
    - 1819
  - - 40
    - 1845
  - - 41
    - 1888
  - - 42
    - 1991
  - - 43
    - 2007
  - - 44
    - 1903
  - - 45
    - 2000
  - - 46
    - 1982
  - - 47
    - 2089
  - - 48
    - 2080
  - - 49
    - 2100
  - - 50
    - 2083
  - - 51
    - 2073
  - - 52
    - 2148
  - - 53
    - 2184
  - - 54
    - 2101
  - - 55
    - 2119
  - - 56
    - 2142
  - - 57
    - 2223
  - - 58
    - 2224
  - - 59
    - 2231
  - - 60
    - 2228
  - - 61
    - 2213
  - - 62
    - 2185
  - - 63
    - 2176
  - - 64
    - 2193
  - - 65
    - 2200
  - - 66
    - 2245
  - - 67
    - 2268
  - - 68
    - 2233
  - - 69
    - 2206
  - - 70
    - 2125
  - - 71
    - 2204
  - - 72
    - 2220
  - - 73
    - 2149
  - - 74
    - 2140
  - - 75
    - 2079
  - - 76
    - 2122
  - - 77
    - 2108
  - - 78
    - 2039
  - - 79
    - 2061
  - - 80
    - 2095
  - - 81
    - 2020
  - - 82
    - 2114
  - - 83
    - 1956
  - - 84
    - 1983
  - - 85
    - 1901
  - - 86
    - 1957
  - - 87
    - 1887
  - - 88
    - 1862
  - - 89
    - 1860
  - - 90
    - 1944
  - - 91
    - 1880
  - - 92
    - 1763
  - - 93
    - 1729
  - - 94
    - 1891
  - - 95
    - 1735
  - - 96
    - 1731
  - - 97
    - 1684
  - - 98
    - 1752
  - - 99
    - 1709
  - - 100
    - 1646
  - - 101
    - 1639
  - - 102
    - 1588
  - - 103
    - 1550
  - - 104
    - 1581
  - - 105
    - 1511
  - - 106
    - 1550
  - - 107
    - 1401
  - - 108
    - 1515
  - - 109
    - 1397
  - - 110
    - 1440
  - - 111
    - 1394
  - - 112
    - 1280
  - - 113
    - 1301
  - - 114
    - 1297
  - - 115
    - 1363
  - - 116
    - 1303
  - - 117
    - 1254
  - - 118
    - 1186
  - - 119
    - 1249
  - - 120
    - 1193
  - - 121
    - 1153
  - - 122
    - 1134
  - - 123
    - 1176
  - - 124
    - 1117
  - - 125
    - 1084
  - - 126
    - 1054
  - - 127
    - 1048
  - - 128
    - 1004
  - - 129
    - 1001
  - - 130
    - 1002
  - - 131
    - 952
  - - 132
    - 942
  - - 133
    - 875
  - - 134
    - 869
  - - 135
    - 838
  - - 136
    - 851
  - - 137
    - 845
  - - 138
    - 792
  - - 139
    - 801
  - - 140
    - 751
  - - 141
    - 788
  - - 142
    - 771
  - - 143
    - 725
  - - 144
    - 690
  - - 145
    - 673
  - - 146
    - 707
  - - 147
    - 722
  - - 148
    - 723
  - - 149
    - 676
  - - 150
    - 669
  - - 151
    - 665
  - - 152
    - 594
  - - 153
    - 571
  - - 154
    - 556
  - - 155
    - 569
  - - 156
    - 567
  - - 157
    - 583
  - - 158
    - 584
  - - 159
    - 592
  - - 160
    - 517
  - - 161
    - 496
  - - 162
    - 450
  - - 163
    - 463
  - - 164
    - 443
  - - 165
    - 482
  - - 166
    - 448
  - - 167
    - 427
  - - 168
    - 453
  - - 169
    - 406
  - - 170
    - 403
  - - 171
    - 393
  - - 172
    - 388
  - - 173
    - 392
  - - 174
    - 395
  - - 175
    - 392
  - - 176
    - 361
  - - 177
    - 341
  - - 178
    - 355
  - - 179
    - 359
  - - 180
    - 352
  - - 181
    - 377
  - - 182
    - 334
  - - 183
    - 322
  - - 184
    - 308
  - - 185
    - 286
  - - 186
    - 323
  - - 187
    - 288
  - - 188
    - 311
  - - 189
    - 284
  - - 190
    - 264
  - - 191
    - 252
  - - 192
    - 269
  - - 193
    - 256
  - - 194
    - 286
  - - 195
    - 244
  - - 196
    - 208
  - - 197
    - 218
  - - 198
    - 256
  - - 199
    - 213
  - - 200
    - 189
  - - 201
    - 222
  - - 202
    - 231
  - - 203
    - 242
  - - 204
    - 225
  - - 205
    - 202
  - - 206
    - 203
  - - 207
    - 179
  - - 208
    - 191
  - - 209
    - 163
  - - 210
    - 192
  - - 211
    - 188
  - - 212
    - 190
  - - 213
    - 146
  - - 214
    - 174
  - - 215
    - 160
  - - 216
    - 165
  - - 217
    - 161
  - - 218
    - 149
  - - 219
    - 140
  - - 220
    - 141
  - - 221
    - 166
  - - 222
    - 148
  - - 223
    - 131
  - - 224
    - 129
  - - 225
    - 154
  - - 226
    - 116
  - - 227
    - 126
  - - 228
    - 125
  - - 229
    - 128
  - - 230
    - 129
  - - 231
    - 138
  - - 232
    - 114
  - - 233
    - 131
  - - 234
    - 128
  - - 235
    - 127
  - - 236
    - 115
  - - 237
    - 109
  - - 238
    - 107
  - - 239
    - 124
  - - 240
    - 116
  - - 241
    - 124
  - - 242
    - 129
  - - 243
    - 110
  - - 244
    - 112
  - - 245
    - 115
  - - 246
    - 102
  - - 247
    - 103
  - - 248
    - 115
  - - 249
    - 86
  - - 250
    - 85
  - - 251
    - 106
  - - 252
    - 82
  - - 253
    - 99
  - - 254
    - 88
  - - 255
    - 96
  - - 256
    - 123
  - - 257
    - 101
  - - 258
    - 100
  - - 259
    - 88
  - - 260
    - 80
  - - 261
    - 100
  - - 262
    - 76
  - - 263
    - 84
  - - 264
    - 71
  - - 265
    - 90
  - - 266
    - 68
  - - 267
    - 81
  - - 268
    - 92
  - - 269
    - 87
  - - 270
    - 82
  - - 271
    - 88
  - - 272
    - 83
  - - 273
    - 97
  - - 274
    - 75
  - - 275
    - 86
  - - 276
    - 78
  - - 277
    - 79
  - - 278
    - 65
  - - 279
    - 90
  - - 280
    - 84
  - - 281
    - 76
  - - 282
    - 73
  - - 283
    - 68
  - - 284
    - 64
  - - 285
    - 80
  - - 286
    - 88
  - - 287
    - 91
  - - 288
    - 67
  - - 289
    - 79
  - - 290
    - 67
  - - 291
    - 72
  - - 292
    - 76
  - - 293
    - 72
  - - 294
    - 70
  - - 295
    - 76
  - - 296
    - 90
  - - 297
    - 62
  - - 298
    - 83
  - - 299
    - 80
  - - 300
    - 71
  - - 301
    - 74
  - - 302
    - 84
  - - 303
    - 81
  - - 304
    - 75
  - - 305
    - 85
  - - 306
    - 84
  - - 307
    - 77
  - - 308
    - 76
  - - 309
    - 47
  - - 310
    - 64
  - - 311
    - 58
  - - 312
    - 72
  - - 313
    - 72
  - - 314
    - 71
  - - 315
    - 66
  - - 316
    - 68
  - - 317
    - 63
  - - 318
    - 55
  - - 319
    - 55
  - - 320
    - 58
  - - 321
    - 60
  - - 322
    - 61
  - - 323
    - 61
  - - 324
    - 64
  - - 325
    - 64
  - - 326
    - 78
  - - 327
    - 69
  - - 328
    - 50
  - - 329
    - 59
  - - 330
    - 51
  - - 331
    - 86
  - - 332
    - 59
  - - 333
    - 81
  - - 334
    - 72
  - - 335
    - 59
  - - 336
    - 69
  - - 337
    - 58
  - - 338
    - 74
  - - 339
    - 66
  - - 340
    - 66
  - - 341
    - 52
  - - 342
    - 51
  - - 343
    - 52
  - - 344
    - 51
  - - 345
    - 54
  - - 346
    - 64
  - - 347
    - 65
  - - 348
    - 58
  - - 349
    - 71
  - - 350
    - 64
  - - 351
    - 52
  - - 352
    - 61
  - - 353
    - 56
  - - 354
    - 46
  - - 355
    - 47
  - - 356
    - 74
  - - 357
    - 59
  - - 358
    - 52
  - - 359
    - 57
  - - 360
    - 55
  - - 361
    - 63
  - - 362
    - 81
  - - 363
    - 65
  - - 364
    - 63
  - - 365
    - 50
  - - 366
    - 55
  - - 367
    - 61
  - - 368
    - 73
  - - 369
    - 67
  - - 370
    - 81
  - - 371
    - 57
  - - 372
    - 71
  - - 373
    - 64
  - - 374
    - 69
  - - 375
    - 67
  - - 376
    - 53
  - - 377
    - 58
  - - 378
    - 56
  - - 379
    - 54
  - - 380
    - 68
  - - 381
    - 47
  - - 382
    - 55
  - - 383
    - 66
  - - 384
    - 56
  - - 385
    - 65
  - - 386
    - 53
  - - 387
    - 54
  - - 388
    - 60
  - - 389
    - 70
  - - 390
    - 52
  - - 391
    - 60
  - - 392
    - 55
  - - 393
    - 54
  - - 394
    - 53
  - - 395
    - 65
  - - 396
    - 69
  - - 397
    - 51
  - - 398
    - 53
  - - 399
    - 60
  - - 400
    - 56
  - - 401
    - 45
  - - 402
    - 63
  - - 403
    - 56
  - - 404
    - 60
  - - 405
    - 56
  - - 406
    - 50
  - - 407
    - 50
  - - 408
    - 54
  - - 409
    - 51
  - - 410
    - 46
  - - 411
    - 56
  - - 412
    - 50
  - - 413
    - 45
  - - 414
    - 42
  - - 415
    - 58
  - - 416
    - 67
  - - 417
    - 52
  - - 418
    - 54
  - - 419
    - 55
  - - 420
    - 53
  - - 421
    - 58
  - - 422
    - 56
  - - 423
    - 35
  - - 424
    - 56
  - - 425
    - 52
  - - 426
    - 53
  - - 427
    - 57
  - - 428
    - 40
  - - 429
    - 39
  - - 430
    - 52
  - - 431
    - 50
  - - 432
    - 37
  - - 433
    - 50
  - - 434
    - 51
  - - 435
    - 57
  - - 436
    - 52
  - - 437
    - 51
  - - 438
    - 52
  - - 439
    - 42
  - - 440
    - 39
  - - 441
    - 48
  - - 442
    - 44
  - - 443
    - 41
  - - 444
    - 52
  - - 445
    - 48
  - - 446
    - 41
  - - 447
    - 41
  - - 448
    - 46
  - - 449
    - 54
  - - 450
    - 53
  - - 451
    - 53
  - - 452
    - 44
  - - 453
    - 47
  - - 454
    - 44
  - - 455
    - 40
  - - 456
    - 35
  - - 457
    - 51
  - - 458
    - 49
  - - 459
    - 39
  - - 460
    - 44
  - - 461
    - 48
  - - 462
    - 40
  - - 463
    - 44
  - - 464
    - 45
  - - 465
    - 38
  - - 466
    - 31
  - - 467
    - 38
  - - 468
    - 45
  - - 469
    - 46
  - - 470
    - 43
  - - 471
    - 42
  - - 472
    - 44
  - - 473
    - 37
  - - 474
    - 42
  - - 475
    - 38
  - - 476
    - 39
  - - 477
    - 41
  - - 478
    - 43
  - - 479
    - 37
  - - 480
    - 37
  - - 481
    - 49
  - - 482
    - 44
  - - 483
    - 32
  - - 484
    - 29
  - - 485
    - 40
  - - 486
    - 40
  - - 487
    - 34
  - - 488
    - 47
  - - 489
    - 42
  - - 490
    - 37
  - - 491
    - 31
  - - 492
    - 40
  - - 493
    - 32
  - - 494
    - 34
  - - 495
    - 41
  - - 496
    - 42
  - - 497
    - 49
  - - 498
    - 34
  - - 499
    - 30
  - - 500
    - 48
  - - 501
    - 26
  - - 502
    - 38
  - - 503
    - 31
  - - 504
    - 28
  - - 505
    - 24
  - - 506
    - 29
  - - 507
    - 28
  - - 508
    - 37
  - - 509
    - 36
  - - 510
    - 41
  - - 511
    - 39
  - - 512
    - 47
  - - 513
    - 33
  - - 514
    - 32
  - - 515
    - 36
  - - 516
    - 28
  - - 517
    - 30
  - - 518
    - 25
  - - 519
    - 25
  - - 520
    - 31
  - - 521
    - 37
  - - 522
    - 40
  - - 523
    - 17
  - - 524
    - 31
  - - 525
    - 37
  - - 526
    - 23
  - - 527
    - 24
  - - 528
    - 24
  - - 529
    - 28
  - - 530
    - 22
  - - 531
    - 39
  - - 532
    - 29
  - - 533
    - 23
  - - 534
    - 38
  - - 535
    - 28
  - - 536
    - 23
  - - 537
    - 16
  - - 538
    - 19
  - - 539
    - 23
  - - 540
    - 26
  - - 541
    - 28
  - - 542
    - 25
  - - 543
    - 26
  - - 544
    - 20
  - - 545
    - 24
  - - 546
    - 19
  - - 547
    - 24
  - - 548
    - 21
  - - 549
    - 19
  - - 550
    - 18
  - - 551
    - 28
  - - 552
    - 29
  - - 553
    - 27
  - - 554
    - 21
  - - 555
    - 26
  - - 556
    - 17
  - - 557
    - 17
  - - 558
    - 26
  - - 559
    - 23
  - - 560
    - 16
  - - 561
    - 25
  - - 562
    - 20
  - - 563
    - 21
  - - 564
    - 20
  - - 565
    - 14
  - - 566
    - 25
  - - 567
    - 27
  - - 568
    - 18
  - - 569
    - 18
  - - 570
    - 12
  - - 571
    - 24
  - - 572
    - 19
  - - 573
    - 16
  - - 574
    - 24
  - - 575
    - 23
  - - 576
    - 19
  - - 577
    - 19
  - - 578
    - 17
  - - 579
    - 32
  - - 580
    - 17
  - - 581
    - 24
  - - 582
    - 23
  - - 583
    - 22
  - - 584
    - 29
  - - 585
    - 22
  - - 586
    - 15
  - - 587
    - 18
  - - 588
    - 21
  - - 589
    - 18
  - - 590
    - 23
  - - 591
    - 18
  - - 592
    - 23
  - - 593
    - 26
  - - 594
    - 26
  - - 595
    - 18
  - - 596
    - 17
  - - 597
    - 29
  - - 598
    - 17
  - - 599
    - 16
  - - 600
    - 12
  - - 601
    - 17
  - - 602
    - 18
  - - 603
    - 17
  - - 604
    - 20
  - - 605
    - 17
  - - 606
    - 11
  - - 607
    - 17
  - - 608
    - 16
  - - 609
    - 17
  - - 610
    - 19
  - - 611
    - 19
  - - 612
    - 15
  - - 613
    - 10
  - - 614
    - 20
  - - 615
    - 12
  - - 616
    - 14
  - - 617
    - 17
  - - 618
    - 16
  - - 619
    - 17
  - - 620
    - 13
  - - 621
    - 22
  - - 622
    - 9
  - - 623
    - 16
  - - 624
    - 18
  - - 625
    - 12
  - - 626
    - 10
  - - 627
    - 13
  - - 628
    - 11
  - - 629
    - 12
  - - 630
    - 18
  - - 631
    - 16
  - - 632
    - 14
  - - 633
    - 25
  - - 634
    - 16
  - - 635
    - 14
  - - 636
    - 17
  - - 637
    - 14
  - - 638
    - 10
  - - 639
    - 13
  - - 640
    - 16
  - - 641
    - 11
  - - 642
    - 12
  - - 643
    - 22
  - - 644
    - 14
  - - 645
    - 15
  - - 646
    - 18
  - - 647
    - 12
  - - 648
    - 6
  - - 649
    - 21
  - - 650
    - 8
  - - 651
    - 17
  - - 652
    - 13
  - - 653
    - 13
  - - 654
    - 5
  - - 655
    - 8
  - - 656
    - 13
  - - 657
    - 13
  - - 658
    - 11
  - - 659
    - 18
  - - 660
    - 13
  - - 661
    - 10
  - - 662
    - 14
  - - 663
    - 16
  - - 664
    - 8
  - - 665
    - 7
  - - 666
    - 12
  - - 667
    - 10
  - - 668
    - 8
  - - 669
    - 15
  - - 670
    - 12
  - - 671
    - 11
  - - 672
    - 10
  - - 673
    - 8
  - - 674
    - 10
  - - 675
    - 15
  - - 676
    - 11
  - - 677
    - 11
  - - 678
    - 6
  - - 679
    - 10
  - - 680
    - 11
  - - 681
    - 10
  - - 682
    - 10
  - - 683
    - 14
  - - 684
    - 15
  - - 685
    - 10
  - - 686
    - 7
  - - 687
    - 16
  - - 688
    - 9
  - - 689
    - 12
  - - 690
    - 11
  - - 691
    - 12
  - - 692
    - 12
  - - 693
    - 1
  - - 694
    - 9
  - - 695
    - 10
  - - 696
    - 9
  - - 697
    - 6
  - - 698
    - 10
  - - 699
    - 14
  - - 700
    - 11
  - - 701
    - 12
  - - 702
    - 12
  - - 703
    - 15
  - - 704
    - 15
  - - 705
    - 11
  - - 706
    - 8
  - - 707
    - 13
  - - 708
    - 7
  - - 709
    - 4
  - - 710
    - 11
  - - 711
    - 11
  - - 712
    - 8
  - - 713
    - 3
  - - 714
    - 6
  - - 715
    - 7
  - - 716
    - 10
  - - 717
    - 7
  - - 718
    - 8
  - - 719
    - 10
  - - 720
    - 11
  - - 721
    - 11
  - - 722
    - 12
  - - 723
    - 4
  - - 724
    - 9
  - - 725
    - 10
  - - 726
    - 12
  - - 727
    - 10
  - - 728
    - 13
  - - 729
    - 7
  - - 730
    - 6
  - - 731
    - 8
  - - 732
    - 12
  - - 733
    - 7
  - - 734
    - 10
  - - 735
    - 6
  - - 736
    - 8
  - - 737
    - 10
  - - 738
    - 10
  - - 739
    - 11
  - - 740
    - 10
  - - 741
    - 5
  - - 742
    - 6
  - - 743
    - 12
  - - 744
    - 9
  - - 745
    - 4
  - - 746
    - 7
  - - 747
    - 6
  - - 748
    - 9
  - - 749
    - 8
  - - 750
    - 8
  - - 751
    - 6
  - - 752
    - 11
  - - 753
    - 8
  - - 754
    - 8
  - - 755
    - 9
  - - 756
    - 7
  - - 757
    - 6
  - - 758
    - 6
  - - 759
    - 3
  - - 760
    - 6
  - - 761
    - 11
  - - 762
    - 5
  - - 763
    - 4
  - - 764
    - 8
  - - 765
    - 7
  - - 766
    - 5
  - - 767
    - 11
  - - 768
    - 7
  - - 769
    - 9
  - - 770
    - 8
  - - 771
    - 12
  - - 772
    - 9
  - - 773
    - 11
  - - 774
    - 6
  - - 775
    - 4
  - - 776
    - 9
  - - 777
    - 8
  - - 778
    - 3
  - - 779
    - 8
  - - 780
    - 2
  - - 781
    - 7
  - - 782
    - 8
  - - 783
    - 6
  - - 784
    - 9
  - - 785
    - 7
  - - 786
    - 9
  - - 787
    - 7
  - - 788
    - 4
  - - 789
    - 5
  - - 790
    - 8
  - - 791
    - 6
  - - 792
    - 4
  - - 793
    - 9
  - - 794
    - 2
  - - 795
    - 6
  - - 796
    - 4
  - - 797
    - 3
  - - 798
    - 7
  - - 799
    - 6
  - - 800
    - 7
  - - 801
    - 6
  - - 802
    - 5
  - - 803
    - 5
  - - 804
    - 5
  - - 805
    - 4
  - - 806
    - 3
  - - 807
    - 2
  - - 808
    - 4
  - - 809
    - 5
  - - 810
    - 5
  - - 811
    - 4
  - - 812
    - 3
  - - 813
    - 5
  - - 814
    - 5
  - - 815
    - 7
  - - 816
    - 5
  - - 817
    - 2
  - - 818
    - 2
  - - 819
    - 5
  - - 820
    - 5
  - - 821
    - 4
  - - 822
    - 3
  - - 823
    - 7
  - - 824
    - 4
  - - 825
    - 3
  - - 826
    - 3
  - - 827
    - 4
  - - 828
    - 3
  - - 829
    - 1
  - - 830
    - 5
  - - 831
    - 1
  - - 832
    - 2
  - - 833
    - 8
  - - 834
    - 1
  - - 835
    - 4
  - - 836
    - 4
  - - 837
    - 6
  - - 838
    - 4
  - - 839
    - 6
  - - 840
    - 2
  - - 841
    - 3
  - - 842
    - 3
  - - 843
    - 1
  - - 844
    - 4
  - - 845
    - 6
  - - 846
    - 2
  - - 847
    - 4
  - - 848
    - 5
  - - 849
    - 5
  - - 850
    - 4
  - - 851
    - 1
  - - 852
    - 3
  - - 853
    - 4
  - - 854
    - 2
  - - 855
    - 4
  - - 856
    - 3
  - - 857
    - 1
  - - 858
    - 3
  - - 859
    - 3
  - - 860
    - 4
  - - 861
    - 3
  - - 862
    - 2
  - - 863
    - 1
  - - 864
    - 2
  - - 865
    - 4
  - - 867
    - 3
  - - 868
    - 4
  - - 869
    - 1
  - - 870
    - 1
  - - 871
    - 1
  - - 872
    - 1
  - - 873
    - 1
  - - 874
    - 3
  - - 875
    - 4
  - - 876
    - 2
  - - 877
    - 1
  - - 878
    - 1
  - - 879
    - 3
  - - 880
    - 6
  - - 881
    - 1
  - - 882
    - 1
  - - 883
    - 3
  - - 885
    - 2
  - - 886
    - 3
  - - 887
    - 4
  - - 888
    - 5
  - - 889
    - 4
  - - 890
    - 6
  - - 891
    - 3
  - - 892
    - 2
  - - 893
    - 2
  - - 894
    - 4
  - - 895
    - 3
  - - 896
    - 2
  - - 897
    - 3
  - - 898
    - 3
  - - 899
    - 1
  - - 900
    - 2
  - - 902
    - 1
  - - 903
    - 2
  - - 904
    - 2
  - - 905
    - 2
  - - 906
    - 5
  - - 907
    - 1
  - - 908
    - 1
  - - 909
    - 1
  - - 910
    - 4
  - - 911
    - 2
  - - 912
    - 2
  - - 913
    - 1
  - - 914
    - 2
  - - 915
    - 1
  - - 916
    - 1
  - - 918
    - 2
  - - 919
    - 2
  - - 920
    - 1
  - - 921
    - 1
  - - 922
    - 1
  - - 924
    - 1
  - - 927
    - 1
  - - 928
    - 1
  - - 929
    - 1
  - - 931
    - 2
  - - 933
    - 1
  - - 934
    - 2
  - - 935
    - 2
  - - 937
    - 1
  - - 939
    - 2
  - - 940
    - 1
  - - 941
    - 4
  - - 942
    - 1
  - - 943
    - 4
  - - 946
    - 2
  - - 947
    - 3
  - - 949
    - 2
  - - 951
    - 2
  - - 952
    - 2
  - - 953
    - 2
  - - 956
    - 3
  - - 957
    - 1
  - - 960
    - 2
  - - 961
    - 2
  - - 962
    - 1
  - - 963
    - 2
  - - 964
    - 1
  - - 965
    - 1
  - - 967
    - 1
  - - 968
    - 2
  - - 969
    - 1
  - - 970
    - 2
  - - 975
    - 1
  - - 977
    - 3
  - - 979
    - 1
  - - 980
    - 1
  - - 983
    - 1
  - - 986
    - 2
  - - 989
    - 1
  - - 991
    - 1
  - - 992
    - 2
  - - 994
    - 2
  - - 995
    - 2
  - - 998
    - 1
  - - 1002
    - 2
  - - 1003
    - 2
  - - 1004
    - 1
  - - 1007
    - 1
  - - 1008
    - 1
  - - 1011
    - 1
  - - 1013
    - 1
  - - 1015
    - 1
  - - 1016
    - 1
  - - 1017
    - 1
  - - 1020
    - 3
  - - 1022
    - 2
  - - 1025
    - 3
  - - 1028
    - 1
  - - 1029
    - 1
  - - 1032
    - 1
  - - 1034
    - 1
  - - 1035
    - 1
  - - 1041
    - 2
  - - 1042
    - 3
  - - 1043
    - 1
  - - 1046
    - 1
  - - 1047
    - 1
  - - 1048
    - 2
  - - 1050
    - 1
  - - 1053
    - 1
  - - 1059
    - 1
  - - 1062
    - 1
  - - 1067
    - 1
  - - 1073
    - 1
  - - 1076
    - 1
  - - 1078
    - 1
  - - 1082
    - 1
  - - 1114
    - 1
  - - 1116
    - 1
  - - 1134
    - 1
  - - 1137
    - 1
  - - 1138
    - 2
  - - 1150
    - 1
  - - 1158
    - 1
  - - 1159
    - 1
  - - 1177
    - 1
  - - 1184
    - 1
  - - 1231
    - 1
  - - 1232
    - 1
  - - 1260
    - 1
  - - 1264
    - 1
  - - 1286
    - 1
  - - 1297
    - 1
  - - 1302
    - 1
  - - 1316
    - 1
  - - 1320
    - 1
  - - 1353
    - 1
  - - 1403
    - 1
  - - 1565
    - 1
  latency_50_percentile: 81.0
  latency_95_percentile: 334.0
  latency_99_5_percentile: 692.0
  latency_99_percentile: 594.0
  max_kubedns_cpu: 576
  max_kubedns_memory: 30
  max_latency: 1.565636
  max_perfserver_cpu: 0
  max_perfserver_memory: 0
  min_latency: 0.001212
  msg: null
  ok: true
  qps: 907.898455
  queries_completed: 272715
  queries_lost: 0
  queries_sent: 272715
  run_time: 300.380509
  stddev_latency: 0.10956
params:
  max_qps: null
  pod_name: dns-perf-client-858fb7568b-l9cv4
  query_file: all-queries.txt
  run_id: 1777677315
  run_length_seconds: 300
  run_subid: 0
stderr:
- ''
stdout:
- DNS Performance Testing Tool
- Nominum Version 2.1.0.0
- ''
- '[Status] Command line: dnsperf -s 10.0.0.10 -l 300 -d /queries/all-queries.txt'
- '[Status] Sending queries (to 10.0.0.10)'
- '[Status] Started at: Fri May  1 23:15:52 2026'
- '[Status] Stopping after 300.000000 seconds'
- '[Status] Testing complete (time limit)'
- ''
- 'Statistics:'
- ''
- '  Queries sent:         272715'
- '  Queries completed:    272715 (100.00%)'
- '  Queries lost:         0 (0.00%)'
- ''
- '  Response codes:       NOERROR 32725 (12.00%), NXDOMAIN 239990 (88.00%)'
- '  Average packet size:  request 39, response 122'
- '  Run time (s):         300.380509'
- '  Queries per second:   907.898455'
- ''
- '  Average Latency (s):  0.109913 (min 0.001212, max 1.565636)'
- '  Latency StdDev (s):   0.109560'
- ''
- '  Latency histogram'
- '#histogram 0 0'
- '#histogram 1 110'
- '#histogram 2 518'
- '#histogram 3 761'
- '#histogram 4 858'
- '#histogram 5 934'
- '#histogram 6 932'
- '#histogram 7 957'
- '#histogram 8 961'
- '#histogram 9 944'
- '#histogram 10 983'
- '#histogram 11 1021'
- '#histogram 12 978'
- '#histogram 13 978'
- '#histogram 14 1054'
- '#histogram 15 1069'
- '#histogram 16 1021'
- '#histogram 17 1083'
- '#histogram 18 1123'
- '#histogram 19 1156'
- '#histogram 20 1158'
- '#histogram 21 1198'
- '#histogram 22 1273'
- '#histogram 23 1324'
- '#histogram 24 1340'
- '#histogram 25 1295'
- '#histogram 26 1309'
- '#histogram 27 1378'
- '#histogram 28 1430'
- '#histogram 29 1435'
- '#histogram 30 1598'
- '#histogram 31 1577'
- '#histogram 32 1634'
- '#histogram 33 1632'
- '#histogram 34 1702'
- '#histogram 35 1713'
- '#histogram 36 1743'
- '#histogram 37 1838'
- '#histogram 38 1753'
- '#histogram 39 1819'
- '#histogram 40 1845'
- '#histogram 41 1888'
- '#histogram 42 1991'
- '#histogram 43 2007'
- '#histogram 44 1903'
- '#histogram 45 2000'
- '#histogram 46 1982'
- '#histogram 47 2089'
- '#histogram 48 2080'
- '#histogram 49 2100'
- '#histogram 50 2083'
- '#histogram 51 2073'
- '#histogram 52 2148'
- '#histogram 53 2184'
- '#histogram 54 2101'
- '#histogram 55 2119'
- '#histogram 56 2142'
- '#histogram 57 2223'
- '#histogram 58 2224'
- '#histogram 59 2231'
- '#histogram 60 2228'
- '#histogram 61 2213'
- '#histogram 62 2185'
- '#histogram 63 2176'
- '#histogram 64 2193'
- '#histogram 65 2200'
- '#histogram 66 2245'
- '#histogram 67 2268'
- '#histogram 68 2233'
- '#histogram 69 2206'
- '#histogram 70 2125'
- '#histogram 71 2204'
- '#histogram 72 2220'
- '#histogram 73 2149'
- '#histogram 74 2140'
- '#histogram 75 2079'
- '#histogram 76 2122'
- '#histogram 77 2108'
- '#histogram 78 2039'
- '#histogram 79 2061'
- '#histogram 80 2095'
- '#histogram 81 2020'
- '#histogram 82 2114'
- '#histogram 83 1956'
- '#histogram 84 1983'
- '#histogram 85 1901'
- '#histogram 86 1957'
- '#histogram 87 1887'
- '#histogram 88 1862'
- '#histogram 89 1860'
- '#histogram 90 1944'
- '#histogram 91 1880'
- '#histogram 92 1763'
- '#histogram 93 1729'
- '#histogram 94 1891'
- '#histogram 95 1735'
- '#histogram 96 1731'
- '#histogram 97 1684'
- '#histogram 98 1752'
- '#histogram 99 1709'
- '#histogram 100 1646'
- '#histogram 101 1639'
- '#histogram 102 1588'
- '#histogram 103 1550'
- '#histogram 104 1581'
- '#histogram 105 1511'
- '#histogram 106 1550'
- '#histogram 107 1401'
- '#histogram 108 1515'
- '#histogram 109 1397'
- '#histogram 110 1440'
- '#histogram 111 1394'
- '#histogram 112 1280'
- '#histogram 113 1301'
- '#histogram 114 1297'
- '#histogram 115 1363'
- '#histogram 116 1303'
- '#histogram 117 1254'
- '#histogram 118 1186'
- '#histogram 119 1249'
- '#histogram 120 1193'
- '#histogram 121 1153'
- '#histogram 122 1134'
- '#histogram 123 1176'
- '#histogram 124 1117'
- '#histogram 125 1084'
- '#histogram 126 1054'
- '#histogram 127 1048'
- '#histogram 128 1004'
- '#histogram 129 1001'
- '#histogram 130 1002'
- '#histogram 131 952'
- '#histogram 132 942'
- '#histogram 133 875'
- '#histogram 134 869'
- '#histogram 135 838'
- '#histogram 136 851'
- '#histogram 137 845'
- '#histogram 138 792'
- '#histogram 139 801'
- '#histogram 140 751'
- '#histogram 141 788'
- '#histogram 142 771'
- '#histogram 143 725'
- '#histogram 144 690'
- '#histogram 145 673'
- '#histogram 146 707'
- '#histogram 147 722'
- '#histogram 148 723'
- '#histogram 149 676'
- '#histogram 150 669'
- '#histogram 151 665'
- '#histogram 152 594'
- '#histogram 153 571'
- '#histogram 154 556'
- '#histogram 155 569'
- '#histogram 156 567'
- '#histogram 157 583'
- '#histogram 158 584'
- '#histogram 159 592'
- '#histogram 160 517'
- '#histogram 161 496'
- '#histogram 162 450'
- '#histogram 163 463'
- '#histogram 164 443'
- '#histogram 165 482'
- '#histogram 166 448'
- '#histogram 167 427'
- '#histogram 168 453'
- '#histogram 169 406'
- '#histogram 170 403'
- '#histogram 171 393'
- '#histogram 172 388'
- '#histogram 173 392'
- '#histogram 174 395'
- '#histogram 175 392'
- '#histogram 176 361'
- '#histogram 177 341'
- '#histogram 178 355'
- '#histogram 179 359'
- '#histogram 180 352'
- '#histogram 181 377'
- '#histogram 182 334'
- '#histogram 183 322'
- '#histogram 184 308'
- '#histogram 185 286'
- '#histogram 186 323'
- '#histogram 187 288'
- '#histogram 188 311'
- '#histogram 189 284'
- '#histogram 190 264'
- '#histogram 191 252'
- '#histogram 192 269'
- '#histogram 193 256'
- '#histogram 194 286'
- '#histogram 195 244'
- '#histogram 196 208'
- '#histogram 197 218'
- '#histogram 198 256'
- '#histogram 199 213'
- '#histogram 200 189'
- '#histogram 201 222'
- '#histogram 202 231'
- '#histogram 203 242'
- '#histogram 204 225'
- '#histogram 205 202'
- '#histogram 206 203'
- '#histogram 207 179'
- '#histogram 208 191'
- '#histogram 209 163'
- '#histogram 210 192'
- '#histogram 211 188'
- '#histogram 212 190'
- '#histogram 213 146'
- '#histogram 214 174'
- '#histogram 215 160'
- '#histogram 216 165'
- '#histogram 217 161'
- '#histogram 218 149'
- '#histogram 219 140'
- '#histogram 220 141'
- '#histogram 221 166'
- '#histogram 222 148'
- '#histogram 223 131'
- '#histogram 224 129'
- '#histogram 225 154'
- '#histogram 226 116'
- '#histogram 227 126'
- '#histogram 228 125'
- '#histogram 229 128'
- '#histogram 230 129'
- '#histogram 231 138'
- '#histogram 232 114'
- '#histogram 233 131'
- '#histogram 234 128'
- '#histogram 235 127'
- '#histogram 236 115'
- '#histogram 237 109'
- '#histogram 238 107'
- '#histogram 239 124'
- '#histogram 240 116'
- '#histogram 241 124'
- '#histogram 242 129'
- '#histogram 243 110'
- '#histogram 244 112'
- '#histogram 245 115'
- '#histogram 246 102'
- '#histogram 247 103'
- '#histogram 248 115'
- '#histogram 249 86'
- '#histogram 250 85'
- '#histogram 251 106'
- '#histogram 252 82'
- '#histogram 253 99'
- '#histogram 254 88'
- '#histogram 255 96'
- '#histogram 256 123'
- '#histogram 257 101'
- '#histogram 258 100'
- '#histogram 259 88'
- '#histogram 260 80'
- '#histogram 261 100'
- '#histogram 262 76'
- '#histogram 263 84'
- '#histogram 264 71'
- '#histogram 265 90'
- '#histogram 266 68'
- '#histogram 267 81'
- '#histogram 268 92'
- '#histogram 269 87'
- '#histogram 270 82'
- '#histogram 271 88'
- '#histogram 272 83'
- '#histogram 273 97'
- '#histogram 274 75'
- '#histogram 275 86'
- '#histogram 276 78'
- '#histogram 277 79'
- '#histogram 278 65'
- '#histogram 279 90'
- '#histogram 280 84'
- '#histogram 281 76'
- '#histogram 282 73'
- '#histogram 283 68'
- '#histogram 284 64'
- '#histogram 285 80'
- '#histogram 286 88'
- '#histogram 287 91'
- '#histogram 288 67'
- '#histogram 289 79'
- '#histogram 290 67'
- '#histogram 291 72'
- '#histogram 292 76'
- '#histogram 293 72'
- '#histogram 294 70'
- '#histogram 295 76'
- '#histogram 296 90'
- '#histogram 297 62'
- '#histogram 298 83'
- '#histogram 299 80'
- '#histogram 300 71'
- '#histogram 301 74'
- '#histogram 302 84'
- '#histogram 303 81'
- '#histogram 304 75'
- '#histogram 305 85'
- '#histogram 306 84'
- '#histogram 307 77'
- '#histogram 308 76'
- '#histogram 309 47'
- '#histogram 310 64'
- '#histogram 311 58'
- '#histogram 312 72'
- '#histogram 313 72'
- '#histogram 314 71'
- '#histogram 315 66'
- '#histogram 316 68'
- '#histogram 317 63'
- '#histogram 318 55'
- '#histogram 319 55'
- '#histogram 320 58'
- '#histogram 321 60'
- '#histogram 322 61'
- '#histogram 323 61'
- '#histogram 324 64'
- '#histogram 325 64'
- '#histogram 326 78'
- '#histogram 327 69'
- '#histogram 328 50'
- '#histogram 329 59'
- '#histogram 330 51'
- '#histogram 331 86'
- '#histogram 332 59'
- '#histogram 333 81'
- '#histogram 334 72'
- '#histogram 335 59'
- '#histogram 336 69'
- '#histogram 337 58'
- '#histogram 338 74'
- '#histogram 339 66'
- '#histogram 340 66'
- '#histogram 341 52'
- '#histogram 342 51'
- '#histogram 343 52'
- '#histogram 344 51'
- '#histogram 345 54'
- '#histogram 346 64'
- '#histogram 347 65'
- '#histogram 348 58'
- '#histogram 349 71'
- '#histogram 350 64'
- '#histogram 351 52'
- '#histogram 352 61'
- '#histogram 353 56'
- '#histogram 354 46'
- '#histogram 355 47'
- '#histogram 356 74'
- '#histogram 357 59'
- '#histogram 358 52'
- '#histogram 359 57'
- '#histogram 360 55'
- '#histogram 361 63'
- '#histogram 362 81'
- '#histogram 363 65'
- '#histogram 364 63'
- '#histogram 365 50'
- '#histogram 366 55'
- '#histogram 367 61'
- '#histogram 368 73'
- '#histogram 369 67'
- '#histogram 370 81'
- '#histogram 371 57'
- '#histogram 372 71'
- '#histogram 373 64'
- '#histogram 374 69'
- '#histogram 375 67'
- '#histogram 376 53'
- '#histogram 377 58'
- '#histogram 378 56'
- '#histogram 379 54'
- '#histogram 380 68'
- '#histogram 381 47'
- '#histogram 382 55'
- '#histogram 383 66'
- '#histogram 384 56'
- '#histogram 385 65'
- '#histogram 386 53'
- '#histogram 387 54'
- '#histogram 388 60'
- '#histogram 389 70'
- '#histogram 390 52'
- '#histogram 391 60'
- '#histogram 392 55'
- '#histogram 393 54'
- '#histogram 394 53'
- '#histogram 395 65'
- '#histogram 396 69'
- '#histogram 397 51'
- '#histogram 398 53'
- '#histogram 399 60'
- '#histogram 400 56'
- '#histogram 401 45'
- '#histogram 402 63'
- '#histogram 403 56'
- '#histogram 404 60'
- '#histogram 405 56'
- '#histogram 406 50'
- '#histogram 407 50'
- '#histogram 408 54'
- '#histogram 409 51'
- '#histogram 410 46'
- '#histogram 411 56'
- '#histogram 412 50'
- '#histogram 413 45'
- '#histogram 414 42'
- '#histogram 415 58'
- '#histogram 416 67'
- '#histogram 417 52'
- '#histogram 418 54'
- '#histogram 419 55'
- '#histogram 420 53'
- '#histogram 421 58'
- '#histogram 422 56'
- '#histogram 423 35'
- '#histogram 424 56'
- '#histogram 425 52'
- '#histogram 426 53'
- '#histogram 427 57'
- '#histogram 428 40'
- '#histogram 429 39'
- '#histogram 430 52'
- '#histogram 431 50'
- '#histogram 432 37'
- '#histogram 433 50'
- '#histogram 434 51'
- '#histogram 435 57'
- '#histogram 436 52'
- '#histogram 437 51'
- '#histogram 438 52'
- '#histogram 439 42'
- '#histogram 440 39'
- '#histogram 441 48'
- '#histogram 442 44'
- '#histogram 443 41'
- '#histogram 444 52'
- '#histogram 445 48'
- '#histogram 446 41'
- '#histogram 447 41'
- '#histogram 448 46'
- '#histogram 449 54'
- '#histogram 450 53'
- '#histogram 451 53'
- '#histogram 452 44'
- '#histogram 453 47'
- '#histogram 454 44'
- '#histogram 455 40'
- '#histogram 456 35'
- '#histogram 457 51'
- '#histogram 458 49'
- '#histogram 459 39'
- '#histogram 460 44'
- '#histogram 461 48'
- '#histogram 462 40'
- '#histogram 463 44'
- '#histogram 464 45'
- '#histogram 465 38'
- '#histogram 466 31'
- '#histogram 467 38'
- '#histogram 468 45'
- '#histogram 469 46'
- '#histogram 470 43'
- '#histogram 471 42'
- '#histogram 472 44'
- '#histogram 473 37'
- '#histogram 474 42'
- '#histogram 475 38'
- '#histogram 476 39'
- '#histogram 477 41'
- '#histogram 478 43'
- '#histogram 479 37'
- '#histogram 480 37'
- '#histogram 481 49'
- '#histogram 482 44'
- '#histogram 483 32'
- '#histogram 484 29'
- '#histogram 485 40'
- '#histogram 486 40'
- '#histogram 487 34'
- '#histogram 488 47'
- '#histogram 489 42'
- '#histogram 490 37'
- '#histogram 491 31'
- '#histogram 492 40'
- '#histogram 493 32'
- '#histogram 494 34'
- '#histogram 495 41'
- '#histogram 496 42'
- '#histogram 497 49'
- '#histogram 498 34'
- '#histogram 499 30'
- '#histogram 500 48'
- '#histogram 501 26'
- '#histogram 502 38'
- '#histogram 503 31'
- '#histogram 504 28'
- '#histogram 505 24'
- '#histogram 506 29'
- '#histogram 507 28'
- '#histogram 508 37'
- '#histogram 509 36'
- '#histogram 510 41'
- '#histogram 511 39'
- '#histogram 512 47'
- '#histogram 513 33'
- '#histogram 514 32'
- '#histogram 515 36'
- '#histogram 516 28'
- '#histogram 517 30'
- '#histogram 518 25'
- '#histogram 519 25'
- '#histogram 520 31'
- '#histogram 521 37'
- '#histogram 522 40'
- '#histogram 523 17'
- '#histogram 524 31'
- '#histogram 525 37'
- '#histogram 526 23'
- '#histogram 527 24'
- '#histogram 528 24'
- '#histogram 529 28'
- '#histogram 530 22'
- '#histogram 531 39'
- '#histogram 532 29'
- '#histogram 533 23'
- '#histogram 534 38'
- '#histogram 535 28'
- '#histogram 536 23'
- '#histogram 537 16'
- '#histogram 538 19'
- '#histogram 539 23'
- '#histogram 540 26'
- '#histogram 541 28'
- '#histogram 542 25'
- '#histogram 543 26'
- '#histogram 544 20'
- '#histogram 545 24'
- '#histogram 546 19'
- '#histogram 547 24'
- '#histogram 548 21'
- '#histogram 549 19'
- '#histogram 550 18'
- '#histogram 551 28'
- '#histogram 552 29'
- '#histogram 553 27'
- '#histogram 554 21'
- '#histogram 555 26'
- '#histogram 556 17'
- '#histogram 557 17'
- '#histogram 558 26'
- '#histogram 559 23'
- '#histogram 560 16'
- '#histogram 561 25'
- '#histogram 562 20'
- '#histogram 563 21'
- '#histogram 564 20'
- '#histogram 565 14'
- '#histogram 566 25'
- '#histogram 567 27'
- '#histogram 568 18'
- '#histogram 569 18'
- '#histogram 570 12'
- '#histogram 571 24'
- '#histogram 572 19'
- '#histogram 573 16'
- '#histogram 574 24'
- '#histogram 575 23'
- '#histogram 576 19'
- '#histogram 577 19'
- '#histogram 578 17'
- '#histogram 579 32'
- '#histogram 580 17'
- '#histogram 581 24'
- '#histogram 582 23'
- '#histogram 583 22'
- '#histogram 584 29'
- '#histogram 585 22'
- '#histogram 586 15'
- '#histogram 587 18'
- '#histogram 588 21'
- '#histogram 589 18'
- '#histogram 590 23'
- '#histogram 591 18'
- '#histogram 592 23'
- '#histogram 593 26'
- '#histogram 594 26'
- '#histogram 595 18'
- '#histogram 596 17'
- '#histogram 597 29'
- '#histogram 598 17'
- '#histogram 599 16'
- '#histogram 600 12'
- '#histogram 601 17'
- '#histogram 602 18'
- '#histogram 603 17'
- '#histogram 604 20'
- '#histogram 605 17'
- '#histogram 606 11'
- '#histogram 607 17'
- '#histogram 608 16'
- '#histogram 609 17'
- '#histogram 610 19'
- '#histogram 611 19'
- '#histogram 612 15'
- '#histogram 613 10'
- '#histogram 614 20'
- '#histogram 615 12'
- '#histogram 616 14'
- '#histogram 617 17'
- '#histogram 618 16'
- '#histogram 619 17'
- '#histogram 620 13'
- '#histogram 621 22'
- '#histogram 622 9'
- '#histogram 623 16'
- '#histogram 624 18'
- '#histogram 625 12'
- '#histogram 626 10'
- '#histogram 627 13'
- '#histogram 628 11'
- '#histogram 629 12'
- '#histogram 630 18'
- '#histogram 631 16'
- '#histogram 632 14'
- '#histogram 633 25'
- '#histogram 634 16'
- '#histogram 635 14'
- '#histogram 636 17'
- '#histogram 637 14'
- '#histogram 638 10'
- '#histogram 639 13'
- '#histogram 640 16'
- '#histogram 641 11'
- '#histogram 642 12'
- '#histogram 643 22'
- '#histogram 644 14'
- '#histogram 645 15'
- '#histogram 646 18'
- '#histogram 647 12'
- '#histogram 648 6'
- '#histogram 649 21'
- '#histogram 650 8'
- '#histogram 651 17'
- '#histogram 652 13'
- '#histogram 653 13'
- '#histogram 654 5'
- '#histogram 655 8'
- '#histogram 656 13'
- '#histogram 657 13'
- '#histogram 658 11'
- '#histogram 659 18'
- '#histogram 660 13'
- '#histogram 661 10'
- '#histogram 662 14'
- '#histogram 663 16'
- '#histogram 664 8'
- '#histogram 665 7'
- '#histogram 666 12'
- '#histogram 667 10'
- '#histogram 668 8'
- '#histogram 669 15'
- '#histogram 670 12'
- '#histogram 671 11'
- '#histogram 672 10'
- '#histogram 673 8'
- '#histogram 674 10'
- '#histogram 675 15'
- '#histogram 676 11'
- '#histogram 677 11'
- '#histogram 678 6'
- '#histogram 679 10'
- '#histogram 680 11'
- '#histogram 681 10'
- '#histogram 682 10'
- '#histogram 683 14'
- '#histogram 684 15'
- '#histogram 685 10'
- '#histogram 686 7'
- '#histogram 687 16'
- '#histogram 688 9'
- '#histogram 689 12'
- '#histogram 690 11'
- '#histogram 691 12'
- '#histogram 692 12'
- '#histogram 693 1'
- '#histogram 694 9'
- '#histogram 695 10'
- '#histogram 696 9'
- '#histogram 697 6'
- '#histogram 698 10'
- '#histogram 699 14'
- '#histogram 700 11'
- '#histogram 701 12'
- '#histogram 702 12'
- '#histogram 703 15'
- '#histogram 704 15'
- '#histogram 705 11'
- '#histogram 706 8'
- '#histogram 707 13'
- '#histogram 708 7'
- '#histogram 709 4'
- '#histogram 710 11'
- '#histogram 711 11'
- '#histogram 712 8'
- '#histogram 713 3'
- '#histogram 714 6'
- '#histogram 715 7'
- '#histogram 716 10'
- '#histogram 717 7'
- '#histogram 718 8'
- '#histogram 719 10'
- '#histogram 720 11'
- '#histogram 721 11'
- '#histogram 722 12'
- '#histogram 723 4'
- '#histogram 724 9'
- '#histogram 725 10'
- '#histogram 726 12'
- '#histogram 727 10'
- '#histogram 728 13'
- '#histogram 729 7'
- '#histogram 730 6'
- '#histogram 731 8'
- '#histogram 732 12'
- '#histogram 733 7'
- '#histogram 734 10'
- '#histogram 735 6'
- '#histogram 736 8'
- '#histogram 737 10'
- '#histogram 738 10'
- '#histogram 739 11'
- '#histogram 740 10'
- '#histogram 741 5'
- '#histogram 742 6'
- '#histogram 743 12'
- '#histogram 744 9'
- '#histogram 745 4'
- '#histogram 746 7'
- '#histogram 747 6'
- '#histogram 748 9'
- '#histogram 749 8'
- '#histogram 750 8'
- '#histogram 751 6'
- '#histogram 752 11'
- '#histogram 753 8'
- '#histogram 754 8'
- '#histogram 755 9'
- '#histogram 756 7'
- '#histogram 757 6'
- '#histogram 758 6'
- '#histogram 759 3'
- '#histogram 760 6'
- '#histogram 761 11'
- '#histogram 762 5'
- '#histogram 763 4'
- '#histogram 764 8'
- '#histogram 765 7'
- '#histogram 766 5'
- '#histogram 767 11'
- '#histogram 768 7'
- '#histogram 769 9'
- '#histogram 770 8'
- '#histogram 771 12'
- '#histogram 772 9'
- '#histogram 773 11'
- '#histogram 774 6'
- '#histogram 775 4'
- '#histogram 776 9'
- '#histogram 777 8'
- '#histogram 778 3'
- '#histogram 779 8'
- '#histogram 780 2'
- '#histogram 781 7'
- '#histogram 782 8'
- '#histogram 783 6'
- '#histogram 784 9'
- '#histogram 785 7'
- '#histogram 786 9'
- '#histogram 787 7'
- '#histogram 788 4'
- '#histogram 789 5'
- '#histogram 790 8'
- '#histogram 791 6'
- '#histogram 792 4'
- '#histogram 793 9'
- '#histogram 794 2'
- '#histogram 795 6'
- '#histogram 796 4'
- '#histogram 797 3'
- '#histogram 798 7'
- '#histogram 799 6'
- '#histogram 800 7'
- '#histogram 801 6'
- '#histogram 802 5'
- '#histogram 803 5'
- '#histogram 804 5'
- '#histogram 805 4'
- '#histogram 806 3'
- '#histogram 807 2'
- '#histogram 808 4'
- '#histogram 809 5'
- '#histogram 810 5'
- '#histogram 811 4'
- '#histogram 812 3'
- '#histogram 813 5'
- '#histogram 814 5'
- '#histogram 815 7'
- '#histogram 816 5'
- '#histogram 817 2'
- '#histogram 818 2'
- '#histogram 819 5'
- '#histogram 820 5'
- '#histogram 821 4'
- '#histogram 822 3'
- '#histogram 823 7'
- '#histogram 824 4'
- '#histogram 825 3'
- '#histogram 826 3'
- '#histogram 827 4'
- '#histogram 828 3'
- '#histogram 829 1'
- '#histogram 830 5'
- '#histogram 831 1'
- '#histogram 832 2'
- '#histogram 833 8'
- '#histogram 834 1'
- '#histogram 835 4'
- '#histogram 836 4'
- '#histogram 837 6'
- '#histogram 838 4'
- '#histogram 839 6'
- '#histogram 840 2'
- '#histogram 841 3'
- '#histogram 842 3'
- '#histogram 843 1'
- '#histogram 844 4'
- '#histogram 845 6'
- '#histogram 846 2'
- '#histogram 847 4'
- '#histogram 848 5'
- '#histogram 849 5'
- '#histogram 850 4'
- '#histogram 851 1'
- '#histogram 852 3'
- '#histogram 853 4'
- '#histogram 854 2'
- '#histogram 855 4'
- '#histogram 856 3'
- '#histogram 857 1'
- '#histogram 858 3'
- '#histogram 859 3'
- '#histogram 860 4'
- '#histogram 861 3'
- '#histogram 862 2'
- '#histogram 863 1'
- '#histogram 864 2'
- '#histogram 865 4'
- '#histogram 867 3'
- '#histogram 868 4'
- '#histogram 869 1'
- '#histogram 870 1'
- '#histogram 871 1'
- '#histogram 872 1'
- '#histogram 873 1'
- '#histogram 874 3'
- '#histogram 875 4'
- '#histogram 876 2'
- '#histogram 877 1'
- '#histogram 878 1'
- '#histogram 879 3'
- '#histogram 880 6'
- '#histogram 881 1'
- '#histogram 882 1'
- '#histogram 883 3'
- '#histogram 885 2'
- '#histogram 886 3'
- '#histogram 887 4'
- '#histogram 888 5'
- '#histogram 889 4'
- '#histogram 890 6'
- '#histogram 891 3'
- '#histogram 892 2'
- '#histogram 893 2'
- '#histogram 894 4'
- '#histogram 895 3'
- '#histogram 896 2'
- '#histogram 897 3'
- '#histogram 898 3'
- '#histogram 899 1'
- '#histogram 900 2'
- '#histogram 902 1'
- '#histogram 903 2'
- '#histogram 904 2'
- '#histogram 905 2'
- '#histogram 906 5'
- '#histogram 907 1'
- '#histogram 908 1'
- '#histogram 909 1'
- '#histogram 910 4'
- '#histogram 911 2'
- '#histogram 912 2'
- '#histogram 913 1'
- '#histogram 914 2'
- '#histogram 915 1'
- '#histogram 916 1'
- '#histogram 918 2'
- '#histogram 919 2'
- '#histogram 920 1'
- '#histogram 921 1'
- '#histogram 922 1'
- '#histogram 924 1'
- '#histogram 927 1'
- '#histogram 928 1'
- '#histogram 929 1'
- '#histogram 931 2'
- '#histogram 933 1'
- '#histogram 934 2'
- '#histogram 935 2'
- '#histogram 937 1'
- '#histogram 939 2'
- '#histogram 940 1'
- '#histogram 941 4'
- '#histogram 942 1'
- '#histogram 943 4'
- '#histogram 946 2'
- '#histogram 947 3'
- '#histogram 949 2'
- '#histogram 951 2'
- '#histogram 952 2'
- '#histogram 953 2'
- '#histogram 956 3'
- '#histogram 957 1'
- '#histogram 960 2'
- '#histogram 961 2'
- '#histogram 962 1'
- '#histogram 963 2'
- '#histogram 964 1'
- '#histogram 965 1'
- '#histogram 967 1'
- '#histogram 968 2'
- '#histogram 969 1'
- '#histogram 970 2'
- '#histogram 975 1'
- '#histogram 977 3'
- '#histogram 979 1'
- '#histogram 980 1'
- '#histogram 983 1'
- '#histogram 986 2'
- '#histogram 989 1'
- '#histogram 991 1'
- '#histogram 992 2'
- '#histogram 994 2'
- '#histogram 995 2'
- '#histogram 998 1'
- '#histogram 1002 2'
- '#histogram 1003 2'
- '#histogram 1004 1'
- '#histogram 1007 1'
- '#histogram 1008 1'
- '#histogram 1011 1'
- '#histogram 1013 1'
- '#histogram 1015 1'
- '#histogram 1016 1'
- '#histogram 1017 1'
- '#histogram 1020 3'
- '#histogram 1022 2'
- '#histogram 1025 3'
- '#histogram 1028 1'
- '#histogram 1029 1'
- '#histogram 1032 1'
- '#histogram 1034 1'
- '#histogram 1035 1'
- '#histogram 1041 2'
- '#histogram 1042 3'
- '#histogram 1043 1'
- '#histogram 1046 1'
- '#histogram 1047 1'
- '#histogram 1048 2'
- '#histogram 1050 1'
- '#histogram 1053 1'
- '#histogram 1059 1'
- '#histogram 1062 1'
- '#histogram 1067 1'
- '#histogram 1073 1'
- '#histogram 1076 1'
- '#histogram 1078 1'
- '#histogram 1082 1'
- '#histogram 1114 1'
- '#histogram 1116 1'
- '#histogram 1134 1'
- '#histogram 1137 1'
- '#histogram 1138 2'
- '#histogram 1150 1'
- '#histogram 1158 1'
- '#histogram 1159 1'
- '#histogram 1177 1'
- '#histogram 1184 1'
- '#histogram 1231 1'
- '#histogram 1232 1'
- '#histogram 1260 1'
- '#histogram 1264 1'
- '#histogram 1286 1'
- '#histogram 1297 1'
- '#histogram 1302 1'
- '#histogram 1316 1'
- '#histogram 1320 1'
- '#histogram 1353 1'
- '#histogram 1403 1'
- '#histogram 1565 1'
- ''
