code: 0
data:
  avg_latency: 0.125857
  histogram:
  - - 0
    - 0
  - - 1
    - 94
  - - 2
    - 348
  - - 3
    - 551
  - - 4
    - 687
  - - 5
    - 706
  - - 6
    - 729
  - - 7
    - 784
  - - 8
    - 717
  - - 9
    - 765
  - - 10
    - 755
  - - 11
    - 781
  - - 12
    - 765
  - - 13
    - 767
  - - 14
    - 749
  - - 15
    - 789
  - - 16
    - 730
  - - 17
    - 770
  - - 18
    - 801
  - - 19
    - 816
  - - 20
    - 835
  - - 21
    - 849
  - - 22
    - 887
  - - 23
    - 913
  - - 24
    - 909
  - - 25
    - 948
  - - 26
    - 1012
  - - 27
    - 988
  - - 28
    - 982
  - - 29
    - 1071
  - - 30
    - 1090
  - - 31
    - 1045
  - - 32
    - 1085
  - - 33
    - 1185
  - - 34
    - 1191
  - - 35
    - 1195
  - - 36
    - 1156
  - - 37
    - 1191
  - - 38
    - 1231
  - - 39
    - 1294
  - - 40
    - 1230
  - - 41
    - 1274
  - - 42
    - 1376
  - - 43
    - 1319
  - - 44
    - 1371
  - - 45
    - 1377
  - - 46
    - 1362
  - - 47
    - 1394
  - - 48
    - 1519
  - - 49
    - 1473
  - - 50
    - 1539
  - - 51
    - 1533
  - - 52
    - 1493
  - - 53
    - 1585
  - - 54
    - 1523
  - - 55
    - 1634
  - - 56
    - 1526
  - - 57
    - 1587
  - - 58
    - 1566
  - - 59
    - 1670
  - - 60
    - 1662
  - - 61
    - 1598
  - - 62
    - 1713
  - - 63
    - 1666
  - - 64
    - 1732
  - - 65
    - 1688
  - - 66
    - 1787
  - - 67
    - 1750
  - - 68
    - 1654
  - - 69
    - 1718
  - - 70
    - 1670
  - - 71
    - 1640
  - - 72
    - 1725
  - - 73
    - 1738
  - - 74
    - 1818
  - - 75
    - 1757
  - - 76
    - 1729
  - - 77
    - 1668
  - - 78
    - 1734
  - - 79
    - 1711
  - - 80
    - 1759
  - - 81
    - 1752
  - - 82
    - 1653
  - - 83
    - 1722
  - - 84
    - 1756
  - - 85
    - 1676
  - - 86
    - 1790
  - - 87
    - 1698
  - - 88
    - 1623
  - - 89
    - 1624
  - - 90
    - 1662
  - - 91
    - 1619
  - - 92
    - 1655
  - - 93
    - 1609
  - - 94
    - 1584
  - - 95
    - 1577
  - - 96
    - 1607
  - - 97
    - 1599
  - - 98
    - 1585
  - - 99
    - 1467
  - - 100
    - 1471
  - - 101
    - 1502
  - - 102
    - 1538
  - - 103
    - 1495
  - - 104
    - 1422
  - - 105
    - 1440
  - - 106
    - 1409
  - - 107
    - 1392
  - - 108
    - 1404
  - - 109
    - 1346
  - - 110
    - 1439
  - - 111
    - 1370
  - - 112
    - 1296
  - - 113
    - 1264
  - - 114
    - 1296
  - - 115
    - 1284
  - - 116
    - 1275
  - - 117
    - 1192
  - - 118
    - 1227
  - - 119
    - 1193
  - - 120
    - 1232
  - - 121
    - 1172
  - - 122
    - 1164
  - - 123
    - 1117
  - - 124
    - 1104
  - - 125
    - 1084
  - - 126
    - 1062
  - - 127
    - 1062
  - - 128
    - 1004
  - - 129
    - 1032
  - - 130
    - 1029
  - - 131
    - 976
  - - 132
    - 1005
  - - 133
    - 1026
  - - 134
    - 968
  - - 135
    - 927
  - - 136
    - 914
  - - 137
    - 931
  - - 138
    - 935
  - - 139
    - 896
  - - 140
    - 826
  - - 141
    - 887
  - - 142
    - 875
  - - 143
    - 871
  - - 144
    - 770
  - - 145
    - 767
  - - 146
    - 769
  - - 147
    - 813
  - - 148
    - 776
  - - 149
    - 758
  - - 150
    - 722
  - - 151
    - 691
  - - 152
    - 744
  - - 153
    - 654
  - - 154
    - 650
  - - 155
    - 644
  - - 156
    - 617
  - - 157
    - 601
  - - 158
    - 641
  - - 159
    - 580
  - - 160
    - 536
  - - 161
    - 550
  - - 162
    - 532
  - - 163
    - 534
  - - 164
    - 520
  - - 165
    - 522
  - - 166
    - 555
  - - 167
    - 496
  - - 168
    - 480
  - - 169
    - 498
  - - 170
    - 503
  - - 171
    - 496
  - - 172
    - 464
  - - 173
    - 461
  - - 174
    - 420
  - - 175
    - 446
  - - 176
    - 445
  - - 177
    - 375
  - - 178
    - 406
  - - 179
    - 404
  - - 180
    - 384
  - - 181
    - 360
  - - 182
    - 343
  - - 183
    - 366
  - - 184
    - 371
  - - 185
    - 369
  - - 186
    - 341
  - - 187
    - 318
  - - 188
    - 344
  - - 189
    - 298
  - - 190
    - 281
  - - 191
    - 316
  - - 192
    - 313
  - - 193
    - 303
  - - 194
    - 301
  - - 195
    - 278
  - - 196
    - 283
  - - 197
    - 240
  - - 198
    - 268
  - - 199
    - 237
  - - 200
    - 288
  - - 201
    - 268
  - - 202
    - 242
  - - 203
    - 259
  - - 204
    - 230
  - - 205
    - 220
  - - 206
    - 237
  - - 207
    - 243
  - - 208
    - 215
  - - 209
    - 216
  - - 210
    - 234
  - - 211
    - 211
  - - 212
    - 223
  - - 213
    - 219
  - - 214
    - 197
  - - 215
    - 198
  - - 216
    - 173
  - - 217
    - 170
  - - 218
    - 171
  - - 219
    - 179
  - - 220
    - 161
  - - 221
    - 201
  - - 222
    - 172
  - - 223
    - 175
  - - 224
    - 165
  - - 225
    - 150
  - - 226
    - 158
  - - 227
    - 152
  - - 228
    - 146
  - - 229
    - 125
  - - 230
    - 150
  - - 231
    - 148
  - - 232
    - 154
  - - 233
    - 114
  - - 234
    - 171
  - - 235
    - 135
  - - 236
    - 137
  - - 237
    - 137
  - - 238
    - 125
  - - 239
    - 133
  - - 240
    - 114
  - - 241
    - 144
  - - 242
    - 141
  - - 243
    - 102
  - - 244
    - 117
  - - 245
    - 113
  - - 246
    - 122
  - - 247
    - 100
  - - 248
    - 120
  - - 249
    - 113
  - - 250
    - 110
  - - 251
    - 113
  - - 252
    - 104
  - - 253
    - 96
  - - 254
    - 89
  - - 255
    - 110
  - - 256
    - 102
  - - 257
    - 77
  - - 258
    - 95
  - - 259
    - 91
  - - 260
    - 100
  - - 261
    - 84
  - - 262
    - 85
  - - 263
    - 84
  - - 264
    - 73
  - - 265
    - 73
  - - 266
    - 71
  - - 267
    - 76
  - - 268
    - 94
  - - 269
    - 49
  - - 270
    - 74
  - - 271
    - 77
  - - 272
    - 89
  - - 273
    - 78
  - - 274
    - 74
  - - 275
    - 71
  - - 276
    - 85
  - - 277
    - 76
  - - 278
    - 74
  - - 279
    - 78
  - - 280
    - 74
  - - 281
    - 58
  - - 282
    - 74
  - - 283
    - 65
  - - 284
    - 72
  - - 285
    - 65
  - - 286
    - 74
  - - 287
    - 76
  - - 288
    - 60
  - - 289
    - 63
  - - 290
    - 67
  - - 291
    - 56
  - - 292
    - 60
  - - 293
    - 72
  - - 294
    - 62
  - - 295
    - 74
  - - 296
    - 72
  - - 297
    - 80
  - - 298
    - 71
  - - 299
    - 48
  - - 300
    - 68
  - - 301
    - 81
  - - 302
    - 63
  - - 303
    - 61
  - - 304
    - 71
  - - 305
    - 65
  - - 306
    - 52
  - - 307
    - 58
  - - 308
    - 46
  - - 309
    - 60
  - - 310
    - 55
  - - 311
    - 68
  - - 312
    - 57
  - - 313
    - 53
  - - 314
    - 45
  - - 315
    - 54
  - - 316
    - 50
  - - 317
    - 59
  - - 318
    - 65
  - - 319
    - 67
  - - 320
    - 53
  - - 321
    - 47
  - - 322
    - 50
  - - 323
    - 71
  - - 324
    - 51
  - - 325
    - 37
  - - 326
    - 59
  - - 327
    - 58
  - - 328
    - 72
  - - 329
    - 49
  - - 330
    - 46
  - - 331
    - 50
  - - 332
    - 47
  - - 333
    - 49
  - - 334
    - 62
  - - 335
    - 48
  - - 336
    - 38
  - - 337
    - 37
  - - 338
    - 60
  - - 339
    - 67
  - - 340
    - 50
  - - 341
    - 63
  - - 342
    - 51
  - - 343
    - 60
  - - 344
    - 59
  - - 345
    - 48
  - - 346
    - 51
  - - 347
    - 44
  - - 348
    - 53
  - - 349
    - 46
  - - 350
    - 44
  - - 351
    - 44
  - - 352
    - 55
  - - 353
    - 49
  - - 354
    - 44
  - - 355
    - 55
  - - 356
    - 49
  - - 357
    - 49
  - - 358
    - 47
  - - 359
    - 35
  - - 360
    - 43
  - - 361
    - 31
  - - 362
    - 40
  - - 363
    - 46
  - - 364
    - 46
  - - 365
    - 45
  - - 366
    - 51
  - - 367
    - 51
  - - 368
    - 48
  - - 369
    - 54
  - - 370
    - 41
  - - 371
    - 48
  - - 372
    - 68
  - - 373
    - 44
  - - 374
    - 50
  - - 375
    - 37
  - - 376
    - 34
  - - 377
    - 40
  - - 378
    - 46
  - - 379
    - 47
  - - 380
    - 50
  - - 381
    - 44
  - - 382
    - 42
  - - 383
    - 39
  - - 384
    - 48
  - - 385
    - 38
  - - 386
    - 53
  - - 387
    - 48
  - - 388
    - 49
  - - 389
    - 46
  - - 390
    - 44
  - - 391
    - 39
  - - 392
    - 35
  - - 393
    - 43
  - - 394
    - 37
  - - 395
    - 40
  - - 396
    - 44
  - - 397
    - 49
  - - 398
    - 43
  - - 399
    - 46
  - - 400
    - 53
  - - 401
    - 38
  - - 402
    - 50
  - - 403
    - 44
  - - 404
    - 50
  - - 405
    - 52
  - - 406
    - 31
  - - 407
    - 57
  - - 408
    - 44
  - - 409
    - 60
  - - 410
    - 49
  - - 411
    - 49
  - - 412
    - 26
  - - 413
    - 46
  - - 414
    - 39
  - - 415
    - 43
  - - 416
    - 24
  - - 417
    - 34
  - - 418
    - 38
  - - 419
    - 44
  - - 420
    - 46
  - - 421
    - 38
  - - 422
    - 35
  - - 423
    - 30
  - - 424
    - 40
  - - 425
    - 32
  - - 426
    - 33
  - - 427
    - 56
  - - 428
    - 38
  - - 429
    - 40
  - - 430
    - 36
  - - 431
    - 36
  - - 432
    - 45
  - - 433
    - 42
  - - 434
    - 38
  - - 435
    - 40
  - - 436
    - 41
  - - 437
    - 40
  - - 438
    - 38
  - - 439
    - 30
  - - 440
    - 43
  - - 441
    - 28
  - - 442
    - 37
  - - 443
    - 26
  - - 444
    - 37
  - - 445
    - 45
  - - 446
    - 45
  - - 447
    - 44
  - - 448
    - 40
  - - 449
    - 45
  - - 450
    - 34
  - - 451
    - 28
  - - 452
    - 34
  - - 453
    - 46
  - - 454
    - 39
  - - 455
    - 36
  - - 456
    - 39
  - - 457
    - 38
  - - 458
    - 35
  - - 459
    - 31
  - - 460
    - 36
  - - 461
    - 30
  - - 462
    - 44
  - - 463
    - 43
  - - 464
    - 38
  - - 465
    - 38
  - - 466
    - 38
  - - 467
    - 33
  - - 468
    - 40
  - - 469
    - 34
  - - 470
    - 43
  - - 471
    - 36
  - - 472
    - 34
  - - 473
    - 35
  - - 474
    - 40
  - - 475
    - 29
  - - 476
    - 39
  - - 477
    - 38
  - - 478
    - 42
  - - 479
    - 44
  - - 480
    - 31
  - - 481
    - 28
  - - 482
    - 31
  - - 483
    - 30
  - - 484
    - 44
  - - 485
    - 33
  - - 486
    - 42
  - - 487
    - 41
  - - 488
    - 29
  - - 489
    - 30
  - - 490
    - 43
  - - 491
    - 34
  - - 492
    - 25
  - - 493
    - 36
  - - 494
    - 36
  - - 495
    - 28
  - - 496
    - 35
  - - 497
    - 35
  - - 498
    - 33
  - - 499
    - 28
  - - 500
    - 38
  - - 501
    - 31
  - - 502
    - 36
  - - 503
    - 44
  - - 504
    - 41
  - - 505
    - 27
  - - 506
    - 26
  - - 507
    - 23
  - - 508
    - 28
  - - 509
    - 34
  - - 510
    - 21
  - - 511
    - 41
  - - 512
    - 20
  - - 513
    - 31
  - - 514
    - 35
  - - 515
    - 31
  - - 516
    - 30
  - - 517
    - 23
  - - 518
    - 26
  - - 519
    - 27
  - - 520
    - 25
  - - 521
    - 15
  - - 522
    - 36
  - - 523
    - 39
  - - 524
    - 34
  - - 525
    - 25
  - - 526
    - 26
  - - 527
    - 26
  - - 528
    - 23
  - - 529
    - 22
  - - 530
    - 31
  - - 531
    - 24
  - - 532
    - 23
  - - 533
    - 32
  - - 534
    - 23
  - - 535
    - 18
  - - 536
    - 31
  - - 537
    - 39
  - - 538
    - 27
  - - 539
    - 33
  - - 540
    - 31
  - - 541
    - 27
  - - 542
    - 36
  - - 543
    - 27
  - - 544
    - 27
  - - 545
    - 24
  - - 546
    - 28
  - - 547
    - 25
  - - 548
    - 28
  - - 549
    - 33
  - - 550
    - 30
  - - 551
    - 24
  - - 552
    - 27
  - - 553
    - 30
  - - 554
    - 32
  - - 555
    - 21
  - - 556
    - 25
  - - 557
    - 21
  - - 558
    - 29
  - - 559
    - 23
  - - 560
    - 29
  - - 561
    - 35
  - - 562
    - 26
  - - 563
    - 31
  - - 564
    - 29
  - - 565
    - 34
  - - 566
    - 34
  - - 567
    - 25
  - - 568
    - 40
  - - 569
    - 28
  - - 570
    - 41
  - - 571
    - 26
  - - 572
    - 25
  - - 573
    - 33
  - - 574
    - 27
  - - 575
    - 26
  - - 576
    - 18
  - - 577
    - 25
  - - 578
    - 28
  - - 579
    - 23
  - - 580
    - 26
  - - 581
    - 27
  - - 582
    - 16
  - - 583
    - 24
  - - 584
    - 26
  - - 585
    - 24
  - - 586
    - 28
  - - 587
    - 21
  - - 588
    - 29
  - - 589
    - 18
  - - 590
    - 28
  - - 591
    - 17
  - - 592
    - 30
  - - 593
    - 26
  - - 594
    - 33
  - - 595
    - 33
  - - 596
    - 18
  - - 597
    - 24
  - - 598
    - 20
  - - 599
    - 22
  - - 600
    - 15
  - - 601
    - 21
  - - 602
    - 21
  - - 603
    - 23
  - - 604
    - 27
  - - 605
    - 32
  - - 606
    - 27
  - - 607
    - 17
  - - 608
    - 14
  - - 609
    - 24
  - - 610
    - 24
  - - 611
    - 28
  - - 612
    - 23
  - - 613
    - 16
  - - 614
    - 26
  - - 615
    - 16
  - - 616
    - 20
  - - 617
    - 17
  - - 618
    - 26
  - - 619
    - 17
  - - 620
    - 17
  - - 621
    - 22
  - - 622
    - 26
  - - 623
    - 19
  - - 624
    - 18
  - - 625
    - 12
  - - 626
    - 13
  - - 627
    - 19
  - - 628
    - 25
  - - 629
    - 15
  - - 630
    - 21
  - - 631
    - 13
  - - 632
    - 29
  - - 633
    - 27
  - - 634
    - 23
  - - 635
    - 20
  - - 636
    - 22
  - - 637
    - 23
  - - 638
    - 12
  - - 639
    - 20
  - - 640
    - 30
  - - 641
    - 23
  - - 642
    - 20
  - - 643
    - 16
  - - 644
    - 24
  - - 645
    - 15
  - - 646
    - 16
  - - 647
    - 26
  - - 648
    - 15
  - - 649
    - 16
  - - 650
    - 21
  - - 651
    - 16
  - - 652
    - 8
  - - 653
    - 17
  - - 654
    - 22
  - - 655
    - 26
  - - 656
    - 19
  - - 657
    - 18
  - - 658
    - 20
  - - 659
    - 21
  - - 660
    - 20
  - - 661
    - 24
  - - 662
    - 22
  - - 663
    - 23
  - - 664
    - 18
  - - 665
    - 23
  - - 666
    - 20
  - - 667
    - 21
  - - 668
    - 17
  - - 669
    - 17
  - - 670
    - 14
  - - 671
    - 22
  - - 672
    - 10
  - - 673
    - 14
  - - 674
    - 20
  - - 675
    - 25
  - - 676
    - 14
  - - 677
    - 23
  - - 678
    - 16
  - - 679
    - 17
  - - 680
    - 16
  - - 681
    - 16
  - - 682
    - 15
  - - 683
    - 19
  - - 684
    - 19
  - - 685
    - 22
  - - 686
    - 14
  - - 687
    - 22
  - - 688
    - 20
  - - 689
    - 22
  - - 690
    - 16
  - - 691
    - 14
  - - 692
    - 26
  - - 693
    - 19
  - - 694
    - 12
  - - 695
    - 7
  - - 696
    - 16
  - - 697
    - 13
  - - 698
    - 21
  - - 699
    - 15
  - - 700
    - 18
  - - 701
    - 16
  - - 702
    - 15
  - - 703
    - 13
  - - 704
    - 10
  - - 705
    - 13
  - - 706
    - 21
  - - 707
    - 16
  - - 708
    - 21
  - - 709
    - 15
  - - 710
    - 15
  - - 711
    - 16
  - - 712
    - 23
  - - 713
    - 17
  - - 714
    - 20
  - - 715
    - 17
  - - 716
    - 17
  - - 717
    - 22
  - - 718
    - 15
  - - 719
    - 14
  - - 720
    - 23
  - - 721
    - 8
  - - 722
    - 24
  - - 723
    - 16
  - - 724
    - 10
  - - 725
    - 9
  - - 726
    - 15
  - - 727
    - 12
  - - 728
    - 16
  - - 729
    - 17
  - - 730
    - 17
  - - 731
    - 11
  - - 732
    - 12
  - - 733
    - 16
  - - 734
    - 12
  - - 735
    - 19
  - - 736
    - 12
  - - 737
    - 21
  - - 738
    - 7
  - - 739
    - 13
  - - 740
    - 11
  - - 741
    - 15
  - - 742
    - 14
  - - 743
    - 20
  - - 744
    - 13
  - - 745
    - 18
  - - 746
    - 13
  - - 747
    - 13
  - - 748
    - 21
  - - 749
    - 13
  - - 750
    - 14
  - - 751
    - 10
  - - 752
    - 14
  - - 753
    - 8
  - - 754
    - 10
  - - 755
    - 11
  - - 756
    - 11
  - - 757
    - 12
  - - 758
    - 12
  - - 759
    - 26
  - - 760
    - 6
  - - 761
    - 12
  - - 762
    - 9
  - - 763
    - 14
  - - 764
    - 14
  - - 765
    - 12
  - - 766
    - 9
  - - 767
    - 18
  - - 768
    - 15
  - - 769
    - 15
  - - 770
    - 12
  - - 771
    - 17
  - - 772
    - 14
  - - 773
    - 9
  - - 774
    - 16
  - - 775
    - 7
  - - 776
    - 15
  - - 777
    - 10
  - - 778
    - 12
  - - 779
    - 13
  - - 780
    - 8
  - - 781
    - 16
  - - 782
    - 14
  - - 783
    - 5
  - - 784
    - 12
  - - 785
    - 10
  - - 786
    - 17
  - - 787
    - 11
  - - 788
    - 13
  - - 789
    - 9
  - - 790
    - 13
  - - 791
    - 14
  - - 792
    - 10
  - - 793
    - 10
  - - 794
    - 11
  - - 795
    - 12
  - - 796
    - 8
  - - 797
    - 9
  - - 798
    - 8
  - - 799
    - 11
  - - 800
    - 11
  - - 801
    - 7
  - - 802
    - 10
  - - 803
    - 8
  - - 804
    - 9
  - - 805
    - 16
  - - 806
    - 10
  - - 807
    - 4
  - - 808
    - 8
  - - 809
    - 5
  - - 810
    - 9
  - - 811
    - 10
  - - 812
    - 8
  - - 813
    - 6
  - - 814
    - 9
  - - 815
    - 7
  - - 816
    - 11
  - - 817
    - 8
  - - 818
    - 9
  - - 819
    - 7
  - - 820
    - 9
  - - 821
    - 8
  - - 822
    - 9
  - - 823
    - 9
  - - 824
    - 5
  - - 825
    - 5
  - - 826
    - 10
  - - 827
    - 8
  - - 828
    - 5
  - - 829
    - 10
  - - 830
    - 10
  - - 831
    - 8
  - - 832
    - 7
  - - 833
    - 3
  - - 834
    - 12
  - - 835
    - 10
  - - 836
    - 8
  - - 837
    - 8
  - - 838
    - 9
  - - 839
    - 15
  - - 840
    - 9
  - - 841
    - 14
  - - 842
    - 8
  - - 843
    - 8
  - - 844
    - 7
  - - 845
    - 11
  - - 846
    - 9
  - - 847
    - 14
  - - 848
    - 7
  - - 849
    - 4
  - - 850
    - 7
  - - 851
    - 4
  - - 852
    - 5
  - - 853
    - 3
  - - 854
    - 7
  - - 855
    - 8
  - - 856
    - 6
  - - 857
    - 3
  - - 858
    - 11
  - - 859
    - 7
  - - 860
    - 6
  - - 861
    - 7
  - - 862
    - 13
  - - 863
    - 6
  - - 864
    - 12
  - - 865
    - 5
  - - 866
    - 5
  - - 867
    - 12
  - - 868
    - 7
  - - 869
    - 7
  - - 870
    - 7
  - - 871
    - 9
  - - 872
    - 4
  - - 873
    - 2
  - - 874
    - 7
  - - 875
    - 5
  - - 876
    - 10
  - - 877
    - 9
  - - 878
    - 5
  - - 879
    - 8
  - - 880
    - 5
  - - 881
    - 8
  - - 882
    - 10
  - - 883
    - 7
  - - 884
    - 5
  - - 885
    - 8
  - - 886
    - 8
  - - 887
    - 9
  - - 888
    - 11
  - - 889
    - 10
  - - 890
    - 5
  - - 891
    - 5
  - - 892
    - 5
  - - 893
    - 6
  - - 894
    - 8
  - - 895
    - 6
  - - 896
    - 6
  - - 897
    - 10
  - - 898
    - 5
  - - 899
    - 6
  - - 900
    - 8
  - - 901
    - 5
  - - 902
    - 1
  - - 903
    - 2
  - - 904
    - 4
  - - 905
    - 5
  - - 906
    - 4
  - - 907
    - 4
  - - 908
    - 6
  - - 909
    - 5
  - - 910
    - 9
  - - 911
    - 6
  - - 912
    - 9
  - - 913
    - 3
  - - 914
    - 3
  - - 915
    - 3
  - - 916
    - 1
  - - 917
    - 7
  - - 918
    - 4
  - - 919
    - 5
  - - 920
    - 5
  - - 921
    - 9
  - - 922
    - 5
  - - 923
    - 7
  - - 924
    - 6
  - - 925
    - 6
  - - 926
    - 6
  - - 927
    - 3
  - - 928
    - 2
  - - 929
    - 7
  - - 930
    - 5
  - - 931
    - 4
  - - 932
    - 2
  - - 933
    - 5
  - - 934
    - 3
  - - 936
    - 3
  - - 937
    - 5
  - - 938
    - 5
  - - 939
    - 2
  - - 940
    - 6
  - - 941
    - 3
  - - 942
    - 2
  - - 943
    - 2
  - - 944
    - 7
  - - 946
    - 4
  - - 947
    - 1
  - - 948
    - 3
  - - 949
    - 6
  - - 950
    - 11
  - - 951
    - 5
  - - 952
    - 2
  - - 953
    - 3
  - - 954
    - 5
  - - 955
    - 6
  - - 956
    - 7
  - - 957
    - 2
  - - 959
    - 3
  - - 960
    - 2
  - - 961
    - 4
  - - 962
    - 2
  - - 963
    - 7
  - - 965
    - 2
  - - 966
    - 4
  - - 968
    - 4
  - - 969
    - 3
  - - 970
    - 2
  - - 971
    - 2
  - - 972
    - 4
  - - 974
    - 3
  - - 975
    - 4
  - - 976
    - 4
  - - 977
    - 1
  - - 978
    - 4
  - - 979
    - 5
  - - 980
    - 2
  - - 981
    - 4
  - - 982
    - 1
  - - 983
    - 2
  - - 984
    - 1
  - - 985
    - 2
  - - 986
    - 2
  - - 987
    - 4
  - - 988
    - 4
  - - 989
    - 3
  - - 990
    - 6
  - - 991
    - 1
  - - 992
    - 4
  - - 993
    - 3
  - - 994
    - 3
  - - 995
    - 3
  - - 996
    - 1
  - - 997
    - 2
  - - 998
    - 3
  - - 999
    - 2
  - - 1000
    - 1
  - - 1001
    - 2
  - - 1002
    - 2
  - - 1003
    - 6
  - - 1004
    - 1
  - - 1005
    - 4
  - - 1006
    - 2
  - - 1007
    - 3
  - - 1008
    - 2
  - - 1009
    - 3
  - - 1010
    - 3
  - - 1011
    - 6
  - - 1012
    - 2
  - - 1013
    - 7
  - - 1014
    - 2
  - - 1015
    - 1
  - - 1016
    - 5
  - - 1017
    - 5
  - - 1018
    - 3
  - - 1019
    - 3
  - - 1020
    - 2
  - - 1021
    - 1
  - - 1022
    - 3
  - - 1023
    - 2
  - - 1025
    - 1
  - - 1026
    - 7
  - - 1027
    - 1
  - - 1028
    - 2
  - - 1029
    - 2
  - - 1030
    - 3
  - - 1031
    - 1
  - - 1032
    - 2
  - - 1033
    - 3
  - - 1034
    - 2
  - - 1035
    - 2
  - - 1036
    - 1
  - - 1037
    - 6
  - - 1038
    - 2
  - - 1039
    - 2
  - - 1040
    - 2
  - - 1041
    - 2
  - - 1042
    - 1
  - - 1043
    - 3
  - - 1044
    - 3
  - - 1045
    - 3
  - - 1046
    - 1
  - - 1047
    - 3
  - - 1048
    - 2
  - - 1049
    - 2
  - - 1051
    - 3
  - - 1053
    - 2
  - - 1054
    - 2
  - - 1055
    - 3
  - - 1056
    - 4
  - - 1058
    - 1
  - - 1059
    - 3
  - - 1061
    - 1
  - - 1063
    - 1
  - - 1064
    - 3
  - - 1065
    - 2
  - - 1066
    - 4
  - - 1067
    - 3
  - - 1068
    - 1
  - - 1069
    - 2
  - - 1073
    - 2
  - - 1075
    - 1
  - - 1076
    - 2
  - - 1079
    - 5
  - - 1080
    - 1
  - - 1082
    - 2
  - - 1083
    - 1
  - - 1084
    - 2
  - - 1085
    - 1
  - - 1086
    - 3
  - - 1089
    - 1
  - - 1090
    - 1
  - - 1091
    - 1
  - - 1092
    - 2
  - - 1093
    - 1
  - - 1094
    - 1
  - - 1096
    - 3
  - - 1097
    - 2
  - - 1098
    - 2
  - - 1100
    - 1
  - - 1102
    - 1
  - - 1103
    - 1
  - - 1106
    - 4
  - - 1107
    - 1
  - - 1109
    - 2
  - - 1110
    - 2
  - - 1112
    - 1
  - - 1114
    - 1
  - - 1115
    - 3
  - - 1117
    - 1
  - - 1120
    - 2
  - - 1121
    - 1
  - - 1122
    - 1
  - - 1123
    - 1
  - - 1126
    - 1
  - - 1127
    - 3
  - - 1129
    - 3
  - - 1132
    - 1
  - - 1133
    - 1
  - - 1134
    - 1
  - - 1136
    - 1
  - - 1138
    - 1
  - - 1139
    - 1
  - - 1142
    - 1
  - - 1143
    - 1
  - - 1144
    - 3
  - - 1145
    - 1
  - - 1146
    - 1
  - - 1147
    - 2
  - - 1148
    - 1
  - - 1150
    - 2
  - - 1151
    - 1
  - - 1152
    - 1
  - - 1154
    - 2
  - - 1155
    - 2
  - - 1156
    - 2
  - - 1157
    - 1
  - - 1158
    - 2
  - - 1159
    - 3
  - - 1160
    - 1
  - - 1161
    - 1
  - - 1163
    - 1
  - - 1164
    - 1
  - - 1167
    - 1
  - - 1168
    - 1
  - - 1171
    - 1
  - - 1172
    - 1
  - - 1174
    - 1
  - - 1176
    - 3
  - - 1177
    - 1
  - - 1178
    - 2
  - - 1179
    - 1
  - - 1181
    - 3
  - - 1182
    - 3
  - - 1185
    - 2
  - - 1186
    - 2
  - - 1190
    - 1
  - - 1193
    - 2
  - - 1197
    - 2
  - - 1199
    - 2
  - - 1200
    - 2
  - - 1201
    - 1
  - - 1204
    - 1
  - - 1205
    - 2
  - - 1207
    - 1
  - - 1208
    - 2
  - - 1211
    - 2
  - - 1212
    - 2
  - - 1213
    - 1
  - - 1214
    - 2
  - - 1215
    - 1
  - - 1220
    - 1
  - - 1223
    - 1
  - - 1225
    - 1
  - - 1227
    - 1
  - - 1230
    - 1
  - - 1235
    - 2
  - - 1236
    - 2
  - - 1237
    - 1
  - - 1238
    - 1
  - - 1239
    - 1
  - - 1240
    - 3
  - - 1242
    - 1
  - - 1247
    - 1
  - - 1255
    - 1
  - - 1256
    - 1
  - - 1260
    - 1
  - - 1264
    - 1
  - - 1265
    - 1
  - - 1270
    - 2
  - - 1271
    - 2
  - - 1272
    - 2
  - - 1277
    - 1
  - - 1278
    - 1
  - - 1282
    - 2
  - - 1283
    - 1
  - - 1285
    - 1
  - - 1287
    - 1
  - - 1288
    - 1
  - - 1289
    - 1
  - - 1290
    - 1
  - - 1311
    - 2
  - - 1314
    - 1
  - - 1317
    - 1
  - - 1321
    - 1
  - - 1323
    - 1
  - - 1329
    - 1
  - - 1330
    - 1
  - - 1342
    - 1
  - - 1348
    - 1
  - - 1352
    - 1
  - - 1377
    - 1
  - - 1384
    - 1
  - - 1386
    - 1
  - - 1406
    - 1
  - - 1442
    - 1
  - - 1449
    - 1
  - - 1453
    - 1
  - - 1460
    - 2
  - - 1513
    - 1
  - - 1540
    - 1
  - - 1587
    - 1
  - - 1932
    - 1
  - - 2099
    - 1
  latency_50_percentile: 92.0
  latency_95_percentile: 389.0
  latency_99_5_percentile: 839.0
  latency_99_percentile: 732.0
  max_kubedns_cpu: 576
  max_kubedns_memory: 30
  max_latency: 2.099157
  max_perfserver_cpu: 0
  max_perfserver_memory: 0
  min_latency: 0.00102
  msg: null
  ok: true
  qps: 793.566836
  queries_completed: 238160
  queries_lost: 0
  queries_sent: 238160
  run_time: 300.113348
  stddev_latency: 0.132057
params:
  max_qps: null
  pod_name: dns-perf-client-858fb7568b-p5l9b
  query_file: all-queries.txt
  run_id: 1777677315
  run_length_seconds: 300
  run_subid: 0
stderr:
- ''
stdout:
- DNS Performance Testing Tool
- Nominum Version 2.1.0.0
- ''
- '[Status] Command line: dnsperf -s 10.0.0.10 -l 300 -d /queries/all-queries.txt'
- '[Status] Sending queries (to 10.0.0.10)'
- '[Status] Started at: Fri May  1 23:15:52 2026'
- '[Status] Stopping after 300.000000 seconds'
- '[Status] Testing complete (time limit)'
- ''
- 'Statistics:'
- ''
- '  Queries sent:         238160'
- '  Queries completed:    238160 (100.00%)'
- '  Queries lost:         0 (0.00%)'
- ''
- '  Response codes:       NOERROR 28578 (12.00%), NXDOMAIN 209582 (88.00%)'
- '  Average packet size:  request 38, response 122'
- '  Run time (s):         300.113348'
- '  Queries per second:   793.566836'
- ''
- '  Average Latency (s):  0.125857 (min 0.001020, max 2.099157)'
- '  Latency StdDev (s):   0.132057'
- ''
- '  Latency histogram'
- '#histogram 0 0'
- '#histogram 1 94'
- '#histogram 2 348'
- '#histogram 3 551'
- '#histogram 4 687'
- '#histogram 5 706'
- '#histogram 6 729'
- '#histogram 7 784'
- '#histogram 8 717'
- '#histogram 9 765'
- '#histogram 10 755'
- '#histogram 11 781'
- '#histogram 12 765'
- '#histogram 13 767'
- '#histogram 14 749'
- '#histogram 15 789'
- '#histogram 16 730'
- '#histogram 17 770'
- '#histogram 18 801'
- '#histogram 19 816'
- '#histogram 20 835'
- '#histogram 21 849'
- '#histogram 22 887'
- '#histogram 23 913'
- '#histogram 24 909'
- '#histogram 25 948'
- '#histogram 26 1012'
- '#histogram 27 988'
- '#histogram 28 982'
- '#histogram 29 1071'
- '#histogram 30 1090'
- '#histogram 31 1045'
- '#histogram 32 1085'
- '#histogram 33 1185'
- '#histogram 34 1191'
- '#histogram 35 1195'
- '#histogram 36 1156'
- '#histogram 37 1191'
- '#histogram 38 1231'
- '#histogram 39 1294'
- '#histogram 40 1230'
- '#histogram 41 1274'
- '#histogram 42 1376'
- '#histogram 43 1319'
- '#histogram 44 1371'
- '#histogram 45 1377'
- '#histogram 46 1362'
- '#histogram 47 1394'
- '#histogram 48 1519'
- '#histogram 49 1473'
- '#histogram 50 1539'
- '#histogram 51 1533'
- '#histogram 52 1493'
- '#histogram 53 1585'
- '#histogram 54 1523'
- '#histogram 55 1634'
- '#histogram 56 1526'
- '#histogram 57 1587'
- '#histogram 58 1566'
- '#histogram 59 1670'
- '#histogram 60 1662'
- '#histogram 61 1598'
- '#histogram 62 1713'
- '#histogram 63 1666'
- '#histogram 64 1732'
- '#histogram 65 1688'
- '#histogram 66 1787'
- '#histogram 67 1750'
- '#histogram 68 1654'
- '#histogram 69 1718'
- '#histogram 70 1670'
- '#histogram 71 1640'
- '#histogram 72 1725'
- '#histogram 73 1738'
- '#histogram 74 1818'
- '#histogram 75 1757'
- '#histogram 76 1729'
- '#histogram 77 1668'
- '#histogram 78 1734'
- '#histogram 79 1711'
- '#histogram 80 1759'
- '#histogram 81 1752'
- '#histogram 82 1653'
- '#histogram 83 1722'
- '#histogram 84 1756'
- '#histogram 85 1676'
- '#histogram 86 1790'
- '#histogram 87 1698'
- '#histogram 88 1623'
- '#histogram 89 1624'
- '#histogram 90 1662'
- '#histogram 91 1619'
- '#histogram 92 1655'
- '#histogram 93 1609'
- '#histogram 94 1584'
- '#histogram 95 1577'
- '#histogram 96 1607'
- '#histogram 97 1599'
- '#histogram 98 1585'
- '#histogram 99 1467'
- '#histogram 100 1471'
- '#histogram 101 1502'
- '#histogram 102 1538'
- '#histogram 103 1495'
- '#histogram 104 1422'
- '#histogram 105 1440'
- '#histogram 106 1409'
- '#histogram 107 1392'
- '#histogram 108 1404'
- '#histogram 109 1346'
- '#histogram 110 1439'
- '#histogram 111 1370'
- '#histogram 112 1296'
- '#histogram 113 1264'
- '#histogram 114 1296'
- '#histogram 115 1284'
- '#histogram 116 1275'
- '#histogram 117 1192'
- '#histogram 118 1227'
- '#histogram 119 1193'
- '#histogram 120 1232'
- '#histogram 121 1172'
- '#histogram 122 1164'
- '#histogram 123 1117'
- '#histogram 124 1104'
- '#histogram 125 1084'
- '#histogram 126 1062'
- '#histogram 127 1062'
- '#histogram 128 1004'
- '#histogram 129 1032'
- '#histogram 130 1029'
- '#histogram 131 976'
- '#histogram 132 1005'
- '#histogram 133 1026'
- '#histogram 134 968'
- '#histogram 135 927'
- '#histogram 136 914'
- '#histogram 137 931'
- '#histogram 138 935'
- '#histogram 139 896'
- '#histogram 140 826'
- '#histogram 141 887'
- '#histogram 142 875'
- '#histogram 143 871'
- '#histogram 144 770'
- '#histogram 145 767'
- '#histogram 146 769'
- '#histogram 147 813'
- '#histogram 148 776'
- '#histogram 149 758'
- '#histogram 150 722'
- '#histogram 151 691'
- '#histogram 152 744'
- '#histogram 153 654'
- '#histogram 154 650'
- '#histogram 155 644'
- '#histogram 156 617'
- '#histogram 157 601'
- '#histogram 158 641'
- '#histogram 159 580'
- '#histogram 160 536'
- '#histogram 161 550'
- '#histogram 162 532'
- '#histogram 163 534'
- '#histogram 164 520'
- '#histogram 165 522'
- '#histogram 166 555'
- '#histogram 167 496'
- '#histogram 168 480'
- '#histogram 169 498'
- '#histogram 170 503'
- '#histogram 171 496'
- '#histogram 172 464'
- '#histogram 173 461'
- '#histogram 174 420'
- '#histogram 175 446'
- '#histogram 176 445'
- '#histogram 177 375'
- '#histogram 178 406'
- '#histogram 179 404'
- '#histogram 180 384'
- '#histogram 181 360'
- '#histogram 182 343'
- '#histogram 183 366'
- '#histogram 184 371'
- '#histogram 185 369'
- '#histogram 186 341'
- '#histogram 187 318'
- '#histogram 188 344'
- '#histogram 189 298'
- '#histogram 190 281'
- '#histogram 191 316'
- '#histogram 192 313'
- '#histogram 193 303'
- '#histogram 194 301'
- '#histogram 195 278'
- '#histogram 196 283'
- '#histogram 197 240'
- '#histogram 198 268'
- '#histogram 199 237'
- '#histogram 200 288'
- '#histogram 201 268'
- '#histogram 202 242'
- '#histogram 203 259'
- '#histogram 204 230'
- '#histogram 205 220'
- '#histogram 206 237'
- '#histogram 207 243'
- '#histogram 208 215'
- '#histogram 209 216'
- '#histogram 210 234'
- '#histogram 211 211'
- '#histogram 212 223'
- '#histogram 213 219'
- '#histogram 214 197'
- '#histogram 215 198'
- '#histogram 216 173'
- '#histogram 217 170'
- '#histogram 218 171'
- '#histogram 219 179'
- '#histogram 220 161'
- '#histogram 221 201'
- '#histogram 222 172'
- '#histogram 223 175'
- '#histogram 224 165'
- '#histogram 225 150'
- '#histogram 226 158'
- '#histogram 227 152'
- '#histogram 228 146'
- '#histogram 229 125'
- '#histogram 230 150'
- '#histogram 231 148'
- '#histogram 232 154'
- '#histogram 233 114'
- '#histogram 234 171'
- '#histogram 235 135'
- '#histogram 236 137'
- '#histogram 237 137'
- '#histogram 238 125'
- '#histogram 239 133'
- '#histogram 240 114'
- '#histogram 241 144'
- '#histogram 242 141'
- '#histogram 243 102'
- '#histogram 244 117'
- '#histogram 245 113'
- '#histogram 246 122'
- '#histogram 247 100'
- '#histogram 248 120'
- '#histogram 249 113'
- '#histogram 250 110'
- '#histogram 251 113'
- '#histogram 252 104'
- '#histogram 253 96'
- '#histogram 254 89'
- '#histogram 255 110'
- '#histogram 256 102'
- '#histogram 257 77'
- '#histogram 258 95'
- '#histogram 259 91'
- '#histogram 260 100'
- '#histogram 261 84'
- '#histogram 262 85'
- '#histogram 263 84'
- '#histogram 264 73'
- '#histogram 265 73'
- '#histogram 266 71'
- '#histogram 267 76'
- '#histogram 268 94'
- '#histogram 269 49'
- '#histogram 270 74'
- '#histogram 271 77'
- '#histogram 272 89'
- '#histogram 273 78'
- '#histogram 274 74'
- '#histogram 275 71'
- '#histogram 276 85'
- '#histogram 277 76'
- '#histogram 278 74'
- '#histogram 279 78'
- '#histogram 280 74'
- '#histogram 281 58'
- '#histogram 282 74'
- '#histogram 283 65'
- '#histogram 284 72'
- '#histogram 285 65'
- '#histogram 286 74'
- '#histogram 287 76'
- '#histogram 288 60'
- '#histogram 289 63'
- '#histogram 290 67'
- '#histogram 291 56'
- '#histogram 292 60'
- '#histogram 293 72'
- '#histogram 294 62'
- '#histogram 295 74'
- '#histogram 296 72'
- '#histogram 297 80'
- '#histogram 298 71'
- '#histogram 299 48'
- '#histogram 300 68'
- '#histogram 301 81'
- '#histogram 302 63'
- '#histogram 303 61'
- '#histogram 304 71'
- '#histogram 305 65'
- '#histogram 306 52'
- '#histogram 307 58'
- '#histogram 308 46'
- '#histogram 309 60'
- '#histogram 310 55'
- '#histogram 311 68'
- '#histogram 312 57'
- '#histogram 313 53'
- '#histogram 314 45'
- '#histogram 315 54'
- '#histogram 316 50'
- '#histogram 317 59'
- '#histogram 318 65'
- '#histogram 319 67'
- '#histogram 320 53'
- '#histogram 321 47'
- '#histogram 322 50'
- '#histogram 323 71'
- '#histogram 324 51'
- '#histogram 325 37'
- '#histogram 326 59'
- '#histogram 327 58'
- '#histogram 328 72'
- '#histogram 329 49'
- '#histogram 330 46'
- '#histogram 331 50'
- '#histogram 332 47'
- '#histogram 333 49'
- '#histogram 334 62'
- '#histogram 335 48'
- '#histogram 336 38'
- '#histogram 337 37'
- '#histogram 338 60'
- '#histogram 339 67'
- '#histogram 340 50'
- '#histogram 341 63'
- '#histogram 342 51'
- '#histogram 343 60'
- '#histogram 344 59'
- '#histogram 345 48'
- '#histogram 346 51'
- '#histogram 347 44'
- '#histogram 348 53'
- '#histogram 349 46'
- '#histogram 350 44'
- '#histogram 351 44'
- '#histogram 352 55'
- '#histogram 353 49'
- '#histogram 354 44'
- '#histogram 355 55'
- '#histogram 356 49'
- '#histogram 357 49'
- '#histogram 358 47'
- '#histogram 359 35'
- '#histogram 360 43'
- '#histogram 361 31'
- '#histogram 362 40'
- '#histogram 363 46'
- '#histogram 364 46'
- '#histogram 365 45'
- '#histogram 366 51'
- '#histogram 367 51'
- '#histogram 368 48'
- '#histogram 369 54'
- '#histogram 370 41'
- '#histogram 371 48'
- '#histogram 372 68'
- '#histogram 373 44'
- '#histogram 374 50'
- '#histogram 375 37'
- '#histogram 376 34'
- '#histogram 377 40'
- '#histogram 378 46'
- '#histogram 379 47'
- '#histogram 380 50'
- '#histogram 381 44'
- '#histogram 382 42'
- '#histogram 383 39'
- '#histogram 384 48'
- '#histogram 385 38'
- '#histogram 386 53'
- '#histogram 387 48'
- '#histogram 388 49'
- '#histogram 389 46'
- '#histogram 390 44'
- '#histogram 391 39'
- '#histogram 392 35'
- '#histogram 393 43'
- '#histogram 394 37'
- '#histogram 395 40'
- '#histogram 396 44'
- '#histogram 397 49'
- '#histogram 398 43'
- '#histogram 399 46'
- '#histogram 400 53'
- '#histogram 401 38'
- '#histogram 402 50'
- '#histogram 403 44'
- '#histogram 404 50'
- '#histogram 405 52'
- '#histogram 406 31'
- '#histogram 407 57'
- '#histogram 408 44'
- '#histogram 409 60'
- '#histogram 410 49'
- '#histogram 411 49'
- '#histogram 412 26'
- '#histogram 413 46'
- '#histogram 414 39'
- '#histogram 415 43'
- '#histogram 416 24'
- '#histogram 417 34'
- '#histogram 418 38'
- '#histogram 419 44'
- '#histogram 420 46'
- '#histogram 421 38'
- '#histogram 422 35'
- '#histogram 423 30'
- '#histogram 424 40'
- '#histogram 425 32'
- '#histogram 426 33'
- '#histogram 427 56'
- '#histogram 428 38'
- '#histogram 429 40'
- '#histogram 430 36'
- '#histogram 431 36'
- '#histogram 432 45'
- '#histogram 433 42'
- '#histogram 434 38'
- '#histogram 435 40'
- '#histogram 436 41'
- '#histogram 437 40'
- '#histogram 438 38'
- '#histogram 439 30'
- '#histogram 440 43'
- '#histogram 441 28'
- '#histogram 442 37'
- '#histogram 443 26'
- '#histogram 444 37'
- '#histogram 445 45'
- '#histogram 446 45'
- '#histogram 447 44'
- '#histogram 448 40'
- '#histogram 449 45'
- '#histogram 450 34'
- '#histogram 451 28'
- '#histogram 452 34'
- '#histogram 453 46'
- '#histogram 454 39'
- '#histogram 455 36'
- '#histogram 456 39'
- '#histogram 457 38'
- '#histogram 458 35'
- '#histogram 459 31'
- '#histogram 460 36'
- '#histogram 461 30'
- '#histogram 462 44'
- '#histogram 463 43'
- '#histogram 464 38'
- '#histogram 465 38'
- '#histogram 466 38'
- '#histogram 467 33'
- '#histogram 468 40'
- '#histogram 469 34'
- '#histogram 470 43'
- '#histogram 471 36'
- '#histogram 472 34'
- '#histogram 473 35'
- '#histogram 474 40'
- '#histogram 475 29'
- '#histogram 476 39'
- '#histogram 477 38'
- '#histogram 478 42'
- '#histogram 479 44'
- '#histogram 480 31'
- '#histogram 481 28'
- '#histogram 482 31'
- '#histogram 483 30'
- '#histogram 484 44'
- '#histogram 485 33'
- '#histogram 486 42'
- '#histogram 487 41'
- '#histogram 488 29'
- '#histogram 489 30'
- '#histogram 490 43'
- '#histogram 491 34'
- '#histogram 492 25'
- '#histogram 493 36'
- '#histogram 494 36'
- '#histogram 495 28'
- '#histogram 496 35'
- '#histogram 497 35'
- '#histogram 498 33'
- '#histogram 499 28'
- '#histogram 500 38'
- '#histogram 501 31'
- '#histogram 502 36'
- '#histogram 503 44'
- '#histogram 504 41'
- '#histogram 505 27'
- '#histogram 506 26'
- '#histogram 507 23'
- '#histogram 508 28'
- '#histogram 509 34'
- '#histogram 510 21'
- '#histogram 511 41'
- '#histogram 512 20'
- '#histogram 513 31'
- '#histogram 514 35'
- '#histogram 515 31'
- '#histogram 516 30'
- '#histogram 517 23'
- '#histogram 518 26'
- '#histogram 519 27'
- '#histogram 520 25'
- '#histogram 521 15'
- '#histogram 522 36'
- '#histogram 523 39'
- '#histogram 524 34'
- '#histogram 525 25'
- '#histogram 526 26'
- '#histogram 527 26'
- '#histogram 528 23'
- '#histogram 529 22'
- '#histogram 530 31'
- '#histogram 531 24'
- '#histogram 532 23'
- '#histogram 533 32'
- '#histogram 534 23'
- '#histogram 535 18'
- '#histogram 536 31'
- '#histogram 537 39'
- '#histogram 538 27'
- '#histogram 539 33'
- '#histogram 540 31'
- '#histogram 541 27'
- '#histogram 542 36'
- '#histogram 543 27'
- '#histogram 544 27'
- '#histogram 545 24'
- '#histogram 546 28'
- '#histogram 547 25'
- '#histogram 548 28'
- '#histogram 549 33'
- '#histogram 550 30'
- '#histogram 551 24'
- '#histogram 552 27'
- '#histogram 553 30'
- '#histogram 554 32'
- '#histogram 555 21'
- '#histogram 556 25'
- '#histogram 557 21'
- '#histogram 558 29'
- '#histogram 559 23'
- '#histogram 560 29'
- '#histogram 561 35'
- '#histogram 562 26'
- '#histogram 563 31'
- '#histogram 564 29'
- '#histogram 565 34'
- '#histogram 566 34'
- '#histogram 567 25'
- '#histogram 568 40'
- '#histogram 569 28'
- '#histogram 570 41'
- '#histogram 571 26'
- '#histogram 572 25'
- '#histogram 573 33'
- '#histogram 574 27'
- '#histogram 575 26'
- '#histogram 576 18'
- '#histogram 577 25'
- '#histogram 578 28'
- '#histogram 579 23'
- '#histogram 580 26'
- '#histogram 581 27'
- '#histogram 582 16'
- '#histogram 583 24'
- '#histogram 584 26'
- '#histogram 585 24'
- '#histogram 586 28'
- '#histogram 587 21'
- '#histogram 588 29'
- '#histogram 589 18'
- '#histogram 590 28'
- '#histogram 591 17'
- '#histogram 592 30'
- '#histogram 593 26'
- '#histogram 594 33'
- '#histogram 595 33'
- '#histogram 596 18'
- '#histogram 597 24'
- '#histogram 598 20'
- '#histogram 599 22'
- '#histogram 600 15'
- '#histogram 601 21'
- '#histogram 602 21'
- '#histogram 603 23'
- '#histogram 604 27'
- '#histogram 605 32'
- '#histogram 606 27'
- '#histogram 607 17'
- '#histogram 608 14'
- '#histogram 609 24'
- '#histogram 610 24'
- '#histogram 611 28'
- '#histogram 612 23'
- '#histogram 613 16'
- '#histogram 614 26'
- '#histogram 615 16'
- '#histogram 616 20'
- '#histogram 617 17'
- '#histogram 618 26'
- '#histogram 619 17'
- '#histogram 620 17'
- '#histogram 621 22'
- '#histogram 622 26'
- '#histogram 623 19'
- '#histogram 624 18'
- '#histogram 625 12'
- '#histogram 626 13'
- '#histogram 627 19'
- '#histogram 628 25'
- '#histogram 629 15'
- '#histogram 630 21'
- '#histogram 631 13'
- '#histogram 632 29'
- '#histogram 633 27'
- '#histogram 634 23'
- '#histogram 635 20'
- '#histogram 636 22'
- '#histogram 637 23'
- '#histogram 638 12'
- '#histogram 639 20'
- '#histogram 640 30'
- '#histogram 641 23'
- '#histogram 642 20'
- '#histogram 643 16'
- '#histogram 644 24'
- '#histogram 645 15'
- '#histogram 646 16'
- '#histogram 647 26'
- '#histogram 648 15'
- '#histogram 649 16'
- '#histogram 650 21'
- '#histogram 651 16'
- '#histogram 652 8'
- '#histogram 653 17'
- '#histogram 654 22'
- '#histogram 655 26'
- '#histogram 656 19'
- '#histogram 657 18'
- '#histogram 658 20'
- '#histogram 659 21'
- '#histogram 660 20'
- '#histogram 661 24'
- '#histogram 662 22'
- '#histogram 663 23'
- '#histogram 664 18'
- '#histogram 665 23'
- '#histogram 666 20'
- '#histogram 667 21'
- '#histogram 668 17'
- '#histogram 669 17'
- '#histogram 670 14'
- '#histogram 671 22'
- '#histogram 672 10'
- '#histogram 673 14'
- '#histogram 674 20'
- '#histogram 675 25'
- '#histogram 676 14'
- '#histogram 677 23'
- '#histogram 678 16'
- '#histogram 679 17'
- '#histogram 680 16'
- '#histogram 681 16'
- '#histogram 682 15'
- '#histogram 683 19'
- '#histogram 684 19'
- '#histogram 685 22'
- '#histogram 686 14'
- '#histogram 687 22'
- '#histogram 688 20'
- '#histogram 689 22'
- '#histogram 690 16'
- '#histogram 691 14'
- '#histogram 692 26'
- '#histogram 693 19'
- '#histogram 694 12'
- '#histogram 695 7'
- '#histogram 696 16'
- '#histogram 697 13'
- '#histogram 698 21'
- '#histogram 699 15'
- '#histogram 700 18'
- '#histogram 701 16'
- '#histogram 702 15'
- '#histogram 703 13'
- '#histogram 704 10'
- '#histogram 705 13'
- '#histogram 706 21'
- '#histogram 707 16'
- '#histogram 708 21'
- '#histogram 709 15'
- '#histogram 710 15'
- '#histogram 711 16'
- '#histogram 712 23'
- '#histogram 713 17'
- '#histogram 714 20'
- '#histogram 715 17'
- '#histogram 716 17'
- '#histogram 717 22'
- '#histogram 718 15'
- '#histogram 719 14'
- '#histogram 720 23'
- '#histogram 721 8'
- '#histogram 722 24'
- '#histogram 723 16'
- '#histogram 724 10'
- '#histogram 725 9'
- '#histogram 726 15'
- '#histogram 727 12'
- '#histogram 728 16'
- '#histogram 729 17'
- '#histogram 730 17'
- '#histogram 731 11'
- '#histogram 732 12'
- '#histogram 733 16'
- '#histogram 734 12'
- '#histogram 735 19'
- '#histogram 736 12'
- '#histogram 737 21'
- '#histogram 738 7'
- '#histogram 739 13'
- '#histogram 740 11'
- '#histogram 741 15'
- '#histogram 742 14'
- '#histogram 743 20'
- '#histogram 744 13'
- '#histogram 745 18'
- '#histogram 746 13'
- '#histogram 747 13'
- '#histogram 748 21'
- '#histogram 749 13'
- '#histogram 750 14'
- '#histogram 751 10'
- '#histogram 752 14'
- '#histogram 753 8'
- '#histogram 754 10'
- '#histogram 755 11'
- '#histogram 756 11'
- '#histogram 757 12'
- '#histogram 758 12'
- '#histogram 759 26'
- '#histogram 760 6'
- '#histogram 761 12'
- '#histogram 762 9'
- '#histogram 763 14'
- '#histogram 764 14'
- '#histogram 765 12'
- '#histogram 766 9'
- '#histogram 767 18'
- '#histogram 768 15'
- '#histogram 769 15'
- '#histogram 770 12'
- '#histogram 771 17'
- '#histogram 772 14'
- '#histogram 773 9'
- '#histogram 774 16'
- '#histogram 775 7'
- '#histogram 776 15'
- '#histogram 777 10'
- '#histogram 778 12'
- '#histogram 779 13'
- '#histogram 780 8'
- '#histogram 781 16'
- '#histogram 782 14'
- '#histogram 783 5'
- '#histogram 784 12'
- '#histogram 785 10'
- '#histogram 786 17'
- '#histogram 787 11'
- '#histogram 788 13'
- '#histogram 789 9'
- '#histogram 790 13'
- '#histogram 791 14'
- '#histogram 792 10'
- '#histogram 793 10'
- '#histogram 794 11'
- '#histogram 795 12'
- '#histogram 796 8'
- '#histogram 797 9'
- '#histogram 798 8'
- '#histogram 799 11'
- '#histogram 800 11'
- '#histogram 801 7'
- '#histogram 802 10'
- '#histogram 803 8'
- '#histogram 804 9'
- '#histogram 805 16'
- '#histogram 806 10'
- '#histogram 807 4'
- '#histogram 808 8'
- '#histogram 809 5'
- '#histogram 810 9'
- '#histogram 811 10'
- '#histogram 812 8'
- '#histogram 813 6'
- '#histogram 814 9'
- '#histogram 815 7'
- '#histogram 816 11'
- '#histogram 817 8'
- '#histogram 818 9'
- '#histogram 819 7'
- '#histogram 820 9'
- '#histogram 821 8'
- '#histogram 822 9'
- '#histogram 823 9'
- '#histogram 824 5'
- '#histogram 825 5'
- '#histogram 826 10'
- '#histogram 827 8'
- '#histogram 828 5'
- '#histogram 829 10'
- '#histogram 830 10'
- '#histogram 831 8'
- '#histogram 832 7'
- '#histogram 833 3'
- '#histogram 834 12'
- '#histogram 835 10'
- '#histogram 836 8'
- '#histogram 837 8'
- '#histogram 838 9'
- '#histogram 839 15'
- '#histogram 840 9'
- '#histogram 841 14'
- '#histogram 842 8'
- '#histogram 843 8'
- '#histogram 844 7'
- '#histogram 845 11'
- '#histogram 846 9'
- '#histogram 847 14'
- '#histogram 848 7'
- '#histogram 849 4'
- '#histogram 850 7'
- '#histogram 851 4'
- '#histogram 852 5'
- '#histogram 853 3'
- '#histogram 854 7'
- '#histogram 855 8'
- '#histogram 856 6'
- '#histogram 857 3'
- '#histogram 858 11'
- '#histogram 859 7'
- '#histogram 860 6'
- '#histogram 861 7'
- '#histogram 862 13'
- '#histogram 863 6'
- '#histogram 864 12'
- '#histogram 865 5'
- '#histogram 866 5'
- '#histogram 867 12'
- '#histogram 868 7'
- '#histogram 869 7'
- '#histogram 870 7'
- '#histogram 871 9'
- '#histogram 872 4'
- '#histogram 873 2'
- '#histogram 874 7'
- '#histogram 875 5'
- '#histogram 876 10'
- '#histogram 877 9'
- '#histogram 878 5'
- '#histogram 879 8'
- '#histogram 880 5'
- '#histogram 881 8'
- '#histogram 882 10'
- '#histogram 883 7'
- '#histogram 884 5'
- '#histogram 885 8'
- '#histogram 886 8'
- '#histogram 887 9'
- '#histogram 888 11'
- '#histogram 889 10'
- '#histogram 890 5'
- '#histogram 891 5'
- '#histogram 892 5'
- '#histogram 893 6'
- '#histogram 894 8'
- '#histogram 895 6'
- '#histogram 896 6'
- '#histogram 897 10'
- '#histogram 898 5'
- '#histogram 899 6'
- '#histogram 900 8'
- '#histogram 901 5'
- '#histogram 902 1'
- '#histogram 903 2'
- '#histogram 904 4'
- '#histogram 905 5'
- '#histogram 906 4'
- '#histogram 907 4'
- '#histogram 908 6'
- '#histogram 909 5'
- '#histogram 910 9'
- '#histogram 911 6'
- '#histogram 912 9'
- '#histogram 913 3'
- '#histogram 914 3'
- '#histogram 915 3'
- '#histogram 916 1'
- '#histogram 917 7'
- '#histogram 918 4'
- '#histogram 919 5'
- '#histogram 920 5'
- '#histogram 921 9'
- '#histogram 922 5'
- '#histogram 923 7'
- '#histogram 924 6'
- '#histogram 925 6'
- '#histogram 926 6'
- '#histogram 927 3'
- '#histogram 928 2'
- '#histogram 929 7'
- '#histogram 930 5'
- '#histogram 931 4'
- '#histogram 932 2'
- '#histogram 933 5'
- '#histogram 934 3'
- '#histogram 936 3'
- '#histogram 937 5'
- '#histogram 938 5'
- '#histogram 939 2'
- '#histogram 940 6'
- '#histogram 941 3'
- '#histogram 942 2'
- '#histogram 943 2'
- '#histogram 944 7'
- '#histogram 946 4'
- '#histogram 947 1'
- '#histogram 948 3'
- '#histogram 949 6'
- '#histogram 950 11'
- '#histogram 951 5'
- '#histogram 952 2'
- '#histogram 953 3'
- '#histogram 954 5'
- '#histogram 955 6'
- '#histogram 956 7'
- '#histogram 957 2'
- '#histogram 959 3'
- '#histogram 960 2'
- '#histogram 961 4'
- '#histogram 962 2'
- '#histogram 963 7'
- '#histogram 965 2'
- '#histogram 966 4'
- '#histogram 968 4'
- '#histogram 969 3'
- '#histogram 970 2'
- '#histogram 971 2'
- '#histogram 972 4'
- '#histogram 974 3'
- '#histogram 975 4'
- '#histogram 976 4'
- '#histogram 977 1'
- '#histogram 978 4'
- '#histogram 979 5'
- '#histogram 980 2'
- '#histogram 981 4'
- '#histogram 982 1'
- '#histogram 983 2'
- '#histogram 984 1'
- '#histogram 985 2'
- '#histogram 986 2'
- '#histogram 987 4'
- '#histogram 988 4'
- '#histogram 989 3'
- '#histogram 990 6'
- '#histogram 991 1'
- '#histogram 992 4'
- '#histogram 993 3'
- '#histogram 994 3'
- '#histogram 995 3'
- '#histogram 996 1'
- '#histogram 997 2'
- '#histogram 998 3'
- '#histogram 999 2'
- '#histogram 1000 1'
- '#histogram 1001 2'
- '#histogram 1002 2'
- '#histogram 1003 6'
- '#histogram 1004 1'
- '#histogram 1005 4'
- '#histogram 1006 2'
- '#histogram 1007 3'
- '#histogram 1008 2'
- '#histogram 1009 3'
- '#histogram 1010 3'
- '#histogram 1011 6'
- '#histogram 1012 2'
- '#histogram 1013 7'
- '#histogram 1014 2'
- '#histogram 1015 1'
- '#histogram 1016 5'
- '#histogram 1017 5'
- '#histogram 1018 3'
- '#histogram 1019 3'
- '#histogram 1020 2'
- '#histogram 1021 1'
- '#histogram 1022 3'
- '#histogram 1023 2'
- '#histogram 1025 1'
- '#histogram 1026 7'
- '#histogram 1027 1'
- '#histogram 1028 2'
- '#histogram 1029 2'
- '#histogram 1030 3'
- '#histogram 1031 1'
- '#histogram 1032 2'
- '#histogram 1033 3'
- '#histogram 1034 2'
- '#histogram 1035 2'
- '#histogram 1036 1'
- '#histogram 1037 6'
- '#histogram 1038 2'
- '#histogram 1039 2'
- '#histogram 1040 2'
- '#histogram 1041 2'
- '#histogram 1042 1'
- '#histogram 1043 3'
- '#histogram 1044 3'
- '#histogram 1045 3'
- '#histogram 1046 1'
- '#histogram 1047 3'
- '#histogram 1048 2'
- '#histogram 1049 2'
- '#histogram 1051 3'
- '#histogram 1053 2'
- '#histogram 1054 2'
- '#histogram 1055 3'
- '#histogram 1056 4'
- '#histogram 1058 1'
- '#histogram 1059 3'
- '#histogram 1061 1'
- '#histogram 1063 1'
- '#histogram 1064 3'
- '#histogram 1065 2'
- '#histogram 1066 4'
- '#histogram 1067 3'
- '#histogram 1068 1'
- '#histogram 1069 2'
- '#histogram 1073 2'
- '#histogram 1075 1'
- '#histogram 1076 2'
- '#histogram 1079 5'
- '#histogram 1080 1'
- '#histogram 1082 2'
- '#histogram 1083 1'
- '#histogram 1084 2'
- '#histogram 1085 1'
- '#histogram 1086 3'
- '#histogram 1089 1'
- '#histogram 1090 1'
- '#histogram 1091 1'
- '#histogram 1092 2'
- '#histogram 1093 1'
- '#histogram 1094 1'
- '#histogram 1096 3'
- '#histogram 1097 2'
- '#histogram 1098 2'
- '#histogram 1100 1'
- '#histogram 1102 1'
- '#histogram 1103 1'
- '#histogram 1106 4'
- '#histogram 1107 1'
- '#histogram 1109 2'
- '#histogram 1110 2'
- '#histogram 1112 1'
- '#histogram 1114 1'
- '#histogram 1115 3'
- '#histogram 1117 1'
- '#histogram 1120 2'
- '#histogram 1121 1'
- '#histogram 1122 1'
- '#histogram 1123 1'
- '#histogram 1126 1'
- '#histogram 1127 3'
- '#histogram 1129 3'
- '#histogram 1132 1'
- '#histogram 1133 1'
- '#histogram 1134 1'
- '#histogram 1136 1'
- '#histogram 1138 1'
- '#histogram 1139 1'
- '#histogram 1142 1'
- '#histogram 1143 1'
- '#histogram 1144 3'
- '#histogram 1145 1'
- '#histogram 1146 1'
- '#histogram 1147 2'
- '#histogram 1148 1'
- '#histogram 1150 2'
- '#histogram 1151 1'
- '#histogram 1152 1'
- '#histogram 1154 2'
- '#histogram 1155 2'
- '#histogram 1156 2'
- '#histogram 1157 1'
- '#histogram 1158 2'
- '#histogram 1159 3'
- '#histogram 1160 1'
- '#histogram 1161 1'
- '#histogram 1163 1'
- '#histogram 1164 1'
- '#histogram 1167 1'
- '#histogram 1168 1'
- '#histogram 1171 1'
- '#histogram 1172 1'
- '#histogram 1174 1'
- '#histogram 1176 3'
- '#histogram 1177 1'
- '#histogram 1178 2'
- '#histogram 1179 1'
- '#histogram 1181 3'
- '#histogram 1182 3'
- '#histogram 1185 2'
- '#histogram 1186 2'
- '#histogram 1190 1'
- '#histogram 1193 2'
- '#histogram 1197 2'
- '#histogram 1199 2'
- '#histogram 1200 2'
- '#histogram 1201 1'
- '#histogram 1204 1'
- '#histogram 1205 2'
- '#histogram 1207 1'
- '#histogram 1208 2'
- '#histogram 1211 2'
- '#histogram 1212 2'
- '#histogram 1213 1'
- '#histogram 1214 2'
- '#histogram 1215 1'
- '#histogram 1220 1'
- '#histogram 1223 1'
- '#histogram 1225 1'
- '#histogram 1227 1'
- '#histogram 1230 1'
- '#histogram 1235 2'
- '#histogram 1236 2'
- '#histogram 1237 1'
- '#histogram 1238 1'
- '#histogram 1239 1'
- '#histogram 1240 3'
- '#histogram 1242 1'
- '#histogram 1247 1'
- '#histogram 1255 1'
- '#histogram 1256 1'
- '#histogram 1260 1'
- '#histogram 1264 1'
- '#histogram 1265 1'
- '#histogram 1270 2'
- '#histogram 1271 2'
- '#histogram 1272 2'
- '#histogram 1277 1'
- '#histogram 1278 1'
- '#histogram 1282 2'
- '#histogram 1283 1'
- '#histogram 1285 1'
- '#histogram 1287 1'
- '#histogram 1288 1'
- '#histogram 1289 1'
- '#histogram 1290 1'
- '#histogram 1311 2'
- '#histogram 1314 1'
- '#histogram 1317 1'
- '#histogram 1321 1'
- '#histogram 1323 1'
- '#histogram 1329 1'
- '#histogram 1330 1'
- '#histogram 1342 1'
- '#histogram 1348 1'
- '#histogram 1352 1'
- '#histogram 1377 1'
- '#histogram 1384 1'
- '#histogram 1386 1'
- '#histogram 1406 1'
- '#histogram 1442 1'
- '#histogram 1449 1'
- '#histogram 1453 1'
- '#histogram 1460 2'
- '#histogram 1513 1'
- '#histogram 1540 1'
- '#histogram 1587 1'
- '#histogram 1932 1'
- '#histogram 2099 1'
- ''
