code: 0
data:
  msg: "parsing error:\nTraceback (most recent call last):\n  File \"/home/singhvipul/ws/perf-tests/dns/py/runner.py\"\
    , line 274, in _run_perf\n    parser.parse()\n  File \"/home/singhvipul/ws/perf-tests/dns/py/data.py\"\
    , line 80, in parse\n    self._compute_derived()\n  File \"/home/singhvipul/ws/perf-tests/dns/py/data.py\"\
    , line 114, in _compute_derived\n    self.results[name] = float(numpy.percentile(histogram,\
    \ ptile)) # pylint: disable=no-member\n  File \"/home/singhvipul/.local/lib/python3.10/site-packages/numpy/lib/_function_base_impl.py\"\
    , line 4273, in percentile\n    return _quantile_unchecked(\n  File \"/home/singhvipul/.local/lib/python3.10/site-packages/numpy/lib/_function_base_impl.py\"\
    , line 4550, in _quantile_unchecked\n    return _ureduce(a,\n  File \"/home/singhvipul/.local/lib/python3.10/site-packages/numpy/lib/_function_base_impl.py\"\
    , line 3894, in _ureduce\n    r = func(a, **kwargs)\n  File \"/home/singhvipul/.local/lib/python3.10/site-packages/numpy/lib/_function_base_impl.py\"\
    , line 4727, in _quantile_ureduce_func\n    result = _quantile(arr,\n  File \"\
    /home/singhvipul/.local/lib/python3.10/site-packages/numpy/lib/_function_base_impl.py\"\
    , line 4849, in _quantile\n    slices_having_nans = np.isnan(arr[-1, ...])\nIndexError:\
    \ index -1 is out of bounds for axis 0 with size 0\n"
  ok: false
params:
  max_qps: null
  pod_name: dns-perf-client-858fb7568b-7l5vh
  query_file: all-queries.txt
  run_id: 1777605592
  run_length_seconds: 600
  run_subid: 0
stderr:
- ''
stdout:
- DNS Performance Testing Tool
- Nominum Version 2.1.0.0
- ''
- '[Status] Command line: dnsperf -s 10.0.0.10 -l 600 -d /queries/all-queries.txt'
- '[Status] Sending queries (to 10.0.0.10)'
- '[Status] Started at: Fri May  1 03:20:35 2026'
- '[Status] Stopping after 600.000000 seconds'
- '[Timeout] Query timed out: msg id 38807'
- '[Timeout] Query timed out: msg id 48273'
- '[Timeout] Query timed out: msg id 48110'
- '[Timeout] Query timed out: msg id 47825'
- '[Timeout] Query timed out: msg id 48085'
- '[Timeout] Query timed out: msg id 48793'
- '[Timeout] Query timed out: msg id 47572'
- '[Timeout] Query timed out: msg id 48066'
- '[Timeout] Query timed out: msg id 47703'
- '[Timeout] Query timed out: msg id 48451'
- '[Timeout] Query timed out: msg id 48554'
- '[Timeout] Query timed out: msg id 48444'
- '[Timeout] Query timed out: msg id 48191'
- '[Timeout] Query timed out: msg id 47766'
- '[Timeout] Query timed out: msg id 47416'
- '[Timeout] Query timed out: msg id 48106'
- '[Timeout] Query timed out: msg id 48461'
- '[Timeout] Query timed out: msg id 48348'
- '[Timeout] Query timed out: msg id 48296'
- '[Timeout] Query timed out: msg id 47559'
- '[Timeout] Query timed out: msg id 47710'
- '[Timeout] Query timed out: msg id 48078'
- '[Timeout] Query timed out: msg id 48339'
- '[Timeout] Query timed out: msg id 48671'
- '[Timeout] Query timed out: msg id 48267'
- '[Timeout] Query timed out: msg id 48390'
- '[Timeout] Query timed out: msg id 48428'
- '[Timeout] Query timed out: msg id 48151'
- '[Timeout] Query timed out: msg id 48435'
- '[Timeout] Query timed out: msg id 47706'
- '[Timeout] Query timed out: msg id 48070'
- '[Timeout] Query timed out: msg id 48338'
- '[Timeout] Query timed out: msg id 48093'
- '[Timeout] Query timed out: msg id 47258'
- '[Timeout] Query timed out: msg id 47516'
- '[Timeout] Query timed out: msg id 48010'
- '[Timeout] Query timed out: msg id 48926'
- '[Timeout] Query timed out: msg id 48566'
- '[Timeout] Query timed out: msg id 48681'
- '[Timeout] Query timed out: msg id 48219'
- '[Timeout] Query timed out: msg id 48739'
- '[Timeout] Query timed out: msg id 47941'
- '[Timeout] Query timed out: msg id 47774'
- '[Timeout] Query timed out: msg id 49180'
- '[Timeout] Query timed out: msg id 48299'
- '[Timeout] Query timed out: msg id 48782'
- '[Timeout] Query timed out: msg id 48625'
- '[Timeout] Query timed out: msg id 48414'
- '[Timeout] Query timed out: msg id 48302'
- '[Timeout] Query timed out: msg id 48257'
- '[Timeout] Query timed out: msg id 48551'
- '[Timeout] Query timed out: msg id 47645'
- '[Timeout] Query timed out: msg id 48258'
- '[Timeout] Query timed out: msg id 48692'
- '[Timeout] Query timed out: msg id 48076'
- '[Timeout] Query timed out: msg id 48516'
- '[Timeout] Query timed out: msg id 48065'
- '[Timeout] Query timed out: msg id 47537'
- '[Timeout] Query timed out: msg id 48186'
- '[Timeout] Query timed out: msg id 47459'
- '[Timeout] Query timed out: msg id 48259'
- '[Timeout] Query timed out: msg id 47604'
- '[Timeout] Query timed out: msg id 48472'
- '[Timeout] Query timed out: msg id 48113'
- '[Timeout] Query timed out: msg id 48183'
- '[Timeout] Query timed out: msg id 48523'
- '[Timeout] Query timed out: msg id 48242'
- '[Timeout] Query timed out: msg id 48764'
- '[Timeout] Query timed out: msg id 48776'
- '[Timeout] Query timed out: msg id 48639'
- '[Timeout] Query timed out: msg id 47976'
- '[Timeout] Query timed out: msg id 48768'
- '[Timeout] Query timed out: msg id 48415'
- '[Timeout] Query timed out: msg id 48157'
- '[Timeout] Query timed out: msg id 48283'
- '[Timeout] Query timed out: msg id 48218'
- '[Timeout] Query timed out: msg id 48313'
- '[Timeout] Query timed out: msg id 47849'
- '[Timeout] Query timed out: msg id 48220'
- '[Timeout] Query timed out: msg id 48287'
- '[Timeout] Query timed out: msg id 48439'
- '[Timeout] Query timed out: msg id 48440'
- '[Timeout] Query timed out: msg id 48548'
- '[Timeout] Query timed out: msg id 48913'
- '[Timeout] Query timed out: msg id 48770'
- '[Timeout] Query timed out: msg id 48433'
- '[Timeout] Query timed out: msg id 48100'
- '[Timeout] Query timed out: msg id 48156'
- '[Timeout] Query timed out: msg id 48271'
- '[Timeout] Query timed out: msg id 48561'
- '[Timeout] Query timed out: msg id 48304'
- '[Timeout] Query timed out: msg id 48276'
- '[Timeout] Query timed out: msg id 48570'
- '[Timeout] Query timed out: msg id 48301'
- '[Timeout] Query timed out: msg id 47839'
- '[Timeout] Query timed out: msg id 48389'
- '[Timeout] Query timed out: msg id 48542'
- '[Timeout] Query timed out: msg id 48740'
- '[Timeout] Query timed out: msg id 48474'
- '[Timeout] Query timed out: msg id 48017'
- '[Timeout] Query timed out: msg id 47635'
- '[Timeout] Query timed out: msg id 48982'
- '[Timeout] Query timed out: msg id 47803'
- '[Timeout] Query timed out: msg id 48288'
- '[Timeout] Query timed out: msg id 48449'
- '[Timeout] Query timed out: msg id 48789'
- '[Timeout] Query timed out: msg id 48562'
- '[Timeout] Query timed out: msg id 48281'
- '[Timeout] Query timed out: msg id 48243'
- '[Timeout] Query timed out: msg id 48223'
- '[Timeout] Query timed out: msg id 48432'
- '[Timeout] Query timed out: msg id 47974'
- '[Timeout] Query timed out: msg id 48001'
- '[Timeout] Query timed out: msg id 48592'
- '[Timeout] Query timed out: msg id 48233'
- '[Timeout] Query timed out: msg id 47811'
- '[Timeout] Query timed out: msg id 48081'
- '[Timeout] Query timed out: msg id 47777'
- '[Timeout] Query timed out: msg id 48395'
- '[Timeout] Query timed out: msg id 47497'
- '[Timeout] Query timed out: msg id 48247'
- '[Timeout] Query timed out: msg id 48343'
- '[Timeout] Query timed out: msg id 48939'
- '[Timeout] Query timed out: msg id 47913'
- '[Timeout] Query timed out: msg id 48308'
- '[Timeout] Query timed out: msg id 48460'
- '[Timeout] Query timed out: msg id 48391'
- '[Timeout] Query timed out: msg id 48477'
- '[Timeout] Query timed out: msg id 48594'
- '[Timeout] Query timed out: msg id 48503'
- '[Timeout] Query timed out: msg id 48163'
- '[Timeout] Query timed out: msg id 48198'
- '[Timeout] Query timed out: msg id 47461'
- '[Timeout] Query timed out: msg id 48864'
- '[Timeout] Query timed out: msg id 48547'
- '[Timeout] Query timed out: msg id 48009'
- '[Timeout] Query timed out: msg id 48577'
- '[Timeout] Query timed out: msg id 48660'
- '[Timeout] Query timed out: msg id 48742'
- '[Timeout] Query timed out: msg id 48815'
- '[Timeout] Query timed out: msg id 47291'
- '[Timeout] Query timed out: msg id 48195'
- '[Timeout] Query timed out: msg id 48537'
- '[Timeout] Query timed out: msg id 48405'
- '[Timeout] Query timed out: msg id 48370'
- '[Timeout] Query timed out: msg id 47524'
- '[Timeout] Query timed out: msg id 48355'
- '[Timeout] Query timed out: msg id 48443'
- '[Timeout] Query timed out: msg id 48133'
- '[Timeout] Query timed out: msg id 48321'
- '[Timeout] Query timed out: msg id 47719'
- '[Timeout] Query timed out: msg id 48139'
- '[Timeout] Query timed out: msg id 47915'
- '[Timeout] Query timed out: msg id 49253'
- '[Timeout] Query timed out: msg id 48662'
- '[Timeout] Query timed out: msg id 48536'
- '[Timeout] Query timed out: msg id 48359'
- '[Timeout] Query timed out: msg id 48434'
- '[Timeout] Query timed out: msg id 49014'
- '[Timeout] Query timed out: msg id 48974'
- '[Timeout] Query timed out: msg id 48524'
- '[Timeout] Query timed out: msg id 48410'
- '[Timeout] Query timed out: msg id 48859'
- '[Timeout] Query timed out: msg id 48525'
- '[Timeout] Query timed out: msg id 48129'
- '[Timeout] Query timed out: msg id 48891'
- '[Timeout] Query timed out: msg id 48032'
- '[Timeout] Query timed out: msg id 48734'
- '[Timeout] Query timed out: msg id 48216'
- '[Timeout] Query timed out: msg id 48022'
- '[Timeout] Query timed out: msg id 48612'
- '[Timeout] Query timed out: msg id 48125'
- '[Timeout] Query timed out: msg id 48634'
- '[Timeout] Query timed out: msg id 47946'
- '[Timeout] Query timed out: msg id 48025'
- '[Timeout] Query timed out: msg id 48135'
- '[Timeout] Query timed out: msg id 48965'
- '[Timeout] Query timed out: msg id 48210'
- '[Timeout] Query timed out: msg id 48591'
- '[Timeout] Query timed out: msg id 48180'
- '[Timeout] Query timed out: msg id 48270'
- '[Timeout] Query timed out: msg id 48454'
- '[Timeout] Query timed out: msg id 47652'
- '[Timeout] Query timed out: msg id 48039'
- '[Timeout] Query timed out: msg id 47942'
- '[Timeout] Query timed out: msg id 48701'
- '[Timeout] Query timed out: msg id 48533'
- '[Timeout] Query timed out: msg id 48069'
- '[Timeout] Query timed out: msg id 48387'
- '[Timeout] Query timed out: msg id 48825'
- '[Timeout] Query timed out: msg id 48030'
- '[Timeout] Query timed out: msg id 48492'
- '[Timeout] Query timed out: msg id 48777'
- '[Timeout] Query timed out: msg id 48761'
- '[Timeout] Query timed out: msg id 48546'
- '[Timeout] Query timed out: msg id 48543'
- '[Timeout] Query timed out: msg id 48597'
- '[Timeout] Query timed out: msg id 48408'
- '[Timeout] Query timed out: msg id 48706'
- '[Timeout] Query timed out: msg id 48386'
- '[Timeout] Query timed out: msg id 48052'
- '[Timeout] Query timed out: msg id 47870'
- '[Timeout] Query timed out: msg id 48820'
- '[Timeout] Query timed out: msg id 48048'
- '[Timeout] Query timed out: msg id 48839'
- '[Timeout] Query timed out: msg id 48868'
- '[Timeout] Query timed out: msg id 48658'
- '[Timeout] Query timed out: msg id 49191'
- '[Timeout] Query timed out: msg id 48419'
- '[Timeout] Query timed out: msg id 47972'
- '[Timeout] Query timed out: msg id 48046'
- '[Timeout] Query timed out: msg id 48676'
- '[Timeout] Query timed out: msg id 48750'
- '[Timeout] Query timed out: msg id 48356'
- '[Timeout] Query timed out: msg id 48082'
- '[Timeout] Query timed out: msg id 48155'
- '[Timeout] Query timed out: msg id 48627'
- '[Timeout] Query timed out: msg id 48759'
- '[Timeout] Query timed out: msg id 47539'
- '[Timeout] Query timed out: msg id 48605'
- '[Timeout] Query timed out: msg id 48709'
- '[Timeout] Query timed out: msg id 48978'
- '[Timeout] Query timed out: msg id 48729'
- '[Timeout] Query timed out: msg id 48036'
- '[Timeout] Query timed out: msg id 48119'
- '[Timeout] Query timed out: msg id 47742'
- '[Timeout] Query timed out: msg id 48805'
- '[Timeout] Query timed out: msg id 48430'
- '[Timeout] Query timed out: msg id 48565'
- '[Timeout] Query timed out: msg id 47541'
- '[Timeout] Query timed out: msg id 48319'
- '[Timeout] Query timed out: msg id 48425'
- '[Timeout] Query timed out: msg id 48230'
- '[Timeout] Query timed out: msg id 48576'
- '[Timeout] Query timed out: msg id 48016'
- '[Timeout] Query timed out: msg id 48441'
- '[Timeout] Query timed out: msg id 48373'
- '[Timeout] Query timed out: msg id 48250'
- '[Timeout] Query timed out: msg id 49173'
- '[Timeout] Query timed out: msg id 47908'
- '[Timeout] Query timed out: msg id 48226'
- '[Timeout] Query timed out: msg id 47968'
- '[Timeout] Query timed out: msg id 47935'
- '[Timeout] Query timed out: msg id 48620'
- '[Timeout] Query timed out: msg id 48411'
- '[Timeout] Query timed out: msg id 48245'
- '[Timeout] Query timed out: msg id 48573'
- '[Timeout] Query timed out: msg id 48832'
- '[Timeout] Query timed out: msg id 48236'
- '[Timeout] Query timed out: msg id 48374'
- '[Timeout] Query timed out: msg id 48107'
- '[Timeout] Query timed out: msg id 48057'
- '[Timeout] Query timed out: msg id 48878'
- '[Timeout] Query timed out: msg id 48117'
- '[Timeout] Query timed out: msg id 49005'
- '[Timeout] Query timed out: msg id 48957'
- '[Timeout] Query timed out: msg id 48568'
- '[Timeout] Query timed out: msg id 48012'
- '[Timeout] Query timed out: msg id 48362'
- '[Timeout] Query timed out: msg id 48446'
- '[Timeout] Query timed out: msg id 48522'
- '[Timeout] Query timed out: msg id 49092'
- '[Timeout] Query timed out: msg id 48937'
- '[Timeout] Query timed out: msg id 48096'
- '[Timeout] Query timed out: msg id 48703'
- '[Timeout] Query timed out: msg id 48334'
- '[Timeout] Query timed out: msg id 48399'
- '[Timeout] Query timed out: msg id 48194'
- '[Timeout] Query timed out: msg id 48484'
- '[Timeout] Query timed out: msg id 48364'
- '[Timeout] Query timed out: msg id 48753'
- '[Timeout] Query timed out: msg id 48211'
- '[Timeout] Query timed out: msg id 49004'
- '[Timeout] Query timed out: msg id 48083'
- '[Timeout] Query timed out: msg id 48202'
- '[Timeout] Query timed out: msg id 48051'
- '[Timeout] Query timed out: msg id 48652'
- '[Timeout] Query timed out: msg id 49074'
- '[Timeout] Query timed out: msg id 47971'
- '[Timeout] Query timed out: msg id 48882'
- '[Timeout] Query timed out: msg id 48621'
- '[Timeout] Query timed out: msg id 48400'
- '[Timeout] Query timed out: msg id 48317'
- '[Timeout] Query timed out: msg id 48599'
- '[Timeout] Query timed out: msg id 48284'
- '[Timeout] Query timed out: msg id 49038'
- '[Timeout] Query timed out: msg id 47869'
- '[Timeout] Query timed out: msg id 48144'
- '[Timeout] Query timed out: msg id 47936'
- '[Timeout] Query timed out: msg id 48917'
- '[Timeout] Query timed out: msg id 48176'
- '[Timeout] Query timed out: msg id 48792'
- '[Timeout] Query timed out: msg id 49096'
- '[Timeout] Query timed out: msg id 47960'
- '[Timeout] Query timed out: msg id 48787'
- '[Timeout] Query timed out: msg id 49144'
- '[Timeout] Query timed out: msg id 48512'
- '[Timeout] Query timed out: msg id 48581'
- '[Timeout] Query timed out: msg id 48827'
- '[Timeout] Query timed out: msg id 47920'
- '[Timeout] Query timed out: msg id 48593'
- '[Timeout] Query timed out: msg id 651'
- ''
