code: 0
data:
  avg_latency: 0.640246
  histogram:
  - - 0
    - 0
  - - 9
    - 1
  - - 18
    - 1
  - - 20
    - 1
  - - 32
    - 1
  - - 46
    - 1
  - - 60
    - 1
  - - 61
    - 1
  - - 68
    - 1
  - - 85
    - 1
  - - 93
    - 1
  - - 94
    - 1
  - - 97
    - 1
  - - 101
    - 1
  - - 104
    - 1
  - - 114
    - 1
  - - 118
    - 1
  - - 123
    - 1
  - - 125
    - 3
  - - 126
    - 1
  - - 129
    - 3
  - - 130
    - 2
  - - 131
    - 1
  - - 134
    - 4
  - - 135
    - 1
  - - 136
    - 2
  - - 137
    - 1
  - - 138
    - 1
  - - 141
    - 1
  - - 142
    - 1
  - - 143
    - 4
  - - 145
    - 1
  - - 146
    - 1
  - - 147
    - 3
  - - 149
    - 3
  - - 150
    - 1
  - - 155
    - 1
  - - 157
    - 1
  - - 162
    - 1
  - - 163
    - 1
  - - 164
    - 1
  - - 165
    - 1
  - - 167
    - 1
  - - 168
    - 1
  - - 169
    - 5
  - - 170
    - 1
  - - 171
    - 1
  - - 172
    - 2
  - - 174
    - 2
  - - 175
    - 3
  - - 176
    - 1
  - - 177
    - 4
  - - 178
    - 2
  - - 179
    - 4
  - - 180
    - 1
  - - 181
    - 3
  - - 182
    - 1
  - - 183
    - 4
  - - 184
    - 4
  - - 185
    - 4
  - - 187
    - 1
  - - 188
    - 1
  - - 189
    - 2
  - - 190
    - 4
  - - 191
    - 3
  - - 192
    - 2
  - - 193
    - 4
  - - 194
    - 3
  - - 195
    - 6
  - - 196
    - 9
  - - 197
    - 4
  - - 198
    - 4
  - - 199
    - 3
  - - 200
    - 3
  - - 201
    - 4
  - - 202
    - 2
  - - 203
    - 3
  - - 205
    - 6
  - - 206
    - 2
  - - 207
    - 2
  - - 208
    - 3
  - - 209
    - 4
  - - 210
    - 4
  - - 211
    - 2
  - - 212
    - 9
  - - 213
    - 4
  - - 215
    - 2
  - - 216
    - 3
  - - 217
    - 8
  - - 218
    - 3
  - - 219
    - 3
  - - 220
    - 2
  - - 221
    - 10
  - - 222
    - 3
  - - 223
    - 3
  - - 224
    - 6
  - - 225
    - 3
  - - 226
    - 10
  - - 228
    - 12
  - - 229
    - 4
  - - 230
    - 4
  - - 231
    - 1
  - - 232
    - 7
  - - 233
    - 8
  - - 234
    - 5
  - - 235
    - 11
  - - 236
    - 1
  - - 237
    - 8
  - - 238
    - 4
  - - 239
    - 5
  - - 240
    - 4
  - - 241
    - 5
  - - 242
    - 4
  - - 243
    - 1
  - - 244
    - 13
  - - 245
    - 13
  - - 246
    - 8
  - - 247
    - 3
  - - 248
    - 11
  - - 249
    - 17
  - - 250
    - 9
  - - 251
    - 11
  - - 252
    - 11
  - - 253
    - 6
  - - 254
    - 9
  - - 255
    - 14
  - - 256
    - 14
  - - 257
    - 8
  - - 258
    - 9
  - - 259
    - 4
  - - 260
    - 9
  - - 261
    - 8
  - - 262
    - 11
  - - 263
    - 7
  - - 264
    - 9
  - - 265
    - 13
  - - 266
    - 12
  - - 267
    - 9
  - - 268
    - 9
  - - 269
    - 3
  - - 270
    - 11
  - - 271
    - 2
  - - 272
    - 5
  - - 273
    - 9
  - - 274
    - 7
  - - 275
    - 14
  - - 276
    - 9
  - - 277
    - 11
  - - 278
    - 11
  - - 279
    - 15
  - - 280
    - 11
  - - 281
    - 8
  - - 282
    - 8
  - - 283
    - 10
  - - 284
    - 12
  - - 285
    - 14
  - - 286
    - 12
  - - 287
    - 18
  - - 288
    - 10
  - - 289
    - 14
  - - 290
    - 11
  - - 291
    - 12
  - - 292
    - 7
  - - 293
    - 17
  - - 294
    - 7
  - - 295
    - 9
  - - 296
    - 20
  - - 297
    - 18
  - - 298
    - 12
  - - 299
    - 7
  - - 300
    - 11
  - - 301
    - 18
  - - 302
    - 17
  - - 303
    - 9
  - - 304
    - 12
  - - 305
    - 18
  - - 306
    - 13
  - - 307
    - 4
  - - 308
    - 14
  - - 309
    - 11
  - - 310
    - 4
  - - 311
    - 13
  - - 312
    - 8
  - - 313
    - 12
  - - 314
    - 17
  - - 315
    - 21
  - - 316
    - 34
  - - 317
    - 21
  - - 318
    - 19
  - - 319
    - 26
  - - 320
    - 17
  - - 321
    - 14
  - - 322
    - 17
  - - 323
    - 13
  - - 324
    - 22
  - - 325
    - 26
  - - 326
    - 14
  - - 327
    - 19
  - - 328
    - 11
  - - 329
    - 13
  - - 330
    - 13
  - - 331
    - 16
  - - 332
    - 11
  - - 333
    - 12
  - - 334
    - 22
  - - 335
    - 17
  - - 336
    - 32
  - - 337
    - 28
  - - 338
    - 25
  - - 339
    - 21
  - - 340
    - 17
  - - 341
    - 22
  - - 342
    - 22
  - - 343
    - 15
  - - 344
    - 28
  - - 345
    - 29
  - - 346
    - 28
  - - 347
    - 16
  - - 348
    - 13
  - - 349
    - 15
  - - 350
    - 27
  - - 351
    - 18
  - - 352
    - 23
  - - 353
    - 26
  - - 354
    - 19
  - - 355
    - 18
  - - 356
    - 22
  - - 357
    - 16
  - - 358
    - 20
  - - 359
    - 25
  - - 360
    - 24
  - - 361
    - 20
  - - 362
    - 20
  - - 363
    - 32
  - - 364
    - 16
  - - 365
    - 18
  - - 366
    - 17
  - - 367
    - 16
  - - 368
    - 16
  - - 369
    - 14
  - - 370
    - 11
  - - 371
    - 20
  - - 372
    - 27
  - - 373
    - 16
  - - 374
    - 23
  - - 375
    - 13
  - - 376
    - 18
  - - 377
    - 25
  - - 378
    - 34
  - - 379
    - 24
  - - 380
    - 20
  - - 381
    - 19
  - - 382
    - 26
  - - 383
    - 16
  - - 384
    - 22
  - - 385
    - 25
  - - 386
    - 21
  - - 387
    - 26
  - - 388
    - 27
  - - 389
    - 15
  - - 390
    - 26
  - - 391
    - 27
  - - 392
    - 30
  - - 393
    - 15
  - - 394
    - 17
  - - 395
    - 19
  - - 396
    - 24
  - - 397
    - 24
  - - 398
    - 21
  - - 399
    - 18
  - - 400
    - 22
  - - 401
    - 32
  - - 402
    - 20
  - - 403
    - 27
  - - 404
    - 23
  - - 405
    - 20
  - - 406
    - 22
  - - 407
    - 32
  - - 408
    - 30
  - - 409
    - 20
  - - 410
    - 27
  - - 411
    - 26
  - - 412
    - 20
  - - 413
    - 42
  - - 414
    - 34
  - - 415
    - 31
  - - 416
    - 31
  - - 417
    - 18
  - - 418
    - 17
  - - 419
    - 24
  - - 420
    - 26
  - - 421
    - 29
  - - 422
    - 26
  - - 423
    - 23
  - - 424
    - 28
  - - 425
    - 24
  - - 426
    - 32
  - - 427
    - 44
  - - 428
    - 31
  - - 429
    - 26
  - - 430
    - 30
  - - 431
    - 40
  - - 432
    - 35
  - - 433
    - 19
  - - 434
    - 21
  - - 435
    - 21
  - - 436
    - 25
  - - 437
    - 34
  - - 438
    - 30
  - - 439
    - 32
  - - 440
    - 40
  - - 441
    - 41
  - - 442
    - 41
  - - 443
    - 35
  - - 444
    - 40
  - - 445
    - 16
  - - 446
    - 25
  - - 447
    - 22
  - - 448
    - 26
  - - 449
    - 37
  - - 450
    - 28
  - - 451
    - 19
  - - 452
    - 21
  - - 453
    - 28
  - - 454
    - 19
  - - 455
    - 22
  - - 456
    - 36
  - - 457
    - 32
  - - 458
    - 42
  - - 459
    - 33
  - - 460
    - 36
  - - 461
    - 23
  - - 462
    - 31
  - - 463
    - 13
  - - 464
    - 23
  - - 465
    - 34
  - - 466
    - 12
  - - 467
    - 15
  - - 468
    - 24
  - - 469
    - 23
  - - 470
    - 28
  - - 471
    - 27
  - - 472
    - 23
  - - 473
    - 28
  - - 474
    - 40
  - - 475
    - 40
  - - 476
    - 9
  - - 477
    - 32
  - - 478
    - 21
  - - 479
    - 23
  - - 480
    - 29
  - - 481
    - 27
  - - 482
    - 28
  - - 483
    - 37
  - - 484
    - 29
  - - 485
    - 34
  - - 486
    - 32
  - - 487
    - 30
  - - 488
    - 30
  - - 489
    - 29
  - - 490
    - 31
  - - 491
    - 30
  - - 492
    - 35
  - - 493
    - 29
  - - 494
    - 27
  - - 495
    - 20
  - - 496
    - 26
  - - 497
    - 26
  - - 498
    - 24
  - - 499
    - 26
  - - 500
    - 15
  - - 501
    - 29
  - - 502
    - 30
  - - 503
    - 20
  - - 504
    - 22
  - - 505
    - 37
  - - 506
    - 22
  - - 507
    - 32
  - - 508
    - 29
  - - 509
    - 25
  - - 510
    - 33
  - - 511
    - 28
  - - 512
    - 20
  - - 513
    - 31
  - - 514
    - 35
  - - 515
    - 30
  - - 516
    - 32
  - - 517
    - 32
  - - 518
    - 26
  - - 519
    - 22
  - - 520
    - 27
  - - 521
    - 38
  - - 522
    - 32
  - - 523
    - 36
  - - 524
    - 34
  - - 525
    - 30
  - - 526
    - 19
  - - 527
    - 25
  - - 528
    - 37
  - - 529
    - 40
  - - 530
    - 33
  - - 531
    - 36
  - - 532
    - 31
  - - 533
    - 34
  - - 534
    - 26
  - - 535
    - 42
  - - 536
    - 28
  - - 537
    - 28
  - - 538
    - 50
  - - 539
    - 38
  - - 540
    - 35
  - - 541
    - 30
  - - 542
    - 28
  - - 543
    - 28
  - - 544
    - 36
  - - 545
    - 22
  - - 546
    - 40
  - - 547
    - 43
  - - 548
    - 30
  - - 549
    - 30
  - - 550
    - 49
  - - 551
    - 32
  - - 552
    - 27
  - - 553
    - 36
  - - 554
    - 32
  - - 555
    - 41
  - - 556
    - 24
  - - 557
    - 39
  - - 558
    - 37
  - - 559
    - 29
  - - 560
    - 39
  - - 561
    - 39
  - - 562
    - 40
  - - 563
    - 27
  - - 564
    - 33
  - - 565
    - 37
  - - 566
    - 25
  - - 567
    - 33
  - - 568
    - 33
  - - 569
    - 30
  - - 570
    - 26
  - - 571
    - 34
  - - 572
    - 40
  - - 573
    - 29
  - - 574
    - 29
  - - 575
    - 37
  - - 576
    - 29
  - - 577
    - 42
  - - 578
    - 35
  - - 579
    - 34
  - - 580
    - 33
  - - 581
    - 30
  - - 582
    - 28
  - - 583
    - 44
  - - 584
    - 27
  - - 585
    - 26
  - - 586
    - 31
  - - 587
    - 34
  - - 588
    - 47
  - - 589
    - 29
  - - 590
    - 34
  - - 591
    - 53
  - - 592
    - 35
  - - 593
    - 40
  - - 594
    - 35
  - - 595
    - 26
  - - 596
    - 25
  - - 597
    - 28
  - - 598
    - 39
  - - 599
    - 34
  - - 600
    - 27
  - - 601
    - 33
  - - 602
    - 31
  - - 603
    - 36
  - - 604
    - 27
  - - 605
    - 33
  - - 606
    - 25
  - - 607
    - 29
  - - 608
    - 32
  - - 609
    - 33
  - - 610
    - 28
  - - 611
    - 36
  - - 612
    - 36
  - - 613
    - 35
  - - 614
    - 33
  - - 615
    - 40
  - - 616
    - 25
  - - 617
    - 45
  - - 618
    - 44
  - - 619
    - 31
  - - 620
    - 45
  - - 621
    - 25
  - - 622
    - 34
  - - 623
    - 37
  - - 624
    - 28
  - - 625
    - 40
  - - 626
    - 26
  - - 627
    - 32
  - - 628
    - 33
  - - 629
    - 33
  - - 630
    - 22
  - - 631
    - 25
  - - 632
    - 30
  - - 633
    - 45
  - - 634
    - 33
  - - 635
    - 43
  - - 636
    - 54
  - - 637
    - 35
  - - 638
    - 38
  - - 639
    - 27
  - - 640
    - 24
  - - 641
    - 29
  - - 642
    - 29
  - - 643
    - 26
  - - 644
    - 42
  - - 645
    - 24
  - - 646
    - 25
  - - 647
    - 28
  - - 648
    - 27
  - - 649
    - 30
  - - 650
    - 43
  - - 651
    - 31
  - - 652
    - 33
  - - 653
    - 42
  - - 654
    - 22
  - - 655
    - 33
  - - 656
    - 42
  - - 657
    - 24
  - - 658
    - 41
  - - 659
    - 40
  - - 660
    - 32
  - - 661
    - 25
  - - 662
    - 28
  - - 663
    - 32
  - - 664
    - 40
  - - 665
    - 33
  - - 666
    - 29
  - - 667
    - 38
  - - 668
    - 30
  - - 669
    - 33
  - - 670
    - 37
  - - 671
    - 40
  - - 672
    - 38
  - - 673
    - 34
  - - 674
    - 27
  - - 675
    - 25
  - - 676
    - 35
  - - 677
    - 31
  - - 678
    - 42
  - - 679
    - 36
  - - 680
    - 26
  - - 681
    - 32
  - - 682
    - 32
  - - 683
    - 21
  - - 684
    - 30
  - - 685
    - 35
  - - 686
    - 24
  - - 687
    - 25
  - - 688
    - 25
  - - 689
    - 29
  - - 690
    - 30
  - - 691
    - 32
  - - 692
    - 26
  - - 693
    - 34
  - - 694
    - 31
  - - 695
    - 28
  - - 696
    - 38
  - - 697
    - 43
  - - 698
    - 26
  - - 699
    - 23
  - - 700
    - 20
  - - 701
    - 21
  - - 702
    - 22
  - - 703
    - 30
  - - 704
    - 26
  - - 705
    - 24
  - - 706
    - 28
  - - 707
    - 13
  - - 708
    - 22
  - - 709
    - 30
  - - 710
    - 32
  - - 711
    - 27
  - - 712
    - 25
  - - 713
    - 23
  - - 714
    - 19
  - - 715
    - 24
  - - 716
    - 19
  - - 717
    - 31
  - - 718
    - 40
  - - 719
    - 25
  - - 720
    - 31
  - - 721
    - 19
  - - 722
    - 21
  - - 723
    - 25
  - - 724
    - 30
  - - 725
    - 36
  - - 726
    - 14
  - - 727
    - 20
  - - 728
    - 26
  - - 729
    - 23
  - - 730
    - 39
  - - 731
    - 25
  - - 732
    - 27
  - - 733
    - 28
  - - 734
    - 24
  - - 735
    - 29
  - - 736
    - 20
  - - 737
    - 24
  - - 738
    - 17
  - - 739
    - 35
  - - 740
    - 25
  - - 741
    - 33
  - - 742
    - 24
  - - 743
    - 24
  - - 744
    - 30
  - - 745
    - 29
  - - 746
    - 28
  - - 747
    - 46
  - - 748
    - 37
  - - 749
    - 35
  - - 750
    - 24
  - - 751
    - 32
  - - 752
    - 32
  - - 753
    - 14
  - - 754
    - 28
  - - 755
    - 20
  - - 756
    - 29
  - - 757
    - 34
  - - 758
    - 31
  - - 759
    - 25
  - - 760
    - 29
  - - 761
    - 31
  - - 762
    - 17
  - - 763
    - 20
  - - 764
    - 18
  - - 765
    - 16
  - - 766
    - 14
  - - 767
    - 17
  - - 768
    - 20
  - - 769
    - 22
  - - 770
    - 20
  - - 771
    - 14
  - - 772
    - 9
  - - 773
    - 15
  - - 774
    - 16
  - - 775
    - 8
  - - 776
    - 17
  - - 777
    - 15
  - - 778
    - 12
  - - 779
    - 17
  - - 780
    - 10
  - - 781
    - 20
  - - 782
    - 24
  - - 783
    - 22
  - - 784
    - 22
  - - 785
    - 19
  - - 786
    - 23
  - - 787
    - 19
  - - 788
    - 26
  - - 789
    - 32
  - - 790
    - 14
  - - 791
    - 30
  - - 792
    - 22
  - - 793
    - 21
  - - 794
    - 20
  - - 795
    - 19
  - - 796
    - 23
  - - 797
    - 13
  - - 798
    - 30
  - - 799
    - 14
  - - 800
    - 17
  - - 801
    - 10
  - - 802
    - 18
  - - 803
    - 17
  - - 804
    - 23
  - - 805
    - 23
  - - 806
    - 17
  - - 807
    - 16
  - - 808
    - 16
  - - 809
    - 23
  - - 810
    - 27
  - - 811
    - 34
  - - 812
    - 23
  - - 813
    - 23
  - - 814
    - 29
  - - 815
    - 25
  - - 816
    - 29
  - - 817
    - 22
  - - 818
    - 15
  - - 819
    - 9
  - - 820
    - 17
  - - 821
    - 18
  - - 822
    - 24
  - - 823
    - 19
  - - 824
    - 16
  - - 825
    - 22
  - - 826
    - 12
  - - 827
    - 27
  - - 828
    - 13
  - - 829
    - 16
  - - 830
    - 30
  - - 831
    - 23
  - - 832
    - 12
  - - 833
    - 24
  - - 834
    - 20
  - - 835
    - 16
  - - 836
    - 21
  - - 837
    - 19
  - - 838
    - 18
  - - 839
    - 16
  - - 840
    - 27
  - - 841
    - 21
  - - 842
    - 19
  - - 843
    - 13
  - - 844
    - 19
  - - 845
    - 24
  - - 846
    - 16
  - - 847
    - 27
  - - 848
    - 7
  - - 849
    - 15
  - - 850
    - 7
  - - 851
    - 12
  - - 852
    - 10
  - - 853
    - 13
  - - 854
    - 18
  - - 855
    - 20
  - - 856
    - 18
  - - 857
    - 18
  - - 858
    - 12
  - - 859
    - 6
  - - 860
    - 20
  - - 861
    - 15
  - - 862
    - 8
  - - 863
    - 14
  - - 864
    - 12
  - - 865
    - 16
  - - 866
    - 12
  - - 867
    - 9
  - - 868
    - 16
  - - 869
    - 21
  - - 870
    - 15
  - - 871
    - 10
  - - 872
    - 13
  - - 873
    - 10
  - - 874
    - 22
  - - 875
    - 15
  - - 876
    - 20
  - - 877
    - 23
  - - 878
    - 21
  - - 879
    - 25
  - - 880
    - 28
  - - 881
    - 10
  - - 882
    - 13
  - - 883
    - 24
  - - 884
    - 6
  - - 885
    - 15
  - - 886
    - 11
  - - 887
    - 17
  - - 888
    - 6
  - - 889
    - 9
  - - 890
    - 12
  - - 891
    - 7
  - - 892
    - 6
  - - 893
    - 16
  - - 894
    - 14
  - - 895
    - 17
  - - 896
    - 28
  - - 897
    - 28
  - - 898
    - 11
  - - 899
    - 15
  - - 900
    - 7
  - - 901
    - 16
  - - 902
    - 14
  - - 903
    - 16
  - - 904
    - 18
  - - 905
    - 14
  - - 906
    - 21
  - - 907
    - 14
  - - 908
    - 11
  - - 909
    - 10
  - - 910
    - 9
  - - 911
    - 17
  - - 912
    - 7
  - - 913
    - 13
  - - 914
    - 13
  - - 915
    - 11
  - - 916
    - 16
  - - 917
    - 9
  - - 918
    - 7
  - - 919
    - 4
  - - 920
    - 7
  - - 921
    - 6
  - - 922
    - 6
  - - 923
    - 7
  - - 924
    - 6
  - - 925
    - 2
  - - 926
    - 6
  - - 927
    - 13
  - - 928
    - 6
  - - 929
    - 4
  - - 930
    - 11
  - - 931
    - 6
  - - 932
    - 8
  - - 933
    - 17
  - - 934
    - 6
  - - 935
    - 16
  - - 936
    - 19
  - - 937
    - 4
  - - 938
    - 13
  - - 939
    - 9
  - - 940
    - 6
  - - 941
    - 11
  - - 942
    - 16
  - - 943
    - 17
  - - 944
    - 14
  - - 945
    - 18
  - - 946
    - 9
  - - 947
    - 14
  - - 948
    - 18
  - - 949
    - 7
  - - 950
    - 9
  - - 951
    - 17
  - - 952
    - 21
  - - 953
    - 20
  - - 954
    - 22
  - - 955
    - 6
  - - 956
    - 11
  - - 957
    - 10
  - - 958
    - 5
  - - 959
    - 14
  - - 960
    - 9
  - - 961
    - 10
  - - 962
    - 5
  - - 963
    - 14
  - - 964
    - 9
  - - 965
    - 9
  - - 966
    - 5
  - - 967
    - 12
  - - 968
    - 17
  - - 969
    - 7
  - - 970
    - 10
  - - 971
    - 13
  - - 972
    - 9
  - - 973
    - 11
  - - 974
    - 18
  - - 975
    - 11
  - - 976
    - 11
  - - 977
    - 8
  - - 978
    - 6
  - - 979
    - 11
  - - 980
    - 16
  - - 981
    - 10
  - - 982
    - 11
  - - 983
    - 8
  - - 984
    - 9
  - - 985
    - 6
  - - 986
    - 11
  - - 987
    - 15
  - - 988
    - 12
  - - 989
    - 19
  - - 990
    - 9
  - - 991
    - 5
  - - 992
    - 5
  - - 993
    - 3
  - - 994
    - 11
  - - 995
    - 5
  - - 996
    - 12
  - - 997
    - 10
  - - 998
    - 10
  - - 999
    - 11
  - - 1000
    - 12
  - - 1001
    - 7
  - - 1002
    - 10
  - - 1003
    - 13
  - - 1004
    - 9
  - - 1005
    - 7
  - - 1006
    - 4
  - - 1007
    - 4
  - - 1008
    - 5
  - - 1009
    - 3
  - - 1010
    - 11
  - - 1011
    - 8
  - - 1012
    - 9
  - - 1013
    - 8
  - - 1014
    - 19
  - - 1015
    - 19
  - - 1016
    - 15
  - - 1017
    - 14
  - - 1018
    - 18
  - - 1019
    - 16
  - - 1020
    - 9
  - - 1021
    - 8
  - - 1022
    - 12
  - - 1023
    - 7
  - - 1024
    - 7
  - - 1025
    - 4
  - - 1026
    - 6
  - - 1027
    - 3
  - - 1028
    - 5
  - - 1030
    - 8
  - - 1031
    - 5
  - - 1032
    - 6
  - - 1033
    - 3
  - - 1034
    - 11
  - - 1035
    - 3
  - - 1036
    - 12
  - - 1037
    - 3
  - - 1038
    - 5
  - - 1039
    - 7
  - - 1040
    - 7
  - - 1041
    - 4
  - - 1042
    - 4
  - - 1043
    - 2
  - - 1044
    - 3
  - - 1045
    - 4
  - - 1046
    - 7
  - - 1047
    - 5
  - - 1048
    - 3
  - - 1049
    - 7
  - - 1050
    - 4
  - - 1051
    - 3
  - - 1052
    - 6
  - - 1053
    - 6
  - - 1054
    - 7
  - - 1055
    - 5
  - - 1056
    - 6
  - - 1057
    - 4
  - - 1058
    - 4
  - - 1059
    - 7
  - - 1060
    - 6
  - - 1061
    - 6
  - - 1062
    - 5
  - - 1063
    - 2
  - - 1064
    - 3
  - - 1065
    - 10
  - - 1066
    - 7
  - - 1067
    - 5
  - - 1068
    - 2
  - - 1069
    - 5
  - - 1070
    - 3
  - - 1071
    - 4
  - - 1072
    - 10
  - - 1073
    - 4
  - - 1074
    - 12
  - - 1075
    - 6
  - - 1076
    - 4
  - - 1077
    - 3
  - - 1078
    - 4
  - - 1079
    - 7
  - - 1080
    - 8
  - - 1081
    - 8
  - - 1083
    - 7
  - - 1084
    - 3
  - - 1085
    - 5
  - - 1086
    - 1
  - - 1087
    - 6
  - - 1088
    - 8
  - - 1089
    - 7
  - - 1090
    - 4
  - - 1091
    - 4
  - - 1092
    - 3
  - - 1093
    - 4
  - - 1094
    - 3
  - - 1095
    - 5
  - - 1096
    - 13
  - - 1097
    - 4
  - - 1098
    - 3
  - - 1099
    - 3
  - - 1100
    - 3
  - - 1101
    - 6
  - - 1102
    - 4
  - - 1103
    - 7
  - - 1104
    - 1
  - - 1105
    - 3
  - - 1106
    - 5
  - - 1107
    - 4
  - - 1108
    - 5
  - - 1109
    - 7
  - - 1110
    - 4
  - - 1111
    - 1
  - - 1112
    - 5
  - - 1113
    - 13
  - - 1114
    - 3
  - - 1115
    - 10
  - - 1116
    - 12
  - - 1117
    - 5
  - - 1118
    - 16
  - - 1119
    - 16
  - - 1120
    - 6
  - - 1121
    - 6
  - - 1122
    - 8
  - - 1123
    - 7
  - - 1124
    - 9
  - - 1125
    - 9
  - - 1126
    - 8
  - - 1127
    - 3
  - - 1128
    - 3
  - - 1129
    - 2
  - - 1130
    - 4
  - - 1131
    - 5
  - - 1132
    - 4
  - - 1133
    - 4
  - - 1134
    - 2
  - - 1135
    - 10
  - - 1136
    - 5
  - - 1139
    - 7
  - - 1140
    - 4
  - - 1141
    - 4
  - - 1142
    - 5
  - - 1143
    - 2
  - - 1144
    - 3
  - - 1145
    - 4
  - - 1146
    - 3
  - - 1147
    - 2
  - - 1148
    - 2
  - - 1150
    - 2
  - - 1151
    - 6
  - - 1152
    - 3
  - - 1153
    - 4
  - - 1154
    - 5
  - - 1155
    - 3
  - - 1156
    - 4
  - - 1157
    - 5
  - - 1158
    - 4
  - - 1159
    - 9
  - - 1160
    - 7
  - - 1161
    - 5
  - - 1162
    - 2
  - - 1163
    - 12
  - - 1164
    - 2
  - - 1165
    - 4
  - - 1166
    - 8
  - - 1167
    - 5
  - - 1168
    - 2
  - - 1169
    - 6
  - - 1170
    - 5
  - - 1171
    - 7
  - - 1172
    - 4
  - - 1173
    - 2
  - - 1174
    - 2
  - - 1175
    - 1
  - - 1176
    - 2
  - - 1177
    - 4
  - - 1178
    - 1
  - - 1179
    - 2
  - - 1180
    - 3
  - - 1181
    - 1
  - - 1182
    - 4
  - - 1183
    - 5
  - - 1184
    - 4
  - - 1185
    - 4
  - - 1186
    - 1
  - - 1187
    - 2
  - - 1188
    - 2
  - - 1189
    - 3
  - - 1190
    - 1
  - - 1191
    - 3
  - - 1192
    - 3
  - - 1193
    - 1
  - - 1194
    - 4
  - - 1195
    - 7
  - - 1196
    - 4
  - - 1197
    - 1
  - - 1198
    - 6
  - - 1199
    - 2
  - - 1200
    - 4
  - - 1201
    - 2
  - - 1202
    - 2
  - - 1203
    - 1
  - - 1205
    - 2
  - - 1206
    - 2
  - - 1207
    - 8
  - - 1208
    - 2
  - - 1209
    - 2
  - - 1210
    - 3
  - - 1211
    - 1
  - - 1212
    - 2
  - - 1213
    - 4
  - - 1216
    - 3
  - - 1217
    - 1
  - - 1218
    - 3
  - - 1219
    - 6
  - - 1222
    - 2
  - - 1223
    - 1
  - - 1224
    - 3
  - - 1225
    - 1
  - - 1226
    - 1
  - - 1228
    - 2
  - - 1229
    - 1
  - - 1230
    - 1
  - - 1231
    - 2
  - - 1232
    - 3
  - - 1233
    - 4
  - - 1235
    - 2
  - - 1236
    - 1
  - - 1237
    - 4
  - - 1238
    - 3
  - - 1239
    - 2
  - - 1241
    - 5
  - - 1243
    - 3
  - - 1244
    - 2
  - - 1245
    - 3
  - - 1247
    - 3
  - - 1251
    - 1
  - - 1252
    - 2
  - - 1254
    - 4
  - - 1255
    - 1
  - - 1258
    - 2
  - - 1259
    - 2
  - - 1261
    - 1
  - - 1263
    - 3
  - - 1264
    - 1
  - - 1265
    - 1
  - - 1266
    - 1
  - - 1267
    - 2
  - - 1268
    - 3
  - - 1269
    - 1
  - - 1270
    - 4
  - - 1271
    - 2
  - - 1272
    - 2
  - - 1273
    - 3
  - - 1274
    - 2
  - - 1275
    - 2
  - - 1276
    - 1
  - - 1277
    - 2
  - - 1278
    - 3
  - - 1280
    - 1
  - - 1282
    - 8
  - - 1283
    - 1
  - - 1286
    - 1
  - - 1288
    - 1
  - - 1289
    - 2
  - - 1291
    - 1
  - - 1292
    - 1
  - - 1293
    - 1
  - - 1294
    - 1
  - - 1296
    - 1
  - - 1297
    - 2
  - - 1301
    - 5
  - - 1302
    - 2
  - - 1303
    - 1
  - - 1304
    - 5
  - - 1306
    - 1
  - - 1308
    - 2
  - - 1309
    - 1
  - - 1310
    - 2
  - - 1312
    - 1
  - - 1313
    - 1
  - - 1316
    - 2
  - - 1317
    - 2
  - - 1318
    - 1
  - - 1319
    - 4
  - - 1320
    - 1
  - - 1322
    - 2
  - - 1323
    - 4
  - - 1327
    - 4
  - - 1329
    - 2
  - - 1330
    - 1
  - - 1331
    - 3
  - - 1333
    - 4
  - - 1334
    - 1
  - - 1335
    - 1
  - - 1336
    - 2
  - - 1337
    - 1
  - - 1338
    - 2
  - - 1340
    - 2
  - - 1341
    - 2
  - - 1342
    - 5
  - - 1343
    - 1
  - - 1344
    - 2
  - - 1345
    - 2
  - - 1347
    - 2
  - - 1349
    - 3
  - - 1350
    - 3
  - - 1352
    - 1
  - - 1354
    - 1
  - - 1356
    - 1
  - - 1357
    - 2
  - - 1363
    - 1
  - - 1369
    - 1
  - - 1371
    - 1
  - - 1373
    - 1
  - - 1374
    - 1
  - - 1376
    - 1
  - - 1380
    - 3
  - - 1381
    - 3
  - - 1384
    - 1
  - - 1385
    - 3
  - - 1386
    - 1
  - - 1387
    - 1
  - - 1391
    - 1
  - - 1392
    - 1
  - - 1394
    - 1
  - - 1395
    - 1
  - - 1397
    - 2
  - - 1398
    - 1
  - - 1399
    - 6
  - - 1400
    - 1
  - - 1402
    - 1
  - - 1404
    - 1
  - - 1405
    - 1
  - - 1408
    - 4
  - - 1409
    - 3
  - - 1410
    - 1
  - - 1411
    - 1
  - - 1413
    - 1
  - - 1415
    - 3
  - - 1416
    - 1
  - - 1418
    - 1
  - - 1421
    - 1
  - - 1423
    - 2
  - - 1424
    - 1
  - - 1427
    - 1
  - - 1428
    - 1
  - - 1433
    - 3
  - - 1437
    - 1
  - - 1441
    - 1
  - - 1450
    - 1
  - - 1451
    - 1
  - - 1453
    - 2
  - - 1454
    - 1
  - - 1455
    - 2
  - - 1456
    - 1
  - - 1459
    - 1
  - - 1463
    - 1
  - - 1465
    - 1
  - - 1466
    - 5
  - - 1467
    - 2
  - - 1468
    - 3
  - - 1469
    - 1
  - - 1474
    - 1
  - - 1475
    - 1
  - - 1476
    - 1
  - - 1477
    - 3
  - - 1478
    - 7
  - - 1479
    - 1
  - - 1480
    - 2
  - - 1481
    - 2
  - - 1482
    - 1
  - - 1483
    - 2
  - - 1484
    - 2
  - - 1485
    - 2
  - - 1486
    - 2
  - - 1488
    - 3
  - - 1489
    - 1
  - - 1495
    - 2
  - - 1502
    - 1
  - - 1505
    - 3
  - - 1506
    - 1
  - - 1510
    - 1
  - - 1527
    - 1
  - - 1530
    - 1
  - - 1544
    - 1
  - - 1549
    - 1
  - - 1553
    - 1
  - - 1568
    - 1
  - - 1580
    - 1
  - - 1588
    - 1
  - - 1595
    - 2
  - - 1629
    - 1
  - - 1632
    - 1
  - - 1637
    - 1
  - - 1643
    - 2
  latency_50_percentile: 616.0
  latency_95_percentile: 1079.0
  latency_99_5_percentile: 1410.2750000000015
  latency_99_percentile: 1323.0
  max_kubedns_cpu: 503
  max_kubedns_memory: 26
  max_latency: 1.643539
  max_perfserver_cpu: 0
  max_perfserver_memory: 0
  min_latency: 0.009801
  msg: null
  ok: true
  qps: 156.032612
  queries_completed: 18746
  queries_lost: 0
  queries_sent: 18746
  run_time: 120.141551
  stddev_latency: 0.237433
params:
  max_qps: null
  pod_name: dns-perf-client-858fb7568b-jsxcs
  query_file: all-queries.txt
  run_id: 1777619351
  run_length_seconds: 120
  run_subid: 0
stderr:
- ''
stdout:
- DNS Performance Testing Tool
- Nominum Version 2.1.0.0
- ''
- '[Status] Command line: dnsperf -s 10.0.0.10 -l 120 -d /queries/all-queries.txt'
- '[Status] Sending queries (to 10.0.0.10)'
- '[Status] Started at: Fri May  1 07:09:43 2026'
- '[Status] Stopping after 120.000000 seconds'
- '[Status] Testing complete (time limit)'
- ''
- 'Statistics:'
- ''
- '  Queries sent:         18746'
- '  Queries completed:    18746 (100.00%)'
- '  Queries lost:         0 (0.00%)'
- ''
- '  Response codes:       NOERROR 2250 (12.00%), NXDOMAIN 16496 (88.00%)'
- '  Average packet size:  request 38, response 122'
- '  Run time (s):         120.141551'
- '  Queries per second:   156.032612'
- ''
- '  Average Latency (s):  0.640246 (min 0.009801, max 1.643539)'
- '  Latency StdDev (s):   0.237433'
- ''
- '  Latency histogram'
- '#histogram 0 0'
- '#histogram 9 1'
- '#histogram 18 1'
- '#histogram 20 1'
- '#histogram 32 1'
- '#histogram 46 1'
- '#histogram 60 1'
- '#histogram 61 1'
- '#histogram 68 1'
- '#histogram 85 1'
- '#histogram 93 1'
- '#histogram 94 1'
- '#histogram 97 1'
- '#histogram 101 1'
- '#histogram 104 1'
- '#histogram 114 1'
- '#histogram 118 1'
- '#histogram 123 1'
- '#histogram 125 3'
- '#histogram 126 1'
- '#histogram 129 3'
- '#histogram 130 2'
- '#histogram 131 1'
- '#histogram 134 4'
- '#histogram 135 1'
- '#histogram 136 2'
- '#histogram 137 1'
- '#histogram 138 1'
- '#histogram 141 1'
- '#histogram 142 1'
- '#histogram 143 4'
- '#histogram 145 1'
- '#histogram 146 1'
- '#histogram 147 3'
- '#histogram 149 3'
- '#histogram 150 1'
- '#histogram 155 1'
- '#histogram 157 1'
- '#histogram 162 1'
- '#histogram 163 1'
- '#histogram 164 1'
- '#histogram 165 1'
- '#histogram 167 1'
- '#histogram 168 1'
- '#histogram 169 5'
- '#histogram 170 1'
- '#histogram 171 1'
- '#histogram 172 2'
- '#histogram 174 2'
- '#histogram 175 3'
- '#histogram 176 1'
- '#histogram 177 4'
- '#histogram 178 2'
- '#histogram 179 4'
- '#histogram 180 1'
- '#histogram 181 3'
- '#histogram 182 1'
- '#histogram 183 4'
- '#histogram 184 4'
- '#histogram 185 4'
- '#histogram 187 1'
- '#histogram 188 1'
- '#histogram 189 2'
- '#histogram 190 4'
- '#histogram 191 3'
- '#histogram 192 2'
- '#histogram 193 4'
- '#histogram 194 3'
- '#histogram 195 6'
- '#histogram 196 9'
- '#histogram 197 4'
- '#histogram 198 4'
- '#histogram 199 3'
- '#histogram 200 3'
- '#histogram 201 4'
- '#histogram 202 2'
- '#histogram 203 3'
- '#histogram 205 6'
- '#histogram 206 2'
- '#histogram 207 2'
- '#histogram 208 3'
- '#histogram 209 4'
- '#histogram 210 4'
- '#histogram 211 2'
- '#histogram 212 9'
- '#histogram 213 4'
- '#histogram 215 2'
- '#histogram 216 3'
- '#histogram 217 8'
- '#histogram 218 3'
- '#histogram 219 3'
- '#histogram 220 2'
- '#histogram 221 10'
- '#histogram 222 3'
- '#histogram 223 3'
- '#histogram 224 6'
- '#histogram 225 3'
- '#histogram 226 10'
- '#histogram 228 12'
- '#histogram 229 4'
- '#histogram 230 4'
- '#histogram 231 1'
- '#histogram 232 7'
- '#histogram 233 8'
- '#histogram 234 5'
- '#histogram 235 11'
- '#histogram 236 1'
- '#histogram 237 8'
- '#histogram 238 4'
- '#histogram 239 5'
- '#histogram 240 4'
- '#histogram 241 5'
- '#histogram 242 4'
- '#histogram 243 1'
- '#histogram 244 13'
- '#histogram 245 13'
- '#histogram 246 8'
- '#histogram 247 3'
- '#histogram 248 11'
- '#histogram 249 17'
- '#histogram 250 9'
- '#histogram 251 11'
- '#histogram 252 11'
- '#histogram 253 6'
- '#histogram 254 9'
- '#histogram 255 14'
- '#histogram 256 14'
- '#histogram 257 8'
- '#histogram 258 9'
- '#histogram 259 4'
- '#histogram 260 9'
- '#histogram 261 8'
- '#histogram 262 11'
- '#histogram 263 7'
- '#histogram 264 9'
- '#histogram 265 13'
- '#histogram 266 12'
- '#histogram 267 9'
- '#histogram 268 9'
- '#histogram 269 3'
- '#histogram 270 11'
- '#histogram 271 2'
- '#histogram 272 5'
- '#histogram 273 9'
- '#histogram 274 7'
- '#histogram 275 14'
- '#histogram 276 9'
- '#histogram 277 11'
- '#histogram 278 11'
- '#histogram 279 15'
- '#histogram 280 11'
- '#histogram 281 8'
- '#histogram 282 8'
- '#histogram 283 10'
- '#histogram 284 12'
- '#histogram 285 14'
- '#histogram 286 12'
- '#histogram 287 18'
- '#histogram 288 10'
- '#histogram 289 14'
- '#histogram 290 11'
- '#histogram 291 12'
- '#histogram 292 7'
- '#histogram 293 17'
- '#histogram 294 7'
- '#histogram 295 9'
- '#histogram 296 20'
- '#histogram 297 18'
- '#histogram 298 12'
- '#histogram 299 7'
- '#histogram 300 11'
- '#histogram 301 18'
- '#histogram 302 17'
- '#histogram 303 9'
- '#histogram 304 12'
- '#histogram 305 18'
- '#histogram 306 13'
- '#histogram 307 4'
- '#histogram 308 14'
- '#histogram 309 11'
- '#histogram 310 4'
- '#histogram 311 13'
- '#histogram 312 8'
- '#histogram 313 12'
- '#histogram 314 17'
- '#histogram 315 21'
- '#histogram 316 34'
- '#histogram 317 21'
- '#histogram 318 19'
- '#histogram 319 26'
- '#histogram 320 17'
- '#histogram 321 14'
- '#histogram 322 17'
- '#histogram 323 13'
- '#histogram 324 22'
- '#histogram 325 26'
- '#histogram 326 14'
- '#histogram 327 19'
- '#histogram 328 11'
- '#histogram 329 13'
- '#histogram 330 13'
- '#histogram 331 16'
- '#histogram 332 11'
- '#histogram 333 12'
- '#histogram 334 22'
- '#histogram 335 17'
- '#histogram 336 32'
- '#histogram 337 28'
- '#histogram 338 25'
- '#histogram 339 21'
- '#histogram 340 17'
- '#histogram 341 22'
- '#histogram 342 22'
- '#histogram 343 15'
- '#histogram 344 28'
- '#histogram 345 29'
- '#histogram 346 28'
- '#histogram 347 16'
- '#histogram 348 13'
- '#histogram 349 15'
- '#histogram 350 27'
- '#histogram 351 18'
- '#histogram 352 23'
- '#histogram 353 26'
- '#histogram 354 19'
- '#histogram 355 18'
- '#histogram 356 22'
- '#histogram 357 16'
- '#histogram 358 20'
- '#histogram 359 25'
- '#histogram 360 24'
- '#histogram 361 20'
- '#histogram 362 20'
- '#histogram 363 32'
- '#histogram 364 16'
- '#histogram 365 18'
- '#histogram 366 17'
- '#histogram 367 16'
- '#histogram 368 16'
- '#histogram 369 14'
- '#histogram 370 11'
- '#histogram 371 20'
- '#histogram 372 27'
- '#histogram 373 16'
- '#histogram 374 23'
- '#histogram 375 13'
- '#histogram 376 18'
- '#histogram 377 25'
- '#histogram 378 34'
- '#histogram 379 24'
- '#histogram 380 20'
- '#histogram 381 19'
- '#histogram 382 26'
- '#histogram 383 16'
- '#histogram 384 22'
- '#histogram 385 25'
- '#histogram 386 21'
- '#histogram 387 26'
- '#histogram 388 27'
- '#histogram 389 15'
- '#histogram 390 26'
- '#histogram 391 27'
- '#histogram 392 30'
- '#histogram 393 15'
- '#histogram 394 17'
- '#histogram 395 19'
- '#histogram 396 24'
- '#histogram 397 24'
- '#histogram 398 21'
- '#histogram 399 18'
- '#histogram 400 22'
- '#histogram 401 32'
- '#histogram 402 20'
- '#histogram 403 27'
- '#histogram 404 23'
- '#histogram 405 20'
- '#histogram 406 22'
- '#histogram 407 32'
- '#histogram 408 30'
- '#histogram 409 20'
- '#histogram 410 27'
- '#histogram 411 26'
- '#histogram 412 20'
- '#histogram 413 42'
- '#histogram 414 34'
- '#histogram 415 31'
- '#histogram 416 31'
- '#histogram 417 18'
- '#histogram 418 17'
- '#histogram 419 24'
- '#histogram 420 26'
- '#histogram 421 29'
- '#histogram 422 26'
- '#histogram 423 23'
- '#histogram 424 28'
- '#histogram 425 24'
- '#histogram 426 32'
- '#histogram 427 44'
- '#histogram 428 31'
- '#histogram 429 26'
- '#histogram 430 30'
- '#histogram 431 40'
- '#histogram 432 35'
- '#histogram 433 19'
- '#histogram 434 21'
- '#histogram 435 21'
- '#histogram 436 25'
- '#histogram 437 34'
- '#histogram 438 30'
- '#histogram 439 32'
- '#histogram 440 40'
- '#histogram 441 41'
- '#histogram 442 41'
- '#histogram 443 35'
- '#histogram 444 40'
- '#histogram 445 16'
- '#histogram 446 25'
- '#histogram 447 22'
- '#histogram 448 26'
- '#histogram 449 37'
- '#histogram 450 28'
- '#histogram 451 19'
- '#histogram 452 21'
- '#histogram 453 28'
- '#histogram 454 19'
- '#histogram 455 22'
- '#histogram 456 36'
- '#histogram 457 32'
- '#histogram 458 42'
- '#histogram 459 33'
- '#histogram 460 36'
- '#histogram 461 23'
- '#histogram 462 31'
- '#histogram 463 13'
- '#histogram 464 23'
- '#histogram 465 34'
- '#histogram 466 12'
- '#histogram 467 15'
- '#histogram 468 24'
- '#histogram 469 23'
- '#histogram 470 28'
- '#histogram 471 27'
- '#histogram 472 23'
- '#histogram 473 28'
- '#histogram 474 40'
- '#histogram 475 40'
- '#histogram 476 9'
- '#histogram 477 32'
- '#histogram 478 21'
- '#histogram 479 23'
- '#histogram 480 29'
- '#histogram 481 27'
- '#histogram 482 28'
- '#histogram 483 37'
- '#histogram 484 29'
- '#histogram 485 34'
- '#histogram 486 32'
- '#histogram 487 30'
- '#histogram 488 30'
- '#histogram 489 29'
- '#histogram 490 31'
- '#histogram 491 30'
- '#histogram 492 35'
- '#histogram 493 29'
- '#histogram 494 27'
- '#histogram 495 20'
- '#histogram 496 26'
- '#histogram 497 26'
- '#histogram 498 24'
- '#histogram 499 26'
- '#histogram 500 15'
- '#histogram 501 29'
- '#histogram 502 30'
- '#histogram 503 20'
- '#histogram 504 22'
- '#histogram 505 37'
- '#histogram 506 22'
- '#histogram 507 32'
- '#histogram 508 29'
- '#histogram 509 25'
- '#histogram 510 33'
- '#histogram 511 28'
- '#histogram 512 20'
- '#histogram 513 31'
- '#histogram 514 35'
- '#histogram 515 30'
- '#histogram 516 32'
- '#histogram 517 32'
- '#histogram 518 26'
- '#histogram 519 22'
- '#histogram 520 27'
- '#histogram 521 38'
- '#histogram 522 32'
- '#histogram 523 36'
- '#histogram 524 34'
- '#histogram 525 30'
- '#histogram 526 19'
- '#histogram 527 25'
- '#histogram 528 37'
- '#histogram 529 40'
- '#histogram 530 33'
- '#histogram 531 36'
- '#histogram 532 31'
- '#histogram 533 34'
- '#histogram 534 26'
- '#histogram 535 42'
- '#histogram 536 28'
- '#histogram 537 28'
- '#histogram 538 50'
- '#histogram 539 38'
- '#histogram 540 35'
- '#histogram 541 30'
- '#histogram 542 28'
- '#histogram 543 28'
- '#histogram 544 36'
- '#histogram 545 22'
- '#histogram 546 40'
- '#histogram 547 43'
- '#histogram 548 30'
- '#histogram 549 30'
- '#histogram 550 49'
- '#histogram 551 32'
- '#histogram 552 27'
- '#histogram 553 36'
- '#histogram 554 32'
- '#histogram 555 41'
- '#histogram 556 24'
- '#histogram 557 39'
- '#histogram 558 37'
- '#histogram 559 29'
- '#histogram 560 39'
- '#histogram 561 39'
- '#histogram 562 40'
- '#histogram 563 27'
- '#histogram 564 33'
- '#histogram 565 37'
- '#histogram 566 25'
- '#histogram 567 33'
- '#histogram 568 33'
- '#histogram 569 30'
- '#histogram 570 26'
- '#histogram 571 34'
- '#histogram 572 40'
- '#histogram 573 29'
- '#histogram 574 29'
- '#histogram 575 37'
- '#histogram 576 29'
- '#histogram 577 42'
- '#histogram 578 35'
- '#histogram 579 34'
- '#histogram 580 33'
- '#histogram 581 30'
- '#histogram 582 28'
- '#histogram 583 44'
- '#histogram 584 27'
- '#histogram 585 26'
- '#histogram 586 31'
- '#histogram 587 34'
- '#histogram 588 47'
- '#histogram 589 29'
- '#histogram 590 34'
- '#histogram 591 53'
- '#histogram 592 35'
- '#histogram 593 40'
- '#histogram 594 35'
- '#histogram 595 26'
- '#histogram 596 25'
- '#histogram 597 28'
- '#histogram 598 39'
- '#histogram 599 34'
- '#histogram 600 27'
- '#histogram 601 33'
- '#histogram 602 31'
- '#histogram 603 36'
- '#histogram 604 27'
- '#histogram 605 33'
- '#histogram 606 25'
- '#histogram 607 29'
- '#histogram 608 32'
- '#histogram 609 33'
- '#histogram 610 28'
- '#histogram 611 36'
- '#histogram 612 36'
- '#histogram 613 35'
- '#histogram 614 33'
- '#histogram 615 40'
- '#histogram 616 25'
- '#histogram 617 45'
- '#histogram 618 44'
- '#histogram 619 31'
- '#histogram 620 45'
- '#histogram 621 25'
- '#histogram 622 34'
- '#histogram 623 37'
- '#histogram 624 28'
- '#histogram 625 40'
- '#histogram 626 26'
- '#histogram 627 32'
- '#histogram 628 33'
- '#histogram 629 33'
- '#histogram 630 22'
- '#histogram 631 25'
- '#histogram 632 30'
- '#histogram 633 45'
- '#histogram 634 33'
- '#histogram 635 43'
- '#histogram 636 54'
- '#histogram 637 35'
- '#histogram 638 38'
- '#histogram 639 27'
- '#histogram 640 24'
- '#histogram 641 29'
- '#histogram 642 29'
- '#histogram 643 26'
- '#histogram 644 42'
- '#histogram 645 24'
- '#histogram 646 25'
- '#histogram 647 28'
- '#histogram 648 27'
- '#histogram 649 30'
- '#histogram 650 43'
- '#histogram 651 31'
- '#histogram 652 33'
- '#histogram 653 42'
- '#histogram 654 22'
- '#histogram 655 33'
- '#histogram 656 42'
- '#histogram 657 24'
- '#histogram 658 41'
- '#histogram 659 40'
- '#histogram 660 32'
- '#histogram 661 25'
- '#histogram 662 28'
- '#histogram 663 32'
- '#histogram 664 40'
- '#histogram 665 33'
- '#histogram 666 29'
- '#histogram 667 38'
- '#histogram 668 30'
- '#histogram 669 33'
- '#histogram 670 37'
- '#histogram 671 40'
- '#histogram 672 38'
- '#histogram 673 34'
- '#histogram 674 27'
- '#histogram 675 25'
- '#histogram 676 35'
- '#histogram 677 31'
- '#histogram 678 42'
- '#histogram 679 36'
- '#histogram 680 26'
- '#histogram 681 32'
- '#histogram 682 32'
- '#histogram 683 21'
- '#histogram 684 30'
- '#histogram 685 35'
- '#histogram 686 24'
- '#histogram 687 25'
- '#histogram 688 25'
- '#histogram 689 29'
- '#histogram 690 30'
- '#histogram 691 32'
- '#histogram 692 26'
- '#histogram 693 34'
- '#histogram 694 31'
- '#histogram 695 28'
- '#histogram 696 38'
- '#histogram 697 43'
- '#histogram 698 26'
- '#histogram 699 23'
- '#histogram 700 20'
- '#histogram 701 21'
- '#histogram 702 22'
- '#histogram 703 30'
- '#histogram 704 26'
- '#histogram 705 24'
- '#histogram 706 28'
- '#histogram 707 13'
- '#histogram 708 22'
- '#histogram 709 30'
- '#histogram 710 32'
- '#histogram 711 27'
- '#histogram 712 25'
- '#histogram 713 23'
- '#histogram 714 19'
- '#histogram 715 24'
- '#histogram 716 19'
- '#histogram 717 31'
- '#histogram 718 40'
- '#histogram 719 25'
- '#histogram 720 31'
- '#histogram 721 19'
- '#histogram 722 21'
- '#histogram 723 25'
- '#histogram 724 30'
- '#histogram 725 36'
- '#histogram 726 14'
- '#histogram 727 20'
- '#histogram 728 26'
- '#histogram 729 23'
- '#histogram 730 39'
- '#histogram 731 25'
- '#histogram 732 27'
- '#histogram 733 28'
- '#histogram 734 24'
- '#histogram 735 29'
- '#histogram 736 20'
- '#histogram 737 24'
- '#histogram 738 17'
- '#histogram 739 35'
- '#histogram 740 25'
- '#histogram 741 33'
- '#histogram 742 24'
- '#histogram 743 24'
- '#histogram 744 30'
- '#histogram 745 29'
- '#histogram 746 28'
- '#histogram 747 46'
- '#histogram 748 37'
- '#histogram 749 35'
- '#histogram 750 24'
- '#histogram 751 32'
- '#histogram 752 32'
- '#histogram 753 14'
- '#histogram 754 28'
- '#histogram 755 20'
- '#histogram 756 29'
- '#histogram 757 34'
- '#histogram 758 31'
- '#histogram 759 25'
- '#histogram 760 29'
- '#histogram 761 31'
- '#histogram 762 17'
- '#histogram 763 20'
- '#histogram 764 18'
- '#histogram 765 16'
- '#histogram 766 14'
- '#histogram 767 17'
- '#histogram 768 20'
- '#histogram 769 22'
- '#histogram 770 20'
- '#histogram 771 14'
- '#histogram 772 9'
- '#histogram 773 15'
- '#histogram 774 16'
- '#histogram 775 8'
- '#histogram 776 17'
- '#histogram 777 15'
- '#histogram 778 12'
- '#histogram 779 17'
- '#histogram 780 10'
- '#histogram 781 20'
- '#histogram 782 24'
- '#histogram 783 22'
- '#histogram 784 22'
- '#histogram 785 19'
- '#histogram 786 23'
- '#histogram 787 19'
- '#histogram 788 26'
- '#histogram 789 32'
- '#histogram 790 14'
- '#histogram 791 30'
- '#histogram 792 22'
- '#histogram 793 21'
- '#histogram 794 20'
- '#histogram 795 19'
- '#histogram 796 23'
- '#histogram 797 13'
- '#histogram 798 30'
- '#histogram 799 14'
- '#histogram 800 17'
- '#histogram 801 10'
- '#histogram 802 18'
- '#histogram 803 17'
- '#histogram 804 23'
- '#histogram 805 23'
- '#histogram 806 17'
- '#histogram 807 16'
- '#histogram 808 16'
- '#histogram 809 23'
- '#histogram 810 27'
- '#histogram 811 34'
- '#histogram 812 23'
- '#histogram 813 23'
- '#histogram 814 29'
- '#histogram 815 25'
- '#histogram 816 29'
- '#histogram 817 22'
- '#histogram 818 15'
- '#histogram 819 9'
- '#histogram 820 17'
- '#histogram 821 18'
- '#histogram 822 24'
- '#histogram 823 19'
- '#histogram 824 16'
- '#histogram 825 22'
- '#histogram 826 12'
- '#histogram 827 27'
- '#histogram 828 13'
- '#histogram 829 16'
- '#histogram 830 30'
- '#histogram 831 23'
- '#histogram 832 12'
- '#histogram 833 24'
- '#histogram 834 20'
- '#histogram 835 16'
- '#histogram 836 21'
- '#histogram 837 19'
- '#histogram 838 18'
- '#histogram 839 16'
- '#histogram 840 27'
- '#histogram 841 21'
- '#histogram 842 19'
- '#histogram 843 13'
- '#histogram 844 19'
- '#histogram 845 24'
- '#histogram 846 16'
- '#histogram 847 27'
- '#histogram 848 7'
- '#histogram 849 15'
- '#histogram 850 7'
- '#histogram 851 12'
- '#histogram 852 10'
- '#histogram 853 13'
- '#histogram 854 18'
- '#histogram 855 20'
- '#histogram 856 18'
- '#histogram 857 18'
- '#histogram 858 12'
- '#histogram 859 6'
- '#histogram 860 20'
- '#histogram 861 15'
- '#histogram 862 8'
- '#histogram 863 14'
- '#histogram 864 12'
- '#histogram 865 16'
- '#histogram 866 12'
- '#histogram 867 9'
- '#histogram 868 16'
- '#histogram 869 21'
- '#histogram 870 15'
- '#histogram 871 10'
- '#histogram 872 13'
- '#histogram 873 10'
- '#histogram 874 22'
- '#histogram 875 15'
- '#histogram 876 20'
- '#histogram 877 23'
- '#histogram 878 21'
- '#histogram 879 25'
- '#histogram 880 28'
- '#histogram 881 10'
- '#histogram 882 13'
- '#histogram 883 24'
- '#histogram 884 6'
- '#histogram 885 15'
- '#histogram 886 11'
- '#histogram 887 17'
- '#histogram 888 6'
- '#histogram 889 9'
- '#histogram 890 12'
- '#histogram 891 7'
- '#histogram 892 6'
- '#histogram 893 16'
- '#histogram 894 14'
- '#histogram 895 17'
- '#histogram 896 28'
- '#histogram 897 28'
- '#histogram 898 11'
- '#histogram 899 15'
- '#histogram 900 7'
- '#histogram 901 16'
- '#histogram 902 14'
- '#histogram 903 16'
- '#histogram 904 18'
- '#histogram 905 14'
- '#histogram 906 21'
- '#histogram 907 14'
- '#histogram 908 11'
- '#histogram 909 10'
- '#histogram 910 9'
- '#histogram 911 17'
- '#histogram 912 7'
- '#histogram 913 13'
- '#histogram 914 13'
- '#histogram 915 11'
- '#histogram 916 16'
- '#histogram 917 9'
- '#histogram 918 7'
- '#histogram 919 4'
- '#histogram 920 7'
- '#histogram 921 6'
- '#histogram 922 6'
- '#histogram 923 7'
- '#histogram 924 6'
- '#histogram 925 2'
- '#histogram 926 6'
- '#histogram 927 13'
- '#histogram 928 6'
- '#histogram 929 4'
- '#histogram 930 11'
- '#histogram 931 6'
- '#histogram 932 8'
- '#histogram 933 17'
- '#histogram 934 6'
- '#histogram 935 16'
- '#histogram 936 19'
- '#histogram 937 4'
- '#histogram 938 13'
- '#histogram 939 9'
- '#histogram 940 6'
- '#histogram 941 11'
- '#histogram 942 16'
- '#histogram 943 17'
- '#histogram 944 14'
- '#histogram 945 18'
- '#histogram 946 9'
- '#histogram 947 14'
- '#histogram 948 18'
- '#histogram 949 7'
- '#histogram 950 9'
- '#histogram 951 17'
- '#histogram 952 21'
- '#histogram 953 20'
- '#histogram 954 22'
- '#histogram 955 6'
- '#histogram 956 11'
- '#histogram 957 10'
- '#histogram 958 5'
- '#histogram 959 14'
- '#histogram 960 9'
- '#histogram 961 10'
- '#histogram 962 5'
- '#histogram 963 14'
- '#histogram 964 9'
- '#histogram 965 9'
- '#histogram 966 5'
- '#histogram 967 12'
- '#histogram 968 17'
- '#histogram 969 7'
- '#histogram 970 10'
- '#histogram 971 13'
- '#histogram 972 9'
- '#histogram 973 11'
- '#histogram 974 18'
- '#histogram 975 11'
- '#histogram 976 11'
- '#histogram 977 8'
- '#histogram 978 6'
- '#histogram 979 11'
- '#histogram 980 16'
- '#histogram 981 10'
- '#histogram 982 11'
- '#histogram 983 8'
- '#histogram 984 9'
- '#histogram 985 6'
- '#histogram 986 11'
- '#histogram 987 15'
- '#histogram 988 12'
- '#histogram 989 19'
- '#histogram 990 9'
- '#histogram 991 5'
- '#histogram 992 5'
- '#histogram 993 3'
- '#histogram 994 11'
- '#histogram 995 5'
- '#histogram 996 12'
- '#histogram 997 10'
- '#histogram 998 10'
- '#histogram 999 11'
- '#histogram 1000 12'
- '#histogram 1001 7'
- '#histogram 1002 10'
- '#histogram 1003 13'
- '#histogram 1004 9'
- '#histogram 1005 7'
- '#histogram 1006 4'
- '#histogram 1007 4'
- '#histogram 1008 5'
- '#histogram 1009 3'
- '#histogram 1010 11'
- '#histogram 1011 8'
- '#histogram 1012 9'
- '#histogram 1013 8'
- '#histogram 1014 19'
- '#histogram 1015 19'
- '#histogram 1016 15'
- '#histogram 1017 14'
- '#histogram 1018 18'
- '#histogram 1019 16'
- '#histogram 1020 9'
- '#histogram 1021 8'
- '#histogram 1022 12'
- '#histogram 1023 7'
- '#histogram 1024 7'
- '#histogram 1025 4'
- '#histogram 1026 6'
- '#histogram 1027 3'
- '#histogram 1028 5'
- '#histogram 1030 8'
- '#histogram 1031 5'
- '#histogram 1032 6'
- '#histogram 1033 3'
- '#histogram 1034 11'
- '#histogram 1035 3'
- '#histogram 1036 12'
- '#histogram 1037 3'
- '#histogram 1038 5'
- '#histogram 1039 7'
- '#histogram 1040 7'
- '#histogram 1041 4'
- '#histogram 1042 4'
- '#histogram 1043 2'
- '#histogram 1044 3'
- '#histogram 1045 4'
- '#histogram 1046 7'
- '#histogram 1047 5'
- '#histogram 1048 3'
- '#histogram 1049 7'
- '#histogram 1050 4'
- '#histogram 1051 3'
- '#histogram 1052 6'
- '#histogram 1053 6'
- '#histogram 1054 7'
- '#histogram 1055 5'
- '#histogram 1056 6'
- '#histogram 1057 4'
- '#histogram 1058 4'
- '#histogram 1059 7'
- '#histogram 1060 6'
- '#histogram 1061 6'
- '#histogram 1062 5'
- '#histogram 1063 2'
- '#histogram 1064 3'
- '#histogram 1065 10'
- '#histogram 1066 7'
- '#histogram 1067 5'
- '#histogram 1068 2'
- '#histogram 1069 5'
- '#histogram 1070 3'
- '#histogram 1071 4'
- '#histogram 1072 10'
- '#histogram 1073 4'
- '#histogram 1074 12'
- '#histogram 1075 6'
- '#histogram 1076 4'
- '#histogram 1077 3'
- '#histogram 1078 4'
- '#histogram 1079 7'
- '#histogram 1080 8'
- '#histogram 1081 8'
- '#histogram 1083 7'
- '#histogram 1084 3'
- '#histogram 1085 5'
- '#histogram 1086 1'
- '#histogram 1087 6'
- '#histogram 1088 8'
- '#histogram 1089 7'
- '#histogram 1090 4'
- '#histogram 1091 4'
- '#histogram 1092 3'
- '#histogram 1093 4'
- '#histogram 1094 3'
- '#histogram 1095 5'
- '#histogram 1096 13'
- '#histogram 1097 4'
- '#histogram 1098 3'
- '#histogram 1099 3'
- '#histogram 1100 3'
- '#histogram 1101 6'
- '#histogram 1102 4'
- '#histogram 1103 7'
- '#histogram 1104 1'
- '#histogram 1105 3'
- '#histogram 1106 5'
- '#histogram 1107 4'
- '#histogram 1108 5'
- '#histogram 1109 7'
- '#histogram 1110 4'
- '#histogram 1111 1'
- '#histogram 1112 5'
- '#histogram 1113 13'
- '#histogram 1114 3'
- '#histogram 1115 10'
- '#histogram 1116 12'
- '#histogram 1117 5'
- '#histogram 1118 16'
- '#histogram 1119 16'
- '#histogram 1120 6'
- '#histogram 1121 6'
- '#histogram 1122 8'
- '#histogram 1123 7'
- '#histogram 1124 9'
- '#histogram 1125 9'
- '#histogram 1126 8'
- '#histogram 1127 3'
- '#histogram 1128 3'
- '#histogram 1129 2'
- '#histogram 1130 4'
- '#histogram 1131 5'
- '#histogram 1132 4'
- '#histogram 1133 4'
- '#histogram 1134 2'
- '#histogram 1135 10'
- '#histogram 1136 5'
- '#histogram 1139 7'
- '#histogram 1140 4'
- '#histogram 1141 4'
- '#histogram 1142 5'
- '#histogram 1143 2'
- '#histogram 1144 3'
- '#histogram 1145 4'
- '#histogram 1146 3'
- '#histogram 1147 2'
- '#histogram 1148 2'
- '#histogram 1150 2'
- '#histogram 1151 6'
- '#histogram 1152 3'
- '#histogram 1153 4'
- '#histogram 1154 5'
- '#histogram 1155 3'
- '#histogram 1156 4'
- '#histogram 1157 5'
- '#histogram 1158 4'
- '#histogram 1159 9'
- '#histogram 1160 7'
- '#histogram 1161 5'
- '#histogram 1162 2'
- '#histogram 1163 12'
- '#histogram 1164 2'
- '#histogram 1165 4'
- '#histogram 1166 8'
- '#histogram 1167 5'
- '#histogram 1168 2'
- '#histogram 1169 6'
- '#histogram 1170 5'
- '#histogram 1171 7'
- '#histogram 1172 4'
- '#histogram 1173 2'
- '#histogram 1174 2'
- '#histogram 1175 1'
- '#histogram 1176 2'
- '#histogram 1177 4'
- '#histogram 1178 1'
- '#histogram 1179 2'
- '#histogram 1180 3'
- '#histogram 1181 1'
- '#histogram 1182 4'
- '#histogram 1183 5'
- '#histogram 1184 4'
- '#histogram 1185 4'
- '#histogram 1186 1'
- '#histogram 1187 2'
- '#histogram 1188 2'
- '#histogram 1189 3'
- '#histogram 1190 1'
- '#histogram 1191 3'
- '#histogram 1192 3'
- '#histogram 1193 1'
- '#histogram 1194 4'
- '#histogram 1195 7'
- '#histogram 1196 4'
- '#histogram 1197 1'
- '#histogram 1198 6'
- '#histogram 1199 2'
- '#histogram 1200 4'
- '#histogram 1201 2'
- '#histogram 1202 2'
- '#histogram 1203 1'
- '#histogram 1205 2'
- '#histogram 1206 2'
- '#histogram 1207 8'
- '#histogram 1208 2'
- '#histogram 1209 2'
- '#histogram 1210 3'
- '#histogram 1211 1'
- '#histogram 1212 2'
- '#histogram 1213 4'
- '#histogram 1216 3'
- '#histogram 1217 1'
- '#histogram 1218 3'
- '#histogram 1219 6'
- '#histogram 1222 2'
- '#histogram 1223 1'
- '#histogram 1224 3'
- '#histogram 1225 1'
- '#histogram 1226 1'
- '#histogram 1228 2'
- '#histogram 1229 1'
- '#histogram 1230 1'
- '#histogram 1231 2'
- '#histogram 1232 3'
- '#histogram 1233 4'
- '#histogram 1235 2'
- '#histogram 1236 1'
- '#histogram 1237 4'
- '#histogram 1238 3'
- '#histogram 1239 2'
- '#histogram 1241 5'
- '#histogram 1243 3'
- '#histogram 1244 2'
- '#histogram 1245 3'
- '#histogram 1247 3'
- '#histogram 1251 1'
- '#histogram 1252 2'
- '#histogram 1254 4'
- '#histogram 1255 1'
- '#histogram 1258 2'
- '#histogram 1259 2'
- '#histogram 1261 1'
- '#histogram 1263 3'
- '#histogram 1264 1'
- '#histogram 1265 1'
- '#histogram 1266 1'
- '#histogram 1267 2'
- '#histogram 1268 3'
- '#histogram 1269 1'
- '#histogram 1270 4'
- '#histogram 1271 2'
- '#histogram 1272 2'
- '#histogram 1273 3'
- '#histogram 1274 2'
- '#histogram 1275 2'
- '#histogram 1276 1'
- '#histogram 1277 2'
- '#histogram 1278 3'
- '#histogram 1280 1'
- '#histogram 1282 8'
- '#histogram 1283 1'
- '#histogram 1286 1'
- '#histogram 1288 1'
- '#histogram 1289 2'
- '#histogram 1291 1'
- '#histogram 1292 1'
- '#histogram 1293 1'
- '#histogram 1294 1'
- '#histogram 1296 1'
- '#histogram 1297 2'
- '#histogram 1301 5'
- '#histogram 1302 2'
- '#histogram 1303 1'
- '#histogram 1304 5'
- '#histogram 1306 1'
- '#histogram 1308 2'
- '#histogram 1309 1'
- '#histogram 1310 2'
- '#histogram 1312 1'
- '#histogram 1313 1'
- '#histogram 1316 2'
- '#histogram 1317 2'
- '#histogram 1318 1'
- '#histogram 1319 4'
- '#histogram 1320 1'
- '#histogram 1322 2'
- '#histogram 1323 4'
- '#histogram 1327 4'
- '#histogram 1329 2'
- '#histogram 1330 1'
- '#histogram 1331 3'
- '#histogram 1333 4'
- '#histogram 1334 1'
- '#histogram 1335 1'
- '#histogram 1336 2'
- '#histogram 1337 1'
- '#histogram 1338 2'
- '#histogram 1340 2'
- '#histogram 1341 2'
- '#histogram 1342 5'
- '#histogram 1343 1'
- '#histogram 1344 2'
- '#histogram 1345 2'
- '#histogram 1347 2'
- '#histogram 1349 3'
- '#histogram 1350 3'
- '#histogram 1352 1'
- '#histogram 1354 1'
- '#histogram 1356 1'
- '#histogram 1357 2'
- '#histogram 1363 1'
- '#histogram 1369 1'
- '#histogram 1371 1'
- '#histogram 1373 1'
- '#histogram 1374 1'
- '#histogram 1376 1'
- '#histogram 1380 3'
- '#histogram 1381 3'
- '#histogram 1384 1'
- '#histogram 1385 3'
- '#histogram 1386 1'
- '#histogram 1387 1'
- '#histogram 1391 1'
- '#histogram 1392 1'
- '#histogram 1394 1'
- '#histogram 1395 1'
- '#histogram 1397 2'
- '#histogram 1398 1'
- '#histogram 1399 6'
- '#histogram 1400 1'
- '#histogram 1402 1'
- '#histogram 1404 1'
- '#histogram 1405 1'
- '#histogram 1408 4'
- '#histogram 1409 3'
- '#histogram 1410 1'
- '#histogram 1411 1'
- '#histogram 1413 1'
- '#histogram 1415 3'
- '#histogram 1416 1'
- '#histogram 1418 1'
- '#histogram 1421 1'
- '#histogram 1423 2'
- '#histogram 1424 1'
- '#histogram 1427 1'
- '#histogram 1428 1'
- '#histogram 1433 3'
- '#histogram 1437 1'
- '#histogram 1441 1'
- '#histogram 1450 1'
- '#histogram 1451 1'
- '#histogram 1453 2'
- '#histogram 1454 1'
- '#histogram 1455 2'
- '#histogram 1456 1'
- '#histogram 1459 1'
- '#histogram 1463 1'
- '#histogram 1465 1'
- '#histogram 1466 5'
- '#histogram 1467 2'
- '#histogram 1468 3'
- '#histogram 1469 1'
- '#histogram 1474 1'
- '#histogram 1475 1'
- '#histogram 1476 1'
- '#histogram 1477 3'
- '#histogram 1478 7'
- '#histogram 1479 1'
- '#histogram 1480 2'
- '#histogram 1481 2'
- '#histogram 1482 1'
- '#histogram 1483 2'
- '#histogram 1484 2'
- '#histogram 1485 2'
- '#histogram 1486 2'
- '#histogram 1488 3'
- '#histogram 1489 1'
- '#histogram 1495 2'
- '#histogram 1502 1'
- '#histogram 1505 3'
- '#histogram 1506 1'
- '#histogram 1510 1'
- '#histogram 1527 1'
- '#histogram 1530 1'
- '#histogram 1544 1'
- '#histogram 1549 1'
- '#histogram 1553 1'
- '#histogram 1568 1'
- '#histogram 1580 1'
- '#histogram 1588 1'
- '#histogram 1595 2'
- '#histogram 1629 1'
- '#histogram 1632 1'
- '#histogram 1637 1'
- '#histogram 1643 2'
- ''
