code: 0
data:
  avg_latency: 0.429572
  histogram:
  - - 0
    - 0
  - - 39
    - 1
  - - 50
    - 2
  - - 51
    - 1
  - - 52
    - 2
  - - 53
    - 1
  - - 54
    - 1
  - - 56
    - 1
  - - 57
    - 1
  - - 59
    - 1
  - - 60
    - 1
  - - 62
    - 2
  - - 63
    - 1
  - - 64
    - 4
  - - 65
    - 2
  - - 68
    - 1
  - - 69
    - 2
  - - 70
    - 3
  - - 71
    - 1
  - - 73
    - 1
  - - 75
    - 5
  - - 76
    - 2
  - - 77
    - 1
  - - 78
    - 8
  - - 79
    - 2
  - - 81
    - 3
  - - 82
    - 3
  - - 83
    - 2
  - - 84
    - 3
  - - 85
    - 3
  - - 86
    - 4
  - - 87
    - 8
  - - 88
    - 4
  - - 89
    - 9
  - - 90
    - 5
  - - 91
    - 4
  - - 92
    - 7
  - - 93
    - 3
  - - 94
    - 4
  - - 95
    - 6
  - - 96
    - 9
  - - 97
    - 9
  - - 98
    - 9
  - - 99
    - 8
  - - 100
    - 9
  - - 101
    - 8
  - - 102
    - 6
  - - 103
    - 6
  - - 104
    - 7
  - - 105
    - 7
  - - 106
    - 4
  - - 107
    - 2
  - - 108
    - 8
  - - 109
    - 11
  - - 110
    - 14
  - - 111
    - 11
  - - 112
    - 15
  - - 113
    - 17
  - - 114
    - 14
  - - 115
    - 13
  - - 116
    - 10
  - - 117
    - 17
  - - 118
    - 26
  - - 119
    - 27
  - - 120
    - 21
  - - 121
    - 32
  - - 122
    - 19
  - - 123
    - 20
  - - 124
    - 18
  - - 125
    - 17
  - - 126
    - 21
  - - 127
    - 18
  - - 128
    - 21
  - - 129
    - 21
  - - 130
    - 34
  - - 131
    - 19
  - - 132
    - 24
  - - 133
    - 13
  - - 134
    - 27
  - - 135
    - 29
  - - 136
    - 17
  - - 137
    - 27
  - - 138
    - 24
  - - 139
    - 25
  - - 140
    - 15
  - - 141
    - 19
  - - 142
    - 17
  - - 143
    - 16
  - - 144
    - 21
  - - 145
    - 23
  - - 146
    - 15
  - - 147
    - 22
  - - 148
    - 23
  - - 149
    - 22
  - - 150
    - 33
  - - 151
    - 25
  - - 152
    - 22
  - - 153
    - 23
  - - 154
    - 26
  - - 155
    - 22
  - - 156
    - 52
  - - 157
    - 32
  - - 158
    - 27
  - - 159
    - 17
  - - 160
    - 24
  - - 161
    - 20
  - - 162
    - 19
  - - 163
    - 25
  - - 164
    - 18
  - - 165
    - 25
  - - 166
    - 30
  - - 167
    - 29
  - - 168
    - 34
  - - 169
    - 42
  - - 170
    - 26
  - - 171
    - 25
  - - 172
    - 30
  - - 173
    - 34
  - - 174
    - 20
  - - 175
    - 38
  - - 176
    - 38
  - - 177
    - 41
  - - 178
    - 35
  - - 179
    - 38
  - - 180
    - 41
  - - 181
    - 32
  - - 182
    - 31
  - - 183
    - 27
  - - 184
    - 20
  - - 185
    - 44
  - - 186
    - 39
  - - 187
    - 28
  - - 188
    - 39
  - - 189
    - 37
  - - 190
    - 37
  - - 191
    - 25
  - - 192
    - 29
  - - 193
    - 40
  - - 194
    - 29
  - - 195
    - 21
  - - 196
    - 47
  - - 197
    - 42
  - - 198
    - 43
  - - 199
    - 44
  - - 200
    - 54
  - - 201
    - 43
  - - 202
    - 31
  - - 203
    - 47
  - - 204
    - 35
  - - 205
    - 50
  - - 206
    - 29
  - - 207
    - 39
  - - 208
    - 53
  - - 209
    - 62
  - - 210
    - 52
  - - 211
    - 41
  - - 212
    - 39
  - - 213
    - 32
  - - 214
    - 28
  - - 215
    - 24
  - - 216
    - 26
  - - 217
    - 28
  - - 218
    - 44
  - - 219
    - 30
  - - 220
    - 47
  - - 221
    - 25
  - - 222
    - 29
  - - 223
    - 43
  - - 224
    - 47
  - - 225
    - 36
  - - 226
    - 42
  - - 227
    - 44
  - - 228
    - 62
  - - 229
    - 41
  - - 230
    - 40
  - - 231
    - 41
  - - 232
    - 51
  - - 233
    - 52
  - - 234
    - 39
  - - 235
    - 44
  - - 236
    - 52
  - - 237
    - 58
  - - 238
    - 52
  - - 239
    - 49
  - - 240
    - 57
  - - 241
    - 49
  - - 242
    - 47
  - - 243
    - 42
  - - 244
    - 45
  - - 245
    - 45
  - - 246
    - 42
  - - 247
    - 41
  - - 248
    - 40
  - - 249
    - 59
  - - 250
    - 37
  - - 251
    - 41
  - - 252
    - 51
  - - 253
    - 76
  - - 254
    - 55
  - - 255
    - 46
  - - 256
    - 47
  - - 257
    - 54
  - - 258
    - 39
  - - 259
    - 47
  - - 260
    - 34
  - - 261
    - 67
  - - 262
    - 53
  - - 263
    - 57
  - - 264
    - 45
  - - 265
    - 52
  - - 266
    - 49
  - - 267
    - 39
  - - 268
    - 46
  - - 269
    - 53
  - - 270
    - 59
  - - 271
    - 39
  - - 272
    - 35
  - - 273
    - 37
  - - 274
    - 49
  - - 275
    - 43
  - - 276
    - 44
  - - 277
    - 35
  - - 278
    - 28
  - - 279
    - 42
  - - 280
    - 39
  - - 281
    - 51
  - - 282
    - 52
  - - 283
    - 58
  - - 284
    - 51
  - - 285
    - 72
  - - 286
    - 82
  - - 287
    - 70
  - - 288
    - 55
  - - 289
    - 56
  - - 290
    - 59
  - - 291
    - 45
  - - 292
    - 37
  - - 293
    - 63
  - - 294
    - 59
  - - 295
    - 79
  - - 296
    - 63
  - - 297
    - 74
  - - 298
    - 60
  - - 299
    - 46
  - - 300
    - 66
  - - 301
    - 61
  - - 302
    - 36
  - - 303
    - 51
  - - 304
    - 49
  - - 305
    - 51
  - - 306
    - 51
  - - 307
    - 44
  - - 308
    - 32
  - - 309
    - 60
  - - 310
    - 53
  - - 311
    - 52
  - - 312
    - 53
  - - 313
    - 63
  - - 314
    - 40
  - - 315
    - 37
  - - 316
    - 46
  - - 317
    - 41
  - - 318
    - 49
  - - 319
    - 67
  - - 320
    - 46
  - - 321
    - 52
  - - 322
    - 59
  - - 323
    - 87
  - - 324
    - 83
  - - 325
    - 48
  - - 326
    - 63
  - - 327
    - 71
  - - 328
    - 68
  - - 329
    - 69
  - - 330
    - 57
  - - 331
    - 61
  - - 332
    - 64
  - - 333
    - 56
  - - 334
    - 50
  - - 335
    - 73
  - - 336
    - 56
  - - 337
    - 74
  - - 338
    - 39
  - - 339
    - 58
  - - 340
    - 53
  - - 341
    - 59
  - - 342
    - 48
  - - 343
    - 49
  - - 344
    - 52
  - - 345
    - 48
  - - 346
    - 70
  - - 347
    - 57
  - - 348
    - 45
  - - 349
    - 42
  - - 350
    - 43
  - - 351
    - 39
  - - 352
    - 39
  - - 353
    - 60
  - - 354
    - 48
  - - 355
    - 54
  - - 356
    - 52
  - - 357
    - 87
  - - 358
    - 56
  - - 359
    - 66
  - - 360
    - 58
  - - 361
    - 37
  - - 362
    - 34
  - - 363
    - 33
  - - 364
    - 52
  - - 365
    - 52
  - - 366
    - 50
  - - 367
    - 75
  - - 368
    - 48
  - - 369
    - 66
  - - 370
    - 66
  - - 371
    - 50
  - - 372
    - 74
  - - 373
    - 59
  - - 374
    - 59
  - - 375
    - 81
  - - 376
    - 78
  - - 377
    - 79
  - - 378
    - 95
  - - 379
    - 72
  - - 380
    - 66
  - - 381
    - 50
  - - 382
    - 70
  - - 383
    - 52
  - - 384
    - 67
  - - 385
    - 70
  - - 386
    - 55
  - - 387
    - 71
  - - 388
    - 63
  - - 389
    - 67
  - - 390
    - 58
  - - 391
    - 72
  - - 392
    - 68
  - - 393
    - 86
  - - 394
    - 86
  - - 395
    - 78
  - - 396
    - 74
  - - 397
    - 62
  - - 398
    - 60
  - - 399
    - 80
  - - 400
    - 50
  - - 401
    - 90
  - - 402
    - 79
  - - 403
    - 58
  - - 404
    - 42
  - - 405
    - 67
  - - 406
    - 71
  - - 407
    - 59
  - - 408
    - 58
  - - 409
    - 59
  - - 410
    - 54
  - - 411
    - 65
  - - 412
    - 73
  - - 413
    - 44
  - - 414
    - 52
  - - 415
    - 42
  - - 416
    - 42
  - - 417
    - 44
  - - 418
    - 57
  - - 419
    - 70
  - - 420
    - 59
  - - 421
    - 46
  - - 422
    - 49
  - - 423
    - 68
  - - 424
    - 58
  - - 425
    - 57
  - - 426
    - 71
  - - 427
    - 64
  - - 428
    - 59
  - - 429
    - 63
  - - 430
    - 68
  - - 431
    - 76
  - - 432
    - 64
  - - 433
    - 58
  - - 434
    - 77
  - - 435
    - 54
  - - 436
    - 58
  - - 437
    - 63
  - - 438
    - 60
  - - 439
    - 78
  - - 440
    - 57
  - - 441
    - 62
  - - 442
    - 54
  - - 443
    - 67
  - - 444
    - 49
  - - 445
    - 61
  - - 446
    - 61
  - - 447
    - 71
  - - 448
    - 52
  - - 449
    - 58
  - - 450
    - 73
  - - 451
    - 60
  - - 452
    - 56
  - - 453
    - 69
  - - 454
    - 51
  - - 455
    - 56
  - - 456
    - 40
  - - 457
    - 69
  - - 458
    - 50
  - - 459
    - 49
  - - 460
    - 42
  - - 461
    - 69
  - - 462
    - 68
  - - 463
    - 71
  - - 464
    - 59
  - - 465
    - 62
  - - 466
    - 53
  - - 467
    - 52
  - - 468
    - 64
  - - 469
    - 69
  - - 470
    - 68
  - - 471
    - 60
  - - 472
    - 70
  - - 473
    - 60
  - - 474
    - 66
  - - 475
    - 63
  - - 476
    - 52
  - - 477
    - 49
  - - 478
    - 55
  - - 479
    - 51
  - - 480
    - 71
  - - 481
    - 57
  - - 482
    - 61
  - - 483
    - 46
  - - 484
    - 62
  - - 485
    - 36
  - - 486
    - 61
  - - 487
    - 85
  - - 488
    - 62
  - - 489
    - 40
  - - 490
    - 49
  - - 491
    - 50
  - - 492
    - 67
  - - 493
    - 39
  - - 494
    - 42
  - - 495
    - 46
  - - 496
    - 53
  - - 497
    - 59
  - - 498
    - 49
  - - 499
    - 61
  - - 500
    - 42
  - - 501
    - 45
  - - 502
    - 47
  - - 503
    - 44
  - - 504
    - 34
  - - 505
    - 53
  - - 506
    - 36
  - - 507
    - 55
  - - 508
    - 61
  - - 509
    - 54
  - - 510
    - 44
  - - 511
    - 46
  - - 512
    - 33
  - - 513
    - 57
  - - 514
    - 55
  - - 515
    - 51
  - - 516
    - 50
  - - 517
    - 52
  - - 518
    - 41
  - - 519
    - 44
  - - 520
    - 53
  - - 521
    - 32
  - - 522
    - 32
  - - 523
    - 27
  - - 524
    - 51
  - - 525
    - 60
  - - 526
    - 54
  - - 527
    - 36
  - - 528
    - 52
  - - 529
    - 46
  - - 530
    - 40
  - - 531
    - 50
  - - 532
    - 43
  - - 533
    - 51
  - - 534
    - 49
  - - 535
    - 36
  - - 536
    - 45
  - - 537
    - 34
  - - 538
    - 36
  - - 539
    - 31
  - - 540
    - 35
  - - 541
    - 37
  - - 542
    - 43
  - - 543
    - 32
  - - 544
    - 36
  - - 545
    - 43
  - - 546
    - 43
  - - 547
    - 26
  - - 548
    - 27
  - - 549
    - 38
  - - 550
    - 51
  - - 551
    - 58
  - - 552
    - 37
  - - 553
    - 40
  - - 554
    - 28
  - - 555
    - 43
  - - 556
    - 36
  - - 557
    - 23
  - - 558
    - 34
  - - 559
    - 44
  - - 560
    - 43
  - - 561
    - 39
  - - 562
    - 45
  - - 563
    - 30
  - - 564
    - 29
  - - 565
    - 36
  - - 566
    - 50
  - - 567
    - 48
  - - 568
    - 53
  - - 569
    - 58
  - - 570
    - 27
  - - 571
    - 29
  - - 572
    - 36
  - - 573
    - 33
  - - 574
    - 42
  - - 575
    - 42
  - - 576
    - 51
  - - 577
    - 54
  - - 578
    - 42
  - - 579
    - 18
  - - 580
    - 30
  - - 581
    - 24
  - - 582
    - 37
  - - 583
    - 32
  - - 584
    - 35
  - - 585
    - 42
  - - 586
    - 52
  - - 587
    - 47
  - - 588
    - 53
  - - 589
    - 35
  - - 590
    - 25
  - - 591
    - 38
  - - 592
    - 33
  - - 593
    - 30
  - - 594
    - 17
  - - 595
    - 22
  - - 596
    - 22
  - - 597
    - 40
  - - 598
    - 32
  - - 599
    - 24
  - - 600
    - 37
  - - 601
    - 28
  - - 602
    - 38
  - - 603
    - 25
  - - 604
    - 29
  - - 605
    - 29
  - - 606
    - 28
  - - 607
    - 45
  - - 608
    - 28
  - - 609
    - 35
  - - 610
    - 38
  - - 611
    - 26
  - - 612
    - 33
  - - 613
    - 26
  - - 614
    - 27
  - - 615
    - 29
  - - 616
    - 53
  - - 617
    - 39
  - - 618
    - 27
  - - 619
    - 33
  - - 620
    - 28
  - - 621
    - 40
  - - 622
    - 22
  - - 623
    - 18
  - - 624
    - 17
  - - 625
    - 18
  - - 626
    - 21
  - - 627
    - 19
  - - 628
    - 27
  - - 629
    - 26
  - - 630
    - 29
  - - 631
    - 24
  - - 632
    - 23
  - - 633
    - 41
  - - 634
    - 26
  - - 635
    - 22
  - - 636
    - 24
  - - 637
    - 24
  - - 638
    - 18
  - - 639
    - 27
  - - 640
    - 21
  - - 641
    - 23
  - - 642
    - 28
  - - 643
    - 36
  - - 644
    - 21
  - - 645
    - 22
  - - 646
    - 23
  - - 647
    - 36
  - - 648
    - 23
  - - 649
    - 18
  - - 650
    - 18
  - - 651
    - 18
  - - 652
    - 29
  - - 653
    - 25
  - - 654
    - 24
  - - 655
    - 27
  - - 656
    - 16
  - - 657
    - 23
  - - 658
    - 21
  - - 659
    - 18
  - - 660
    - 23
  - - 661
    - 19
  - - 662
    - 28
  - - 663
    - 22
  - - 664
    - 15
  - - 665
    - 22
  - - 666
    - 30
  - - 667
    - 17
  - - 668
    - 30
  - - 669
    - 29
  - - 670
    - 25
  - - 671
    - 16
  - - 672
    - 25
  - - 673
    - 23
  - - 674
    - 27
  - - 675
    - 13
  - - 676
    - 15
  - - 677
    - 18
  - - 678
    - 18
  - - 679
    - 26
  - - 680
    - 34
  - - 681
    - 36
  - - 682
    - 21
  - - 683
    - 17
  - - 684
    - 20
  - - 685
    - 18
  - - 686
    - 14
  - - 687
    - 17
  - - 688
    - 11
  - - 689
    - 14
  - - 690
    - 18
  - - 691
    - 23
  - - 692
    - 17
  - - 693
    - 21
  - - 694
    - 19
  - - 695
    - 29
  - - 696
    - 43
  - - 697
    - 44
  - - 698
    - 22
  - - 699
    - 24
  - - 700
    - 18
  - - 701
    - 25
  - - 702
    - 22
  - - 703
    - 11
  - - 704
    - 17
  - - 705
    - 13
  - - 706
    - 21
  - - 707
    - 13
  - - 708
    - 8
  - - 709
    - 13
  - - 710
    - 10
  - - 711
    - 15
  - - 712
    - 10
  - - 713
    - 15
  - - 714
    - 14
  - - 715
    - 5
  - - 716
    - 12
  - - 717
    - 19
  - - 718
    - 16
  - - 719
    - 24
  - - 720
    - 17
  - - 721
    - 11
  - - 722
    - 18
  - - 723
    - 15
  - - 724
    - 19
  - - 725
    - 16
  - - 726
    - 23
  - - 727
    - 24
  - - 728
    - 17
  - - 729
    - 29
  - - 730
    - 21
  - - 731
    - 23
  - - 732
    - 15
  - - 733
    - 15
  - - 734
    - 5
  - - 735
    - 11
  - - 736
    - 11
  - - 737
    - 14
  - - 738
    - 21
  - - 739
    - 17
  - - 740
    - 31
  - - 741
    - 20
  - - 742
    - 13
  - - 743
    - 17
  - - 744
    - 20
  - - 745
    - 15
  - - 746
    - 17
  - - 747
    - 16
  - - 748
    - 10
  - - 749
    - 10
  - - 750
    - 13
  - - 751
    - 11
  - - 752
    - 15
  - - 753
    - 10
  - - 754
    - 11
  - - 755
    - 15
  - - 756
    - 7
  - - 757
    - 13
  - - 758
    - 16
  - - 759
    - 15
  - - 760
    - 15
  - - 761
    - 12
  - - 762
    - 9
  - - 763
    - 17
  - - 764
    - 13
  - - 765
    - 6
  - - 766
    - 11
  - - 767
    - 15
  - - 768
    - 6
  - - 769
    - 13
  - - 770
    - 13
  - - 771
    - 8
  - - 772
    - 8
  - - 773
    - 11
  - - 774
    - 13
  - - 775
    - 8
  - - 776
    - 8
  - - 777
    - 3
  - - 778
    - 13
  - - 779
    - 10
  - - 780
    - 12
  - - 781
    - 9
  - - 782
    - 13
  - - 783
    - 12
  - - 784
    - 12
  - - 785
    - 8
  - - 786
    - 12
  - - 787
    - 6
  - - 788
    - 4
  - - 789
    - 10
  - - 790
    - 10
  - - 791
    - 6
  - - 792
    - 10
  - - 793
    - 4
  - - 794
    - 11
  - - 795
    - 12
  - - 796
    - 10
  - - 797
    - 9
  - - 798
    - 15
  - - 799
    - 9
  - - 800
    - 4
  - - 801
    - 5
  - - 802
    - 6
  - - 803
    - 8
  - - 804
    - 14
  - - 805
    - 7
  - - 806
    - 4
  - - 807
    - 9
  - - 808
    - 5
  - - 809
    - 7
  - - 810
    - 5
  - - 811
    - 9
  - - 812
    - 9
  - - 813
    - 7
  - - 814
    - 8
  - - 815
    - 4
  - - 816
    - 7
  - - 817
    - 6
  - - 818
    - 6
  - - 819
    - 12
  - - 820
    - 19
  - - 821
    - 22
  - - 822
    - 19
  - - 823
    - 8
  - - 824
    - 19
  - - 825
    - 4
  - - 826
    - 11
  - - 827
    - 16
  - - 828
    - 12
  - - 829
    - 8
  - - 830
    - 4
  - - 831
    - 5
  - - 832
    - 14
  - - 833
    - 11
  - - 834
    - 2
  - - 835
    - 7
  - - 836
    - 10
  - - 837
    - 17
  - - 838
    - 12
  - - 839
    - 13
  - - 840
    - 5
  - - 841
    - 14
  - - 842
    - 3
  - - 843
    - 3
  - - 844
    - 7
  - - 845
    - 4
  - - 846
    - 7
  - - 847
    - 3
  - - 849
    - 1
  - - 850
    - 1
  - - 851
    - 4
  - - 852
    - 2
  - - 853
    - 8
  - - 854
    - 10
  - - 855
    - 9
  - - 856
    - 4
  - - 857
    - 3
  - - 858
    - 2
  - - 859
    - 6
  - - 860
    - 1
  - - 861
    - 7
  - - 862
    - 4
  - - 863
    - 8
  - - 864
    - 5
  - - 865
    - 6
  - - 866
    - 2
  - - 867
    - 1
  - - 868
    - 5
  - - 869
    - 2
  - - 870
    - 2
  - - 871
    - 12
  - - 872
    - 9
  - - 873
    - 9
  - - 874
    - 3
  - - 875
    - 3
  - - 876
    - 4
  - - 877
    - 1
  - - 878
    - 1
  - - 879
    - 2
  - - 880
    - 3
  - - 881
    - 7
  - - 882
    - 2
  - - 883
    - 6
  - - 884
    - 2
  - - 885
    - 3
  - - 886
    - 6
  - - 887
    - 2
  - - 888
    - 2
  - - 889
    - 1
  - - 890
    - 5
  - - 891
    - 8
  - - 892
    - 3
  - - 894
    - 1
  - - 895
    - 2
  - - 896
    - 3
  - - 898
    - 2
  - - 899
    - 3
  - - 900
    - 3
  - - 901
    - 1
  - - 902
    - 6
  - - 903
    - 3
  - - 904
    - 1
  - - 905
    - 7
  - - 906
    - 6
  - - 907
    - 15
  - - 908
    - 6
  - - 909
    - 6
  - - 910
    - 5
  - - 911
    - 4
  - - 912
    - 3
  - - 913
    - 2
  - - 914
    - 5
  - - 915
    - 4
  - - 916
    - 7
  - - 917
    - 5
  - - 918
    - 3
  - - 919
    - 6
  - - 920
    - 10
  - - 921
    - 2
  - - 922
    - 1
  - - 923
    - 2
  - - 924
    - 1
  - - 926
    - 6
  - - 927
    - 3
  - - 928
    - 3
  - - 929
    - 8
  - - 930
    - 4
  - - 931
    - 5
  - - 932
    - 3
  - - 934
    - 4
  - - 936
    - 5
  - - 937
    - 1
  - - 938
    - 2
  - - 939
    - 1
  - - 940
    - 2
  - - 941
    - 1
  - - 942
    - 3
  - - 943
    - 1
  - - 944
    - 1
  - - 945
    - 2
  - - 946
    - 1
  - - 949
    - 4
  - - 954
    - 3
  - - 955
    - 1
  - - 956
    - 1
  - - 957
    - 2
  - - 958
    - 5
  - - 959
    - 3
  - - 960
    - 2
  - - 961
    - 1
  - - 962
    - 6
  - - 963
    - 3
  - - 964
    - 1
  - - 965
    - 4
  - - 967
    - 2
  - - 968
    - 1
  - - 969
    - 1
  - - 970
    - 1
  - - 971
    - 3
  - - 974
    - 1
  - - 977
    - 1
  - - 978
    - 1
  - - 980
    - 3
  - - 981
    - 1
  - - 984
    - 2
  - - 986
    - 2
  - - 988
    - 1
  - - 991
    - 1
  - - 995
    - 1
  - - 998
    - 2
  - - 999
    - 5
  - - 1000
    - 2
  - - 1001
    - 1
  - - 1002
    - 3
  - - 1003
    - 1
  - - 1004
    - 1
  - - 1005
    - 2
  - - 1006
    - 1
  - - 1008
    - 1
  - - 1009
    - 1
  - - 1010
    - 1
  - - 1012
    - 1
  - - 1015
    - 1
  - - 1017
    - 4
  - - 1018
    - 3
  - - 1019
    - 1
  - - 1023
    - 1
  - - 1025
    - 1
  - - 1026
    - 3
  - - 1027
    - 1
  - - 1028
    - 3
  - - 1029
    - 1
  - - 1030
    - 1
  - - 1032
    - 2
  - - 1034
    - 1
  - - 1035
    - 3
  - - 1036
    - 2
  - - 1037
    - 3
  - - 1039
    - 2
  - - 1040
    - 2
  - - 1041
    - 3
  - - 1043
    - 2
  - - 1045
    - 2
  - - 1048
    - 2
  - - 1049
    - 1
  - - 1050
    - 1
  - - 1052
    - 1
  - - 1053
    - 3
  - - 1054
    - 1
  - - 1055
    - 2
  - - 1057
    - 1
  - - 1058
    - 4
  - - 1060
    - 2
  - - 1061
    - 1
  - - 1062
    - 4
  - - 1063
    - 2
  - - 1069
    - 1
  - - 1073
    - 1
  - - 1081
    - 2
  - - 1085
    - 1
  - - 1086
    - 1
  - - 1094
    - 1
  - - 1110
    - 2
  - - 1113
    - 1
  - - 1128
    - 1
  - - 1154
    - 1
  - - 1209
    - 1
  - - 1210
    - 1
  - - 1213
    - 1
  - - 1214
    - 2
  - - 1215
    - 1
  - - 1216
    - 1
  latency_50_percentile: 412.0
  latency_95_percentile: 757.0
  latency_99_5_percentile: 962.0
  latency_99_percentile: 910.0
  max_kubedns_cpu: 503
  max_kubedns_memory: 26
  max_latency: 1.216019
  max_perfserver_cpu: 0
  max_perfserver_memory: 0
  min_latency: 0.039196
  msg: null
  ok: true
  qps: 232.581324
  queries_completed: 27921
  queries_lost: 0
  queries_sent: 27921
  run_time: 120.048332
  stddev_latency: 0.180769
params:
  max_qps: null
  pod_name: dns-perf-client-858fb7568b-kf4s4
  query_file: all-queries.txt
  run_id: 1777619351
  run_length_seconds: 120
  run_subid: 0
stderr:
- ''
stdout:
- DNS Performance Testing Tool
- Nominum Version 2.1.0.0
- ''
- '[Status] Command line: dnsperf -s 10.0.0.10 -l 120 -d /queries/all-queries.txt'
- '[Status] Sending queries (to 10.0.0.10)'
- '[Status] Started at: Fri May  1 07:09:43 2026'
- '[Status] Stopping after 120.000000 seconds'
- '[Status] Testing complete (time limit)'
- ''
- 'Statistics:'
- ''
- '  Queries sent:         27921'
- '  Queries completed:    27921 (100.00%)'
- '  Queries lost:         0 (0.00%)'
- ''
- '  Response codes:       NOERROR 3351 (12.00%), NXDOMAIN 24570 (88.00%)'
- '  Average packet size:  request 38, response 122'
- '  Run time (s):         120.048332'
- '  Queries per second:   232.581324'
- ''
- '  Average Latency (s):  0.429572 (min 0.039196, max 1.216019)'
- '  Latency StdDev (s):   0.180769'
- ''
- '  Latency histogram'
- '#histogram 0 0'
- '#histogram 39 1'
- '#histogram 50 2'
- '#histogram 51 1'
- '#histogram 52 2'
- '#histogram 53 1'
- '#histogram 54 1'
- '#histogram 56 1'
- '#histogram 57 1'
- '#histogram 59 1'
- '#histogram 60 1'
- '#histogram 62 2'
- '#histogram 63 1'
- '#histogram 64 4'
- '#histogram 65 2'
- '#histogram 68 1'
- '#histogram 69 2'
- '#histogram 70 3'
- '#histogram 71 1'
- '#histogram 73 1'
- '#histogram 75 5'
- '#histogram 76 2'
- '#histogram 77 1'
- '#histogram 78 8'
- '#histogram 79 2'
- '#histogram 81 3'
- '#histogram 82 3'
- '#histogram 83 2'
- '#histogram 84 3'
- '#histogram 85 3'
- '#histogram 86 4'
- '#histogram 87 8'
- '#histogram 88 4'
- '#histogram 89 9'
- '#histogram 90 5'
- '#histogram 91 4'
- '#histogram 92 7'
- '#histogram 93 3'
- '#histogram 94 4'
- '#histogram 95 6'
- '#histogram 96 9'
- '#histogram 97 9'
- '#histogram 98 9'
- '#histogram 99 8'
- '#histogram 100 9'
- '#histogram 101 8'
- '#histogram 102 6'
- '#histogram 103 6'
- '#histogram 104 7'
- '#histogram 105 7'
- '#histogram 106 4'
- '#histogram 107 2'
- '#histogram 108 8'
- '#histogram 109 11'
- '#histogram 110 14'
- '#histogram 111 11'
- '#histogram 112 15'
- '#histogram 113 17'
- '#histogram 114 14'
- '#histogram 115 13'
- '#histogram 116 10'
- '#histogram 117 17'
- '#histogram 118 26'
- '#histogram 119 27'
- '#histogram 120 21'
- '#histogram 121 32'
- '#histogram 122 19'
- '#histogram 123 20'
- '#histogram 124 18'
- '#histogram 125 17'
- '#histogram 126 21'
- '#histogram 127 18'
- '#histogram 128 21'
- '#histogram 129 21'
- '#histogram 130 34'
- '#histogram 131 19'
- '#histogram 132 24'
- '#histogram 133 13'
- '#histogram 134 27'
- '#histogram 135 29'
- '#histogram 136 17'
- '#histogram 137 27'
- '#histogram 138 24'
- '#histogram 139 25'
- '#histogram 140 15'
- '#histogram 141 19'
- '#histogram 142 17'
- '#histogram 143 16'
- '#histogram 144 21'
- '#histogram 145 23'
- '#histogram 146 15'
- '#histogram 147 22'
- '#histogram 148 23'
- '#histogram 149 22'
- '#histogram 150 33'
- '#histogram 151 25'
- '#histogram 152 22'
- '#histogram 153 23'
- '#histogram 154 26'
- '#histogram 155 22'
- '#histogram 156 52'
- '#histogram 157 32'
- '#histogram 158 27'
- '#histogram 159 17'
- '#histogram 160 24'
- '#histogram 161 20'
- '#histogram 162 19'
- '#histogram 163 25'
- '#histogram 164 18'
- '#histogram 165 25'
- '#histogram 166 30'
- '#histogram 167 29'
- '#histogram 168 34'
- '#histogram 169 42'
- '#histogram 170 26'
- '#histogram 171 25'
- '#histogram 172 30'
- '#histogram 173 34'
- '#histogram 174 20'
- '#histogram 175 38'
- '#histogram 176 38'
- '#histogram 177 41'
- '#histogram 178 35'
- '#histogram 179 38'
- '#histogram 180 41'
- '#histogram 181 32'
- '#histogram 182 31'
- '#histogram 183 27'
- '#histogram 184 20'
- '#histogram 185 44'
- '#histogram 186 39'
- '#histogram 187 28'
- '#histogram 188 39'
- '#histogram 189 37'
- '#histogram 190 37'
- '#histogram 191 25'
- '#histogram 192 29'
- '#histogram 193 40'
- '#histogram 194 29'
- '#histogram 195 21'
- '#histogram 196 47'
- '#histogram 197 42'
- '#histogram 198 43'
- '#histogram 199 44'
- '#histogram 200 54'
- '#histogram 201 43'
- '#histogram 202 31'
- '#histogram 203 47'
- '#histogram 204 35'
- '#histogram 205 50'
- '#histogram 206 29'
- '#histogram 207 39'
- '#histogram 208 53'
- '#histogram 209 62'
- '#histogram 210 52'
- '#histogram 211 41'
- '#histogram 212 39'
- '#histogram 213 32'
- '#histogram 214 28'
- '#histogram 215 24'
- '#histogram 216 26'
- '#histogram 217 28'
- '#histogram 218 44'
- '#histogram 219 30'
- '#histogram 220 47'
- '#histogram 221 25'
- '#histogram 222 29'
- '#histogram 223 43'
- '#histogram 224 47'
- '#histogram 225 36'
- '#histogram 226 42'
- '#histogram 227 44'
- '#histogram 228 62'
- '#histogram 229 41'
- '#histogram 230 40'
- '#histogram 231 41'
- '#histogram 232 51'
- '#histogram 233 52'
- '#histogram 234 39'
- '#histogram 235 44'
- '#histogram 236 52'
- '#histogram 237 58'
- '#histogram 238 52'
- '#histogram 239 49'
- '#histogram 240 57'
- '#histogram 241 49'
- '#histogram 242 47'
- '#histogram 243 42'
- '#histogram 244 45'
- '#histogram 245 45'
- '#histogram 246 42'
- '#histogram 247 41'
- '#histogram 248 40'
- '#histogram 249 59'
- '#histogram 250 37'
- '#histogram 251 41'
- '#histogram 252 51'
- '#histogram 253 76'
- '#histogram 254 55'
- '#histogram 255 46'
- '#histogram 256 47'
- '#histogram 257 54'
- '#histogram 258 39'
- '#histogram 259 47'
- '#histogram 260 34'
- '#histogram 261 67'
- '#histogram 262 53'
- '#histogram 263 57'
- '#histogram 264 45'
- '#histogram 265 52'
- '#histogram 266 49'
- '#histogram 267 39'
- '#histogram 268 46'
- '#histogram 269 53'
- '#histogram 270 59'
- '#histogram 271 39'
- '#histogram 272 35'
- '#histogram 273 37'
- '#histogram 274 49'
- '#histogram 275 43'
- '#histogram 276 44'
- '#histogram 277 35'
- '#histogram 278 28'
- '#histogram 279 42'
- '#histogram 280 39'
- '#histogram 281 51'
- '#histogram 282 52'
- '#histogram 283 58'
- '#histogram 284 51'
- '#histogram 285 72'
- '#histogram 286 82'
- '#histogram 287 70'
- '#histogram 288 55'
- '#histogram 289 56'
- '#histogram 290 59'
- '#histogram 291 45'
- '#histogram 292 37'
- '#histogram 293 63'
- '#histogram 294 59'
- '#histogram 295 79'
- '#histogram 296 63'
- '#histogram 297 74'
- '#histogram 298 60'
- '#histogram 299 46'
- '#histogram 300 66'
- '#histogram 301 61'
- '#histogram 302 36'
- '#histogram 303 51'
- '#histogram 304 49'
- '#histogram 305 51'
- '#histogram 306 51'
- '#histogram 307 44'
- '#histogram 308 32'
- '#histogram 309 60'
- '#histogram 310 53'
- '#histogram 311 52'
- '#histogram 312 53'
- '#histogram 313 63'
- '#histogram 314 40'
- '#histogram 315 37'
- '#histogram 316 46'
- '#histogram 317 41'
- '#histogram 318 49'
- '#histogram 319 67'
- '#histogram 320 46'
- '#histogram 321 52'
- '#histogram 322 59'
- '#histogram 323 87'
- '#histogram 324 83'
- '#histogram 325 48'
- '#histogram 326 63'
- '#histogram 327 71'
- '#histogram 328 68'
- '#histogram 329 69'
- '#histogram 330 57'
- '#histogram 331 61'
- '#histogram 332 64'
- '#histogram 333 56'
- '#histogram 334 50'
- '#histogram 335 73'
- '#histogram 336 56'
- '#histogram 337 74'
- '#histogram 338 39'
- '#histogram 339 58'
- '#histogram 340 53'
- '#histogram 341 59'
- '#histogram 342 48'
- '#histogram 343 49'
- '#histogram 344 52'
- '#histogram 345 48'
- '#histogram 346 70'
- '#histogram 347 57'
- '#histogram 348 45'
- '#histogram 349 42'
- '#histogram 350 43'
- '#histogram 351 39'
- '#histogram 352 39'
- '#histogram 353 60'
- '#histogram 354 48'
- '#histogram 355 54'
- '#histogram 356 52'
- '#histogram 357 87'
- '#histogram 358 56'
- '#histogram 359 66'
- '#histogram 360 58'
- '#histogram 361 37'
- '#histogram 362 34'
- '#histogram 363 33'
- '#histogram 364 52'
- '#histogram 365 52'
- '#histogram 366 50'
- '#histogram 367 75'
- '#histogram 368 48'
- '#histogram 369 66'
- '#histogram 370 66'
- '#histogram 371 50'
- '#histogram 372 74'
- '#histogram 373 59'
- '#histogram 374 59'
- '#histogram 375 81'
- '#histogram 376 78'
- '#histogram 377 79'
- '#histogram 378 95'
- '#histogram 379 72'
- '#histogram 380 66'
- '#histogram 381 50'
- '#histogram 382 70'
- '#histogram 383 52'
- '#histogram 384 67'
- '#histogram 385 70'
- '#histogram 386 55'
- '#histogram 387 71'
- '#histogram 388 63'
- '#histogram 389 67'
- '#histogram 390 58'
- '#histogram 391 72'
- '#histogram 392 68'
- '#histogram 393 86'
- '#histogram 394 86'
- '#histogram 395 78'
- '#histogram 396 74'
- '#histogram 397 62'
- '#histogram 398 60'
- '#histogram 399 80'
- '#histogram 400 50'
- '#histogram 401 90'
- '#histogram 402 79'
- '#histogram 403 58'
- '#histogram 404 42'
- '#histogram 405 67'
- '#histogram 406 71'
- '#histogram 407 59'
- '#histogram 408 58'
- '#histogram 409 59'
- '#histogram 410 54'
- '#histogram 411 65'
- '#histogram 412 73'
- '#histogram 413 44'
- '#histogram 414 52'
- '#histogram 415 42'
- '#histogram 416 42'
- '#histogram 417 44'
- '#histogram 418 57'
- '#histogram 419 70'
- '#histogram 420 59'
- '#histogram 421 46'
- '#histogram 422 49'
- '#histogram 423 68'
- '#histogram 424 58'
- '#histogram 425 57'
- '#histogram 426 71'
- '#histogram 427 64'
- '#histogram 428 59'
- '#histogram 429 63'
- '#histogram 430 68'
- '#histogram 431 76'
- '#histogram 432 64'
- '#histogram 433 58'
- '#histogram 434 77'
- '#histogram 435 54'
- '#histogram 436 58'
- '#histogram 437 63'
- '#histogram 438 60'
- '#histogram 439 78'
- '#histogram 440 57'
- '#histogram 441 62'
- '#histogram 442 54'
- '#histogram 443 67'
- '#histogram 444 49'
- '#histogram 445 61'
- '#histogram 446 61'
- '#histogram 447 71'
- '#histogram 448 52'
- '#histogram 449 58'
- '#histogram 450 73'
- '#histogram 451 60'
- '#histogram 452 56'
- '#histogram 453 69'
- '#histogram 454 51'
- '#histogram 455 56'
- '#histogram 456 40'
- '#histogram 457 69'
- '#histogram 458 50'
- '#histogram 459 49'
- '#histogram 460 42'
- '#histogram 461 69'
- '#histogram 462 68'
- '#histogram 463 71'
- '#histogram 464 59'
- '#histogram 465 62'
- '#histogram 466 53'
- '#histogram 467 52'
- '#histogram 468 64'
- '#histogram 469 69'
- '#histogram 470 68'
- '#histogram 471 60'
- '#histogram 472 70'
- '#histogram 473 60'
- '#histogram 474 66'
- '#histogram 475 63'
- '#histogram 476 52'
- '#histogram 477 49'
- '#histogram 478 55'
- '#histogram 479 51'
- '#histogram 480 71'
- '#histogram 481 57'
- '#histogram 482 61'
- '#histogram 483 46'
- '#histogram 484 62'
- '#histogram 485 36'
- '#histogram 486 61'
- '#histogram 487 85'
- '#histogram 488 62'
- '#histogram 489 40'
- '#histogram 490 49'
- '#histogram 491 50'
- '#histogram 492 67'
- '#histogram 493 39'
- '#histogram 494 42'
- '#histogram 495 46'
- '#histogram 496 53'
- '#histogram 497 59'
- '#histogram 498 49'
- '#histogram 499 61'
- '#histogram 500 42'
- '#histogram 501 45'
- '#histogram 502 47'
- '#histogram 503 44'
- '#histogram 504 34'
- '#histogram 505 53'
- '#histogram 506 36'
- '#histogram 507 55'
- '#histogram 508 61'
- '#histogram 509 54'
- '#histogram 510 44'
- '#histogram 511 46'
- '#histogram 512 33'
- '#histogram 513 57'
- '#histogram 514 55'
- '#histogram 515 51'
- '#histogram 516 50'
- '#histogram 517 52'
- '#histogram 518 41'
- '#histogram 519 44'
- '#histogram 520 53'
- '#histogram 521 32'
- '#histogram 522 32'
- '#histogram 523 27'
- '#histogram 524 51'
- '#histogram 525 60'
- '#histogram 526 54'
- '#histogram 527 36'
- '#histogram 528 52'
- '#histogram 529 46'
- '#histogram 530 40'
- '#histogram 531 50'
- '#histogram 532 43'
- '#histogram 533 51'
- '#histogram 534 49'
- '#histogram 535 36'
- '#histogram 536 45'
- '#histogram 537 34'
- '#histogram 538 36'
- '#histogram 539 31'
- '#histogram 540 35'
- '#histogram 541 37'
- '#histogram 542 43'
- '#histogram 543 32'
- '#histogram 544 36'
- '#histogram 545 43'
- '#histogram 546 43'
- '#histogram 547 26'
- '#histogram 548 27'
- '#histogram 549 38'
- '#histogram 550 51'
- '#histogram 551 58'
- '#histogram 552 37'
- '#histogram 553 40'
- '#histogram 554 28'
- '#histogram 555 43'
- '#histogram 556 36'
- '#histogram 557 23'
- '#histogram 558 34'
- '#histogram 559 44'
- '#histogram 560 43'
- '#histogram 561 39'
- '#histogram 562 45'
- '#histogram 563 30'
- '#histogram 564 29'
- '#histogram 565 36'
- '#histogram 566 50'
- '#histogram 567 48'
- '#histogram 568 53'
- '#histogram 569 58'
- '#histogram 570 27'
- '#histogram 571 29'
- '#histogram 572 36'
- '#histogram 573 33'
- '#histogram 574 42'
- '#histogram 575 42'
- '#histogram 576 51'
- '#histogram 577 54'
- '#histogram 578 42'
- '#histogram 579 18'
- '#histogram 580 30'
- '#histogram 581 24'
- '#histogram 582 37'
- '#histogram 583 32'
- '#histogram 584 35'
- '#histogram 585 42'
- '#histogram 586 52'
- '#histogram 587 47'
- '#histogram 588 53'
- '#histogram 589 35'
- '#histogram 590 25'
- '#histogram 591 38'
- '#histogram 592 33'
- '#histogram 593 30'
- '#histogram 594 17'
- '#histogram 595 22'
- '#histogram 596 22'
- '#histogram 597 40'
- '#histogram 598 32'
- '#histogram 599 24'
- '#histogram 600 37'
- '#histogram 601 28'
- '#histogram 602 38'
- '#histogram 603 25'
- '#histogram 604 29'
- '#histogram 605 29'
- '#histogram 606 28'
- '#histogram 607 45'
- '#histogram 608 28'
- '#histogram 609 35'
- '#histogram 610 38'
- '#histogram 611 26'
- '#histogram 612 33'
- '#histogram 613 26'
- '#histogram 614 27'
- '#histogram 615 29'
- '#histogram 616 53'
- '#histogram 617 39'
- '#histogram 618 27'
- '#histogram 619 33'
- '#histogram 620 28'
- '#histogram 621 40'
- '#histogram 622 22'
- '#histogram 623 18'
- '#histogram 624 17'
- '#histogram 625 18'
- '#histogram 626 21'
- '#histogram 627 19'
- '#histogram 628 27'
- '#histogram 629 26'
- '#histogram 630 29'
- '#histogram 631 24'
- '#histogram 632 23'
- '#histogram 633 41'
- '#histogram 634 26'
- '#histogram 635 22'
- '#histogram 636 24'
- '#histogram 637 24'
- '#histogram 638 18'
- '#histogram 639 27'
- '#histogram 640 21'
- '#histogram 641 23'
- '#histogram 642 28'
- '#histogram 643 36'
- '#histogram 644 21'
- '#histogram 645 22'
- '#histogram 646 23'
- '#histogram 647 36'
- '#histogram 648 23'
- '#histogram 649 18'
- '#histogram 650 18'
- '#histogram 651 18'
- '#histogram 652 29'
- '#histogram 653 25'
- '#histogram 654 24'
- '#histogram 655 27'
- '#histogram 656 16'
- '#histogram 657 23'
- '#histogram 658 21'
- '#histogram 659 18'
- '#histogram 660 23'
- '#histogram 661 19'
- '#histogram 662 28'
- '#histogram 663 22'
- '#histogram 664 15'
- '#histogram 665 22'
- '#histogram 666 30'
- '#histogram 667 17'
- '#histogram 668 30'
- '#histogram 669 29'
- '#histogram 670 25'
- '#histogram 671 16'
- '#histogram 672 25'
- '#histogram 673 23'
- '#histogram 674 27'
- '#histogram 675 13'
- '#histogram 676 15'
- '#histogram 677 18'
- '#histogram 678 18'
- '#histogram 679 26'
- '#histogram 680 34'
- '#histogram 681 36'
- '#histogram 682 21'
- '#histogram 683 17'
- '#histogram 684 20'
- '#histogram 685 18'
- '#histogram 686 14'
- '#histogram 687 17'
- '#histogram 688 11'
- '#histogram 689 14'
- '#histogram 690 18'
- '#histogram 691 23'
- '#histogram 692 17'
- '#histogram 693 21'
- '#histogram 694 19'
- '#histogram 695 29'
- '#histogram 696 43'
- '#histogram 697 44'
- '#histogram 698 22'
- '#histogram 699 24'
- '#histogram 700 18'
- '#histogram 701 25'
- '#histogram 702 22'
- '#histogram 703 11'
- '#histogram 704 17'
- '#histogram 705 13'
- '#histogram 706 21'
- '#histogram 707 13'
- '#histogram 708 8'
- '#histogram 709 13'
- '#histogram 710 10'
- '#histogram 711 15'
- '#histogram 712 10'
- '#histogram 713 15'
- '#histogram 714 14'
- '#histogram 715 5'
- '#histogram 716 12'
- '#histogram 717 19'
- '#histogram 718 16'
- '#histogram 719 24'
- '#histogram 720 17'
- '#histogram 721 11'
- '#histogram 722 18'
- '#histogram 723 15'
- '#histogram 724 19'
- '#histogram 725 16'
- '#histogram 726 23'
- '#histogram 727 24'
- '#histogram 728 17'
- '#histogram 729 29'
- '#histogram 730 21'
- '#histogram 731 23'
- '#histogram 732 15'
- '#histogram 733 15'
- '#histogram 734 5'
- '#histogram 735 11'
- '#histogram 736 11'
- '#histogram 737 14'
- '#histogram 738 21'
- '#histogram 739 17'
- '#histogram 740 31'
- '#histogram 741 20'
- '#histogram 742 13'
- '#histogram 743 17'
- '#histogram 744 20'
- '#histogram 745 15'
- '#histogram 746 17'
- '#histogram 747 16'
- '#histogram 748 10'
- '#histogram 749 10'
- '#histogram 750 13'
- '#histogram 751 11'
- '#histogram 752 15'
- '#histogram 753 10'
- '#histogram 754 11'
- '#histogram 755 15'
- '#histogram 756 7'
- '#histogram 757 13'
- '#histogram 758 16'
- '#histogram 759 15'
- '#histogram 760 15'
- '#histogram 761 12'
- '#histogram 762 9'
- '#histogram 763 17'
- '#histogram 764 13'
- '#histogram 765 6'
- '#histogram 766 11'
- '#histogram 767 15'
- '#histogram 768 6'
- '#histogram 769 13'
- '#histogram 770 13'
- '#histogram 771 8'
- '#histogram 772 8'
- '#histogram 773 11'
- '#histogram 774 13'
- '#histogram 775 8'
- '#histogram 776 8'
- '#histogram 777 3'
- '#histogram 778 13'
- '#histogram 779 10'
- '#histogram 780 12'
- '#histogram 781 9'
- '#histogram 782 13'
- '#histogram 783 12'
- '#histogram 784 12'
- '#histogram 785 8'
- '#histogram 786 12'
- '#histogram 787 6'
- '#histogram 788 4'
- '#histogram 789 10'
- '#histogram 790 10'
- '#histogram 791 6'
- '#histogram 792 10'
- '#histogram 793 4'
- '#histogram 794 11'
- '#histogram 795 12'
- '#histogram 796 10'
- '#histogram 797 9'
- '#histogram 798 15'
- '#histogram 799 9'
- '#histogram 800 4'
- '#histogram 801 5'
- '#histogram 802 6'
- '#histogram 803 8'
- '#histogram 804 14'
- '#histogram 805 7'
- '#histogram 806 4'
- '#histogram 807 9'
- '#histogram 808 5'
- '#histogram 809 7'
- '#histogram 810 5'
- '#histogram 811 9'
- '#histogram 812 9'
- '#histogram 813 7'
- '#histogram 814 8'
- '#histogram 815 4'
- '#histogram 816 7'
- '#histogram 817 6'
- '#histogram 818 6'
- '#histogram 819 12'
- '#histogram 820 19'
- '#histogram 821 22'
- '#histogram 822 19'
- '#histogram 823 8'
- '#histogram 824 19'
- '#histogram 825 4'
- '#histogram 826 11'
- '#histogram 827 16'
- '#histogram 828 12'
- '#histogram 829 8'
- '#histogram 830 4'
- '#histogram 831 5'
- '#histogram 832 14'
- '#histogram 833 11'
- '#histogram 834 2'
- '#histogram 835 7'
- '#histogram 836 10'
- '#histogram 837 17'
- '#histogram 838 12'
- '#histogram 839 13'
- '#histogram 840 5'
- '#histogram 841 14'
- '#histogram 842 3'
- '#histogram 843 3'
- '#histogram 844 7'
- '#histogram 845 4'
- '#histogram 846 7'
- '#histogram 847 3'
- '#histogram 849 1'
- '#histogram 850 1'
- '#histogram 851 4'
- '#histogram 852 2'
- '#histogram 853 8'
- '#histogram 854 10'
- '#histogram 855 9'
- '#histogram 856 4'
- '#histogram 857 3'
- '#histogram 858 2'
- '#histogram 859 6'
- '#histogram 860 1'
- '#histogram 861 7'
- '#histogram 862 4'
- '#histogram 863 8'
- '#histogram 864 5'
- '#histogram 865 6'
- '#histogram 866 2'
- '#histogram 867 1'
- '#histogram 868 5'
- '#histogram 869 2'
- '#histogram 870 2'
- '#histogram 871 12'
- '#histogram 872 9'
- '#histogram 873 9'
- '#histogram 874 3'
- '#histogram 875 3'
- '#histogram 876 4'
- '#histogram 877 1'
- '#histogram 878 1'
- '#histogram 879 2'
- '#histogram 880 3'
- '#histogram 881 7'
- '#histogram 882 2'
- '#histogram 883 6'
- '#histogram 884 2'
- '#histogram 885 3'
- '#histogram 886 6'
- '#histogram 887 2'
- '#histogram 888 2'
- '#histogram 889 1'
- '#histogram 890 5'
- '#histogram 891 8'
- '#histogram 892 3'
- '#histogram 894 1'
- '#histogram 895 2'
- '#histogram 896 3'
- '#histogram 898 2'
- '#histogram 899 3'
- '#histogram 900 3'
- '#histogram 901 1'
- '#histogram 902 6'
- '#histogram 903 3'
- '#histogram 904 1'
- '#histogram 905 7'
- '#histogram 906 6'
- '#histogram 907 15'
- '#histogram 908 6'
- '#histogram 909 6'
- '#histogram 910 5'
- '#histogram 911 4'
- '#histogram 912 3'
- '#histogram 913 2'
- '#histogram 914 5'
- '#histogram 915 4'
- '#histogram 916 7'
- '#histogram 917 5'
- '#histogram 918 3'
- '#histogram 919 6'
- '#histogram 920 10'
- '#histogram 921 2'
- '#histogram 922 1'
- '#histogram 923 2'
- '#histogram 924 1'
- '#histogram 926 6'
- '#histogram 927 3'
- '#histogram 928 3'
- '#histogram 929 8'
- '#histogram 930 4'
- '#histogram 931 5'
- '#histogram 932 3'
- '#histogram 934 4'
- '#histogram 936 5'
- '#histogram 937 1'
- '#histogram 938 2'
- '#histogram 939 1'
- '#histogram 940 2'
- '#histogram 941 1'
- '#histogram 942 3'
- '#histogram 943 1'
- '#histogram 944 1'
- '#histogram 945 2'
- '#histogram 946 1'
- '#histogram 949 4'
- '#histogram 954 3'
- '#histogram 955 1'
- '#histogram 956 1'
- '#histogram 957 2'
- '#histogram 958 5'
- '#histogram 959 3'
- '#histogram 960 2'
- '#histogram 961 1'
- '#histogram 962 6'
- '#histogram 963 3'
- '#histogram 964 1'
- '#histogram 965 4'
- '#histogram 967 2'
- '#histogram 968 1'
- '#histogram 969 1'
- '#histogram 970 1'
- '#histogram 971 3'
- '#histogram 974 1'
- '#histogram 977 1'
- '#histogram 978 1'
- '#histogram 980 3'
- '#histogram 981 1'
- '#histogram 984 2'
- '#histogram 986 2'
- '#histogram 988 1'
- '#histogram 991 1'
- '#histogram 995 1'
- '#histogram 998 2'
- '#histogram 999 5'
- '#histogram 1000 2'
- '#histogram 1001 1'
- '#histogram 1002 3'
- '#histogram 1003 1'
- '#histogram 1004 1'
- '#histogram 1005 2'
- '#histogram 1006 1'
- '#histogram 1008 1'
- '#histogram 1009 1'
- '#histogram 1010 1'
- '#histogram 1012 1'
- '#histogram 1015 1'
- '#histogram 1017 4'
- '#histogram 1018 3'
- '#histogram 1019 1'
- '#histogram 1023 1'
- '#histogram 1025 1'
- '#histogram 1026 3'
- '#histogram 1027 1'
- '#histogram 1028 3'
- '#histogram 1029 1'
- '#histogram 1030 1'
- '#histogram 1032 2'
- '#histogram 1034 1'
- '#histogram 1035 3'
- '#histogram 1036 2'
- '#histogram 1037 3'
- '#histogram 1039 2'
- '#histogram 1040 2'
- '#histogram 1041 3'
- '#histogram 1043 2'
- '#histogram 1045 2'
- '#histogram 1048 2'
- '#histogram 1049 1'
- '#histogram 1050 1'
- '#histogram 1052 1'
- '#histogram 1053 3'
- '#histogram 1054 1'
- '#histogram 1055 2'
- '#histogram 1057 1'
- '#histogram 1058 4'
- '#histogram 1060 2'
- '#histogram 1061 1'
- '#histogram 1062 4'
- '#histogram 1063 2'
- '#histogram 1069 1'
- '#histogram 1073 1'
- '#histogram 1081 2'
- '#histogram 1085 1'
- '#histogram 1086 1'
- '#histogram 1094 1'
- '#histogram 1110 2'
- '#histogram 1113 1'
- '#histogram 1128 1'
- '#histogram 1154 1'
- '#histogram 1209 1'
- '#histogram 1210 1'
- '#histogram 1213 1'
- '#histogram 1214 2'
- '#histogram 1215 1'
- '#histogram 1216 1'
- ''
