code: 0
data:
  avg_latency: 0.122667
  histogram:
  - - 0
    - 0
  - - 4
    - 2
  - - 5
    - 4
  - - 6
    - 2
  - - 8
    - 1
  - - 9
    - 1
  - - 10
    - 2
  - - 11
    - 3
  - - 12
    - 1
  - - 13
    - 4
  - - 14
    - 8
  - - 15
    - 13
  - - 16
    - 12
  - - 17
    - 16
  - - 18
    - 20
  - - 19
    - 29
  - - 20
    - 26
  - - 21
    - 39
  - - 22
    - 48
  - - 23
    - 64
  - - 24
    - 56
  - - 25
    - 59
  - - 26
    - 82
  - - 27
    - 80
  - - 28
    - 90
  - - 29
    - 126
  - - 30
    - 140
  - - 31
    - 160
  - - 32
    - 191
  - - 33
    - 222
  - - 34
    - 253
  - - 35
    - 230
  - - 36
    - 247
  - - 37
    - 268
  - - 38
    - 289
  - - 39
    - 315
  - - 40
    - 333
  - - 41
    - 390
  - - 42
    - 382
  - - 43
    - 428
  - - 44
    - 442
  - - 45
    - 464
  - - 46
    - 561
  - - 47
    - 532
  - - 48
    - 531
  - - 49
    - 561
  - - 50
    - 522
  - - 51
    - 543
  - - 52
    - 659
  - - 53
    - 639
  - - 54
    - 570
  - - 55
    - 656
  - - 56
    - 707
  - - 57
    - 687
  - - 58
    - 656
  - - 59
    - 701
  - - 60
    - 755
  - - 61
    - 739
  - - 62
    - 848
  - - 63
    - 756
  - - 64
    - 748
  - - 65
    - 737
  - - 66
    - 775
  - - 67
    - 766
  - - 68
    - 792
  - - 69
    - 884
  - - 70
    - 792
  - - 71
    - 811
  - - 72
    - 813
  - - 73
    - 876
  - - 74
    - 851
  - - 75
    - 799
  - - 76
    - 792
  - - 77
    - 802
  - - 78
    - 820
  - - 79
    - 842
  - - 80
    - 871
  - - 81
    - 734
  - - 82
    - 849
  - - 83
    - 827
  - - 84
    - 778
  - - 85
    - 812
  - - 86
    - 790
  - - 87
    - 792
  - - 88
    - 770
  - - 89
    - 763
  - - 90
    - 787
  - - 91
    - 846
  - - 92
    - 740
  - - 93
    - 781
  - - 94
    - 850
  - - 95
    - 817
  - - 96
    - 792
  - - 97
    - 810
  - - 98
    - 801
  - - 99
    - 733
  - - 100
    - 824
  - - 101
    - 777
  - - 102
    - 767
  - - 103
    - 750
  - - 104
    - 735
  - - 105
    - 726
  - - 106
    - 732
  - - 107
    - 723
  - - 108
    - 728
  - - 109
    - 664
  - - 110
    - 665
  - - 111
    - 604
  - - 112
    - 617
  - - 113
    - 576
  - - 114
    - 583
  - - 115
    - 576
  - - 116
    - 534
  - - 117
    - 546
  - - 118
    - 537
  - - 119
    - 546
  - - 120
    - 578
  - - 121
    - 520
  - - 122
    - 497
  - - 123
    - 540
  - - 124
    - 594
  - - 125
    - 505
  - - 126
    - 485
  - - 127
    - 489
  - - 128
    - 437
  - - 129
    - 454
  - - 130
    - 502
  - - 131
    - 456
  - - 132
    - 451
  - - 133
    - 438
  - - 134
    - 484
  - - 135
    - 475
  - - 136
    - 460
  - - 137
    - 521
  - - 138
    - 444
  - - 139
    - 452
  - - 140
    - 415
  - - 141
    - 431
  - - 142
    - 419
  - - 143
    - 418
  - - 144
    - 366
  - - 145
    - 414
  - - 146
    - 388
  - - 147
    - 377
  - - 148
    - 380
  - - 149
    - 356
  - - 150
    - 358
  - - 151
    - 346
  - - 152
    - 379
  - - 153
    - 374
  - - 154
    - 352
  - - 155
    - 341
  - - 156
    - 318
  - - 157
    - 352
  - - 158
    - 290
  - - 159
    - 287
  - - 160
    - 284
  - - 161
    - 329
  - - 162
    - 316
  - - 163
    - 296
  - - 164
    - 290
  - - 165
    - 316
  - - 166
    - 319
  - - 167
    - 307
  - - 168
    - 263
  - - 169
    - 251
  - - 170
    - 263
  - - 171
    - 265
  - - 172
    - 246
  - - 173
    - 276
  - - 174
    - 273
  - - 175
    - 225
  - - 176
    - 266
  - - 177
    - 250
  - - 178
    - 261
  - - 179
    - 201
  - - 180
    - 217
  - - 181
    - 220
  - - 182
    - 229
  - - 183
    - 212
  - - 184
    - 197
  - - 185
    - 232
  - - 186
    - 196
  - - 187
    - 220
  - - 188
    - 228
  - - 189
    - 178
  - - 190
    - 190
  - - 191
    - 164
  - - 192
    - 201
  - - 193
    - 157
  - - 194
    - 171
  - - 195
    - 179
  - - 196
    - 173
  - - 197
    - 144
  - - 198
    - 151
  - - 199
    - 167
  - - 200
    - 161
  - - 201
    - 199
  - - 202
    - 182
  - - 203
    - 166
  - - 204
    - 169
  - - 205
    - 184
  - - 206
    - 189
  - - 207
    - 163
  - - 208
    - 122
  - - 209
    - 163
  - - 210
    - 153
  - - 211
    - 166
  - - 212
    - 134
  - - 213
    - 144
  - - 214
    - 144
  - - 215
    - 146
  - - 216
    - 153
  - - 217
    - 142
  - - 218
    - 131
  - - 219
    - 129
  - - 220
    - 124
  - - 221
    - 128
  - - 222
    - 149
  - - 223
    - 105
  - - 224
    - 124
  - - 225
    - 115
  - - 226
    - 104
  - - 227
    - 112
  - - 228
    - 85
  - - 229
    - 112
  - - 230
    - 91
  - - 231
    - 85
  - - 232
    - 93
  - - 233
    - 114
  - - 234
    - 105
  - - 235
    - 80
  - - 236
    - 92
  - - 237
    - 127
  - - 238
    - 87
  - - 239
    - 80
  - - 240
    - 90
  - - 241
    - 89
  - - 242
    - 87
  - - 243
    - 106
  - - 244
    - 79
  - - 245
    - 99
  - - 246
    - 83
  - - 247
    - 85
  - - 248
    - 82
  - - 249
    - 66
  - - 250
    - 52
  - - 251
    - 52
  - - 252
    - 61
  - - 253
    - 69
  - - 254
    - 66
  - - 255
    - 72
  - - 256
    - 83
  - - 257
    - 71
  - - 258
    - 62
  - - 259
    - 56
  - - 260
    - 66
  - - 261
    - 67
  - - 262
    - 70
  - - 263
    - 69
  - - 264
    - 57
  - - 265
    - 61
  - - 266
    - 65
  - - 267
    - 77
  - - 268
    - 66
  - - 269
    - 71
  - - 270
    - 65
  - - 271
    - 63
  - - 272
    - 67
  - - 273
    - 54
  - - 274
    - 66
  - - 275
    - 63
  - - 276
    - 41
  - - 277
    - 55
  - - 278
    - 59
  - - 279
    - 75
  - - 280
    - 57
  - - 281
    - 51
  - - 282
    - 55
  - - 283
    - 62
  - - 284
    - 42
  - - 285
    - 49
  - - 286
    - 45
  - - 287
    - 51
  - - 288
    - 39
  - - 289
    - 46
  - - 290
    - 49
  - - 291
    - 34
  - - 292
    - 54
  - - 293
    - 34
  - - 294
    - 49
  - - 295
    - 45
  - - 296
    - 41
  - - 297
    - 38
  - - 298
    - 33
  - - 299
    - 37
  - - 300
    - 39
  - - 301
    - 33
  - - 302
    - 35
  - - 303
    - 30
  - - 304
    - 42
  - - 305
    - 46
  - - 306
    - 42
  - - 307
    - 48
  - - 308
    - 38
  - - 309
    - 37
  - - 310
    - 40
  - - 311
    - 45
  - - 312
    - 41
  - - 313
    - 35
  - - 314
    - 33
  - - 315
    - 34
  - - 316
    - 25
  - - 317
    - 33
  - - 318
    - 33
  - - 319
    - 33
  - - 320
    - 26
  - - 321
    - 39
  - - 322
    - 27
  - - 323
    - 29
  - - 324
    - 27
  - - 325
    - 23
  - - 326
    - 27
  - - 327
    - 36
  - - 328
    - 25
  - - 329
    - 26
  - - 330
    - 33
  - - 331
    - 30
  - - 332
    - 19
  - - 333
    - 24
  - - 334
    - 20
  - - 335
    - 22
  - - 336
    - 11
  - - 337
    - 31
  - - 338
    - 18
  - - 339
    - 26
  - - 340
    - 16
  - - 341
    - 25
  - - 342
    - 30
  - - 343
    - 26
  - - 344
    - 26
  - - 345
    - 20
  - - 346
    - 16
  - - 347
    - 26
  - - 348
    - 28
  - - 349
    - 23
  - - 350
    - 17
  - - 351
    - 20
  - - 352
    - 31
  - - 353
    - 23
  - - 354
    - 15
  - - 355
    - 19
  - - 356
    - 21
  - - 357
    - 20
  - - 358
    - 21
  - - 359
    - 21
  - - 360
    - 13
  - - 361
    - 16
  - - 362
    - 16
  - - 363
    - 26
  - - 364
    - 18
  - - 365
    - 12
  - - 366
    - 28
  - - 367
    - 15
  - - 368
    - 24
  - - 369
    - 22
  - - 370
    - 12
  - - 371
    - 24
  - - 372
    - 17
  - - 373
    - 22
  - - 374
    - 16
  - - 375
    - 31
  - - 376
    - 24
  - - 377
    - 14
  - - 378
    - 12
  - - 379
    - 21
  - - 380
    - 14
  - - 381
    - 17
  - - 382
    - 9
  - - 383
    - 16
  - - 384
    - 18
  - - 385
    - 14
  - - 386
    - 11
  - - 387
    - 15
  - - 388
    - 13
  - - 389
    - 15
  - - 390
    - 17
  - - 391
    - 13
  - - 392
    - 10
  - - 393
    - 10
  - - 394
    - 9
  - - 395
    - 15
  - - 396
    - 13
  - - 397
    - 13
  - - 398
    - 13
  - - 399
    - 9
  - - 400
    - 15
  - - 401
    - 16
  - - 402
    - 10
  - - 403
    - 10
  - - 404
    - 15
  - - 405
    - 13
  - - 406
    - 11
  - - 407
    - 7
  - - 408
    - 6
  - - 409
    - 7
  - - 410
    - 4
  - - 411
    - 9
  - - 412
    - 5
  - - 413
    - 7
  - - 414
    - 13
  - - 415
    - 3
  - - 416
    - 7
  - - 417
    - 7
  - - 418
    - 9
  - - 419
    - 5
  - - 420
    - 9
  - - 421
    - 8
  - - 422
    - 10
  - - 423
    - 8
  - - 424
    - 14
  - - 425
    - 7
  - - 426
    - 14
  - - 427
    - 7
  - - 428
    - 4
  - - 429
    - 5
  - - 430
    - 6
  - - 431
    - 8
  - - 432
    - 7
  - - 433
    - 4
  - - 434
    - 2
  - - 435
    - 8
  - - 436
    - 9
  - - 437
    - 8
  - - 438
    - 9
  - - 439
    - 14
  - - 440
    - 8
  - - 441
    - 2
  - - 442
    - 9
  - - 443
    - 6
  - - 444
    - 9
  - - 445
    - 7
  - - 446
    - 7
  - - 447
    - 6
  - - 448
    - 5
  - - 449
    - 9
  - - 450
    - 5
  - - 451
    - 7
  - - 452
    - 7
  - - 453
    - 1
  - - 454
    - 4
  - - 455
    - 7
  - - 456
    - 3
  - - 457
    - 4
  - - 458
    - 5
  - - 459
    - 11
  - - 460
    - 10
  - - 461
    - 11
  - - 462
    - 9
  - - 463
    - 8
  - - 464
    - 4
  - - 465
    - 6
  - - 466
    - 6
  - - 467
    - 3
  - - 468
    - 1
  - - 469
    - 9
  - - 470
    - 2
  - - 471
    - 2
  - - 472
    - 3
  - - 473
    - 4
  - - 474
    - 2
  - - 475
    - 6
  - - 476
    - 3
  - - 477
    - 3
  - - 478
    - 4
  - - 479
    - 4
  - - 480
    - 5
  - - 481
    - 7
  - - 482
    - 1
  - - 483
    - 5
  - - 484
    - 3
  - - 485
    - 1
  - - 486
    - 2
  - - 487
    - 5
  - - 488
    - 7
  - - 489
    - 5
  - - 490
    - 4
  - - 491
    - 5
  - - 492
    - 3
  - - 493
    - 5
  - - 494
    - 2
  - - 495
    - 4
  - - 496
    - 6
  - - 497
    - 2
  - - 498
    - 2
  - - 499
    - 1
  - - 500
    - 2
  - - 502
    - 3
  - - 503
    - 3
  - - 504
    - 3
  - - 505
    - 6
  - - 506
    - 2
  - - 507
    - 2
  - - 508
    - 5
  - - 509
    - 2
  - - 510
    - 4
  - - 511
    - 2
  - - 512
    - 2
  - - 513
    - 4
  - - 515
    - 5
  - - 516
    - 3
  - - 518
    - 4
  - - 519
    - 3
  - - 520
    - 4
  - - 522
    - 3
  - - 523
    - 2
  - - 524
    - 2
  - - 525
    - 5
  - - 526
    - 1
  - - 527
    - 1
  - - 528
    - 2
  - - 529
    - 2
  - - 531
    - 2
  - - 532
    - 2
  - - 533
    - 2
  - - 534
    - 5
  - - 535
    - 3
  - - 536
    - 2
  - - 537
    - 2
  - - 538
    - 1
  - - 542
    - 1
  - - 543
    - 1
  - - 544
    - 1
  - - 545
    - 2
  - - 546
    - 1
  - - 547
    - 3
  - - 548
    - 1
  - - 549
    - 4
  - - 550
    - 3
  - - 555
    - 1
  - - 556
    - 2
  - - 557
    - 3
  - - 558
    - 2
  - - 559
    - 2
  - - 560
    - 1
  - - 561
    - 1
  - - 563
    - 2
  - - 565
    - 1
  - - 566
    - 1
  - - 568
    - 2
  - - 569
    - 1
  - - 570
    - 2
  - - 572
    - 1
  - - 573
    - 1
  - - 575
    - 1
  - - 578
    - 1
  - - 580
    - 1
  - - 582
    - 1
  - - 583
    - 2
  - - 585
    - 1
  - - 586
    - 1
  - - 587
    - 1
  - - 590
    - 3
  - - 591
    - 1
  - - 593
    - 1
  - - 594
    - 1
  - - 596
    - 4
  - - 597
    - 2
  - - 599
    - 1
  - - 606
    - 1
  - - 609
    - 1
  - - 610
    - 1
  - - 611
    - 1
  - - 617
    - 1
  - - 618
    - 2
  - - 619
    - 2
  - - 621
    - 1
  - - 627
    - 1
  - - 634
    - 1
  - - 636
    - 1
  - - 638
    - 2
  - - 649
    - 1
  - - 654
    - 1
  - - 665
    - 2
  - - 674
    - 1
  - - 688
    - 1
  - - 708
    - 1
  - - 716
    - 1
  - - 717
    - 1
  - - 723
    - 1
  - - 729
    - 1
  - - 739
    - 1
  - - 758
    - 1
  - - 903
    - 1
  latency_50_percentile: 103.0
  latency_95_percentile: 267.0
  latency_99_5_percentile: 439.0
  latency_99_percentile: 387.0
  max_kubedns_cpu: 636
  max_kubedns_memory: 22
  max_latency: 0.903376
  max_perfserver_cpu: 0
  max_perfserver_memory: 0
  min_latency: 0.004513
  msg: null
  ok: true
  qps: 813.765379
  queries_completed: 97810
  queries_lost: 0
  queries_sent: 97810
  run_time: 120.194349
  stddev_latency: 0.073035
params:
  max_qps: null
  pod_name: dns-perf-client-858fb7568b-p2tc5
  query_file: all-queries.txt
  run_id: 1777612066
  run_length_seconds: 120
  run_subid: 0
stderr:
- ''
stdout:
- DNS Performance Testing Tool
- Nominum Version 2.1.0.0
- ''
- '[Status] Command line: dnsperf -s 10.0.0.10 -l 120 -d /queries/all-queries.txt'
- '[Status] Sending queries (to 10.0.0.10)'
- '[Status] Started at: Fri May  1 05:08:18 2026'
- '[Status] Stopping after 120.000000 seconds'
- '[Status] Testing complete (time limit)'
- ''
- 'Statistics:'
- ''
- '  Queries sent:         97810'
- '  Queries completed:    97810 (100.00%)'
- '  Queries lost:         0 (0.00%)'
- ''
- '  Response codes:       NOERROR 11736 (12.00%), NXDOMAIN 86074 (88.00%)'
- '  Average packet size:  request 38, response 122'
- '  Run time (s):         120.194349'
- '  Queries per second:   813.765379'
- ''
- '  Average Latency (s):  0.122667 (min 0.004513, max 0.903376)'
- '  Latency StdDev (s):   0.073035'
- ''
- '  Latency histogram'
- '#histogram 0 0'
- '#histogram 4 2'
- '#histogram 5 4'
- '#histogram 6 2'
- '#histogram 8 1'
- '#histogram 9 1'
- '#histogram 10 2'
- '#histogram 11 3'
- '#histogram 12 1'
- '#histogram 13 4'
- '#histogram 14 8'
- '#histogram 15 13'
- '#histogram 16 12'
- '#histogram 17 16'
- '#histogram 18 20'
- '#histogram 19 29'
- '#histogram 20 26'
- '#histogram 21 39'
- '#histogram 22 48'
- '#histogram 23 64'
- '#histogram 24 56'
- '#histogram 25 59'
- '#histogram 26 82'
- '#histogram 27 80'
- '#histogram 28 90'
- '#histogram 29 126'
- '#histogram 30 140'
- '#histogram 31 160'
- '#histogram 32 191'
- '#histogram 33 222'
- '#histogram 34 253'
- '#histogram 35 230'
- '#histogram 36 247'
- '#histogram 37 268'
- '#histogram 38 289'
- '#histogram 39 315'
- '#histogram 40 333'
- '#histogram 41 390'
- '#histogram 42 382'
- '#histogram 43 428'
- '#histogram 44 442'
- '#histogram 45 464'
- '#histogram 46 561'
- '#histogram 47 532'
- '#histogram 48 531'
- '#histogram 49 561'
- '#histogram 50 522'
- '#histogram 51 543'
- '#histogram 52 659'
- '#histogram 53 639'
- '#histogram 54 570'
- '#histogram 55 656'
- '#histogram 56 707'
- '#histogram 57 687'
- '#histogram 58 656'
- '#histogram 59 701'
- '#histogram 60 755'
- '#histogram 61 739'
- '#histogram 62 848'
- '#histogram 63 756'
- '#histogram 64 748'
- '#histogram 65 737'
- '#histogram 66 775'
- '#histogram 67 766'
- '#histogram 68 792'
- '#histogram 69 884'
- '#histogram 70 792'
- '#histogram 71 811'
- '#histogram 72 813'
- '#histogram 73 876'
- '#histogram 74 851'
- '#histogram 75 799'
- '#histogram 76 792'
- '#histogram 77 802'
- '#histogram 78 820'
- '#histogram 79 842'
- '#histogram 80 871'
- '#histogram 81 734'
- '#histogram 82 849'
- '#histogram 83 827'
- '#histogram 84 778'
- '#histogram 85 812'
- '#histogram 86 790'
- '#histogram 87 792'
- '#histogram 88 770'
- '#histogram 89 763'
- '#histogram 90 787'
- '#histogram 91 846'
- '#histogram 92 740'
- '#histogram 93 781'
- '#histogram 94 850'
- '#histogram 95 817'
- '#histogram 96 792'
- '#histogram 97 810'
- '#histogram 98 801'
- '#histogram 99 733'
- '#histogram 100 824'
- '#histogram 101 777'
- '#histogram 102 767'
- '#histogram 103 750'
- '#histogram 104 735'
- '#histogram 105 726'
- '#histogram 106 732'
- '#histogram 107 723'
- '#histogram 108 728'
- '#histogram 109 664'
- '#histogram 110 665'
- '#histogram 111 604'
- '#histogram 112 617'
- '#histogram 113 576'
- '#histogram 114 583'
- '#histogram 115 576'
- '#histogram 116 534'
- '#histogram 117 546'
- '#histogram 118 537'
- '#histogram 119 546'
- '#histogram 120 578'
- '#histogram 121 520'
- '#histogram 122 497'
- '#histogram 123 540'
- '#histogram 124 594'
- '#histogram 125 505'
- '#histogram 126 485'
- '#histogram 127 489'
- '#histogram 128 437'
- '#histogram 129 454'
- '#histogram 130 502'
- '#histogram 131 456'
- '#histogram 132 451'
- '#histogram 133 438'
- '#histogram 134 484'
- '#histogram 135 475'
- '#histogram 136 460'
- '#histogram 137 521'
- '#histogram 138 444'
- '#histogram 139 452'
- '#histogram 140 415'
- '#histogram 141 431'
- '#histogram 142 419'
- '#histogram 143 418'
- '#histogram 144 366'
- '#histogram 145 414'
- '#histogram 146 388'
- '#histogram 147 377'
- '#histogram 148 380'
- '#histogram 149 356'
- '#histogram 150 358'
- '#histogram 151 346'
- '#histogram 152 379'
- '#histogram 153 374'
- '#histogram 154 352'
- '#histogram 155 341'
- '#histogram 156 318'
- '#histogram 157 352'
- '#histogram 158 290'
- '#histogram 159 287'
- '#histogram 160 284'
- '#histogram 161 329'
- '#histogram 162 316'
- '#histogram 163 296'
- '#histogram 164 290'
- '#histogram 165 316'
- '#histogram 166 319'
- '#histogram 167 307'
- '#histogram 168 263'
- '#histogram 169 251'
- '#histogram 170 263'
- '#histogram 171 265'
- '#histogram 172 246'
- '#histogram 173 276'
- '#histogram 174 273'
- '#histogram 175 225'
- '#histogram 176 266'
- '#histogram 177 250'
- '#histogram 178 261'
- '#histogram 179 201'
- '#histogram 180 217'
- '#histogram 181 220'
- '#histogram 182 229'
- '#histogram 183 212'
- '#histogram 184 197'
- '#histogram 185 232'
- '#histogram 186 196'
- '#histogram 187 220'
- '#histogram 188 228'
- '#histogram 189 178'
- '#histogram 190 190'
- '#histogram 191 164'
- '#histogram 192 201'
- '#histogram 193 157'
- '#histogram 194 171'
- '#histogram 195 179'
- '#histogram 196 173'
- '#histogram 197 144'
- '#histogram 198 151'
- '#histogram 199 167'
- '#histogram 200 161'
- '#histogram 201 199'
- '#histogram 202 182'
- '#histogram 203 166'
- '#histogram 204 169'
- '#histogram 205 184'
- '#histogram 206 189'
- '#histogram 207 163'
- '#histogram 208 122'
- '#histogram 209 163'
- '#histogram 210 153'
- '#histogram 211 166'
- '#histogram 212 134'
- '#histogram 213 144'
- '#histogram 214 144'
- '#histogram 215 146'
- '#histogram 216 153'
- '#histogram 217 142'
- '#histogram 218 131'
- '#histogram 219 129'
- '#histogram 220 124'
- '#histogram 221 128'
- '#histogram 222 149'
- '#histogram 223 105'
- '#histogram 224 124'
- '#histogram 225 115'
- '#histogram 226 104'
- '#histogram 227 112'
- '#histogram 228 85'
- '#histogram 229 112'
- '#histogram 230 91'
- '#histogram 231 85'
- '#histogram 232 93'
- '#histogram 233 114'
- '#histogram 234 105'
- '#histogram 235 80'
- '#histogram 236 92'
- '#histogram 237 127'
- '#histogram 238 87'
- '#histogram 239 80'
- '#histogram 240 90'
- '#histogram 241 89'
- '#histogram 242 87'
- '#histogram 243 106'
- '#histogram 244 79'
- '#histogram 245 99'
- '#histogram 246 83'
- '#histogram 247 85'
- '#histogram 248 82'
- '#histogram 249 66'
- '#histogram 250 52'
- '#histogram 251 52'
- '#histogram 252 61'
- '#histogram 253 69'
- '#histogram 254 66'
- '#histogram 255 72'
- '#histogram 256 83'
- '#histogram 257 71'
- '#histogram 258 62'
- '#histogram 259 56'
- '#histogram 260 66'
- '#histogram 261 67'
- '#histogram 262 70'
- '#histogram 263 69'
- '#histogram 264 57'
- '#histogram 265 61'
- '#histogram 266 65'
- '#histogram 267 77'
- '#histogram 268 66'
- '#histogram 269 71'
- '#histogram 270 65'
- '#histogram 271 63'
- '#histogram 272 67'
- '#histogram 273 54'
- '#histogram 274 66'
- '#histogram 275 63'
- '#histogram 276 41'
- '#histogram 277 55'
- '#histogram 278 59'
- '#histogram 279 75'
- '#histogram 280 57'
- '#histogram 281 51'
- '#histogram 282 55'
- '#histogram 283 62'
- '#histogram 284 42'
- '#histogram 285 49'
- '#histogram 286 45'
- '#histogram 287 51'
- '#histogram 288 39'
- '#histogram 289 46'
- '#histogram 290 49'
- '#histogram 291 34'
- '#histogram 292 54'
- '#histogram 293 34'
- '#histogram 294 49'
- '#histogram 295 45'
- '#histogram 296 41'
- '#histogram 297 38'
- '#histogram 298 33'
- '#histogram 299 37'
- '#histogram 300 39'
- '#histogram 301 33'
- '#histogram 302 35'
- '#histogram 303 30'
- '#histogram 304 42'
- '#histogram 305 46'
- '#histogram 306 42'
- '#histogram 307 48'
- '#histogram 308 38'
- '#histogram 309 37'
- '#histogram 310 40'
- '#histogram 311 45'
- '#histogram 312 41'
- '#histogram 313 35'
- '#histogram 314 33'
- '#histogram 315 34'
- '#histogram 316 25'
- '#histogram 317 33'
- '#histogram 318 33'
- '#histogram 319 33'
- '#histogram 320 26'
- '#histogram 321 39'
- '#histogram 322 27'
- '#histogram 323 29'
- '#histogram 324 27'
- '#histogram 325 23'
- '#histogram 326 27'
- '#histogram 327 36'
- '#histogram 328 25'
- '#histogram 329 26'
- '#histogram 330 33'
- '#histogram 331 30'
- '#histogram 332 19'
- '#histogram 333 24'
- '#histogram 334 20'
- '#histogram 335 22'
- '#histogram 336 11'
- '#histogram 337 31'
- '#histogram 338 18'
- '#histogram 339 26'
- '#histogram 340 16'
- '#histogram 341 25'
- '#histogram 342 30'
- '#histogram 343 26'
- '#histogram 344 26'
- '#histogram 345 20'
- '#histogram 346 16'
- '#histogram 347 26'
- '#histogram 348 28'
- '#histogram 349 23'
- '#histogram 350 17'
- '#histogram 351 20'
- '#histogram 352 31'
- '#histogram 353 23'
- '#histogram 354 15'
- '#histogram 355 19'
- '#histogram 356 21'
- '#histogram 357 20'
- '#histogram 358 21'
- '#histogram 359 21'
- '#histogram 360 13'
- '#histogram 361 16'
- '#histogram 362 16'
- '#histogram 363 26'
- '#histogram 364 18'
- '#histogram 365 12'
- '#histogram 366 28'
- '#histogram 367 15'
- '#histogram 368 24'
- '#histogram 369 22'
- '#histogram 370 12'
- '#histogram 371 24'
- '#histogram 372 17'
- '#histogram 373 22'
- '#histogram 374 16'
- '#histogram 375 31'
- '#histogram 376 24'
- '#histogram 377 14'
- '#histogram 378 12'
- '#histogram 379 21'
- '#histogram 380 14'
- '#histogram 381 17'
- '#histogram 382 9'
- '#histogram 383 16'
- '#histogram 384 18'
- '#histogram 385 14'
- '#histogram 386 11'
- '#histogram 387 15'
- '#histogram 388 13'
- '#histogram 389 15'
- '#histogram 390 17'
- '#histogram 391 13'
- '#histogram 392 10'
- '#histogram 393 10'
- '#histogram 394 9'
- '#histogram 395 15'
- '#histogram 396 13'
- '#histogram 397 13'
- '#histogram 398 13'
- '#histogram 399 9'
- '#histogram 400 15'
- '#histogram 401 16'
- '#histogram 402 10'
- '#histogram 403 10'
- '#histogram 404 15'
- '#histogram 405 13'
- '#histogram 406 11'
- '#histogram 407 7'
- '#histogram 408 6'
- '#histogram 409 7'
- '#histogram 410 4'
- '#histogram 411 9'
- '#histogram 412 5'
- '#histogram 413 7'
- '#histogram 414 13'
- '#histogram 415 3'
- '#histogram 416 7'
- '#histogram 417 7'
- '#histogram 418 9'
- '#histogram 419 5'
- '#histogram 420 9'
- '#histogram 421 8'
- '#histogram 422 10'
- '#histogram 423 8'
- '#histogram 424 14'
- '#histogram 425 7'
- '#histogram 426 14'
- '#histogram 427 7'
- '#histogram 428 4'
- '#histogram 429 5'
- '#histogram 430 6'
- '#histogram 431 8'
- '#histogram 432 7'
- '#histogram 433 4'
- '#histogram 434 2'
- '#histogram 435 8'
- '#histogram 436 9'
- '#histogram 437 8'
- '#histogram 438 9'
- '#histogram 439 14'
- '#histogram 440 8'
- '#histogram 441 2'
- '#histogram 442 9'
- '#histogram 443 6'
- '#histogram 444 9'
- '#histogram 445 7'
- '#histogram 446 7'
- '#histogram 447 6'
- '#histogram 448 5'
- '#histogram 449 9'
- '#histogram 450 5'
- '#histogram 451 7'
- '#histogram 452 7'
- '#histogram 453 1'
- '#histogram 454 4'
- '#histogram 455 7'
- '#histogram 456 3'
- '#histogram 457 4'
- '#histogram 458 5'
- '#histogram 459 11'
- '#histogram 460 10'
- '#histogram 461 11'
- '#histogram 462 9'
- '#histogram 463 8'
- '#histogram 464 4'
- '#histogram 465 6'
- '#histogram 466 6'
- '#histogram 467 3'
- '#histogram 468 1'
- '#histogram 469 9'
- '#histogram 470 2'
- '#histogram 471 2'
- '#histogram 472 3'
- '#histogram 473 4'
- '#histogram 474 2'
- '#histogram 475 6'
- '#histogram 476 3'
- '#histogram 477 3'
- '#histogram 478 4'
- '#histogram 479 4'
- '#histogram 480 5'
- '#histogram 481 7'
- '#histogram 482 1'
- '#histogram 483 5'
- '#histogram 484 3'
- '#histogram 485 1'
- '#histogram 486 2'
- '#histogram 487 5'
- '#histogram 488 7'
- '#histogram 489 5'
- '#histogram 490 4'
- '#histogram 491 5'
- '#histogram 492 3'
- '#histogram 493 5'
- '#histogram 494 2'
- '#histogram 495 4'
- '#histogram 496 6'
- '#histogram 497 2'
- '#histogram 498 2'
- '#histogram 499 1'
- '#histogram 500 2'
- '#histogram 502 3'
- '#histogram 503 3'
- '#histogram 504 3'
- '#histogram 505 6'
- '#histogram 506 2'
- '#histogram 507 2'
- '#histogram 508 5'
- '#histogram 509 2'
- '#histogram 510 4'
- '#histogram 511 2'
- '#histogram 512 2'
- '#histogram 513 4'
- '#histogram 515 5'
- '#histogram 516 3'
- '#histogram 518 4'
- '#histogram 519 3'
- '#histogram 520 4'
- '#histogram 522 3'
- '#histogram 523 2'
- '#histogram 524 2'
- '#histogram 525 5'
- '#histogram 526 1'
- '#histogram 527 1'
- '#histogram 528 2'
- '#histogram 529 2'
- '#histogram 531 2'
- '#histogram 532 2'
- '#histogram 533 2'
- '#histogram 534 5'
- '#histogram 535 3'
- '#histogram 536 2'
- '#histogram 537 2'
- '#histogram 538 1'
- '#histogram 542 1'
- '#histogram 543 1'
- '#histogram 544 1'
- '#histogram 545 2'
- '#histogram 546 1'
- '#histogram 547 3'
- '#histogram 548 1'
- '#histogram 549 4'
- '#histogram 550 3'
- '#histogram 555 1'
- '#histogram 556 2'
- '#histogram 557 3'
- '#histogram 558 2'
- '#histogram 559 2'
- '#histogram 560 1'
- '#histogram 561 1'
- '#histogram 563 2'
- '#histogram 565 1'
- '#histogram 566 1'
- '#histogram 568 2'
- '#histogram 569 1'
- '#histogram 570 2'
- '#histogram 572 1'
- '#histogram 573 1'
- '#histogram 575 1'
- '#histogram 578 1'
- '#histogram 580 1'
- '#histogram 582 1'
- '#histogram 583 2'
- '#histogram 585 1'
- '#histogram 586 1'
- '#histogram 587 1'
- '#histogram 590 3'
- '#histogram 591 1'
- '#histogram 593 1'
- '#histogram 594 1'
- '#histogram 596 4'
- '#histogram 597 2'
- '#histogram 599 1'
- '#histogram 606 1'
- '#histogram 609 1'
- '#histogram 610 1'
- '#histogram 611 1'
- '#histogram 617 1'
- '#histogram 618 2'
- '#histogram 619 2'
- '#histogram 621 1'
- '#histogram 627 1'
- '#histogram 634 1'
- '#histogram 636 1'
- '#histogram 638 2'
- '#histogram 649 1'
- '#histogram 654 1'
- '#histogram 665 2'
- '#histogram 674 1'
- '#histogram 688 1'
- '#histogram 708 1'
- '#histogram 716 1'
- '#histogram 717 1'
- '#histogram 723 1'
- '#histogram 729 1'
- '#histogram 739 1'
- '#histogram 758 1'
- '#histogram 903 1'
- ''
