code: 0
data:
  avg_latency: 0.085963
  histogram:
  - - 0
    - 0
  - - 1
    - 18
  - - 2
    - 113
  - - 3
    - 191
  - - 4
    - 289
  - - 5
    - 330
  - - 6
    - 341
  - - 7
    - 403
  - - 8
    - 445
  - - 9
    - 465
  - - 10
    - 459
  - - 11
    - 527
  - - 12
    - 519
  - - 13
    - 528
  - - 14
    - 532
  - - 15
    - 522
  - - 16
    - 563
  - - 17
    - 588
  - - 18
    - 602
  - - 19
    - 611
  - - 20
    - 616
  - - 21
    - 658
  - - 22
    - 676
  - - 23
    - 801
  - - 24
    - 732
  - - 25
    - 763
  - - 26
    - 801
  - - 27
    - 811
  - - 28
    - 860
  - - 29
    - 838
  - - 30
    - 918
  - - 31
    - 927
  - - 32
    - 994
  - - 33
    - 932
  - - 34
    - 959
  - - 35
    - 984
  - - 36
    - 1045
  - - 37
    - 1014
  - - 38
    - 1083
  - - 39
    - 1187
  - - 40
    - 1163
  - - 41
    - 1175
  - - 42
    - 1187
  - - 43
    - 1216
  - - 44
    - 1235
  - - 45
    - 1272
  - - 46
    - 1246
  - - 47
    - 1309
  - - 48
    - 1237
  - - 49
    - 1324
  - - 50
    - 1339
  - - 51
    - 1260
  - - 52
    - 1264
  - - 53
    - 1291
  - - 54
    - 1270
  - - 55
    - 1301
  - - 56
    - 1298
  - - 57
    - 1274
  - - 58
    - 1291
  - - 59
    - 1321
  - - 60
    - 1321
  - - 61
    - 1316
  - - 62
    - 1341
  - - 63
    - 1263
  - - 64
    - 1299
  - - 65
    - 1380
  - - 66
    - 1279
  - - 67
    - 1307
  - - 68
    - 1219
  - - 69
    - 1262
  - - 70
    - 1272
  - - 71
    - 1270
  - - 72
    - 1296
  - - 73
    - 1209
  - - 74
    - 1218
  - - 75
    - 1271
  - - 76
    - 1232
  - - 77
    - 1188
  - - 78
    - 1135
  - - 79
    - 1148
  - - 80
    - 1158
  - - 81
    - 1165
  - - 82
    - 1094
  - - 83
    - 1073
  - - 84
    - 1074
  - - 85
    - 1072
  - - 86
    - 1046
  - - 87
    - 1062
  - - 88
    - 1074
  - - 89
    - 1069
  - - 90
    - 1049
  - - 91
    - 1035
  - - 92
    - 1010
  - - 93
    - 995
  - - 94
    - 1022
  - - 95
    - 982
  - - 96
    - 913
  - - 97
    - 923
  - - 98
    - 904
  - - 99
    - 898
  - - 100
    - 897
  - - 101
    - 856
  - - 102
    - 837
  - - 103
    - 806
  - - 104
    - 815
  - - 105
    - 778
  - - 106
    - 754
  - - 107
    - 741
  - - 108
    - 736
  - - 109
    - 762
  - - 110
    - 676
  - - 111
    - 674
  - - 112
    - 669
  - - 113
    - 663
  - - 114
    - 632
  - - 115
    - 616
  - - 116
    - 606
  - - 117
    - 592
  - - 118
    - 573
  - - 119
    - 602
  - - 120
    - 572
  - - 121
    - 571
  - - 122
    - 528
  - - 123
    - 526
  - - 124
    - 553
  - - 125
    - 493
  - - 126
    - 423
  - - 127
    - 514
  - - 128
    - 474
  - - 129
    - 487
  - - 130
    - 450
  - - 131
    - 486
  - - 132
    - 444
  - - 133
    - 452
  - - 134
    - 431
  - - 135
    - 469
  - - 136
    - 430
  - - 137
    - 409
  - - 138
    - 378
  - - 139
    - 365
  - - 140
    - 361
  - - 141
    - 405
  - - 142
    - 407
  - - 143
    - 379
  - - 144
    - 340
  - - 145
    - 332
  - - 146
    - 351
  - - 147
    - 336
  - - 148
    - 291
  - - 149
    - 310
  - - 150
    - 273
  - - 151
    - 266
  - - 152
    - 279
  - - 153
    - 289
  - - 154
    - 281
  - - 155
    - 288
  - - 156
    - 287
  - - 157
    - 276
  - - 158
    - 259
  - - 159
    - 250
  - - 160
    - 245
  - - 161
    - 231
  - - 162
    - 224
  - - 163
    - 232
  - - 164
    - 209
  - - 165
    - 244
  - - 166
    - 204
  - - 167
    - 226
  - - 168
    - 200
  - - 169
    - 222
  - - 170
    - 200
  - - 171
    - 182
  - - 172
    - 224
  - - 173
    - 208
  - - 174
    - 211
  - - 175
    - 161
  - - 176
    - 205
  - - 177
    - 157
  - - 178
    - 180
  - - 179
    - 165
  - - 180
    - 164
  - - 181
    - 179
  - - 182
    - 151
  - - 183
    - 143
  - - 184
    - 143
  - - 185
    - 114
  - - 186
    - 153
  - - 187
    - 125
  - - 188
    - 132
  - - 189
    - 118
  - - 190
    - 101
  - - 191
    - 110
  - - 192
    - 119
  - - 193
    - 110
  - - 194
    - 111
  - - 195
    - 118
  - - 196
    - 132
  - - 197
    - 104
  - - 198
    - 114
  - - 199
    - 115
  - - 200
    - 114
  - - 201
    - 91
  - - 202
    - 88
  - - 203
    - 90
  - - 204
    - 102
  - - 205
    - 79
  - - 206
    - 90
  - - 207
    - 85
  - - 208
    - 80
  - - 209
    - 98
  - - 210
    - 88
  - - 211
    - 83
  - - 212
    - 76
  - - 213
    - 79
  - - 214
    - 75
  - - 215
    - 65
  - - 216
    - 65
  - - 217
    - 69
  - - 218
    - 67
  - - 219
    - 55
  - - 220
    - 59
  - - 221
    - 78
  - - 222
    - 59
  - - 223
    - 65
  - - 224
    - 72
  - - 225
    - 66
  - - 226
    - 65
  - - 227
    - 57
  - - 228
    - 58
  - - 229
    - 50
  - - 230
    - 45
  - - 231
    - 66
  - - 232
    - 57
  - - 233
    - 46
  - - 234
    - 50
  - - 235
    - 45
  - - 236
    - 61
  - - 237
    - 55
  - - 238
    - 47
  - - 239
    - 51
  - - 240
    - 42
  - - 241
    - 58
  - - 242
    - 47
  - - 243
    - 48
  - - 244
    - 40
  - - 245
    - 33
  - - 246
    - 34
  - - 247
    - 55
  - - 248
    - 36
  - - 249
    - 30
  - - 250
    - 42
  - - 251
    - 46
  - - 252
    - 35
  - - 253
    - 39
  - - 254
    - 48
  - - 255
    - 37
  - - 256
    - 35
  - - 257
    - 37
  - - 258
    - 39
  - - 259
    - 26
  - - 260
    - 31
  - - 261
    - 33
  - - 262
    - 32
  - - 263
    - 24
  - - 264
    - 31
  - - 265
    - 32
  - - 266
    - 35
  - - 267
    - 46
  - - 268
    - 25
  - - 269
    - 25
  - - 270
    - 37
  - - 271
    - 27
  - - 272
    - 24
  - - 273
    - 24
  - - 274
    - 25
  - - 275
    - 26
  - - 276
    - 23
  - - 277
    - 24
  - - 278
    - 20
  - - 279
    - 21
  - - 280
    - 22
  - - 281
    - 22
  - - 282
    - 24
  - - 283
    - 17
  - - 284
    - 28
  - - 285
    - 30
  - - 286
    - 21
  - - 287
    - 23
  - - 288
    - 26
  - - 289
    - 17
  - - 290
    - 26
  - - 291
    - 21
  - - 292
    - 18
  - - 293
    - 16
  - - 294
    - 20
  - - 295
    - 26
  - - 296
    - 19
  - - 297
    - 20
  - - 298
    - 19
  - - 299
    - 25
  - - 300
    - 20
  - - 301
    - 18
  - - 302
    - 15
  - - 303
    - 24
  - - 304
    - 19
  - - 305
    - 18
  - - 306
    - 21
  - - 307
    - 21
  - - 308
    - 10
  - - 309
    - 13
  - - 310
    - 13
  - - 311
    - 8
  - - 312
    - 8
  - - 313
    - 15
  - - 314
    - 16
  - - 315
    - 12
  - - 316
    - 8
  - - 317
    - 10
  - - 318
    - 17
  - - 319
    - 17
  - - 320
    - 15
  - - 321
    - 18
  - - 322
    - 20
  - - 323
    - 15
  - - 324
    - 6
  - - 325
    - 11
  - - 326
    - 10
  - - 327
    - 18
  - - 328
    - 7
  - - 329
    - 14
  - - 330
    - 11
  - - 331
    - 16
  - - 332
    - 15
  - - 333
    - 16
  - - 334
    - 9
  - - 335
    - 6
  - - 336
    - 9
  - - 337
    - 16
  - - 338
    - 13
  - - 339
    - 6
  - - 340
    - 7
  - - 341
    - 11
  - - 342
    - 9
  - - 343
    - 7
  - - 344
    - 8
  - - 345
    - 9
  - - 346
    - 8
  - - 347
    - 3
  - - 348
    - 6
  - - 349
    - 5
  - - 350
    - 11
  - - 351
    - 15
  - - 352
    - 6
  - - 353
    - 10
  - - 354
    - 10
  - - 355
    - 11
  - - 356
    - 8
  - - 357
    - 5
  - - 358
    - 8
  - - 359
    - 8
  - - 360
    - 7
  - - 361
    - 3
  - - 362
    - 8
  - - 363
    - 3
  - - 364
    - 6
  - - 365
    - 9
  - - 366
    - 11
  - - 367
    - 10
  - - 368
    - 7
  - - 369
    - 13
  - - 370
    - 5
  - - 371
    - 6
  - - 372
    - 9
  - - 373
    - 6
  - - 374
    - 4
  - - 375
    - 6
  - - 376
    - 3
  - - 377
    - 2
  - - 378
    - 6
  - - 379
    - 6
  - - 380
    - 5
  - - 381
    - 3
  - - 382
    - 11
  - - 383
    - 7
  - - 384
    - 9
  - - 385
    - 10
  - - 386
    - 10
  - - 387
    - 3
  - - 388
    - 3
  - - 389
    - 8
  - - 390
    - 3
  - - 391
    - 2
  - - 392
    - 8
  - - 393
    - 4
  - - 394
    - 9
  - - 395
    - 3
  - - 396
    - 5
  - - 397
    - 5
  - - 398
    - 1
  - - 399
    - 1
  - - 400
    - 4
  - - 401
    - 7
  - - 402
    - 5
  - - 403
    - 3
  - - 404
    - 3
  - - 405
    - 4
  - - 406
    - 3
  - - 407
    - 5
  - - 408
    - 1
  - - 409
    - 4
  - - 410
    - 2
  - - 411
    - 4
  - - 412
    - 2
  - - 413
    - 4
  - - 414
    - 1
  - - 415
    - 8
  - - 416
    - 6
  - - 417
    - 5
  - - 418
    - 4
  - - 419
    - 2
  - - 420
    - 5
  - - 421
    - 3
  - - 422
    - 2
  - - 423
    - 5
  - - 424
    - 3
  - - 425
    - 3
  - - 426
    - 4
  - - 427
    - 2
  - - 428
    - 4
  - - 429
    - 4
  - - 430
    - 3
  - - 431
    - 2
  - - 432
    - 4
  - - 433
    - 4
  - - 434
    - 3
  - - 435
    - 5
  - - 436
    - 2
  - - 437
    - 4
  - - 438
    - 3
  - - 439
    - 2
  - - 440
    - 1
  - - 441
    - 7
  - - 442
    - 4
  - - 443
    - 1
  - - 444
    - 2
  - - 445
    - 3
  - - 446
    - 3
  - - 447
    - 3
  - - 448
    - 4
  - - 449
    - 1
  - - 450
    - 4
  - - 451
    - 2
  - - 453
    - 2
  - - 454
    - 2
  - - 455
    - 3
  - - 456
    - 5
  - - 457
    - 1
  - - 458
    - 2
  - - 460
    - 1
  - - 461
    - 1
  - - 462
    - 3
  - - 463
    - 1
  - - 464
    - 1
  - - 466
    - 2
  - - 467
    - 1
  - - 468
    - 1
  - - 469
    - 2
  - - 470
    - 3
  - - 471
    - 1
  - - 472
    - 1
  - - 474
    - 1
  - - 475
    - 2
  - - 476
    - 1
  - - 477
    - 2
  - - 478
    - 3
  - - 481
    - 2
  - - 484
    - 2
  - - 485
    - 3
  - - 488
    - 1
  - - 489
    - 2
  - - 492
    - 1
  - - 493
    - 1
  - - 494
    - 1
  - - 495
    - 1
  - - 497
    - 1
  - - 502
    - 1
  - - 503
    - 3
  - - 505
    - 1
  - - 507
    - 1
  - - 508
    - 2
  - - 509
    - 1
  - - 510
    - 2
  - - 513
    - 3
  - - 514
    - 1
  - - 516
    - 2
  - - 517
    - 1
  - - 518
    - 2
  - - 521
    - 1
  - - 523
    - 1
  - - 526
    - 4
  - - 527
    - 2
  - - 530
    - 1
  - - 535
    - 1
  - - 545
    - 2
  - - 552
    - 1
  - - 555
    - 2
  - - 556
    - 1
  - - 558
    - 1
  - - 559
    - 2
  - - 563
    - 1
  - - 568
    - 1
  - - 569
    - 1
  - - 571
    - 1
  - - 572
    - 2
  - - 573
    - 1
  - - 574
    - 2
  - - 578
    - 2
  - - 580
    - 1
  - - 581
    - 1
  - - 584
    - 1
  - - 589
    - 1
  - - 590
    - 1
  - - 604
    - 1
  - - 606
    - 1
  - - 609
    - 1
  - - 617
    - 1
  - - 618
    - 1
  - - 624
    - 1
  - - 633
    - 1
  - - 635
    - 1
  - - 640
    - 1
  - - 649
    - 1
  - - 664
    - 2
  - - 911
    - 1
  latency_50_percentile: 74.0
  latency_95_percentile: 190.0
  latency_99_5_percentile: 341.0
  latency_99_percentile: 293.0
  max_kubedns_cpu: 636
  max_kubedns_memory: 22
  max_latency: 0.911516
  max_perfserver_cpu: 0
  max_perfserver_memory: 0
  min_latency: 0.001378
  msg: null
  ok: true
  qps: 1160.202414
  queries_completed: 139314
  queries_lost: 0
  queries_sent: 139314
  run_time: 120.077323
  stddev_latency: 0.057537
params:
  max_qps: null
  pod_name: dns-perf-client-858fb7568b-8jqc4
  query_file: all-queries.txt
  run_id: 1777612066
  run_length_seconds: 120
  run_subid: 0
stderr:
- ''
stdout:
- DNS Performance Testing Tool
- Nominum Version 2.1.0.0
- ''
- '[Status] Command line: dnsperf -s 10.0.0.10 -l 120 -d /queries/all-queries.txt'
- '[Status] Sending queries (to 10.0.0.10)'
- '[Status] Started at: Fri May  1 05:08:18 2026'
- '[Status] Stopping after 120.000000 seconds'
- '[Status] Testing complete (time limit)'
- ''
- 'Statistics:'
- ''
- '  Queries sent:         139314'
- '  Queries completed:    139314 (100.00%)'
- '  Queries lost:         0 (0.00%)'
- ''
- '  Response codes:       NOERROR 16716 (12.00%), NXDOMAIN 122598 (88.00%)'
- '  Average packet size:  request 39, response 122'
- '  Run time (s):         120.077323'
- '  Queries per second:   1160.202414'
- ''
- '  Average Latency (s):  0.085963 (min 0.001378, max 0.911516)'
- '  Latency StdDev (s):   0.057537'
- ''
- '  Latency histogram'
- '#histogram 0 0'
- '#histogram 1 18'
- '#histogram 2 113'
- '#histogram 3 191'
- '#histogram 4 289'
- '#histogram 5 330'
- '#histogram 6 341'
- '#histogram 7 403'
- '#histogram 8 445'
- '#histogram 9 465'
- '#histogram 10 459'
- '#histogram 11 527'
- '#histogram 12 519'
- '#histogram 13 528'
- '#histogram 14 532'
- '#histogram 15 522'
- '#histogram 16 563'
- '#histogram 17 588'
- '#histogram 18 602'
- '#histogram 19 611'
- '#histogram 20 616'
- '#histogram 21 658'
- '#histogram 22 676'
- '#histogram 23 801'
- '#histogram 24 732'
- '#histogram 25 763'
- '#histogram 26 801'
- '#histogram 27 811'
- '#histogram 28 860'
- '#histogram 29 838'
- '#histogram 30 918'
- '#histogram 31 927'
- '#histogram 32 994'
- '#histogram 33 932'
- '#histogram 34 959'
- '#histogram 35 984'
- '#histogram 36 1045'
- '#histogram 37 1014'
- '#histogram 38 1083'
- '#histogram 39 1187'
- '#histogram 40 1163'
- '#histogram 41 1175'
- '#histogram 42 1187'
- '#histogram 43 1216'
- '#histogram 44 1235'
- '#histogram 45 1272'
- '#histogram 46 1246'
- '#histogram 47 1309'
- '#histogram 48 1237'
- '#histogram 49 1324'
- '#histogram 50 1339'
- '#histogram 51 1260'
- '#histogram 52 1264'
- '#histogram 53 1291'
- '#histogram 54 1270'
- '#histogram 55 1301'
- '#histogram 56 1298'
- '#histogram 57 1274'
- '#histogram 58 1291'
- '#histogram 59 1321'
- '#histogram 60 1321'
- '#histogram 61 1316'
- '#histogram 62 1341'
- '#histogram 63 1263'
- '#histogram 64 1299'
- '#histogram 65 1380'
- '#histogram 66 1279'
- '#histogram 67 1307'
- '#histogram 68 1219'
- '#histogram 69 1262'
- '#histogram 70 1272'
- '#histogram 71 1270'
- '#histogram 72 1296'
- '#histogram 73 1209'
- '#histogram 74 1218'
- '#histogram 75 1271'
- '#histogram 76 1232'
- '#histogram 77 1188'
- '#histogram 78 1135'
- '#histogram 79 1148'
- '#histogram 80 1158'
- '#histogram 81 1165'
- '#histogram 82 1094'
- '#histogram 83 1073'
- '#histogram 84 1074'
- '#histogram 85 1072'
- '#histogram 86 1046'
- '#histogram 87 1062'
- '#histogram 88 1074'
- '#histogram 89 1069'
- '#histogram 90 1049'
- '#histogram 91 1035'
- '#histogram 92 1010'
- '#histogram 93 995'
- '#histogram 94 1022'
- '#histogram 95 982'
- '#histogram 96 913'
- '#histogram 97 923'
- '#histogram 98 904'
- '#histogram 99 898'
- '#histogram 100 897'
- '#histogram 101 856'
- '#histogram 102 837'
- '#histogram 103 806'
- '#histogram 104 815'
- '#histogram 105 778'
- '#histogram 106 754'
- '#histogram 107 741'
- '#histogram 108 736'
- '#histogram 109 762'
- '#histogram 110 676'
- '#histogram 111 674'
- '#histogram 112 669'
- '#histogram 113 663'
- '#histogram 114 632'
- '#histogram 115 616'
- '#histogram 116 606'
- '#histogram 117 592'
- '#histogram 118 573'
- '#histogram 119 602'
- '#histogram 120 572'
- '#histogram 121 571'
- '#histogram 122 528'
- '#histogram 123 526'
- '#histogram 124 553'
- '#histogram 125 493'
- '#histogram 126 423'
- '#histogram 127 514'
- '#histogram 128 474'
- '#histogram 129 487'
- '#histogram 130 450'
- '#histogram 131 486'
- '#histogram 132 444'
- '#histogram 133 452'
- '#histogram 134 431'
- '#histogram 135 469'
- '#histogram 136 430'
- '#histogram 137 409'
- '#histogram 138 378'
- '#histogram 139 365'
- '#histogram 140 361'
- '#histogram 141 405'
- '#histogram 142 407'
- '#histogram 143 379'
- '#histogram 144 340'
- '#histogram 145 332'
- '#histogram 146 351'
- '#histogram 147 336'
- '#histogram 148 291'
- '#histogram 149 310'
- '#histogram 150 273'
- '#histogram 151 266'
- '#histogram 152 279'
- '#histogram 153 289'
- '#histogram 154 281'
- '#histogram 155 288'
- '#histogram 156 287'
- '#histogram 157 276'
- '#histogram 158 259'
- '#histogram 159 250'
- '#histogram 160 245'
- '#histogram 161 231'
- '#histogram 162 224'
- '#histogram 163 232'
- '#histogram 164 209'
- '#histogram 165 244'
- '#histogram 166 204'
- '#histogram 167 226'
- '#histogram 168 200'
- '#histogram 169 222'
- '#histogram 170 200'
- '#histogram 171 182'
- '#histogram 172 224'
- '#histogram 173 208'
- '#histogram 174 211'
- '#histogram 175 161'
- '#histogram 176 205'
- '#histogram 177 157'
- '#histogram 178 180'
- '#histogram 179 165'
- '#histogram 180 164'
- '#histogram 181 179'
- '#histogram 182 151'
- '#histogram 183 143'
- '#histogram 184 143'
- '#histogram 185 114'
- '#histogram 186 153'
- '#histogram 187 125'
- '#histogram 188 132'
- '#histogram 189 118'
- '#histogram 190 101'
- '#histogram 191 110'
- '#histogram 192 119'
- '#histogram 193 110'
- '#histogram 194 111'
- '#histogram 195 118'
- '#histogram 196 132'
- '#histogram 197 104'
- '#histogram 198 114'
- '#histogram 199 115'
- '#histogram 200 114'
- '#histogram 201 91'
- '#histogram 202 88'
- '#histogram 203 90'
- '#histogram 204 102'
- '#histogram 205 79'
- '#histogram 206 90'
- '#histogram 207 85'
- '#histogram 208 80'
- '#histogram 209 98'
- '#histogram 210 88'
- '#histogram 211 83'
- '#histogram 212 76'
- '#histogram 213 79'
- '#histogram 214 75'
- '#histogram 215 65'
- '#histogram 216 65'
- '#histogram 217 69'
- '#histogram 218 67'
- '#histogram 219 55'
- '#histogram 220 59'
- '#histogram 221 78'
- '#histogram 222 59'
- '#histogram 223 65'
- '#histogram 224 72'
- '#histogram 225 66'
- '#histogram 226 65'
- '#histogram 227 57'
- '#histogram 228 58'
- '#histogram 229 50'
- '#histogram 230 45'
- '#histogram 231 66'
- '#histogram 232 57'
- '#histogram 233 46'
- '#histogram 234 50'
- '#histogram 235 45'
- '#histogram 236 61'
- '#histogram 237 55'
- '#histogram 238 47'
- '#histogram 239 51'
- '#histogram 240 42'
- '#histogram 241 58'
- '#histogram 242 47'
- '#histogram 243 48'
- '#histogram 244 40'
- '#histogram 245 33'
- '#histogram 246 34'
- '#histogram 247 55'
- '#histogram 248 36'
- '#histogram 249 30'
- '#histogram 250 42'
- '#histogram 251 46'
- '#histogram 252 35'
- '#histogram 253 39'
- '#histogram 254 48'
- '#histogram 255 37'
- '#histogram 256 35'
- '#histogram 257 37'
- '#histogram 258 39'
- '#histogram 259 26'
- '#histogram 260 31'
- '#histogram 261 33'
- '#histogram 262 32'
- '#histogram 263 24'
- '#histogram 264 31'
- '#histogram 265 32'
- '#histogram 266 35'
- '#histogram 267 46'
- '#histogram 268 25'
- '#histogram 269 25'
- '#histogram 270 37'
- '#histogram 271 27'
- '#histogram 272 24'
- '#histogram 273 24'
- '#histogram 274 25'
- '#histogram 275 26'
- '#histogram 276 23'
- '#histogram 277 24'
- '#histogram 278 20'
- '#histogram 279 21'
- '#histogram 280 22'
- '#histogram 281 22'
- '#histogram 282 24'
- '#histogram 283 17'
- '#histogram 284 28'
- '#histogram 285 30'
- '#histogram 286 21'
- '#histogram 287 23'
- '#histogram 288 26'
- '#histogram 289 17'
- '#histogram 290 26'
- '#histogram 291 21'
- '#histogram 292 18'
- '#histogram 293 16'
- '#histogram 294 20'
- '#histogram 295 26'
- '#histogram 296 19'
- '#histogram 297 20'
- '#histogram 298 19'
- '#histogram 299 25'
- '#histogram 300 20'
- '#histogram 301 18'
- '#histogram 302 15'
- '#histogram 303 24'
- '#histogram 304 19'
- '#histogram 305 18'
- '#histogram 306 21'
- '#histogram 307 21'
- '#histogram 308 10'
- '#histogram 309 13'
- '#histogram 310 13'
- '#histogram 311 8'
- '#histogram 312 8'
- '#histogram 313 15'
- '#histogram 314 16'
- '#histogram 315 12'
- '#histogram 316 8'
- '#histogram 317 10'
- '#histogram 318 17'
- '#histogram 319 17'
- '#histogram 320 15'
- '#histogram 321 18'
- '#histogram 322 20'
- '#histogram 323 15'
- '#histogram 324 6'
- '#histogram 325 11'
- '#histogram 326 10'
- '#histogram 327 18'
- '#histogram 328 7'
- '#histogram 329 14'
- '#histogram 330 11'
- '#histogram 331 16'
- '#histogram 332 15'
- '#histogram 333 16'
- '#histogram 334 9'
- '#histogram 335 6'
- '#histogram 336 9'
- '#histogram 337 16'
- '#histogram 338 13'
- '#histogram 339 6'
- '#histogram 340 7'
- '#histogram 341 11'
- '#histogram 342 9'
- '#histogram 343 7'
- '#histogram 344 8'
- '#histogram 345 9'
- '#histogram 346 8'
- '#histogram 347 3'
- '#histogram 348 6'
- '#histogram 349 5'
- '#histogram 350 11'
- '#histogram 351 15'
- '#histogram 352 6'
- '#histogram 353 10'
- '#histogram 354 10'
- '#histogram 355 11'
- '#histogram 356 8'
- '#histogram 357 5'
- '#histogram 358 8'
- '#histogram 359 8'
- '#histogram 360 7'
- '#histogram 361 3'
- '#histogram 362 8'
- '#histogram 363 3'
- '#histogram 364 6'
- '#histogram 365 9'
- '#histogram 366 11'
- '#histogram 367 10'
- '#histogram 368 7'
- '#histogram 369 13'
- '#histogram 370 5'
- '#histogram 371 6'
- '#histogram 372 9'
- '#histogram 373 6'
- '#histogram 374 4'
- '#histogram 375 6'
- '#histogram 376 3'
- '#histogram 377 2'
- '#histogram 378 6'
- '#histogram 379 6'
- '#histogram 380 5'
- '#histogram 381 3'
- '#histogram 382 11'
- '#histogram 383 7'
- '#histogram 384 9'
- '#histogram 385 10'
- '#histogram 386 10'
- '#histogram 387 3'
- '#histogram 388 3'
- '#histogram 389 8'
- '#histogram 390 3'
- '#histogram 391 2'
- '#histogram 392 8'
- '#histogram 393 4'
- '#histogram 394 9'
- '#histogram 395 3'
- '#histogram 396 5'
- '#histogram 397 5'
- '#histogram 398 1'
- '#histogram 399 1'
- '#histogram 400 4'
- '#histogram 401 7'
- '#histogram 402 5'
- '#histogram 403 3'
- '#histogram 404 3'
- '#histogram 405 4'
- '#histogram 406 3'
- '#histogram 407 5'
- '#histogram 408 1'
- '#histogram 409 4'
- '#histogram 410 2'
- '#histogram 411 4'
- '#histogram 412 2'
- '#histogram 413 4'
- '#histogram 414 1'
- '#histogram 415 8'
- '#histogram 416 6'
- '#histogram 417 5'
- '#histogram 418 4'
- '#histogram 419 2'
- '#histogram 420 5'
- '#histogram 421 3'
- '#histogram 422 2'
- '#histogram 423 5'
- '#histogram 424 3'
- '#histogram 425 3'
- '#histogram 426 4'
- '#histogram 427 2'
- '#histogram 428 4'
- '#histogram 429 4'
- '#histogram 430 3'
- '#histogram 431 2'
- '#histogram 432 4'
- '#histogram 433 4'
- '#histogram 434 3'
- '#histogram 435 5'
- '#histogram 436 2'
- '#histogram 437 4'
- '#histogram 438 3'
- '#histogram 439 2'
- '#histogram 440 1'
- '#histogram 441 7'
- '#histogram 442 4'
- '#histogram 443 1'
- '#histogram 444 2'
- '#histogram 445 3'
- '#histogram 446 3'
- '#histogram 447 3'
- '#histogram 448 4'
- '#histogram 449 1'
- '#histogram 450 4'
- '#histogram 451 2'
- '#histogram 453 2'
- '#histogram 454 2'
- '#histogram 455 3'
- '#histogram 456 5'
- '#histogram 457 1'
- '#histogram 458 2'
- '#histogram 460 1'
- '#histogram 461 1'
- '#histogram 462 3'
- '#histogram 463 1'
- '#histogram 464 1'
- '#histogram 466 2'
- '#histogram 467 1'
- '#histogram 468 1'
- '#histogram 469 2'
- '#histogram 470 3'
- '#histogram 471 1'
- '#histogram 472 1'
- '#histogram 474 1'
- '#histogram 475 2'
- '#histogram 476 1'
- '#histogram 477 2'
- '#histogram 478 3'
- '#histogram 481 2'
- '#histogram 484 2'
- '#histogram 485 3'
- '#histogram 488 1'
- '#histogram 489 2'
- '#histogram 492 1'
- '#histogram 493 1'
- '#histogram 494 1'
- '#histogram 495 1'
- '#histogram 497 1'
- '#histogram 502 1'
- '#histogram 503 3'
- '#histogram 505 1'
- '#histogram 507 1'
- '#histogram 508 2'
- '#histogram 509 1'
- '#histogram 510 2'
- '#histogram 513 3'
- '#histogram 514 1'
- '#histogram 516 2'
- '#histogram 517 1'
- '#histogram 518 2'
- '#histogram 521 1'
- '#histogram 523 1'
- '#histogram 526 4'
- '#histogram 527 2'
- '#histogram 530 1'
- '#histogram 535 1'
- '#histogram 545 2'
- '#histogram 552 1'
- '#histogram 555 2'
- '#histogram 556 1'
- '#histogram 558 1'
- '#histogram 559 2'
- '#histogram 563 1'
- '#histogram 568 1'
- '#histogram 569 1'
- '#histogram 571 1'
- '#histogram 572 2'
- '#histogram 573 1'
- '#histogram 574 2'
- '#histogram 578 2'
- '#histogram 580 1'
- '#histogram 581 1'
- '#histogram 584 1'
- '#histogram 589 1'
- '#histogram 590 1'
- '#histogram 604 1'
- '#histogram 606 1'
- '#histogram 609 1'
- '#histogram 617 1'
- '#histogram 618 1'
- '#histogram 624 1'
- '#histogram 633 1'
- '#histogram 635 1'
- '#histogram 640 1'
- '#histogram 649 1'
- '#histogram 664 2'
- '#histogram 911 1'
- ''
