code: 0
data:
  avg_latency: 0.196125
  histogram:
  - - 0
    - 0
  - - 16
    - 2
  - - 17
    - 1
  - - 18
    - 5
  - - 19
    - 5
  - - 20
    - 6
  - - 21
    - 3
  - - 22
    - 4
  - - 23
    - 2
  - - 24
    - 7
  - - 25
    - 12
  - - 26
    - 6
  - - 27
    - 15
  - - 28
    - 12
  - - 29
    - 8
  - - 30
    - 13
  - - 31
    - 10
  - - 32
    - 11
  - - 33
    - 8
  - - 34
    - 17
  - - 35
    - 24
  - - 36
    - 32
  - - 37
    - 17
  - - 38
    - 27
  - - 39
    - 21
  - - 40
    - 28
  - - 41
    - 37
  - - 42
    - 28
  - - 43
    - 15
  - - 44
    - 31
  - - 45
    - 39
  - - 46
    - 43
  - - 47
    - 49
  - - 48
    - 65
  - - 49
    - 51
  - - 50
    - 63
  - - 51
    - 76
  - - 52
    - 62
  - - 53
    - 68
  - - 54
    - 73
  - - 55
    - 88
  - - 56
    - 86
  - - 57
    - 101
  - - 58
    - 104
  - - 59
    - 84
  - - 60
    - 88
  - - 61
    - 104
  - - 62
    - 104
  - - 63
    - 124
  - - 64
    - 97
  - - 65
    - 132
  - - 66
    - 132
  - - 67
    - 136
  - - 68
    - 127
  - - 69
    - 135
  - - 70
    - 165
  - - 71
    - 147
  - - 72
    - 161
  - - 73
    - 149
  - - 74
    - 148
  - - 75
    - 205
  - - 76
    - 165
  - - 77
    - 172
  - - 78
    - 207
  - - 79
    - 180
  - - 80
    - 197
  - - 81
    - 192
  - - 82
    - 210
  - - 83
    - 191
  - - 84
    - 264
  - - 85
    - 222
  - - 86
    - 206
  - - 87
    - 241
  - - 88
    - 242
  - - 89
    - 235
  - - 90
    - 256
  - - 91
    - 257
  - - 92
    - 274
  - - 93
    - 245
  - - 94
    - 277
  - - 95
    - 301
  - - 96
    - 283
  - - 97
    - 285
  - - 98
    - 290
  - - 99
    - 301
  - - 100
    - 296
  - - 101
    - 308
  - - 102
    - 292
  - - 103
    - 318
  - - 104
    - 319
  - - 105
    - 353
  - - 106
    - 304
  - - 107
    - 313
  - - 108
    - 296
  - - 109
    - 290
  - - 110
    - 324
  - - 111
    - 302
  - - 112
    - 300
  - - 113
    - 314
  - - 114
    - 333
  - - 115
    - 314
  - - 116
    - 321
  - - 117
    - 318
  - - 118
    - 323
  - - 119
    - 343
  - - 120
    - 315
  - - 121
    - 300
  - - 122
    - 305
  - - 123
    - 305
  - - 124
    - 299
  - - 125
    - 309
  - - 126
    - 295
  - - 127
    - 303
  - - 128
    - 274
  - - 129
    - 305
  - - 130
    - 297
  - - 131
    - 330
  - - 132
    - 349
  - - 133
    - 320
  - - 134
    - 313
  - - 135
    - 327
  - - 136
    - 303
  - - 137
    - 329
  - - 138
    - 340
  - - 139
    - 268
  - - 140
    - 302
  - - 141
    - 292
  - - 142
    - 290
  - - 143
    - 295
  - - 144
    - 310
  - - 145
    - 298
  - - 146
    - 281
  - - 147
    - 333
  - - 148
    - 305
  - - 149
    - 283
  - - 150
    - 354
  - - 151
    - 295
  - - 152
    - 297
  - - 153
    - 315
  - - 154
    - 311
  - - 155
    - 297
  - - 156
    - 317
  - - 157
    - 266
  - - 158
    - 288
  - - 159
    - 316
  - - 160
    - 317
  - - 161
    - 300
  - - 162
    - 237
  - - 163
    - 295
  - - 164
    - 297
  - - 165
    - 260
  - - 166
    - 256
  - - 167
    - 255
  - - 168
    - 297
  - - 169
    - 263
  - - 170
    - 273
  - - 171
    - 282
  - - 172
    - 294
  - - 173
    - 258
  - - 174
    - 266
  - - 175
    - 284
  - - 176
    - 274
  - - 177
    - 282
  - - 178
    - 262
  - - 179
    - 236
  - - 180
    - 234
  - - 181
    - 258
  - - 182
    - 256
  - - 183
    - 302
  - - 184
    - 243
  - - 185
    - 271
  - - 186
    - 259
  - - 187
    - 269
  - - 188
    - 224
  - - 189
    - 225
  - - 190
    - 262
  - - 191
    - 280
  - - 192
    - 274
  - - 193
    - 222
  - - 194
    - 211
  - - 195
    - 237
  - - 196
    - 227
  - - 197
    - 265
  - - 198
    - 257
  - - 199
    - 215
  - - 200
    - 254
  - - 201
    - 223
  - - 202
    - 233
  - - 203
    - 233
  - - 204
    - 227
  - - 205
    - 215
  - - 206
    - 202
  - - 207
    - 225
  - - 208
    - 210
  - - 209
    - 227
  - - 210
    - 185
  - - 211
    - 204
  - - 212
    - 181
  - - 213
    - 178
  - - 214
    - 199
  - - 215
    - 217
  - - 216
    - 187
  - - 217
    - 193
  - - 218
    - 188
  - - 219
    - 183
  - - 220
    - 159
  - - 221
    - 170
  - - 222
    - 173
  - - 223
    - 180
  - - 224
    - 152
  - - 225
    - 158
  - - 226
    - 182
  - - 227
    - 153
  - - 228
    - 185
  - - 229
    - 136
  - - 230
    - 183
  - - 231
    - 184
  - - 232
    - 176
  - - 233
    - 173
  - - 234
    - 141
  - - 235
    - 140
  - - 236
    - 169
  - - 237
    - 163
  - - 238
    - 150
  - - 239
    - 168
  - - 240
    - 155
  - - 241
    - 174
  - - 242
    - 159
  - - 243
    - 137
  - - 244
    - 166
  - - 245
    - 153
  - - 246
    - 134
  - - 247
    - 131
  - - 248
    - 151
  - - 249
    - 132
  - - 250
    - 144
  - - 251
    - 132
  - - 252
    - 138
  - - 253
    - 120
  - - 254
    - 149
  - - 255
    - 139
  - - 256
    - 130
  - - 257
    - 120
  - - 258
    - 136
  - - 259
    - 93
  - - 260
    - 151
  - - 261
    - 120
  - - 262
    - 102
  - - 263
    - 137
  - - 264
    - 112
  - - 265
    - 111
  - - 266
    - 125
  - - 267
    - 105
  - - 268
    - 114
  - - 269
    - 79
  - - 270
    - 80
  - - 271
    - 93
  - - 272
    - 95
  - - 273
    - 104
  - - 274
    - 90
  - - 275
    - 115
  - - 276
    - 117
  - - 277
    - 114
  - - 278
    - 117
  - - 279
    - 104
  - - 280
    - 116
  - - 281
    - 100
  - - 282
    - 112
  - - 283
    - 99
  - - 284
    - 93
  - - 285
    - 87
  - - 286
    - 113
  - - 287
    - 105
  - - 288
    - 99
  - - 289
    - 109
  - - 290
    - 99
  - - 291
    - 85
  - - 292
    - 83
  - - 293
    - 92
  - - 294
    - 93
  - - 295
    - 85
  - - 296
    - 94
  - - 297
    - 84
  - - 298
    - 89
  - - 299
    - 95
  - - 300
    - 86
  - - 301
    - 89
  - - 302
    - 80
  - - 303
    - 71
  - - 304
    - 79
  - - 305
    - 63
  - - 306
    - 92
  - - 307
    - 59
  - - 308
    - 63
  - - 309
    - 67
  - - 310
    - 77
  - - 311
    - 64
  - - 312
    - 76
  - - 313
    - 75
  - - 314
    - 72
  - - 315
    - 60
  - - 316
    - 62
  - - 317
    - 59
  - - 318
    - 63
  - - 319
    - 72
  - - 320
    - 56
  - - 321
    - 63
  - - 322
    - 68
  - - 323
    - 63
  - - 324
    - 76
  - - 325
    - 77
  - - 326
    - 63
  - - 327
    - 55
  - - 328
    - 63
  - - 329
    - 70
  - - 330
    - 63
  - - 331
    - 71
  - - 332
    - 58
  - - 333
    - 65
  - - 334
    - 51
  - - 335
    - 57
  - - 336
    - 55
  - - 337
    - 41
  - - 338
    - 45
  - - 339
    - 49
  - - 340
    - 43
  - - 341
    - 49
  - - 342
    - 54
  - - 343
    - 32
  - - 344
    - 47
  - - 345
    - 52
  - - 346
    - 43
  - - 347
    - 50
  - - 348
    - 50
  - - 349
    - 57
  - - 350
    - 48
  - - 351
    - 61
  - - 352
    - 46
  - - 353
    - 36
  - - 354
    - 47
  - - 355
    - 46
  - - 356
    - 44
  - - 357
    - 55
  - - 358
    - 40
  - - 359
    - 30
  - - 360
    - 41
  - - 361
    - 39
  - - 362
    - 38
  - - 363
    - 35
  - - 364
    - 38
  - - 365
    - 34
  - - 366
    - 30
  - - 367
    - 51
  - - 368
    - 41
  - - 369
    - 33
  - - 370
    - 40
  - - 371
    - 37
  - - 372
    - 27
  - - 373
    - 33
  - - 374
    - 35
  - - 375
    - 30
  - - 376
    - 28
  - - 377
    - 45
  - - 378
    - 37
  - - 379
    - 32
  - - 380
    - 39
  - - 381
    - 37
  - - 382
    - 43
  - - 383
    - 47
  - - 384
    - 36
  - - 385
    - 31
  - - 386
    - 33
  - - 387
    - 24
  - - 388
    - 21
  - - 389
    - 43
  - - 390
    - 26
  - - 391
    - 25
  - - 392
    - 24
  - - 393
    - 32
  - - 394
    - 38
  - - 395
    - 34
  - - 396
    - 46
  - - 397
    - 31
  - - 398
    - 30
  - - 399
    - 24
  - - 400
    - 31
  - - 401
    - 38
  - - 402
    - 29
  - - 403
    - 19
  - - 404
    - 32
  - - 405
    - 29
  - - 406
    - 24
  - - 407
    - 20
  - - 408
    - 28
  - - 409
    - 30
  - - 410
    - 26
  - - 411
    - 32
  - - 412
    - 20
  - - 413
    - 21
  - - 414
    - 27
  - - 415
    - 25
  - - 416
    - 20
  - - 417
    - 21
  - - 418
    - 22
  - - 419
    - 26
  - - 420
    - 17
  - - 421
    - 23
  - - 422
    - 23
  - - 423
    - 18
  - - 424
    - 21
  - - 425
    - 22
  - - 426
    - 31
  - - 427
    - 21
  - - 428
    - 23
  - - 429
    - 27
  - - 430
    - 29
  - - 431
    - 15
  - - 432
    - 25
  - - 433
    - 29
  - - 434
    - 16
  - - 435
    - 36
  - - 436
    - 24
  - - 437
    - 16
  - - 438
    - 19
  - - 439
    - 26
  - - 440
    - 16
  - - 441
    - 17
  - - 442
    - 16
  - - 443
    - 23
  - - 444
    - 25
  - - 445
    - 32
  - - 446
    - 12
  - - 447
    - 21
  - - 448
    - 18
  - - 449
    - 17
  - - 450
    - 19
  - - 451
    - 23
  - - 452
    - 14
  - - 453
    - 19
  - - 454
    - 18
  - - 455
    - 21
  - - 456
    - 21
  - - 457
    - 18
  - - 458
    - 16
  - - 459
    - 17
  - - 460
    - 19
  - - 461
    - 22
  - - 462
    - 17
  - - 463
    - 16
  - - 464
    - 15
  - - 465
    - 20
  - - 466
    - 18
  - - 467
    - 15
  - - 468
    - 13
  - - 469
    - 6
  - - 470
    - 11
  - - 471
    - 6
  - - 472
    - 14
  - - 473
    - 27
  - - 474
    - 13
  - - 475
    - 21
  - - 476
    - 16
  - - 477
    - 13
  - - 478
    - 20
  - - 479
    - 18
  - - 480
    - 18
  - - 481
    - 18
  - - 482
    - 12
  - - 483
    - 14
  - - 484
    - 18
  - - 485
    - 20
  - - 486
    - 20
  - - 487
    - 13
  - - 488
    - 15
  - - 489
    - 20
  - - 490
    - 13
  - - 491
    - 13
  - - 492
    - 10
  - - 493
    - 18
  - - 494
    - 15
  - - 495
    - 12
  - - 496
    - 10
  - - 497
    - 10
  - - 498
    - 13
  - - 499
    - 10
  - - 500
    - 13
  - - 501
    - 13
  - - 502
    - 18
  - - 503
    - 11
  - - 504
    - 22
  - - 505
    - 12
  - - 506
    - 16
  - - 507
    - 13
  - - 508
    - 16
  - - 509
    - 14
  - - 510
    - 17
  - - 511
    - 22
  - - 512
    - 11
  - - 513
    - 11
  - - 514
    - 16
  - - 515
    - 17
  - - 516
    - 11
  - - 517
    - 14
  - - 518
    - 14
  - - 519
    - 16
  - - 520
    - 18
  - - 521
    - 15
  - - 522
    - 9
  - - 523
    - 8
  - - 524
    - 11
  - - 525
    - 12
  - - 526
    - 10
  - - 527
    - 14
  - - 528
    - 4
  - - 529
    - 5
  - - 530
    - 13
  - - 531
    - 8
  - - 532
    - 4
  - - 533
    - 8
  - - 534
    - 16
  - - 535
    - 10
  - - 536
    - 14
  - - 537
    - 6
  - - 538
    - 12
  - - 539
    - 15
  - - 540
    - 12
  - - 541
    - 11
  - - 542
    - 6
  - - 543
    - 5
  - - 544
    - 10
  - - 545
    - 5
  - - 546
    - 6
  - - 547
    - 4
  - - 548
    - 5
  - - 549
    - 5
  - - 550
    - 10
  - - 551
    - 15
  - - 552
    - 7
  - - 553
    - 8
  - - 554
    - 6
  - - 555
    - 17
  - - 556
    - 4
  - - 557
    - 9
  - - 558
    - 12
  - - 559
    - 8
  - - 560
    - 8
  - - 561
    - 5
  - - 562
    - 6
  - - 563
    - 8
  - - 564
    - 4
  - - 565
    - 10
  - - 566
    - 6
  - - 567
    - 8
  - - 568
    - 8
  - - 569
    - 9
  - - 570
    - 10
  - - 571
    - 14
  - - 572
    - 6
  - - 573
    - 9
  - - 574
    - 8
  - - 575
    - 5
  - - 576
    - 6
  - - 577
    - 8
  - - 578
    - 7
  - - 579
    - 7
  - - 580
    - 6
  - - 581
    - 8
  - - 582
    - 6
  - - 583
    - 10
  - - 584
    - 12
  - - 585
    - 6
  - - 586
    - 7
  - - 587
    - 5
  - - 588
    - 10
  - - 589
    - 7
  - - 590
    - 7
  - - 591
    - 9
  - - 592
    - 1
  - - 593
    - 6
  - - 594
    - 8
  - - 595
    - 5
  - - 596
    - 7
  - - 597
    - 8
  - - 598
    - 6
  - - 599
    - 3
  - - 600
    - 14
  - - 601
    - 8
  - - 602
    - 4
  - - 603
    - 5
  - - 604
    - 3
  - - 605
    - 7
  - - 606
    - 6
  - - 607
    - 6
  - - 608
    - 7
  - - 609
    - 4
  - - 610
    - 3
  - - 611
    - 8
  - - 612
    - 8
  - - 613
    - 2
  - - 614
    - 6
  - - 615
    - 5
  - - 616
    - 5
  - - 617
    - 5
  - - 618
    - 5
  - - 619
    - 3
  - - 620
    - 7
  - - 621
    - 9
  - - 622
    - 6
  - - 623
    - 2
  - - 624
    - 3
  - - 625
    - 6
  - - 626
    - 5
  - - 627
    - 5
  - - 628
    - 7
  - - 629
    - 10
  - - 630
    - 5
  - - 631
    - 10
  - - 632
    - 2
  - - 633
    - 5
  - - 634
    - 9
  - - 635
    - 6
  - - 636
    - 6
  - - 637
    - 2
  - - 638
    - 7
  - - 639
    - 3
  - - 640
    - 13
  - - 641
    - 4
  - - 642
    - 6
  - - 643
    - 2
  - - 644
    - 4
  - - 645
    - 6
  - - 646
    - 5
  - - 647
    - 4
  - - 648
    - 2
  - - 649
    - 1
  - - 650
    - 3
  - - 651
    - 3
  - - 652
    - 6
  - - 653
    - 2
  - - 654
    - 4
  - - 655
    - 4
  - - 656
    - 3
  - - 657
    - 3
  - - 658
    - 2
  - - 659
    - 2
  - - 660
    - 1
  - - 661
    - 6
  - - 662
    - 6
  - - 663
    - 3
  - - 664
    - 3
  - - 665
    - 1
  - - 666
    - 5
  - - 667
    - 5
  - - 668
    - 2
  - - 669
    - 7
  - - 670
    - 3
  - - 671
    - 1
  - - 672
    - 3
  - - 673
    - 2
  - - 675
    - 4
  - - 676
    - 2
  - - 677
    - 6
  - - 678
    - 1
  - - 679
    - 2
  - - 680
    - 3
  - - 681
    - 1
  - - 682
    - 3
  - - 683
    - 2
  - - 684
    - 2
  - - 685
    - 2
  - - 686
    - 2
  - - 687
    - 2
  - - 688
    - 3
  - - 689
    - 1
  - - 690
    - 2
  - - 691
    - 1
  - - 692
    - 2
  - - 693
    - 4
  - - 694
    - 1
  - - 695
    - 4
  - - 696
    - 2
  - - 697
    - 3
  - - 699
    - 3
  - - 701
    - 1
  - - 702
    - 2
  - - 703
    - 2
  - - 704
    - 3
  - - 705
    - 2
  - - 706
    - 3
  - - 707
    - 1
  - - 709
    - 1
  - - 711
    - 2
  - - 712
    - 1
  - - 713
    - 1
  - - 714
    - 2
  - - 715
    - 2
  - - 716
    - 1
  - - 717
    - 1
  - - 718
    - 2
  - - 719
    - 1
  - - 720
    - 4
  - - 721
    - 1
  - - 722
    - 2
  - - 723
    - 3
  - - 724
    - 6
  - - 725
    - 1
  - - 726
    - 1
  - - 727
    - 1
  - - 728
    - 1
  - - 731
    - 3
  - - 732
    - 3
  - - 733
    - 4
  - - 734
    - 2
  - - 735
    - 1
  - - 736
    - 1
  - - 737
    - 1
  - - 738
    - 3
  - - 739
    - 1
  - - 740
    - 2
  - - 741
    - 2
  - - 742
    - 1
  - - 743
    - 2
  - - 747
    - 3
  - - 749
    - 4
  - - 750
    - 3
  - - 751
    - 3
  - - 752
    - 2
  - - 753
    - 1
  - - 754
    - 3
  - - 758
    - 1
  - - 759
    - 3
  - - 760
    - 2
  - - 761
    - 1
  - - 762
    - 1
  - - 763
    - 1
  - - 764
    - 1
  - - 765
    - 1
  - - 767
    - 1
  - - 769
    - 2
  - - 770
    - 1
  - - 771
    - 1
  - - 772
    - 1
  - - 773
    - 1
  - - 774
    - 2
  - - 776
    - 2
  - - 777
    - 2
  - - 779
    - 5
  - - 780
    - 4
  - - 781
    - 3
  - - 782
    - 1
  - - 783
    - 2
  - - 784
    - 2
  - - 785
    - 2
  - - 788
    - 3
  - - 790
    - 2
  - - 791
    - 2
  - - 792
    - 3
  - - 794
    - 1
  - - 795
    - 1
  - - 800
    - 1
  - - 802
    - 2
  - - 803
    - 1
  - - 804
    - 1
  - - 805
    - 1
  - - 808
    - 2
  - - 809
    - 1
  - - 810
    - 1
  - - 811
    - 1
  - - 812
    - 3
  - - 813
    - 1
  - - 815
    - 1
  - - 816
    - 2
  - - 818
    - 1
  - - 820
    - 3
  - - 822
    - 1
  - - 826
    - 1
  - - 827
    - 1
  - - 828
    - 2
  - - 829
    - 2
  - - 833
    - 1
  - - 835
    - 1
  - - 837
    - 2
  - - 838
    - 1
  - - 843
    - 2
  - - 846
    - 1
  - - 852
    - 1
  - - 853
    - 1
  - - 854
    - 1
  - - 859
    - 1
  - - 864
    - 1
  - - 879
    - 1
  - - 909
    - 1
  - - 925
    - 1
  - - 927
    - 1
  - - 931
    - 1
  - - 939
    - 1
  - - 948
    - 1
  - - 951
    - 1
  - - 1015
    - 1
  - - 1020
    - 1
  - - 1037
    - 1
  - - 1073
    - 1
  - - 1097
    - 1
  latency_50_percentile: 169.0
  latency_95_percentile: 419.0
  latency_99_5_percentile: 661.0
  latency_99_percentile: 600.0
  max_kubedns_cpu: 667
  max_kubedns_memory: 32
  max_latency: 1.097946
  max_perfserver_cpu: 0
  max_perfserver_memory: 0
  min_latency: 0.01615
  msg: null
  ok: true
  qps: 509.160041
  queries_completed: 61178
  queries_lost: 0
  queries_sent: 61178
  run_time: 120.154755
  stddev_latency: 0.111742
params:
  max_qps: null
  pod_name: dns-perf-client-858fb7568b-pdnd7
  query_file: all-queries.txt
  run_id: 1777670420
  run_length_seconds: 120
  run_subid: 0
stderr:
- ''
stdout:
- DNS Performance Testing Tool
- Nominum Version 2.1.0.0
- ''
- '[Status] Command line: dnsperf -s 10.0.0.10 -l 120 -d /queries/all-queries.txt'
- '[Status] Sending queries (to 10.0.0.10)'
- '[Status] Started at: Fri May  1 21:20:52 2026'
- '[Status] Stopping after 120.000000 seconds'
- '[Status] Testing complete (time limit)'
- ''
- 'Statistics:'
- ''
- '  Queries sent:         61178'
- '  Queries completed:    61178 (100.00%)'
- '  Queries lost:         0 (0.00%)'
- ''
- '  Response codes:       NOERROR 7341 (12.00%), NXDOMAIN 53837 (88.00%)'
- '  Average packet size:  request 38, response 122'
- '  Run time (s):         120.154755'
- '  Queries per second:   509.160041'
- ''
- '  Average Latency (s):  0.196125 (min 0.016150, max 1.097946)'
- '  Latency StdDev (s):   0.111742'
- ''
- '  Latency histogram'
- '#histogram 0 0'
- '#histogram 16 2'
- '#histogram 17 1'
- '#histogram 18 5'
- '#histogram 19 5'
- '#histogram 20 6'
- '#histogram 21 3'
- '#histogram 22 4'
- '#histogram 23 2'
- '#histogram 24 7'
- '#histogram 25 12'
- '#histogram 26 6'
- '#histogram 27 15'
- '#histogram 28 12'
- '#histogram 29 8'
- '#histogram 30 13'
- '#histogram 31 10'
- '#histogram 32 11'
- '#histogram 33 8'
- '#histogram 34 17'
- '#histogram 35 24'
- '#histogram 36 32'
- '#histogram 37 17'
- '#histogram 38 27'
- '#histogram 39 21'
- '#histogram 40 28'
- '#histogram 41 37'
- '#histogram 42 28'
- '#histogram 43 15'
- '#histogram 44 31'
- '#histogram 45 39'
- '#histogram 46 43'
- '#histogram 47 49'
- '#histogram 48 65'
- '#histogram 49 51'
- '#histogram 50 63'
- '#histogram 51 76'
- '#histogram 52 62'
- '#histogram 53 68'
- '#histogram 54 73'
- '#histogram 55 88'
- '#histogram 56 86'
- '#histogram 57 101'
- '#histogram 58 104'
- '#histogram 59 84'
- '#histogram 60 88'
- '#histogram 61 104'
- '#histogram 62 104'
- '#histogram 63 124'
- '#histogram 64 97'
- '#histogram 65 132'
- '#histogram 66 132'
- '#histogram 67 136'
- '#histogram 68 127'
- '#histogram 69 135'
- '#histogram 70 165'
- '#histogram 71 147'
- '#histogram 72 161'
- '#histogram 73 149'
- '#histogram 74 148'
- '#histogram 75 205'
- '#histogram 76 165'
- '#histogram 77 172'
- '#histogram 78 207'
- '#histogram 79 180'
- '#histogram 80 197'
- '#histogram 81 192'
- '#histogram 82 210'
- '#histogram 83 191'
- '#histogram 84 264'
- '#histogram 85 222'
- '#histogram 86 206'
- '#histogram 87 241'
- '#histogram 88 242'
- '#histogram 89 235'
- '#histogram 90 256'
- '#histogram 91 257'
- '#histogram 92 274'
- '#histogram 93 245'
- '#histogram 94 277'
- '#histogram 95 301'
- '#histogram 96 283'
- '#histogram 97 285'
- '#histogram 98 290'
- '#histogram 99 301'
- '#histogram 100 296'
- '#histogram 101 308'
- '#histogram 102 292'
- '#histogram 103 318'
- '#histogram 104 319'
- '#histogram 105 353'
- '#histogram 106 304'
- '#histogram 107 313'
- '#histogram 108 296'
- '#histogram 109 290'
- '#histogram 110 324'
- '#histogram 111 302'
- '#histogram 112 300'
- '#histogram 113 314'
- '#histogram 114 333'
- '#histogram 115 314'
- '#histogram 116 321'
- '#histogram 117 318'
- '#histogram 118 323'
- '#histogram 119 343'
- '#histogram 120 315'
- '#histogram 121 300'
- '#histogram 122 305'
- '#histogram 123 305'
- '#histogram 124 299'
- '#histogram 125 309'
- '#histogram 126 295'
- '#histogram 127 303'
- '#histogram 128 274'
- '#histogram 129 305'
- '#histogram 130 297'
- '#histogram 131 330'
- '#histogram 132 349'
- '#histogram 133 320'
- '#histogram 134 313'
- '#histogram 135 327'
- '#histogram 136 303'
- '#histogram 137 329'
- '#histogram 138 340'
- '#histogram 139 268'
- '#histogram 140 302'
- '#histogram 141 292'
- '#histogram 142 290'
- '#histogram 143 295'
- '#histogram 144 310'
- '#histogram 145 298'
- '#histogram 146 281'
- '#histogram 147 333'
- '#histogram 148 305'
- '#histogram 149 283'
- '#histogram 150 354'
- '#histogram 151 295'
- '#histogram 152 297'
- '#histogram 153 315'
- '#histogram 154 311'
- '#histogram 155 297'
- '#histogram 156 317'
- '#histogram 157 266'
- '#histogram 158 288'
- '#histogram 159 316'
- '#histogram 160 317'
- '#histogram 161 300'
- '#histogram 162 237'
- '#histogram 163 295'
- '#histogram 164 297'
- '#histogram 165 260'
- '#histogram 166 256'
- '#histogram 167 255'
- '#histogram 168 297'
- '#histogram 169 263'
- '#histogram 170 273'
- '#histogram 171 282'
- '#histogram 172 294'
- '#histogram 173 258'
- '#histogram 174 266'
- '#histogram 175 284'
- '#histogram 176 274'
- '#histogram 177 282'
- '#histogram 178 262'
- '#histogram 179 236'
- '#histogram 180 234'
- '#histogram 181 258'
- '#histogram 182 256'
- '#histogram 183 302'
- '#histogram 184 243'
- '#histogram 185 271'
- '#histogram 186 259'
- '#histogram 187 269'
- '#histogram 188 224'
- '#histogram 189 225'
- '#histogram 190 262'
- '#histogram 191 280'
- '#histogram 192 274'
- '#histogram 193 222'
- '#histogram 194 211'
- '#histogram 195 237'
- '#histogram 196 227'
- '#histogram 197 265'
- '#histogram 198 257'
- '#histogram 199 215'
- '#histogram 200 254'
- '#histogram 201 223'
- '#histogram 202 233'
- '#histogram 203 233'
- '#histogram 204 227'
- '#histogram 205 215'
- '#histogram 206 202'
- '#histogram 207 225'
- '#histogram 208 210'
- '#histogram 209 227'
- '#histogram 210 185'
- '#histogram 211 204'
- '#histogram 212 181'
- '#histogram 213 178'
- '#histogram 214 199'
- '#histogram 215 217'
- '#histogram 216 187'
- '#histogram 217 193'
- '#histogram 218 188'
- '#histogram 219 183'
- '#histogram 220 159'
- '#histogram 221 170'
- '#histogram 222 173'
- '#histogram 223 180'
- '#histogram 224 152'
- '#histogram 225 158'
- '#histogram 226 182'
- '#histogram 227 153'
- '#histogram 228 185'
- '#histogram 229 136'
- '#histogram 230 183'
- '#histogram 231 184'
- '#histogram 232 176'
- '#histogram 233 173'
- '#histogram 234 141'
- '#histogram 235 140'
- '#histogram 236 169'
- '#histogram 237 163'
- '#histogram 238 150'
- '#histogram 239 168'
- '#histogram 240 155'
- '#histogram 241 174'
- '#histogram 242 159'
- '#histogram 243 137'
- '#histogram 244 166'
- '#histogram 245 153'
- '#histogram 246 134'
- '#histogram 247 131'
- '#histogram 248 151'
- '#histogram 249 132'
- '#histogram 250 144'
- '#histogram 251 132'
- '#histogram 252 138'
- '#histogram 253 120'
- '#histogram 254 149'
- '#histogram 255 139'
- '#histogram 256 130'
- '#histogram 257 120'
- '#histogram 258 136'
- '#histogram 259 93'
- '#histogram 260 151'
- '#histogram 261 120'
- '#histogram 262 102'
- '#histogram 263 137'
- '#histogram 264 112'
- '#histogram 265 111'
- '#histogram 266 125'
- '#histogram 267 105'
- '#histogram 268 114'
- '#histogram 269 79'
- '#histogram 270 80'
- '#histogram 271 93'
- '#histogram 272 95'
- '#histogram 273 104'
- '#histogram 274 90'
- '#histogram 275 115'
- '#histogram 276 117'
- '#histogram 277 114'
- '#histogram 278 117'
- '#histogram 279 104'
- '#histogram 280 116'
- '#histogram 281 100'
- '#histogram 282 112'
- '#histogram 283 99'
- '#histogram 284 93'
- '#histogram 285 87'
- '#histogram 286 113'
- '#histogram 287 105'
- '#histogram 288 99'
- '#histogram 289 109'
- '#histogram 290 99'
- '#histogram 291 85'
- '#histogram 292 83'
- '#histogram 293 92'
- '#histogram 294 93'
- '#histogram 295 85'
- '#histogram 296 94'
- '#histogram 297 84'
- '#histogram 298 89'
- '#histogram 299 95'
- '#histogram 300 86'
- '#histogram 301 89'
- '#histogram 302 80'
- '#histogram 303 71'
- '#histogram 304 79'
- '#histogram 305 63'
- '#histogram 306 92'
- '#histogram 307 59'
- '#histogram 308 63'
- '#histogram 309 67'
- '#histogram 310 77'
- '#histogram 311 64'
- '#histogram 312 76'
- '#histogram 313 75'
- '#histogram 314 72'
- '#histogram 315 60'
- '#histogram 316 62'
- '#histogram 317 59'
- '#histogram 318 63'
- '#histogram 319 72'
- '#histogram 320 56'
- '#histogram 321 63'
- '#histogram 322 68'
- '#histogram 323 63'
- '#histogram 324 76'
- '#histogram 325 77'
- '#histogram 326 63'
- '#histogram 327 55'
- '#histogram 328 63'
- '#histogram 329 70'
- '#histogram 330 63'
- '#histogram 331 71'
- '#histogram 332 58'
- '#histogram 333 65'
- '#histogram 334 51'
- '#histogram 335 57'
- '#histogram 336 55'
- '#histogram 337 41'
- '#histogram 338 45'
- '#histogram 339 49'
- '#histogram 340 43'
- '#histogram 341 49'
- '#histogram 342 54'
- '#histogram 343 32'
- '#histogram 344 47'
- '#histogram 345 52'
- '#histogram 346 43'
- '#histogram 347 50'
- '#histogram 348 50'
- '#histogram 349 57'
- '#histogram 350 48'
- '#histogram 351 61'
- '#histogram 352 46'
- '#histogram 353 36'
- '#histogram 354 47'
- '#histogram 355 46'
- '#histogram 356 44'
- '#histogram 357 55'
- '#histogram 358 40'
- '#histogram 359 30'
- '#histogram 360 41'
- '#histogram 361 39'
- '#histogram 362 38'
- '#histogram 363 35'
- '#histogram 364 38'
- '#histogram 365 34'
- '#histogram 366 30'
- '#histogram 367 51'
- '#histogram 368 41'
- '#histogram 369 33'
- '#histogram 370 40'
- '#histogram 371 37'
- '#histogram 372 27'
- '#histogram 373 33'
- '#histogram 374 35'
- '#histogram 375 30'
- '#histogram 376 28'
- '#histogram 377 45'
- '#histogram 378 37'
- '#histogram 379 32'
- '#histogram 380 39'
- '#histogram 381 37'
- '#histogram 382 43'
- '#histogram 383 47'
- '#histogram 384 36'
- '#histogram 385 31'
- '#histogram 386 33'
- '#histogram 387 24'
- '#histogram 388 21'
- '#histogram 389 43'
- '#histogram 390 26'
- '#histogram 391 25'
- '#histogram 392 24'
- '#histogram 393 32'
- '#histogram 394 38'
- '#histogram 395 34'
- '#histogram 396 46'
- '#histogram 397 31'
- '#histogram 398 30'
- '#histogram 399 24'
- '#histogram 400 31'
- '#histogram 401 38'
- '#histogram 402 29'
- '#histogram 403 19'
- '#histogram 404 32'
- '#histogram 405 29'
- '#histogram 406 24'
- '#histogram 407 20'
- '#histogram 408 28'
- '#histogram 409 30'
- '#histogram 410 26'
- '#histogram 411 32'
- '#histogram 412 20'
- '#histogram 413 21'
- '#histogram 414 27'
- '#histogram 415 25'
- '#histogram 416 20'
- '#histogram 417 21'
- '#histogram 418 22'
- '#histogram 419 26'
- '#histogram 420 17'
- '#histogram 421 23'
- '#histogram 422 23'
- '#histogram 423 18'
- '#histogram 424 21'
- '#histogram 425 22'
- '#histogram 426 31'
- '#histogram 427 21'
- '#histogram 428 23'
- '#histogram 429 27'
- '#histogram 430 29'
- '#histogram 431 15'
- '#histogram 432 25'
- '#histogram 433 29'
- '#histogram 434 16'
- '#histogram 435 36'
- '#histogram 436 24'
- '#histogram 437 16'
- '#histogram 438 19'
- '#histogram 439 26'
- '#histogram 440 16'
- '#histogram 441 17'
- '#histogram 442 16'
- '#histogram 443 23'
- '#histogram 444 25'
- '#histogram 445 32'
- '#histogram 446 12'
- '#histogram 447 21'
- '#histogram 448 18'
- '#histogram 449 17'
- '#histogram 450 19'
- '#histogram 451 23'
- '#histogram 452 14'
- '#histogram 453 19'
- '#histogram 454 18'
- '#histogram 455 21'
- '#histogram 456 21'
- '#histogram 457 18'
- '#histogram 458 16'
- '#histogram 459 17'
- '#histogram 460 19'
- '#histogram 461 22'
- '#histogram 462 17'
- '#histogram 463 16'
- '#histogram 464 15'
- '#histogram 465 20'
- '#histogram 466 18'
- '#histogram 467 15'
- '#histogram 468 13'
- '#histogram 469 6'
- '#histogram 470 11'
- '#histogram 471 6'
- '#histogram 472 14'
- '#histogram 473 27'
- '#histogram 474 13'
- '#histogram 475 21'
- '#histogram 476 16'
- '#histogram 477 13'
- '#histogram 478 20'
- '#histogram 479 18'
- '#histogram 480 18'
- '#histogram 481 18'
- '#histogram 482 12'
- '#histogram 483 14'
- '#histogram 484 18'
- '#histogram 485 20'
- '#histogram 486 20'
- '#histogram 487 13'
- '#histogram 488 15'
- '#histogram 489 20'
- '#histogram 490 13'
- '#histogram 491 13'
- '#histogram 492 10'
- '#histogram 493 18'
- '#histogram 494 15'
- '#histogram 495 12'
- '#histogram 496 10'
- '#histogram 497 10'
- '#histogram 498 13'
- '#histogram 499 10'
- '#histogram 500 13'
- '#histogram 501 13'
- '#histogram 502 18'
- '#histogram 503 11'
- '#histogram 504 22'
- '#histogram 505 12'
- '#histogram 506 16'
- '#histogram 507 13'
- '#histogram 508 16'
- '#histogram 509 14'
- '#histogram 510 17'
- '#histogram 511 22'
- '#histogram 512 11'
- '#histogram 513 11'
- '#histogram 514 16'
- '#histogram 515 17'
- '#histogram 516 11'
- '#histogram 517 14'
- '#histogram 518 14'
- '#histogram 519 16'
- '#histogram 520 18'
- '#histogram 521 15'
- '#histogram 522 9'
- '#histogram 523 8'
- '#histogram 524 11'
- '#histogram 525 12'
- '#histogram 526 10'
- '#histogram 527 14'
- '#histogram 528 4'
- '#histogram 529 5'
- '#histogram 530 13'
- '#histogram 531 8'
- '#histogram 532 4'
- '#histogram 533 8'
- '#histogram 534 16'
- '#histogram 535 10'
- '#histogram 536 14'
- '#histogram 537 6'
- '#histogram 538 12'
- '#histogram 539 15'
- '#histogram 540 12'
- '#histogram 541 11'
- '#histogram 542 6'
- '#histogram 543 5'
- '#histogram 544 10'
- '#histogram 545 5'
- '#histogram 546 6'
- '#histogram 547 4'
- '#histogram 548 5'
- '#histogram 549 5'
- '#histogram 550 10'
- '#histogram 551 15'
- '#histogram 552 7'
- '#histogram 553 8'
- '#histogram 554 6'
- '#histogram 555 17'
- '#histogram 556 4'
- '#histogram 557 9'
- '#histogram 558 12'
- '#histogram 559 8'
- '#histogram 560 8'
- '#histogram 561 5'
- '#histogram 562 6'
- '#histogram 563 8'
- '#histogram 564 4'
- '#histogram 565 10'
- '#histogram 566 6'
- '#histogram 567 8'
- '#histogram 568 8'
- '#histogram 569 9'
- '#histogram 570 10'
- '#histogram 571 14'
- '#histogram 572 6'
- '#histogram 573 9'
- '#histogram 574 8'
- '#histogram 575 5'
- '#histogram 576 6'
- '#histogram 577 8'
- '#histogram 578 7'
- '#histogram 579 7'
- '#histogram 580 6'
- '#histogram 581 8'
- '#histogram 582 6'
- '#histogram 583 10'
- '#histogram 584 12'
- '#histogram 585 6'
- '#histogram 586 7'
- '#histogram 587 5'
- '#histogram 588 10'
- '#histogram 589 7'
- '#histogram 590 7'
- '#histogram 591 9'
- '#histogram 592 1'
- '#histogram 593 6'
- '#histogram 594 8'
- '#histogram 595 5'
- '#histogram 596 7'
- '#histogram 597 8'
- '#histogram 598 6'
- '#histogram 599 3'
- '#histogram 600 14'
- '#histogram 601 8'
- '#histogram 602 4'
- '#histogram 603 5'
- '#histogram 604 3'
- '#histogram 605 7'
- '#histogram 606 6'
- '#histogram 607 6'
- '#histogram 608 7'
- '#histogram 609 4'
- '#histogram 610 3'
- '#histogram 611 8'
- '#histogram 612 8'
- '#histogram 613 2'
- '#histogram 614 6'
- '#histogram 615 5'
- '#histogram 616 5'
- '#histogram 617 5'
- '#histogram 618 5'
- '#histogram 619 3'
- '#histogram 620 7'
- '#histogram 621 9'
- '#histogram 622 6'
- '#histogram 623 2'
- '#histogram 624 3'
- '#histogram 625 6'
- '#histogram 626 5'
- '#histogram 627 5'
- '#histogram 628 7'
- '#histogram 629 10'
- '#histogram 630 5'
- '#histogram 631 10'
- '#histogram 632 2'
- '#histogram 633 5'
- '#histogram 634 9'
- '#histogram 635 6'
- '#histogram 636 6'
- '#histogram 637 2'
- '#histogram 638 7'
- '#histogram 639 3'
- '#histogram 640 13'
- '#histogram 641 4'
- '#histogram 642 6'
- '#histogram 643 2'
- '#histogram 644 4'
- '#histogram 645 6'
- '#histogram 646 5'
- '#histogram 647 4'
- '#histogram 648 2'
- '#histogram 649 1'
- '#histogram 650 3'
- '#histogram 651 3'
- '#histogram 652 6'
- '#histogram 653 2'
- '#histogram 654 4'
- '#histogram 655 4'
- '#histogram 656 3'
- '#histogram 657 3'
- '#histogram 658 2'
- '#histogram 659 2'
- '#histogram 660 1'
- '#histogram 661 6'
- '#histogram 662 6'
- '#histogram 663 3'
- '#histogram 664 3'
- '#histogram 665 1'
- '#histogram 666 5'
- '#histogram 667 5'
- '#histogram 668 2'
- '#histogram 669 7'
- '#histogram 670 3'
- '#histogram 671 1'
- '#histogram 672 3'
- '#histogram 673 2'
- '#histogram 675 4'
- '#histogram 676 2'
- '#histogram 677 6'
- '#histogram 678 1'
- '#histogram 679 2'
- '#histogram 680 3'
- '#histogram 681 1'
- '#histogram 682 3'
- '#histogram 683 2'
- '#histogram 684 2'
- '#histogram 685 2'
- '#histogram 686 2'
- '#histogram 687 2'
- '#histogram 688 3'
- '#histogram 689 1'
- '#histogram 690 2'
- '#histogram 691 1'
- '#histogram 692 2'
- '#histogram 693 4'
- '#histogram 694 1'
- '#histogram 695 4'
- '#histogram 696 2'
- '#histogram 697 3'
- '#histogram 699 3'
- '#histogram 701 1'
- '#histogram 702 2'
- '#histogram 703 2'
- '#histogram 704 3'
- '#histogram 705 2'
- '#histogram 706 3'
- '#histogram 707 1'
- '#histogram 709 1'
- '#histogram 711 2'
- '#histogram 712 1'
- '#histogram 713 1'
- '#histogram 714 2'
- '#histogram 715 2'
- '#histogram 716 1'
- '#histogram 717 1'
- '#histogram 718 2'
- '#histogram 719 1'
- '#histogram 720 4'
- '#histogram 721 1'
- '#histogram 722 2'
- '#histogram 723 3'
- '#histogram 724 6'
- '#histogram 725 1'
- '#histogram 726 1'
- '#histogram 727 1'
- '#histogram 728 1'
- '#histogram 731 3'
- '#histogram 732 3'
- '#histogram 733 4'
- '#histogram 734 2'
- '#histogram 735 1'
- '#histogram 736 1'
- '#histogram 737 1'
- '#histogram 738 3'
- '#histogram 739 1'
- '#histogram 740 2'
- '#histogram 741 2'
- '#histogram 742 1'
- '#histogram 743 2'
- '#histogram 747 3'
- '#histogram 749 4'
- '#histogram 750 3'
- '#histogram 751 3'
- '#histogram 752 2'
- '#histogram 753 1'
- '#histogram 754 3'
- '#histogram 758 1'
- '#histogram 759 3'
- '#histogram 760 2'
- '#histogram 761 1'
- '#histogram 762 1'
- '#histogram 763 1'
- '#histogram 764 1'
- '#histogram 765 1'
- '#histogram 767 1'
- '#histogram 769 2'
- '#histogram 770 1'
- '#histogram 771 1'
- '#histogram 772 1'
- '#histogram 773 1'
- '#histogram 774 2'
- '#histogram 776 2'
- '#histogram 777 2'
- '#histogram 779 5'
- '#histogram 780 4'
- '#histogram 781 3'
- '#histogram 782 1'
- '#histogram 783 2'
- '#histogram 784 2'
- '#histogram 785 2'
- '#histogram 788 3'
- '#histogram 790 2'
- '#histogram 791 2'
- '#histogram 792 3'
- '#histogram 794 1'
- '#histogram 795 1'
- '#histogram 800 1'
- '#histogram 802 2'
- '#histogram 803 1'
- '#histogram 804 1'
- '#histogram 805 1'
- '#histogram 808 2'
- '#histogram 809 1'
- '#histogram 810 1'
- '#histogram 811 1'
- '#histogram 812 3'
- '#histogram 813 1'
- '#histogram 815 1'
- '#histogram 816 2'
- '#histogram 818 1'
- '#histogram 820 3'
- '#histogram 822 1'
- '#histogram 826 1'
- '#histogram 827 1'
- '#histogram 828 2'
- '#histogram 829 2'
- '#histogram 833 1'
- '#histogram 835 1'
- '#histogram 837 2'
- '#histogram 838 1'
- '#histogram 843 2'
- '#histogram 846 1'
- '#histogram 852 1'
- '#histogram 853 1'
- '#histogram 854 1'
- '#histogram 859 1'
- '#histogram 864 1'
- '#histogram 879 1'
- '#histogram 909 1'
- '#histogram 925 1'
- '#histogram 927 1'
- '#histogram 931 1'
- '#histogram 939 1'
- '#histogram 948 1'
- '#histogram 951 1'
- '#histogram 1015 1'
- '#histogram 1020 1'
- '#histogram 1037 1'
- '#histogram 1073 1'
- '#histogram 1097 1'
- ''
