code: 0
data:
  avg_latency: 0.195615
  histogram:
  - - 0
    - 0
  - - 7
    - 1
  - - 8
    - 2
  - - 9
    - 1
  - - 10
    - 2
  - - 11
    - 3
  - - 12
    - 4
  - - 13
    - 4
  - - 14
    - 6
  - - 15
    - 2
  - - 16
    - 14
  - - 17
    - 11
  - - 18
    - 34
  - - 19
    - 17
  - - 20
    - 20
  - - 21
    - 20
  - - 22
    - 23
  - - 23
    - 15
  - - 24
    - 33
  - - 25
    - 38
  - - 26
    - 39
  - - 27
    - 47
  - - 28
    - 46
  - - 29
    - 34
  - - 30
    - 41
  - - 31
    - 43
  - - 32
    - 53
  - - 33
    - 47
  - - 34
    - 65
  - - 35
    - 49
  - - 36
    - 43
  - - 37
    - 56
  - - 38
    - 74
  - - 39
    - 43
  - - 40
    - 63
  - - 41
    - 44
  - - 42
    - 42
  - - 43
    - 55
  - - 44
    - 68
  - - 45
    - 60
  - - 46
    - 61
  - - 47
    - 79
  - - 48
    - 63
  - - 49
    - 75
  - - 50
    - 64
  - - 51
    - 67
  - - 52
    - 75
  - - 53
    - 52
  - - 54
    - 74
  - - 55
    - 77
  - - 56
    - 94
  - - 57
    - 81
  - - 58
    - 97
  - - 59
    - 76
  - - 60
    - 71
  - - 61
    - 109
  - - 62
    - 97
  - - 63
    - 116
  - - 64
    - 104
  - - 65
    - 110
  - - 66
    - 120
  - - 67
    - 127
  - - 68
    - 125
  - - 69
    - 134
  - - 70
    - 134
  - - 71
    - 167
  - - 72
    - 158
  - - 73
    - 161
  - - 74
    - 172
  - - 75
    - 155
  - - 76
    - 154
  - - 77
    - 158
  - - 78
    - 182
  - - 79
    - 162
  - - 80
    - 169
  - - 81
    - 192
  - - 82
    - 205
  - - 83
    - 199
  - - 84
    - 216
  - - 85
    - 205
  - - 86
    - 202
  - - 87
    - 253
  - - 88
    - 236
  - - 89
    - 244
  - - 90
    - 207
  - - 91
    - 265
  - - 92
    - 229
  - - 93
    - 262
  - - 94
    - 252
  - - 95
    - 269
  - - 96
    - 266
  - - 97
    - 259
  - - 98
    - 277
  - - 99
    - 296
  - - 100
    - 265
  - - 101
    - 286
  - - 102
    - 294
  - - 103
    - 298
  - - 104
    - 282
  - - 105
    - 292
  - - 106
    - 305
  - - 107
    - 302
  - - 108
    - 317
  - - 109
    - 307
  - - 110
    - 311
  - - 111
    - 299
  - - 112
    - 305
  - - 113
    - 354
  - - 114
    - 336
  - - 115
    - 273
  - - 116
    - 331
  - - 117
    - 308
  - - 118
    - 302
  - - 119
    - 295
  - - 120
    - 300
  - - 121
    - 256
  - - 122
    - 324
  - - 123
    - 277
  - - 124
    - 270
  - - 125
    - 304
  - - 126
    - 301
  - - 127
    - 344
  - - 128
    - 316
  - - 129
    - 296
  - - 130
    - 312
  - - 131
    - 289
  - - 132
    - 363
  - - 133
    - 314
  - - 134
    - 287
  - - 135
    - 296
  - - 136
    - 320
  - - 137
    - 292
  - - 138
    - 284
  - - 139
    - 286
  - - 140
    - 270
  - - 141
    - 281
  - - 142
    - 303
  - - 143
    - 264
  - - 144
    - 310
  - - 145
    - 303
  - - 146
    - 311
  - - 147
    - 275
  - - 148
    - 283
  - - 149
    - 292
  - - 150
    - 280
  - - 151
    - 294
  - - 152
    - 306
  - - 153
    - 320
  - - 154
    - 313
  - - 155
    - 310
  - - 156
    - 321
  - - 157
    - 303
  - - 158
    - 307
  - - 159
    - 318
  - - 160
    - 305
  - - 161
    - 310
  - - 162
    - 289
  - - 163
    - 285
  - - 164
    - 253
  - - 165
    - 277
  - - 166
    - 301
  - - 167
    - 280
  - - 168
    - 253
  - - 169
    - 280
  - - 170
    - 276
  - - 171
    - 270
  - - 172
    - 262
  - - 173
    - 260
  - - 174
    - 264
  - - 175
    - 286
  - - 176
    - 239
  - - 177
    - 269
  - - 178
    - 264
  - - 179
    - 266
  - - 180
    - 239
  - - 181
    - 251
  - - 182
    - 261
  - - 183
    - 307
  - - 184
    - 236
  - - 185
    - 249
  - - 186
    - 255
  - - 187
    - 271
  - - 188
    - 237
  - - 189
    - 260
  - - 190
    - 279
  - - 191
    - 250
  - - 192
    - 267
  - - 193
    - 243
  - - 194
    - 216
  - - 195
    - 213
  - - 196
    - 229
  - - 197
    - 247
  - - 198
    - 210
  - - 199
    - 231
  - - 200
    - 210
  - - 201
    - 205
  - - 202
    - 216
  - - 203
    - 203
  - - 204
    - 237
  - - 205
    - 212
  - - 206
    - 211
  - - 207
    - 211
  - - 208
    - 193
  - - 209
    - 209
  - - 210
    - 192
  - - 211
    - 223
  - - 212
    - 231
  - - 213
    - 200
  - - 214
    - 192
  - - 215
    - 213
  - - 216
    - 172
  - - 217
    - 209
  - - 218
    - 152
  - - 219
    - 175
  - - 220
    - 174
  - - 221
    - 158
  - - 222
    - 173
  - - 223
    - 186
  - - 224
    - 178
  - - 225
    - 182
  - - 226
    - 194
  - - 227
    - 161
  - - 228
    - 176
  - - 229
    - 192
  - - 230
    - 158
  - - 231
    - 156
  - - 232
    - 204
  - - 233
    - 165
  - - 234
    - 178
  - - 235
    - 173
  - - 236
    - 168
  - - 237
    - 165
  - - 238
    - 150
  - - 239
    - 162
  - - 240
    - 183
  - - 241
    - 141
  - - 242
    - 148
  - - 243
    - 167
  - - 244
    - 154
  - - 245
    - 164
  - - 246
    - 151
  - - 247
    - 155
  - - 248
    - 119
  - - 249
    - 157
  - - 250
    - 157
  - - 251
    - 129
  - - 252
    - 132
  - - 253
    - 143
  - - 254
    - 129
  - - 255
    - 147
  - - 256
    - 138
  - - 257
    - 129
  - - 258
    - 120
  - - 259
    - 120
  - - 260
    - 116
  - - 261
    - 124
  - - 262
    - 115
  - - 263
    - 120
  - - 264
    - 158
  - - 265
    - 124
  - - 266
    - 125
  - - 267
    - 117
  - - 268
    - 121
  - - 269
    - 114
  - - 270
    - 93
  - - 271
    - 107
  - - 272
    - 87
  - - 273
    - 110
  - - 274
    - 125
  - - 275
    - 95
  - - 276
    - 107
  - - 277
    - 92
  - - 278
    - 108
  - - 279
    - 98
  - - 280
    - 100
  - - 281
    - 108
  - - 282
    - 94
  - - 283
    - 102
  - - 284
    - 105
  - - 285
    - 100
  - - 286
    - 105
  - - 287
    - 115
  - - 288
    - 104
  - - 289
    - 88
  - - 290
    - 83
  - - 291
    - 68
  - - 292
    - 85
  - - 293
    - 63
  - - 294
    - 81
  - - 295
    - 90
  - - 296
    - 82
  - - 297
    - 86
  - - 298
    - 86
  - - 299
    - 89
  - - 300
    - 91
  - - 301
    - 94
  - - 302
    - 77
  - - 303
    - 74
  - - 304
    - 91
  - - 305
    - 65
  - - 306
    - 64
  - - 307
    - 66
  - - 308
    - 61
  - - 309
    - 61
  - - 310
    - 70
  - - 311
    - 47
  - - 312
    - 76
  - - 313
    - 72
  - - 314
    - 75
  - - 315
    - 74
  - - 316
    - 71
  - - 317
    - 61
  - - 318
    - 69
  - - 319
    - 81
  - - 320
    - 69
  - - 321
    - 65
  - - 322
    - 68
  - - 323
    - 62
  - - 324
    - 71
  - - 325
    - 68
  - - 326
    - 70
  - - 327
    - 67
  - - 328
    - 66
  - - 329
    - 66
  - - 330
    - 63
  - - 331
    - 64
  - - 332
    - 58
  - - 333
    - 67
  - - 334
    - 54
  - - 335
    - 52
  - - 336
    - 57
  - - 337
    - 46
  - - 338
    - 50
  - - 339
    - 39
  - - 340
    - 64
  - - 341
    - 34
  - - 342
    - 52
  - - 343
    - 46
  - - 344
    - 52
  - - 345
    - 39
  - - 346
    - 43
  - - 347
    - 50
  - - 348
    - 49
  - - 349
    - 57
  - - 350
    - 43
  - - 351
    - 50
  - - 352
    - 55
  - - 353
    - 40
  - - 354
    - 41
  - - 355
    - 48
  - - 356
    - 29
  - - 357
    - 45
  - - 358
    - 46
  - - 359
    - 49
  - - 360
    - 36
  - - 361
    - 39
  - - 362
    - 42
  - - 363
    - 36
  - - 364
    - 43
  - - 365
    - 60
  - - 366
    - 48
  - - 367
    - 50
  - - 368
    - 52
  - - 369
    - 29
  - - 370
    - 36
  - - 371
    - 44
  - - 372
    - 28
  - - 373
    - 37
  - - 374
    - 40
  - - 375
    - 27
  - - 376
    - 36
  - - 377
    - 35
  - - 378
    - 45
  - - 379
    - 33
  - - 380
    - 31
  - - 381
    - 41
  - - 382
    - 34
  - - 383
    - 33
  - - 384
    - 26
  - - 385
    - 37
  - - 386
    - 26
  - - 387
    - 33
  - - 388
    - 27
  - - 389
    - 38
  - - 390
    - 28
  - - 391
    - 23
  - - 392
    - 34
  - - 393
    - 19
  - - 394
    - 23
  - - 395
    - 27
  - - 396
    - 34
  - - 397
    - 44
  - - 398
    - 23
  - - 399
    - 30
  - - 400
    - 28
  - - 401
    - 30
  - - 402
    - 20
  - - 403
    - 25
  - - 404
    - 28
  - - 405
    - 21
  - - 406
    - 30
  - - 407
    - 13
  - - 408
    - 43
  - - 409
    - 33
  - - 410
    - 30
  - - 411
    - 30
  - - 412
    - 20
  - - 413
    - 20
  - - 414
    - 26
  - - 415
    - 24
  - - 416
    - 20
  - - 417
    - 22
  - - 418
    - 23
  - - 419
    - 32
  - - 420
    - 13
  - - 421
    - 20
  - - 422
    - 28
  - - 423
    - 17
  - - 424
    - 23
  - - 425
    - 31
  - - 426
    - 14
  - - 427
    - 17
  - - 428
    - 23
  - - 429
    - 14
  - - 430
    - 14
  - - 431
    - 21
  - - 432
    - 23
  - - 433
    - 20
  - - 434
    - 22
  - - 435
    - 17
  - - 436
    - 23
  - - 437
    - 20
  - - 438
    - 18
  - - 439
    - 25
  - - 440
    - 25
  - - 441
    - 19
  - - 442
    - 18
  - - 443
    - 19
  - - 444
    - 31
  - - 445
    - 15
  - - 446
    - 21
  - - 447
    - 20
  - - 448
    - 21
  - - 449
    - 24
  - - 450
    - 16
  - - 451
    - 27
  - - 452
    - 23
  - - 453
    - 14
  - - 454
    - 13
  - - 455
    - 21
  - - 456
    - 21
  - - 457
    - 14
  - - 458
    - 27
  - - 459
    - 22
  - - 460
    - 28
  - - 461
    - 17
  - - 462
    - 16
  - - 463
    - 16
  - - 464
    - 27
  - - 465
    - 14
  - - 466
    - 16
  - - 467
    - 16
  - - 468
    - 15
  - - 469
    - 19
  - - 470
    - 10
  - - 471
    - 11
  - - 472
    - 25
  - - 473
    - 14
  - - 474
    - 19
  - - 475
    - 19
  - - 476
    - 10
  - - 477
    - 16
  - - 478
    - 24
  - - 479
    - 15
  - - 480
    - 24
  - - 481
    - 16
  - - 482
    - 31
  - - 483
    - 19
  - - 484
    - 16
  - - 485
    - 12
  - - 486
    - 19
  - - 487
    - 18
  - - 488
    - 23
  - - 489
    - 18
  - - 490
    - 16
  - - 491
    - 18
  - - 492
    - 14
  - - 493
    - 16
  - - 494
    - 15
  - - 495
    - 17
  - - 496
    - 13
  - - 497
    - 19
  - - 498
    - 11
  - - 499
    - 13
  - - 500
    - 20
  - - 501
    - 12
  - - 502
    - 15
  - - 503
    - 15
  - - 504
    - 10
  - - 505
    - 13
  - - 506
    - 13
  - - 507
    - 16
  - - 508
    - 14
  - - 509
    - 11
  - - 510
    - 12
  - - 511
    - 7
  - - 512
    - 13
  - - 513
    - 13
  - - 514
    - 6
  - - 515
    - 4
  - - 516
    - 9
  - - 517
    - 10
  - - 518
    - 22
  - - 519
    - 11
  - - 520
    - 11
  - - 521
    - 9
  - - 522
    - 12
  - - 523
    - 10
  - - 524
    - 9
  - - 525
    - 11
  - - 526
    - 11
  - - 527
    - 11
  - - 528
    - 14
  - - 529
    - 10
  - - 530
    - 13
  - - 531
    - 5
  - - 532
    - 5
  - - 533
    - 10
  - - 534
    - 9
  - - 535
    - 9
  - - 536
    - 9
  - - 537
    - 9
  - - 538
    - 9
  - - 539
    - 11
  - - 540
    - 7
  - - 541
    - 20
  - - 542
    - 10
  - - 543
    - 11
  - - 544
    - 4
  - - 545
    - 14
  - - 546
    - 10
  - - 547
    - 5
  - - 548
    - 11
  - - 549
    - 4
  - - 550
    - 15
  - - 551
    - 8
  - - 552
    - 6
  - - 553
    - 8
  - - 554
    - 9
  - - 555
    - 8
  - - 556
    - 7
  - - 557
    - 12
  - - 558
    - 6
  - - 559
    - 8
  - - 560
    - 12
  - - 561
    - 10
  - - 562
    - 9
  - - 563
    - 7
  - - 564
    - 3
  - - 565
    - 14
  - - 566
    - 7
  - - 567
    - 7
  - - 568
    - 11
  - - 569
    - 6
  - - 570
    - 6
  - - 571
    - 8
  - - 572
    - 7
  - - 574
    - 11
  - - 575
    - 13
  - - 576
    - 8
  - - 577
    - 7
  - - 578
    - 4
  - - 579
    - 6
  - - 580
    - 5
  - - 581
    - 8
  - - 582
    - 7
  - - 583
    - 12
  - - 584
    - 4
  - - 585
    - 4
  - - 586
    - 8
  - - 587
    - 7
  - - 588
    - 11
  - - 589
    - 12
  - - 590
    - 8
  - - 591
    - 6
  - - 592
    - 12
  - - 593
    - 5
  - - 594
    - 8
  - - 595
    - 5
  - - 596
    - 10
  - - 597
    - 6
  - - 598
    - 8
  - - 599
    - 6
  - - 600
    - 7
  - - 601
    - 1
  - - 602
    - 6
  - - 603
    - 4
  - - 604
    - 4
  - - 605
    - 3
  - - 606
    - 5
  - - 607
    - 3
  - - 608
    - 8
  - - 609
    - 7
  - - 610
    - 4
  - - 611
    - 6
  - - 612
    - 8
  - - 613
    - 4
  - - 614
    - 4
  - - 615
    - 11
  - - 616
    - 9
  - - 617
    - 3
  - - 618
    - 6
  - - 619
    - 4
  - - 620
    - 5
  - - 621
    - 6
  - - 622
    - 5
  - - 623
    - 7
  - - 624
    - 6
  - - 625
    - 6
  - - 626
    - 3
  - - 627
    - 4
  - - 628
    - 6
  - - 629
    - 4
  - - 630
    - 5
  - - 631
    - 8
  - - 632
    - 11
  - - 633
    - 2
  - - 634
    - 8
  - - 635
    - 4
  - - 636
    - 3
  - - 637
    - 7
  - - 638
    - 4
  - - 639
    - 3
  - - 640
    - 4
  - - 641
    - 3
  - - 642
    - 13
  - - 643
    - 9
  - - 644
    - 9
  - - 645
    - 5
  - - 646
    - 1
  - - 647
    - 3
  - - 648
    - 2
  - - 649
    - 2
  - - 650
    - 2
  - - 651
    - 2
  - - 653
    - 1
  - - 654
    - 2
  - - 655
    - 4
  - - 656
    - 2
  - - 657
    - 2
  - - 658
    - 2
  - - 659
    - 3
  - - 660
    - 5
  - - 661
    - 4
  - - 662
    - 2
  - - 663
    - 2
  - - 664
    - 4
  - - 665
    - 7
  - - 666
    - 2
  - - 667
    - 6
  - - 668
    - 1
  - - 669
    - 4
  - - 670
    - 5
  - - 671
    - 2
  - - 672
    - 1
  - - 673
    - 2
  - - 674
    - 2
  - - 675
    - 4
  - - 676
    - 4
  - - 677
    - 3
  - - 678
    - 2
  - - 679
    - 6
  - - 680
    - 5
  - - 681
    - 5
  - - 682
    - 2
  - - 683
    - 2
  - - 684
    - 1
  - - 685
    - 3
  - - 686
    - 2
  - - 687
    - 1
  - - 688
    - 3
  - - 689
    - 1
  - - 690
    - 2
  - - 691
    - 1
  - - 692
    - 4
  - - 693
    - 6
  - - 694
    - 6
  - - 695
    - 1
  - - 696
    - 4
  - - 697
    - 2
  - - 698
    - 2
  - - 699
    - 1
  - - 700
    - 1
  - - 702
    - 3
  - - 703
    - 1
  - - 704
    - 1
  - - 705
    - 3
  - - 706
    - 2
  - - 707
    - 1
  - - 708
    - 3
  - - 709
    - 3
  - - 710
    - 3
  - - 711
    - 1
  - - 712
    - 4
  - - 714
    - 3
  - - 716
    - 4
  - - 717
    - 3
  - - 718
    - 2
  - - 719
    - 3
  - - 720
    - 3
  - - 721
    - 4
  - - 722
    - 2
  - - 723
    - 6
  - - 724
    - 5
  - - 725
    - 4
  - - 726
    - 6
  - - 728
    - 1
  - - 729
    - 1
  - - 730
    - 1
  - - 731
    - 3
  - - 732
    - 3
  - - 734
    - 4
  - - 735
    - 3
  - - 737
    - 2
  - - 738
    - 1
  - - 739
    - 2
  - - 740
    - 2
  - - 741
    - 4
  - - 743
    - 2
  - - 744
    - 2
  - - 745
    - 2
  - - 747
    - 3
  - - 748
    - 1
  - - 749
    - 1
  - - 750
    - 4
  - - 751
    - 3
  - - 752
    - 1
  - - 753
    - 2
  - - 754
    - 1
  - - 755
    - 5
  - - 757
    - 1
  - - 758
    - 1
  - - 760
    - 2
  - - 761
    - 1
  - - 763
    - 1
  - - 764
    - 1
  - - 765
    - 2
  - - 766
    - 1
  - - 767
    - 2
  - - 768
    - 1
  - - 769
    - 1
  - - 775
    - 3
  - - 777
    - 2
  - - 778
    - 5
  - - 779
    - 3
  - - 780
    - 2
  - - 782
    - 1
  - - 783
    - 1
  - - 785
    - 1
  - - 787
    - 1
  - - 788
    - 2
  - - 791
    - 1
  - - 792
    - 2
  - - 798
    - 1
  - - 801
    - 1
  - - 804
    - 1
  - - 805
    - 1
  - - 807
    - 1
  - - 809
    - 1
  - - 811
    - 1
  - - 814
    - 1
  - - 815
    - 2
  - - 816
    - 3
  - - 817
    - 1
  - - 819
    - 1
  - - 820
    - 1
  - - 821
    - 2
  - - 824
    - 1
  - - 826
    - 1
  - - 828
    - 1
  - - 829
    - 1
  - - 831
    - 1
  - - 833
    - 1
  - - 836
    - 1
  - - 837
    - 2
  - - 840
    - 1
  - - 841
    - 2
  - - 844
    - 2
  - - 849
    - 1
  - - 850
    - 2
  - - 851
    - 1
  - - 857
    - 1
  - - 867
    - 1
  - - 868
    - 1
  - - 869
    - 1
  - - 875
    - 1
  - - 880
    - 1
  - - 908
    - 1
  - - 918
    - 1
  - - 921
    - 1
  - - 927
    - 1
  - - 933
    - 1
  - - 935
    - 1
  - - 939
    - 1
  - - 941
    - 1
  - - 948
    - 1
  - - 958
    - 1
  - - 984
    - 1
  - - 993
    - 1
  - - 1111
    - 1
  latency_50_percentile: 170.0
  latency_95_percentile: 420.0
  latency_99_5_percentile: 668.5449999999983
  latency_99_percentile: 602.0
  max_kubedns_cpu: 667
  max_kubedns_memory: 32
  max_latency: 1.111809
  max_perfserver_cpu: 0
  max_perfserver_memory: 0
  min_latency: 0.007167
  msg: null
  ok: true
  qps: 510.643236
  queries_completed: 61292
  queries_lost: 0
  queries_sent: 61292
  run_time: 120.029006
  stddev_latency: 0.113195
params:
  max_qps: null
  pod_name: dns-perf-client-858fb7568b-mrhdd
  query_file: all-queries.txt
  run_id: 1777670420
  run_length_seconds: 120
  run_subid: 0
stderr:
- ''
stdout:
- DNS Performance Testing Tool
- Nominum Version 2.1.0.0
- ''
- '[Status] Command line: dnsperf -s 10.0.0.10 -l 120 -d /queries/all-queries.txt'
- '[Status] Sending queries (to 10.0.0.10)'
- '[Status] Started at: Fri May  1 21:20:53 2026'
- '[Status] Stopping after 120.000000 seconds'
- '[Status] Testing complete (time limit)'
- ''
- 'Statistics:'
- ''
- '  Queries sent:         61292'
- '  Queries completed:    61292 (100.00%)'
- '  Queries lost:         0 (0.00%)'
- ''
- '  Response codes:       NOERROR 7356 (12.00%), NXDOMAIN 53936 (88.00%)'
- '  Average packet size:  request 39, response 122'
- '  Run time (s):         120.029006'
- '  Queries per second:   510.643236'
- ''
- '  Average Latency (s):  0.195615 (min 0.007167, max 1.111809)'
- '  Latency StdDev (s):   0.113195'
- ''
- '  Latency histogram'
- '#histogram 0 0'
- '#histogram 7 1'
- '#histogram 8 2'
- '#histogram 9 1'
- '#histogram 10 2'
- '#histogram 11 3'
- '#histogram 12 4'
- '#histogram 13 4'
- '#histogram 14 6'
- '#histogram 15 2'
- '#histogram 16 14'
- '#histogram 17 11'
- '#histogram 18 34'
- '#histogram 19 17'
- '#histogram 20 20'
- '#histogram 21 20'
- '#histogram 22 23'
- '#histogram 23 15'
- '#histogram 24 33'
- '#histogram 25 38'
- '#histogram 26 39'
- '#histogram 27 47'
- '#histogram 28 46'
- '#histogram 29 34'
- '#histogram 30 41'
- '#histogram 31 43'
- '#histogram 32 53'
- '#histogram 33 47'
- '#histogram 34 65'
- '#histogram 35 49'
- '#histogram 36 43'
- '#histogram 37 56'
- '#histogram 38 74'
- '#histogram 39 43'
- '#histogram 40 63'
- '#histogram 41 44'
- '#histogram 42 42'
- '#histogram 43 55'
- '#histogram 44 68'
- '#histogram 45 60'
- '#histogram 46 61'
- '#histogram 47 79'
- '#histogram 48 63'
- '#histogram 49 75'
- '#histogram 50 64'
- '#histogram 51 67'
- '#histogram 52 75'
- '#histogram 53 52'
- '#histogram 54 74'
- '#histogram 55 77'
- '#histogram 56 94'
- '#histogram 57 81'
- '#histogram 58 97'
- '#histogram 59 76'
- '#histogram 60 71'
- '#histogram 61 109'
- '#histogram 62 97'
- '#histogram 63 116'
- '#histogram 64 104'
- '#histogram 65 110'
- '#histogram 66 120'
- '#histogram 67 127'
- '#histogram 68 125'
- '#histogram 69 134'
- '#histogram 70 134'
- '#histogram 71 167'
- '#histogram 72 158'
- '#histogram 73 161'
- '#histogram 74 172'
- '#histogram 75 155'
- '#histogram 76 154'
- '#histogram 77 158'
- '#histogram 78 182'
- '#histogram 79 162'
- '#histogram 80 169'
- '#histogram 81 192'
- '#histogram 82 205'
- '#histogram 83 199'
- '#histogram 84 216'
- '#histogram 85 205'
- '#histogram 86 202'
- '#histogram 87 253'
- '#histogram 88 236'
- '#histogram 89 244'
- '#histogram 90 207'
- '#histogram 91 265'
- '#histogram 92 229'
- '#histogram 93 262'
- '#histogram 94 252'
- '#histogram 95 269'
- '#histogram 96 266'
- '#histogram 97 259'
- '#histogram 98 277'
- '#histogram 99 296'
- '#histogram 100 265'
- '#histogram 101 286'
- '#histogram 102 294'
- '#histogram 103 298'
- '#histogram 104 282'
- '#histogram 105 292'
- '#histogram 106 305'
- '#histogram 107 302'
- '#histogram 108 317'
- '#histogram 109 307'
- '#histogram 110 311'
- '#histogram 111 299'
- '#histogram 112 305'
- '#histogram 113 354'
- '#histogram 114 336'
- '#histogram 115 273'
- '#histogram 116 331'
- '#histogram 117 308'
- '#histogram 118 302'
- '#histogram 119 295'
- '#histogram 120 300'
- '#histogram 121 256'
- '#histogram 122 324'
- '#histogram 123 277'
- '#histogram 124 270'
- '#histogram 125 304'
- '#histogram 126 301'
- '#histogram 127 344'
- '#histogram 128 316'
- '#histogram 129 296'
- '#histogram 130 312'
- '#histogram 131 289'
- '#histogram 132 363'
- '#histogram 133 314'
- '#histogram 134 287'
- '#histogram 135 296'
- '#histogram 136 320'
- '#histogram 137 292'
- '#histogram 138 284'
- '#histogram 139 286'
- '#histogram 140 270'
- '#histogram 141 281'
- '#histogram 142 303'
- '#histogram 143 264'
- '#histogram 144 310'
- '#histogram 145 303'
- '#histogram 146 311'
- '#histogram 147 275'
- '#histogram 148 283'
- '#histogram 149 292'
- '#histogram 150 280'
- '#histogram 151 294'
- '#histogram 152 306'
- '#histogram 153 320'
- '#histogram 154 313'
- '#histogram 155 310'
- '#histogram 156 321'
- '#histogram 157 303'
- '#histogram 158 307'
- '#histogram 159 318'
- '#histogram 160 305'
- '#histogram 161 310'
- '#histogram 162 289'
- '#histogram 163 285'
- '#histogram 164 253'
- '#histogram 165 277'
- '#histogram 166 301'
- '#histogram 167 280'
- '#histogram 168 253'
- '#histogram 169 280'
- '#histogram 170 276'
- '#histogram 171 270'
- '#histogram 172 262'
- '#histogram 173 260'
- '#histogram 174 264'
- '#histogram 175 286'
- '#histogram 176 239'
- '#histogram 177 269'
- '#histogram 178 264'
- '#histogram 179 266'
- '#histogram 180 239'
- '#histogram 181 251'
- '#histogram 182 261'
- '#histogram 183 307'
- '#histogram 184 236'
- '#histogram 185 249'
- '#histogram 186 255'
- '#histogram 187 271'
- '#histogram 188 237'
- '#histogram 189 260'
- '#histogram 190 279'
- '#histogram 191 250'
- '#histogram 192 267'
- '#histogram 193 243'
- '#histogram 194 216'
- '#histogram 195 213'
- '#histogram 196 229'
- '#histogram 197 247'
- '#histogram 198 210'
- '#histogram 199 231'
- '#histogram 200 210'
- '#histogram 201 205'
- '#histogram 202 216'
- '#histogram 203 203'
- '#histogram 204 237'
- '#histogram 205 212'
- '#histogram 206 211'
- '#histogram 207 211'
- '#histogram 208 193'
- '#histogram 209 209'
- '#histogram 210 192'
- '#histogram 211 223'
- '#histogram 212 231'
- '#histogram 213 200'
- '#histogram 214 192'
- '#histogram 215 213'
- '#histogram 216 172'
- '#histogram 217 209'
- '#histogram 218 152'
- '#histogram 219 175'
- '#histogram 220 174'
- '#histogram 221 158'
- '#histogram 222 173'
- '#histogram 223 186'
- '#histogram 224 178'
- '#histogram 225 182'
- '#histogram 226 194'
- '#histogram 227 161'
- '#histogram 228 176'
- '#histogram 229 192'
- '#histogram 230 158'
- '#histogram 231 156'
- '#histogram 232 204'
- '#histogram 233 165'
- '#histogram 234 178'
- '#histogram 235 173'
- '#histogram 236 168'
- '#histogram 237 165'
- '#histogram 238 150'
- '#histogram 239 162'
- '#histogram 240 183'
- '#histogram 241 141'
- '#histogram 242 148'
- '#histogram 243 167'
- '#histogram 244 154'
- '#histogram 245 164'
- '#histogram 246 151'
- '#histogram 247 155'
- '#histogram 248 119'
- '#histogram 249 157'
- '#histogram 250 157'
- '#histogram 251 129'
- '#histogram 252 132'
- '#histogram 253 143'
- '#histogram 254 129'
- '#histogram 255 147'
- '#histogram 256 138'
- '#histogram 257 129'
- '#histogram 258 120'
- '#histogram 259 120'
- '#histogram 260 116'
- '#histogram 261 124'
- '#histogram 262 115'
- '#histogram 263 120'
- '#histogram 264 158'
- '#histogram 265 124'
- '#histogram 266 125'
- '#histogram 267 117'
- '#histogram 268 121'
- '#histogram 269 114'
- '#histogram 270 93'
- '#histogram 271 107'
- '#histogram 272 87'
- '#histogram 273 110'
- '#histogram 274 125'
- '#histogram 275 95'
- '#histogram 276 107'
- '#histogram 277 92'
- '#histogram 278 108'
- '#histogram 279 98'
- '#histogram 280 100'
- '#histogram 281 108'
- '#histogram 282 94'
- '#histogram 283 102'
- '#histogram 284 105'
- '#histogram 285 100'
- '#histogram 286 105'
- '#histogram 287 115'
- '#histogram 288 104'
- '#histogram 289 88'
- '#histogram 290 83'
- '#histogram 291 68'
- '#histogram 292 85'
- '#histogram 293 63'
- '#histogram 294 81'
- '#histogram 295 90'
- '#histogram 296 82'
- '#histogram 297 86'
- '#histogram 298 86'
- '#histogram 299 89'
- '#histogram 300 91'
- '#histogram 301 94'
- '#histogram 302 77'
- '#histogram 303 74'
- '#histogram 304 91'
- '#histogram 305 65'
- '#histogram 306 64'
- '#histogram 307 66'
- '#histogram 308 61'
- '#histogram 309 61'
- '#histogram 310 70'
- '#histogram 311 47'
- '#histogram 312 76'
- '#histogram 313 72'
- '#histogram 314 75'
- '#histogram 315 74'
- '#histogram 316 71'
- '#histogram 317 61'
- '#histogram 318 69'
- '#histogram 319 81'
- '#histogram 320 69'
- '#histogram 321 65'
- '#histogram 322 68'
- '#histogram 323 62'
- '#histogram 324 71'
- '#histogram 325 68'
- '#histogram 326 70'
- '#histogram 327 67'
- '#histogram 328 66'
- '#histogram 329 66'
- '#histogram 330 63'
- '#histogram 331 64'
- '#histogram 332 58'
- '#histogram 333 67'
- '#histogram 334 54'
- '#histogram 335 52'
- '#histogram 336 57'
- '#histogram 337 46'
- '#histogram 338 50'
- '#histogram 339 39'
- '#histogram 340 64'
- '#histogram 341 34'
- '#histogram 342 52'
- '#histogram 343 46'
- '#histogram 344 52'
- '#histogram 345 39'
- '#histogram 346 43'
- '#histogram 347 50'
- '#histogram 348 49'
- '#histogram 349 57'
- '#histogram 350 43'
- '#histogram 351 50'
- '#histogram 352 55'
- '#histogram 353 40'
- '#histogram 354 41'
- '#histogram 355 48'
- '#histogram 356 29'
- '#histogram 357 45'
- '#histogram 358 46'
- '#histogram 359 49'
- '#histogram 360 36'
- '#histogram 361 39'
- '#histogram 362 42'
- '#histogram 363 36'
- '#histogram 364 43'
- '#histogram 365 60'
- '#histogram 366 48'
- '#histogram 367 50'
- '#histogram 368 52'
- '#histogram 369 29'
- '#histogram 370 36'
- '#histogram 371 44'
- '#histogram 372 28'
- '#histogram 373 37'
- '#histogram 374 40'
- '#histogram 375 27'
- '#histogram 376 36'
- '#histogram 377 35'
- '#histogram 378 45'
- '#histogram 379 33'
- '#histogram 380 31'
- '#histogram 381 41'
- '#histogram 382 34'
- '#histogram 383 33'
- '#histogram 384 26'
- '#histogram 385 37'
- '#histogram 386 26'
- '#histogram 387 33'
- '#histogram 388 27'
- '#histogram 389 38'
- '#histogram 390 28'
- '#histogram 391 23'
- '#histogram 392 34'
- '#histogram 393 19'
- '#histogram 394 23'
- '#histogram 395 27'
- '#histogram 396 34'
- '#histogram 397 44'
- '#histogram 398 23'
- '#histogram 399 30'
- '#histogram 400 28'
- '#histogram 401 30'
- '#histogram 402 20'
- '#histogram 403 25'
- '#histogram 404 28'
- '#histogram 405 21'
- '#histogram 406 30'
- '#histogram 407 13'
- '#histogram 408 43'
- '#histogram 409 33'
- '#histogram 410 30'
- '#histogram 411 30'
- '#histogram 412 20'
- '#histogram 413 20'
- '#histogram 414 26'
- '#histogram 415 24'
- '#histogram 416 20'
- '#histogram 417 22'
- '#histogram 418 23'
- '#histogram 419 32'
- '#histogram 420 13'
- '#histogram 421 20'
- '#histogram 422 28'
- '#histogram 423 17'
- '#histogram 424 23'
- '#histogram 425 31'
- '#histogram 426 14'
- '#histogram 427 17'
- '#histogram 428 23'
- '#histogram 429 14'
- '#histogram 430 14'
- '#histogram 431 21'
- '#histogram 432 23'
- '#histogram 433 20'
- '#histogram 434 22'
- '#histogram 435 17'
- '#histogram 436 23'
- '#histogram 437 20'
- '#histogram 438 18'
- '#histogram 439 25'
- '#histogram 440 25'
- '#histogram 441 19'
- '#histogram 442 18'
- '#histogram 443 19'
- '#histogram 444 31'
- '#histogram 445 15'
- '#histogram 446 21'
- '#histogram 447 20'
- '#histogram 448 21'
- '#histogram 449 24'
- '#histogram 450 16'
- '#histogram 451 27'
- '#histogram 452 23'
- '#histogram 453 14'
- '#histogram 454 13'
- '#histogram 455 21'
- '#histogram 456 21'
- '#histogram 457 14'
- '#histogram 458 27'
- '#histogram 459 22'
- '#histogram 460 28'
- '#histogram 461 17'
- '#histogram 462 16'
- '#histogram 463 16'
- '#histogram 464 27'
- '#histogram 465 14'
- '#histogram 466 16'
- '#histogram 467 16'
- '#histogram 468 15'
- '#histogram 469 19'
- '#histogram 470 10'
- '#histogram 471 11'
- '#histogram 472 25'
- '#histogram 473 14'
- '#histogram 474 19'
- '#histogram 475 19'
- '#histogram 476 10'
- '#histogram 477 16'
- '#histogram 478 24'
- '#histogram 479 15'
- '#histogram 480 24'
- '#histogram 481 16'
- '#histogram 482 31'
- '#histogram 483 19'
- '#histogram 484 16'
- '#histogram 485 12'
- '#histogram 486 19'
- '#histogram 487 18'
- '#histogram 488 23'
- '#histogram 489 18'
- '#histogram 490 16'
- '#histogram 491 18'
- '#histogram 492 14'
- '#histogram 493 16'
- '#histogram 494 15'
- '#histogram 495 17'
- '#histogram 496 13'
- '#histogram 497 19'
- '#histogram 498 11'
- '#histogram 499 13'
- '#histogram 500 20'
- '#histogram 501 12'
- '#histogram 502 15'
- '#histogram 503 15'
- '#histogram 504 10'
- '#histogram 505 13'
- '#histogram 506 13'
- '#histogram 507 16'
- '#histogram 508 14'
- '#histogram 509 11'
- '#histogram 510 12'
- '#histogram 511 7'
- '#histogram 512 13'
- '#histogram 513 13'
- '#histogram 514 6'
- '#histogram 515 4'
- '#histogram 516 9'
- '#histogram 517 10'
- '#histogram 518 22'
- '#histogram 519 11'
- '#histogram 520 11'
- '#histogram 521 9'
- '#histogram 522 12'
- '#histogram 523 10'
- '#histogram 524 9'
- '#histogram 525 11'
- '#histogram 526 11'
- '#histogram 527 11'
- '#histogram 528 14'
- '#histogram 529 10'
- '#histogram 530 13'
- '#histogram 531 5'
- '#histogram 532 5'
- '#histogram 533 10'
- '#histogram 534 9'
- '#histogram 535 9'
- '#histogram 536 9'
- '#histogram 537 9'
- '#histogram 538 9'
- '#histogram 539 11'
- '#histogram 540 7'
- '#histogram 541 20'
- '#histogram 542 10'
- '#histogram 543 11'
- '#histogram 544 4'
- '#histogram 545 14'
- '#histogram 546 10'
- '#histogram 547 5'
- '#histogram 548 11'
- '#histogram 549 4'
- '#histogram 550 15'
- '#histogram 551 8'
- '#histogram 552 6'
- '#histogram 553 8'
- '#histogram 554 9'
- '#histogram 555 8'
- '#histogram 556 7'
- '#histogram 557 12'
- '#histogram 558 6'
- '#histogram 559 8'
- '#histogram 560 12'
- '#histogram 561 10'
- '#histogram 562 9'
- '#histogram 563 7'
- '#histogram 564 3'
- '#histogram 565 14'
- '#histogram 566 7'
- '#histogram 567 7'
- '#histogram 568 11'
- '#histogram 569 6'
- '#histogram 570 6'
- '#histogram 571 8'
- '#histogram 572 7'
- '#histogram 574 11'
- '#histogram 575 13'
- '#histogram 576 8'
- '#histogram 577 7'
- '#histogram 578 4'
- '#histogram 579 6'
- '#histogram 580 5'
- '#histogram 581 8'
- '#histogram 582 7'
- '#histogram 583 12'
- '#histogram 584 4'
- '#histogram 585 4'
- '#histogram 586 8'
- '#histogram 587 7'
- '#histogram 588 11'
- '#histogram 589 12'
- '#histogram 590 8'
- '#histogram 591 6'
- '#histogram 592 12'
- '#histogram 593 5'
- '#histogram 594 8'
- '#histogram 595 5'
- '#histogram 596 10'
- '#histogram 597 6'
- '#histogram 598 8'
- '#histogram 599 6'
- '#histogram 600 7'
- '#histogram 601 1'
- '#histogram 602 6'
- '#histogram 603 4'
- '#histogram 604 4'
- '#histogram 605 3'
- '#histogram 606 5'
- '#histogram 607 3'
- '#histogram 608 8'
- '#histogram 609 7'
- '#histogram 610 4'
- '#histogram 611 6'
- '#histogram 612 8'
- '#histogram 613 4'
- '#histogram 614 4'
- '#histogram 615 11'
- '#histogram 616 9'
- '#histogram 617 3'
- '#histogram 618 6'
- '#histogram 619 4'
- '#histogram 620 5'
- '#histogram 621 6'
- '#histogram 622 5'
- '#histogram 623 7'
- '#histogram 624 6'
- '#histogram 625 6'
- '#histogram 626 3'
- '#histogram 627 4'
- '#histogram 628 6'
- '#histogram 629 4'
- '#histogram 630 5'
- '#histogram 631 8'
- '#histogram 632 11'
- '#histogram 633 2'
- '#histogram 634 8'
- '#histogram 635 4'
- '#histogram 636 3'
- '#histogram 637 7'
- '#histogram 638 4'
- '#histogram 639 3'
- '#histogram 640 4'
- '#histogram 641 3'
- '#histogram 642 13'
- '#histogram 643 9'
- '#histogram 644 9'
- '#histogram 645 5'
- '#histogram 646 1'
- '#histogram 647 3'
- '#histogram 648 2'
- '#histogram 649 2'
- '#histogram 650 2'
- '#histogram 651 2'
- '#histogram 653 1'
- '#histogram 654 2'
- '#histogram 655 4'
- '#histogram 656 2'
- '#histogram 657 2'
- '#histogram 658 2'
- '#histogram 659 3'
- '#histogram 660 5'
- '#histogram 661 4'
- '#histogram 662 2'
- '#histogram 663 2'
- '#histogram 664 4'
- '#histogram 665 7'
- '#histogram 666 2'
- '#histogram 667 6'
- '#histogram 668 1'
- '#histogram 669 4'
- '#histogram 670 5'
- '#histogram 671 2'
- '#histogram 672 1'
- '#histogram 673 2'
- '#histogram 674 2'
- '#histogram 675 4'
- '#histogram 676 4'
- '#histogram 677 3'
- '#histogram 678 2'
- '#histogram 679 6'
- '#histogram 680 5'
- '#histogram 681 5'
- '#histogram 682 2'
- '#histogram 683 2'
- '#histogram 684 1'
- '#histogram 685 3'
- '#histogram 686 2'
- '#histogram 687 1'
- '#histogram 688 3'
- '#histogram 689 1'
- '#histogram 690 2'
- '#histogram 691 1'
- '#histogram 692 4'
- '#histogram 693 6'
- '#histogram 694 6'
- '#histogram 695 1'
- '#histogram 696 4'
- '#histogram 697 2'
- '#histogram 698 2'
- '#histogram 699 1'
- '#histogram 700 1'
- '#histogram 702 3'
- '#histogram 703 1'
- '#histogram 704 1'
- '#histogram 705 3'
- '#histogram 706 2'
- '#histogram 707 1'
- '#histogram 708 3'
- '#histogram 709 3'
- '#histogram 710 3'
- '#histogram 711 1'
- '#histogram 712 4'
- '#histogram 714 3'
- '#histogram 716 4'
- '#histogram 717 3'
- '#histogram 718 2'
- '#histogram 719 3'
- '#histogram 720 3'
- '#histogram 721 4'
- '#histogram 722 2'
- '#histogram 723 6'
- '#histogram 724 5'
- '#histogram 725 4'
- '#histogram 726 6'
- '#histogram 728 1'
- '#histogram 729 1'
- '#histogram 730 1'
- '#histogram 731 3'
- '#histogram 732 3'
- '#histogram 734 4'
- '#histogram 735 3'
- '#histogram 737 2'
- '#histogram 738 1'
- '#histogram 739 2'
- '#histogram 740 2'
- '#histogram 741 4'
- '#histogram 743 2'
- '#histogram 744 2'
- '#histogram 745 2'
- '#histogram 747 3'
- '#histogram 748 1'
- '#histogram 749 1'
- '#histogram 750 4'
- '#histogram 751 3'
- '#histogram 752 1'
- '#histogram 753 2'
- '#histogram 754 1'
- '#histogram 755 5'
- '#histogram 757 1'
- '#histogram 758 1'
- '#histogram 760 2'
- '#histogram 761 1'
- '#histogram 763 1'
- '#histogram 764 1'
- '#histogram 765 2'
- '#histogram 766 1'
- '#histogram 767 2'
- '#histogram 768 1'
- '#histogram 769 1'
- '#histogram 775 3'
- '#histogram 777 2'
- '#histogram 778 5'
- '#histogram 779 3'
- '#histogram 780 2'
- '#histogram 782 1'
- '#histogram 783 1'
- '#histogram 785 1'
- '#histogram 787 1'
- '#histogram 788 2'
- '#histogram 791 1'
- '#histogram 792 2'
- '#histogram 798 1'
- '#histogram 801 1'
- '#histogram 804 1'
- '#histogram 805 1'
- '#histogram 807 1'
- '#histogram 809 1'
- '#histogram 811 1'
- '#histogram 814 1'
- '#histogram 815 2'
- '#histogram 816 3'
- '#histogram 817 1'
- '#histogram 819 1'
- '#histogram 820 1'
- '#histogram 821 2'
- '#histogram 824 1'
- '#histogram 826 1'
- '#histogram 828 1'
- '#histogram 829 1'
- '#histogram 831 1'
- '#histogram 833 1'
- '#histogram 836 1'
- '#histogram 837 2'
- '#histogram 840 1'
- '#histogram 841 2'
- '#histogram 844 2'
- '#histogram 849 1'
- '#histogram 850 2'
- '#histogram 851 1'
- '#histogram 857 1'
- '#histogram 867 1'
- '#histogram 868 1'
- '#histogram 869 1'
- '#histogram 875 1'
- '#histogram 880 1'
- '#histogram 908 1'
- '#histogram 918 1'
- '#histogram 921 1'
- '#histogram 927 1'
- '#histogram 933 1'
- '#histogram 935 1'
- '#histogram 939 1'
- '#histogram 941 1'
- '#histogram 948 1'
- '#histogram 958 1'
- '#histogram 984 1'
- '#histogram 993 1'
- '#histogram 1111 1'
- ''
