code: 0
data:
  avg_latency: 0.207561
  histogram:
  - - 0
    - 0
  - - 7
    - 1
  - - 8
    - 1
  - - 9
    - 1
  - - 10
    - 1
  - - 11
    - 2
  - - 12
    - 1
  - - 14
    - 2
  - - 17
    - 1
  - - 18
    - 3
  - - 19
    - 3
  - - 20
    - 1
  - - 21
    - 6
  - - 22
    - 3
  - - 23
    - 5
  - - 24
    - 5
  - - 25
    - 6
  - - 26
    - 4
  - - 27
    - 9
  - - 28
    - 10
  - - 29
    - 4
  - - 30
    - 12
  - - 31
    - 8
  - - 32
    - 12
  - - 33
    - 12
  - - 34
    - 14
  - - 35
    - 10
  - - 36
    - 15
  - - 37
    - 15
  - - 38
    - 25
  - - 39
    - 18
  - - 40
    - 18
  - - 41
    - 25
  - - 42
    - 34
  - - 43
    - 27
  - - 44
    - 29
  - - 45
    - 42
  - - 46
    - 37
  - - 47
    - 28
  - - 48
    - 31
  - - 49
    - 41
  - - 50
    - 35
  - - 51
    - 39
  - - 52
    - 52
  - - 53
    - 47
  - - 54
    - 45
  - - 55
    - 60
  - - 56
    - 49
  - - 57
    - 50
  - - 58
    - 67
  - - 59
    - 69
  - - 60
    - 92
  - - 61
    - 101
  - - 62
    - 88
  - - 63
    - 72
  - - 64
    - 74
  - - 65
    - 81
  - - 66
    - 98
  - - 67
    - 129
  - - 68
    - 130
  - - 69
    - 126
  - - 70
    - 117
  - - 71
    - 126
  - - 72
    - 142
  - - 73
    - 123
  - - 74
    - 137
  - - 75
    - 144
  - - 76
    - 143
  - - 77
    - 141
  - - 78
    - 148
  - - 79
    - 172
  - - 80
    - 161
  - - 81
    - 183
  - - 82
    - 165
  - - 83
    - 135
  - - 84
    - 176
  - - 85
    - 192
  - - 86
    - 183
  - - 87
    - 188
  - - 88
    - 213
  - - 89
    - 223
  - - 90
    - 191
  - - 91
    - 215
  - - 92
    - 229
  - - 93
    - 209
  - - 94
    - 229
  - - 95
    - 235
  - - 96
    - 238
  - - 97
    - 229
  - - 98
    - 246
  - - 99
    - 272
  - - 100
    - 250
  - - 101
    - 247
  - - 102
    - 253
  - - 103
    - 251
  - - 104
    - 276
  - - 105
    - 275
  - - 106
    - 264
  - - 107
    - 261
  - - 108
    - 310
  - - 109
    - 299
  - - 110
    - 269
  - - 111
    - 301
  - - 112
    - 311
  - - 113
    - 291
  - - 114
    - 268
  - - 115
    - 280
  - - 116
    - 300
  - - 117
    - 291
  - - 118
    - 289
  - - 119
    - 295
  - - 120
    - 300
  - - 121
    - 273
  - - 122
    - 234
  - - 123
    - 284
  - - 124
    - 223
  - - 125
    - 277
  - - 126
    - 327
  - - 127
    - 272
  - - 128
    - 309
  - - 129
    - 257
  - - 130
    - 261
  - - 131
    - 287
  - - 132
    - 308
  - - 133
    - 289
  - - 134
    - 292
  - - 135
    - 275
  - - 136
    - 253
  - - 137
    - 277
  - - 138
    - 250
  - - 139
    - 344
  - - 140
    - 248
  - - 141
    - 244
  - - 142
    - 232
  - - 143
    - 273
  - - 144
    - 226
  - - 145
    - 222
  - - 146
    - 251
  - - 147
    - 252
  - - 148
    - 235
  - - 149
    - 254
  - - 150
    - 301
  - - 151
    - 235
  - - 152
    - 289
  - - 153
    - 284
  - - 154
    - 298
  - - 155
    - 275
  - - 156
    - 261
  - - 157
    - 254
  - - 158
    - 259
  - - 159
    - 238
  - - 160
    - 223
  - - 161
    - 254
  - - 162
    - 225
  - - 163
    - 256
  - - 164
    - 280
  - - 165
    - 260
  - - 166
    - 260
  - - 167
    - 256
  - - 168
    - 268
  - - 169
    - 232
  - - 170
    - 260
  - - 171
    - 254
  - - 172
    - 225
  - - 173
    - 240
  - - 174
    - 231
  - - 175
    - 261
  - - 176
    - 246
  - - 177
    - 252
  - - 178
    - 234
  - - 179
    - 238
  - - 180
    - 265
  - - 181
    - 267
  - - 182
    - 271
  - - 183
    - 226
  - - 184
    - 249
  - - 185
    - 257
  - - 186
    - 228
  - - 187
    - 183
  - - 188
    - 233
  - - 189
    - 214
  - - 190
    - 218
  - - 191
    - 226
  - - 192
    - 257
  - - 193
    - 234
  - - 194
    - 221
  - - 195
    - 212
  - - 196
    - 215
  - - 197
    - 243
  - - 198
    - 254
  - - 199
    - 227
  - - 200
    - 212
  - - 201
    - 207
  - - 202
    - 225
  - - 203
    - 189
  - - 204
    - 230
  - - 205
    - 180
  - - 206
    - 200
  - - 207
    - 209
  - - 208
    - 179
  - - 209
    - 191
  - - 210
    - 190
  - - 211
    - 210
  - - 212
    - 162
  - - 213
    - 165
  - - 214
    - 176
  - - 215
    - 181
  - - 216
    - 195
  - - 217
    - 189
  - - 218
    - 161
  - - 219
    - 174
  - - 220
    - 191
  - - 221
    - 198
  - - 222
    - 176
  - - 223
    - 169
  - - 224
    - 192
  - - 225
    - 205
  - - 226
    - 146
  - - 227
    - 152
  - - 228
    - 163
  - - 229
    - 172
  - - 230
    - 179
  - - 231
    - 187
  - - 232
    - 172
  - - 233
    - 159
  - - 234
    - 164
  - - 235
    - 178
  - - 236
    - 169
  - - 237
    - 167
  - - 238
    - 163
  - - 239
    - 143
  - - 240
    - 177
  - - 241
    - 148
  - - 242
    - 159
  - - 243
    - 189
  - - 244
    - 142
  - - 245
    - 181
  - - 246
    - 176
  - - 247
    - 130
  - - 248
    - 145
  - - 249
    - 144
  - - 250
    - 154
  - - 251
    - 143
  - - 252
    - 112
  - - 253
    - 112
  - - 254
    - 144
  - - 255
    - 166
  - - 256
    - 145
  - - 257
    - 117
  - - 258
    - 122
  - - 259
    - 140
  - - 260
    - 150
  - - 261
    - 127
  - - 262
    - 139
  - - 263
    - 132
  - - 264
    - 134
  - - 265
    - 141
  - - 266
    - 130
  - - 267
    - 102
  - - 268
    - 101
  - - 269
    - 103
  - - 270
    - 105
  - - 271
    - 119
  - - 272
    - 131
  - - 273
    - 118
  - - 274
    - 143
  - - 275
    - 85
  - - 276
    - 124
  - - 277
    - 106
  - - 278
    - 92
  - - 279
    - 92
  - - 280
    - 94
  - - 281
    - 106
  - - 282
    - 93
  - - 283
    - 96
  - - 284
    - 98
  - - 285
    - 106
  - - 286
    - 109
  - - 287
    - 108
  - - 288
    - 133
  - - 289
    - 86
  - - 290
    - 86
  - - 291
    - 110
  - - 292
    - 120
  - - 293
    - 124
  - - 294
    - 110
  - - 295
    - 89
  - - 296
    - 103
  - - 297
    - 104
  - - 298
    - 100
  - - 299
    - 97
  - - 300
    - 98
  - - 301
    - 110
  - - 302
    - 101
  - - 303
    - 93
  - - 304
    - 77
  - - 305
    - 95
  - - 306
    - 104
  - - 307
    - 86
  - - 308
    - 101
  - - 309
    - 92
  - - 310
    - 97
  - - 311
    - 64
  - - 312
    - 74
  - - 313
    - 87
  - - 314
    - 74
  - - 315
    - 71
  - - 316
    - 69
  - - 317
    - 79
  - - 318
    - 68
  - - 319
    - 80
  - - 320
    - 73
  - - 321
    - 69
  - - 322
    - 66
  - - 323
    - 84
  - - 324
    - 66
  - - 325
    - 71
  - - 326
    - 64
  - - 327
    - 75
  - - 328
    - 61
  - - 329
    - 65
  - - 330
    - 74
  - - 331
    - 73
  - - 332
    - 73
  - - 333
    - 56
  - - 334
    - 71
  - - 335
    - 59
  - - 336
    - 73
  - - 337
    - 58
  - - 338
    - 49
  - - 339
    - 52
  - - 340
    - 86
  - - 341
    - 54
  - - 342
    - 58
  - - 343
    - 60
  - - 344
    - 55
  - - 345
    - 46
  - - 346
    - 59
  - - 347
    - 47
  - - 348
    - 37
  - - 349
    - 45
  - - 350
    - 49
  - - 351
    - 50
  - - 352
    - 60
  - - 353
    - 52
  - - 354
    - 47
  - - 355
    - 38
  - - 356
    - 47
  - - 357
    - 43
  - - 358
    - 48
  - - 359
    - 52
  - - 360
    - 49
  - - 361
    - 55
  - - 362
    - 47
  - - 363
    - 54
  - - 364
    - 61
  - - 365
    - 52
  - - 366
    - 43
  - - 367
    - 44
  - - 368
    - 58
  - - 369
    - 33
  - - 370
    - 39
  - - 371
    - 42
  - - 372
    - 51
  - - 373
    - 39
  - - 374
    - 46
  - - 375
    - 36
  - - 376
    - 35
  - - 377
    - 41
  - - 378
    - 26
  - - 379
    - 35
  - - 380
    - 34
  - - 381
    - 24
  - - 382
    - 29
  - - 383
    - 40
  - - 384
    - 29
  - - 385
    - 47
  - - 386
    - 37
  - - 387
    - 34
  - - 388
    - 51
  - - 389
    - 31
  - - 390
    - 28
  - - 391
    - 28
  - - 392
    - 39
  - - 393
    - 30
  - - 394
    - 34
  - - 395
    - 36
  - - 396
    - 27
  - - 397
    - 33
  - - 398
    - 44
  - - 399
    - 39
  - - 400
    - 28
  - - 401
    - 38
  - - 402
    - 35
  - - 403
    - 26
  - - 404
    - 30
  - - 405
    - 35
  - - 406
    - 19
  - - 407
    - 29
  - - 408
    - 23
  - - 409
    - 30
  - - 410
    - 20
  - - 411
    - 28
  - - 412
    - 32
  - - 413
    - 30
  - - 414
    - 31
  - - 415
    - 31
  - - 416
    - 29
  - - 417
    - 33
  - - 418
    - 32
  - - 419
    - 36
  - - 420
    - 21
  - - 421
    - 31
  - - 422
    - 20
  - - 423
    - 18
  - - 424
    - 26
  - - 425
    - 25
  - - 426
    - 29
  - - 427
    - 25
  - - 428
    - 29
  - - 429
    - 25
  - - 430
    - 24
  - - 431
    - 29
  - - 432
    - 25
  - - 433
    - 18
  - - 434
    - 23
  - - 435
    - 25
  - - 436
    - 22
  - - 437
    - 27
  - - 438
    - 31
  - - 439
    - 21
  - - 440
    - 18
  - - 441
    - 20
  - - 442
    - 21
  - - 443
    - 16
  - - 444
    - 21
  - - 445
    - 23
  - - 446
    - 15
  - - 447
    - 19
  - - 448
    - 18
  - - 449
    - 18
  - - 450
    - 27
  - - 451
    - 14
  - - 452
    - 20
  - - 453
    - 22
  - - 454
    - 17
  - - 455
    - 17
  - - 456
    - 18
  - - 457
    - 22
  - - 458
    - 26
  - - 459
    - 20
  - - 460
    - 24
  - - 461
    - 22
  - - 462
    - 19
  - - 463
    - 22
  - - 464
    - 17
  - - 465
    - 12
  - - 466
    - 18
  - - 467
    - 14
  - - 468
    - 16
  - - 469
    - 19
  - - 470
    - 19
  - - 471
    - 14
  - - 472
    - 16
  - - 473
    - 21
  - - 474
    - 13
  - - 475
    - 16
  - - 476
    - 17
  - - 477
    - 7
  - - 478
    - 10
  - - 479
    - 23
  - - 480
    - 14
  - - 481
    - 18
  - - 482
    - 23
  - - 483
    - 12
  - - 484
    - 8
  - - 485
    - 10
  - - 486
    - 20
  - - 487
    - 14
  - - 488
    - 16
  - - 489
    - 14
  - - 490
    - 18
  - - 491
    - 14
  - - 492
    - 11
  - - 493
    - 14
  - - 494
    - 18
  - - 495
    - 20
  - - 496
    - 14
  - - 497
    - 14
  - - 498
    - 10
  - - 499
    - 12
  - - 500
    - 12
  - - 501
    - 6
  - - 502
    - 13
  - - 503
    - 16
  - - 504
    - 15
  - - 505
    - 15
  - - 506
    - 14
  - - 507
    - 22
  - - 508
    - 17
  - - 509
    - 15
  - - 510
    - 16
  - - 511
    - 9
  - - 512
    - 10
  - - 513
    - 15
  - - 514
    - 10
  - - 515
    - 7
  - - 516
    - 16
  - - 517
    - 19
  - - 518
    - 15
  - - 519
    - 11
  - - 520
    - 11
  - - 521
    - 16
  - - 522
    - 11
  - - 523
    - 19
  - - 524
    - 9
  - - 525
    - 5
  - - 526
    - 8
  - - 527
    - 8
  - - 528
    - 10
  - - 529
    - 21
  - - 530
    - 16
  - - 531
    - 6
  - - 532
    - 8
  - - 533
    - 3
  - - 534
    - 15
  - - 535
    - 14
  - - 536
    - 15
  - - 537
    - 17
  - - 538
    - 9
  - - 539
    - 8
  - - 540
    - 11
  - - 541
    - 8
  - - 542
    - 9
  - - 543
    - 11
  - - 544
    - 11
  - - 545
    - 8
  - - 546
    - 15
  - - 547
    - 14
  - - 548
    - 11
  - - 549
    - 12
  - - 550
    - 11
  - - 551
    - 17
  - - 552
    - 10
  - - 553
    - 11
  - - 554
    - 10
  - - 555
    - 8
  - - 556
    - 6
  - - 557
    - 8
  - - 558
    - 12
  - - 559
    - 9
  - - 560
    - 12
  - - 561
    - 17
  - - 562
    - 8
  - - 563
    - 5
  - - 564
    - 13
  - - 565
    - 6
  - - 566
    - 7
  - - 567
    - 8
  - - 568
    - 8
  - - 569
    - 13
  - - 570
    - 12
  - - 571
    - 8
  - - 572
    - 6
  - - 573
    - 8
  - - 574
    - 11
  - - 575
    - 12
  - - 576
    - 11
  - - 577
    - 6
  - - 578
    - 10
  - - 579
    - 14
  - - 580
    - 10
  - - 581
    - 8
  - - 582
    - 6
  - - 583
    - 6
  - - 584
    - 8
  - - 585
    - 4
  - - 586
    - 8
  - - 587
    - 4
  - - 588
    - 3
  - - 589
    - 7
  - - 590
    - 4
  - - 591
    - 5
  - - 592
    - 5
  - - 593
    - 13
  - - 594
    - 8
  - - 595
    - 1
  - - 596
    - 5
  - - 597
    - 14
  - - 598
    - 10
  - - 599
    - 13
  - - 600
    - 7
  - - 601
    - 3
  - - 602
    - 5
  - - 603
    - 10
  - - 604
    - 10
  - - 605
    - 11
  - - 606
    - 7
  - - 607
    - 5
  - - 608
    - 15
  - - 609
    - 8
  - - 610
    - 3
  - - 611
    - 14
  - - 612
    - 8
  - - 613
    - 6
  - - 614
    - 9
  - - 615
    - 9
  - - 616
    - 12
  - - 617
    - 2
  - - 618
    - 9
  - - 619
    - 10
  - - 620
    - 10
  - - 621
    - 4
  - - 622
    - 9
  - - 623
    - 2
  - - 624
    - 3
  - - 625
    - 8
  - - 626
    - 2
  - - 627
    - 9
  - - 628
    - 9
  - - 629
    - 3
  - - 630
    - 10
  - - 631
    - 7
  - - 632
    - 2
  - - 633
    - 8
  - - 634
    - 4
  - - 635
    - 4
  - - 636
    - 8
  - - 637
    - 7
  - - 638
    - 5
  - - 639
    - 5
  - - 640
    - 3
  - - 641
    - 4
  - - 642
    - 7
  - - 643
    - 4
  - - 644
    - 2
  - - 645
    - 3
  - - 646
    - 1
  - - 647
    - 2
  - - 648
    - 6
  - - 649
    - 4
  - - 650
    - 2
  - - 651
    - 6
  - - 652
    - 5
  - - 653
    - 5
  - - 654
    - 3
  - - 655
    - 4
  - - 656
    - 2
  - - 657
    - 5
  - - 658
    - 5
  - - 659
    - 2
  - - 660
    - 1
  - - 661
    - 2
  - - 662
    - 2
  - - 663
    - 1
  - - 664
    - 2
  - - 665
    - 6
  - - 666
    - 2
  - - 667
    - 5
  - - 668
    - 5
  - - 669
    - 4
  - - 670
    - 3
  - - 671
    - 8
  - - 672
    - 3
  - - 674
    - 2
  - - 675
    - 2
  - - 676
    - 4
  - - 677
    - 2
  - - 678
    - 3
  - - 679
    - 6
  - - 680
    - 2
  - - 681
    - 6
  - - 682
    - 7
  - - 683
    - 4
  - - 684
    - 1
  - - 685
    - 4
  - - 686
    - 3
  - - 687
    - 1
  - - 688
    - 5
  - - 689
    - 3
  - - 690
    - 1
  - - 691
    - 3
  - - 692
    - 5
  - - 693
    - 3
  - - 694
    - 6
  - - 695
    - 7
  - - 696
    - 5
  - - 697
    - 2
  - - 698
    - 5
  - - 699
    - 5
  - - 700
    - 3
  - - 701
    - 4
  - - 702
    - 3
  - - 703
    - 6
  - - 704
    - 2
  - - 705
    - 4
  - - 706
    - 1
  - - 707
    - 5
  - - 708
    - 4
  - - 709
    - 3
  - - 711
    - 2
  - - 712
    - 1
  - - 713
    - 1
  - - 715
    - 3
  - - 716
    - 2
  - - 717
    - 1
  - - 718
    - 1
  - - 719
    - 2
  - - 720
    - 5
  - - 721
    - 1
  - - 722
    - 3
  - - 723
    - 2
  - - 724
    - 3
  - - 725
    - 4
  - - 726
    - 3
  - - 727
    - 2
  - - 728
    - 3
  - - 729
    - 3
  - - 730
    - 6
  - - 731
    - 3
  - - 732
    - 1
  - - 733
    - 2
  - - 734
    - 2
  - - 735
    - 1
  - - 736
    - 4
  - - 737
    - 2
  - - 738
    - 1
  - - 739
    - 3
  - - 740
    - 1
  - - 741
    - 4
  - - 742
    - 2
  - - 743
    - 2
  - - 744
    - 4
  - - 745
    - 1
  - - 746
    - 2
  - - 747
    - 2
  - - 748
    - 5
  - - 749
    - 7
  - - 751
    - 2
  - - 752
    - 1
  - - 753
    - 1
  - - 755
    - 2
  - - 756
    - 2
  - - 757
    - 1
  - - 758
    - 4
  - - 759
    - 2
  - - 760
    - 1
  - - 761
    - 2
  - - 764
    - 3
  - - 765
    - 3
  - - 767
    - 2
  - - 768
    - 1
  - - 769
    - 2
  - - 770
    - 4
  - - 771
    - 1
  - - 772
    - 2
  - - 775
    - 1
  - - 776
    - 1
  - - 777
    - 1
  - - 778
    - 4
  - - 781
    - 2
  - - 782
    - 3
  - - 783
    - 3
  - - 784
    - 1
  - - 786
    - 1
  - - 787
    - 1
  - - 788
    - 2
  - - 789
    - 2
  - - 790
    - 4
  - - 791
    - 1
  - - 793
    - 4
  - - 795
    - 2
  - - 796
    - 1
  - - 797
    - 2
  - - 798
    - 1
  - - 799
    - 1
  - - 800
    - 1
  - - 801
    - 1
  - - 803
    - 3
  - - 804
    - 3
  - - 805
    - 1
  - - 806
    - 1
  - - 807
    - 1
  - - 808
    - 1
  - - 809
    - 1
  - - 810
    - 1
  - - 811
    - 3
  - - 812
    - 1
  - - 814
    - 1
  - - 816
    - 2
  - - 817
    - 3
  - - 818
    - 1
  - - 821
    - 3
  - - 825
    - 2
  - - 829
    - 2
  - - 831
    - 2
  - - 833
    - 1
  - - 835
    - 1
  - - 839
    - 1
  - - 840
    - 1
  - - 843
    - 1
  - - 844
    - 2
  - - 848
    - 1
  - - 849
    - 2
  - - 855
    - 1
  - - 858
    - 1
  - - 865
    - 1
  - - 866
    - 1
  - - 869
    - 1
  - - 871
    - 1
  - - 873
    - 1
  - - 874
    - 1
  - - 877
    - 1
  - - 879
    - 2
  - - 880
    - 1
  - - 886
    - 1
  - - 891
    - 1
  - - 901
    - 1
  - - 905
    - 1
  - - 910
    - 1
  - - 911
    - 2
  - - 913
    - 1
  - - 929
    - 1
  - - 941
    - 1
  - - 945
    - 1
  - - 946
    - 1
  - - 964
    - 1
  - - 969
    - 1
  - - 975
    - 1
  - - 979
    - 1
  - - 980
    - 1
  - - 982
    - 1
  - - 1000
    - 1
  - - 1005
    - 1
  - - 1013
    - 1
  - - 1040
    - 1
  - - 1079
    - 1
  - - 1103
    - 1
  - - 1108
    - 1
  - - 4999
    - 2
  latency_50_percentile: 180.0
  latency_95_percentile: 438.0
  latency_99_5_percentile: 699.1599999999962
  latency_99_percentile: 627.0
  max_kubedns_cpu: 615
  max_kubedns_memory: 30
  max_latency: 1.108631
  max_perfserver_cpu: 0
  max_perfserver_memory: 0
  min_latency: 0.007113
  msg: null
  ok: true
  qps: 480.294158
  queries_completed: 57767
  queries_lost: 2
  queries_sent: 57769
  run_time: 120.274209
  stddev_latency: 0.117956
params:
  max_qps: null
  pod_name: dns-perf-client-858fb7568b-4ltjh
  query_file: all-queries.txt
  run_id: 1777664506
  run_length_seconds: 120
  run_subid: 0
stderr:
- ''
stdout:
- DNS Performance Testing Tool
- Nominum Version 2.1.0.0
- ''
- '[Status] Command line: dnsperf -s 10.0.0.10 -l 120 -d /queries/all-queries.txt'
- '[Status] Sending queries (to 10.0.0.10)'
- '[Status] Started at: Fri May  1 19:42:17 2026'
- '[Status] Stopping after 120.000000 seconds'
- '[Timeout] Query timed out: msg id 7602'
- '[Timeout] Query timed out: msg id 15957'
- '[Status] Testing complete (time limit)'
- ''
- 'Statistics:'
- ''
- '  Queries sent:         57769'
- '  Queries completed:    57767 (100.00%)'
- '  Queries lost:         2 (0.00%)'
- ''
- '  Response codes:       NOERROR 6933 (12.00%), NXDOMAIN 50834 (88.00%)'
- '  Average packet size:  request 38, response 122'
- '  Run time (s):         120.274209'
- '  Queries per second:   480.294158'
- ''
- '  Average Latency (s):  0.207561 (min 0.007113, max 1.108631)'
- '  Latency StdDev (s):   0.117956'
- ''
- '  Latency histogram'
- '#histogram 0 0'
- '#histogram 7 1'
- '#histogram 8 1'
- '#histogram 9 1'
- '#histogram 10 1'
- '#histogram 11 2'
- '#histogram 12 1'
- '#histogram 14 2'
- '#histogram 17 1'
- '#histogram 18 3'
- '#histogram 19 3'
- '#histogram 20 1'
- '#histogram 21 6'
- '#histogram 22 3'
- '#histogram 23 5'
- '#histogram 24 5'
- '#histogram 25 6'
- '#histogram 26 4'
- '#histogram 27 9'
- '#histogram 28 10'
- '#histogram 29 4'
- '#histogram 30 12'
- '#histogram 31 8'
- '#histogram 32 12'
- '#histogram 33 12'
- '#histogram 34 14'
- '#histogram 35 10'
- '#histogram 36 15'
- '#histogram 37 15'
- '#histogram 38 25'
- '#histogram 39 18'
- '#histogram 40 18'
- '#histogram 41 25'
- '#histogram 42 34'
- '#histogram 43 27'
- '#histogram 44 29'
- '#histogram 45 42'
- '#histogram 46 37'
- '#histogram 47 28'
- '#histogram 48 31'
- '#histogram 49 41'
- '#histogram 50 35'
- '#histogram 51 39'
- '#histogram 52 52'
- '#histogram 53 47'
- '#histogram 54 45'
- '#histogram 55 60'
- '#histogram 56 49'
- '#histogram 57 50'
- '#histogram 58 67'
- '#histogram 59 69'
- '#histogram 60 92'
- '#histogram 61 101'
- '#histogram 62 88'
- '#histogram 63 72'
- '#histogram 64 74'
- '#histogram 65 81'
- '#histogram 66 98'
- '#histogram 67 129'
- '#histogram 68 130'
- '#histogram 69 126'
- '#histogram 70 117'
- '#histogram 71 126'
- '#histogram 72 142'
- '#histogram 73 123'
- '#histogram 74 137'
- '#histogram 75 144'
- '#histogram 76 143'
- '#histogram 77 141'
- '#histogram 78 148'
- '#histogram 79 172'
- '#histogram 80 161'
- '#histogram 81 183'
- '#histogram 82 165'
- '#histogram 83 135'
- '#histogram 84 176'
- '#histogram 85 192'
- '#histogram 86 183'
- '#histogram 87 188'
- '#histogram 88 213'
- '#histogram 89 223'
- '#histogram 90 191'
- '#histogram 91 215'
- '#histogram 92 229'
- '#histogram 93 209'
- '#histogram 94 229'
- '#histogram 95 235'
- '#histogram 96 238'
- '#histogram 97 229'
- '#histogram 98 246'
- '#histogram 99 272'
- '#histogram 100 250'
- '#histogram 101 247'
- '#histogram 102 253'
- '#histogram 103 251'
- '#histogram 104 276'
- '#histogram 105 275'
- '#histogram 106 264'
- '#histogram 107 261'
- '#histogram 108 310'
- '#histogram 109 299'
- '#histogram 110 269'
- '#histogram 111 301'
- '#histogram 112 311'
- '#histogram 113 291'
- '#histogram 114 268'
- '#histogram 115 280'
- '#histogram 116 300'
- '#histogram 117 291'
- '#histogram 118 289'
- '#histogram 119 295'
- '#histogram 120 300'
- '#histogram 121 273'
- '#histogram 122 234'
- '#histogram 123 284'
- '#histogram 124 223'
- '#histogram 125 277'
- '#histogram 126 327'
- '#histogram 127 272'
- '#histogram 128 309'
- '#histogram 129 257'
- '#histogram 130 261'
- '#histogram 131 287'
- '#histogram 132 308'
- '#histogram 133 289'
- '#histogram 134 292'
- '#histogram 135 275'
- '#histogram 136 253'
- '#histogram 137 277'
- '#histogram 138 250'
- '#histogram 139 344'
- '#histogram 140 248'
- '#histogram 141 244'
- '#histogram 142 232'
- '#histogram 143 273'
- '#histogram 144 226'
- '#histogram 145 222'
- '#histogram 146 251'
- '#histogram 147 252'
- '#histogram 148 235'
- '#histogram 149 254'
- '#histogram 150 301'
- '#histogram 151 235'
- '#histogram 152 289'
- '#histogram 153 284'
- '#histogram 154 298'
- '#histogram 155 275'
- '#histogram 156 261'
- '#histogram 157 254'
- '#histogram 158 259'
- '#histogram 159 238'
- '#histogram 160 223'
- '#histogram 161 254'
- '#histogram 162 225'
- '#histogram 163 256'
- '#histogram 164 280'
- '#histogram 165 260'
- '#histogram 166 260'
- '#histogram 167 256'
- '#histogram 168 268'
- '#histogram 169 232'
- '#histogram 170 260'
- '#histogram 171 254'
- '#histogram 172 225'
- '#histogram 173 240'
- '#histogram 174 231'
- '#histogram 175 261'
- '#histogram 176 246'
- '#histogram 177 252'
- '#histogram 178 234'
- '#histogram 179 238'
- '#histogram 180 265'
- '#histogram 181 267'
- '#histogram 182 271'
- '#histogram 183 226'
- '#histogram 184 249'
- '#histogram 185 257'
- '#histogram 186 228'
- '#histogram 187 183'
- '#histogram 188 233'
- '#histogram 189 214'
- '#histogram 190 218'
- '#histogram 191 226'
- '#histogram 192 257'
- '#histogram 193 234'
- '#histogram 194 221'
- '#histogram 195 212'
- '#histogram 196 215'
- '#histogram 197 243'
- '#histogram 198 254'
- '#histogram 199 227'
- '#histogram 200 212'
- '#histogram 201 207'
- '#histogram 202 225'
- '#histogram 203 189'
- '#histogram 204 230'
- '#histogram 205 180'
- '#histogram 206 200'
- '#histogram 207 209'
- '#histogram 208 179'
- '#histogram 209 191'
- '#histogram 210 190'
- '#histogram 211 210'
- '#histogram 212 162'
- '#histogram 213 165'
- '#histogram 214 176'
- '#histogram 215 181'
- '#histogram 216 195'
- '#histogram 217 189'
- '#histogram 218 161'
- '#histogram 219 174'
- '#histogram 220 191'
- '#histogram 221 198'
- '#histogram 222 176'
- '#histogram 223 169'
- '#histogram 224 192'
- '#histogram 225 205'
- '#histogram 226 146'
- '#histogram 227 152'
- '#histogram 228 163'
- '#histogram 229 172'
- '#histogram 230 179'
- '#histogram 231 187'
- '#histogram 232 172'
- '#histogram 233 159'
- '#histogram 234 164'
- '#histogram 235 178'
- '#histogram 236 169'
- '#histogram 237 167'
- '#histogram 238 163'
- '#histogram 239 143'
- '#histogram 240 177'
- '#histogram 241 148'
- '#histogram 242 159'
- '#histogram 243 189'
- '#histogram 244 142'
- '#histogram 245 181'
- '#histogram 246 176'
- '#histogram 247 130'
- '#histogram 248 145'
- '#histogram 249 144'
- '#histogram 250 154'
- '#histogram 251 143'
- '#histogram 252 112'
- '#histogram 253 112'
- '#histogram 254 144'
- '#histogram 255 166'
- '#histogram 256 145'
- '#histogram 257 117'
- '#histogram 258 122'
- '#histogram 259 140'
- '#histogram 260 150'
- '#histogram 261 127'
- '#histogram 262 139'
- '#histogram 263 132'
- '#histogram 264 134'
- '#histogram 265 141'
- '#histogram 266 130'
- '#histogram 267 102'
- '#histogram 268 101'
- '#histogram 269 103'
- '#histogram 270 105'
- '#histogram 271 119'
- '#histogram 272 131'
- '#histogram 273 118'
- '#histogram 274 143'
- '#histogram 275 85'
- '#histogram 276 124'
- '#histogram 277 106'
- '#histogram 278 92'
- '#histogram 279 92'
- '#histogram 280 94'
- '#histogram 281 106'
- '#histogram 282 93'
- '#histogram 283 96'
- '#histogram 284 98'
- '#histogram 285 106'
- '#histogram 286 109'
- '#histogram 287 108'
- '#histogram 288 133'
- '#histogram 289 86'
- '#histogram 290 86'
- '#histogram 291 110'
- '#histogram 292 120'
- '#histogram 293 124'
- '#histogram 294 110'
- '#histogram 295 89'
- '#histogram 296 103'
- '#histogram 297 104'
- '#histogram 298 100'
- '#histogram 299 97'
- '#histogram 300 98'
- '#histogram 301 110'
- '#histogram 302 101'
- '#histogram 303 93'
- '#histogram 304 77'
- '#histogram 305 95'
- '#histogram 306 104'
- '#histogram 307 86'
- '#histogram 308 101'
- '#histogram 309 92'
- '#histogram 310 97'
- '#histogram 311 64'
- '#histogram 312 74'
- '#histogram 313 87'
- '#histogram 314 74'
- '#histogram 315 71'
- '#histogram 316 69'
- '#histogram 317 79'
- '#histogram 318 68'
- '#histogram 319 80'
- '#histogram 320 73'
- '#histogram 321 69'
- '#histogram 322 66'
- '#histogram 323 84'
- '#histogram 324 66'
- '#histogram 325 71'
- '#histogram 326 64'
- '#histogram 327 75'
- '#histogram 328 61'
- '#histogram 329 65'
- '#histogram 330 74'
- '#histogram 331 73'
- '#histogram 332 73'
- '#histogram 333 56'
- '#histogram 334 71'
- '#histogram 335 59'
- '#histogram 336 73'
- '#histogram 337 58'
- '#histogram 338 49'
- '#histogram 339 52'
- '#histogram 340 86'
- '#histogram 341 54'
- '#histogram 342 58'
- '#histogram 343 60'
- '#histogram 344 55'
- '#histogram 345 46'
- '#histogram 346 59'
- '#histogram 347 47'
- '#histogram 348 37'
- '#histogram 349 45'
- '#histogram 350 49'
- '#histogram 351 50'
- '#histogram 352 60'
- '#histogram 353 52'
- '#histogram 354 47'
- '#histogram 355 38'
- '#histogram 356 47'
- '#histogram 357 43'
- '#histogram 358 48'
- '#histogram 359 52'
- '#histogram 360 49'
- '#histogram 361 55'
- '#histogram 362 47'
- '#histogram 363 54'
- '#histogram 364 61'
- '#histogram 365 52'
- '#histogram 366 43'
- '#histogram 367 44'
- '#histogram 368 58'
- '#histogram 369 33'
- '#histogram 370 39'
- '#histogram 371 42'
- '#histogram 372 51'
- '#histogram 373 39'
- '#histogram 374 46'
- '#histogram 375 36'
- '#histogram 376 35'
- '#histogram 377 41'
- '#histogram 378 26'
- '#histogram 379 35'
- '#histogram 380 34'
- '#histogram 381 24'
- '#histogram 382 29'
- '#histogram 383 40'
- '#histogram 384 29'
- '#histogram 385 47'
- '#histogram 386 37'
- '#histogram 387 34'
- '#histogram 388 51'
- '#histogram 389 31'
- '#histogram 390 28'
- '#histogram 391 28'
- '#histogram 392 39'
- '#histogram 393 30'
- '#histogram 394 34'
- '#histogram 395 36'
- '#histogram 396 27'
- '#histogram 397 33'
- '#histogram 398 44'
- '#histogram 399 39'
- '#histogram 400 28'
- '#histogram 401 38'
- '#histogram 402 35'
- '#histogram 403 26'
- '#histogram 404 30'
- '#histogram 405 35'
- '#histogram 406 19'
- '#histogram 407 29'
- '#histogram 408 23'
- '#histogram 409 30'
- '#histogram 410 20'
- '#histogram 411 28'
- '#histogram 412 32'
- '#histogram 413 30'
- '#histogram 414 31'
- '#histogram 415 31'
- '#histogram 416 29'
- '#histogram 417 33'
- '#histogram 418 32'
- '#histogram 419 36'
- '#histogram 420 21'
- '#histogram 421 31'
- '#histogram 422 20'
- '#histogram 423 18'
- '#histogram 424 26'
- '#histogram 425 25'
- '#histogram 426 29'
- '#histogram 427 25'
- '#histogram 428 29'
- '#histogram 429 25'
- '#histogram 430 24'
- '#histogram 431 29'
- '#histogram 432 25'
- '#histogram 433 18'
- '#histogram 434 23'
- '#histogram 435 25'
- '#histogram 436 22'
- '#histogram 437 27'
- '#histogram 438 31'
- '#histogram 439 21'
- '#histogram 440 18'
- '#histogram 441 20'
- '#histogram 442 21'
- '#histogram 443 16'
- '#histogram 444 21'
- '#histogram 445 23'
- '#histogram 446 15'
- '#histogram 447 19'
- '#histogram 448 18'
- '#histogram 449 18'
- '#histogram 450 27'
- '#histogram 451 14'
- '#histogram 452 20'
- '#histogram 453 22'
- '#histogram 454 17'
- '#histogram 455 17'
- '#histogram 456 18'
- '#histogram 457 22'
- '#histogram 458 26'
- '#histogram 459 20'
- '#histogram 460 24'
- '#histogram 461 22'
- '#histogram 462 19'
- '#histogram 463 22'
- '#histogram 464 17'
- '#histogram 465 12'
- '#histogram 466 18'
- '#histogram 467 14'
- '#histogram 468 16'
- '#histogram 469 19'
- '#histogram 470 19'
- '#histogram 471 14'
- '#histogram 472 16'
- '#histogram 473 21'
- '#histogram 474 13'
- '#histogram 475 16'
- '#histogram 476 17'
- '#histogram 477 7'
- '#histogram 478 10'
- '#histogram 479 23'
- '#histogram 480 14'
- '#histogram 481 18'
- '#histogram 482 23'
- '#histogram 483 12'
- '#histogram 484 8'
- '#histogram 485 10'
- '#histogram 486 20'
- '#histogram 487 14'
- '#histogram 488 16'
- '#histogram 489 14'
- '#histogram 490 18'
- '#histogram 491 14'
- '#histogram 492 11'
- '#histogram 493 14'
- '#histogram 494 18'
- '#histogram 495 20'
- '#histogram 496 14'
- '#histogram 497 14'
- '#histogram 498 10'
- '#histogram 499 12'
- '#histogram 500 12'
- '#histogram 501 6'
- '#histogram 502 13'
- '#histogram 503 16'
- '#histogram 504 15'
- '#histogram 505 15'
- '#histogram 506 14'
- '#histogram 507 22'
- '#histogram 508 17'
- '#histogram 509 15'
- '#histogram 510 16'
- '#histogram 511 9'
- '#histogram 512 10'
- '#histogram 513 15'
- '#histogram 514 10'
- '#histogram 515 7'
- '#histogram 516 16'
- '#histogram 517 19'
- '#histogram 518 15'
- '#histogram 519 11'
- '#histogram 520 11'
- '#histogram 521 16'
- '#histogram 522 11'
- '#histogram 523 19'
- '#histogram 524 9'
- '#histogram 525 5'
- '#histogram 526 8'
- '#histogram 527 8'
- '#histogram 528 10'
- '#histogram 529 21'
- '#histogram 530 16'
- '#histogram 531 6'
- '#histogram 532 8'
- '#histogram 533 3'
- '#histogram 534 15'
- '#histogram 535 14'
- '#histogram 536 15'
- '#histogram 537 17'
- '#histogram 538 9'
- '#histogram 539 8'
- '#histogram 540 11'
- '#histogram 541 8'
- '#histogram 542 9'
- '#histogram 543 11'
- '#histogram 544 11'
- '#histogram 545 8'
- '#histogram 546 15'
- '#histogram 547 14'
- '#histogram 548 11'
- '#histogram 549 12'
- '#histogram 550 11'
- '#histogram 551 17'
- '#histogram 552 10'
- '#histogram 553 11'
- '#histogram 554 10'
- '#histogram 555 8'
- '#histogram 556 6'
- '#histogram 557 8'
- '#histogram 558 12'
- '#histogram 559 9'
- '#histogram 560 12'
- '#histogram 561 17'
- '#histogram 562 8'
- '#histogram 563 5'
- '#histogram 564 13'
- '#histogram 565 6'
- '#histogram 566 7'
- '#histogram 567 8'
- '#histogram 568 8'
- '#histogram 569 13'
- '#histogram 570 12'
- '#histogram 571 8'
- '#histogram 572 6'
- '#histogram 573 8'
- '#histogram 574 11'
- '#histogram 575 12'
- '#histogram 576 11'
- '#histogram 577 6'
- '#histogram 578 10'
- '#histogram 579 14'
- '#histogram 580 10'
- '#histogram 581 8'
- '#histogram 582 6'
- '#histogram 583 6'
- '#histogram 584 8'
- '#histogram 585 4'
- '#histogram 586 8'
- '#histogram 587 4'
- '#histogram 588 3'
- '#histogram 589 7'
- '#histogram 590 4'
- '#histogram 591 5'
- '#histogram 592 5'
- '#histogram 593 13'
- '#histogram 594 8'
- '#histogram 595 1'
- '#histogram 596 5'
- '#histogram 597 14'
- '#histogram 598 10'
- '#histogram 599 13'
- '#histogram 600 7'
- '#histogram 601 3'
- '#histogram 602 5'
- '#histogram 603 10'
- '#histogram 604 10'
- '#histogram 605 11'
- '#histogram 606 7'
- '#histogram 607 5'
- '#histogram 608 15'
- '#histogram 609 8'
- '#histogram 610 3'
- '#histogram 611 14'
- '#histogram 612 8'
- '#histogram 613 6'
- '#histogram 614 9'
- '#histogram 615 9'
- '#histogram 616 12'
- '#histogram 617 2'
- '#histogram 618 9'
- '#histogram 619 10'
- '#histogram 620 10'
- '#histogram 621 4'
- '#histogram 622 9'
- '#histogram 623 2'
- '#histogram 624 3'
- '#histogram 625 8'
- '#histogram 626 2'
- '#histogram 627 9'
- '#histogram 628 9'
- '#histogram 629 3'
- '#histogram 630 10'
- '#histogram 631 7'
- '#histogram 632 2'
- '#histogram 633 8'
- '#histogram 634 4'
- '#histogram 635 4'
- '#histogram 636 8'
- '#histogram 637 7'
- '#histogram 638 5'
- '#histogram 639 5'
- '#histogram 640 3'
- '#histogram 641 4'
- '#histogram 642 7'
- '#histogram 643 4'
- '#histogram 644 2'
- '#histogram 645 3'
- '#histogram 646 1'
- '#histogram 647 2'
- '#histogram 648 6'
- '#histogram 649 4'
- '#histogram 650 2'
- '#histogram 651 6'
- '#histogram 652 5'
- '#histogram 653 5'
- '#histogram 654 3'
- '#histogram 655 4'
- '#histogram 656 2'
- '#histogram 657 5'
- '#histogram 658 5'
- '#histogram 659 2'
- '#histogram 660 1'
- '#histogram 661 2'
- '#histogram 662 2'
- '#histogram 663 1'
- '#histogram 664 2'
- '#histogram 665 6'
- '#histogram 666 2'
- '#histogram 667 5'
- '#histogram 668 5'
- '#histogram 669 4'
- '#histogram 670 3'
- '#histogram 671 8'
- '#histogram 672 3'
- '#histogram 674 2'
- '#histogram 675 2'
- '#histogram 676 4'
- '#histogram 677 2'
- '#histogram 678 3'
- '#histogram 679 6'
- '#histogram 680 2'
- '#histogram 681 6'
- '#histogram 682 7'
- '#histogram 683 4'
- '#histogram 684 1'
- '#histogram 685 4'
- '#histogram 686 3'
- '#histogram 687 1'
- '#histogram 688 5'
- '#histogram 689 3'
- '#histogram 690 1'
- '#histogram 691 3'
- '#histogram 692 5'
- '#histogram 693 3'
- '#histogram 694 6'
- '#histogram 695 7'
- '#histogram 696 5'
- '#histogram 697 2'
- '#histogram 698 5'
- '#histogram 699 5'
- '#histogram 700 3'
- '#histogram 701 4'
- '#histogram 702 3'
- '#histogram 703 6'
- '#histogram 704 2'
- '#histogram 705 4'
- '#histogram 706 1'
- '#histogram 707 5'
- '#histogram 708 4'
- '#histogram 709 3'
- '#histogram 711 2'
- '#histogram 712 1'
- '#histogram 713 1'
- '#histogram 715 3'
- '#histogram 716 2'
- '#histogram 717 1'
- '#histogram 718 1'
- '#histogram 719 2'
- '#histogram 720 5'
- '#histogram 721 1'
- '#histogram 722 3'
- '#histogram 723 2'
- '#histogram 724 3'
- '#histogram 725 4'
- '#histogram 726 3'
- '#histogram 727 2'
- '#histogram 728 3'
- '#histogram 729 3'
- '#histogram 730 6'
- '#histogram 731 3'
- '#histogram 732 1'
- '#histogram 733 2'
- '#histogram 734 2'
- '#histogram 735 1'
- '#histogram 736 4'
- '#histogram 737 2'
- '#histogram 738 1'
- '#histogram 739 3'
- '#histogram 740 1'
- '#histogram 741 4'
- '#histogram 742 2'
- '#histogram 743 2'
- '#histogram 744 4'
- '#histogram 745 1'
- '#histogram 746 2'
- '#histogram 747 2'
- '#histogram 748 5'
- '#histogram 749 7'
- '#histogram 751 2'
- '#histogram 752 1'
- '#histogram 753 1'
- '#histogram 755 2'
- '#histogram 756 2'
- '#histogram 757 1'
- '#histogram 758 4'
- '#histogram 759 2'
- '#histogram 760 1'
- '#histogram 761 2'
- '#histogram 764 3'
- '#histogram 765 3'
- '#histogram 767 2'
- '#histogram 768 1'
- '#histogram 769 2'
- '#histogram 770 4'
- '#histogram 771 1'
- '#histogram 772 2'
- '#histogram 775 1'
- '#histogram 776 1'
- '#histogram 777 1'
- '#histogram 778 4'
- '#histogram 781 2'
- '#histogram 782 3'
- '#histogram 783 3'
- '#histogram 784 1'
- '#histogram 786 1'
- '#histogram 787 1'
- '#histogram 788 2'
- '#histogram 789 2'
- '#histogram 790 4'
- '#histogram 791 1'
- '#histogram 793 4'
- '#histogram 795 2'
- '#histogram 796 1'
- '#histogram 797 2'
- '#histogram 798 1'
- '#histogram 799 1'
- '#histogram 800 1'
- '#histogram 801 1'
- '#histogram 803 3'
- '#histogram 804 3'
- '#histogram 805 1'
- '#histogram 806 1'
- '#histogram 807 1'
- '#histogram 808 1'
- '#histogram 809 1'
- '#histogram 810 1'
- '#histogram 811 3'
- '#histogram 812 1'
- '#histogram 814 1'
- '#histogram 816 2'
- '#histogram 817 3'
- '#histogram 818 1'
- '#histogram 821 3'
- '#histogram 825 2'
- '#histogram 829 2'
- '#histogram 831 2'
- '#histogram 833 1'
- '#histogram 835 1'
- '#histogram 839 1'
- '#histogram 840 1'
- '#histogram 843 1'
- '#histogram 844 2'
- '#histogram 848 1'
- '#histogram 849 2'
- '#histogram 855 1'
- '#histogram 858 1'
- '#histogram 865 1'
- '#histogram 866 1'
- '#histogram 869 1'
- '#histogram 871 1'
- '#histogram 873 1'
- '#histogram 874 1'
- '#histogram 877 1'
- '#histogram 879 2'
- '#histogram 880 1'
- '#histogram 886 1'
- '#histogram 891 1'
- '#histogram 901 1'
- '#histogram 905 1'
- '#histogram 910 1'
- '#histogram 911 2'
- '#histogram 913 1'
- '#histogram 929 1'
- '#histogram 941 1'
- '#histogram 945 1'
- '#histogram 946 1'
- '#histogram 964 1'
- '#histogram 969 1'
- '#histogram 975 1'
- '#histogram 979 1'
- '#histogram 980 1'
- '#histogram 982 1'
- '#histogram 1000 1'
- '#histogram 1005 1'
- '#histogram 1013 1'
- '#histogram 1040 1'
- '#histogram 1079 1'
- '#histogram 1103 1'
- '#histogram 1108 1'
- '#histogram 4999 2'
- ''
