code: 0
data:
  avg_latency: 0.208752
  histogram:
  - - 0
    - 0
  - - 15
    - 1
  - - 17
    - 1
  - - 18
    - 1
  - - 19
    - 1
  - - 20
    - 1
  - - 22
    - 1
  - - 23
    - 2
  - - 24
    - 4
  - - 26
    - 3
  - - 27
    - 3
  - - 28
    - 3
  - - 29
    - 2
  - - 30
    - 6
  - - 31
    - 11
  - - 32
    - 6
  - - 33
    - 10
  - - 34
    - 7
  - - 35
    - 8
  - - 36
    - 13
  - - 37
    - 16
  - - 38
    - 14
  - - 39
    - 11
  - - 40
    - 23
  - - 41
    - 25
  - - 42
    - 19
  - - 43
    - 24
  - - 44
    - 19
  - - 45
    - 31
  - - 46
    - 34
  - - 47
    - 30
  - - 48
    - 39
  - - 49
    - 30
  - - 50
    - 27
  - - 51
    - 37
  - - 52
    - 49
  - - 53
    - 56
  - - 54
    - 38
  - - 55
    - 56
  - - 56
    - 46
  - - 57
    - 40
  - - 58
    - 52
  - - 59
    - 71
  - - 60
    - 74
  - - 61
    - 93
  - - 62
    - 80
  - - 63
    - 81
  - - 64
    - 89
  - - 65
    - 92
  - - 66
    - 81
  - - 67
    - 107
  - - 68
    - 119
  - - 69
    - 104
  - - 70
    - 101
  - - 71
    - 104
  - - 72
    - 125
  - - 73
    - 121
  - - 74
    - 160
  - - 75
    - 154
  - - 76
    - 145
  - - 77
    - 154
  - - 78
    - 160
  - - 79
    - 141
  - - 80
    - 160
  - - 81
    - 170
  - - 82
    - 182
  - - 83
    - 167
  - - 84
    - 160
  - - 85
    - 167
  - - 86
    - 171
  - - 87
    - 185
  - - 88
    - 187
  - - 89
    - 167
  - - 90
    - 227
  - - 91
    - 196
  - - 92
    - 192
  - - 93
    - 251
  - - 94
    - 241
  - - 95
    - 230
  - - 96
    - 245
  - - 97
    - 222
  - - 98
    - 231
  - - 99
    - 255
  - - 100
    - 254
  - - 101
    - 240
  - - 102
    - 254
  - - 103
    - 245
  - - 104
    - 274
  - - 105
    - 277
  - - 106
    - 261
  - - 107
    - 309
  - - 108
    - 313
  - - 109
    - 288
  - - 110
    - 271
  - - 111
    - 286
  - - 112
    - 323
  - - 113
    - 272
  - - 114
    - 267
  - - 115
    - 257
  - - 116
    - 291
  - - 117
    - 277
  - - 118
    - 289
  - - 119
    - 313
  - - 120
    - 275
  - - 121
    - 284
  - - 122
    - 292
  - - 123
    - 283
  - - 124
    - 260
  - - 125
    - 248
  - - 126
    - 249
  - - 127
    - 283
  - - 128
    - 300
  - - 129
    - 293
  - - 130
    - 286
  - - 131
    - 268
  - - 132
    - 249
  - - 133
    - 258
  - - 134
    - 245
  - - 135
    - 281
  - - 136
    - 261
  - - 137
    - 299
  - - 138
    - 241
  - - 139
    - 297
  - - 140
    - 266
  - - 141
    - 263
  - - 142
    - 287
  - - 143
    - 258
  - - 144
    - 249
  - - 145
    - 253
  - - 146
    - 274
  - - 147
    - 238
  - - 148
    - 308
  - - 149
    - 257
  - - 150
    - 243
  - - 151
    - 237
  - - 152
    - 304
  - - 153
    - 267
  - - 154
    - 269
  - - 155
    - 278
  - - 156
    - 290
  - - 157
    - 244
  - - 158
    - 254
  - - 159
    - 250
  - - 160
    - 257
  - - 161
    - 253
  - - 162
    - 254
  - - 163
    - 236
  - - 164
    - 292
  - - 165
    - 267
  - - 166
    - 242
  - - 167
    - 255
  - - 168
    - 269
  - - 169
    - 254
  - - 170
    - 273
  - - 171
    - 269
  - - 172
    - 276
  - - 173
    - 272
  - - 174
    - 245
  - - 175
    - 274
  - - 176
    - 263
  - - 177
    - 241
  - - 178
    - 240
  - - 179
    - 228
  - - 180
    - 246
  - - 181
    - 226
  - - 182
    - 239
  - - 183
    - 220
  - - 184
    - 243
  - - 185
    - 241
  - - 186
    - 220
  - - 187
    - 239
  - - 188
    - 214
  - - 189
    - 238
  - - 190
    - 217
  - - 191
    - 258
  - - 192
    - 262
  - - 193
    - 225
  - - 194
    - 192
  - - 195
    - 232
  - - 196
    - 227
  - - 197
    - 241
  - - 198
    - 214
  - - 199
    - 193
  - - 200
    - 221
  - - 201
    - 231
  - - 202
    - 204
  - - 203
    - 225
  - - 204
    - 217
  - - 205
    - 178
  - - 206
    - 186
  - - 207
    - 200
  - - 208
    - 202
  - - 209
    - 208
  - - 210
    - 189
  - - 211
    - 206
  - - 212
    - 170
  - - 213
    - 177
  - - 214
    - 158
  - - 215
    - 160
  - - 216
    - 167
  - - 217
    - 175
  - - 218
    - 180
  - - 219
    - 149
  - - 220
    - 175
  - - 221
    - 173
  - - 222
    - 162
  - - 223
    - 192
  - - 224
    - 175
  - - 225
    - 187
  - - 226
    - 190
  - - 227
    - 150
  - - 228
    - 152
  - - 229
    - 165
  - - 230
    - 156
  - - 231
    - 180
  - - 232
    - 185
  - - 233
    - 189
  - - 234
    - 186
  - - 235
    - 151
  - - 236
    - 135
  - - 237
    - 150
  - - 238
    - 146
  - - 239
    - 180
  - - 240
    - 138
  - - 241
    - 157
  - - 242
    - 179
  - - 243
    - 149
  - - 244
    - 154
  - - 245
    - 164
  - - 246
    - 157
  - - 247
    - 164
  - - 248
    - 148
  - - 249
    - 154
  - - 250
    - 152
  - - 251
    - 137
  - - 252
    - 174
  - - 253
    - 151
  - - 254
    - 127
  - - 255
    - 132
  - - 256
    - 126
  - - 257
    - 160
  - - 258
    - 142
  - - 259
    - 135
  - - 260
    - 133
  - - 261
    - 131
  - - 262
    - 132
  - - 263
    - 144
  - - 264
    - 119
  - - 265
    - 117
  - - 266
    - 123
  - - 267
    - 119
  - - 268
    - 136
  - - 269
    - 99
  - - 270
    - 99
  - - 271
    - 119
  - - 272
    - 132
  - - 273
    - 116
  - - 274
    - 133
  - - 275
    - 102
  - - 276
    - 122
  - - 277
    - 115
  - - 278
    - 96
  - - 279
    - 103
  - - 280
    - 106
  - - 281
    - 100
  - - 282
    - 118
  - - 283
    - 104
  - - 284
    - 111
  - - 285
    - 87
  - - 286
    - 110
  - - 287
    - 81
  - - 288
    - 130
  - - 289
    - 81
  - - 290
    - 77
  - - 291
    - 100
  - - 292
    - 108
  - - 293
    - 105
  - - 294
    - 92
  - - 295
    - 89
  - - 296
    - 106
  - - 297
    - 87
  - - 298
    - 114
  - - 299
    - 87
  - - 300
    - 88
  - - 301
    - 82
  - - 302
    - 90
  - - 303
    - 96
  - - 304
    - 69
  - - 305
    - 85
  - - 306
    - 86
  - - 307
    - 103
  - - 308
    - 105
  - - 309
    - 85
  - - 310
    - 86
  - - 311
    - 78
  - - 312
    - 57
  - - 313
    - 71
  - - 314
    - 71
  - - 315
    - 68
  - - 316
    - 71
  - - 317
    - 72
  - - 318
    - 62
  - - 319
    - 51
  - - 320
    - 80
  - - 321
    - 65
  - - 322
    - 79
  - - 323
    - 73
  - - 324
    - 69
  - - 325
    - 63
  - - 326
    - 71
  - - 327
    - 81
  - - 328
    - 66
  - - 329
    - 66
  - - 330
    - 57
  - - 331
    - 71
  - - 332
    - 60
  - - 333
    - 53
  - - 334
    - 59
  - - 335
    - 64
  - - 336
    - 66
  - - 337
    - 72
  - - 338
    - 59
  - - 339
    - 72
  - - 340
    - 60
  - - 341
    - 63
  - - 342
    - 68
  - - 343
    - 76
  - - 344
    - 64
  - - 345
    - 71
  - - 346
    - 47
  - - 347
    - 47
  - - 348
    - 34
  - - 349
    - 51
  - - 350
    - 62
  - - 351
    - 53
  - - 352
    - 50
  - - 353
    - 52
  - - 354
    - 37
  - - 355
    - 32
  - - 356
    - 61
  - - 357
    - 50
  - - 358
    - 54
  - - 359
    - 61
  - - 360
    - 50
  - - 361
    - 39
  - - 362
    - 48
  - - 363
    - 63
  - - 364
    - 39
  - - 365
    - 37
  - - 366
    - 39
  - - 367
    - 45
  - - 368
    - 26
  - - 369
    - 45
  - - 370
    - 38
  - - 371
    - 44
  - - 372
    - 45
  - - 373
    - 55
  - - 374
    - 48
  - - 375
    - 34
  - - 376
    - 53
  - - 377
    - 38
  - - 378
    - 47
  - - 379
    - 40
  - - 380
    - 59
  - - 381
    - 31
  - - 382
    - 27
  - - 383
    - 49
  - - 384
    - 43
  - - 385
    - 41
  - - 386
    - 44
  - - 387
    - 51
  - - 388
    - 40
  - - 389
    - 19
  - - 390
    - 44
  - - 391
    - 35
  - - 392
    - 38
  - - 393
    - 30
  - - 394
    - 51
  - - 395
    - 32
  - - 396
    - 29
  - - 397
    - 56
  - - 398
    - 38
  - - 399
    - 41
  - - 400
    - 30
  - - 401
    - 27
  - - 402
    - 25
  - - 403
    - 39
  - - 404
    - 31
  - - 405
    - 27
  - - 406
    - 34
  - - 407
    - 32
  - - 408
    - 31
  - - 409
    - 30
  - - 410
    - 31
  - - 411
    - 24
  - - 412
    - 31
  - - 413
    - 27
  - - 414
    - 24
  - - 415
    - 29
  - - 416
    - 34
  - - 417
    - 27
  - - 418
    - 25
  - - 419
    - 25
  - - 420
    - 21
  - - 421
    - 22
  - - 422
    - 23
  - - 423
    - 27
  - - 424
    - 42
  - - 425
    - 35
  - - 426
    - 18
  - - 427
    - 39
  - - 428
    - 30
  - - 429
    - 27
  - - 430
    - 30
  - - 431
    - 21
  - - 432
    - 32
  - - 433
    - 24
  - - 434
    - 19
  - - 435
    - 24
  - - 436
    - 20
  - - 437
    - 24
  - - 438
    - 31
  - - 439
    - 30
  - - 440
    - 19
  - - 441
    - 28
  - - 442
    - 25
  - - 443
    - 20
  - - 444
    - 25
  - - 445
    - 22
  - - 446
    - 31
  - - 447
    - 21
  - - 448
    - 16
  - - 449
    - 15
  - - 450
    - 22
  - - 451
    - 22
  - - 452
    - 27
  - - 453
    - 16
  - - 454
    - 18
  - - 455
    - 21
  - - 456
    - 16
  - - 457
    - 15
  - - 458
    - 13
  - - 459
    - 23
  - - 460
    - 18
  - - 461
    - 29
  - - 462
    - 27
  - - 463
    - 22
  - - 464
    - 21
  - - 465
    - 17
  - - 466
    - 17
  - - 467
    - 32
  - - 468
    - 22
  - - 469
    - 18
  - - 470
    - 21
  - - 471
    - 19
  - - 472
    - 12
  - - 473
    - 17
  - - 474
    - 17
  - - 475
    - 15
  - - 476
    - 11
  - - 477
    - 13
  - - 478
    - 16
  - - 479
    - 19
  - - 480
    - 16
  - - 481
    - 12
  - - 482
    - 20
  - - 483
    - 17
  - - 484
    - 14
  - - 485
    - 14
  - - 486
    - 16
  - - 487
    - 16
  - - 488
    - 13
  - - 489
    - 18
  - - 490
    - 17
  - - 491
    - 14
  - - 492
    - 6
  - - 493
    - 15
  - - 494
    - 18
  - - 495
    - 16
  - - 496
    - 25
  - - 497
    - 15
  - - 498
    - 11
  - - 499
    - 9
  - - 500
    - 12
  - - 501
    - 9
  - - 502
    - 12
  - - 503
    - 11
  - - 504
    - 11
  - - 505
    - 10
  - - 506
    - 16
  - - 507
    - 15
  - - 508
    - 13
  - - 509
    - 7
  - - 510
    - 8
  - - 511
    - 11
  - - 512
    - 8
  - - 513
    - 9
  - - 514
    - 13
  - - 515
    - 5
  - - 516
    - 15
  - - 517
    - 10
  - - 518
    - 9
  - - 519
    - 14
  - - 520
    - 13
  - - 521
    - 8
  - - 522
    - 9
  - - 523
    - 12
  - - 524
    - 9
  - - 525
    - 11
  - - 526
    - 10
  - - 527
    - 10
  - - 528
    - 12
  - - 529
    - 10
  - - 530
    - 15
  - - 531
    - 10
  - - 532
    - 11
  - - 533
    - 11
  - - 534
    - 5
  - - 535
    - 14
  - - 536
    - 11
  - - 537
    - 9
  - - 538
    - 12
  - - 539
    - 14
  - - 540
    - 8
  - - 541
    - 15
  - - 542
    - 10
  - - 543
    - 11
  - - 544
    - 9
  - - 545
    - 13
  - - 546
    - 17
  - - 547
    - 11
  - - 548
    - 17
  - - 549
    - 16
  - - 550
    - 16
  - - 551
    - 16
  - - 552
    - 11
  - - 553
    - 12
  - - 554
    - 14
  - - 555
    - 10
  - - 556
    - 11
  - - 557
    - 12
  - - 558
    - 7
  - - 559
    - 7
  - - 560
    - 9
  - - 561
    - 11
  - - 562
    - 11
  - - 563
    - 13
  - - 564
    - 10
  - - 565
    - 6
  - - 566
    - 3
  - - 567
    - 11
  - - 568
    - 6
  - - 569
    - 6
  - - 570
    - 9
  - - 571
    - 10
  - - 572
    - 7
  - - 573
    - 11
  - - 574
    - 11
  - - 575
    - 8
  - - 576
    - 7
  - - 577
    - 12
  - - 578
    - 14
  - - 579
    - 9
  - - 580
    - 3
  - - 581
    - 11
  - - 582
    - 11
  - - 583
    - 10
  - - 584
    - 8
  - - 585
    - 8
  - - 586
    - 6
  - - 587
    - 8
  - - 588
    - 9
  - - 589
    - 7
  - - 590
    - 5
  - - 591
    - 10
  - - 592
    - 3
  - - 593
    - 9
  - - 594
    - 5
  - - 595
    - 5
  - - 596
    - 7
  - - 597
    - 8
  - - 598
    - 16
  - - 599
    - 10
  - - 600
    - 10
  - - 601
    - 9
  - - 602
    - 11
  - - 603
    - 12
  - - 604
    - 8
  - - 605
    - 8
  - - 606
    - 9
  - - 607
    - 6
  - - 608
    - 4
  - - 609
    - 6
  - - 610
    - 8
  - - 611
    - 10
  - - 612
    - 4
  - - 613
    - 5
  - - 614
    - 5
  - - 615
    - 7
  - - 616
    - 2
  - - 617
    - 2
  - - 618
    - 3
  - - 619
    - 10
  - - 620
    - 9
  - - 621
    - 3
  - - 622
    - 4
  - - 623
    - 8
  - - 624
    - 6
  - - 625
    - 7
  - - 626
    - 8
  - - 627
    - 4
  - - 628
    - 8
  - - 629
    - 7
  - - 630
    - 7
  - - 631
    - 3
  - - 632
    - 10
  - - 633
    - 7
  - - 634
    - 4
  - - 635
    - 7
  - - 636
    - 6
  - - 637
    - 5
  - - 638
    - 5
  - - 639
    - 1
  - - 640
    - 7
  - - 641
    - 6
  - - 642
    - 5
  - - 643
    - 8
  - - 644
    - 3
  - - 645
    - 5
  - - 646
    - 5
  - - 647
    - 3
  - - 648
    - 4
  - - 649
    - 4
  - - 650
    - 3
  - - 651
    - 8
  - - 652
    - 2
  - - 653
    - 1
  - - 654
    - 4
  - - 655
    - 3
  - - 656
    - 2
  - - 657
    - 3
  - - 659
    - 3
  - - 661
    - 4
  - - 663
    - 8
  - - 664
    - 3
  - - 665
    - 3
  - - 666
    - 3
  - - 667
    - 2
  - - 668
    - 3
  - - 669
    - 2
  - - 671
    - 5
  - - 672
    - 2
  - - 673
    - 6
  - - 675
    - 1
  - - 676
    - 4
  - - 677
    - 7
  - - 678
    - 7
  - - 679
    - 3
  - - 680
    - 3
  - - 681
    - 4
  - - 682
    - 5
  - - 683
    - 8
  - - 684
    - 2
  - - 685
    - 3
  - - 686
    - 3
  - - 687
    - 4
  - - 688
    - 7
  - - 689
    - 5
  - - 690
    - 3
  - - 691
    - 2
  - - 692
    - 1
  - - 693
    - 4
  - - 694
    - 2
  - - 695
    - 3
  - - 696
    - 3
  - - 697
    - 3
  - - 698
    - 2
  - - 699
    - 4
  - - 701
    - 4
  - - 702
    - 1
  - - 703
    - 2
  - - 704
    - 3
  - - 705
    - 3
  - - 707
    - 1
  - - 708
    - 4
  - - 709
    - 5
  - - 710
    - 4
  - - 711
    - 3
  - - 712
    - 1
  - - 713
    - 3
  - - 714
    - 4
  - - 715
    - 1
  - - 716
    - 3
  - - 717
    - 1
  - - 718
    - 3
  - - 719
    - 1
  - - 720
    - 4
  - - 721
    - 3
  - - 722
    - 7
  - - 724
    - 2
  - - 725
    - 7
  - - 726
    - 4
  - - 727
    - 1
  - - 728
    - 1
  - - 729
    - 3
  - - 730
    - 3
  - - 731
    - 1
  - - 733
    - 2
  - - 734
    - 1
  - - 735
    - 1
  - - 737
    - 4
  - - 738
    - 1
  - - 739
    - 3
  - - 740
    - 5
  - - 741
    - 1
  - - 743
    - 2
  - - 744
    - 3
  - - 746
    - 1
  - - 747
    - 1
  - - 748
    - 2
  - - 749
    - 2
  - - 750
    - 2
  - - 751
    - 2
  - - 752
    - 4
  - - 753
    - 1
  - - 754
    - 2
  - - 755
    - 4
  - - 756
    - 2
  - - 757
    - 3
  - - 758
    - 2
  - - 759
    - 3
  - - 760
    - 1
  - - 761
    - 1
  - - 762
    - 2
  - - 763
    - 1
  - - 765
    - 2
  - - 766
    - 6
  - - 767
    - 5
  - - 768
    - 2
  - - 769
    - 2
  - - 770
    - 1
  - - 771
    - 2
  - - 772
    - 1
  - - 775
    - 3
  - - 776
    - 1
  - - 779
    - 1
  - - 780
    - 1
  - - 781
    - 2
  - - 782
    - 3
  - - 783
    - 1
  - - 785
    - 1
  - - 786
    - 4
  - - 788
    - 2
  - - 790
    - 1
  - - 793
    - 3
  - - 795
    - 2
  - - 796
    - 1
  - - 798
    - 1
  - - 799
    - 1
  - - 800
    - 2
  - - 801
    - 3
  - - 802
    - 1
  - - 804
    - 3
  - - 806
    - 1
  - - 807
    - 1
  - - 808
    - 1
  - - 809
    - 3
  - - 811
    - 1
  - - 813
    - 1
  - - 814
    - 2
  - - 815
    - 1
  - - 816
    - 1
  - - 822
    - 1
  - - 823
    - 2
  - - 824
    - 3
  - - 829
    - 1
  - - 833
    - 1
  - - 836
    - 3
  - - 837
    - 2
  - - 839
    - 2
  - - 840
    - 2
  - - 842
    - 1
  - - 843
    - 2
  - - 850
    - 1
  - - 852
    - 1
  - - 855
    - 1
  - - 856
    - 1
  - - 858
    - 1
  - - 859
    - 1
  - - 865
    - 2
  - - 869
    - 1
  - - 874
    - 1
  - - 880
    - 1
  - - 881
    - 1
  - - 883
    - 1
  - - 885
    - 1
  - - 886
    - 2
  - - 889
    - 1
  - - 891
    - 1
  - - 892
    - 1
  - - 894
    - 2
  - - 896
    - 1
  - - 902
    - 1
  - - 905
    - 1
  - - 910
    - 1
  - - 915
    - 1
  - - 917
    - 1
  - - 920
    - 1
  - - 924
    - 2
  - - 930
    - 1
  - - 932
    - 1
  - - 935
    - 2
  - - 937
    - 1
  - - 945
    - 1
  - - 951
    - 1
  - - 956
    - 1
  - - 960
    - 1
  - - 983
    - 1
  - - 986
    - 2
  - - 1008
    - 1
  - - 1015
    - 1
  - - 1021
    - 1
  - - 1026
    - 1
  - - 1028
    - 1
  - - 1036
    - 1
  - - 1038
    - 1
  - - 1045
    - 1
  - - 1051
    - 2
  - - 1089
    - 1
  - - 1120
    - 1
  - - 1121
    - 1
  latency_50_percentile: 180.0
  latency_95_percentile: 440.0
  latency_99_5_percentile: 699.0
  latency_99_percentile: 626.0
  max_kubedns_cpu: 615
  max_kubedns_memory: 30
  max_latency: 1.121509
  max_perfserver_cpu: 0
  max_perfserver_memory: 0
  min_latency: 0.015864
  msg: null
  ok: true
  qps: 477.812863
  queries_completed: 57462
  queries_lost: 0
  queries_sent: 57462
  run_time: 120.260471
  stddev_latency: 0.118164
params:
  max_qps: null
  pod_name: dns-perf-client-858fb7568b-dfvbs
  query_file: all-queries.txt
  run_id: 1777664506
  run_length_seconds: 120
  run_subid: 0
stderr:
- ''
stdout:
- DNS Performance Testing Tool
- Nominum Version 2.1.0.0
- ''
- '[Status] Command line: dnsperf -s 10.0.0.10 -l 120 -d /queries/all-queries.txt'
- '[Status] Sending queries (to 10.0.0.10)'
- '[Status] Started at: Fri May  1 19:42:17 2026'
- '[Status] Stopping after 120.000000 seconds'
- '[Status] Testing complete (time limit)'
- ''
- 'Statistics:'
- ''
- '  Queries sent:         57462'
- '  Queries completed:    57462 (100.00%)'
- '  Queries lost:         0 (0.00%)'
- ''
- '  Response codes:       NOERROR 6894 (12.00%), NXDOMAIN 50568 (88.00%)'
- '  Average packet size:  request 39, response 122'
- '  Run time (s):         120.260471'
- '  Queries per second:   477.812863'
- ''
- '  Average Latency (s):  0.208752 (min 0.015864, max 1.121509)'
- '  Latency StdDev (s):   0.118164'
- ''
- '  Latency histogram'
- '#histogram 0 0'
- '#histogram 15 1'
- '#histogram 17 1'
- '#histogram 18 1'
- '#histogram 19 1'
- '#histogram 20 1'
- '#histogram 22 1'
- '#histogram 23 2'
- '#histogram 24 4'
- '#histogram 26 3'
- '#histogram 27 3'
- '#histogram 28 3'
- '#histogram 29 2'
- '#histogram 30 6'
- '#histogram 31 11'
- '#histogram 32 6'
- '#histogram 33 10'
- '#histogram 34 7'
- '#histogram 35 8'
- '#histogram 36 13'
- '#histogram 37 16'
- '#histogram 38 14'
- '#histogram 39 11'
- '#histogram 40 23'
- '#histogram 41 25'
- '#histogram 42 19'
- '#histogram 43 24'
- '#histogram 44 19'
- '#histogram 45 31'
- '#histogram 46 34'
- '#histogram 47 30'
- '#histogram 48 39'
- '#histogram 49 30'
- '#histogram 50 27'
- '#histogram 51 37'
- '#histogram 52 49'
- '#histogram 53 56'
- '#histogram 54 38'
- '#histogram 55 56'
- '#histogram 56 46'
- '#histogram 57 40'
- '#histogram 58 52'
- '#histogram 59 71'
- '#histogram 60 74'
- '#histogram 61 93'
- '#histogram 62 80'
- '#histogram 63 81'
- '#histogram 64 89'
- '#histogram 65 92'
- '#histogram 66 81'
- '#histogram 67 107'
- '#histogram 68 119'
- '#histogram 69 104'
- '#histogram 70 101'
- '#histogram 71 104'
- '#histogram 72 125'
- '#histogram 73 121'
- '#histogram 74 160'
- '#histogram 75 154'
- '#histogram 76 145'
- '#histogram 77 154'
- '#histogram 78 160'
- '#histogram 79 141'
- '#histogram 80 160'
- '#histogram 81 170'
- '#histogram 82 182'
- '#histogram 83 167'
- '#histogram 84 160'
- '#histogram 85 167'
- '#histogram 86 171'
- '#histogram 87 185'
- '#histogram 88 187'
- '#histogram 89 167'
- '#histogram 90 227'
- '#histogram 91 196'
- '#histogram 92 192'
- '#histogram 93 251'
- '#histogram 94 241'
- '#histogram 95 230'
- '#histogram 96 245'
- '#histogram 97 222'
- '#histogram 98 231'
- '#histogram 99 255'
- '#histogram 100 254'
- '#histogram 101 240'
- '#histogram 102 254'
- '#histogram 103 245'
- '#histogram 104 274'
- '#histogram 105 277'
- '#histogram 106 261'
- '#histogram 107 309'
- '#histogram 108 313'
- '#histogram 109 288'
- '#histogram 110 271'
- '#histogram 111 286'
- '#histogram 112 323'
- '#histogram 113 272'
- '#histogram 114 267'
- '#histogram 115 257'
- '#histogram 116 291'
- '#histogram 117 277'
- '#histogram 118 289'
- '#histogram 119 313'
- '#histogram 120 275'
- '#histogram 121 284'
- '#histogram 122 292'
- '#histogram 123 283'
- '#histogram 124 260'
- '#histogram 125 248'
- '#histogram 126 249'
- '#histogram 127 283'
- '#histogram 128 300'
- '#histogram 129 293'
- '#histogram 130 286'
- '#histogram 131 268'
- '#histogram 132 249'
- '#histogram 133 258'
- '#histogram 134 245'
- '#histogram 135 281'
- '#histogram 136 261'
- '#histogram 137 299'
- '#histogram 138 241'
- '#histogram 139 297'
- '#histogram 140 266'
- '#histogram 141 263'
- '#histogram 142 287'
- '#histogram 143 258'
- '#histogram 144 249'
- '#histogram 145 253'
- '#histogram 146 274'
- '#histogram 147 238'
- '#histogram 148 308'
- '#histogram 149 257'
- '#histogram 150 243'
- '#histogram 151 237'
- '#histogram 152 304'
- '#histogram 153 267'
- '#histogram 154 269'
- '#histogram 155 278'
- '#histogram 156 290'
- '#histogram 157 244'
- '#histogram 158 254'
- '#histogram 159 250'
- '#histogram 160 257'
- '#histogram 161 253'
- '#histogram 162 254'
- '#histogram 163 236'
- '#histogram 164 292'
- '#histogram 165 267'
- '#histogram 166 242'
- '#histogram 167 255'
- '#histogram 168 269'
- '#histogram 169 254'
- '#histogram 170 273'
- '#histogram 171 269'
- '#histogram 172 276'
- '#histogram 173 272'
- '#histogram 174 245'
- '#histogram 175 274'
- '#histogram 176 263'
- '#histogram 177 241'
- '#histogram 178 240'
- '#histogram 179 228'
- '#histogram 180 246'
- '#histogram 181 226'
- '#histogram 182 239'
- '#histogram 183 220'
- '#histogram 184 243'
- '#histogram 185 241'
- '#histogram 186 220'
- '#histogram 187 239'
- '#histogram 188 214'
- '#histogram 189 238'
- '#histogram 190 217'
- '#histogram 191 258'
- '#histogram 192 262'
- '#histogram 193 225'
- '#histogram 194 192'
- '#histogram 195 232'
- '#histogram 196 227'
- '#histogram 197 241'
- '#histogram 198 214'
- '#histogram 199 193'
- '#histogram 200 221'
- '#histogram 201 231'
- '#histogram 202 204'
- '#histogram 203 225'
- '#histogram 204 217'
- '#histogram 205 178'
- '#histogram 206 186'
- '#histogram 207 200'
- '#histogram 208 202'
- '#histogram 209 208'
- '#histogram 210 189'
- '#histogram 211 206'
- '#histogram 212 170'
- '#histogram 213 177'
- '#histogram 214 158'
- '#histogram 215 160'
- '#histogram 216 167'
- '#histogram 217 175'
- '#histogram 218 180'
- '#histogram 219 149'
- '#histogram 220 175'
- '#histogram 221 173'
- '#histogram 222 162'
- '#histogram 223 192'
- '#histogram 224 175'
- '#histogram 225 187'
- '#histogram 226 190'
- '#histogram 227 150'
- '#histogram 228 152'
- '#histogram 229 165'
- '#histogram 230 156'
- '#histogram 231 180'
- '#histogram 232 185'
- '#histogram 233 189'
- '#histogram 234 186'
- '#histogram 235 151'
- '#histogram 236 135'
- '#histogram 237 150'
- '#histogram 238 146'
- '#histogram 239 180'
- '#histogram 240 138'
- '#histogram 241 157'
- '#histogram 242 179'
- '#histogram 243 149'
- '#histogram 244 154'
- '#histogram 245 164'
- '#histogram 246 157'
- '#histogram 247 164'
- '#histogram 248 148'
- '#histogram 249 154'
- '#histogram 250 152'
- '#histogram 251 137'
- '#histogram 252 174'
- '#histogram 253 151'
- '#histogram 254 127'
- '#histogram 255 132'
- '#histogram 256 126'
- '#histogram 257 160'
- '#histogram 258 142'
- '#histogram 259 135'
- '#histogram 260 133'
- '#histogram 261 131'
- '#histogram 262 132'
- '#histogram 263 144'
- '#histogram 264 119'
- '#histogram 265 117'
- '#histogram 266 123'
- '#histogram 267 119'
- '#histogram 268 136'
- '#histogram 269 99'
- '#histogram 270 99'
- '#histogram 271 119'
- '#histogram 272 132'
- '#histogram 273 116'
- '#histogram 274 133'
- '#histogram 275 102'
- '#histogram 276 122'
- '#histogram 277 115'
- '#histogram 278 96'
- '#histogram 279 103'
- '#histogram 280 106'
- '#histogram 281 100'
- '#histogram 282 118'
- '#histogram 283 104'
- '#histogram 284 111'
- '#histogram 285 87'
- '#histogram 286 110'
- '#histogram 287 81'
- '#histogram 288 130'
- '#histogram 289 81'
- '#histogram 290 77'
- '#histogram 291 100'
- '#histogram 292 108'
- '#histogram 293 105'
- '#histogram 294 92'
- '#histogram 295 89'
- '#histogram 296 106'
- '#histogram 297 87'
- '#histogram 298 114'
- '#histogram 299 87'
- '#histogram 300 88'
- '#histogram 301 82'
- '#histogram 302 90'
- '#histogram 303 96'
- '#histogram 304 69'
- '#histogram 305 85'
- '#histogram 306 86'
- '#histogram 307 103'
- '#histogram 308 105'
- '#histogram 309 85'
- '#histogram 310 86'
- '#histogram 311 78'
- '#histogram 312 57'
- '#histogram 313 71'
- '#histogram 314 71'
- '#histogram 315 68'
- '#histogram 316 71'
- '#histogram 317 72'
- '#histogram 318 62'
- '#histogram 319 51'
- '#histogram 320 80'
- '#histogram 321 65'
- '#histogram 322 79'
- '#histogram 323 73'
- '#histogram 324 69'
- '#histogram 325 63'
- '#histogram 326 71'
- '#histogram 327 81'
- '#histogram 328 66'
- '#histogram 329 66'
- '#histogram 330 57'
- '#histogram 331 71'
- '#histogram 332 60'
- '#histogram 333 53'
- '#histogram 334 59'
- '#histogram 335 64'
- '#histogram 336 66'
- '#histogram 337 72'
- '#histogram 338 59'
- '#histogram 339 72'
- '#histogram 340 60'
- '#histogram 341 63'
- '#histogram 342 68'
- '#histogram 343 76'
- '#histogram 344 64'
- '#histogram 345 71'
- '#histogram 346 47'
- '#histogram 347 47'
- '#histogram 348 34'
- '#histogram 349 51'
- '#histogram 350 62'
- '#histogram 351 53'
- '#histogram 352 50'
- '#histogram 353 52'
- '#histogram 354 37'
- '#histogram 355 32'
- '#histogram 356 61'
- '#histogram 357 50'
- '#histogram 358 54'
- '#histogram 359 61'
- '#histogram 360 50'
- '#histogram 361 39'
- '#histogram 362 48'
- '#histogram 363 63'
- '#histogram 364 39'
- '#histogram 365 37'
- '#histogram 366 39'
- '#histogram 367 45'
- '#histogram 368 26'
- '#histogram 369 45'
- '#histogram 370 38'
- '#histogram 371 44'
- '#histogram 372 45'
- '#histogram 373 55'
- '#histogram 374 48'
- '#histogram 375 34'
- '#histogram 376 53'
- '#histogram 377 38'
- '#histogram 378 47'
- '#histogram 379 40'
- '#histogram 380 59'
- '#histogram 381 31'
- '#histogram 382 27'
- '#histogram 383 49'
- '#histogram 384 43'
- '#histogram 385 41'
- '#histogram 386 44'
- '#histogram 387 51'
- '#histogram 388 40'
- '#histogram 389 19'
- '#histogram 390 44'
- '#histogram 391 35'
- '#histogram 392 38'
- '#histogram 393 30'
- '#histogram 394 51'
- '#histogram 395 32'
- '#histogram 396 29'
- '#histogram 397 56'
- '#histogram 398 38'
- '#histogram 399 41'
- '#histogram 400 30'
- '#histogram 401 27'
- '#histogram 402 25'
- '#histogram 403 39'
- '#histogram 404 31'
- '#histogram 405 27'
- '#histogram 406 34'
- '#histogram 407 32'
- '#histogram 408 31'
- '#histogram 409 30'
- '#histogram 410 31'
- '#histogram 411 24'
- '#histogram 412 31'
- '#histogram 413 27'
- '#histogram 414 24'
- '#histogram 415 29'
- '#histogram 416 34'
- '#histogram 417 27'
- '#histogram 418 25'
- '#histogram 419 25'
- '#histogram 420 21'
- '#histogram 421 22'
- '#histogram 422 23'
- '#histogram 423 27'
- '#histogram 424 42'
- '#histogram 425 35'
- '#histogram 426 18'
- '#histogram 427 39'
- '#histogram 428 30'
- '#histogram 429 27'
- '#histogram 430 30'
- '#histogram 431 21'
- '#histogram 432 32'
- '#histogram 433 24'
- '#histogram 434 19'
- '#histogram 435 24'
- '#histogram 436 20'
- '#histogram 437 24'
- '#histogram 438 31'
- '#histogram 439 30'
- '#histogram 440 19'
- '#histogram 441 28'
- '#histogram 442 25'
- '#histogram 443 20'
- '#histogram 444 25'
- '#histogram 445 22'
- '#histogram 446 31'
- '#histogram 447 21'
- '#histogram 448 16'
- '#histogram 449 15'
- '#histogram 450 22'
- '#histogram 451 22'
- '#histogram 452 27'
- '#histogram 453 16'
- '#histogram 454 18'
- '#histogram 455 21'
- '#histogram 456 16'
- '#histogram 457 15'
- '#histogram 458 13'
- '#histogram 459 23'
- '#histogram 460 18'
- '#histogram 461 29'
- '#histogram 462 27'
- '#histogram 463 22'
- '#histogram 464 21'
- '#histogram 465 17'
- '#histogram 466 17'
- '#histogram 467 32'
- '#histogram 468 22'
- '#histogram 469 18'
- '#histogram 470 21'
- '#histogram 471 19'
- '#histogram 472 12'
- '#histogram 473 17'
- '#histogram 474 17'
- '#histogram 475 15'
- '#histogram 476 11'
- '#histogram 477 13'
- '#histogram 478 16'
- '#histogram 479 19'
- '#histogram 480 16'
- '#histogram 481 12'
- '#histogram 482 20'
- '#histogram 483 17'
- '#histogram 484 14'
- '#histogram 485 14'
- '#histogram 486 16'
- '#histogram 487 16'
- '#histogram 488 13'
- '#histogram 489 18'
- '#histogram 490 17'
- '#histogram 491 14'
- '#histogram 492 6'
- '#histogram 493 15'
- '#histogram 494 18'
- '#histogram 495 16'
- '#histogram 496 25'
- '#histogram 497 15'
- '#histogram 498 11'
- '#histogram 499 9'
- '#histogram 500 12'
- '#histogram 501 9'
- '#histogram 502 12'
- '#histogram 503 11'
- '#histogram 504 11'
- '#histogram 505 10'
- '#histogram 506 16'
- '#histogram 507 15'
- '#histogram 508 13'
- '#histogram 509 7'
- '#histogram 510 8'
- '#histogram 511 11'
- '#histogram 512 8'
- '#histogram 513 9'
- '#histogram 514 13'
- '#histogram 515 5'
- '#histogram 516 15'
- '#histogram 517 10'
- '#histogram 518 9'
- '#histogram 519 14'
- '#histogram 520 13'
- '#histogram 521 8'
- '#histogram 522 9'
- '#histogram 523 12'
- '#histogram 524 9'
- '#histogram 525 11'
- '#histogram 526 10'
- '#histogram 527 10'
- '#histogram 528 12'
- '#histogram 529 10'
- '#histogram 530 15'
- '#histogram 531 10'
- '#histogram 532 11'
- '#histogram 533 11'
- '#histogram 534 5'
- '#histogram 535 14'
- '#histogram 536 11'
- '#histogram 537 9'
- '#histogram 538 12'
- '#histogram 539 14'
- '#histogram 540 8'
- '#histogram 541 15'
- '#histogram 542 10'
- '#histogram 543 11'
- '#histogram 544 9'
- '#histogram 545 13'
- '#histogram 546 17'
- '#histogram 547 11'
- '#histogram 548 17'
- '#histogram 549 16'
- '#histogram 550 16'
- '#histogram 551 16'
- '#histogram 552 11'
- '#histogram 553 12'
- '#histogram 554 14'
- '#histogram 555 10'
- '#histogram 556 11'
- '#histogram 557 12'
- '#histogram 558 7'
- '#histogram 559 7'
- '#histogram 560 9'
- '#histogram 561 11'
- '#histogram 562 11'
- '#histogram 563 13'
- '#histogram 564 10'
- '#histogram 565 6'
- '#histogram 566 3'
- '#histogram 567 11'
- '#histogram 568 6'
- '#histogram 569 6'
- '#histogram 570 9'
- '#histogram 571 10'
- '#histogram 572 7'
- '#histogram 573 11'
- '#histogram 574 11'
- '#histogram 575 8'
- '#histogram 576 7'
- '#histogram 577 12'
- '#histogram 578 14'
- '#histogram 579 9'
- '#histogram 580 3'
- '#histogram 581 11'
- '#histogram 582 11'
- '#histogram 583 10'
- '#histogram 584 8'
- '#histogram 585 8'
- '#histogram 586 6'
- '#histogram 587 8'
- '#histogram 588 9'
- '#histogram 589 7'
- '#histogram 590 5'
- '#histogram 591 10'
- '#histogram 592 3'
- '#histogram 593 9'
- '#histogram 594 5'
- '#histogram 595 5'
- '#histogram 596 7'
- '#histogram 597 8'
- '#histogram 598 16'
- '#histogram 599 10'
- '#histogram 600 10'
- '#histogram 601 9'
- '#histogram 602 11'
- '#histogram 603 12'
- '#histogram 604 8'
- '#histogram 605 8'
- '#histogram 606 9'
- '#histogram 607 6'
- '#histogram 608 4'
- '#histogram 609 6'
- '#histogram 610 8'
- '#histogram 611 10'
- '#histogram 612 4'
- '#histogram 613 5'
- '#histogram 614 5'
- '#histogram 615 7'
- '#histogram 616 2'
- '#histogram 617 2'
- '#histogram 618 3'
- '#histogram 619 10'
- '#histogram 620 9'
- '#histogram 621 3'
- '#histogram 622 4'
- '#histogram 623 8'
- '#histogram 624 6'
- '#histogram 625 7'
- '#histogram 626 8'
- '#histogram 627 4'
- '#histogram 628 8'
- '#histogram 629 7'
- '#histogram 630 7'
- '#histogram 631 3'
- '#histogram 632 10'
- '#histogram 633 7'
- '#histogram 634 4'
- '#histogram 635 7'
- '#histogram 636 6'
- '#histogram 637 5'
- '#histogram 638 5'
- '#histogram 639 1'
- '#histogram 640 7'
- '#histogram 641 6'
- '#histogram 642 5'
- '#histogram 643 8'
- '#histogram 644 3'
- '#histogram 645 5'
- '#histogram 646 5'
- '#histogram 647 3'
- '#histogram 648 4'
- '#histogram 649 4'
- '#histogram 650 3'
- '#histogram 651 8'
- '#histogram 652 2'
- '#histogram 653 1'
- '#histogram 654 4'
- '#histogram 655 3'
- '#histogram 656 2'
- '#histogram 657 3'
- '#histogram 659 3'
- '#histogram 661 4'
- '#histogram 663 8'
- '#histogram 664 3'
- '#histogram 665 3'
- '#histogram 666 3'
- '#histogram 667 2'
- '#histogram 668 3'
- '#histogram 669 2'
- '#histogram 671 5'
- '#histogram 672 2'
- '#histogram 673 6'
- '#histogram 675 1'
- '#histogram 676 4'
- '#histogram 677 7'
- '#histogram 678 7'
- '#histogram 679 3'
- '#histogram 680 3'
- '#histogram 681 4'
- '#histogram 682 5'
- '#histogram 683 8'
- '#histogram 684 2'
- '#histogram 685 3'
- '#histogram 686 3'
- '#histogram 687 4'
- '#histogram 688 7'
- '#histogram 689 5'
- '#histogram 690 3'
- '#histogram 691 2'
- '#histogram 692 1'
- '#histogram 693 4'
- '#histogram 694 2'
- '#histogram 695 3'
- '#histogram 696 3'
- '#histogram 697 3'
- '#histogram 698 2'
- '#histogram 699 4'
- '#histogram 701 4'
- '#histogram 702 1'
- '#histogram 703 2'
- '#histogram 704 3'
- '#histogram 705 3'
- '#histogram 707 1'
- '#histogram 708 4'
- '#histogram 709 5'
- '#histogram 710 4'
- '#histogram 711 3'
- '#histogram 712 1'
- '#histogram 713 3'
- '#histogram 714 4'
- '#histogram 715 1'
- '#histogram 716 3'
- '#histogram 717 1'
- '#histogram 718 3'
- '#histogram 719 1'
- '#histogram 720 4'
- '#histogram 721 3'
- '#histogram 722 7'
- '#histogram 724 2'
- '#histogram 725 7'
- '#histogram 726 4'
- '#histogram 727 1'
- '#histogram 728 1'
- '#histogram 729 3'
- '#histogram 730 3'
- '#histogram 731 1'
- '#histogram 733 2'
- '#histogram 734 1'
- '#histogram 735 1'
- '#histogram 737 4'
- '#histogram 738 1'
- '#histogram 739 3'
- '#histogram 740 5'
- '#histogram 741 1'
- '#histogram 743 2'
- '#histogram 744 3'
- '#histogram 746 1'
- '#histogram 747 1'
- '#histogram 748 2'
- '#histogram 749 2'
- '#histogram 750 2'
- '#histogram 751 2'
- '#histogram 752 4'
- '#histogram 753 1'
- '#histogram 754 2'
- '#histogram 755 4'
- '#histogram 756 2'
- '#histogram 757 3'
- '#histogram 758 2'
- '#histogram 759 3'
- '#histogram 760 1'
- '#histogram 761 1'
- '#histogram 762 2'
- '#histogram 763 1'
- '#histogram 765 2'
- '#histogram 766 6'
- '#histogram 767 5'
- '#histogram 768 2'
- '#histogram 769 2'
- '#histogram 770 1'
- '#histogram 771 2'
- '#histogram 772 1'
- '#histogram 775 3'
- '#histogram 776 1'
- '#histogram 779 1'
- '#histogram 780 1'
- '#histogram 781 2'
- '#histogram 782 3'
- '#histogram 783 1'
- '#histogram 785 1'
- '#histogram 786 4'
- '#histogram 788 2'
- '#histogram 790 1'
- '#histogram 793 3'
- '#histogram 795 2'
- '#histogram 796 1'
- '#histogram 798 1'
- '#histogram 799 1'
- '#histogram 800 2'
- '#histogram 801 3'
- '#histogram 802 1'
- '#histogram 804 3'
- '#histogram 806 1'
- '#histogram 807 1'
- '#histogram 808 1'
- '#histogram 809 3'
- '#histogram 811 1'
- '#histogram 813 1'
- '#histogram 814 2'
- '#histogram 815 1'
- '#histogram 816 1'
- '#histogram 822 1'
- '#histogram 823 2'
- '#histogram 824 3'
- '#histogram 829 1'
- '#histogram 833 1'
- '#histogram 836 3'
- '#histogram 837 2'
- '#histogram 839 2'
- '#histogram 840 2'
- '#histogram 842 1'
- '#histogram 843 2'
- '#histogram 850 1'
- '#histogram 852 1'
- '#histogram 855 1'
- '#histogram 856 1'
- '#histogram 858 1'
- '#histogram 859 1'
- '#histogram 865 2'
- '#histogram 869 1'
- '#histogram 874 1'
- '#histogram 880 1'
- '#histogram 881 1'
- '#histogram 883 1'
- '#histogram 885 1'
- '#histogram 886 2'
- '#histogram 889 1'
- '#histogram 891 1'
- '#histogram 892 1'
- '#histogram 894 2'
- '#histogram 896 1'
- '#histogram 902 1'
- '#histogram 905 1'
- '#histogram 910 1'
- '#histogram 915 1'
- '#histogram 917 1'
- '#histogram 920 1'
- '#histogram 924 2'
- '#histogram 930 1'
- '#histogram 932 1'
- '#histogram 935 2'
- '#histogram 937 1'
- '#histogram 945 1'
- '#histogram 951 1'
- '#histogram 956 1'
- '#histogram 960 1'
- '#histogram 983 1'
- '#histogram 986 2'
- '#histogram 1008 1'
- '#histogram 1015 1'
- '#histogram 1021 1'
- '#histogram 1026 1'
- '#histogram 1028 1'
- '#histogram 1036 1'
- '#histogram 1038 1'
- '#histogram 1045 1'
- '#histogram 1051 2'
- '#histogram 1089 1'
- '#histogram 1120 1'
- '#histogram 1121 1'
- ''
