code: 0
data:
  avg_latency: 0.156487
  histogram:
  - - 0
    - 0
  - - 9
    - 1
  - - 11
    - 2
  - - 12
    - 1
  - - 13
    - 1
  - - 14
    - 3
  - - 15
    - 2
  - - 17
    - 2
  - - 18
    - 2
  - - 19
    - 6
  - - 20
    - 3
  - - 21
    - 4
  - - 22
    - 4
  - - 23
    - 10
  - - 24
    - 5
  - - 25
    - 9
  - - 26
    - 9
  - - 27
    - 8
  - - 28
    - 9
  - - 29
    - 14
  - - 30
    - 16
  - - 31
    - 21
  - - 32
    - 8
  - - 33
    - 19
  - - 34
    - 19
  - - 35
    - 23
  - - 36
    - 23
  - - 37
    - 17
  - - 38
    - 27
  - - 39
    - 33
  - - 40
    - 27
  - - 41
    - 30
  - - 42
    - 36
  - - 43
    - 23
  - - 44
    - 42
  - - 45
    - 32
  - - 46
    - 49
  - - 47
    - 39
  - - 48
    - 36
  - - 49
    - 43
  - - 50
    - 56
  - - 51
    - 49
  - - 52
    - 59
  - - 53
    - 62
  - - 54
    - 63
  - - 55
    - 74
  - - 56
    - 59
  - - 57
    - 91
  - - 58
    - 88
  - - 59
    - 88
  - - 60
    - 83
  - - 61
    - 94
  - - 62
    - 77
  - - 63
    - 98
  - - 64
    - 85
  - - 65
    - 106
  - - 66
    - 107
  - - 67
    - 116
  - - 68
    - 123
  - - 69
    - 148
  - - 70
    - 123
  - - 71
    - 146
  - - 72
    - 176
  - - 73
    - 160
  - - 74
    - 146
  - - 75
    - 181
  - - 76
    - 201
  - - 77
    - 185
  - - 78
    - 221
  - - 79
    - 191
  - - 80
    - 225
  - - 81
    - 218
  - - 82
    - 241
  - - 83
    - 242
  - - 84
    - 240
  - - 85
    - 251
  - - 86
    - 334
  - - 87
    - 268
  - - 88
    - 253
  - - 89
    - 279
  - - 90
    - 283
  - - 91
    - 297
  - - 92
    - 306
  - - 93
    - 340
  - - 94
    - 359
  - - 95
    - 314
  - - 96
    - 359
  - - 97
    - 370
  - - 98
    - 403
  - - 99
    - 428
  - - 100
    - 405
  - - 101
    - 392
  - - 102
    - 471
  - - 103
    - 466
  - - 104
    - 446
  - - 105
    - 490
  - - 106
    - 468
  - - 107
    - 472
  - - 108
    - 526
  - - 109
    - 494
  - - 110
    - 524
  - - 111
    - 512
  - - 112
    - 477
  - - 113
    - 478
  - - 114
    - 590
  - - 115
    - 508
  - - 116
    - 579
  - - 117
    - 563
  - - 118
    - 527
  - - 119
    - 553
  - - 120
    - 555
  - - 121
    - 553
  - - 122
    - 556
  - - 123
    - 554
  - - 124
    - 510
  - - 125
    - 543
  - - 126
    - 556
  - - 127
    - 592
  - - 128
    - 639
  - - 129
    - 599
  - - 130
    - 561
  - - 131
    - 640
  - - 132
    - 610
  - - 133
    - 544
  - - 134
    - 576
  - - 135
    - 683
  - - 136
    - 603
  - - 137
    - 638
  - - 138
    - 618
  - - 139
    - 605
  - - 140
    - 636
  - - 141
    - 608
  - - 142
    - 588
  - - 143
    - 670
  - - 144
    - 675
  - - 145
    - 602
  - - 146
    - 647
  - - 147
    - 667
  - - 148
    - 659
  - - 149
    - 563
  - - 150
    - 617
  - - 151
    - 633
  - - 152
    - 530
  - - 153
    - 560
  - - 154
    - 605
  - - 155
    - 592
  - - 156
    - 551
  - - 157
    - 605
  - - 158
    - 684
  - - 159
    - 626
  - - 160
    - 553
  - - 161
    - 605
  - - 162
    - 550
  - - 163
    - 515
  - - 164
    - 544
  - - 165
    - 519
  - - 166
    - 510
  - - 167
    - 560
  - - 168
    - 556
  - - 169
    - 562
  - - 170
    - 543
  - - 171
    - 573
  - - 172
    - 489
  - - 173
    - 494
  - - 174
    - 441
  - - 175
    - 468
  - - 176
    - 479
  - - 177
    - 463
  - - 178
    - 522
  - - 179
    - 499
  - - 180
    - 477
  - - 181
    - 478
  - - 182
    - 451
  - - 183
    - 427
  - - 184
    - 451
  - - 185
    - 421
  - - 186
    - 379
  - - 187
    - 383
  - - 188
    - 355
  - - 189
    - 404
  - - 190
    - 372
  - - 191
    - 324
  - - 192
    - 388
  - - 193
    - 380
  - - 194
    - 332
  - - 195
    - 384
  - - 196
    - 375
  - - 197
    - 332
  - - 198
    - 337
  - - 199
    - 372
  - - 200
    - 330
  - - 201
    - 301
  - - 202
    - 303
  - - 203
    - 307
  - - 204
    - 314
  - - 205
    - 296
  - - 206
    - 270
  - - 207
    - 273
  - - 208
    - 252
  - - 209
    - 254
  - - 210
    - 284
  - - 211
    - 270
  - - 212
    - 246
  - - 213
    - 251
  - - 214
    - 228
  - - 215
    - 217
  - - 216
    - 207
  - - 217
    - 228
  - - 218
    - 218
  - - 219
    - 207
  - - 220
    - 210
  - - 221
    - 217
  - - 222
    - 176
  - - 223
    - 194
  - - 224
    - 159
  - - 225
    - 180
  - - 226
    - 172
  - - 227
    - 167
  - - 228
    - 152
  - - 229
    - 174
  - - 230
    - 176
  - - 231
    - 162
  - - 232
    - 157
  - - 233
    - 162
  - - 234
    - 144
  - - 235
    - 164
  - - 236
    - 148
  - - 237
    - 161
  - - 238
    - 133
  - - 239
    - 119
  - - 240
    - 135
  - - 241
    - 147
  - - 242
    - 151
  - - 243
    - 121
  - - 244
    - 117
  - - 245
    - 123
  - - 246
    - 112
  - - 247
    - 83
  - - 248
    - 113
  - - 249
    - 99
  - - 250
    - 112
  - - 251
    - 87
  - - 252
    - 94
  - - 253
    - 87
  - - 254
    - 100
  - - 255
    - 113
  - - 256
    - 122
  - - 257
    - 85
  - - 258
    - 75
  - - 259
    - 58
  - - 260
    - 96
  - - 261
    - 84
  - - 262
    - 80
  - - 263
    - 71
  - - 264
    - 74
  - - 265
    - 67
  - - 266
    - 70
  - - 267
    - 77
  - - 268
    - 59
  - - 269
    - 53
  - - 270
    - 81
  - - 271
    - 78
  - - 272
    - 52
  - - 273
    - 50
  - - 274
    - 63
  - - 275
    - 56
  - - 276
    - 52
  - - 277
    - 61
  - - 278
    - 50
  - - 279
    - 57
  - - 280
    - 62
  - - 281
    - 39
  - - 282
    - 49
  - - 283
    - 61
  - - 284
    - 41
  - - 285
    - 45
  - - 286
    - 53
  - - 287
    - 40
  - - 288
    - 39
  - - 289
    - 44
  - - 290
    - 40
  - - 291
    - 35
  - - 292
    - 28
  - - 293
    - 34
  - - 294
    - 35
  - - 295
    - 30
  - - 296
    - 39
  - - 297
    - 49
  - - 298
    - 51
  - - 299
    - 31
  - - 300
    - 39
  - - 301
    - 42
  - - 302
    - 38
  - - 303
    - 25
  - - 304
    - 33
  - - 305
    - 34
  - - 306
    - 31
  - - 307
    - 22
  - - 308
    - 35
  - - 309
    - 32
  - - 310
    - 21
  - - 311
    - 25
  - - 312
    - 21
  - - 313
    - 28
  - - 314
    - 23
  - - 315
    - 18
  - - 316
    - 26
  - - 317
    - 20
  - - 318
    - 19
  - - 319
    - 29
  - - 320
    - 18
  - - 321
    - 24
  - - 322
    - 25
  - - 323
    - 29
  - - 324
    - 22
  - - 325
    - 15
  - - 326
    - 15
  - - 327
    - 21
  - - 328
    - 12
  - - 329
    - 22
  - - 330
    - 14
  - - 331
    - 15
  - - 332
    - 16
  - - 333
    - 21
  - - 334
    - 17
  - - 335
    - 8
  - - 336
    - 19
  - - 337
    - 14
  - - 338
    - 8
  - - 339
    - 12
  - - 340
    - 14
  - - 341
    - 13
  - - 342
    - 8
  - - 343
    - 12
  - - 344
    - 8
  - - 345
    - 14
  - - 346
    - 12
  - - 347
    - 8
  - - 348
    - 6
  - - 349
    - 9
  - - 350
    - 12
  - - 351
    - 14
  - - 352
    - 7
  - - 353
    - 10
  - - 354
    - 6
  - - 355
    - 12
  - - 356
    - 13
  - - 357
    - 5
  - - 358
    - 10
  - - 359
    - 3
  - - 360
    - 6
  - - 361
    - 11
  - - 362
    - 9
  - - 363
    - 7
  - - 364
    - 7
  - - 365
    - 2
  - - 366
    - 1
  - - 367
    - 5
  - - 368
    - 2
  - - 369
    - 3
  - - 370
    - 6
  - - 371
    - 4
  - - 372
    - 2
  - - 373
    - 4
  - - 374
    - 3
  - - 375
    - 5
  - - 376
    - 8
  - - 377
    - 4
  - - 378
    - 6
  - - 379
    - 3
  - - 380
    - 6
  - - 381
    - 4
  - - 382
    - 6
  - - 383
    - 2
  - - 384
    - 7
  - - 385
    - 3
  - - 386
    - 5
  - - 387
    - 3
  - - 388
    - 1
  - - 389
    - 5
  - - 390
    - 3
  - - 391
    - 3
  - - 392
    - 1
  - - 394
    - 3
  - - 395
    - 4
  - - 396
    - 5
  - - 397
    - 2
  - - 399
    - 3
  - - 400
    - 1
  - - 401
    - 6
  - - 402
    - 10
  - - 403
    - 1
  - - 404
    - 1
  - - 405
    - 1
  - - 406
    - 2
  - - 408
    - 1
  - - 409
    - 2
  - - 410
    - 3
  - - 412
    - 3
  - - 413
    - 1
  - - 414
    - 1
  - - 415
    - 1
  - - 416
    - 1
  - - 417
    - 1
  - - 418
    - 2
  - - 419
    - 2
  - - 420
    - 1
  - - 422
    - 2
  - - 424
    - 3
  - - 427
    - 1
  - - 428
    - 2
  - - 429
    - 3
  - - 430
    - 1
  - - 432
    - 2
  - - 433
    - 1
  - - 434
    - 3
  - - 436
    - 2
  - - 439
    - 1
  - - 440
    - 1
  - - 444
    - 2
  - - 445
    - 2
  - - 446
    - 2
  - - 447
    - 1
  - - 448
    - 1
  - - 450
    - 1
  - - 454
    - 3
  - - 461
    - 1
  - - 462
    - 1
  - - 466
    - 1
  - - 468
    - 2
  - - 479
    - 1
  - - 480
    - 2
  - - 481
    - 1
  - - 482
    - 2
  - - 487
    - 1
  - - 490
    - 1
  - - 501
    - 2
  - - 513
    - 1
  - - 514
    - 1
  - - 523
    - 1
  - - 524
    - 1
  latency_50_percentile: 150.0
  latency_95_percentile: 256.0
  latency_99_5_percentile: 346.0
  latency_99_percentile: 321.0
  max_kubedns_cpu: 588
  max_kubedns_memory: 26
  max_latency: 0.52419
  max_perfserver_cpu: 0
  max_perfserver_memory: 0
  min_latency: 0.009429
  msg: null
  ok: true
  qps: 637.606805
  queries_completed: 76640
  queries_lost: 0
  queries_sent: 76640
  run_time: 120.19947
  stddev_latency: 0.055088
params:
  max_qps: null
  pod_name: dns-perf-client-858fb7568b-n7lc9
  query_file: all-queries.txt
  run_id: 1777619186
  run_length_seconds: 120
  run_subid: 0
stderr:
- ''
stdout:
- DNS Performance Testing Tool
- Nominum Version 2.1.0.0
- ''
- '[Status] Command line: dnsperf -s 10.0.0.10 -l 120 -d /queries/all-queries.txt'
- '[Status] Sending queries (to 10.0.0.10)'
- '[Status] Started at: Fri May  1 07:06:57 2026'
- '[Status] Stopping after 120.000000 seconds'
- '[Status] Testing complete (time limit)'
- ''
- 'Statistics:'
- ''
- '  Queries sent:         76640'
- '  Queries completed:    76640 (100.00%)'
- '  Queries lost:         0 (0.00%)'
- ''
- '  Response codes:       NOERROR 9196 (12.00%), NXDOMAIN 67444 (88.00%)'
- '  Average packet size:  request 39, response 122'
- '  Run time (s):         120.199470'
- '  Queries per second:   637.606805'
- ''
- '  Average Latency (s):  0.156487 (min 0.009429, max 0.524190)'
- '  Latency StdDev (s):   0.055088'
- ''
- '  Latency histogram'
- '#histogram 0 0'
- '#histogram 9 1'
- '#histogram 11 2'
- '#histogram 12 1'
- '#histogram 13 1'
- '#histogram 14 3'
- '#histogram 15 2'
- '#histogram 17 2'
- '#histogram 18 2'
- '#histogram 19 6'
- '#histogram 20 3'
- '#histogram 21 4'
- '#histogram 22 4'
- '#histogram 23 10'
- '#histogram 24 5'
- '#histogram 25 9'
- '#histogram 26 9'
- '#histogram 27 8'
- '#histogram 28 9'
- '#histogram 29 14'
- '#histogram 30 16'
- '#histogram 31 21'
- '#histogram 32 8'
- '#histogram 33 19'
- '#histogram 34 19'
- '#histogram 35 23'
- '#histogram 36 23'
- '#histogram 37 17'
- '#histogram 38 27'
- '#histogram 39 33'
- '#histogram 40 27'
- '#histogram 41 30'
- '#histogram 42 36'
- '#histogram 43 23'
- '#histogram 44 42'
- '#histogram 45 32'
- '#histogram 46 49'
- '#histogram 47 39'
- '#histogram 48 36'
- '#histogram 49 43'
- '#histogram 50 56'
- '#histogram 51 49'
- '#histogram 52 59'
- '#histogram 53 62'
- '#histogram 54 63'
- '#histogram 55 74'
- '#histogram 56 59'
- '#histogram 57 91'
- '#histogram 58 88'
- '#histogram 59 88'
- '#histogram 60 83'
- '#histogram 61 94'
- '#histogram 62 77'
- '#histogram 63 98'
- '#histogram 64 85'
- '#histogram 65 106'
- '#histogram 66 107'
- '#histogram 67 116'
- '#histogram 68 123'
- '#histogram 69 148'
- '#histogram 70 123'
- '#histogram 71 146'
- '#histogram 72 176'
- '#histogram 73 160'
- '#histogram 74 146'
- '#histogram 75 181'
- '#histogram 76 201'
- '#histogram 77 185'
- '#histogram 78 221'
- '#histogram 79 191'
- '#histogram 80 225'
- '#histogram 81 218'
- '#histogram 82 241'
- '#histogram 83 242'
- '#histogram 84 240'
- '#histogram 85 251'
- '#histogram 86 334'
- '#histogram 87 268'
- '#histogram 88 253'
- '#histogram 89 279'
- '#histogram 90 283'
- '#histogram 91 297'
- '#histogram 92 306'
- '#histogram 93 340'
- '#histogram 94 359'
- '#histogram 95 314'
- '#histogram 96 359'
- '#histogram 97 370'
- '#histogram 98 403'
- '#histogram 99 428'
- '#histogram 100 405'
- '#histogram 101 392'
- '#histogram 102 471'
- '#histogram 103 466'
- '#histogram 104 446'
- '#histogram 105 490'
- '#histogram 106 468'
- '#histogram 107 472'
- '#histogram 108 526'
- '#histogram 109 494'
- '#histogram 110 524'
- '#histogram 111 512'
- '#histogram 112 477'
- '#histogram 113 478'
- '#histogram 114 590'
- '#histogram 115 508'
- '#histogram 116 579'
- '#histogram 117 563'
- '#histogram 118 527'
- '#histogram 119 553'
- '#histogram 120 555'
- '#histogram 121 553'
- '#histogram 122 556'
- '#histogram 123 554'
- '#histogram 124 510'
- '#histogram 125 543'
- '#histogram 126 556'
- '#histogram 127 592'
- '#histogram 128 639'
- '#histogram 129 599'
- '#histogram 130 561'
- '#histogram 131 640'
- '#histogram 132 610'
- '#histogram 133 544'
- '#histogram 134 576'
- '#histogram 135 683'
- '#histogram 136 603'
- '#histogram 137 638'
- '#histogram 138 618'
- '#histogram 139 605'
- '#histogram 140 636'
- '#histogram 141 608'
- '#histogram 142 588'
- '#histogram 143 670'
- '#histogram 144 675'
- '#histogram 145 602'
- '#histogram 146 647'
- '#histogram 147 667'
- '#histogram 148 659'
- '#histogram 149 563'
- '#histogram 150 617'
- '#histogram 151 633'
- '#histogram 152 530'
- '#histogram 153 560'
- '#histogram 154 605'
- '#histogram 155 592'
- '#histogram 156 551'
- '#histogram 157 605'
- '#histogram 158 684'
- '#histogram 159 626'
- '#histogram 160 553'
- '#histogram 161 605'
- '#histogram 162 550'
- '#histogram 163 515'
- '#histogram 164 544'
- '#histogram 165 519'
- '#histogram 166 510'
- '#histogram 167 560'
- '#histogram 168 556'
- '#histogram 169 562'
- '#histogram 170 543'
- '#histogram 171 573'
- '#histogram 172 489'
- '#histogram 173 494'
- '#histogram 174 441'
- '#histogram 175 468'
- '#histogram 176 479'
- '#histogram 177 463'
- '#histogram 178 522'
- '#histogram 179 499'
- '#histogram 180 477'
- '#histogram 181 478'
- '#histogram 182 451'
- '#histogram 183 427'
- '#histogram 184 451'
- '#histogram 185 421'
- '#histogram 186 379'
- '#histogram 187 383'
- '#histogram 188 355'
- '#histogram 189 404'
- '#histogram 190 372'
- '#histogram 191 324'
- '#histogram 192 388'
- '#histogram 193 380'
- '#histogram 194 332'
- '#histogram 195 384'
- '#histogram 196 375'
- '#histogram 197 332'
- '#histogram 198 337'
- '#histogram 199 372'
- '#histogram 200 330'
- '#histogram 201 301'
- '#histogram 202 303'
- '#histogram 203 307'
- '#histogram 204 314'
- '#histogram 205 296'
- '#histogram 206 270'
- '#histogram 207 273'
- '#histogram 208 252'
- '#histogram 209 254'
- '#histogram 210 284'
- '#histogram 211 270'
- '#histogram 212 246'
- '#histogram 213 251'
- '#histogram 214 228'
- '#histogram 215 217'
- '#histogram 216 207'
- '#histogram 217 228'
- '#histogram 218 218'
- '#histogram 219 207'
- '#histogram 220 210'
- '#histogram 221 217'
- '#histogram 222 176'
- '#histogram 223 194'
- '#histogram 224 159'
- '#histogram 225 180'
- '#histogram 226 172'
- '#histogram 227 167'
- '#histogram 228 152'
- '#histogram 229 174'
- '#histogram 230 176'
- '#histogram 231 162'
- '#histogram 232 157'
- '#histogram 233 162'
- '#histogram 234 144'
- '#histogram 235 164'
- '#histogram 236 148'
- '#histogram 237 161'
- '#histogram 238 133'
- '#histogram 239 119'
- '#histogram 240 135'
- '#histogram 241 147'
- '#histogram 242 151'
- '#histogram 243 121'
- '#histogram 244 117'
- '#histogram 245 123'
- '#histogram 246 112'
- '#histogram 247 83'
- '#histogram 248 113'
- '#histogram 249 99'
- '#histogram 250 112'
- '#histogram 251 87'
- '#histogram 252 94'
- '#histogram 253 87'
- '#histogram 254 100'
- '#histogram 255 113'
- '#histogram 256 122'
- '#histogram 257 85'
- '#histogram 258 75'
- '#histogram 259 58'
- '#histogram 260 96'
- '#histogram 261 84'
- '#histogram 262 80'
- '#histogram 263 71'
- '#histogram 264 74'
- '#histogram 265 67'
- '#histogram 266 70'
- '#histogram 267 77'
- '#histogram 268 59'
- '#histogram 269 53'
- '#histogram 270 81'
- '#histogram 271 78'
- '#histogram 272 52'
- '#histogram 273 50'
- '#histogram 274 63'
- '#histogram 275 56'
- '#histogram 276 52'
- '#histogram 277 61'
- '#histogram 278 50'
- '#histogram 279 57'
- '#histogram 280 62'
- '#histogram 281 39'
- '#histogram 282 49'
- '#histogram 283 61'
- '#histogram 284 41'
- '#histogram 285 45'
- '#histogram 286 53'
- '#histogram 287 40'
- '#histogram 288 39'
- '#histogram 289 44'
- '#histogram 290 40'
- '#histogram 291 35'
- '#histogram 292 28'
- '#histogram 293 34'
- '#histogram 294 35'
- '#histogram 295 30'
- '#histogram 296 39'
- '#histogram 297 49'
- '#histogram 298 51'
- '#histogram 299 31'
- '#histogram 300 39'
- '#histogram 301 42'
- '#histogram 302 38'
- '#histogram 303 25'
- '#histogram 304 33'
- '#histogram 305 34'
- '#histogram 306 31'
- '#histogram 307 22'
- '#histogram 308 35'
- '#histogram 309 32'
- '#histogram 310 21'
- '#histogram 311 25'
- '#histogram 312 21'
- '#histogram 313 28'
- '#histogram 314 23'
- '#histogram 315 18'
- '#histogram 316 26'
- '#histogram 317 20'
- '#histogram 318 19'
- '#histogram 319 29'
- '#histogram 320 18'
- '#histogram 321 24'
- '#histogram 322 25'
- '#histogram 323 29'
- '#histogram 324 22'
- '#histogram 325 15'
- '#histogram 326 15'
- '#histogram 327 21'
- '#histogram 328 12'
- '#histogram 329 22'
- '#histogram 330 14'
- '#histogram 331 15'
- '#histogram 332 16'
- '#histogram 333 21'
- '#histogram 334 17'
- '#histogram 335 8'
- '#histogram 336 19'
- '#histogram 337 14'
- '#histogram 338 8'
- '#histogram 339 12'
- '#histogram 340 14'
- '#histogram 341 13'
- '#histogram 342 8'
- '#histogram 343 12'
- '#histogram 344 8'
- '#histogram 345 14'
- '#histogram 346 12'
- '#histogram 347 8'
- '#histogram 348 6'
- '#histogram 349 9'
- '#histogram 350 12'
- '#histogram 351 14'
- '#histogram 352 7'
- '#histogram 353 10'
- '#histogram 354 6'
- '#histogram 355 12'
- '#histogram 356 13'
- '#histogram 357 5'
- '#histogram 358 10'
- '#histogram 359 3'
- '#histogram 360 6'
- '#histogram 361 11'
- '#histogram 362 9'
- '#histogram 363 7'
- '#histogram 364 7'
- '#histogram 365 2'
- '#histogram 366 1'
- '#histogram 367 5'
- '#histogram 368 2'
- '#histogram 369 3'
- '#histogram 370 6'
- '#histogram 371 4'
- '#histogram 372 2'
- '#histogram 373 4'
- '#histogram 374 3'
- '#histogram 375 5'
- '#histogram 376 8'
- '#histogram 377 4'
- '#histogram 378 6'
- '#histogram 379 3'
- '#histogram 380 6'
- '#histogram 381 4'
- '#histogram 382 6'
- '#histogram 383 2'
- '#histogram 384 7'
- '#histogram 385 3'
- '#histogram 386 5'
- '#histogram 387 3'
- '#histogram 388 1'
- '#histogram 389 5'
- '#histogram 390 3'
- '#histogram 391 3'
- '#histogram 392 1'
- '#histogram 394 3'
- '#histogram 395 4'
- '#histogram 396 5'
- '#histogram 397 2'
- '#histogram 399 3'
- '#histogram 400 1'
- '#histogram 401 6'
- '#histogram 402 10'
- '#histogram 403 1'
- '#histogram 404 1'
- '#histogram 405 1'
- '#histogram 406 2'
- '#histogram 408 1'
- '#histogram 409 2'
- '#histogram 410 3'
- '#histogram 412 3'
- '#histogram 413 1'
- '#histogram 414 1'
- '#histogram 415 1'
- '#histogram 416 1'
- '#histogram 417 1'
- '#histogram 418 2'
- '#histogram 419 2'
- '#histogram 420 1'
- '#histogram 422 2'
- '#histogram 424 3'
- '#histogram 427 1'
- '#histogram 428 2'
- '#histogram 429 3'
- '#histogram 430 1'
- '#histogram 432 2'
- '#histogram 433 1'
- '#histogram 434 3'
- '#histogram 436 2'
- '#histogram 439 1'
- '#histogram 440 1'
- '#histogram 444 2'
- '#histogram 445 2'
- '#histogram 446 2'
- '#histogram 447 1'
- '#histogram 448 1'
- '#histogram 450 1'
- '#histogram 454 3'
- '#histogram 461 1'
- '#histogram 462 1'
- '#histogram 466 1'
- '#histogram 468 2'
- '#histogram 479 1'
- '#histogram 480 2'
- '#histogram 481 1'
- '#histogram 482 2'
- '#histogram 487 1'
- '#histogram 490 1'
- '#histogram 501 2'
- '#histogram 513 1'
- '#histogram 514 1'
- '#histogram 523 1'
- '#histogram 524 1'
- ''
