nohup: ignoring input
[05:14:23] ████ SCENARIO 2: v1.19 + SDP (already done, skipping) ████
[05:14:23] ████ SCENARIO 3: v1.19 in-agent proxy ████
daemonset.apps "acns-security-agent" deleted from kube-system namespace
configmap "fqdn-policy-config" deleted from kube-system namespace
daemonset.apps "cilium" deleted from kube-system namespace
deployment.apps "cilium-operator" deleted from kube-system namespace
configmap "cilium-config" deleted from kube-system namespace
ciliumnetworkpolicy.cilium.io "dns-perf-fqdn-policy" deleted from default namespace
[05:14:38] Teardown complete
configmap/cilium-config created
configmap/cilium-config configured
clusterrole.rbac.authorization.k8s.io/cilium unchanged
clusterrolebinding.rbac.authorization.k8s.io/cilium unchanged
serviceaccount/cilium unchanged
clusterrole.rbac.authorization.k8s.io/cilium-operator unchanged
clusterrolebinding.rbac.authorization.k8s.io/cilium-operator unchanged
serviceaccount/cilium-operator unchanged
daemonset.apps/cilium created
deployment.apps/cilium-operator created
Waiting for daemon set "cilium" rollout to finish: 0 of 3 updated pods are available...
Waiting for daemon set "cilium" rollout to finish: 1 of 3 updated pods are available...
Waiting for daemon set "cilium" rollout to finish: 2 of 3 updated pods are available...
daemon set "cilium" successfully rolled out
[05:14:54] Cilium deployed (v1.19, tag=amd64-dns-perf-v1.19)
ciliumnetworkpolicy.cilium.io/dns-perf-fqdn-policy created
Creating debugging pod node-debugger-aks-nodepool1-29514831-vmss000000-cq6rb with container debugger on node aks-nodepool1-29514831-vmss000000.
Creating debugging pod node-debugger-aks-nodepool1-29514831-vmss000001-mrz2b with container debugger on node aks-nodepool1-29514831-vmss000001.
Creating debugging pod node-debugger-aks-nodepool1-29514831-vmss000002-tcr7v with container debugger on node aks-nodepool1-29514831-vmss000002.
[05:15:08] CNI chaining fixed on all nodes
[05:18:07] Test complete: v19-inagent
[05:18:07] ████ SCENARIO 4: v1.19 no proxy ████
daemonset.apps "cilium" deleted from kube-system namespace
deployment.apps "cilium-operator" deleted from kube-system namespace
configmap "cilium-config" deleted from kube-system namespace
ciliumnetworkpolicy.cilium.io "dns-perf-fqdn-policy" deleted from default namespace
[05:18:21] Teardown complete
configmap/cilium-config created
configmap/cilium-config configured
clusterrole.rbac.authorization.k8s.io/cilium unchanged
clusterrolebinding.rbac.authorization.k8s.io/cilium unchanged
serviceaccount/cilium unchanged
clusterrole.rbac.authorization.k8s.io/cilium-operator unchanged
clusterrolebinding.rbac.authorization.k8s.io/cilium-operator unchanged
serviceaccount/cilium-operator unchanged
daemonset.apps/cilium created
deployment.apps/cilium-operator created
Waiting for daemon set "cilium" rollout to finish: 0 of 3 updated pods are available...
Waiting for daemon set "cilium" rollout to finish: 1 of 3 updated pods are available...
Waiting for daemon set "cilium" rollout to finish: 2 of 3 updated pods are available...
daemon set "cilium" successfully rolled out
[05:18:37] Cilium deployed (v1.19, tag=amd64-dns-perf-v1.19)
Creating debugging pod node-debugger-aks-nodepool1-29514831-vmss000000-mrkx6 with container debugger on node aks-nodepool1-29514831-vmss000000.
Creating debugging pod node-debugger-aks-nodepool1-29514831-vmss000001-z2tcq with container debugger on node aks-nodepool1-29514831-vmss000001.
Creating debugging pod node-debugger-aks-nodepool1-29514831-vmss000002-q62mk with container debugger on node aks-nodepool1-29514831-vmss000002.
[05:18:44] CNI chaining fixed on all nodes
[05:21:37] Test complete: v19-noproxy
[05:21:37] ████ SCENARIO 1: v1.18 + SDP ████
daemonset.apps "acns-security-agent" deleted from kube-system namespace
configmap "fqdn-policy-config" deleted from kube-system namespace
daemonset.apps "cilium" deleted from kube-system namespace
deployment.apps "cilium-operator" deleted from kube-system namespace
configmap "cilium-config" deleted from kube-system namespace
ciliumnetworkpolicy.cilium.io "dns-perf-fqdn-policy" deleted from default namespace
[05:21:51] Teardown complete
configmap/cilium-config created
configmap/cilium-config configured
clusterrole.rbac.authorization.k8s.io/cilium unchanged
clusterrolebinding.rbac.authorization.k8s.io/cilium unchanged
serviceaccount/cilium unchanged
clusterrole.rbac.authorization.k8s.io/cilium-operator unchanged
clusterrolebinding.rbac.authorization.k8s.io/cilium-operator unchanged
serviceaccount/cilium-operator unchanged
daemonset.apps/cilium created
deployment.apps/cilium-operator created
Waiting for daemon set "cilium" rollout to finish: 0 of 3 updated pods are available...
Waiting for daemon set "cilium" rollout to finish: 1 of 3 updated pods are available...
Waiting for daemon set "cilium" rollout to finish: 2 of 3 updated pods are available...
daemon set "cilium" successfully rolled out
[05:22:07] Cilium deployed (v1.18, tag=amd64-dns-perf-v1.18)
daemonset.apps/acns-security-agent created
Waiting for daemon set "acns-security-agent" rollout to finish: 0 of 3 updated pods are available...
error: timed out waiting for the condition
