nohup: ignoring input
[23:00:04] ████ Round 1: v1.18 SDP ████
daemonset.apps "acns-security-agent" deleted from kube-system namespace
configmap "fqdn-policy-config" deleted from kube-system namespace
daemonset.apps "cilium" deleted from kube-system namespace
deployment.apps "cilium-operator" deleted from kube-system namespace
configmap "cilium-config" deleted from kube-system namespace
ciliumnetworkpolicy.cilium.io "dns-perf-fqdn-policy" deleted from default namespace
configmap/fqdn-policy-config created
configmap/cilium-config created
configmap/cilium-config configured
clusterrole.rbac.authorization.k8s.io/cilium unchanged
clusterrolebinding.rbac.authorization.k8s.io/cilium unchanged
serviceaccount/cilium unchanged
clusterrole.rbac.authorization.k8s.io/cilium-operator unchanged
clusterrolebinding.rbac.authorization.k8s.io/cilium-operator unchanged
serviceaccount/cilium-operator unchanged
daemonset.apps/cilium created
deployment.apps/cilium-operator created
Waiting for daemon set "cilium" rollout to finish: 0 of 3 updated pods are available...
Waiting for daemon set "cilium" rollout to finish: 1 of 3 updated pods are available...
Waiting for daemon set "cilium" rollout to finish: 2 of 3 updated pods are available...
daemon set "cilium" successfully rolled out
Creating debugging pod node-debugger-aks-nodepool1-23040514-vmss000000-qfr58 with container debugger on node aks-nodepool1-23040514-vmss000000.
Creating debugging pod node-debugger-aks-nodepool1-23040514-vmss000001-d8gqv with container debugger on node aks-nodepool1-23040514-vmss000001.
Creating debugging pod node-debugger-aks-nodepool1-23040514-vmss000002-wbbl2 with container debugger on node aks-nodepool1-23040514-vmss000002.
daemonset.apps/acns-security-agent created
Waiting for daemon set "acns-security-agent" rollout to finish: 0 of 3 updated pods are available...
Waiting for daemon set "acns-security-agent" rollout to finish: 1 of 3 updated pods are available...
Waiting for daemon set "acns-security-agent" rollout to finish: 2 of 3 updated pods are available...
daemon set "acns-security-agent" successfully rolled out
Creating debugging pod node-debugger-aks-nodepool1-23040514-vmss000000-27gp8 with container debugger on node aks-nodepool1-23040514-vmss000000.
Creating debugging pod node-debugger-aks-nodepool1-23040514-vmss000001-p7zt9 with container debugger on node aks-nodepool1-23040514-vmss000001.
Creating debugging pod node-debugger-aks-nodepool1-23040514-vmss000002-xfnrz with container debugger on node aks-nodepool1-23040514-vmss000002.
ciliumnetworkpolicy.cilium.io/dns-perf-fqdn-policy created
[23:07:04]   ✅ v18-sdp R1: delta=2055647
[23:07:04] ████ Round 1: v1.19 SDP ████
daemonset.apps "cilium" deleted from kube-system namespace
deployment.apps "cilium-operator" deleted from kube-system namespace
configmap "cilium-config" deleted from kube-system namespace
ciliumnetworkpolicy.cilium.io "dns-perf-fqdn-policy" deleted from default namespace
configmap/fqdn-policy-config created
configmap/cilium-config created
configmap/cilium-config configured
clusterrole.rbac.authorization.k8s.io/cilium unchanged
clusterrolebinding.rbac.authorization.k8s.io/cilium unchanged
serviceaccount/cilium unchanged
clusterrole.rbac.authorization.k8s.io/cilium-operator unchanged
clusterrolebinding.rbac.authorization.k8s.io/cilium-operator unchanged
serviceaccount/cilium-operator unchanged
daemonset.apps/cilium created
deployment.apps/cilium-operator created
Waiting for daemon set "cilium" rollout to finish: 0 of 3 updated pods are available...
Waiting for daemon set "cilium" rollout to finish: 1 of 3 updated pods are available...
daemon set "cilium" successfully rolled out
Creating debugging pod node-debugger-aks-nodepool1-29514831-vmss000000-l8gvd with container debugger on node aks-nodepool1-29514831-vmss000000.
Creating debugging pod node-debugger-aks-nodepool1-29514831-vmss000001-c2p9d with container debugger on node aks-nodepool1-29514831-vmss000001.
Creating debugging pod node-debugger-aks-nodepool1-29514831-vmss000002-pp6nk with container debugger on node aks-nodepool1-29514831-vmss000002.
Warning: spec.template.metadata.annotations[container.apparmor.security.beta.kubernetes.io/fqdn-policy]: deprecated since v1.30; use the "appArmorProfile" field instead
daemonset.apps/acns-security-agent created
Waiting for daemon set "acns-security-agent" rollout to finish: 0 of 3 updated pods are available...
Waiting for daemon set "acns-security-agent" rollout to finish: 0 of 3 updated pods are available...
Waiting for daemon set "acns-security-agent" rollout to finish: 0 of 3 updated pods are available...
Waiting for daemon set "acns-security-agent" rollout to finish: 0 of 3 updated pods are available...
Waiting for daemon set "acns-security-agent" rollout to finish: 1 of 3 updated pods are available...
daemon set "acns-security-agent" successfully rolled out
Creating debugging pod node-debugger-aks-nodepool1-29514831-vmss000000-g8lgz with container debugger on node aks-nodepool1-29514831-vmss000000.
Creating debugging pod node-debugger-aks-nodepool1-29514831-vmss000001-xxq9n with container debugger on node aks-nodepool1-29514831-vmss000001.
Creating debugging pod node-debugger-aks-nodepool1-29514831-vmss000002-jwxhd with container debugger on node aks-nodepool1-29514831-vmss000002.
ciliumnetworkpolicy.cilium.io/dns-perf-fqdn-policy created
[23:14:13]   ✅ v19-sdp R1: delta=3290842
[23:14:13] ████ Round 1: v1.19 in-agent ████
daemonset.apps "acns-security-agent" deleted from kube-system namespace
configmap "fqdn-policy-config" deleted from kube-system namespace
daemonset.apps "cilium" deleted from kube-system namespace
deployment.apps "cilium-operator" deleted from kube-system namespace
configmap "cilium-config" deleted from kube-system namespace
ciliumnetworkpolicy.cilium.io "dns-perf-fqdn-policy" deleted from default namespace
configmap/fqdn-policy-config created
configmap/cilium-config created
configmap/cilium-config configured
clusterrole.rbac.authorization.k8s.io/cilium unchanged
clusterrolebinding.rbac.authorization.k8s.io/cilium unchanged
serviceaccount/cilium unchanged
clusterrole.rbac.authorization.k8s.io/cilium-operator unchanged
clusterrolebinding.rbac.authorization.k8s.io/cilium-operator unchanged
serviceaccount/cilium-operator unchanged
daemonset.apps/cilium created
deployment.apps/cilium-operator created
Waiting for daemon set "cilium" rollout to finish: 0 of 3 updated pods are available...
Waiting for daemon set "cilium" rollout to finish: 1 of 3 updated pods are available...
Waiting for daemon set "cilium" rollout to finish: 2 of 3 updated pods are available...
daemon set "cilium" successfully rolled out
Creating debugging pod node-debugger-aks-nodepool1-29514831-vmss000000-mbzhp with container debugger on node aks-nodepool1-29514831-vmss000000.
Creating debugging pod node-debugger-aks-nodepool1-29514831-vmss000001-gv7h7 with container debugger on node aks-nodepool1-29514831-vmss000001.
Creating debugging pod node-debugger-aks-nodepool1-29514831-vmss000002-kp784 with container debugger on node aks-nodepool1-29514831-vmss000002.
Creating debugging pod node-debugger-aks-nodepool1-29514831-vmss000000-6tc4q with container debugger on node aks-nodepool1-29514831-vmss000000.
Creating debugging pod node-debugger-aks-nodepool1-29514831-vmss000001-j4xt8 with container debugger on node aks-nodepool1-29514831-vmss000001.
Creating debugging pod node-debugger-aks-nodepool1-29514831-vmss000002-42w4g with container debugger on node aks-nodepool1-29514831-vmss000002.
ciliumnetworkpolicy.cilium.io/dns-perf-fqdn-policy created
[23:21:15]   ✅ v19-inagent R1: delta=2039462
[23:21:15] ████ Round 2: v1.18 SDP ████
daemonset.apps "acns-security-agent" deleted from kube-system namespace
configmap "fqdn-policy-config" deleted from kube-system namespace
daemonset.apps "cilium" deleted from kube-system namespace
deployment.apps "cilium-operator" deleted from kube-system namespace
configmap "cilium-config" deleted from kube-system namespace
ciliumnetworkpolicy.cilium.io "dns-perf-fqdn-policy" deleted from default namespace
configmap/fqdn-policy-config created
configmap/cilium-config created
configmap/cilium-config configured
clusterrole.rbac.authorization.k8s.io/cilium unchanged
clusterrolebinding.rbac.authorization.k8s.io/cilium unchanged
serviceaccount/cilium unchanged
clusterrole.rbac.authorization.k8s.io/cilium-operator unchanged
clusterrolebinding.rbac.authorization.k8s.io/cilium-operator unchanged
serviceaccount/cilium-operator unchanged
daemonset.apps/cilium created
deployment.apps/cilium-operator created
Waiting for daemon set "cilium" rollout to finish: 0 of 3 updated pods are available...
Waiting for daemon set "cilium" rollout to finish: 2 of 3 updated pods are available...
daemon set "cilium" successfully rolled out
Creating debugging pod node-debugger-aks-nodepool1-23040514-vmss000000-cl7kd with container debugger on node aks-nodepool1-23040514-vmss000000.
Creating debugging pod node-debugger-aks-nodepool1-23040514-vmss000001-62rs2 with container debugger on node aks-nodepool1-23040514-vmss000001.
Creating debugging pod node-debugger-aks-nodepool1-23040514-vmss000002-ddlpt with container debugger on node aks-nodepool1-23040514-vmss000002.
daemonset.apps/acns-security-agent created
Waiting for daemon set "acns-security-agent" rollout to finish: 0 of 3 updated pods are available...
Waiting for daemon set "acns-security-agent" rollout to finish: 1 of 3 updated pods are available...
Waiting for daemon set "acns-security-agent" rollout to finish: 2 of 3 updated pods are available...
daemon set "acns-security-agent" successfully rolled out
Creating debugging pod node-debugger-aks-nodepool1-23040514-vmss000000-xn72v with container debugger on node aks-nodepool1-23040514-vmss000000.
Creating debugging pod node-debugger-aks-nodepool1-23040514-vmss000001-djzhv with container debugger on node aks-nodepool1-23040514-vmss000001.
Creating debugging pod node-debugger-aks-nodepool1-23040514-vmss000002-2864g with container debugger on node aks-nodepool1-23040514-vmss000002.
ciliumnetworkpolicy.cilium.io/dns-perf-fqdn-policy created
[23:28:13]   ✅ v18-sdp R2: delta=1003158
[23:28:13] ████ Round 2: v1.19 SDP ████
configmap "fqdn-policy-config" deleted from kube-system namespace
daemonset.apps "cilium" deleted from kube-system namespace
deployment.apps "cilium-operator" deleted from kube-system namespace
configmap "cilium-config" deleted from kube-system namespace
ciliumnetworkpolicy.cilium.io "dns-perf-fqdn-policy" deleted from default namespace
configmap/fqdn-policy-config created
configmap/cilium-config created
configmap/cilium-config configured
clusterrole.rbac.authorization.k8s.io/cilium unchanged
clusterrolebinding.rbac.authorization.k8s.io/cilium unchanged
serviceaccount/cilium unchanged
clusterrole.rbac.authorization.k8s.io/cilium-operator unchanged
clusterrolebinding.rbac.authorization.k8s.io/cilium-operator unchanged
serviceaccount/cilium-operator unchanged
daemonset.apps/cilium created
deployment.apps/cilium-operator created
Waiting for daemon set "cilium" rollout to finish: 0 of 3 updated pods are available...
Waiting for daemon set "cilium" rollout to finish: 1 of 3 updated pods are available...
Waiting for daemon set "cilium" rollout to finish: 2 of 3 updated pods are available...
daemon set "cilium" successfully rolled out
Creating debugging pod node-debugger-aks-nodepool1-29514831-vmss000000-8ns2c with container debugger on node aks-nodepool1-29514831-vmss000000.
Creating debugging pod node-debugger-aks-nodepool1-29514831-vmss000001-mhdb5 with container debugger on node aks-nodepool1-29514831-vmss000001.
Creating debugging pod node-debugger-aks-nodepool1-29514831-vmss000002-pcqvl with container debugger on node aks-nodepool1-29514831-vmss000002.
Warning: spec.template.metadata.annotations[container.apparmor.security.beta.kubernetes.io/fqdn-policy]: deprecated since v1.30; use the "appArmorProfile" field instead
daemonset.apps/acns-security-agent created
Waiting for daemon set "acns-security-agent" rollout to finish: 0 of 3 updated pods are available...
Waiting for daemon set "acns-security-agent" rollout to finish: 0 of 3 updated pods are available...
Waiting for daemon set "acns-security-agent" rollout to finish: 0 of 3 updated pods are available...
Waiting for daemon set "acns-security-agent" rollout to finish: 0 of 3 updated pods are available...
Waiting for daemon set "acns-security-agent" rollout to finish: 1 of 3 updated pods are available...
daemon set "acns-security-agent" successfully rolled out
Creating debugging pod node-debugger-aks-nodepool1-29514831-vmss000000-vw9mc with container debugger on node aks-nodepool1-29514831-vmss000000.
Creating debugging pod node-debugger-aks-nodepool1-29514831-vmss000001-wmwvb with container debugger on node aks-nodepool1-29514831-vmss000001.
Creating debugging pod node-debugger-aks-nodepool1-29514831-vmss000002-txd7t with container debugger on node aks-nodepool1-29514831-vmss000002.
ciliumnetworkpolicy.cilium.io/dns-perf-fqdn-policy created
[23:35:25]   ✅ v19-sdp R2: delta=3145808
[23:35:25] ████ Round 2: v1.19 in-agent ████
daemonset.apps "acns-security-agent" deleted from kube-system namespace
configmap "fqdn-policy-config" deleted from kube-system namespace
daemonset.apps "cilium" deleted from kube-system namespace
deployment.apps "cilium-operator" deleted from kube-system namespace
configmap "cilium-config" deleted from kube-system namespace
ciliumnetworkpolicy.cilium.io "dns-perf-fqdn-policy" deleted from default namespace
configmap/fqdn-policy-config created
configmap/cilium-config created
configmap/cilium-config configured
clusterrole.rbac.authorization.k8s.io/cilium unchanged
clusterrolebinding.rbac.authorization.k8s.io/cilium unchanged
serviceaccount/cilium unchanged
clusterrole.rbac.authorization.k8s.io/cilium-operator unchanged
clusterrolebinding.rbac.authorization.k8s.io/cilium-operator unchanged
serviceaccount/cilium-operator unchanged
daemonset.apps/cilium created
deployment.apps/cilium-operator created
Waiting for daemon set "cilium" rollout to finish: 0 of 3 updated pods are available...
Waiting for daemon set "cilium" rollout to finish: 1 of 3 updated pods are available...
Waiting for daemon set "cilium" rollout to finish: 2 of 3 updated pods are available...
daemon set "cilium" successfully rolled out
Creating debugging pod node-debugger-aks-nodepool1-29514831-vmss000000-xpxnm with container debugger on node aks-nodepool1-29514831-vmss000000.
Creating debugging pod node-debugger-aks-nodepool1-29514831-vmss000001-hljz6 with container debugger on node aks-nodepool1-29514831-vmss000001.
Creating debugging pod node-debugger-aks-nodepool1-29514831-vmss000002-w66qb with container debugger on node aks-nodepool1-29514831-vmss000002.
Creating debugging pod node-debugger-aks-nodepool1-29514831-vmss000000-gpmnx with container debugger on node aks-nodepool1-29514831-vmss000000.
Creating debugging pod node-debugger-aks-nodepool1-29514831-vmss000001-phjch with container debugger on node aks-nodepool1-29514831-vmss000001.
Creating debugging pod node-debugger-aks-nodepool1-29514831-vmss000002-qq9gj with container debugger on node aks-nodepool1-29514831-vmss000002.
ciliumnetworkpolicy.cilium.io/dns-perf-fqdn-policy created
[23:42:27]   ✅ v19-inagent R2: delta=1962639
[23:42:27] ████ ALL COMPLETE ████
