code: 0
data:
  avg_latency: 0.111105
  histogram:
  - - 0
    - 0
  - - 1
    - 33
  - - 2
    - 126
  - - 3
    - 215
  - - 4
    - 287
  - - 5
    - 309
  - - 6
    - 336
  - - 7
    - 334
  - - 8
    - 356
  - - 9
    - 360
  - - 10
    - 315
  - - 11
    - 375
  - - 12
    - 344
  - - 13
    - 356
  - - 14
    - 335
  - - 15
    - 384
  - - 16
    - 428
  - - 17
    - 465
  - - 18
    - 439
  - - 19
    - 435
  - - 20
    - 459
  - - 21
    - 447
  - - 22
    - 459
  - - 23
    - 496
  - - 24
    - 481
  - - 25
    - 512
  - - 26
    - 528
  - - 27
    - 514
  - - 28
    - 519
  - - 29
    - 543
  - - 30
    - 540
  - - 31
    - 595
  - - 32
    - 599
  - - 33
    - 616
  - - 34
    - 630
  - - 35
    - 606
  - - 36
    - 615
  - - 37
    - 659
  - - 38
    - 647
  - - 39
    - 693
  - - 40
    - 717
  - - 41
    - 674
  - - 42
    - 729
  - - 43
    - 705
  - - 44
    - 741
  - - 45
    - 725
  - - 46
    - 762
  - - 47
    - 749
  - - 48
    - 773
  - - 49
    - 794
  - - 50
    - 817
  - - 51
    - 815
  - - 52
    - 828
  - - 53
    - 793
  - - 54
    - 820
  - - 55
    - 792
  - - 56
    - 849
  - - 57
    - 843
  - - 58
    - 809
  - - 59
    - 854
  - - 60
    - 874
  - - 61
    - 932
  - - 62
    - 924
  - - 63
    - 834
  - - 64
    - 841
  - - 65
    - 828
  - - 66
    - 881
  - - 67
    - 785
  - - 68
    - 793
  - - 69
    - 857
  - - 70
    - 882
  - - 71
    - 856
  - - 72
    - 873
  - - 73
    - 891
  - - 74
    - 834
  - - 75
    - 872
  - - 76
    - 871
  - - 77
    - 844
  - - 78
    - 833
  - - 79
    - 873
  - - 80
    - 854
  - - 81
    - 805
  - - 82
    - 769
  - - 83
    - 775
  - - 84
    - 758
  - - 85
    - 802
  - - 86
    - 819
  - - 87
    - 795
  - - 88
    - 780
  - - 89
    - 767
  - - 90
    - 800
  - - 91
    - 732
  - - 92
    - 709
  - - 93
    - 758
  - - 94
    - 731
  - - 95
    - 697
  - - 96
    - 721
  - - 97
    - 700
  - - 98
    - 662
  - - 99
    - 627
  - - 100
    - 676
  - - 101
    - 640
  - - 102
    - 680
  - - 103
    - 664
  - - 104
    - 636
  - - 105
    - 647
  - - 106
    - 568
  - - 107
    - 618
  - - 108
    - 542
  - - 109
    - 602
  - - 110
    - 579
  - - 111
    - 538
  - - 112
    - 546
  - - 113
    - 503
  - - 114
    - 487
  - - 115
    - 478
  - - 116
    - 511
  - - 117
    - 496
  - - 118
    - 456
  - - 119
    - 514
  - - 120
    - 478
  - - 121
    - 431
  - - 122
    - 430
  - - 123
    - 452
  - - 124
    - 401
  - - 125
    - 421
  - - 126
    - 456
  - - 127
    - 444
  - - 128
    - 423
  - - 129
    - 404
  - - 130
    - 410
  - - 131
    - 395
  - - 132
    - 423
  - - 133
    - 383
  - - 134
    - 388
  - - 135
    - 381
  - - 136
    - 378
  - - 137
    - 359
  - - 138
    - 337
  - - 139
    - 372
  - - 140
    - 331
  - - 141
    - 331
  - - 142
    - 336
  - - 143
    - 320
  - - 144
    - 335
  - - 145
    - 311
  - - 146
    - 296
  - - 147
    - 309
  - - 148
    - 292
  - - 149
    - 303
  - - 150
    - 258
  - - 151
    - 298
  - - 152
    - 241
  - - 153
    - 260
  - - 154
    - 264
  - - 155
    - 263
  - - 156
    - 277
  - - 157
    - 216
  - - 158
    - 250
  - - 159
    - 234
  - - 160
    - 205
  - - 161
    - 216
  - - 162
    - 235
  - - 163
    - 222
  - - 164
    - 217
  - - 165
    - 199
  - - 166
    - 186
  - - 167
    - 182
  - - 168
    - 194
  - - 169
    - 174
  - - 170
    - 199
  - - 171
    - 203
  - - 172
    - 194
  - - 173
    - 171
  - - 174
    - 181
  - - 175
    - 166
  - - 176
    - 161
  - - 177
    - 189
  - - 178
    - 152
  - - 179
    - 151
  - - 180
    - 142
  - - 181
    - 135
  - - 182
    - 147
  - - 183
    - 132
  - - 184
    - 154
  - - 185
    - 141
  - - 186
    - 154
  - - 187
    - 140
  - - 188
    - 126
  - - 189
    - 128
  - - 190
    - 125
  - - 191
    - 141
  - - 192
    - 141
  - - 193
    - 108
  - - 194
    - 122
  - - 195
    - 121
  - - 196
    - 133
  - - 197
    - 96
  - - 198
    - 106
  - - 199
    - 89
  - - 200
    - 113
  - - 201
    - 101
  - - 202
    - 98
  - - 203
    - 82
  - - 204
    - 82
  - - 205
    - 103
  - - 206
    - 87
  - - 207
    - 79
  - - 208
    - 84
  - - 209
    - 69
  - - 210
    - 79
  - - 211
    - 73
  - - 212
    - 76
  - - 213
    - 79
  - - 214
    - 76
  - - 215
    - 58
  - - 216
    - 67
  - - 217
    - 83
  - - 218
    - 63
  - - 219
    - 75
  - - 220
    - 79
  - - 221
    - 52
  - - 222
    - 72
  - - 223
    - 71
  - - 224
    - 64
  - - 225
    - 54
  - - 226
    - 41
  - - 227
    - 55
  - - 228
    - 69
  - - 229
    - 72
  - - 230
    - 61
  - - 231
    - 61
  - - 232
    - 53
  - - 233
    - 60
  - - 234
    - 63
  - - 235
    - 54
  - - 236
    - 55
  - - 237
    - 53
  - - 238
    - 46
  - - 239
    - 57
  - - 240
    - 51
  - - 241
    - 49
  - - 242
    - 50
  - - 243
    - 46
  - - 244
    - 55
  - - 245
    - 47
  - - 246
    - 60
  - - 247
    - 49
  - - 248
    - 44
  - - 249
    - 45
  - - 250
    - 36
  - - 251
    - 35
  - - 252
    - 44
  - - 253
    - 45
  - - 254
    - 45
  - - 255
    - 43
  - - 256
    - 32
  - - 257
    - 42
  - - 258
    - 48
  - - 259
    - 33
  - - 260
    - 42
  - - 261
    - 38
  - - 262
    - 43
  - - 263
    - 36
  - - 264
    - 38
  - - 265
    - 39
  - - 266
    - 38
  - - 267
    - 35
  - - 268
    - 45
  - - 269
    - 44
  - - 270
    - 42
  - - 271
    - 39
  - - 272
    - 36
  - - 273
    - 43
  - - 274
    - 35
  - - 275
    - 43
  - - 276
    - 33
  - - 277
    - 31
  - - 278
    - 42
  - - 279
    - 22
  - - 280
    - 37
  - - 281
    - 32
  - - 282
    - 28
  - - 283
    - 32
  - - 284
    - 29
  - - 285
    - 28
  - - 286
    - 31
  - - 287
    - 36
  - - 288
    - 36
  - - 289
    - 31
  - - 290
    - 37
  - - 291
    - 36
  - - 292
    - 32
  - - 293
    - 20
  - - 294
    - 29
  - - 295
    - 25
  - - 296
    - 33
  - - 297
    - 27
  - - 298
    - 39
  - - 299
    - 49
  - - 300
    - 26
  - - 301
    - 38
  - - 302
    - 26
  - - 303
    - 40
  - - 304
    - 28
  - - 305
    - 39
  - - 306
    - 33
  - - 307
    - 42
  - - 308
    - 35
  - - 309
    - 35
  - - 310
    - 26
  - - 311
    - 23
  - - 312
    - 31
  - - 313
    - 27
  - - 314
    - 29
  - - 315
    - 30
  - - 316
    - 23
  - - 317
    - 34
  - - 318
    - 30
  - - 319
    - 36
  - - 320
    - 38
  - - 321
    - 37
  - - 322
    - 33
  - - 323
    - 27
  - - 324
    - 26
  - - 325
    - 29
  - - 326
    - 24
  - - 327
    - 25
  - - 328
    - 26
  - - 329
    - 33
  - - 330
    - 21
  - - 331
    - 33
  - - 332
    - 22
  - - 333
    - 30
  - - 334
    - 25
  - - 335
    - 32
  - - 336
    - 33
  - - 337
    - 26
  - - 338
    - 21
  - - 339
    - 27
  - - 340
    - 21
  - - 341
    - 26
  - - 342
    - 29
  - - 343
    - 41
  - - 344
    - 21
  - - 345
    - 21
  - - 346
    - 24
  - - 347
    - 15
  - - 348
    - 31
  - - 349
    - 21
  - - 350
    - 26
  - - 351
    - 26
  - - 352
    - 24
  - - 353
    - 19
  - - 354
    - 22
  - - 355
    - 20
  - - 356
    - 23
  - - 357
    - 24
  - - 358
    - 21
  - - 359
    - 29
  - - 360
    - 19
  - - 361
    - 27
  - - 362
    - 24
  - - 363
    - 28
  - - 364
    - 19
  - - 365
    - 28
  - - 366
    - 23
  - - 367
    - 25
  - - 368
    - 21
  - - 369
    - 28
  - - 370
    - 14
  - - 371
    - 21
  - - 372
    - 27
  - - 373
    - 19
  - - 374
    - 24
  - - 375
    - 20
  - - 376
    - 22
  - - 377
    - 22
  - - 378
    - 22
  - - 379
    - 20
  - - 380
    - 18
  - - 381
    - 24
  - - 382
    - 18
  - - 383
    - 30
  - - 384
    - 24
  - - 385
    - 25
  - - 386
    - 21
  - - 387
    - 23
  - - 388
    - 17
  - - 389
    - 23
  - - 390
    - 23
  - - 391
    - 22
  - - 392
    - 15
  - - 393
    - 26
  - - 394
    - 14
  - - 395
    - 15
  - - 396
    - 15
  - - 397
    - 16
  - - 398
    - 18
  - - 399
    - 13
  - - 400
    - 14
  - - 401
    - 32
  - - 402
    - 23
  - - 403
    - 12
  - - 404
    - 23
  - - 405
    - 20
  - - 406
    - 12
  - - 407
    - 27
  - - 408
    - 24
  - - 409
    - 17
  - - 410
    - 11
  - - 411
    - 15
  - - 412
    - 22
  - - 413
    - 14
  - - 414
    - 14
  - - 415
    - 15
  - - 416
    - 12
  - - 417
    - 22
  - - 418
    - 17
  - - 419
    - 11
  - - 420
    - 20
  - - 421
    - 22
  - - 422
    - 20
  - - 423
    - 27
  - - 424
    - 23
  - - 425
    - 18
  - - 426
    - 12
  - - 427
    - 19
  - - 428
    - 20
  - - 429
    - 20
  - - 430
    - 12
  - - 431
    - 9
  - - 432
    - 12
  - - 433
    - 10
  - - 434
    - 24
  - - 435
    - 16
  - - 436
    - 17
  - - 437
    - 17
  - - 438
    - 20
  - - 439
    - 26
  - - 440
    - 9
  - - 441
    - 19
  - - 442
    - 16
  - - 443
    - 30
  - - 444
    - 23
  - - 445
    - 27
  - - 446
    - 7
  - - 447
    - 17
  - - 448
    - 12
  - - 449
    - 14
  - - 450
    - 23
  - - 451
    - 12
  - - 452
    - 12
  - - 453
    - 16
  - - 454
    - 17
  - - 455
    - 23
  - - 456
    - 18
  - - 457
    - 18
  - - 458
    - 16
  - - 459
    - 4
  - - 460
    - 17
  - - 461
    - 17
  - - 462
    - 20
  - - 463
    - 13
  - - 464
    - 10
  - - 465
    - 18
  - - 466
    - 15
  - - 467
    - 13
  - - 468
    - 12
  - - 469
    - 16
  - - 470
    - 10
  - - 471
    - 15
  - - 472
    - 19
  - - 473
    - 16
  - - 474
    - 16
  - - 475
    - 12
  - - 476
    - 11
  - - 477
    - 16
  - - 478
    - 9
  - - 479
    - 10
  - - 480
    - 11
  - - 481
    - 14
  - - 482
    - 20
  - - 483
    - 16
  - - 484
    - 17
  - - 485
    - 14
  - - 486
    - 17
  - - 487
    - 12
  - - 488
    - 11
  - - 489
    - 17
  - - 490
    - 10
  - - 491
    - 10
  - - 492
    - 17
  - - 493
    - 14
  - - 494
    - 11
  - - 495
    - 17
  - - 496
    - 20
  - - 497
    - 9
  - - 498
    - 17
  - - 499
    - 13
  - - 500
    - 10
  - - 501
    - 13
  - - 502
    - 9
  - - 503
    - 10
  - - 504
    - 17
  - - 505
    - 12
  - - 506
    - 8
  - - 507
    - 14
  - - 508
    - 10
  - - 509
    - 3
  - - 510
    - 6
  - - 511
    - 9
  - - 512
    - 10
  - - 513
    - 8
  - - 514
    - 11
  - - 515
    - 12
  - - 516
    - 12
  - - 517
    - 3
  - - 518
    - 9
  - - 519
    - 8
  - - 520
    - 9
  - - 521
    - 7
  - - 522
    - 17
  - - 523
    - 10
  - - 524
    - 8
  - - 525
    - 11
  - - 526
    - 7
  - - 527
    - 4
  - - 528
    - 9
  - - 529
    - 8
  - - 530
    - 12
  - - 531
    - 7
  - - 532
    - 11
  - - 533
    - 10
  - - 534
    - 7
  - - 535
    - 7
  - - 536
    - 12
  - - 537
    - 8
  - - 538
    - 8
  - - 539
    - 13
  - - 540
    - 7
  - - 541
    - 12
  - - 542
    - 15
  - - 543
    - 6
  - - 544
    - 8
  - - 545
    - 12
  - - 546
    - 13
  - - 547
    - 15
  - - 548
    - 10
  - - 549
    - 9
  - - 550
    - 11
  - - 551
    - 6
  - - 552
    - 11
  - - 553
    - 13
  - - 554
    - 2
  - - 555
    - 11
  - - 556
    - 6
  - - 557
    - 14
  - - 558
    - 9
  - - 559
    - 12
  - - 560
    - 10
  - - 561
    - 12
  - - 562
    - 11
  - - 563
    - 7
  - - 564
    - 11
  - - 565
    - 5
  - - 566
    - 4
  - - 567
    - 10
  - - 568
    - 10
  - - 569
    - 10
  - - 570
    - 8
  - - 571
    - 8
  - - 572
    - 9
  - - 573
    - 7
  - - 574
    - 9
  - - 575
    - 6
  - - 576
    - 7
  - - 577
    - 4
  - - 578
    - 3
  - - 579
    - 14
  - - 580
    - 10
  - - 581
    - 9
  - - 582
    - 2
  - - 583
    - 7
  - - 584
    - 6
  - - 585
    - 5
  - - 586
    - 7
  - - 587
    - 3
  - - 588
    - 6
  - - 589
    - 5
  - - 590
    - 8
  - - 591
    - 8
  - - 592
    - 7
  - - 593
    - 8
  - - 594
    - 7
  - - 595
    - 6
  - - 596
    - 13
  - - 597
    - 8
  - - 598
    - 6
  - - 599
    - 6
  - - 600
    - 5
  - - 601
    - 11
  - - 602
    - 6
  - - 603
    - 8
  - - 604
    - 2
  - - 605
    - 5
  - - 606
    - 5
  - - 607
    - 14
  - - 608
    - 9
  - - 609
    - 3
  - - 610
    - 3
  - - 611
    - 3
  - - 612
    - 8
  - - 613
    - 8
  - - 614
    - 6
  - - 615
    - 8
  - - 616
    - 6
  - - 617
    - 6
  - - 618
    - 7
  - - 619
    - 7
  - - 620
    - 8
  - - 621
    - 4
  - - 622
    - 3
  - - 623
    - 6
  - - 624
    - 9
  - - 625
    - 8
  - - 626
    - 7
  - - 627
    - 4
  - - 628
    - 3
  - - 629
    - 3
  - - 630
    - 2
  - - 631
    - 12
  - - 632
    - 5
  - - 633
    - 1
  - - 634
    - 8
  - - 635
    - 5
  - - 636
    - 4
  - - 637
    - 3
  - - 638
    - 4
  - - 639
    - 4
  - - 640
    - 4
  - - 641
    - 8
  - - 642
    - 11
  - - 643
    - 6
  - - 644
    - 2
  - - 645
    - 5
  - - 646
    - 3
  - - 647
    - 7
  - - 648
    - 6
  - - 649
    - 5
  - - 650
    - 6
  - - 651
    - 4
  - - 652
    - 6
  - - 653
    - 7
  - - 654
    - 5
  - - 655
    - 5
  - - 656
    - 1
  - - 657
    - 7
  - - 658
    - 1
  - - 659
    - 3
  - - 660
    - 6
  - - 661
    - 3
  - - 662
    - 5
  - - 663
    - 2
  - - 664
    - 3
  - - 665
    - 6
  - - 666
    - 3
  - - 667
    - 6
  - - 668
    - 7
  - - 669
    - 3
  - - 670
    - 7
  - - 671
    - 2
  - - 672
    - 4
  - - 673
    - 3
  - - 674
    - 4
  - - 675
    - 2
  - - 676
    - 3
  - - 677
    - 2
  - - 678
    - 6
  - - 679
    - 2
  - - 680
    - 1
  - - 681
    - 4
  - - 682
    - 6
  - - 683
    - 2
  - - 684
    - 7
  - - 685
    - 4
  - - 686
    - 5
  - - 687
    - 5
  - - 688
    - 2
  - - 689
    - 5
  - - 690
    - 1
  - - 691
    - 5
  - - 692
    - 2
  - - 693
    - 2
  - - 694
    - 4
  - - 695
    - 2
  - - 696
    - 4
  - - 697
    - 4
  - - 699
    - 1
  - - 700
    - 2
  - - 701
    - 2
  - - 702
    - 3
  - - 704
    - 6
  - - 705
    - 3
  - - 706
    - 4
  - - 707
    - 3
  - - 708
    - 4
  - - 709
    - 1
  - - 710
    - 1
  - - 711
    - 2
  - - 712
    - 4
  - - 713
    - 5
  - - 714
    - 2
  - - 715
    - 3
  - - 716
    - 4
  - - 717
    - 3
  - - 718
    - 2
  - - 719
    - 3
  - - 720
    - 2
  - - 722
    - 3
  - - 723
    - 2
  - - 724
    - 6
  - - 725
    - 5
  - - 726
    - 1
  - - 728
    - 3
  - - 729
    - 2
  - - 730
    - 2
  - - 731
    - 4
  - - 732
    - 1
  - - 733
    - 1
  - - 735
    - 3
  - - 736
    - 3
  - - 737
    - 2
  - - 738
    - 2
  - - 739
    - 5
  - - 740
    - 1
  - - 741
    - 2
  - - 742
    - 4
  - - 743
    - 1
  - - 744
    - 4
  - - 745
    - 5
  - - 746
    - 2
  - - 747
    - 1
  - - 748
    - 7
  - - 749
    - 2
  - - 750
    - 2
  - - 751
    - 2
  - - 752
    - 3
  - - 753
    - 2
  - - 754
    - 2
  - - 755
    - 2
  - - 756
    - 1
  - - 757
    - 1
  - - 758
    - 3
  - - 759
    - 5
  - - 760
    - 3
  - - 761
    - 2
  - - 762
    - 3
  - - 763
    - 1
  - - 764
    - 4
  - - 765
    - 3
  - - 766
    - 2
  - - 767
    - 3
  - - 768
    - 3
  - - 769
    - 1
  - - 770
    - 1
  - - 771
    - 3
  - - 772
    - 1
  - - 773
    - 1
  - - 776
    - 3
  - - 778
    - 1
  - - 779
    - 2
  - - 781
    - 1
  - - 782
    - 2
  - - 783
    - 3
  - - 784
    - 3
  - - 785
    - 4
  - - 786
    - 1
  - - 787
    - 1
  - - 788
    - 1
  - - 789
    - 4
  - - 790
    - 4
  - - 791
    - 2
  - - 792
    - 2
  - - 795
    - 1
  - - 796
    - 2
  - - 797
    - 1
  - - 799
    - 2
  - - 800
    - 3
  - - 802
    - 2
  - - 803
    - 2
  - - 804
    - 2
  - - 805
    - 1
  - - 807
    - 2
  - - 809
    - 1
  - - 810
    - 1
  - - 811
    - 4
  - - 812
    - 4
  - - 813
    - 2
  - - 814
    - 3
  - - 815
    - 4
  - - 816
    - 1
  - - 817
    - 1
  - - 818
    - 2
  - - 819
    - 1
  - - 820
    - 1
  - - 821
    - 1
  - - 822
    - 1
  - - 823
    - 1
  - - 824
    - 1
  - - 825
    - 1
  - - 826
    - 1
  - - 827
    - 1
  - - 828
    - 2
  - - 829
    - 1
  - - 831
    - 2
  - - 832
    - 1
  - - 833
    - 2
  - - 835
    - 3
  - - 837
    - 3
  - - 838
    - 2
  - - 840
    - 3
  - - 841
    - 4
  - - 842
    - 2
  - - 846
    - 1
  - - 847
    - 1
  - - 848
    - 1
  - - 849
    - 3
  - - 850
    - 2
  - - 851
    - 1
  - - 852
    - 5
  - - 854
    - 3
  - - 857
    - 2
  - - 862
    - 1
  - - 866
    - 3
  - - 867
    - 1
  - - 868
    - 1
  - - 870
    - 1
  - - 871
    - 3
  - - 872
    - 2
  - - 874
    - 3
  - - 875
    - 3
  - - 877
    - 2
  - - 878
    - 3
  - - 879
    - 2
  - - 880
    - 1
  - - 881
    - 2
  - - 882
    - 1
  - - 884
    - 1
  - - 886
    - 1
  - - 889
    - 1
  - - 891
    - 1
  - - 892
    - 1
  - - 893
    - 3
  - - 896
    - 1
  - - 897
    - 1
  - - 900
    - 1
  - - 901
    - 1
  - - 902
    - 1
  - - 904
    - 1
  - - 905
    - 1
  - - 907
    - 1
  - - 909
    - 2
  - - 910
    - 1
  - - 911
    - 1
  - - 913
    - 1
  - - 915
    - 1
  - - 917
    - 3
  - - 922
    - 3
  - - 926
    - 1
  - - 928
    - 2
  - - 935
    - 1
  - - 936
    - 1
  - - 937
    - 1
  - - 940
    - 1
  - - 943
    - 1
  - - 946
    - 1
  - - 947
    - 1
  - - 949
    - 1
  - - 951
    - 1
  - - 954
    - 1
  - - 955
    - 3
  - - 957
    - 1
  - - 958
    - 1
  - - 959
    - 1
  - - 974
    - 1
  - - 989
    - 2
  - - 995
    - 1
  - - 1036
    - 1
  - - 1044
    - 1
  - - 1113
    - 1
  - - 1158
    - 1
  - - 1163
    - 1
  - - 1359
    - 1
  latency_50_percentile: 84.0
  latency_95_percentile: 316.0
  latency_99_5_percentile: 660.3899999999994
  latency_99_percentile: 571.0
  max_kubedns_cpu: 758
  max_kubedns_memory: 30
  max_latency: 1.359599
  max_perfserver_cpu: 0
  max_perfserver_memory: 0
  min_latency: 0.001337
  msg: null
  ok: true
  qps: 898.250117
  queries_completed: 107923
  queries_lost: 0
  queries_sent: 107923
  run_time: 120.14805
  stddev_latency: 0.104727
params:
  max_qps: null
  pod_name: dns-perf-client-858fb7568b-qm8wv
  query_file: all-queries.txt
  run_id: 1777617708
  run_length_seconds: 120
  run_subid: 0
stderr:
- ''
stdout:
- DNS Performance Testing Tool
- Nominum Version 2.1.0.0
- ''
- '[Status] Command line: dnsperf -s 10.0.0.10 -l 120 -d /queries/all-queries.txt'
- '[Status] Sending queries (to 10.0.0.10)'
- '[Status] Started at: Fri May  1 06:42:21 2026'
- '[Status] Stopping after 120.000000 seconds'
- '[Status] Testing complete (time limit)'
- ''
- 'Statistics:'
- ''
- '  Queries sent:         107923'
- '  Queries completed:    107923 (100.00%)'
- '  Queries lost:         0 (0.00%)'
- ''
- '  Response codes:       NOERROR 12951 (12.00%), NXDOMAIN 94972 (88.00%)'
- '  Average packet size:  request 38, response 122'
- '  Run time (s):         120.148050'
- '  Queries per second:   898.250117'
- ''
- '  Average Latency (s):  0.111105 (min 0.001337, max 1.359599)'
- '  Latency StdDev (s):   0.104727'
- ''
- '  Latency histogram'
- '#histogram 0 0'
- '#histogram 1 33'
- '#histogram 2 126'
- '#histogram 3 215'
- '#histogram 4 287'
- '#histogram 5 309'
- '#histogram 6 336'
- '#histogram 7 334'
- '#histogram 8 356'
- '#histogram 9 360'
- '#histogram 10 315'
- '#histogram 11 375'
- '#histogram 12 344'
- '#histogram 13 356'
- '#histogram 14 335'
- '#histogram 15 384'
- '#histogram 16 428'
- '#histogram 17 465'
- '#histogram 18 439'
- '#histogram 19 435'
- '#histogram 20 459'
- '#histogram 21 447'
- '#histogram 22 459'
- '#histogram 23 496'
- '#histogram 24 481'
- '#histogram 25 512'
- '#histogram 26 528'
- '#histogram 27 514'
- '#histogram 28 519'
- '#histogram 29 543'
- '#histogram 30 540'
- '#histogram 31 595'
- '#histogram 32 599'
- '#histogram 33 616'
- '#histogram 34 630'
- '#histogram 35 606'
- '#histogram 36 615'
- '#histogram 37 659'
- '#histogram 38 647'
- '#histogram 39 693'
- '#histogram 40 717'
- '#histogram 41 674'
- '#histogram 42 729'
- '#histogram 43 705'
- '#histogram 44 741'
- '#histogram 45 725'
- '#histogram 46 762'
- '#histogram 47 749'
- '#histogram 48 773'
- '#histogram 49 794'
- '#histogram 50 817'
- '#histogram 51 815'
- '#histogram 52 828'
- '#histogram 53 793'
- '#histogram 54 820'
- '#histogram 55 792'
- '#histogram 56 849'
- '#histogram 57 843'
- '#histogram 58 809'
- '#histogram 59 854'
- '#histogram 60 874'
- '#histogram 61 932'
- '#histogram 62 924'
- '#histogram 63 834'
- '#histogram 64 841'
- '#histogram 65 828'
- '#histogram 66 881'
- '#histogram 67 785'
- '#histogram 68 793'
- '#histogram 69 857'
- '#histogram 70 882'
- '#histogram 71 856'
- '#histogram 72 873'
- '#histogram 73 891'
- '#histogram 74 834'
- '#histogram 75 872'
- '#histogram 76 871'
- '#histogram 77 844'
- '#histogram 78 833'
- '#histogram 79 873'
- '#histogram 80 854'
- '#histogram 81 805'
- '#histogram 82 769'
- '#histogram 83 775'
- '#histogram 84 758'
- '#histogram 85 802'
- '#histogram 86 819'
- '#histogram 87 795'
- '#histogram 88 780'
- '#histogram 89 767'
- '#histogram 90 800'
- '#histogram 91 732'
- '#histogram 92 709'
- '#histogram 93 758'
- '#histogram 94 731'
- '#histogram 95 697'
- '#histogram 96 721'
- '#histogram 97 700'
- '#histogram 98 662'
- '#histogram 99 627'
- '#histogram 100 676'
- '#histogram 101 640'
- '#histogram 102 680'
- '#histogram 103 664'
- '#histogram 104 636'
- '#histogram 105 647'
- '#histogram 106 568'
- '#histogram 107 618'
- '#histogram 108 542'
- '#histogram 109 602'
- '#histogram 110 579'
- '#histogram 111 538'
- '#histogram 112 546'
- '#histogram 113 503'
- '#histogram 114 487'
- '#histogram 115 478'
- '#histogram 116 511'
- '#histogram 117 496'
- '#histogram 118 456'
- '#histogram 119 514'
- '#histogram 120 478'
- '#histogram 121 431'
- '#histogram 122 430'
- '#histogram 123 452'
- '#histogram 124 401'
- '#histogram 125 421'
- '#histogram 126 456'
- '#histogram 127 444'
- '#histogram 128 423'
- '#histogram 129 404'
- '#histogram 130 410'
- '#histogram 131 395'
- '#histogram 132 423'
- '#histogram 133 383'
- '#histogram 134 388'
- '#histogram 135 381'
- '#histogram 136 378'
- '#histogram 137 359'
- '#histogram 138 337'
- '#histogram 139 372'
- '#histogram 140 331'
- '#histogram 141 331'
- '#histogram 142 336'
- '#histogram 143 320'
- '#histogram 144 335'
- '#histogram 145 311'
- '#histogram 146 296'
- '#histogram 147 309'
- '#histogram 148 292'
- '#histogram 149 303'
- '#histogram 150 258'
- '#histogram 151 298'
- '#histogram 152 241'
- '#histogram 153 260'
- '#histogram 154 264'
- '#histogram 155 263'
- '#histogram 156 277'
- '#histogram 157 216'
- '#histogram 158 250'
- '#histogram 159 234'
- '#histogram 160 205'
- '#histogram 161 216'
- '#histogram 162 235'
- '#histogram 163 222'
- '#histogram 164 217'
- '#histogram 165 199'
- '#histogram 166 186'
- '#histogram 167 182'
- '#histogram 168 194'
- '#histogram 169 174'
- '#histogram 170 199'
- '#histogram 171 203'
- '#histogram 172 194'
- '#histogram 173 171'
- '#histogram 174 181'
- '#histogram 175 166'
- '#histogram 176 161'
- '#histogram 177 189'
- '#histogram 178 152'
- '#histogram 179 151'
- '#histogram 180 142'
- '#histogram 181 135'
- '#histogram 182 147'
- '#histogram 183 132'
- '#histogram 184 154'
- '#histogram 185 141'
- '#histogram 186 154'
- '#histogram 187 140'
- '#histogram 188 126'
- '#histogram 189 128'
- '#histogram 190 125'
- '#histogram 191 141'
- '#histogram 192 141'
- '#histogram 193 108'
- '#histogram 194 122'
- '#histogram 195 121'
- '#histogram 196 133'
- '#histogram 197 96'
- '#histogram 198 106'
- '#histogram 199 89'
- '#histogram 200 113'
- '#histogram 201 101'
- '#histogram 202 98'
- '#histogram 203 82'
- '#histogram 204 82'
- '#histogram 205 103'
- '#histogram 206 87'
- '#histogram 207 79'
- '#histogram 208 84'
- '#histogram 209 69'
- '#histogram 210 79'
- '#histogram 211 73'
- '#histogram 212 76'
- '#histogram 213 79'
- '#histogram 214 76'
- '#histogram 215 58'
- '#histogram 216 67'
- '#histogram 217 83'
- '#histogram 218 63'
- '#histogram 219 75'
- '#histogram 220 79'
- '#histogram 221 52'
- '#histogram 222 72'
- '#histogram 223 71'
- '#histogram 224 64'
- '#histogram 225 54'
- '#histogram 226 41'
- '#histogram 227 55'
- '#histogram 228 69'
- '#histogram 229 72'
- '#histogram 230 61'
- '#histogram 231 61'
- '#histogram 232 53'
- '#histogram 233 60'
- '#histogram 234 63'
- '#histogram 235 54'
- '#histogram 236 55'
- '#histogram 237 53'
- '#histogram 238 46'
- '#histogram 239 57'
- '#histogram 240 51'
- '#histogram 241 49'
- '#histogram 242 50'
- '#histogram 243 46'
- '#histogram 244 55'
- '#histogram 245 47'
- '#histogram 246 60'
- '#histogram 247 49'
- '#histogram 248 44'
- '#histogram 249 45'
- '#histogram 250 36'
- '#histogram 251 35'
- '#histogram 252 44'
- '#histogram 253 45'
- '#histogram 254 45'
- '#histogram 255 43'
- '#histogram 256 32'
- '#histogram 257 42'
- '#histogram 258 48'
- '#histogram 259 33'
- '#histogram 260 42'
- '#histogram 261 38'
- '#histogram 262 43'
- '#histogram 263 36'
- '#histogram 264 38'
- '#histogram 265 39'
- '#histogram 266 38'
- '#histogram 267 35'
- '#histogram 268 45'
- '#histogram 269 44'
- '#histogram 270 42'
- '#histogram 271 39'
- '#histogram 272 36'
- '#histogram 273 43'
- '#histogram 274 35'
- '#histogram 275 43'
- '#histogram 276 33'
- '#histogram 277 31'
- '#histogram 278 42'
- '#histogram 279 22'
- '#histogram 280 37'
- '#histogram 281 32'
- '#histogram 282 28'
- '#histogram 283 32'
- '#histogram 284 29'
- '#histogram 285 28'
- '#histogram 286 31'
- '#histogram 287 36'
- '#histogram 288 36'
- '#histogram 289 31'
- '#histogram 290 37'
- '#histogram 291 36'
- '#histogram 292 32'
- '#histogram 293 20'
- '#histogram 294 29'
- '#histogram 295 25'
- '#histogram 296 33'
- '#histogram 297 27'
- '#histogram 298 39'
- '#histogram 299 49'
- '#histogram 300 26'
- '#histogram 301 38'
- '#histogram 302 26'
- '#histogram 303 40'
- '#histogram 304 28'
- '#histogram 305 39'
- '#histogram 306 33'
- '#histogram 307 42'
- '#histogram 308 35'
- '#histogram 309 35'
- '#histogram 310 26'
- '#histogram 311 23'
- '#histogram 312 31'
- '#histogram 313 27'
- '#histogram 314 29'
- '#histogram 315 30'
- '#histogram 316 23'
- '#histogram 317 34'
- '#histogram 318 30'
- '#histogram 319 36'
- '#histogram 320 38'
- '#histogram 321 37'
- '#histogram 322 33'
- '#histogram 323 27'
- '#histogram 324 26'
- '#histogram 325 29'
- '#histogram 326 24'
- '#histogram 327 25'
- '#histogram 328 26'
- '#histogram 329 33'
- '#histogram 330 21'
- '#histogram 331 33'
- '#histogram 332 22'
- '#histogram 333 30'
- '#histogram 334 25'
- '#histogram 335 32'
- '#histogram 336 33'
- '#histogram 337 26'
- '#histogram 338 21'
- '#histogram 339 27'
- '#histogram 340 21'
- '#histogram 341 26'
- '#histogram 342 29'
- '#histogram 343 41'
- '#histogram 344 21'
- '#histogram 345 21'
- '#histogram 346 24'
- '#histogram 347 15'
- '#histogram 348 31'
- '#histogram 349 21'
- '#histogram 350 26'
- '#histogram 351 26'
- '#histogram 352 24'
- '#histogram 353 19'
- '#histogram 354 22'
- '#histogram 355 20'
- '#histogram 356 23'
- '#histogram 357 24'
- '#histogram 358 21'
- '#histogram 359 29'
- '#histogram 360 19'
- '#histogram 361 27'
- '#histogram 362 24'
- '#histogram 363 28'
- '#histogram 364 19'
- '#histogram 365 28'
- '#histogram 366 23'
- '#histogram 367 25'
- '#histogram 368 21'
- '#histogram 369 28'
- '#histogram 370 14'
- '#histogram 371 21'
- '#histogram 372 27'
- '#histogram 373 19'
- '#histogram 374 24'
- '#histogram 375 20'
- '#histogram 376 22'
- '#histogram 377 22'
- '#histogram 378 22'
- '#histogram 379 20'
- '#histogram 380 18'
- '#histogram 381 24'
- '#histogram 382 18'
- '#histogram 383 30'
- '#histogram 384 24'
- '#histogram 385 25'
- '#histogram 386 21'
- '#histogram 387 23'
- '#histogram 388 17'
- '#histogram 389 23'
- '#histogram 390 23'
- '#histogram 391 22'
- '#histogram 392 15'
- '#histogram 393 26'
- '#histogram 394 14'
- '#histogram 395 15'
- '#histogram 396 15'
- '#histogram 397 16'
- '#histogram 398 18'
- '#histogram 399 13'
- '#histogram 400 14'
- '#histogram 401 32'
- '#histogram 402 23'
- '#histogram 403 12'
- '#histogram 404 23'
- '#histogram 405 20'
- '#histogram 406 12'
- '#histogram 407 27'
- '#histogram 408 24'
- '#histogram 409 17'
- '#histogram 410 11'
- '#histogram 411 15'
- '#histogram 412 22'
- '#histogram 413 14'
- '#histogram 414 14'
- '#histogram 415 15'
- '#histogram 416 12'
- '#histogram 417 22'
- '#histogram 418 17'
- '#histogram 419 11'
- '#histogram 420 20'
- '#histogram 421 22'
- '#histogram 422 20'
- '#histogram 423 27'
- '#histogram 424 23'
- '#histogram 425 18'
- '#histogram 426 12'
- '#histogram 427 19'
- '#histogram 428 20'
- '#histogram 429 20'
- '#histogram 430 12'
- '#histogram 431 9'
- '#histogram 432 12'
- '#histogram 433 10'
- '#histogram 434 24'
- '#histogram 435 16'
- '#histogram 436 17'
- '#histogram 437 17'
- '#histogram 438 20'
- '#histogram 439 26'
- '#histogram 440 9'
- '#histogram 441 19'
- '#histogram 442 16'
- '#histogram 443 30'
- '#histogram 444 23'
- '#histogram 445 27'
- '#histogram 446 7'
- '#histogram 447 17'
- '#histogram 448 12'
- '#histogram 449 14'
- '#histogram 450 23'
- '#histogram 451 12'
- '#histogram 452 12'
- '#histogram 453 16'
- '#histogram 454 17'
- '#histogram 455 23'
- '#histogram 456 18'
- '#histogram 457 18'
- '#histogram 458 16'
- '#histogram 459 4'
- '#histogram 460 17'
- '#histogram 461 17'
- '#histogram 462 20'
- '#histogram 463 13'
- '#histogram 464 10'
- '#histogram 465 18'
- '#histogram 466 15'
- '#histogram 467 13'
- '#histogram 468 12'
- '#histogram 469 16'
- '#histogram 470 10'
- '#histogram 471 15'
- '#histogram 472 19'
- '#histogram 473 16'
- '#histogram 474 16'
- '#histogram 475 12'
- '#histogram 476 11'
- '#histogram 477 16'
- '#histogram 478 9'
- '#histogram 479 10'
- '#histogram 480 11'
- '#histogram 481 14'
- '#histogram 482 20'
- '#histogram 483 16'
- '#histogram 484 17'
- '#histogram 485 14'
- '#histogram 486 17'
- '#histogram 487 12'
- '#histogram 488 11'
- '#histogram 489 17'
- '#histogram 490 10'
- '#histogram 491 10'
- '#histogram 492 17'
- '#histogram 493 14'
- '#histogram 494 11'
- '#histogram 495 17'
- '#histogram 496 20'
- '#histogram 497 9'
- '#histogram 498 17'
- '#histogram 499 13'
- '#histogram 500 10'
- '#histogram 501 13'
- '#histogram 502 9'
- '#histogram 503 10'
- '#histogram 504 17'
- '#histogram 505 12'
- '#histogram 506 8'
- '#histogram 507 14'
- '#histogram 508 10'
- '#histogram 509 3'
- '#histogram 510 6'
- '#histogram 511 9'
- '#histogram 512 10'
- '#histogram 513 8'
- '#histogram 514 11'
- '#histogram 515 12'
- '#histogram 516 12'
- '#histogram 517 3'
- '#histogram 518 9'
- '#histogram 519 8'
- '#histogram 520 9'
- '#histogram 521 7'
- '#histogram 522 17'
- '#histogram 523 10'
- '#histogram 524 8'
- '#histogram 525 11'
- '#histogram 526 7'
- '#histogram 527 4'
- '#histogram 528 9'
- '#histogram 529 8'
- '#histogram 530 12'
- '#histogram 531 7'
- '#histogram 532 11'
- '#histogram 533 10'
- '#histogram 534 7'
- '#histogram 535 7'
- '#histogram 536 12'
- '#histogram 537 8'
- '#histogram 538 8'
- '#histogram 539 13'
- '#histogram 540 7'
- '#histogram 541 12'
- '#histogram 542 15'
- '#histogram 543 6'
- '#histogram 544 8'
- '#histogram 545 12'
- '#histogram 546 13'
- '#histogram 547 15'
- '#histogram 548 10'
- '#histogram 549 9'
- '#histogram 550 11'
- '#histogram 551 6'
- '#histogram 552 11'
- '#histogram 553 13'
- '#histogram 554 2'
- '#histogram 555 11'
- '#histogram 556 6'
- '#histogram 557 14'
- '#histogram 558 9'
- '#histogram 559 12'
- '#histogram 560 10'
- '#histogram 561 12'
- '#histogram 562 11'
- '#histogram 563 7'
- '#histogram 564 11'
- '#histogram 565 5'
- '#histogram 566 4'
- '#histogram 567 10'
- '#histogram 568 10'
- '#histogram 569 10'
- '#histogram 570 8'
- '#histogram 571 8'
- '#histogram 572 9'
- '#histogram 573 7'
- '#histogram 574 9'
- '#histogram 575 6'
- '#histogram 576 7'
- '#histogram 577 4'
- '#histogram 578 3'
- '#histogram 579 14'
- '#histogram 580 10'
- '#histogram 581 9'
- '#histogram 582 2'
- '#histogram 583 7'
- '#histogram 584 6'
- '#histogram 585 5'
- '#histogram 586 7'
- '#histogram 587 3'
- '#histogram 588 6'
- '#histogram 589 5'
- '#histogram 590 8'
- '#histogram 591 8'
- '#histogram 592 7'
- '#histogram 593 8'
- '#histogram 594 7'
- '#histogram 595 6'
- '#histogram 596 13'
- '#histogram 597 8'
- '#histogram 598 6'
- '#histogram 599 6'
- '#histogram 600 5'
- '#histogram 601 11'
- '#histogram 602 6'
- '#histogram 603 8'
- '#histogram 604 2'
- '#histogram 605 5'
- '#histogram 606 5'
- '#histogram 607 14'
- '#histogram 608 9'
- '#histogram 609 3'
- '#histogram 610 3'
- '#histogram 611 3'
- '#histogram 612 8'
- '#histogram 613 8'
- '#histogram 614 6'
- '#histogram 615 8'
- '#histogram 616 6'
- '#histogram 617 6'
- '#histogram 618 7'
- '#histogram 619 7'
- '#histogram 620 8'
- '#histogram 621 4'
- '#histogram 622 3'
- '#histogram 623 6'
- '#histogram 624 9'
- '#histogram 625 8'
- '#histogram 626 7'
- '#histogram 627 4'
- '#histogram 628 3'
- '#histogram 629 3'
- '#histogram 630 2'
- '#histogram 631 12'
- '#histogram 632 5'
- '#histogram 633 1'
- '#histogram 634 8'
- '#histogram 635 5'
- '#histogram 636 4'
- '#histogram 637 3'
- '#histogram 638 4'
- '#histogram 639 4'
- '#histogram 640 4'
- '#histogram 641 8'
- '#histogram 642 11'
- '#histogram 643 6'
- '#histogram 644 2'
- '#histogram 645 5'
- '#histogram 646 3'
- '#histogram 647 7'
- '#histogram 648 6'
- '#histogram 649 5'
- '#histogram 650 6'
- '#histogram 651 4'
- '#histogram 652 6'
- '#histogram 653 7'
- '#histogram 654 5'
- '#histogram 655 5'
- '#histogram 656 1'
- '#histogram 657 7'
- '#histogram 658 1'
- '#histogram 659 3'
- '#histogram 660 6'
- '#histogram 661 3'
- '#histogram 662 5'
- '#histogram 663 2'
- '#histogram 664 3'
- '#histogram 665 6'
- '#histogram 666 3'
- '#histogram 667 6'
- '#histogram 668 7'
- '#histogram 669 3'
- '#histogram 670 7'
- '#histogram 671 2'
- '#histogram 672 4'
- '#histogram 673 3'
- '#histogram 674 4'
- '#histogram 675 2'
- '#histogram 676 3'
- '#histogram 677 2'
- '#histogram 678 6'
- '#histogram 679 2'
- '#histogram 680 1'
- '#histogram 681 4'
- '#histogram 682 6'
- '#histogram 683 2'
- '#histogram 684 7'
- '#histogram 685 4'
- '#histogram 686 5'
- '#histogram 687 5'
- '#histogram 688 2'
- '#histogram 689 5'
- '#histogram 690 1'
- '#histogram 691 5'
- '#histogram 692 2'
- '#histogram 693 2'
- '#histogram 694 4'
- '#histogram 695 2'
- '#histogram 696 4'
- '#histogram 697 4'
- '#histogram 699 1'
- '#histogram 700 2'
- '#histogram 701 2'
- '#histogram 702 3'
- '#histogram 704 6'
- '#histogram 705 3'
- '#histogram 706 4'
- '#histogram 707 3'
- '#histogram 708 4'
- '#histogram 709 1'
- '#histogram 710 1'
- '#histogram 711 2'
- '#histogram 712 4'
- '#histogram 713 5'
- '#histogram 714 2'
- '#histogram 715 3'
- '#histogram 716 4'
- '#histogram 717 3'
- '#histogram 718 2'
- '#histogram 719 3'
- '#histogram 720 2'
- '#histogram 722 3'
- '#histogram 723 2'
- '#histogram 724 6'
- '#histogram 725 5'
- '#histogram 726 1'
- '#histogram 728 3'
- '#histogram 729 2'
- '#histogram 730 2'
- '#histogram 731 4'
- '#histogram 732 1'
- '#histogram 733 1'
- '#histogram 735 3'
- '#histogram 736 3'
- '#histogram 737 2'
- '#histogram 738 2'
- '#histogram 739 5'
- '#histogram 740 1'
- '#histogram 741 2'
- '#histogram 742 4'
- '#histogram 743 1'
- '#histogram 744 4'
- '#histogram 745 5'
- '#histogram 746 2'
- '#histogram 747 1'
- '#histogram 748 7'
- '#histogram 749 2'
- '#histogram 750 2'
- '#histogram 751 2'
- '#histogram 752 3'
- '#histogram 753 2'
- '#histogram 754 2'
- '#histogram 755 2'
- '#histogram 756 1'
- '#histogram 757 1'
- '#histogram 758 3'
- '#histogram 759 5'
- '#histogram 760 3'
- '#histogram 761 2'
- '#histogram 762 3'
- '#histogram 763 1'
- '#histogram 764 4'
- '#histogram 765 3'
- '#histogram 766 2'
- '#histogram 767 3'
- '#histogram 768 3'
- '#histogram 769 1'
- '#histogram 770 1'
- '#histogram 771 3'
- '#histogram 772 1'
- '#histogram 773 1'
- '#histogram 776 3'
- '#histogram 778 1'
- '#histogram 779 2'
- '#histogram 781 1'
- '#histogram 782 2'
- '#histogram 783 3'
- '#histogram 784 3'
- '#histogram 785 4'
- '#histogram 786 1'
- '#histogram 787 1'
- '#histogram 788 1'
- '#histogram 789 4'
- '#histogram 790 4'
- '#histogram 791 2'
- '#histogram 792 2'
- '#histogram 795 1'
- '#histogram 796 2'
- '#histogram 797 1'
- '#histogram 799 2'
- '#histogram 800 3'
- '#histogram 802 2'
- '#histogram 803 2'
- '#histogram 804 2'
- '#histogram 805 1'
- '#histogram 807 2'
- '#histogram 809 1'
- '#histogram 810 1'
- '#histogram 811 4'
- '#histogram 812 4'
- '#histogram 813 2'
- '#histogram 814 3'
- '#histogram 815 4'
- '#histogram 816 1'
- '#histogram 817 1'
- '#histogram 818 2'
- '#histogram 819 1'
- '#histogram 820 1'
- '#histogram 821 1'
- '#histogram 822 1'
- '#histogram 823 1'
- '#histogram 824 1'
- '#histogram 825 1'
- '#histogram 826 1'
- '#histogram 827 1'
- '#histogram 828 2'
- '#histogram 829 1'
- '#histogram 831 2'
- '#histogram 832 1'
- '#histogram 833 2'
- '#histogram 835 3'
- '#histogram 837 3'
- '#histogram 838 2'
- '#histogram 840 3'
- '#histogram 841 4'
- '#histogram 842 2'
- '#histogram 846 1'
- '#histogram 847 1'
- '#histogram 848 1'
- '#histogram 849 3'
- '#histogram 850 2'
- '#histogram 851 1'
- '#histogram 852 5'
- '#histogram 854 3'
- '#histogram 857 2'
- '#histogram 862 1'
- '#histogram 866 3'
- '#histogram 867 1'
- '#histogram 868 1'
- '#histogram 870 1'
- '#histogram 871 3'
- '#histogram 872 2'
- '#histogram 874 3'
- '#histogram 875 3'
- '#histogram 877 2'
- '#histogram 878 3'
- '#histogram 879 2'
- '#histogram 880 1'
- '#histogram 881 2'
- '#histogram 882 1'
- '#histogram 884 1'
- '#histogram 886 1'
- '#histogram 889 1'
- '#histogram 891 1'
- '#histogram 892 1'
- '#histogram 893 3'
- '#histogram 896 1'
- '#histogram 897 1'
- '#histogram 900 1'
- '#histogram 901 1'
- '#histogram 902 1'
- '#histogram 904 1'
- '#histogram 905 1'
- '#histogram 907 1'
- '#histogram 909 2'
- '#histogram 910 1'
- '#histogram 911 1'
- '#histogram 913 1'
- '#histogram 915 1'
- '#histogram 917 3'
- '#histogram 922 3'
- '#histogram 926 1'
- '#histogram 928 2'
- '#histogram 935 1'
- '#histogram 936 1'
- '#histogram 937 1'
- '#histogram 940 1'
- '#histogram 943 1'
- '#histogram 946 1'
- '#histogram 947 1'
- '#histogram 949 1'
- '#histogram 951 1'
- '#histogram 954 1'
- '#histogram 955 3'
- '#histogram 957 1'
- '#histogram 958 1'
- '#histogram 959 1'
- '#histogram 974 1'
- '#histogram 989 2'
- '#histogram 995 1'
- '#histogram 1036 1'
- '#histogram 1044 1'
- '#histogram 1113 1'
- '#histogram 1158 1'
- '#histogram 1163 1'
- '#histogram 1359 1'
- ''
