code: 0
data:
  avg_latency: 0.11921
  histogram:
  - - 0
    - 0
  - - 1
    - 64
  - - 2
    - 178
  - - 3
    - 295
  - - 4
    - 300
  - - 5
    - 295
  - - 6
    - 319
  - - 7
    - 350
  - - 8
    - 312
  - - 9
    - 365
  - - 10
    - 333
  - - 11
    - 321
  - - 12
    - 368
  - - 13
    - 370
  - - 14
    - 394
  - - 15
    - 363
  - - 16
    - 369
  - - 17
    - 409
  - - 18
    - 465
  - - 19
    - 395
  - - 20
    - 406
  - - 21
    - 380
  - - 22
    - 425
  - - 23
    - 431
  - - 24
    - 451
  - - 25
    - 430
  - - 26
    - 435
  - - 27
    - 388
  - - 28
    - 471
  - - 29
    - 433
  - - 30
    - 479
  - - 31
    - 552
  - - 32
    - 474
  - - 33
    - 519
  - - 34
    - 546
  - - 35
    - 503
  - - 36
    - 523
  - - 37
    - 611
  - - 38
    - 544
  - - 39
    - 579
  - - 40
    - 581
  - - 41
    - 614
  - - 42
    - 612
  - - 43
    - 569
  - - 44
    - 652
  - - 45
    - 657
  - - 46
    - 622
  - - 47
    - 661
  - - 48
    - 650
  - - 49
    - 653
  - - 50
    - 647
  - - 51
    - 679
  - - 52
    - 681
  - - 53
    - 680
  - - 54
    - 665
  - - 55
    - 704
  - - 56
    - 721
  - - 57
    - 756
  - - 58
    - 756
  - - 59
    - 717
  - - 60
    - 670
  - - 61
    - 741
  - - 62
    - 699
  - - 63
    - 752
  - - 64
    - 738
  - - 65
    - 759
  - - 66
    - 755
  - - 67
    - 759
  - - 68
    - 716
  - - 69
    - 675
  - - 70
    - 732
  - - 71
    - 777
  - - 72
    - 738
  - - 73
    - 694
  - - 74
    - 731
  - - 75
    - 740
  - - 76
    - 710
  - - 77
    - 678
  - - 78
    - 695
  - - 79
    - 740
  - - 80
    - 835
  - - 81
    - 716
  - - 82
    - 704
  - - 83
    - 722
  - - 84
    - 730
  - - 85
    - 680
  - - 86
    - 679
  - - 87
    - 679
  - - 88
    - 637
  - - 89
    - 670
  - - 90
    - 654
  - - 91
    - 670
  - - 92
    - 626
  - - 93
    - 653
  - - 94
    - 612
  - - 95
    - 676
  - - 96
    - 635
  - - 97
    - 624
  - - 98
    - 657
  - - 99
    - 640
  - - 100
    - 658
  - - 101
    - 620
  - - 102
    - 605
  - - 103
    - 566
  - - 104
    - 561
  - - 105
    - 560
  - - 106
    - 581
  - - 107
    - 564
  - - 108
    - 528
  - - 109
    - 562
  - - 110
    - 490
  - - 111
    - 523
  - - 112
    - 545
  - - 113
    - 490
  - - 114
    - 488
  - - 115
    - 489
  - - 116
    - 457
  - - 117
    - 504
  - - 118
    - 456
  - - 119
    - 451
  - - 120
    - 448
  - - 121
    - 481
  - - 122
    - 494
  - - 123
    - 480
  - - 124
    - 418
  - - 125
    - 447
  - - 126
    - 428
  - - 127
    - 405
  - - 128
    - 386
  - - 129
    - 428
  - - 130
    - 424
  - - 131
    - 412
  - - 132
    - 382
  - - 133
    - 361
  - - 134
    - 379
  - - 135
    - 360
  - - 136
    - 345
  - - 137
    - 385
  - - 138
    - 343
  - - 139
    - 340
  - - 140
    - 301
  - - 141
    - 336
  - - 142
    - 371
  - - 143
    - 299
  - - 144
    - 331
  - - 145
    - 308
  - - 146
    - 287
  - - 147
    - 302
  - - 148
    - 334
  - - 149
    - 269
  - - 150
    - 254
  - - 151
    - 285
  - - 152
    - 270
  - - 153
    - 272
  - - 154
    - 293
  - - 155
    - 262
  - - 156
    - 263
  - - 157
    - 250
  - - 158
    - 238
  - - 159
    - 246
  - - 160
    - 250
  - - 161
    - 222
  - - 162
    - 233
  - - 163
    - 242
  - - 164
    - 218
  - - 165
    - 223
  - - 166
    - 210
  - - 167
    - 211
  - - 168
    - 207
  - - 169
    - 200
  - - 170
    - 220
  - - 171
    - 178
  - - 172
    - 211
  - - 173
    - 202
  - - 174
    - 171
  - - 175
    - 153
  - - 176
    - 178
  - - 177
    - 183
  - - 178
    - 177
  - - 179
    - 185
  - - 180
    - 162
  - - 181
    - 176
  - - 182
    - 164
  - - 183
    - 162
  - - 184
    - 146
  - - 185
    - 144
  - - 186
    - 141
  - - 187
    - 147
  - - 188
    - 139
  - - 189
    - 141
  - - 190
    - 157
  - - 191
    - 151
  - - 192
    - 132
  - - 193
    - 107
  - - 194
    - 138
  - - 195
    - 123
  - - 196
    - 123
  - - 197
    - 117
  - - 198
    - 112
  - - 199
    - 125
  - - 200
    - 127
  - - 201
    - 116
  - - 202
    - 123
  - - 203
    - 110
  - - 204
    - 102
  - - 205
    - 102
  - - 206
    - 109
  - - 207
    - 103
  - - 208
    - 79
  - - 209
    - 88
  - - 210
    - 101
  - - 211
    - 94
  - - 212
    - 88
  - - 213
    - 80
  - - 214
    - 85
  - - 215
    - 86
  - - 216
    - 90
  - - 217
    - 94
  - - 218
    - 94
  - - 219
    - 84
  - - 220
    - 102
  - - 221
    - 95
  - - 222
    - 61
  - - 223
    - 70
  - - 224
    - 66
  - - 225
    - 69
  - - 226
    - 62
  - - 227
    - 60
  - - 228
    - 85
  - - 229
    - 74
  - - 230
    - 70
  - - 231
    - 56
  - - 232
    - 86
  - - 233
    - 63
  - - 234
    - 66
  - - 235
    - 59
  - - 236
    - 69
  - - 237
    - 60
  - - 238
    - 55
  - - 239
    - 65
  - - 240
    - 57
  - - 241
    - 53
  - - 242
    - 58
  - - 243
    - 56
  - - 244
    - 44
  - - 245
    - 45
  - - 246
    - 38
  - - 247
    - 41
  - - 248
    - 41
  - - 249
    - 50
  - - 250
    - 51
  - - 251
    - 62
  - - 252
    - 53
  - - 253
    - 50
  - - 254
    - 43
  - - 255
    - 47
  - - 256
    - 38
  - - 257
    - 55
  - - 258
    - 57
  - - 259
    - 57
  - - 260
    - 37
  - - 261
    - 38
  - - 262
    - 34
  - - 263
    - 45
  - - 264
    - 42
  - - 265
    - 35
  - - 266
    - 41
  - - 267
    - 35
  - - 268
    - 49
  - - 269
    - 47
  - - 270
    - 34
  - - 271
    - 42
  - - 272
    - 43
  - - 273
    - 35
  - - 274
    - 31
  - - 275
    - 32
  - - 276
    - 50
  - - 277
    - 28
  - - 278
    - 45
  - - 279
    - 45
  - - 280
    - 43
  - - 281
    - 30
  - - 282
    - 33
  - - 283
    - 24
  - - 284
    - 27
  - - 285
    - 27
  - - 286
    - 37
  - - 287
    - 33
  - - 288
    - 38
  - - 289
    - 43
  - - 290
    - 48
  - - 291
    - 34
  - - 292
    - 27
  - - 293
    - 30
  - - 294
    - 27
  - - 295
    - 35
  - - 296
    - 33
  - - 297
    - 27
  - - 298
    - 35
  - - 299
    - 21
  - - 300
    - 35
  - - 301
    - 22
  - - 302
    - 28
  - - 303
    - 31
  - - 304
    - 22
  - - 305
    - 25
  - - 306
    - 23
  - - 307
    - 27
  - - 308
    - 25
  - - 309
    - 36
  - - 310
    - 22
  - - 311
    - 30
  - - 312
    - 32
  - - 313
    - 27
  - - 314
    - 35
  - - 315
    - 29
  - - 316
    - 20
  - - 317
    - 31
  - - 318
    - 19
  - - 319
    - 20
  - - 320
    - 22
  - - 321
    - 24
  - - 322
    - 34
  - - 323
    - 23
  - - 324
    - 21
  - - 325
    - 30
  - - 326
    - 26
  - - 327
    - 26
  - - 328
    - 28
  - - 329
    - 32
  - - 330
    - 29
  - - 331
    - 19
  - - 332
    - 24
  - - 333
    - 23
  - - 334
    - 18
  - - 335
    - 17
  - - 336
    - 28
  - - 337
    - 23
  - - 338
    - 21
  - - 339
    - 31
  - - 340
    - 22
  - - 341
    - 17
  - - 342
    - 21
  - - 343
    - 34
  - - 344
    - 23
  - - 345
    - 25
  - - 346
    - 26
  - - 347
    - 19
  - - 348
    - 26
  - - 349
    - 22
  - - 350
    - 23
  - - 351
    - 17
  - - 352
    - 12
  - - 353
    - 20
  - - 354
    - 23
  - - 355
    - 21
  - - 356
    - 26
  - - 357
    - 32
  - - 358
    - 26
  - - 359
    - 28
  - - 360
    - 23
  - - 361
    - 15
  - - 362
    - 18
  - - 363
    - 19
  - - 364
    - 24
  - - 365
    - 12
  - - 366
    - 22
  - - 367
    - 19
  - - 368
    - 13
  - - 369
    - 16
  - - 370
    - 27
  - - 371
    - 24
  - - 372
    - 24
  - - 373
    - 21
  - - 374
    - 31
  - - 375
    - 26
  - - 376
    - 19
  - - 377
    - 23
  - - 378
    - 25
  - - 379
    - 25
  - - 380
    - 11
  - - 381
    - 22
  - - 382
    - 23
  - - 383
    - 25
  - - 384
    - 15
  - - 385
    - 17
  - - 386
    - 18
  - - 387
    - 32
  - - 388
    - 15
  - - 389
    - 20
  - - 390
    - 19
  - - 391
    - 23
  - - 392
    - 10
  - - 393
    - 14
  - - 394
    - 16
  - - 395
    - 18
  - - 396
    - 24
  - - 397
    - 13
  - - 398
    - 14
  - - 399
    - 24
  - - 400
    - 22
  - - 401
    - 17
  - - 402
    - 12
  - - 403
    - 14
  - - 404
    - 16
  - - 405
    - 14
  - - 406
    - 11
  - - 407
    - 20
  - - 408
    - 20
  - - 409
    - 14
  - - 410
    - 17
  - - 411
    - 15
  - - 412
    - 20
  - - 413
    - 9
  - - 414
    - 20
  - - 415
    - 14
  - - 416
    - 20
  - - 417
    - 24
  - - 418
    - 12
  - - 419
    - 11
  - - 420
    - 15
  - - 421
    - 13
  - - 422
    - 16
  - - 423
    - 11
  - - 424
    - 14
  - - 425
    - 17
  - - 426
    - 6
  - - 427
    - 11
  - - 428
    - 13
  - - 429
    - 22
  - - 430
    - 11
  - - 431
    - 16
  - - 432
    - 17
  - - 433
    - 19
  - - 434
    - 21
  - - 435
    - 20
  - - 436
    - 27
  - - 437
    - 17
  - - 438
    - 23
  - - 439
    - 18
  - - 440
    - 15
  - - 441
    - 11
  - - 442
    - 17
  - - 443
    - 16
  - - 444
    - 19
  - - 445
    - 16
  - - 446
    - 17
  - - 447
    - 25
  - - 448
    - 14
  - - 449
    - 12
  - - 450
    - 15
  - - 451
    - 16
  - - 452
    - 12
  - - 453
    - 12
  - - 454
    - 15
  - - 455
    - 18
  - - 456
    - 19
  - - 457
    - 18
  - - 458
    - 13
  - - 459
    - 12
  - - 460
    - 9
  - - 461
    - 23
  - - 462
    - 10
  - - 463
    - 14
  - - 464
    - 14
  - - 465
    - 12
  - - 466
    - 15
  - - 467
    - 16
  - - 468
    - 19
  - - 469
    - 12
  - - 470
    - 9
  - - 471
    - 14
  - - 472
    - 12
  - - 473
    - 9
  - - 474
    - 17
  - - 475
    - 7
  - - 476
    - 14
  - - 477
    - 18
  - - 478
    - 7
  - - 479
    - 15
  - - 480
    - 15
  - - 481
    - 9
  - - 482
    - 16
  - - 483
    - 14
  - - 484
    - 14
  - - 485
    - 10
  - - 486
    - 11
  - - 487
    - 12
  - - 488
    - 11
  - - 489
    - 21
  - - 490
    - 14
  - - 491
    - 13
  - - 492
    - 11
  - - 493
    - 14
  - - 494
    - 1
  - - 495
    - 9
  - - 496
    - 18
  - - 497
    - 16
  - - 498
    - 15
  - - 499
    - 12
  - - 500
    - 8
  - - 501
    - 15
  - - 502
    - 10
  - - 503
    - 9
  - - 504
    - 22
  - - 505
    - 13
  - - 506
    - 10
  - - 507
    - 22
  - - 508
    - 13
  - - 509
    - 14
  - - 510
    - 16
  - - 511
    - 13
  - - 512
    - 15
  - - 513
    - 10
  - - 514
    - 11
  - - 515
    - 15
  - - 516
    - 8
  - - 517
    - 10
  - - 518
    - 7
  - - 519
    - 10
  - - 520
    - 15
  - - 521
    - 14
  - - 522
    - 10
  - - 523
    - 17
  - - 524
    - 12
  - - 525
    - 13
  - - 526
    - 8
  - - 527
    - 12
  - - 528
    - 12
  - - 529
    - 8
  - - 530
    - 9
  - - 531
    - 14
  - - 532
    - 15
  - - 533
    - 12
  - - 534
    - 13
  - - 535
    - 11
  - - 536
    - 15
  - - 537
    - 10
  - - 538
    - 13
  - - 539
    - 7
  - - 540
    - 13
  - - 541
    - 13
  - - 542
    - 4
  - - 543
    - 5
  - - 544
    - 8
  - - 545
    - 2
  - - 546
    - 10
  - - 547
    - 18
  - - 548
    - 10
  - - 549
    - 6
  - - 550
    - 14
  - - 551
    - 11
  - - 552
    - 15
  - - 553
    - 10
  - - 554
    - 5
  - - 555
    - 11
  - - 556
    - 5
  - - 557
    - 9
  - - 558
    - 5
  - - 559
    - 13
  - - 560
    - 16
  - - 561
    - 8
  - - 562
    - 12
  - - 563
    - 13
  - - 564
    - 5
  - - 565
    - 6
  - - 566
    - 11
  - - 567
    - 15
  - - 568
    - 10
  - - 569
    - 14
  - - 570
    - 11
  - - 571
    - 10
  - - 572
    - 12
  - - 573
    - 7
  - - 574
    - 10
  - - 575
    - 6
  - - 576
    - 13
  - - 577
    - 12
  - - 578
    - 3
  - - 579
    - 13
  - - 580
    - 7
  - - 581
    - 12
  - - 582
    - 8
  - - 583
    - 8
  - - 584
    - 9
  - - 585
    - 13
  - - 586
    - 7
  - - 587
    - 5
  - - 588
    - 7
  - - 589
    - 6
  - - 590
    - 11
  - - 591
    - 10
  - - 592
    - 11
  - - 593
    - 5
  - - 594
    - 6
  - - 595
    - 7
  - - 596
    - 11
  - - 597
    - 4
  - - 598
    - 6
  - - 599
    - 11
  - - 600
    - 12
  - - 601
    - 7
  - - 602
    - 10
  - - 603
    - 7
  - - 604
    - 7
  - - 605
    - 8
  - - 606
    - 12
  - - 607
    - 7
  - - 608
    - 10
  - - 609
    - 7
  - - 610
    - 5
  - - 611
    - 8
  - - 612
    - 10
  - - 613
    - 7
  - - 614
    - 5
  - - 615
    - 6
  - - 616
    - 8
  - - 617
    - 8
  - - 618
    - 11
  - - 619
    - 4
  - - 620
    - 9
  - - 621
    - 10
  - - 622
    - 4
  - - 623
    - 6
  - - 624
    - 12
  - - 625
    - 3
  - - 626
    - 2
  - - 627
    - 7
  - - 628
    - 10
  - - 629
    - 9
  - - 630
    - 6
  - - 631
    - 7
  - - 632
    - 8
  - - 633
    - 8
  - - 634
    - 5
  - - 635
    - 6
  - - 636
    - 8
  - - 637
    - 7
  - - 638
    - 10
  - - 639
    - 4
  - - 640
    - 12
  - - 641
    - 11
  - - 642
    - 11
  - - 643
    - 5
  - - 644
    - 9
  - - 645
    - 6
  - - 646
    - 4
  - - 647
    - 3
  - - 648
    - 7
  - - 649
    - 9
  - - 650
    - 9
  - - 651
    - 6
  - - 652
    - 6
  - - 653
    - 8
  - - 654
    - 5
  - - 655
    - 6
  - - 656
    - 4
  - - 657
    - 2
  - - 658
    - 3
  - - 659
    - 6
  - - 660
    - 7
  - - 661
    - 8
  - - 662
    - 4
  - - 663
    - 6
  - - 664
    - 9
  - - 665
    - 6
  - - 666
    - 1
  - - 667
    - 9
  - - 668
    - 15
  - - 669
    - 4
  - - 670
    - 6
  - - 671
    - 4
  - - 672
    - 5
  - - 673
    - 5
  - - 674
    - 7
  - - 675
    - 4
  - - 676
    - 6
  - - 677
    - 5
  - - 678
    - 4
  - - 679
    - 2
  - - 680
    - 2
  - - 681
    - 5
  - - 682
    - 5
  - - 683
    - 1
  - - 684
    - 4
  - - 685
    - 6
  - - 686
    - 7
  - - 687
    - 4
  - - 688
    - 5
  - - 689
    - 2
  - - 690
    - 3
  - - 691
    - 6
  - - 692
    - 5
  - - 693
    - 3
  - - 694
    - 6
  - - 695
    - 4
  - - 696
    - 6
  - - 697
    - 5
  - - 698
    - 13
  - - 699
    - 3
  - - 700
    - 2
  - - 701
    - 3
  - - 702
    - 6
  - - 703
    - 4
  - - 704
    - 2
  - - 705
    - 5
  - - 706
    - 3
  - - 707
    - 6
  - - 708
    - 1
  - - 709
    - 5
  - - 710
    - 5
  - - 711
    - 2
  - - 712
    - 8
  - - 713
    - 6
  - - 714
    - 1
  - - 715
    - 5
  - - 716
    - 3
  - - 717
    - 2
  - - 718
    - 4
  - - 719
    - 3
  - - 720
    - 5
  - - 721
    - 6
  - - 722
    - 3
  - - 723
    - 1
  - - 724
    - 4
  - - 725
    - 6
  - - 726
    - 2
  - - 727
    - 3
  - - 728
    - 4
  - - 729
    - 4
  - - 730
    - 4
  - - 731
    - 6
  - - 732
    - 3
  - - 733
    - 5
  - - 734
    - 4
  - - 735
    - 8
  - - 736
    - 3
  - - 737
    - 4
  - - 738
    - 3
  - - 739
    - 3
  - - 740
    - 5
  - - 741
    - 6
  - - 742
    - 4
  - - 743
    - 2
  - - 744
    - 2
  - - 745
    - 4
  - - 746
    - 4
  - - 747
    - 4
  - - 748
    - 2
  - - 749
    - 1
  - - 750
    - 2
  - - 751
    - 3
  - - 752
    - 2
  - - 753
    - 1
  - - 754
    - 2
  - - 755
    - 1
  - - 756
    - 4
  - - 757
    - 2
  - - 758
    - 3
  - - 759
    - 3
  - - 760
    - 5
  - - 761
    - 5
  - - 762
    - 2
  - - 763
    - 1
  - - 764
    - 5
  - - 765
    - 8
  - - 766
    - 3
  - - 767
    - 7
  - - 768
    - 1
  - - 769
    - 4
  - - 770
    - 3
  - - 771
    - 4
  - - 772
    - 2
  - - 773
    - 1
  - - 774
    - 5
  - - 775
    - 3
  - - 776
    - 5
  - - 779
    - 1
  - - 780
    - 7
  - - 781
    - 6
  - - 782
    - 2
  - - 783
    - 3
  - - 784
    - 3
  - - 785
    - 3
  - - 786
    - 4
  - - 787
    - 5
  - - 788
    - 4
  - - 789
    - 4
  - - 790
    - 1
  - - 791
    - 2
  - - 793
    - 3
  - - 794
    - 2
  - - 795
    - 1
  - - 796
    - 4
  - - 797
    - 1
  - - 798
    - 5
  - - 799
    - 2
  - - 800
    - 5
  - - 801
    - 3
  - - 802
    - 2
  - - 803
    - 6
  - - 804
    - 1
  - - 805
    - 3
  - - 806
    - 4
  - - 807
    - 8
  - - 808
    - 3
  - - 810
    - 1
  - - 811
    - 4
  - - 812
    - 2
  - - 813
    - 3
  - - 814
    - 5
  - - 815
    - 3
  - - 816
    - 3
  - - 817
    - 4
  - - 818
    - 3
  - - 819
    - 1
  - - 820
    - 1
  - - 821
    - 2
  - - 822
    - 1
  - - 823
    - 1
  - - 824
    - 2
  - - 825
    - 1
  - - 826
    - 4
  - - 827
    - 4
  - - 828
    - 3
  - - 829
    - 2
  - - 830
    - 2
  - - 831
    - 2
  - - 832
    - 1
  - - 833
    - 1
  - - 834
    - 3
  - - 835
    - 3
  - - 836
    - 6
  - - 837
    - 2
  - - 838
    - 1
  - - 839
    - 3
  - - 840
    - 1
  - - 841
    - 6
  - - 842
    - 2
  - - 843
    - 4
  - - 844
    - 1
  - - 845
    - 5
  - - 846
    - 4
  - - 848
    - 2
  - - 849
    - 1
  - - 850
    - 1
  - - 852
    - 3
  - - 853
    - 4
  - - 854
    - 3
  - - 855
    - 1
  - - 857
    - 2
  - - 858
    - 1
  - - 859
    - 3
  - - 860
    - 1
  - - 861
    - 1
  - - 862
    - 4
  - - 863
    - 2
  - - 864
    - 1
  - - 865
    - 3
  - - 866
    - 3
  - - 867
    - 1
  - - 868
    - 1
  - - 869
    - 1
  - - 870
    - 1
  - - 871
    - 3
  - - 872
    - 1
  - - 873
    - 1
  - - 874
    - 1
  - - 875
    - 1
  - - 876
    - 1
  - - 877
    - 2
  - - 878
    - 2
  - - 879
    - 3
  - - 880
    - 2
  - - 881
    - 1
  - - 882
    - 2
  - - 884
    - 1
  - - 885
    - 1
  - - 886
    - 2
  - - 887
    - 3
  - - 888
    - 3
  - - 889
    - 1
  - - 890
    - 1
  - - 891
    - 1
  - - 892
    - 1
  - - 894
    - 1
  - - 895
    - 4
  - - 896
    - 1
  - - 897
    - 2
  - - 898
    - 2
  - - 899
    - 1
  - - 900
    - 2
  - - 901
    - 3
  - - 902
    - 1
  - - 903
    - 1
  - - 906
    - 1
  - - 907
    - 1
  - - 908
    - 1
  - - 910
    - 1
  - - 913
    - 4
  - - 914
    - 1
  - - 915
    - 3
  - - 919
    - 2
  - - 921
    - 1
  - - 922
    - 2
  - - 923
    - 1
  - - 924
    - 2
  - - 925
    - 1
  - - 926
    - 3
  - - 927
    - 2
  - - 929
    - 1
  - - 931
    - 1
  - - 933
    - 1
  - - 934
    - 4
  - - 935
    - 1
  - - 937
    - 3
  - - 939
    - 2
  - - 940
    - 3
  - - 942
    - 2
  - - 944
    - 2
  - - 945
    - 1
  - - 946
    - 1
  - - 947
    - 1
  - - 949
    - 2
  - - 951
    - 1
  - - 952
    - 1
  - - 953
    - 1
  - - 954
    - 4
  - - 958
    - 1
  - - 959
    - 1
  - - 961
    - 2
  - - 962
    - 1
  - - 964
    - 2
  - - 965
    - 1
  - - 966
    - 1
  - - 970
    - 2
  - - 971
    - 1
  - - 976
    - 3
  - - 977
    - 1
  - - 978
    - 1
  - - 979
    - 3
  - - 980
    - 1
  - - 981
    - 1
  - - 982
    - 1
  - - 983
    - 1
  - - 985
    - 1
  - - 988
    - 2
  - - 991
    - 1
  - - 992
    - 1
  - - 995
    - 1
  - - 997
    - 1
  - - 1002
    - 1
  - - 1003
    - 1
  - - 1004
    - 1
  - - 1005
    - 1
  - - 1006
    - 3
  - - 1010
    - 1
  - - 1011
    - 1
  - - 1012
    - 1
  - - 1014
    - 1
  - - 1017
    - 2
  - - 1018
    - 1
  - - 1019
    - 1
  - - 1020
    - 2
  - - 1021
    - 2
  - - 1024
    - 1
  - - 1026
    - 1
  - - 1027
    - 1
  - - 1028
    - 1
  - - 1030
    - 2
  - - 1037
    - 1
  - - 1041
    - 2
  - - 1047
    - 1
  - - 1052
    - 1
  - - 1055
    - 1
  - - 1056
    - 1
  - - 1059
    - 1
  - - 1062
    - 1
  - - 1064
    - 1
  - - 1069
    - 1
  - - 1076
    - 1
  - - 1081
    - 1
  - - 1084
    - 1
  - - 1085
    - 1
  - - 1089
    - 1
  - - 1092
    - 1
  - - 1098
    - 1
  - - 1111
    - 1
  - - 1112
    - 1
  - - 1118
    - 1
  - - 1129
    - 1
  - - 1134
    - 1
  - - 1138
    - 1
  - - 1146
    - 1
  - - 1184
    - 1
  - - 1214
    - 1
  - - 1217
    - 1
  - - 1248
    - 1
  - - 1265
    - 1
  - - 1273
    - 1
  - - 1528
    - 1
  - - 1672
    - 1
  - - 1703
    - 1
  latency_50_percentile: 89.0
  latency_95_percentile: 345.0
  latency_99_5_percentile: 758.0
  latency_99_percentile: 645.0
  max_kubedns_cpu: 758
  max_kubedns_memory: 30
  max_latency: 1.70345
  max_perfserver_cpu: 0
  max_perfserver_memory: 0
  min_latency: 0.00115
  msg: null
  ok: true
  qps: 837.33484
  queries_completed: 100589
  queries_lost: 0
  queries_sent: 100589
  run_time: 120.129959
  stddev_latency: 0.118048
params:
  max_qps: null
  pod_name: dns-perf-client-858fb7568b-4r9lb
  query_file: all-queries.txt
  run_id: 1777617708
  run_length_seconds: 120
  run_subid: 0
stderr:
- ''
stdout:
- DNS Performance Testing Tool
- Nominum Version 2.1.0.0
- ''
- '[Status] Command line: dnsperf -s 10.0.0.10 -l 120 -d /queries/all-queries.txt'
- '[Status] Sending queries (to 10.0.0.10)'
- '[Status] Started at: Fri May  1 06:42:21 2026'
- '[Status] Stopping after 120.000000 seconds'
- '[Status] Testing complete (time limit)'
- ''
- 'Statistics:'
- ''
- '  Queries sent:         100589'
- '  Queries completed:    100589 (100.00%)'
- '  Queries lost:         0 (0.00%)'
- ''
- '  Response codes:       NOERROR 12069 (12.00%), NXDOMAIN 88520 (88.00%)'
- '  Average packet size:  request 39, response 122'
- '  Run time (s):         120.129959'
- '  Queries per second:   837.334840'
- ''
- '  Average Latency (s):  0.119210 (min 0.001150, max 1.703450)'
- '  Latency StdDev (s):   0.118048'
- ''
- '  Latency histogram'
- '#histogram 0 0'
- '#histogram 1 64'
- '#histogram 2 178'
- '#histogram 3 295'
- '#histogram 4 300'
- '#histogram 5 295'
- '#histogram 6 319'
- '#histogram 7 350'
- '#histogram 8 312'
- '#histogram 9 365'
- '#histogram 10 333'
- '#histogram 11 321'
- '#histogram 12 368'
- '#histogram 13 370'
- '#histogram 14 394'
- '#histogram 15 363'
- '#histogram 16 369'
- '#histogram 17 409'
- '#histogram 18 465'
- '#histogram 19 395'
- '#histogram 20 406'
- '#histogram 21 380'
- '#histogram 22 425'
- '#histogram 23 431'
- '#histogram 24 451'
- '#histogram 25 430'
- '#histogram 26 435'
- '#histogram 27 388'
- '#histogram 28 471'
- '#histogram 29 433'
- '#histogram 30 479'
- '#histogram 31 552'
- '#histogram 32 474'
- '#histogram 33 519'
- '#histogram 34 546'
- '#histogram 35 503'
- '#histogram 36 523'
- '#histogram 37 611'
- '#histogram 38 544'
- '#histogram 39 579'
- '#histogram 40 581'
- '#histogram 41 614'
- '#histogram 42 612'
- '#histogram 43 569'
- '#histogram 44 652'
- '#histogram 45 657'
- '#histogram 46 622'
- '#histogram 47 661'
- '#histogram 48 650'
- '#histogram 49 653'
- '#histogram 50 647'
- '#histogram 51 679'
- '#histogram 52 681'
- '#histogram 53 680'
- '#histogram 54 665'
- '#histogram 55 704'
- '#histogram 56 721'
- '#histogram 57 756'
- '#histogram 58 756'
- '#histogram 59 717'
- '#histogram 60 670'
- '#histogram 61 741'
- '#histogram 62 699'
- '#histogram 63 752'
- '#histogram 64 738'
- '#histogram 65 759'
- '#histogram 66 755'
- '#histogram 67 759'
- '#histogram 68 716'
- '#histogram 69 675'
- '#histogram 70 732'
- '#histogram 71 777'
- '#histogram 72 738'
- '#histogram 73 694'
- '#histogram 74 731'
- '#histogram 75 740'
- '#histogram 76 710'
- '#histogram 77 678'
- '#histogram 78 695'
- '#histogram 79 740'
- '#histogram 80 835'
- '#histogram 81 716'
- '#histogram 82 704'
- '#histogram 83 722'
- '#histogram 84 730'
- '#histogram 85 680'
- '#histogram 86 679'
- '#histogram 87 679'
- '#histogram 88 637'
- '#histogram 89 670'
- '#histogram 90 654'
- '#histogram 91 670'
- '#histogram 92 626'
- '#histogram 93 653'
- '#histogram 94 612'
- '#histogram 95 676'
- '#histogram 96 635'
- '#histogram 97 624'
- '#histogram 98 657'
- '#histogram 99 640'
- '#histogram 100 658'
- '#histogram 101 620'
- '#histogram 102 605'
- '#histogram 103 566'
- '#histogram 104 561'
- '#histogram 105 560'
- '#histogram 106 581'
- '#histogram 107 564'
- '#histogram 108 528'
- '#histogram 109 562'
- '#histogram 110 490'
- '#histogram 111 523'
- '#histogram 112 545'
- '#histogram 113 490'
- '#histogram 114 488'
- '#histogram 115 489'
- '#histogram 116 457'
- '#histogram 117 504'
- '#histogram 118 456'
- '#histogram 119 451'
- '#histogram 120 448'
- '#histogram 121 481'
- '#histogram 122 494'
- '#histogram 123 480'
- '#histogram 124 418'
- '#histogram 125 447'
- '#histogram 126 428'
- '#histogram 127 405'
- '#histogram 128 386'
- '#histogram 129 428'
- '#histogram 130 424'
- '#histogram 131 412'
- '#histogram 132 382'
- '#histogram 133 361'
- '#histogram 134 379'
- '#histogram 135 360'
- '#histogram 136 345'
- '#histogram 137 385'
- '#histogram 138 343'
- '#histogram 139 340'
- '#histogram 140 301'
- '#histogram 141 336'
- '#histogram 142 371'
- '#histogram 143 299'
- '#histogram 144 331'
- '#histogram 145 308'
- '#histogram 146 287'
- '#histogram 147 302'
- '#histogram 148 334'
- '#histogram 149 269'
- '#histogram 150 254'
- '#histogram 151 285'
- '#histogram 152 270'
- '#histogram 153 272'
- '#histogram 154 293'
- '#histogram 155 262'
- '#histogram 156 263'
- '#histogram 157 250'
- '#histogram 158 238'
- '#histogram 159 246'
- '#histogram 160 250'
- '#histogram 161 222'
- '#histogram 162 233'
- '#histogram 163 242'
- '#histogram 164 218'
- '#histogram 165 223'
- '#histogram 166 210'
- '#histogram 167 211'
- '#histogram 168 207'
- '#histogram 169 200'
- '#histogram 170 220'
- '#histogram 171 178'
- '#histogram 172 211'
- '#histogram 173 202'
- '#histogram 174 171'
- '#histogram 175 153'
- '#histogram 176 178'
- '#histogram 177 183'
- '#histogram 178 177'
- '#histogram 179 185'
- '#histogram 180 162'
- '#histogram 181 176'
- '#histogram 182 164'
- '#histogram 183 162'
- '#histogram 184 146'
- '#histogram 185 144'
- '#histogram 186 141'
- '#histogram 187 147'
- '#histogram 188 139'
- '#histogram 189 141'
- '#histogram 190 157'
- '#histogram 191 151'
- '#histogram 192 132'
- '#histogram 193 107'
- '#histogram 194 138'
- '#histogram 195 123'
- '#histogram 196 123'
- '#histogram 197 117'
- '#histogram 198 112'
- '#histogram 199 125'
- '#histogram 200 127'
- '#histogram 201 116'
- '#histogram 202 123'
- '#histogram 203 110'
- '#histogram 204 102'
- '#histogram 205 102'
- '#histogram 206 109'
- '#histogram 207 103'
- '#histogram 208 79'
- '#histogram 209 88'
- '#histogram 210 101'
- '#histogram 211 94'
- '#histogram 212 88'
- '#histogram 213 80'
- '#histogram 214 85'
- '#histogram 215 86'
- '#histogram 216 90'
- '#histogram 217 94'
- '#histogram 218 94'
- '#histogram 219 84'
- '#histogram 220 102'
- '#histogram 221 95'
- '#histogram 222 61'
- '#histogram 223 70'
- '#histogram 224 66'
- '#histogram 225 69'
- '#histogram 226 62'
- '#histogram 227 60'
- '#histogram 228 85'
- '#histogram 229 74'
- '#histogram 230 70'
- '#histogram 231 56'
- '#histogram 232 86'
- '#histogram 233 63'
- '#histogram 234 66'
- '#histogram 235 59'
- '#histogram 236 69'
- '#histogram 237 60'
- '#histogram 238 55'
- '#histogram 239 65'
- '#histogram 240 57'
- '#histogram 241 53'
- '#histogram 242 58'
- '#histogram 243 56'
- '#histogram 244 44'
- '#histogram 245 45'
- '#histogram 246 38'
- '#histogram 247 41'
- '#histogram 248 41'
- '#histogram 249 50'
- '#histogram 250 51'
- '#histogram 251 62'
- '#histogram 252 53'
- '#histogram 253 50'
- '#histogram 254 43'
- '#histogram 255 47'
- '#histogram 256 38'
- '#histogram 257 55'
- '#histogram 258 57'
- '#histogram 259 57'
- '#histogram 260 37'
- '#histogram 261 38'
- '#histogram 262 34'
- '#histogram 263 45'
- '#histogram 264 42'
- '#histogram 265 35'
- '#histogram 266 41'
- '#histogram 267 35'
- '#histogram 268 49'
- '#histogram 269 47'
- '#histogram 270 34'
- '#histogram 271 42'
- '#histogram 272 43'
- '#histogram 273 35'
- '#histogram 274 31'
- '#histogram 275 32'
- '#histogram 276 50'
- '#histogram 277 28'
- '#histogram 278 45'
- '#histogram 279 45'
- '#histogram 280 43'
- '#histogram 281 30'
- '#histogram 282 33'
- '#histogram 283 24'
- '#histogram 284 27'
- '#histogram 285 27'
- '#histogram 286 37'
- '#histogram 287 33'
- '#histogram 288 38'
- '#histogram 289 43'
- '#histogram 290 48'
- '#histogram 291 34'
- '#histogram 292 27'
- '#histogram 293 30'
- '#histogram 294 27'
- '#histogram 295 35'
- '#histogram 296 33'
- '#histogram 297 27'
- '#histogram 298 35'
- '#histogram 299 21'
- '#histogram 300 35'
- '#histogram 301 22'
- '#histogram 302 28'
- '#histogram 303 31'
- '#histogram 304 22'
- '#histogram 305 25'
- '#histogram 306 23'
- '#histogram 307 27'
- '#histogram 308 25'
- '#histogram 309 36'
- '#histogram 310 22'
- '#histogram 311 30'
- '#histogram 312 32'
- '#histogram 313 27'
- '#histogram 314 35'
- '#histogram 315 29'
- '#histogram 316 20'
- '#histogram 317 31'
- '#histogram 318 19'
- '#histogram 319 20'
- '#histogram 320 22'
- '#histogram 321 24'
- '#histogram 322 34'
- '#histogram 323 23'
- '#histogram 324 21'
- '#histogram 325 30'
- '#histogram 326 26'
- '#histogram 327 26'
- '#histogram 328 28'
- '#histogram 329 32'
- '#histogram 330 29'
- '#histogram 331 19'
- '#histogram 332 24'
- '#histogram 333 23'
- '#histogram 334 18'
- '#histogram 335 17'
- '#histogram 336 28'
- '#histogram 337 23'
- '#histogram 338 21'
- '#histogram 339 31'
- '#histogram 340 22'
- '#histogram 341 17'
- '#histogram 342 21'
- '#histogram 343 34'
- '#histogram 344 23'
- '#histogram 345 25'
- '#histogram 346 26'
- '#histogram 347 19'
- '#histogram 348 26'
- '#histogram 349 22'
- '#histogram 350 23'
- '#histogram 351 17'
- '#histogram 352 12'
- '#histogram 353 20'
- '#histogram 354 23'
- '#histogram 355 21'
- '#histogram 356 26'
- '#histogram 357 32'
- '#histogram 358 26'
- '#histogram 359 28'
- '#histogram 360 23'
- '#histogram 361 15'
- '#histogram 362 18'
- '#histogram 363 19'
- '#histogram 364 24'
- '#histogram 365 12'
- '#histogram 366 22'
- '#histogram 367 19'
- '#histogram 368 13'
- '#histogram 369 16'
- '#histogram 370 27'
- '#histogram 371 24'
- '#histogram 372 24'
- '#histogram 373 21'
- '#histogram 374 31'
- '#histogram 375 26'
- '#histogram 376 19'
- '#histogram 377 23'
- '#histogram 378 25'
- '#histogram 379 25'
- '#histogram 380 11'
- '#histogram 381 22'
- '#histogram 382 23'
- '#histogram 383 25'
- '#histogram 384 15'
- '#histogram 385 17'
- '#histogram 386 18'
- '#histogram 387 32'
- '#histogram 388 15'
- '#histogram 389 20'
- '#histogram 390 19'
- '#histogram 391 23'
- '#histogram 392 10'
- '#histogram 393 14'
- '#histogram 394 16'
- '#histogram 395 18'
- '#histogram 396 24'
- '#histogram 397 13'
- '#histogram 398 14'
- '#histogram 399 24'
- '#histogram 400 22'
- '#histogram 401 17'
- '#histogram 402 12'
- '#histogram 403 14'
- '#histogram 404 16'
- '#histogram 405 14'
- '#histogram 406 11'
- '#histogram 407 20'
- '#histogram 408 20'
- '#histogram 409 14'
- '#histogram 410 17'
- '#histogram 411 15'
- '#histogram 412 20'
- '#histogram 413 9'
- '#histogram 414 20'
- '#histogram 415 14'
- '#histogram 416 20'
- '#histogram 417 24'
- '#histogram 418 12'
- '#histogram 419 11'
- '#histogram 420 15'
- '#histogram 421 13'
- '#histogram 422 16'
- '#histogram 423 11'
- '#histogram 424 14'
- '#histogram 425 17'
- '#histogram 426 6'
- '#histogram 427 11'
- '#histogram 428 13'
- '#histogram 429 22'
- '#histogram 430 11'
- '#histogram 431 16'
- '#histogram 432 17'
- '#histogram 433 19'
- '#histogram 434 21'
- '#histogram 435 20'
- '#histogram 436 27'
- '#histogram 437 17'
- '#histogram 438 23'
- '#histogram 439 18'
- '#histogram 440 15'
- '#histogram 441 11'
- '#histogram 442 17'
- '#histogram 443 16'
- '#histogram 444 19'
- '#histogram 445 16'
- '#histogram 446 17'
- '#histogram 447 25'
- '#histogram 448 14'
- '#histogram 449 12'
- '#histogram 450 15'
- '#histogram 451 16'
- '#histogram 452 12'
- '#histogram 453 12'
- '#histogram 454 15'
- '#histogram 455 18'
- '#histogram 456 19'
- '#histogram 457 18'
- '#histogram 458 13'
- '#histogram 459 12'
- '#histogram 460 9'
- '#histogram 461 23'
- '#histogram 462 10'
- '#histogram 463 14'
- '#histogram 464 14'
- '#histogram 465 12'
- '#histogram 466 15'
- '#histogram 467 16'
- '#histogram 468 19'
- '#histogram 469 12'
- '#histogram 470 9'
- '#histogram 471 14'
- '#histogram 472 12'
- '#histogram 473 9'
- '#histogram 474 17'
- '#histogram 475 7'
- '#histogram 476 14'
- '#histogram 477 18'
- '#histogram 478 7'
- '#histogram 479 15'
- '#histogram 480 15'
- '#histogram 481 9'
- '#histogram 482 16'
- '#histogram 483 14'
- '#histogram 484 14'
- '#histogram 485 10'
- '#histogram 486 11'
- '#histogram 487 12'
- '#histogram 488 11'
- '#histogram 489 21'
- '#histogram 490 14'
- '#histogram 491 13'
- '#histogram 492 11'
- '#histogram 493 14'
- '#histogram 494 1'
- '#histogram 495 9'
- '#histogram 496 18'
- '#histogram 497 16'
- '#histogram 498 15'
- '#histogram 499 12'
- '#histogram 500 8'
- '#histogram 501 15'
- '#histogram 502 10'
- '#histogram 503 9'
- '#histogram 504 22'
- '#histogram 505 13'
- '#histogram 506 10'
- '#histogram 507 22'
- '#histogram 508 13'
- '#histogram 509 14'
- '#histogram 510 16'
- '#histogram 511 13'
- '#histogram 512 15'
- '#histogram 513 10'
- '#histogram 514 11'
- '#histogram 515 15'
- '#histogram 516 8'
- '#histogram 517 10'
- '#histogram 518 7'
- '#histogram 519 10'
- '#histogram 520 15'
- '#histogram 521 14'
- '#histogram 522 10'
- '#histogram 523 17'
- '#histogram 524 12'
- '#histogram 525 13'
- '#histogram 526 8'
- '#histogram 527 12'
- '#histogram 528 12'
- '#histogram 529 8'
- '#histogram 530 9'
- '#histogram 531 14'
- '#histogram 532 15'
- '#histogram 533 12'
- '#histogram 534 13'
- '#histogram 535 11'
- '#histogram 536 15'
- '#histogram 537 10'
- '#histogram 538 13'
- '#histogram 539 7'
- '#histogram 540 13'
- '#histogram 541 13'
- '#histogram 542 4'
- '#histogram 543 5'
- '#histogram 544 8'
- '#histogram 545 2'
- '#histogram 546 10'
- '#histogram 547 18'
- '#histogram 548 10'
- '#histogram 549 6'
- '#histogram 550 14'
- '#histogram 551 11'
- '#histogram 552 15'
- '#histogram 553 10'
- '#histogram 554 5'
- '#histogram 555 11'
- '#histogram 556 5'
- '#histogram 557 9'
- '#histogram 558 5'
- '#histogram 559 13'
- '#histogram 560 16'
- '#histogram 561 8'
- '#histogram 562 12'
- '#histogram 563 13'
- '#histogram 564 5'
- '#histogram 565 6'
- '#histogram 566 11'
- '#histogram 567 15'
- '#histogram 568 10'
- '#histogram 569 14'
- '#histogram 570 11'
- '#histogram 571 10'
- '#histogram 572 12'
- '#histogram 573 7'
- '#histogram 574 10'
- '#histogram 575 6'
- '#histogram 576 13'
- '#histogram 577 12'
- '#histogram 578 3'
- '#histogram 579 13'
- '#histogram 580 7'
- '#histogram 581 12'
- '#histogram 582 8'
- '#histogram 583 8'
- '#histogram 584 9'
- '#histogram 585 13'
- '#histogram 586 7'
- '#histogram 587 5'
- '#histogram 588 7'
- '#histogram 589 6'
- '#histogram 590 11'
- '#histogram 591 10'
- '#histogram 592 11'
- '#histogram 593 5'
- '#histogram 594 6'
- '#histogram 595 7'
- '#histogram 596 11'
- '#histogram 597 4'
- '#histogram 598 6'
- '#histogram 599 11'
- '#histogram 600 12'
- '#histogram 601 7'
- '#histogram 602 10'
- '#histogram 603 7'
- '#histogram 604 7'
- '#histogram 605 8'
- '#histogram 606 12'
- '#histogram 607 7'
- '#histogram 608 10'
- '#histogram 609 7'
- '#histogram 610 5'
- '#histogram 611 8'
- '#histogram 612 10'
- '#histogram 613 7'
- '#histogram 614 5'
- '#histogram 615 6'
- '#histogram 616 8'
- '#histogram 617 8'
- '#histogram 618 11'
- '#histogram 619 4'
- '#histogram 620 9'
- '#histogram 621 10'
- '#histogram 622 4'
- '#histogram 623 6'
- '#histogram 624 12'
- '#histogram 625 3'
- '#histogram 626 2'
- '#histogram 627 7'
- '#histogram 628 10'
- '#histogram 629 9'
- '#histogram 630 6'
- '#histogram 631 7'
- '#histogram 632 8'
- '#histogram 633 8'
- '#histogram 634 5'
- '#histogram 635 6'
- '#histogram 636 8'
- '#histogram 637 7'
- '#histogram 638 10'
- '#histogram 639 4'
- '#histogram 640 12'
- '#histogram 641 11'
- '#histogram 642 11'
- '#histogram 643 5'
- '#histogram 644 9'
- '#histogram 645 6'
- '#histogram 646 4'
- '#histogram 647 3'
- '#histogram 648 7'
- '#histogram 649 9'
- '#histogram 650 9'
- '#histogram 651 6'
- '#histogram 652 6'
- '#histogram 653 8'
- '#histogram 654 5'
- '#histogram 655 6'
- '#histogram 656 4'
- '#histogram 657 2'
- '#histogram 658 3'
- '#histogram 659 6'
- '#histogram 660 7'
- '#histogram 661 8'
- '#histogram 662 4'
- '#histogram 663 6'
- '#histogram 664 9'
- '#histogram 665 6'
- '#histogram 666 1'
- '#histogram 667 9'
- '#histogram 668 15'
- '#histogram 669 4'
- '#histogram 670 6'
- '#histogram 671 4'
- '#histogram 672 5'
- '#histogram 673 5'
- '#histogram 674 7'
- '#histogram 675 4'
- '#histogram 676 6'
- '#histogram 677 5'
- '#histogram 678 4'
- '#histogram 679 2'
- '#histogram 680 2'
- '#histogram 681 5'
- '#histogram 682 5'
- '#histogram 683 1'
- '#histogram 684 4'
- '#histogram 685 6'
- '#histogram 686 7'
- '#histogram 687 4'
- '#histogram 688 5'
- '#histogram 689 2'
- '#histogram 690 3'
- '#histogram 691 6'
- '#histogram 692 5'
- '#histogram 693 3'
- '#histogram 694 6'
- '#histogram 695 4'
- '#histogram 696 6'
- '#histogram 697 5'
- '#histogram 698 13'
- '#histogram 699 3'
- '#histogram 700 2'
- '#histogram 701 3'
- '#histogram 702 6'
- '#histogram 703 4'
- '#histogram 704 2'
- '#histogram 705 5'
- '#histogram 706 3'
- '#histogram 707 6'
- '#histogram 708 1'
- '#histogram 709 5'
- '#histogram 710 5'
- '#histogram 711 2'
- '#histogram 712 8'
- '#histogram 713 6'
- '#histogram 714 1'
- '#histogram 715 5'
- '#histogram 716 3'
- '#histogram 717 2'
- '#histogram 718 4'
- '#histogram 719 3'
- '#histogram 720 5'
- '#histogram 721 6'
- '#histogram 722 3'
- '#histogram 723 1'
- '#histogram 724 4'
- '#histogram 725 6'
- '#histogram 726 2'
- '#histogram 727 3'
- '#histogram 728 4'
- '#histogram 729 4'
- '#histogram 730 4'
- '#histogram 731 6'
- '#histogram 732 3'
- '#histogram 733 5'
- '#histogram 734 4'
- '#histogram 735 8'
- '#histogram 736 3'
- '#histogram 737 4'
- '#histogram 738 3'
- '#histogram 739 3'
- '#histogram 740 5'
- '#histogram 741 6'
- '#histogram 742 4'
- '#histogram 743 2'
- '#histogram 744 2'
- '#histogram 745 4'
- '#histogram 746 4'
- '#histogram 747 4'
- '#histogram 748 2'
- '#histogram 749 1'
- '#histogram 750 2'
- '#histogram 751 3'
- '#histogram 752 2'
- '#histogram 753 1'
- '#histogram 754 2'
- '#histogram 755 1'
- '#histogram 756 4'
- '#histogram 757 2'
- '#histogram 758 3'
- '#histogram 759 3'
- '#histogram 760 5'
- '#histogram 761 5'
- '#histogram 762 2'
- '#histogram 763 1'
- '#histogram 764 5'
- '#histogram 765 8'
- '#histogram 766 3'
- '#histogram 767 7'
- '#histogram 768 1'
- '#histogram 769 4'
- '#histogram 770 3'
- '#histogram 771 4'
- '#histogram 772 2'
- '#histogram 773 1'
- '#histogram 774 5'
- '#histogram 775 3'
- '#histogram 776 5'
- '#histogram 779 1'
- '#histogram 780 7'
- '#histogram 781 6'
- '#histogram 782 2'
- '#histogram 783 3'
- '#histogram 784 3'
- '#histogram 785 3'
- '#histogram 786 4'
- '#histogram 787 5'
- '#histogram 788 4'
- '#histogram 789 4'
- '#histogram 790 1'
- '#histogram 791 2'
- '#histogram 793 3'
- '#histogram 794 2'
- '#histogram 795 1'
- '#histogram 796 4'
- '#histogram 797 1'
- '#histogram 798 5'
- '#histogram 799 2'
- '#histogram 800 5'
- '#histogram 801 3'
- '#histogram 802 2'
- '#histogram 803 6'
- '#histogram 804 1'
- '#histogram 805 3'
- '#histogram 806 4'
- '#histogram 807 8'
- '#histogram 808 3'
- '#histogram 810 1'
- '#histogram 811 4'
- '#histogram 812 2'
- '#histogram 813 3'
- '#histogram 814 5'
- '#histogram 815 3'
- '#histogram 816 3'
- '#histogram 817 4'
- '#histogram 818 3'
- '#histogram 819 1'
- '#histogram 820 1'
- '#histogram 821 2'
- '#histogram 822 1'
- '#histogram 823 1'
- '#histogram 824 2'
- '#histogram 825 1'
- '#histogram 826 4'
- '#histogram 827 4'
- '#histogram 828 3'
- '#histogram 829 2'
- '#histogram 830 2'
- '#histogram 831 2'
- '#histogram 832 1'
- '#histogram 833 1'
- '#histogram 834 3'
- '#histogram 835 3'
- '#histogram 836 6'
- '#histogram 837 2'
- '#histogram 838 1'
- '#histogram 839 3'
- '#histogram 840 1'
- '#histogram 841 6'
- '#histogram 842 2'
- '#histogram 843 4'
- '#histogram 844 1'
- '#histogram 845 5'
- '#histogram 846 4'
- '#histogram 848 2'
- '#histogram 849 1'
- '#histogram 850 1'
- '#histogram 852 3'
- '#histogram 853 4'
- '#histogram 854 3'
- '#histogram 855 1'
- '#histogram 857 2'
- '#histogram 858 1'
- '#histogram 859 3'
- '#histogram 860 1'
- '#histogram 861 1'
- '#histogram 862 4'
- '#histogram 863 2'
- '#histogram 864 1'
- '#histogram 865 3'
- '#histogram 866 3'
- '#histogram 867 1'
- '#histogram 868 1'
- '#histogram 869 1'
- '#histogram 870 1'
- '#histogram 871 3'
- '#histogram 872 1'
- '#histogram 873 1'
- '#histogram 874 1'
- '#histogram 875 1'
- '#histogram 876 1'
- '#histogram 877 2'
- '#histogram 878 2'
- '#histogram 879 3'
- '#histogram 880 2'
- '#histogram 881 1'
- '#histogram 882 2'
- '#histogram 884 1'
- '#histogram 885 1'
- '#histogram 886 2'
- '#histogram 887 3'
- '#histogram 888 3'
- '#histogram 889 1'
- '#histogram 890 1'
- '#histogram 891 1'
- '#histogram 892 1'
- '#histogram 894 1'
- '#histogram 895 4'
- '#histogram 896 1'
- '#histogram 897 2'
- '#histogram 898 2'
- '#histogram 899 1'
- '#histogram 900 2'
- '#histogram 901 3'
- '#histogram 902 1'
- '#histogram 903 1'
- '#histogram 906 1'
- '#histogram 907 1'
- '#histogram 908 1'
- '#histogram 910 1'
- '#histogram 913 4'
- '#histogram 914 1'
- '#histogram 915 3'
- '#histogram 919 2'
- '#histogram 921 1'
- '#histogram 922 2'
- '#histogram 923 1'
- '#histogram 924 2'
- '#histogram 925 1'
- '#histogram 926 3'
- '#histogram 927 2'
- '#histogram 929 1'
- '#histogram 931 1'
- '#histogram 933 1'
- '#histogram 934 4'
- '#histogram 935 1'
- '#histogram 937 3'
- '#histogram 939 2'
- '#histogram 940 3'
- '#histogram 942 2'
- '#histogram 944 2'
- '#histogram 945 1'
- '#histogram 946 1'
- '#histogram 947 1'
- '#histogram 949 2'
- '#histogram 951 1'
- '#histogram 952 1'
- '#histogram 953 1'
- '#histogram 954 4'
- '#histogram 958 1'
- '#histogram 959 1'
- '#histogram 961 2'
- '#histogram 962 1'
- '#histogram 964 2'
- '#histogram 965 1'
- '#histogram 966 1'
- '#histogram 970 2'
- '#histogram 971 1'
- '#histogram 976 3'
- '#histogram 977 1'
- '#histogram 978 1'
- '#histogram 979 3'
- '#histogram 980 1'
- '#histogram 981 1'
- '#histogram 982 1'
- '#histogram 983 1'
- '#histogram 985 1'
- '#histogram 988 2'
- '#histogram 991 1'
- '#histogram 992 1'
- '#histogram 995 1'
- '#histogram 997 1'
- '#histogram 1002 1'
- '#histogram 1003 1'
- '#histogram 1004 1'
- '#histogram 1005 1'
- '#histogram 1006 3'
- '#histogram 1010 1'
- '#histogram 1011 1'
- '#histogram 1012 1'
- '#histogram 1014 1'
- '#histogram 1017 2'
- '#histogram 1018 1'
- '#histogram 1019 1'
- '#histogram 1020 2'
- '#histogram 1021 2'
- '#histogram 1024 1'
- '#histogram 1026 1'
- '#histogram 1027 1'
- '#histogram 1028 1'
- '#histogram 1030 2'
- '#histogram 1037 1'
- '#histogram 1041 2'
- '#histogram 1047 1'
- '#histogram 1052 1'
- '#histogram 1055 1'
- '#histogram 1056 1'
- '#histogram 1059 1'
- '#histogram 1062 1'
- '#histogram 1064 1'
- '#histogram 1069 1'
- '#histogram 1076 1'
- '#histogram 1081 1'
- '#histogram 1084 1'
- '#histogram 1085 1'
- '#histogram 1089 1'
- '#histogram 1092 1'
- '#histogram 1098 1'
- '#histogram 1111 1'
- '#histogram 1112 1'
- '#histogram 1118 1'
- '#histogram 1129 1'
- '#histogram 1134 1'
- '#histogram 1138 1'
- '#histogram 1146 1'
- '#histogram 1184 1'
- '#histogram 1214 1'
- '#histogram 1217 1'
- '#histogram 1248 1'
- '#histogram 1265 1'
- '#histogram 1273 1'
- '#histogram 1528 1'
- '#histogram 1672 1'
- '#histogram 1703 1'
- ''
