code: 0
data:
  avg_latency: 0.140179
  histogram:
  - - 0
    - 0
  - - 1
    - 18
  - - 2
    - 95
  - - 3
    - 145
  - - 4
    - 197
  - - 5
    - 212
  - - 6
    - 218
  - - 7
    - 206
  - - 8
    - 195
  - - 9
    - 251
  - - 10
    - 239
  - - 11
    - 216
  - - 12
    - 258
  - - 13
    - 221
  - - 14
    - 233
  - - 15
    - 214
  - - 16
    - 248
  - - 17
    - 266
  - - 18
    - 234
  - - 19
    - 268
  - - 20
    - 251
  - - 21
    - 225
  - - 22
    - 242
  - - 23
    - 270
  - - 24
    - 287
  - - 25
    - 287
  - - 26
    - 259
  - - 27
    - 310
  - - 28
    - 316
  - - 29
    - 306
  - - 30
    - 319
  - - 31
    - 306
  - - 32
    - 330
  - - 33
    - 334
  - - 34
    - 378
  - - 35
    - 363
  - - 36
    - 384
  - - 37
    - 357
  - - 38
    - 366
  - - 39
    - 360
  - - 40
    - 367
  - - 41
    - 418
  - - 42
    - 434
  - - 43
    - 439
  - - 44
    - 421
  - - 45
    - 443
  - - 46
    - 442
  - - 47
    - 450
  - - 48
    - 453
  - - 49
    - 462
  - - 50
    - 458
  - - 51
    - 506
  - - 52
    - 483
  - - 53
    - 446
  - - 54
    - 498
  - - 55
    - 508
  - - 56
    - 495
  - - 57
    - 503
  - - 58
    - 502
  - - 59
    - 537
  - - 60
    - 538
  - - 61
    - 532
  - - 62
    - 525
  - - 63
    - 530
  - - 64
    - 553
  - - 65
    - 621
  - - 66
    - 566
  - - 67
    - 562
  - - 68
    - 507
  - - 69
    - 539
  - - 70
    - 558
  - - 71
    - 562
  - - 72
    - 547
  - - 73
    - 598
  - - 74
    - 551
  - - 75
    - 579
  - - 76
    - 569
  - - 77
    - 631
  - - 78
    - 558
  - - 79
    - 566
  - - 80
    - 600
  - - 81
    - 610
  - - 82
    - 554
  - - 83
    - 553
  - - 84
    - 537
  - - 85
    - 552
  - - 86
    - 597
  - - 87
    - 616
  - - 88
    - 557
  - - 89
    - 586
  - - 90
    - 585
  - - 91
    - 580
  - - 92
    - 588
  - - 93
    - 531
  - - 94
    - 535
  - - 95
    - 579
  - - 96
    - 536
  - - 97
    - 574
  - - 98
    - 570
  - - 99
    - 531
  - - 100
    - 531
  - - 101
    - 522
  - - 102
    - 539
  - - 103
    - 551
  - - 104
    - 485
  - - 105
    - 525
  - - 106
    - 553
  - - 107
    - 521
  - - 108
    - 498
  - - 109
    - 484
  - - 110
    - 552
  - - 111
    - 507
  - - 112
    - 464
  - - 113
    - 524
  - - 114
    - 483
  - - 115
    - 489
  - - 116
    - 464
  - - 117
    - 464
  - - 118
    - 456
  - - 119
    - 477
  - - 120
    - 500
  - - 121
    - 399
  - - 122
    - 434
  - - 123
    - 479
  - - 124
    - 434
  - - 125
    - 395
  - - 126
    - 440
  - - 127
    - 387
  - - 128
    - 432
  - - 129
    - 402
  - - 130
    - 398
  - - 131
    - 420
  - - 132
    - 391
  - - 133
    - 375
  - - 134
    - 365
  - - 135
    - 365
  - - 136
    - 342
  - - 137
    - 367
  - - 138
    - 312
  - - 139
    - 324
  - - 140
    - 331
  - - 141
    - 362
  - - 142
    - 330
  - - 143
    - 298
  - - 144
    - 315
  - - 145
    - 315
  - - 146
    - 335
  - - 147
    - 320
  - - 148
    - 319
  - - 149
    - 289
  - - 150
    - 275
  - - 151
    - 324
  - - 152
    - 301
  - - 153
    - 286
  - - 154
    - 289
  - - 155
    - 256
  - - 156
    - 297
  - - 157
    - 235
  - - 158
    - 224
  - - 159
    - 257
  - - 160
    - 233
  - - 161
    - 227
  - - 162
    - 230
  - - 163
    - 219
  - - 164
    - 242
  - - 165
    - 199
  - - 166
    - 201
  - - 167
    - 214
  - - 168
    - 199
  - - 169
    - 207
  - - 170
    - 202
  - - 171
    - 179
  - - 172
    - 200
  - - 173
    - 181
  - - 174
    - 195
  - - 175
    - 202
  - - 176
    - 190
  - - 177
    - 177
  - - 178
    - 187
  - - 179
    - 184
  - - 180
    - 181
  - - 181
    - 172
  - - 182
    - 179
  - - 183
    - 192
  - - 184
    - 155
  - - 185
    - 173
  - - 186
    - 155
  - - 187
    - 187
  - - 188
    - 152
  - - 189
    - 139
  - - 190
    - 155
  - - 191
    - 129
  - - 192
    - 135
  - - 193
    - 139
  - - 194
    - 128
  - - 195
    - 130
  - - 196
    - 146
  - - 197
    - 126
  - - 198
    - 121
  - - 199
    - 127
  - - 200
    - 127
  - - 201
    - 136
  - - 202
    - 108
  - - 203
    - 127
  - - 204
    - 96
  - - 205
    - 116
  - - 206
    - 116
  - - 207
    - 105
  - - 208
    - 120
  - - 209
    - 97
  - - 210
    - 107
  - - 211
    - 121
  - - 212
    - 113
  - - 213
    - 94
  - - 214
    - 109
  - - 215
    - 102
  - - 216
    - 89
  - - 217
    - 90
  - - 218
    - 102
  - - 219
    - 68
  - - 220
    - 83
  - - 221
    - 77
  - - 222
    - 85
  - - 223
    - 79
  - - 224
    - 82
  - - 225
    - 98
  - - 226
    - 98
  - - 227
    - 90
  - - 228
    - 68
  - - 229
    - 82
  - - 230
    - 69
  - - 231
    - 67
  - - 232
    - 66
  - - 233
    - 70
  - - 234
    - 64
  - - 235
    - 64
  - - 236
    - 80
  - - 237
    - 59
  - - 238
    - 61
  - - 239
    - 70
  - - 240
    - 52
  - - 241
    - 65
  - - 242
    - 47
  - - 243
    - 45
  - - 244
    - 54
  - - 245
    - 45
  - - 246
    - 54
  - - 247
    - 42
  - - 248
    - 51
  - - 249
    - 53
  - - 250
    - 51
  - - 251
    - 50
  - - 252
    - 52
  - - 253
    - 52
  - - 254
    - 47
  - - 255
    - 37
  - - 256
    - 37
  - - 257
    - 51
  - - 258
    - 46
  - - 259
    - 39
  - - 260
    - 35
  - - 261
    - 30
  - - 262
    - 41
  - - 263
    - 33
  - - 264
    - 36
  - - 265
    - 34
  - - 266
    - 31
  - - 267
    - 37
  - - 268
    - 38
  - - 269
    - 38
  - - 270
    - 32
  - - 271
    - 41
  - - 272
    - 31
  - - 273
    - 35
  - - 274
    - 26
  - - 275
    - 29
  - - 276
    - 37
  - - 277
    - 32
  - - 278
    - 25
  - - 279
    - 27
  - - 280
    - 33
  - - 281
    - 28
  - - 282
    - 25
  - - 283
    - 31
  - - 284
    - 24
  - - 285
    - 28
  - - 286
    - 30
  - - 287
    - 20
  - - 288
    - 23
  - - 289
    - 23
  - - 290
    - 19
  - - 291
    - 37
  - - 292
    - 25
  - - 293
    - 26
  - - 294
    - 30
  - - 295
    - 30
  - - 296
    - 23
  - - 297
    - 32
  - - 298
    - 27
  - - 299
    - 28
  - - 300
    - 31
  - - 301
    - 17
  - - 302
    - 30
  - - 303
    - 22
  - - 304
    - 21
  - - 305
    - 15
  - - 306
    - 26
  - - 307
    - 27
  - - 308
    - 32
  - - 309
    - 29
  - - 310
    - 17
  - - 311
    - 20
  - - 312
    - 13
  - - 313
    - 22
  - - 314
    - 20
  - - 315
    - 25
  - - 316
    - 16
  - - 317
    - 21
  - - 318
    - 17
  - - 319
    - 22
  - - 320
    - 26
  - - 321
    - 21
  - - 322
    - 21
  - - 323
    - 25
  - - 324
    - 22
  - - 325
    - 15
  - - 326
    - 14
  - - 327
    - 20
  - - 328
    - 19
  - - 329
    - 18
  - - 330
    - 17
  - - 331
    - 21
  - - 332
    - 15
  - - 333
    - 22
  - - 334
    - 10
  - - 335
    - 14
  - - 336
    - 22
  - - 337
    - 19
  - - 338
    - 15
  - - 339
    - 16
  - - 340
    - 27
  - - 341
    - 21
  - - 342
    - 20
  - - 343
    - 13
  - - 344
    - 13
  - - 345
    - 23
  - - 346
    - 19
  - - 347
    - 13
  - - 348
    - 17
  - - 349
    - 21
  - - 350
    - 6
  - - 351
    - 24
  - - 352
    - 20
  - - 353
    - 20
  - - 354
    - 17
  - - 355
    - 16
  - - 356
    - 17
  - - 357
    - 29
  - - 358
    - 20
  - - 359
    - 13
  - - 360
    - 16
  - - 361
    - 17
  - - 362
    - 21
  - - 363
    - 17
  - - 364
    - 15
  - - 365
    - 17
  - - 366
    - 21
  - - 367
    - 16
  - - 368
    - 13
  - - 369
    - 15
  - - 370
    - 11
  - - 371
    - 14
  - - 372
    - 18
  - - 373
    - 21
  - - 374
    - 14
  - - 375
    - 18
  - - 376
    - 19
  - - 377
    - 17
  - - 378
    - 15
  - - 379
    - 19
  - - 380
    - 17
  - - 381
    - 13
  - - 382
    - 16
  - - 383
    - 10
  - - 384
    - 16
  - - 385
    - 14
  - - 386
    - 17
  - - 387
    - 12
  - - 388
    - 19
  - - 389
    - 9
  - - 390
    - 9
  - - 391
    - 17
  - - 392
    - 9
  - - 393
    - 22
  - - 394
    - 11
  - - 395
    - 18
  - - 396
    - 17
  - - 397
    - 29
  - - 398
    - 16
  - - 399
    - 20
  - - 400
    - 12
  - - 401
    - 13
  - - 402
    - 16
  - - 403
    - 7
  - - 404
    - 12
  - - 405
    - 9
  - - 406
    - 8
  - - 407
    - 9
  - - 408
    - 8
  - - 409
    - 14
  - - 410
    - 17
  - - 411
    - 12
  - - 412
    - 14
  - - 413
    - 14
  - - 414
    - 16
  - - 415
    - 9
  - - 416
    - 14
  - - 417
    - 17
  - - 418
    - 14
  - - 419
    - 16
  - - 420
    - 14
  - - 421
    - 14
  - - 422
    - 15
  - - 423
    - 13
  - - 424
    - 17
  - - 425
    - 9
  - - 426
    - 15
  - - 427
    - 25
  - - 428
    - 12
  - - 429
    - 12
  - - 430
    - 15
  - - 431
    - 8
  - - 432
    - 21
  - - 433
    - 11
  - - 434
    - 15
  - - 435
    - 11
  - - 436
    - 8
  - - 437
    - 14
  - - 438
    - 7
  - - 439
    - 13
  - - 440
    - 22
  - - 441
    - 11
  - - 442
    - 17
  - - 443
    - 8
  - - 444
    - 9
  - - 445
    - 12
  - - 446
    - 19
  - - 447
    - 14
  - - 448
    - 16
  - - 449
    - 13
  - - 450
    - 16
  - - 451
    - 12
  - - 452
    - 13
  - - 453
    - 11
  - - 454
    - 16
  - - 455
    - 13
  - - 456
    - 12
  - - 457
    - 11
  - - 458
    - 9
  - - 459
    - 14
  - - 460
    - 14
  - - 461
    - 16
  - - 462
    - 9
  - - 463
    - 13
  - - 464
    - 21
  - - 465
    - 12
  - - 466
    - 16
  - - 467
    - 13
  - - 468
    - 16
  - - 469
    - 10
  - - 470
    - 11
  - - 471
    - 9
  - - 472
    - 6
  - - 473
    - 11
  - - 474
    - 10
  - - 475
    - 11
  - - 476
    - 16
  - - 477
    - 12
  - - 478
    - 12
  - - 479
    - 7
  - - 480
    - 7
  - - 481
    - 10
  - - 482
    - 8
  - - 483
    - 9
  - - 484
    - 11
  - - 485
    - 10
  - - 486
    - 7
  - - 487
    - 12
  - - 488
    - 13
  - - 489
    - 13
  - - 490
    - 10
  - - 491
    - 13
  - - 492
    - 11
  - - 493
    - 8
  - - 494
    - 7
  - - 495
    - 12
  - - 496
    - 9
  - - 497
    - 9
  - - 498
    - 12
  - - 499
    - 11
  - - 500
    - 8
  - - 501
    - 9
  - - 502
    - 14
  - - 503
    - 12
  - - 504
    - 15
  - - 505
    - 17
  - - 506
    - 8
  - - 507
    - 5
  - - 508
    - 9
  - - 509
    - 5
  - - 510
    - 10
  - - 511
    - 12
  - - 512
    - 8
  - - 513
    - 7
  - - 514
    - 13
  - - 515
    - 8
  - - 516
    - 14
  - - 517
    - 10
  - - 518
    - 12
  - - 519
    - 10
  - - 520
    - 19
  - - 521
    - 11
  - - 522
    - 15
  - - 523
    - 16
  - - 524
    - 9
  - - 525
    - 7
  - - 526
    - 17
  - - 527
    - 11
  - - 528
    - 3
  - - 529
    - 8
  - - 530
    - 12
  - - 531
    - 14
  - - 532
    - 12
  - - 533
    - 10
  - - 534
    - 15
  - - 535
    - 11
  - - 536
    - 6
  - - 537
    - 12
  - - 538
    - 10
  - - 539
    - 11
  - - 540
    - 12
  - - 541
    - 7
  - - 542
    - 7
  - - 543
    - 6
  - - 544
    - 13
  - - 545
    - 8
  - - 546
    - 11
  - - 547
    - 11
  - - 548
    - 8
  - - 549
    - 10
  - - 550
    - 12
  - - 551
    - 9
  - - 552
    - 11
  - - 553
    - 15
  - - 554
    - 13
  - - 555
    - 6
  - - 556
    - 11
  - - 557
    - 10
  - - 558
    - 9
  - - 559
    - 8
  - - 560
    - 15
  - - 561
    - 19
  - - 562
    - 7
  - - 563
    - 6
  - - 564
    - 5
  - - 565
    - 9
  - - 566
    - 9
  - - 567
    - 11
  - - 568
    - 6
  - - 569
    - 7
  - - 570
    - 10
  - - 571
    - 9
  - - 572
    - 15
  - - 573
    - 8
  - - 574
    - 15
  - - 575
    - 12
  - - 576
    - 5
  - - 577
    - 5
  - - 578
    - 12
  - - 579
    - 10
  - - 580
    - 10
  - - 581
    - 9
  - - 582
    - 7
  - - 583
    - 6
  - - 584
    - 10
  - - 585
    - 6
  - - 586
    - 7
  - - 587
    - 12
  - - 588
    - 11
  - - 589
    - 12
  - - 590
    - 9
  - - 591
    - 9
  - - 592
    - 12
  - - 593
    - 11
  - - 594
    - 8
  - - 595
    - 11
  - - 596
    - 10
  - - 597
    - 12
  - - 598
    - 10
  - - 599
    - 8
  - - 600
    - 7
  - - 601
    - 11
  - - 602
    - 5
  - - 603
    - 10
  - - 604
    - 11
  - - 605
    - 14
  - - 606
    - 11
  - - 607
    - 6
  - - 608
    - 12
  - - 609
    - 10
  - - 610
    - 13
  - - 611
    - 10
  - - 612
    - 6
  - - 613
    - 12
  - - 614
    - 7
  - - 615
    - 6
  - - 616
    - 8
  - - 617
    - 13
  - - 618
    - 2
  - - 619
    - 12
  - - 620
    - 7
  - - 621
    - 11
  - - 622
    - 6
  - - 623
    - 8
  - - 624
    - 11
  - - 625
    - 4
  - - 626
    - 7
  - - 627
    - 4
  - - 628
    - 5
  - - 629
    - 9
  - - 630
    - 9
  - - 631
    - 8
  - - 632
    - 12
  - - 633
    - 9
  - - 634
    - 5
  - - 635
    - 8
  - - 636
    - 9
  - - 637
    - 14
  - - 638
    - 18
  - - 639
    - 16
  - - 640
    - 8
  - - 641
    - 9
  - - 642
    - 18
  - - 643
    - 9
  - - 644
    - 10
  - - 645
    - 6
  - - 646
    - 10
  - - 647
    - 4
  - - 648
    - 9
  - - 649
    - 9
  - - 650
    - 4
  - - 651
    - 8
  - - 652
    - 8
  - - 653
    - 6
  - - 654
    - 12
  - - 655
    - 9
  - - 656
    - 10
  - - 657
    - 5
  - - 658
    - 7
  - - 659
    - 8
  - - 660
    - 11
  - - 661
    - 3
  - - 662
    - 11
  - - 663
    - 7
  - - 664
    - 11
  - - 665
    - 13
  - - 666
    - 6
  - - 667
    - 11
  - - 668
    - 11
  - - 669
    - 16
  - - 670
    - 9
  - - 671
    - 10
  - - 672
    - 6
  - - 673
    - 10
  - - 674
    - 7
  - - 675
    - 9
  - - 676
    - 9
  - - 677
    - 13
  - - 678
    - 5
  - - 679
    - 7
  - - 680
    - 4
  - - 681
    - 9
  - - 682
    - 6
  - - 683
    - 8
  - - 684
    - 5
  - - 685
    - 7
  - - 686
    - 9
  - - 687
    - 6
  - - 688
    - 6
  - - 689
    - 6
  - - 690
    - 12
  - - 691
    - 8
  - - 692
    - 5
  - - 693
    - 7
  - - 694
    - 8
  - - 695
    - 11
  - - 696
    - 7
  - - 697
    - 10
  - - 698
    - 10
  - - 699
    - 8
  - - 700
    - 6
  - - 701
    - 9
  - - 702
    - 5
  - - 703
    - 9
  - - 704
    - 7
  - - 705
    - 10
  - - 706
    - 11
  - - 707
    - 13
  - - 708
    - 4
  - - 709
    - 11
  - - 710
    - 3
  - - 711
    - 3
  - - 712
    - 3
  - - 713
    - 10
  - - 714
    - 3
  - - 715
    - 6
  - - 716
    - 6
  - - 717
    - 11
  - - 718
    - 10
  - - 719
    - 7
  - - 720
    - 6
  - - 721
    - 12
  - - 722
    - 11
  - - 723
    - 14
  - - 724
    - 5
  - - 725
    - 8
  - - 726
    - 5
  - - 727
    - 7
  - - 728
    - 6
  - - 729
    - 3
  - - 730
    - 4
  - - 731
    - 5
  - - 732
    - 11
  - - 733
    - 3
  - - 734
    - 3
  - - 735
    - 8
  - - 736
    - 6
  - - 737
    - 6
  - - 738
    - 9
  - - 739
    - 8
  - - 740
    - 9
  - - 741
    - 3
  - - 742
    - 3
  - - 743
    - 10
  - - 744
    - 10
  - - 745
    - 4
  - - 746
    - 12
  - - 747
    - 4
  - - 748
    - 4
  - - 749
    - 5
  - - 750
    - 11
  - - 751
    - 9
  - - 752
    - 8
  - - 753
    - 7
  - - 754
    - 6
  - - 755
    - 3
  - - 756
    - 9
  - - 757
    - 8
  - - 758
    - 6
  - - 759
    - 10
  - - 760
    - 9
  - - 761
    - 7
  - - 762
    - 4
  - - 763
    - 3
  - - 764
    - 8
  - - 765
    - 5
  - - 766
    - 5
  - - 767
    - 4
  - - 768
    - 11
  - - 769
    - 6
  - - 770
    - 5
  - - 771
    - 7
  - - 772
    - 5
  - - 773
    - 7
  - - 774
    - 6
  - - 775
    - 3
  - - 776
    - 5
  - - 777
    - 2
  - - 778
    - 7
  - - 779
    - 11
  - - 780
    - 4
  - - 781
    - 4
  - - 782
    - 5
  - - 783
    - 5
  - - 784
    - 7
  - - 785
    - 2
  - - 786
    - 7
  - - 787
    - 5
  - - 788
    - 6
  - - 789
    - 6
  - - 790
    - 5
  - - 791
    - 4
  - - 792
    - 2
  - - 793
    - 4
  - - 794
    - 4
  - - 795
    - 3
  - - 796
    - 5
  - - 797
    - 3
  - - 798
    - 4
  - - 799
    - 8
  - - 800
    - 4
  - - 801
    - 3
  - - 802
    - 7
  - - 803
    - 7
  - - 804
    - 5
  - - 805
    - 7
  - - 806
    - 4
  - - 807
    - 7
  - - 808
    - 2
  - - 809
    - 6
  - - 810
    - 6
  - - 811
    - 3
  - - 812
    - 6
  - - 813
    - 4
  - - 814
    - 10
  - - 815
    - 3
  - - 816
    - 8
  - - 817
    - 2
  - - 818
    - 7
  - - 819
    - 8
  - - 820
    - 3
  - - 821
    - 3
  - - 822
    - 2
  - - 823
    - 1
  - - 824
    - 4
  - - 825
    - 4
  - - 827
    - 4
  - - 828
    - 4
  - - 829
    - 3
  - - 830
    - 6
  - - 831
    - 4
  - - 832
    - 6
  - - 833
    - 2
  - - 834
    - 3
  - - 835
    - 5
  - - 836
    - 6
  - - 837
    - 3
  - - 838
    - 5
  - - 839
    - 7
  - - 840
    - 2
  - - 841
    - 5
  - - 842
    - 8
  - - 843
    - 7
  - - 844
    - 6
  - - 845
    - 7
  - - 846
    - 7
  - - 847
    - 1
  - - 849
    - 4
  - - 850
    - 2
  - - 851
    - 2
  - - 852
    - 3
  - - 853
    - 3
  - - 854
    - 2
  - - 855
    - 6
  - - 856
    - 6
  - - 857
    - 4
  - - 858
    - 9
  - - 859
    - 8
  - - 860
    - 8
  - - 861
    - 2
  - - 862
    - 3
  - - 863
    - 2
  - - 864
    - 3
  - - 865
    - 3
  - - 866
    - 4
  - - 867
    - 3
  - - 868
    - 4
  - - 869
    - 2
  - - 870
    - 1
  - - 871
    - 3
  - - 872
    - 4
  - - 873
    - 4
  - - 874
    - 2
  - - 875
    - 5
  - - 876
    - 4
  - - 877
    - 5
  - - 878
    - 1
  - - 879
    - 2
  - - 880
    - 5
  - - 881
    - 2
  - - 882
    - 5
  - - 883
    - 4
  - - 884
    - 3
  - - 885
    - 6
  - - 886
    - 4
  - - 887
    - 3
  - - 888
    - 3
  - - 889
    - 1
  - - 890
    - 5
  - - 892
    - 5
  - - 893
    - 4
  - - 894
    - 3
  - - 895
    - 3
  - - 896
    - 3
  - - 897
    - 6
  - - 898
    - 5
  - - 899
    - 1
  - - 901
    - 7
  - - 902
    - 3
  - - 903
    - 4
  - - 904
    - 3
  - - 905
    - 4
  - - 906
    - 4
  - - 907
    - 2
  - - 908
    - 4
  - - 909
    - 4
  - - 911
    - 1
  - - 912
    - 3
  - - 913
    - 2
  - - 915
    - 5
  - - 916
    - 1
  - - 917
    - 6
  - - 918
    - 4
  - - 920
    - 1
  - - 921
    - 1
  - - 922
    - 1
  - - 923
    - 3
  - - 924
    - 5
  - - 925
    - 1
  - - 927
    - 7
  - - 928
    - 5
  - - 929
    - 5
  - - 930
    - 4
  - - 931
    - 1
  - - 932
    - 1
  - - 933
    - 4
  - - 934
    - 1
  - - 935
    - 1
  - - 936
    - 4
  - - 937
    - 7
  - - 938
    - 1
  - - 939
    - 3
  - - 940
    - 4
  - - 941
    - 2
  - - 942
    - 3
  - - 943
    - 2
  - - 944
    - 3
  - - 945
    - 4
  - - 946
    - 1
  - - 947
    - 3
  - - 948
    - 3
  - - 949
    - 2
  - - 950
    - 5
  - - 951
    - 5
  - - 952
    - 2
  - - 953
    - 2
  - - 954
    - 2
  - - 955
    - 6
  - - 956
    - 2
  - - 957
    - 5
  - - 958
    - 1
  - - 959
    - 4
  - - 960
    - 6
  - - 961
    - 6
  - - 962
    - 2
  - - 963
    - 5
  - - 964
    - 2
  - - 966
    - 1
  - - 967
    - 4
  - - 968
    - 1
  - - 969
    - 1
  - - 970
    - 3
  - - 972
    - 1
  - - 973
    - 6
  - - 974
    - 3
  - - 975
    - 9
  - - 976
    - 1
  - - 977
    - 1
  - - 978
    - 1
  - - 979
    - 4
  - - 980
    - 4
  - - 981
    - 2
  - - 982
    - 2
  - - 983
    - 1
  - - 984
    - 1
  - - 986
    - 3
  - - 987
    - 1
  - - 989
    - 1
  - - 990
    - 5
  - - 991
    - 2
  - - 992
    - 1
  - - 993
    - 1
  - - 994
    - 1
  - - 995
    - 2
  - - 996
    - 5
  - - 997
    - 6
  - - 998
    - 2
  - - 999
    - 2
  - - 1000
    - 2
  - - 1001
    - 2
  - - 1002
    - 2
  - - 1003
    - 3
  - - 1004
    - 2
  - - 1005
    - 3
  - - 1006
    - 2
  - - 1007
    - 1
  - - 1008
    - 1
  - - 1009
    - 3
  - - 1010
    - 3
  - - 1011
    - 3
  - - 1012
    - 2
  - - 1013
    - 2
  - - 1014
    - 1
  - - 1015
    - 2
  - - 1016
    - 2
  - - 1017
    - 2
  - - 1018
    - 2
  - - 1019
    - 1
  - - 1021
    - 3
  - - 1022
    - 4
  - - 1023
    - 1
  - - 1024
    - 5
  - - 1025
    - 1
  - - 1026
    - 2
  - - 1027
    - 2
  - - 1028
    - 1
  - - 1029
    - 8
  - - 1030
    - 2
  - - 1031
    - 2
  - - 1032
    - 5
  - - 1033
    - 2
  - - 1034
    - 2
  - - 1035
    - 5
  - - 1036
    - 1
  - - 1037
    - 1
  - - 1038
    - 1
  - - 1039
    - 4
  - - 1040
    - 3
  - - 1041
    - 1
  - - 1042
    - 2
  - - 1043
    - 1
  - - 1044
    - 3
  - - 1045
    - 2
  - - 1047
    - 3
  - - 1048
    - 1
  - - 1049
    - 3
  - - 1050
    - 1
  - - 1051
    - 1
  - - 1052
    - 3
  - - 1053
    - 4
  - - 1054
    - 1
  - - 1056
    - 4
  - - 1057
    - 2
  - - 1058
    - 1
  - - 1059
    - 2
  - - 1061
    - 1
  - - 1062
    - 3
  - - 1063
    - 1
  - - 1064
    - 2
  - - 1065
    - 1
  - - 1066
    - 2
  - - 1067
    - 2
  - - 1069
    - 3
  - - 1071
    - 4
  - - 1072
    - 1
  - - 1074
    - 1
  - - 1077
    - 3
  - - 1079
    - 1
  - - 1081
    - 2
  - - 1082
    - 2
  - - 1084
    - 1
  - - 1085
    - 2
  - - 1086
    - 1
  - - 1087
    - 2
  - - 1088
    - 2
  - - 1089
    - 1
  - - 1090
    - 4
  - - 1091
    - 3
  - - 1092
    - 1
  - - 1094
    - 1
  - - 1095
    - 1
  - - 1096
    - 4
  - - 1101
    - 2
  - - 1102
    - 2
  - - 1104
    - 1
  - - 1106
    - 1
  - - 1107
    - 2
  - - 1109
    - 3
  - - 1110
    - 1
  - - 1111
    - 3
  - - 1112
    - 5
  - - 1114
    - 2
  - - 1115
    - 1
  - - 1116
    - 3
  - - 1117
    - 1
  - - 1118
    - 1
  - - 1120
    - 1
  - - 1122
    - 2
  - - 1123
    - 3
  - - 1126
    - 1
  - - 1127
    - 6
  - - 1128
    - 1
  - - 1130
    - 2
  - - 1132
    - 1
  - - 1133
    - 2
  - - 1134
    - 2
  - - 1136
    - 1
  - - 1137
    - 1
  - - 1138
    - 2
  - - 1139
    - 2
  - - 1140
    - 1
  - - 1142
    - 1
  - - 1143
    - 3
  - - 1146
    - 1
  - - 1149
    - 2
  - - 1150
    - 1
  - - 1152
    - 1
  - - 1153
    - 2
  - - 1154
    - 1
  - - 1155
    - 1
  - - 1157
    - 1
  - - 1158
    - 1
  - - 1161
    - 2
  - - 1163
    - 3
  - - 1166
    - 1
  - - 1167
    - 2
  - - 1168
    - 1
  - - 1170
    - 1
  - - 1171
    - 3
  - - 1172
    - 2
  - - 1174
    - 1
  - - 1175
    - 1
  - - 1176
    - 2
  - - 1177
    - 3
  - - 1179
    - 2
  - - 1181
    - 2
  - - 1182
    - 1
  - - 1183
    - 3
  - - 1184
    - 1
  - - 1185
    - 1
  - - 1187
    - 2
  - - 1191
    - 1
  - - 1194
    - 2
  - - 1196
    - 1
  - - 1199
    - 1
  - - 1201
    - 1
  - - 1202
    - 1
  - - 1208
    - 1
  - - 1209
    - 1
  - - 1211
    - 1
  - - 1213
    - 1
  - - 1214
    - 1
  - - 1217
    - 3
  - - 1218
    - 1
  - - 1219
    - 1
  - - 1222
    - 1
  - - 1224
    - 2
  - - 1229
    - 1
  - - 1230
    - 1
  - - 1234
    - 2
  - - 1236
    - 1
  - - 1237
    - 1
  - - 1238
    - 1
  - - 1239
    - 3
  - - 1240
    - 1
  - - 1242
    - 1
  - - 1243
    - 1
  - - 1245
    - 3
  - - 1246
    - 1
  - - 1247
    - 1
  - - 1249
    - 1
  - - 1251
    - 3
  - - 1255
    - 1
  - - 1256
    - 1
  - - 1259
    - 1
  - - 1265
    - 1
  - - 1267
    - 2
  - - 1277
    - 1
  - - 1278
    - 1
  - - 1283
    - 1
  - - 1284
    - 3
  - - 1286
    - 1
  - - 1287
    - 2
  - - 1288
    - 1
  - - 1290
    - 1
  - - 1294
    - 1
  - - 1298
    - 1
  - - 1301
    - 1
  - - 1303
    - 1
  - - 1307
    - 1
  - - 1310
    - 1
  - - 1312
    - 1
  - - 1314
    - 1
  - - 1317
    - 1
  - - 1324
    - 1
  - - 1326
    - 1
  - - 1332
    - 1
  - - 1334
    - 1
  - - 1339
    - 1
  - - 1347
    - 1
  - - 1350
    - 1
  - - 1352
    - 1
  - - 1353
    - 1
  - - 1358
    - 1
  - - 1359
    - 1
  - - 1363
    - 1
  - - 1368
    - 1
  - - 1380
    - 1
  - - 1381
    - 1
  - - 1402
    - 1
  - - 1404
    - 1
  - - 1428
    - 1
  - - 1489
    - 1
  - - 1631
    - 1
  - - 1849
    - 1
  latency_50_percentile: 101.0
  latency_95_percentile: 441.0
  latency_99_5_percentile: 975.0
  latency_99_percentile: 843.0099999999948
  max_kubedns_cpu: 604
  max_kubedns_memory: 31
  max_latency: 1.849372
  max_perfserver_cpu: 0
  max_perfserver_memory: 0
  min_latency: 0.001087
  msg: null
  ok: true
  qps: 712.008452
  queries_completed: 85600
  queries_lost: 0
  queries_sent: 85600
  run_time: 120.223292
  stddev_latency: 0.151546
params:
  max_qps: null
  pod_name: dns-perf-client-858fb7568b-lbxfr
  query_file: all-queries.txt
  run_id: 1777664914
  run_length_seconds: 120
  run_subid: 0
stderr:
- ''
stdout:
- DNS Performance Testing Tool
- Nominum Version 2.1.0.0
- ''
- '[Status] Command line: dnsperf -s 10.0.0.10 -l 120 -d /queries/all-queries.txt'
- '[Status] Sending queries (to 10.0.0.10)'
- '[Status] Started at: Fri May  1 19:49:11 2026'
- '[Status] Stopping after 120.000000 seconds'
- '[Status] Testing complete (time limit)'
- ''
- 'Statistics:'
- ''
- '  Queries sent:         85600'
- '  Queries completed:    85600 (100.00%)'
- '  Queries lost:         0 (0.00%)'
- ''
- '  Response codes:       NOERROR 10272 (12.00%), NXDOMAIN 75328 (88.00%)'
- '  Average packet size:  request 39, response 122'
- '  Run time (s):         120.223292'
- '  Queries per second:   712.008452'
- ''
- '  Average Latency (s):  0.140179 (min 0.001087, max 1.849372)'
- '  Latency StdDev (s):   0.151546'
- ''
- '  Latency histogram'
- '#histogram 0 0'
- '#histogram 1 18'
- '#histogram 2 95'
- '#histogram 3 145'
- '#histogram 4 197'
- '#histogram 5 212'
- '#histogram 6 218'
- '#histogram 7 206'
- '#histogram 8 195'
- '#histogram 9 251'
- '#histogram 10 239'
- '#histogram 11 216'
- '#histogram 12 258'
- '#histogram 13 221'
- '#histogram 14 233'
- '#histogram 15 214'
- '#histogram 16 248'
- '#histogram 17 266'
- '#histogram 18 234'
- '#histogram 19 268'
- '#histogram 20 251'
- '#histogram 21 225'
- '#histogram 22 242'
- '#histogram 23 270'
- '#histogram 24 287'
- '#histogram 25 287'
- '#histogram 26 259'
- '#histogram 27 310'
- '#histogram 28 316'
- '#histogram 29 306'
- '#histogram 30 319'
- '#histogram 31 306'
- '#histogram 32 330'
- '#histogram 33 334'
- '#histogram 34 378'
- '#histogram 35 363'
- '#histogram 36 384'
- '#histogram 37 357'
- '#histogram 38 366'
- '#histogram 39 360'
- '#histogram 40 367'
- '#histogram 41 418'
- '#histogram 42 434'
- '#histogram 43 439'
- '#histogram 44 421'
- '#histogram 45 443'
- '#histogram 46 442'
- '#histogram 47 450'
- '#histogram 48 453'
- '#histogram 49 462'
- '#histogram 50 458'
- '#histogram 51 506'
- '#histogram 52 483'
- '#histogram 53 446'
- '#histogram 54 498'
- '#histogram 55 508'
- '#histogram 56 495'
- '#histogram 57 503'
- '#histogram 58 502'
- '#histogram 59 537'
- '#histogram 60 538'
- '#histogram 61 532'
- '#histogram 62 525'
- '#histogram 63 530'
- '#histogram 64 553'
- '#histogram 65 621'
- '#histogram 66 566'
- '#histogram 67 562'
- '#histogram 68 507'
- '#histogram 69 539'
- '#histogram 70 558'
- '#histogram 71 562'
- '#histogram 72 547'
- '#histogram 73 598'
- '#histogram 74 551'
- '#histogram 75 579'
- '#histogram 76 569'
- '#histogram 77 631'
- '#histogram 78 558'
- '#histogram 79 566'
- '#histogram 80 600'
- '#histogram 81 610'
- '#histogram 82 554'
- '#histogram 83 553'
- '#histogram 84 537'
- '#histogram 85 552'
- '#histogram 86 597'
- '#histogram 87 616'
- '#histogram 88 557'
- '#histogram 89 586'
- '#histogram 90 585'
- '#histogram 91 580'
- '#histogram 92 588'
- '#histogram 93 531'
- '#histogram 94 535'
- '#histogram 95 579'
- '#histogram 96 536'
- '#histogram 97 574'
- '#histogram 98 570'
- '#histogram 99 531'
- '#histogram 100 531'
- '#histogram 101 522'
- '#histogram 102 539'
- '#histogram 103 551'
- '#histogram 104 485'
- '#histogram 105 525'
- '#histogram 106 553'
- '#histogram 107 521'
- '#histogram 108 498'
- '#histogram 109 484'
- '#histogram 110 552'
- '#histogram 111 507'
- '#histogram 112 464'
- '#histogram 113 524'
- '#histogram 114 483'
- '#histogram 115 489'
- '#histogram 116 464'
- '#histogram 117 464'
- '#histogram 118 456'
- '#histogram 119 477'
- '#histogram 120 500'
- '#histogram 121 399'
- '#histogram 122 434'
- '#histogram 123 479'
- '#histogram 124 434'
- '#histogram 125 395'
- '#histogram 126 440'
- '#histogram 127 387'
- '#histogram 128 432'
- '#histogram 129 402'
- '#histogram 130 398'
- '#histogram 131 420'
- '#histogram 132 391'
- '#histogram 133 375'
- '#histogram 134 365'
- '#histogram 135 365'
- '#histogram 136 342'
- '#histogram 137 367'
- '#histogram 138 312'
- '#histogram 139 324'
- '#histogram 140 331'
- '#histogram 141 362'
- '#histogram 142 330'
- '#histogram 143 298'
- '#histogram 144 315'
- '#histogram 145 315'
- '#histogram 146 335'
- '#histogram 147 320'
- '#histogram 148 319'
- '#histogram 149 289'
- '#histogram 150 275'
- '#histogram 151 324'
- '#histogram 152 301'
- '#histogram 153 286'
- '#histogram 154 289'
- '#histogram 155 256'
- '#histogram 156 297'
- '#histogram 157 235'
- '#histogram 158 224'
- '#histogram 159 257'
- '#histogram 160 233'
- '#histogram 161 227'
- '#histogram 162 230'
- '#histogram 163 219'
- '#histogram 164 242'
- '#histogram 165 199'
- '#histogram 166 201'
- '#histogram 167 214'
- '#histogram 168 199'
- '#histogram 169 207'
- '#histogram 170 202'
- '#histogram 171 179'
- '#histogram 172 200'
- '#histogram 173 181'
- '#histogram 174 195'
- '#histogram 175 202'
- '#histogram 176 190'
- '#histogram 177 177'
- '#histogram 178 187'
- '#histogram 179 184'
- '#histogram 180 181'
- '#histogram 181 172'
- '#histogram 182 179'
- '#histogram 183 192'
- '#histogram 184 155'
- '#histogram 185 173'
- '#histogram 186 155'
- '#histogram 187 187'
- '#histogram 188 152'
- '#histogram 189 139'
- '#histogram 190 155'
- '#histogram 191 129'
- '#histogram 192 135'
- '#histogram 193 139'
- '#histogram 194 128'
- '#histogram 195 130'
- '#histogram 196 146'
- '#histogram 197 126'
- '#histogram 198 121'
- '#histogram 199 127'
- '#histogram 200 127'
- '#histogram 201 136'
- '#histogram 202 108'
- '#histogram 203 127'
- '#histogram 204 96'
- '#histogram 205 116'
- '#histogram 206 116'
- '#histogram 207 105'
- '#histogram 208 120'
- '#histogram 209 97'
- '#histogram 210 107'
- '#histogram 211 121'
- '#histogram 212 113'
- '#histogram 213 94'
- '#histogram 214 109'
- '#histogram 215 102'
- '#histogram 216 89'
- '#histogram 217 90'
- '#histogram 218 102'
- '#histogram 219 68'
- '#histogram 220 83'
- '#histogram 221 77'
- '#histogram 222 85'
- '#histogram 223 79'
- '#histogram 224 82'
- '#histogram 225 98'
- '#histogram 226 98'
- '#histogram 227 90'
- '#histogram 228 68'
- '#histogram 229 82'
- '#histogram 230 69'
- '#histogram 231 67'
- '#histogram 232 66'
- '#histogram 233 70'
- '#histogram 234 64'
- '#histogram 235 64'
- '#histogram 236 80'
- '#histogram 237 59'
- '#histogram 238 61'
- '#histogram 239 70'
- '#histogram 240 52'
- '#histogram 241 65'
- '#histogram 242 47'
- '#histogram 243 45'
- '#histogram 244 54'
- '#histogram 245 45'
- '#histogram 246 54'
- '#histogram 247 42'
- '#histogram 248 51'
- '#histogram 249 53'
- '#histogram 250 51'
- '#histogram 251 50'
- '#histogram 252 52'
- '#histogram 253 52'
- '#histogram 254 47'
- '#histogram 255 37'
- '#histogram 256 37'
- '#histogram 257 51'
- '#histogram 258 46'
- '#histogram 259 39'
- '#histogram 260 35'
- '#histogram 261 30'
- '#histogram 262 41'
- '#histogram 263 33'
- '#histogram 264 36'
- '#histogram 265 34'
- '#histogram 266 31'
- '#histogram 267 37'
- '#histogram 268 38'
- '#histogram 269 38'
- '#histogram 270 32'
- '#histogram 271 41'
- '#histogram 272 31'
- '#histogram 273 35'
- '#histogram 274 26'
- '#histogram 275 29'
- '#histogram 276 37'
- '#histogram 277 32'
- '#histogram 278 25'
- '#histogram 279 27'
- '#histogram 280 33'
- '#histogram 281 28'
- '#histogram 282 25'
- '#histogram 283 31'
- '#histogram 284 24'
- '#histogram 285 28'
- '#histogram 286 30'
- '#histogram 287 20'
- '#histogram 288 23'
- '#histogram 289 23'
- '#histogram 290 19'
- '#histogram 291 37'
- '#histogram 292 25'
- '#histogram 293 26'
- '#histogram 294 30'
- '#histogram 295 30'
- '#histogram 296 23'
- '#histogram 297 32'
- '#histogram 298 27'
- '#histogram 299 28'
- '#histogram 300 31'
- '#histogram 301 17'
- '#histogram 302 30'
- '#histogram 303 22'
- '#histogram 304 21'
- '#histogram 305 15'
- '#histogram 306 26'
- '#histogram 307 27'
- '#histogram 308 32'
- '#histogram 309 29'
- '#histogram 310 17'
- '#histogram 311 20'
- '#histogram 312 13'
- '#histogram 313 22'
- '#histogram 314 20'
- '#histogram 315 25'
- '#histogram 316 16'
- '#histogram 317 21'
- '#histogram 318 17'
- '#histogram 319 22'
- '#histogram 320 26'
- '#histogram 321 21'
- '#histogram 322 21'
- '#histogram 323 25'
- '#histogram 324 22'
- '#histogram 325 15'
- '#histogram 326 14'
- '#histogram 327 20'
- '#histogram 328 19'
- '#histogram 329 18'
- '#histogram 330 17'
- '#histogram 331 21'
- '#histogram 332 15'
- '#histogram 333 22'
- '#histogram 334 10'
- '#histogram 335 14'
- '#histogram 336 22'
- '#histogram 337 19'
- '#histogram 338 15'
- '#histogram 339 16'
- '#histogram 340 27'
- '#histogram 341 21'
- '#histogram 342 20'
- '#histogram 343 13'
- '#histogram 344 13'
- '#histogram 345 23'
- '#histogram 346 19'
- '#histogram 347 13'
- '#histogram 348 17'
- '#histogram 349 21'
- '#histogram 350 6'
- '#histogram 351 24'
- '#histogram 352 20'
- '#histogram 353 20'
- '#histogram 354 17'
- '#histogram 355 16'
- '#histogram 356 17'
- '#histogram 357 29'
- '#histogram 358 20'
- '#histogram 359 13'
- '#histogram 360 16'
- '#histogram 361 17'
- '#histogram 362 21'
- '#histogram 363 17'
- '#histogram 364 15'
- '#histogram 365 17'
- '#histogram 366 21'
- '#histogram 367 16'
- '#histogram 368 13'
- '#histogram 369 15'
- '#histogram 370 11'
- '#histogram 371 14'
- '#histogram 372 18'
- '#histogram 373 21'
- '#histogram 374 14'
- '#histogram 375 18'
- '#histogram 376 19'
- '#histogram 377 17'
- '#histogram 378 15'
- '#histogram 379 19'
- '#histogram 380 17'
- '#histogram 381 13'
- '#histogram 382 16'
- '#histogram 383 10'
- '#histogram 384 16'
- '#histogram 385 14'
- '#histogram 386 17'
- '#histogram 387 12'
- '#histogram 388 19'
- '#histogram 389 9'
- '#histogram 390 9'
- '#histogram 391 17'
- '#histogram 392 9'
- '#histogram 393 22'
- '#histogram 394 11'
- '#histogram 395 18'
- '#histogram 396 17'
- '#histogram 397 29'
- '#histogram 398 16'
- '#histogram 399 20'
- '#histogram 400 12'
- '#histogram 401 13'
- '#histogram 402 16'
- '#histogram 403 7'
- '#histogram 404 12'
- '#histogram 405 9'
- '#histogram 406 8'
- '#histogram 407 9'
- '#histogram 408 8'
- '#histogram 409 14'
- '#histogram 410 17'
- '#histogram 411 12'
- '#histogram 412 14'
- '#histogram 413 14'
- '#histogram 414 16'
- '#histogram 415 9'
- '#histogram 416 14'
- '#histogram 417 17'
- '#histogram 418 14'
- '#histogram 419 16'
- '#histogram 420 14'
- '#histogram 421 14'
- '#histogram 422 15'
- '#histogram 423 13'
- '#histogram 424 17'
- '#histogram 425 9'
- '#histogram 426 15'
- '#histogram 427 25'
- '#histogram 428 12'
- '#histogram 429 12'
- '#histogram 430 15'
- '#histogram 431 8'
- '#histogram 432 21'
- '#histogram 433 11'
- '#histogram 434 15'
- '#histogram 435 11'
- '#histogram 436 8'
- '#histogram 437 14'
- '#histogram 438 7'
- '#histogram 439 13'
- '#histogram 440 22'
- '#histogram 441 11'
- '#histogram 442 17'
- '#histogram 443 8'
- '#histogram 444 9'
- '#histogram 445 12'
- '#histogram 446 19'
- '#histogram 447 14'
- '#histogram 448 16'
- '#histogram 449 13'
- '#histogram 450 16'
- '#histogram 451 12'
- '#histogram 452 13'
- '#histogram 453 11'
- '#histogram 454 16'
- '#histogram 455 13'
- '#histogram 456 12'
- '#histogram 457 11'
- '#histogram 458 9'
- '#histogram 459 14'
- '#histogram 460 14'
- '#histogram 461 16'
- '#histogram 462 9'
- '#histogram 463 13'
- '#histogram 464 21'
- '#histogram 465 12'
- '#histogram 466 16'
- '#histogram 467 13'
- '#histogram 468 16'
- '#histogram 469 10'
- '#histogram 470 11'
- '#histogram 471 9'
- '#histogram 472 6'
- '#histogram 473 11'
- '#histogram 474 10'
- '#histogram 475 11'
- '#histogram 476 16'
- '#histogram 477 12'
- '#histogram 478 12'
- '#histogram 479 7'
- '#histogram 480 7'
- '#histogram 481 10'
- '#histogram 482 8'
- '#histogram 483 9'
- '#histogram 484 11'
- '#histogram 485 10'
- '#histogram 486 7'
- '#histogram 487 12'
- '#histogram 488 13'
- '#histogram 489 13'
- '#histogram 490 10'
- '#histogram 491 13'
- '#histogram 492 11'
- '#histogram 493 8'
- '#histogram 494 7'
- '#histogram 495 12'
- '#histogram 496 9'
- '#histogram 497 9'
- '#histogram 498 12'
- '#histogram 499 11'
- '#histogram 500 8'
- '#histogram 501 9'
- '#histogram 502 14'
- '#histogram 503 12'
- '#histogram 504 15'
- '#histogram 505 17'
- '#histogram 506 8'
- '#histogram 507 5'
- '#histogram 508 9'
- '#histogram 509 5'
- '#histogram 510 10'
- '#histogram 511 12'
- '#histogram 512 8'
- '#histogram 513 7'
- '#histogram 514 13'
- '#histogram 515 8'
- '#histogram 516 14'
- '#histogram 517 10'
- '#histogram 518 12'
- '#histogram 519 10'
- '#histogram 520 19'
- '#histogram 521 11'
- '#histogram 522 15'
- '#histogram 523 16'
- '#histogram 524 9'
- '#histogram 525 7'
- '#histogram 526 17'
- '#histogram 527 11'
- '#histogram 528 3'
- '#histogram 529 8'
- '#histogram 530 12'
- '#histogram 531 14'
- '#histogram 532 12'
- '#histogram 533 10'
- '#histogram 534 15'
- '#histogram 535 11'
- '#histogram 536 6'
- '#histogram 537 12'
- '#histogram 538 10'
- '#histogram 539 11'
- '#histogram 540 12'
- '#histogram 541 7'
- '#histogram 542 7'
- '#histogram 543 6'
- '#histogram 544 13'
- '#histogram 545 8'
- '#histogram 546 11'
- '#histogram 547 11'
- '#histogram 548 8'
- '#histogram 549 10'
- '#histogram 550 12'
- '#histogram 551 9'
- '#histogram 552 11'
- '#histogram 553 15'
- '#histogram 554 13'
- '#histogram 555 6'
- '#histogram 556 11'
- '#histogram 557 10'
- '#histogram 558 9'
- '#histogram 559 8'
- '#histogram 560 15'
- '#histogram 561 19'
- '#histogram 562 7'
- '#histogram 563 6'
- '#histogram 564 5'
- '#histogram 565 9'
- '#histogram 566 9'
- '#histogram 567 11'
- '#histogram 568 6'
- '#histogram 569 7'
- '#histogram 570 10'
- '#histogram 571 9'
- '#histogram 572 15'
- '#histogram 573 8'
- '#histogram 574 15'
- '#histogram 575 12'
- '#histogram 576 5'
- '#histogram 577 5'
- '#histogram 578 12'
- '#histogram 579 10'
- '#histogram 580 10'
- '#histogram 581 9'
- '#histogram 582 7'
- '#histogram 583 6'
- '#histogram 584 10'
- '#histogram 585 6'
- '#histogram 586 7'
- '#histogram 587 12'
- '#histogram 588 11'
- '#histogram 589 12'
- '#histogram 590 9'
- '#histogram 591 9'
- '#histogram 592 12'
- '#histogram 593 11'
- '#histogram 594 8'
- '#histogram 595 11'
- '#histogram 596 10'
- '#histogram 597 12'
- '#histogram 598 10'
- '#histogram 599 8'
- '#histogram 600 7'
- '#histogram 601 11'
- '#histogram 602 5'
- '#histogram 603 10'
- '#histogram 604 11'
- '#histogram 605 14'
- '#histogram 606 11'
- '#histogram 607 6'
- '#histogram 608 12'
- '#histogram 609 10'
- '#histogram 610 13'
- '#histogram 611 10'
- '#histogram 612 6'
- '#histogram 613 12'
- '#histogram 614 7'
- '#histogram 615 6'
- '#histogram 616 8'
- '#histogram 617 13'
- '#histogram 618 2'
- '#histogram 619 12'
- '#histogram 620 7'
- '#histogram 621 11'
- '#histogram 622 6'
- '#histogram 623 8'
- '#histogram 624 11'
- '#histogram 625 4'
- '#histogram 626 7'
- '#histogram 627 4'
- '#histogram 628 5'
- '#histogram 629 9'
- '#histogram 630 9'
- '#histogram 631 8'
- '#histogram 632 12'
- '#histogram 633 9'
- '#histogram 634 5'
- '#histogram 635 8'
- '#histogram 636 9'
- '#histogram 637 14'
- '#histogram 638 18'
- '#histogram 639 16'
- '#histogram 640 8'
- '#histogram 641 9'
- '#histogram 642 18'
- '#histogram 643 9'
- '#histogram 644 10'
- '#histogram 645 6'
- '#histogram 646 10'
- '#histogram 647 4'
- '#histogram 648 9'
- '#histogram 649 9'
- '#histogram 650 4'
- '#histogram 651 8'
- '#histogram 652 8'
- '#histogram 653 6'
- '#histogram 654 12'
- '#histogram 655 9'
- '#histogram 656 10'
- '#histogram 657 5'
- '#histogram 658 7'
- '#histogram 659 8'
- '#histogram 660 11'
- '#histogram 661 3'
- '#histogram 662 11'
- '#histogram 663 7'
- '#histogram 664 11'
- '#histogram 665 13'
- '#histogram 666 6'
- '#histogram 667 11'
- '#histogram 668 11'
- '#histogram 669 16'
- '#histogram 670 9'
- '#histogram 671 10'
- '#histogram 672 6'
- '#histogram 673 10'
- '#histogram 674 7'
- '#histogram 675 9'
- '#histogram 676 9'
- '#histogram 677 13'
- '#histogram 678 5'
- '#histogram 679 7'
- '#histogram 680 4'
- '#histogram 681 9'
- '#histogram 682 6'
- '#histogram 683 8'
- '#histogram 684 5'
- '#histogram 685 7'
- '#histogram 686 9'
- '#histogram 687 6'
- '#histogram 688 6'
- '#histogram 689 6'
- '#histogram 690 12'
- '#histogram 691 8'
- '#histogram 692 5'
- '#histogram 693 7'
- '#histogram 694 8'
- '#histogram 695 11'
- '#histogram 696 7'
- '#histogram 697 10'
- '#histogram 698 10'
- '#histogram 699 8'
- '#histogram 700 6'
- '#histogram 701 9'
- '#histogram 702 5'
- '#histogram 703 9'
- '#histogram 704 7'
- '#histogram 705 10'
- '#histogram 706 11'
- '#histogram 707 13'
- '#histogram 708 4'
- '#histogram 709 11'
- '#histogram 710 3'
- '#histogram 711 3'
- '#histogram 712 3'
- '#histogram 713 10'
- '#histogram 714 3'
- '#histogram 715 6'
- '#histogram 716 6'
- '#histogram 717 11'
- '#histogram 718 10'
- '#histogram 719 7'
- '#histogram 720 6'
- '#histogram 721 12'
- '#histogram 722 11'
- '#histogram 723 14'
- '#histogram 724 5'
- '#histogram 725 8'
- '#histogram 726 5'
- '#histogram 727 7'
- '#histogram 728 6'
- '#histogram 729 3'
- '#histogram 730 4'
- '#histogram 731 5'
- '#histogram 732 11'
- '#histogram 733 3'
- '#histogram 734 3'
- '#histogram 735 8'
- '#histogram 736 6'
- '#histogram 737 6'
- '#histogram 738 9'
- '#histogram 739 8'
- '#histogram 740 9'
- '#histogram 741 3'
- '#histogram 742 3'
- '#histogram 743 10'
- '#histogram 744 10'
- '#histogram 745 4'
- '#histogram 746 12'
- '#histogram 747 4'
- '#histogram 748 4'
- '#histogram 749 5'
- '#histogram 750 11'
- '#histogram 751 9'
- '#histogram 752 8'
- '#histogram 753 7'
- '#histogram 754 6'
- '#histogram 755 3'
- '#histogram 756 9'
- '#histogram 757 8'
- '#histogram 758 6'
- '#histogram 759 10'
- '#histogram 760 9'
- '#histogram 761 7'
- '#histogram 762 4'
- '#histogram 763 3'
- '#histogram 764 8'
- '#histogram 765 5'
- '#histogram 766 5'
- '#histogram 767 4'
- '#histogram 768 11'
- '#histogram 769 6'
- '#histogram 770 5'
- '#histogram 771 7'
- '#histogram 772 5'
- '#histogram 773 7'
- '#histogram 774 6'
- '#histogram 775 3'
- '#histogram 776 5'
- '#histogram 777 2'
- '#histogram 778 7'
- '#histogram 779 11'
- '#histogram 780 4'
- '#histogram 781 4'
- '#histogram 782 5'
- '#histogram 783 5'
- '#histogram 784 7'
- '#histogram 785 2'
- '#histogram 786 7'
- '#histogram 787 5'
- '#histogram 788 6'
- '#histogram 789 6'
- '#histogram 790 5'
- '#histogram 791 4'
- '#histogram 792 2'
- '#histogram 793 4'
- '#histogram 794 4'
- '#histogram 795 3'
- '#histogram 796 5'
- '#histogram 797 3'
- '#histogram 798 4'
- '#histogram 799 8'
- '#histogram 800 4'
- '#histogram 801 3'
- '#histogram 802 7'
- '#histogram 803 7'
- '#histogram 804 5'
- '#histogram 805 7'
- '#histogram 806 4'
- '#histogram 807 7'
- '#histogram 808 2'
- '#histogram 809 6'
- '#histogram 810 6'
- '#histogram 811 3'
- '#histogram 812 6'
- '#histogram 813 4'
- '#histogram 814 10'
- '#histogram 815 3'
- '#histogram 816 8'
- '#histogram 817 2'
- '#histogram 818 7'
- '#histogram 819 8'
- '#histogram 820 3'
- '#histogram 821 3'
- '#histogram 822 2'
- '#histogram 823 1'
- '#histogram 824 4'
- '#histogram 825 4'
- '#histogram 827 4'
- '#histogram 828 4'
- '#histogram 829 3'
- '#histogram 830 6'
- '#histogram 831 4'
- '#histogram 832 6'
- '#histogram 833 2'
- '#histogram 834 3'
- '#histogram 835 5'
- '#histogram 836 6'
- '#histogram 837 3'
- '#histogram 838 5'
- '#histogram 839 7'
- '#histogram 840 2'
- '#histogram 841 5'
- '#histogram 842 8'
- '#histogram 843 7'
- '#histogram 844 6'
- '#histogram 845 7'
- '#histogram 846 7'
- '#histogram 847 1'
- '#histogram 849 4'
- '#histogram 850 2'
- '#histogram 851 2'
- '#histogram 852 3'
- '#histogram 853 3'
- '#histogram 854 2'
- '#histogram 855 6'
- '#histogram 856 6'
- '#histogram 857 4'
- '#histogram 858 9'
- '#histogram 859 8'
- '#histogram 860 8'
- '#histogram 861 2'
- '#histogram 862 3'
- '#histogram 863 2'
- '#histogram 864 3'
- '#histogram 865 3'
- '#histogram 866 4'
- '#histogram 867 3'
- '#histogram 868 4'
- '#histogram 869 2'
- '#histogram 870 1'
- '#histogram 871 3'
- '#histogram 872 4'
- '#histogram 873 4'
- '#histogram 874 2'
- '#histogram 875 5'
- '#histogram 876 4'
- '#histogram 877 5'
- '#histogram 878 1'
- '#histogram 879 2'
- '#histogram 880 5'
- '#histogram 881 2'
- '#histogram 882 5'
- '#histogram 883 4'
- '#histogram 884 3'
- '#histogram 885 6'
- '#histogram 886 4'
- '#histogram 887 3'
- '#histogram 888 3'
- '#histogram 889 1'
- '#histogram 890 5'
- '#histogram 892 5'
- '#histogram 893 4'
- '#histogram 894 3'
- '#histogram 895 3'
- '#histogram 896 3'
- '#histogram 897 6'
- '#histogram 898 5'
- '#histogram 899 1'
- '#histogram 901 7'
- '#histogram 902 3'
- '#histogram 903 4'
- '#histogram 904 3'
- '#histogram 905 4'
- '#histogram 906 4'
- '#histogram 907 2'
- '#histogram 908 4'
- '#histogram 909 4'
- '#histogram 911 1'
- '#histogram 912 3'
- '#histogram 913 2'
- '#histogram 915 5'
- '#histogram 916 1'
- '#histogram 917 6'
- '#histogram 918 4'
- '#histogram 920 1'
- '#histogram 921 1'
- '#histogram 922 1'
- '#histogram 923 3'
- '#histogram 924 5'
- '#histogram 925 1'
- '#histogram 927 7'
- '#histogram 928 5'
- '#histogram 929 5'
- '#histogram 930 4'
- '#histogram 931 1'
- '#histogram 932 1'
- '#histogram 933 4'
- '#histogram 934 1'
- '#histogram 935 1'
- '#histogram 936 4'
- '#histogram 937 7'
- '#histogram 938 1'
- '#histogram 939 3'
- '#histogram 940 4'
- '#histogram 941 2'
- '#histogram 942 3'
- '#histogram 943 2'
- '#histogram 944 3'
- '#histogram 945 4'
- '#histogram 946 1'
- '#histogram 947 3'
- '#histogram 948 3'
- '#histogram 949 2'
- '#histogram 950 5'
- '#histogram 951 5'
- '#histogram 952 2'
- '#histogram 953 2'
- '#histogram 954 2'
- '#histogram 955 6'
- '#histogram 956 2'
- '#histogram 957 5'
- '#histogram 958 1'
- '#histogram 959 4'
- '#histogram 960 6'
- '#histogram 961 6'
- '#histogram 962 2'
- '#histogram 963 5'
- '#histogram 964 2'
- '#histogram 966 1'
- '#histogram 967 4'
- '#histogram 968 1'
- '#histogram 969 1'
- '#histogram 970 3'
- '#histogram 972 1'
- '#histogram 973 6'
- '#histogram 974 3'
- '#histogram 975 9'
- '#histogram 976 1'
- '#histogram 977 1'
- '#histogram 978 1'
- '#histogram 979 4'
- '#histogram 980 4'
- '#histogram 981 2'
- '#histogram 982 2'
- '#histogram 983 1'
- '#histogram 984 1'
- '#histogram 986 3'
- '#histogram 987 1'
- '#histogram 989 1'
- '#histogram 990 5'
- '#histogram 991 2'
- '#histogram 992 1'
- '#histogram 993 1'
- '#histogram 994 1'
- '#histogram 995 2'
- '#histogram 996 5'
- '#histogram 997 6'
- '#histogram 998 2'
- '#histogram 999 2'
- '#histogram 1000 2'
- '#histogram 1001 2'
- '#histogram 1002 2'
- '#histogram 1003 3'
- '#histogram 1004 2'
- '#histogram 1005 3'
- '#histogram 1006 2'
- '#histogram 1007 1'
- '#histogram 1008 1'
- '#histogram 1009 3'
- '#histogram 1010 3'
- '#histogram 1011 3'
- '#histogram 1012 2'
- '#histogram 1013 2'
- '#histogram 1014 1'
- '#histogram 1015 2'
- '#histogram 1016 2'
- '#histogram 1017 2'
- '#histogram 1018 2'
- '#histogram 1019 1'
- '#histogram 1021 3'
- '#histogram 1022 4'
- '#histogram 1023 1'
- '#histogram 1024 5'
- '#histogram 1025 1'
- '#histogram 1026 2'
- '#histogram 1027 2'
- '#histogram 1028 1'
- '#histogram 1029 8'
- '#histogram 1030 2'
- '#histogram 1031 2'
- '#histogram 1032 5'
- '#histogram 1033 2'
- '#histogram 1034 2'
- '#histogram 1035 5'
- '#histogram 1036 1'
- '#histogram 1037 1'
- '#histogram 1038 1'
- '#histogram 1039 4'
- '#histogram 1040 3'
- '#histogram 1041 1'
- '#histogram 1042 2'
- '#histogram 1043 1'
- '#histogram 1044 3'
- '#histogram 1045 2'
- '#histogram 1047 3'
- '#histogram 1048 1'
- '#histogram 1049 3'
- '#histogram 1050 1'
- '#histogram 1051 1'
- '#histogram 1052 3'
- '#histogram 1053 4'
- '#histogram 1054 1'
- '#histogram 1056 4'
- '#histogram 1057 2'
- '#histogram 1058 1'
- '#histogram 1059 2'
- '#histogram 1061 1'
- '#histogram 1062 3'
- '#histogram 1063 1'
- '#histogram 1064 2'
- '#histogram 1065 1'
- '#histogram 1066 2'
- '#histogram 1067 2'
- '#histogram 1069 3'
- '#histogram 1071 4'
- '#histogram 1072 1'
- '#histogram 1074 1'
- '#histogram 1077 3'
- '#histogram 1079 1'
- '#histogram 1081 2'
- '#histogram 1082 2'
- '#histogram 1084 1'
- '#histogram 1085 2'
- '#histogram 1086 1'
- '#histogram 1087 2'
- '#histogram 1088 2'
- '#histogram 1089 1'
- '#histogram 1090 4'
- '#histogram 1091 3'
- '#histogram 1092 1'
- '#histogram 1094 1'
- '#histogram 1095 1'
- '#histogram 1096 4'
- '#histogram 1101 2'
- '#histogram 1102 2'
- '#histogram 1104 1'
- '#histogram 1106 1'
- '#histogram 1107 2'
- '#histogram 1109 3'
- '#histogram 1110 1'
- '#histogram 1111 3'
- '#histogram 1112 5'
- '#histogram 1114 2'
- '#histogram 1115 1'
- '#histogram 1116 3'
- '#histogram 1117 1'
- '#histogram 1118 1'
- '#histogram 1120 1'
- '#histogram 1122 2'
- '#histogram 1123 3'
- '#histogram 1126 1'
- '#histogram 1127 6'
- '#histogram 1128 1'
- '#histogram 1130 2'
- '#histogram 1132 1'
- '#histogram 1133 2'
- '#histogram 1134 2'
- '#histogram 1136 1'
- '#histogram 1137 1'
- '#histogram 1138 2'
- '#histogram 1139 2'
- '#histogram 1140 1'
- '#histogram 1142 1'
- '#histogram 1143 3'
- '#histogram 1146 1'
- '#histogram 1149 2'
- '#histogram 1150 1'
- '#histogram 1152 1'
- '#histogram 1153 2'
- '#histogram 1154 1'
- '#histogram 1155 1'
- '#histogram 1157 1'
- '#histogram 1158 1'
- '#histogram 1161 2'
- '#histogram 1163 3'
- '#histogram 1166 1'
- '#histogram 1167 2'
- '#histogram 1168 1'
- '#histogram 1170 1'
- '#histogram 1171 3'
- '#histogram 1172 2'
- '#histogram 1174 1'
- '#histogram 1175 1'
- '#histogram 1176 2'
- '#histogram 1177 3'
- '#histogram 1179 2'
- '#histogram 1181 2'
- '#histogram 1182 1'
- '#histogram 1183 3'
- '#histogram 1184 1'
- '#histogram 1185 1'
- '#histogram 1187 2'
- '#histogram 1191 1'
- '#histogram 1194 2'
- '#histogram 1196 1'
- '#histogram 1199 1'
- '#histogram 1201 1'
- '#histogram 1202 1'
- '#histogram 1208 1'
- '#histogram 1209 1'
- '#histogram 1211 1'
- '#histogram 1213 1'
- '#histogram 1214 1'
- '#histogram 1217 3'
- '#histogram 1218 1'
- '#histogram 1219 1'
- '#histogram 1222 1'
- '#histogram 1224 2'
- '#histogram 1229 1'
- '#histogram 1230 1'
- '#histogram 1234 2'
- '#histogram 1236 1'
- '#histogram 1237 1'
- '#histogram 1238 1'
- '#histogram 1239 3'
- '#histogram 1240 1'
- '#histogram 1242 1'
- '#histogram 1243 1'
- '#histogram 1245 3'
- '#histogram 1246 1'
- '#histogram 1247 1'
- '#histogram 1249 1'
- '#histogram 1251 3'
- '#histogram 1255 1'
- '#histogram 1256 1'
- '#histogram 1259 1'
- '#histogram 1265 1'
- '#histogram 1267 2'
- '#histogram 1277 1'
- '#histogram 1278 1'
- '#histogram 1283 1'
- '#histogram 1284 3'
- '#histogram 1286 1'
- '#histogram 1287 2'
- '#histogram 1288 1'
- '#histogram 1290 1'
- '#histogram 1294 1'
- '#histogram 1298 1'
- '#histogram 1301 1'
- '#histogram 1303 1'
- '#histogram 1307 1'
- '#histogram 1310 1'
- '#histogram 1312 1'
- '#histogram 1314 1'
- '#histogram 1317 1'
- '#histogram 1324 1'
- '#histogram 1326 1'
- '#histogram 1332 1'
- '#histogram 1334 1'
- '#histogram 1339 1'
- '#histogram 1347 1'
- '#histogram 1350 1'
- '#histogram 1352 1'
- '#histogram 1353 1'
- '#histogram 1358 1'
- '#histogram 1359 1'
- '#histogram 1363 1'
- '#histogram 1368 1'
- '#histogram 1380 1'
- '#histogram 1381 1'
- '#histogram 1402 1'
- '#histogram 1404 1'
- '#histogram 1428 1'
- '#histogram 1489 1'
- '#histogram 1631 1'
- '#histogram 1849 1'
- ''
