code: 0
data:
  avg_latency: 0.112264
  histogram:
  - - 0
    - 0
  - - 1
    - 25
  - - 2
    - 128
  - - 3
    - 176
  - - 4
    - 250
  - - 5
    - 292
  - - 6
    - 279
  - - 7
    - 296
  - - 8
    - 328
  - - 9
    - 304
  - - 10
    - 345
  - - 11
    - 353
  - - 12
    - 350
  - - 13
    - 362
  - - 14
    - 394
  - - 15
    - 372
  - - 16
    - 418
  - - 17
    - 374
  - - 18
    - 421
  - - 19
    - 399
  - - 20
    - 431
  - - 21
    - 469
  - - 22
    - 463
  - - 23
    - 458
  - - 24
    - 452
  - - 25
    - 547
  - - 26
    - 481
  - - 27
    - 537
  - - 28
    - 540
  - - 29
    - 531
  - - 30
    - 561
  - - 31
    - 548
  - - 32
    - 596
  - - 33
    - 637
  - - 34
    - 632
  - - 35
    - 659
  - - 36
    - 723
  - - 37
    - 654
  - - 38
    - 733
  - - 39
    - 711
  - - 40
    - 717
  - - 41
    - 749
  - - 42
    - 702
  - - 43
    - 760
  - - 44
    - 732
  - - 45
    - 760
  - - 46
    - 751
  - - 47
    - 742
  - - 48
    - 775
  - - 49
    - 877
  - - 50
    - 809
  - - 51
    - 832
  - - 52
    - 881
  - - 53
    - 867
  - - 54
    - 767
  - - 55
    - 846
  - - 56
    - 838
  - - 57
    - 860
  - - 58
    - 881
  - - 59
    - 899
  - - 60
    - 903
  - - 61
    - 933
  - - 62
    - 842
  - - 63
    - 894
  - - 64
    - 887
  - - 65
    - 849
  - - 66
    - 891
  - - 67
    - 866
  - - 68
    - 833
  - - 69
    - 810
  - - 70
    - 862
  - - 71
    - 847
  - - 72
    - 825
  - - 73
    - 837
  - - 74
    - 855
  - - 75
    - 835
  - - 76
    - 827
  - - 77
    - 877
  - - 78
    - 841
  - - 79
    - 874
  - - 80
    - 894
  - - 81
    - 802
  - - 82
    - 867
  - - 83
    - 805
  - - 84
    - 811
  - - 85
    - 805
  - - 86
    - 783
  - - 87
    - 786
  - - 88
    - 805
  - - 89
    - 804
  - - 90
    - 732
  - - 91
    - 744
  - - 92
    - 764
  - - 93
    - 724
  - - 94
    - 720
  - - 95
    - 682
  - - 96
    - 744
  - - 97
    - 704
  - - 98
    - 638
  - - 99
    - 725
  - - 100
    - 661
  - - 101
    - 667
  - - 102
    - 646
  - - 103
    - 613
  - - 104
    - 569
  - - 105
    - 617
  - - 106
    - 639
  - - 107
    - 580
  - - 108
    - 573
  - - 109
    - 562
  - - 110
    - 591
  - - 111
    - 580
  - - 112
    - 567
  - - 113
    - 510
  - - 114
    - 510
  - - 115
    - 499
  - - 116
    - 524
  - - 117
    - 522
  - - 118
    - 489
  - - 119
    - 491
  - - 120
    - 433
  - - 121
    - 444
  - - 122
    - 483
  - - 123
    - 425
  - - 124
    - 409
  - - 125
    - 447
  - - 126
    - 422
  - - 127
    - 408
  - - 128
    - 402
  - - 129
    - 372
  - - 130
    - 414
  - - 131
    - 394
  - - 132
    - 357
  - - 133
    - 386
  - - 134
    - 366
  - - 135
    - 358
  - - 136
    - 329
  - - 137
    - 375
  - - 138
    - 341
  - - 139
    - 323
  - - 140
    - 301
  - - 141
    - 357
  - - 142
    - 270
  - - 143
    - 283
  - - 144
    - 267
  - - 145
    - 295
  - - 146
    - 283
  - - 147
    - 282
  - - 148
    - 265
  - - 149
    - 252
  - - 150
    - 264
  - - 151
    - 266
  - - 152
    - 217
  - - 153
    - 226
  - - 154
    - 206
  - - 155
    - 227
  - - 156
    - 234
  - - 157
    - 201
  - - 158
    - 197
  - - 159
    - 193
  - - 160
    - 175
  - - 161
    - 185
  - - 162
    - 183
  - - 163
    - 205
  - - 164
    - 194
  - - 165
    - 216
  - - 166
    - 200
  - - 167
    - 172
  - - 168
    - 167
  - - 169
    - 177
  - - 170
    - 172
  - - 171
    - 143
  - - 172
    - 133
  - - 173
    - 147
  - - 174
    - 143
  - - 175
    - 145
  - - 176
    - 174
  - - 177
    - 130
  - - 178
    - 129
  - - 179
    - 127
  - - 180
    - 149
  - - 181
    - 124
  - - 182
    - 113
  - - 183
    - 138
  - - 184
    - 115
  - - 185
    - 115
  - - 186
    - 119
  - - 187
    - 135
  - - 188
    - 112
  - - 189
    - 119
  - - 190
    - 136
  - - 191
    - 124
  - - 192
    - 100
  - - 193
    - 91
  - - 194
    - 98
  - - 195
    - 85
  - - 196
    - 103
  - - 197
    - 108
  - - 198
    - 97
  - - 199
    - 90
  - - 200
    - 89
  - - 201
    - 95
  - - 202
    - 94
  - - 203
    - 83
  - - 204
    - 79
  - - 205
    - 79
  - - 206
    - 83
  - - 207
    - 87
  - - 208
    - 96
  - - 209
    - 71
  - - 210
    - 82
  - - 211
    - 70
  - - 212
    - 62
  - - 213
    - 73
  - - 214
    - 65
  - - 215
    - 65
  - - 216
    - 61
  - - 217
    - 66
  - - 218
    - 72
  - - 219
    - 69
  - - 220
    - 74
  - - 221
    - 68
  - - 222
    - 77
  - - 223
    - 47
  - - 224
    - 60
  - - 225
    - 51
  - - 226
    - 55
  - - 227
    - 67
  - - 228
    - 60
  - - 229
    - 50
  - - 230
    - 59
  - - 231
    - 71
  - - 232
    - 50
  - - 233
    - 45
  - - 234
    - 39
  - - 235
    - 50
  - - 236
    - 53
  - - 237
    - 49
  - - 238
    - 44
  - - 239
    - 39
  - - 240
    - 50
  - - 241
    - 51
  - - 242
    - 38
  - - 243
    - 38
  - - 244
    - 50
  - - 245
    - 39
  - - 246
    - 42
  - - 247
    - 51
  - - 248
    - 47
  - - 249
    - 40
  - - 250
    - 35
  - - 251
    - 54
  - - 252
    - 42
  - - 253
    - 40
  - - 254
    - 48
  - - 255
    - 40
  - - 256
    - 34
  - - 257
    - 44
  - - 258
    - 40
  - - 259
    - 30
  - - 260
    - 56
  - - 261
    - 42
  - - 262
    - 42
  - - 263
    - 48
  - - 264
    - 22
  - - 265
    - 32
  - - 266
    - 35
  - - 267
    - 35
  - - 268
    - 47
  - - 269
    - 38
  - - 270
    - 34
  - - 271
    - 36
  - - 272
    - 32
  - - 273
    - 33
  - - 274
    - 39
  - - 275
    - 22
  - - 276
    - 34
  - - 277
    - 28
  - - 278
    - 48
  - - 279
    - 32
  - - 280
    - 25
  - - 281
    - 27
  - - 282
    - 29
  - - 283
    - 35
  - - 284
    - 29
  - - 285
    - 35
  - - 286
    - 29
  - - 287
    - 22
  - - 288
    - 34
  - - 289
    - 29
  - - 290
    - 31
  - - 291
    - 28
  - - 292
    - 26
  - - 293
    - 27
  - - 294
    - 32
  - - 295
    - 33
  - - 296
    - 25
  - - 297
    - 25
  - - 298
    - 22
  - - 299
    - 28
  - - 300
    - 27
  - - 301
    - 36
  - - 302
    - 25
  - - 303
    - 22
  - - 304
    - 40
  - - 305
    - 27
  - - 306
    - 29
  - - 307
    - 27
  - - 308
    - 27
  - - 309
    - 31
  - - 310
    - 33
  - - 311
    - 28
  - - 312
    - 35
  - - 313
    - 30
  - - 314
    - 18
  - - 315
    - 22
  - - 316
    - 21
  - - 317
    - 27
  - - 318
    - 24
  - - 319
    - 21
  - - 320
    - 27
  - - 321
    - 28
  - - 322
    - 29
  - - 323
    - 21
  - - 324
    - 22
  - - 325
    - 29
  - - 326
    - 33
  - - 327
    - 26
  - - 328
    - 34
  - - 329
    - 26
  - - 330
    - 34
  - - 331
    - 23
  - - 332
    - 20
  - - 333
    - 26
  - - 334
    - 25
  - - 335
    - 26
  - - 336
    - 17
  - - 337
    - 22
  - - 338
    - 30
  - - 339
    - 27
  - - 340
    - 17
  - - 341
    - 27
  - - 342
    - 25
  - - 343
    - 23
  - - 344
    - 24
  - - 345
    - 26
  - - 346
    - 15
  - - 347
    - 29
  - - 348
    - 32
  - - 349
    - 18
  - - 350
    - 30
  - - 351
    - 22
  - - 352
    - 29
  - - 353
    - 25
  - - 354
    - 28
  - - 355
    - 25
  - - 356
    - 26
  - - 357
    - 18
  - - 358
    - 27
  - - 359
    - 21
  - - 360
    - 19
  - - 361
    - 25
  - - 362
    - 31
  - - 363
    - 22
  - - 364
    - 24
  - - 365
    - 18
  - - 366
    - 17
  - - 367
    - 20
  - - 368
    - 26
  - - 369
    - 20
  - - 370
    - 24
  - - 371
    - 28
  - - 372
    - 21
  - - 373
    - 22
  - - 374
    - 20
  - - 375
    - 17
  - - 376
    - 23
  - - 377
    - 20
  - - 378
    - 14
  - - 379
    - 32
  - - 380
    - 24
  - - 381
    - 28
  - - 382
    - 16
  - - 383
    - 18
  - - 384
    - 28
  - - 385
    - 25
  - - 386
    - 26
  - - 387
    - 17
  - - 388
    - 23
  - - 389
    - 24
  - - 390
    - 30
  - - 391
    - 19
  - - 392
    - 27
  - - 393
    - 19
  - - 394
    - 29
  - - 395
    - 22
  - - 396
    - 27
  - - 397
    - 21
  - - 398
    - 15
  - - 399
    - 25
  - - 400
    - 26
  - - 401
    - 14
  - - 402
    - 24
  - - 403
    - 23
  - - 404
    - 9
  - - 405
    - 19
  - - 406
    - 23
  - - 407
    - 16
  - - 408
    - 23
  - - 409
    - 19
  - - 410
    - 19
  - - 411
    - 28
  - - 412
    - 12
  - - 413
    - 27
  - - 414
    - 16
  - - 415
    - 14
  - - 416
    - 21
  - - 417
    - 22
  - - 418
    - 19
  - - 419
    - 19
  - - 420
    - 25
  - - 421
    - 20
  - - 422
    - 20
  - - 423
    - 17
  - - 424
    - 26
  - - 425
    - 19
  - - 426
    - 18
  - - 427
    - 21
  - - 428
    - 30
  - - 429
    - 17
  - - 430
    - 15
  - - 431
    - 17
  - - 432
    - 17
  - - 433
    - 17
  - - 434
    - 17
  - - 435
    - 18
  - - 436
    - 14
  - - 437
    - 16
  - - 438
    - 14
  - - 439
    - 23
  - - 440
    - 21
  - - 441
    - 15
  - - 442
    - 22
  - - 443
    - 15
  - - 444
    - 21
  - - 445
    - 15
  - - 446
    - 19
  - - 447
    - 15
  - - 448
    - 18
  - - 449
    - 18
  - - 450
    - 26
  - - 451
    - 14
  - - 452
    - 17
  - - 453
    - 16
  - - 454
    - 19
  - - 455
    - 11
  - - 456
    - 8
  - - 457
    - 17
  - - 458
    - 19
  - - 459
    - 9
  - - 460
    - 17
  - - 461
    - 11
  - - 462
    - 21
  - - 463
    - 19
  - - 464
    - 12
  - - 465
    - 16
  - - 466
    - 12
  - - 467
    - 17
  - - 468
    - 20
  - - 469
    - 17
  - - 470
    - 15
  - - 471
    - 16
  - - 472
    - 12
  - - 473
    - 28
  - - 474
    - 22
  - - 475
    - 9
  - - 476
    - 11
  - - 477
    - 8
  - - 478
    - 14
  - - 479
    - 16
  - - 480
    - 24
  - - 481
    - 15
  - - 482
    - 9
  - - 483
    - 10
  - - 484
    - 19
  - - 485
    - 6
  - - 486
    - 13
  - - 487
    - 18
  - - 488
    - 20
  - - 489
    - 9
  - - 490
    - 18
  - - 491
    - 10
  - - 492
    - 14
  - - 493
    - 11
  - - 494
    - 11
  - - 495
    - 16
  - - 496
    - 18
  - - 497
    - 10
  - - 498
    - 15
  - - 499
    - 13
  - - 500
    - 13
  - - 501
    - 10
  - - 502
    - 15
  - - 503
    - 7
  - - 504
    - 14
  - - 505
    - 17
  - - 506
    - 14
  - - 507
    - 12
  - - 508
    - 17
  - - 509
    - 10
  - - 510
    - 12
  - - 511
    - 11
  - - 512
    - 9
  - - 513
    - 13
  - - 514
    - 8
  - - 515
    - 13
  - - 516
    - 15
  - - 517
    - 12
  - - 518
    - 6
  - - 519
    - 11
  - - 520
    - 12
  - - 521
    - 10
  - - 522
    - 16
  - - 523
    - 11
  - - 524
    - 5
  - - 525
    - 9
  - - 526
    - 9
  - - 527
    - 12
  - - 528
    - 13
  - - 529
    - 7
  - - 530
    - 8
  - - 531
    - 8
  - - 532
    - 9
  - - 533
    - 13
  - - 534
    - 15
  - - 535
    - 4
  - - 536
    - 9
  - - 537
    - 13
  - - 538
    - 12
  - - 539
    - 14
  - - 540
    - 15
  - - 541
    - 10
  - - 542
    - 12
  - - 543
    - 9
  - - 544
    - 4
  - - 545
    - 7
  - - 546
    - 7
  - - 547
    - 16
  - - 548
    - 7
  - - 549
    - 11
  - - 550
    - 9
  - - 551
    - 10
  - - 552
    - 13
  - - 553
    - 7
  - - 554
    - 13
  - - 555
    - 6
  - - 556
    - 9
  - - 557
    - 14
  - - 558
    - 10
  - - 559
    - 9
  - - 560
    - 11
  - - 561
    - 10
  - - 562
    - 8
  - - 563
    - 5
  - - 564
    - 13
  - - 565
    - 6
  - - 566
    - 8
  - - 567
    - 5
  - - 568
    - 4
  - - 569
    - 15
  - - 570
    - 7
  - - 571
    - 11
  - - 572
    - 15
  - - 573
    - 8
  - - 574
    - 10
  - - 575
    - 5
  - - 576
    - 8
  - - 577
    - 9
  - - 578
    - 8
  - - 579
    - 13
  - - 580
    - 8
  - - 581
    - 12
  - - 582
    - 5
  - - 583
    - 8
  - - 584
    - 11
  - - 585
    - 6
  - - 586
    - 6
  - - 587
    - 8
  - - 588
    - 6
  - - 589
    - 7
  - - 590
    - 7
  - - 591
    - 6
  - - 592
    - 9
  - - 593
    - 9
  - - 594
    - 9
  - - 595
    - 6
  - - 596
    - 17
  - - 597
    - 10
  - - 598
    - 5
  - - 599
    - 9
  - - 600
    - 5
  - - 601
    - 7
  - - 602
    - 13
  - - 603
    - 4
  - - 604
    - 6
  - - 605
    - 6
  - - 606
    - 5
  - - 607
    - 7
  - - 608
    - 4
  - - 609
    - 6
  - - 610
    - 10
  - - 611
    - 4
  - - 612
    - 8
  - - 613
    - 4
  - - 614
    - 5
  - - 615
    - 8
  - - 616
    - 4
  - - 617
    - 7
  - - 618
    - 2
  - - 619
    - 5
  - - 620
    - 7
  - - 621
    - 5
  - - 622
    - 8
  - - 623
    - 9
  - - 624
    - 9
  - - 625
    - 7
  - - 626
    - 2
  - - 627
    - 6
  - - 628
    - 8
  - - 629
    - 3
  - - 630
    - 5
  - - 631
    - 1
  - - 632
    - 4
  - - 633
    - 4
  - - 634
    - 6
  - - 635
    - 5
  - - 636
    - 6
  - - 637
    - 3
  - - 638
    - 8
  - - 639
    - 3
  - - 640
    - 4
  - - 641
    - 6
  - - 642
    - 3
  - - 643
    - 3
  - - 644
    - 5
  - - 645
    - 8
  - - 646
    - 7
  - - 647
    - 2
  - - 648
    - 2
  - - 649
    - 4
  - - 650
    - 8
  - - 651
    - 4
  - - 652
    - 3
  - - 653
    - 4
  - - 654
    - 5
  - - 655
    - 7
  - - 656
    - 5
  - - 657
    - 9
  - - 658
    - 3
  - - 659
    - 6
  - - 660
    - 5
  - - 661
    - 6
  - - 662
    - 2
  - - 663
    - 3
  - - 664
    - 6
  - - 665
    - 6
  - - 667
    - 4
  - - 668
    - 5
  - - 669
    - 4
  - - 670
    - 4
  - - 671
    - 3
  - - 672
    - 4
  - - 674
    - 8
  - - 675
    - 4
  - - 676
    - 3
  - - 677
    - 8
  - - 678
    - 3
  - - 679
    - 2
  - - 680
    - 4
  - - 681
    - 4
  - - 682
    - 2
  - - 684
    - 5
  - - 685
    - 1
  - - 686
    - 7
  - - 687
    - 12
  - - 688
    - 1
  - - 689
    - 7
  - - 690
    - 2
  - - 691
    - 6
  - - 692
    - 2
  - - 693
    - 6
  - - 694
    - 3
  - - 695
    - 4
  - - 696
    - 6
  - - 697
    - 1
  - - 698
    - 3
  - - 699
    - 4
  - - 700
    - 2
  - - 701
    - 3
  - - 702
    - 6
  - - 703
    - 4
  - - 704
    - 4
  - - 705
    - 2
  - - 706
    - 4
  - - 707
    - 5
  - - 708
    - 3
  - - 709
    - 1
  - - 710
    - 7
  - - 711
    - 3
  - - 712
    - 4
  - - 713
    - 4
  - - 714
    - 5
  - - 715
    - 2
  - - 717
    - 2
  - - 718
    - 2
  - - 719
    - 3
  - - 720
    - 2
  - - 722
    - 4
  - - 723
    - 3
  - - 724
    - 5
  - - 725
    - 4
  - - 726
    - 2
  - - 727
    - 5
  - - 728
    - 2
  - - 729
    - 4
  - - 730
    - 4
  - - 731
    - 2
  - - 732
    - 3
  - - 734
    - 2
  - - 735
    - 1
  - - 736
    - 2
  - - 737
    - 5
  - - 738
    - 4
  - - 739
    - 2
  - - 740
    - 1
  - - 741
    - 3
  - - 743
    - 5
  - - 744
    - 6
  - - 745
    - 4
  - - 746
    - 2
  - - 747
    - 2
  - - 748
    - 2
  - - 749
    - 2
  - - 750
    - 4
  - - 751
    - 2
  - - 752
    - 3
  - - 753
    - 1
  - - 754
    - 5
  - - 755
    - 7
  - - 756
    - 6
  - - 757
    - 3
  - - 758
    - 1
  - - 760
    - 2
  - - 761
    - 1
  - - 762
    - 6
  - - 763
    - 1
  - - 764
    - 3
  - - 765
    - 3
  - - 766
    - 1
  - - 767
    - 3
  - - 768
    - 2
  - - 769
    - 1
  - - 771
    - 2
  - - 772
    - 3
  - - 773
    - 1
  - - 774
    - 1
  - - 775
    - 2
  - - 776
    - 2
  - - 778
    - 2
  - - 779
    - 4
  - - 780
    - 2
  - - 781
    - 2
  - - 782
    - 3
  - - 783
    - 1
  - - 784
    - 3
  - - 785
    - 2
  - - 786
    - 1
  - - 787
    - 4
  - - 788
    - 1
  - - 789
    - 4
  - - 790
    - 2
  - - 791
    - 2
  - - 792
    - 1
  - - 793
    - 2
  - - 796
    - 2
  - - 797
    - 2
  - - 798
    - 3
  - - 799
    - 2
  - - 800
    - 1
  - - 801
    - 2
  - - 802
    - 2
  - - 803
    - 2
  - - 804
    - 2
  - - 805
    - 3
  - - 807
    - 1
  - - 808
    - 3
  - - 809
    - 3
  - - 810
    - 2
  - - 811
    - 1
  - - 812
    - 1
  - - 814
    - 2
  - - 815
    - 3
  - - 816
    - 1
  - - 818
    - 3
  - - 819
    - 1
  - - 820
    - 2
  - - 822
    - 2
  - - 823
    - 2
  - - 824
    - 1
  - - 825
    - 1
  - - 826
    - 2
  - - 828
    - 3
  - - 830
    - 1
  - - 831
    - 1
  - - 833
    - 2
  - - 834
    - 1
  - - 835
    - 3
  - - 836
    - 1
  - - 838
    - 1
  - - 839
    - 2
  - - 840
    - 1
  - - 841
    - 1
  - - 842
    - 1
  - - 843
    - 4
  - - 844
    - 1
  - - 846
    - 2
  - - 848
    - 2
  - - 849
    - 2
  - - 850
    - 3
  - - 851
    - 2
  - - 852
    - 2
  - - 853
    - 3
  - - 854
    - 1
  - - 855
    - 1
  - - 859
    - 1
  - - 860
    - 1
  - - 862
    - 1
  - - 863
    - 1
  - - 865
    - 1
  - - 869
    - 3
  - - 870
    - 2
  - - 871
    - 4
  - - 872
    - 1
  - - 875
    - 1
  - - 876
    - 1
  - - 877
    - 1
  - - 878
    - 1
  - - 882
    - 2
  - - 883
    - 2
  - - 887
    - 1
  - - 888
    - 2
  - - 889
    - 3
  - - 890
    - 1
  - - 892
    - 1
  - - 893
    - 1
  - - 896
    - 1
  - - 897
    - 1
  - - 898
    - 1
  - - 899
    - 1
  - - 900
    - 1
  - - 901
    - 1
  - - 903
    - 2
  - - 904
    - 1
  - - 905
    - 1
  - - 907
    - 1
  - - 908
    - 1
  - - 909
    - 1
  - - 911
    - 1
  - - 914
    - 1
  - - 916
    - 1
  - - 917
    - 1
  - - 919
    - 1
  - - 920
    - 1
  - - 921
    - 1
  - - 925
    - 5
  - - 927
    - 1
  - - 928
    - 1
  - - 929
    - 1
  - - 931
    - 2
  - - 932
    - 2
  - - 933
    - 2
  - - 936
    - 2
  - - 937
    - 1
  - - 938
    - 1
  - - 939
    - 1
  - - 940
    - 1
  - - 943
    - 1
  - - 946
    - 1
  - - 947
    - 2
  - - 949
    - 2
  - - 950
    - 1
  - - 952
    - 1
  - - 955
    - 1
  - - 962
    - 1
  - - 964
    - 1
  - - 966
    - 1
  - - 967
    - 1
  - - 972
    - 1
  - - 979
    - 1
  - - 980
    - 2
  - - 987
    - 1
  - - 990
    - 1
  - - 991
    - 1
  - - 995
    - 2
  - - 997
    - 1
  - - 1004
    - 2
  - - 1016
    - 1
  - - 1018
    - 1
  - - 1019
    - 1
  - - 1022
    - 1
  - - 1034
    - 1
  - - 1038
    - 1
  - - 1046
    - 1
  - - 1047
    - 3
  - - 1051
    - 1
  - - 1052
    - 1
  - - 1060
    - 2
  - - 1065
    - 1
  - - 1080
    - 1
  - - 1086
    - 1
  - - 1113
    - 1
  - - 1118
    - 1
  - - 1124
    - 1
  - - 1127
    - 1
  - - 1131
    - 1
  - - 1137
    - 1
  - - 1138
    - 1
  - - 1142
    - 1
  - - 1143
    - 1
  - - 1150
    - 1
  - - 1165
    - 1
  - - 1166
    - 1
  - - 1168
    - 2
  - - 1172
    - 1
  - - 1173
    - 2
  - - 1174
    - 1
  - - 1178
    - 1
  - - 1180
    - 1
  - - 1203
    - 1
  - - 1205
    - 1
  - - 1215
    - 1
  - - 1216
    - 2
  - - 1224
    - 1
  - - 1225
    - 1
  - - 1235
    - 1
  - - 1249
    - 2
  - - 1260
    - 1
  - - 1261
    - 1
  - - 1263
    - 1
  - - 1271
    - 1
  - - 1285
    - 1
  - - 1286
    - 1
  - - 1291
    - 1
  - - 1292
    - 2
  - - 1295
    - 1
  - - 1307
    - 1
  - - 1309
    - 1
  - - 1310
    - 1
  - - 1313
    - 1
  - - 1318
    - 1
  - - 1331
    - 1
  - - 1334
    - 1
  - - 1337
    - 1
  - - 1344
    - 2
  - - 1348
    - 1
  - - 1349
    - 1
  - - 1360
    - 1
  - - 1362
    - 2
  - - 1364
    - 1
  - - 1366
    - 2
  - - 1369
    - 1
  - - 1370
    - 1
  - - 1374
    - 1
  - - 1375
    - 1
  - - 1385
    - 2
  - - 1397
    - 1
  - - 1402
    - 1
  - - 1404
    - 1
  - - 1411
    - 1
  - - 1413
    - 1
  - - 1415
    - 1
  - - 1420
    - 1
  - - 1436
    - 1
  - - 1442
    - 1
  - - 1443
    - 2
  - - 1446
    - 1
  - - 1453
    - 1
  - - 1459
    - 1
  - - 1463
    - 1
  - - 1464
    - 1
  - - 1468
    - 1
  - - 1470
    - 1
  - - 1471
    - 1
  - - 1474
    - 1
  - - 1478
    - 1
  - - 1484
    - 1
  - - 1488
    - 1
  - - 1491
    - 1
  - - 1498
    - 1
  - - 1502
    - 1
  - - 1508
    - 1
  - - 1509
    - 1
  - - 1510
    - 1
  - - 1515
    - 1
  - - 1517
    - 1
  - - 1518
    - 2
  - - 1524
    - 1
  - - 1526
    - 1
  - - 1532
    - 1
  - - 1540
    - 1
  - - 1542
    - 1
  - - 1553
    - 1
  - - 1555
    - 1
  - - 1559
    - 1
  - - 1563
    - 1
  - - 1569
    - 1
  - - 1570
    - 1
  - - 1586
    - 1
  - - 1588
    - 2
  - - 1590
    - 1
  - - 1596
    - 1
  - - 1600
    - 1
  - - 1606
    - 2
  - - 1609
    - 1
  - - 1626
    - 1
  - - 1640
    - 1
  - - 1695
    - 1
  - - 1700
    - 1
  - - 1978
    - 1
  latency_50_percentile: 83.0
  latency_95_percentile: 332.0
  latency_99_5_percentile: 712.0
  latency_99_percentile: 599.0
  max_kubedns_cpu: 604
  max_kubedns_memory: 31
  max_latency: 1.97822
  max_perfserver_cpu: 0
  max_perfserver_memory: 0
  min_latency: 0.001436
  msg: null
  ok: true
  qps: 888.95557
  queries_completed: 106806
  queries_lost: 0
  queries_sent: 106806
  run_time: 120.147737
  stddev_latency: 0.115905
params:
  max_qps: null
  pod_name: dns-perf-client-858fb7568b-q92rg
  query_file: all-queries.txt
  run_id: 1777664914
  run_length_seconds: 120
  run_subid: 0
stderr:
- ''
stdout:
- DNS Performance Testing Tool
- Nominum Version 2.1.0.0
- ''
- '[Status] Command line: dnsperf -s 10.0.0.10 -l 120 -d /queries/all-queries.txt'
- '[Status] Sending queries (to 10.0.0.10)'
- '[Status] Started at: Fri May  1 19:49:11 2026'
- '[Status] Stopping after 120.000000 seconds'
- '[Status] Testing complete (time limit)'
- ''
- 'Statistics:'
- ''
- '  Queries sent:         106806'
- '  Queries completed:    106806 (100.00%)'
- '  Queries lost:         0 (0.00%)'
- ''
- '  Response codes:       NOERROR 12816 (12.00%), NXDOMAIN 93990 (88.00%)'
- '  Average packet size:  request 38, response 122'
- '  Run time (s):         120.147737'
- '  Queries per second:   888.955570'
- ''
- '  Average Latency (s):  0.112264 (min 0.001436, max 1.978220)'
- '  Latency StdDev (s):   0.115905'
- ''
- '  Latency histogram'
- '#histogram 0 0'
- '#histogram 1 25'
- '#histogram 2 128'
- '#histogram 3 176'
- '#histogram 4 250'
- '#histogram 5 292'
- '#histogram 6 279'
- '#histogram 7 296'
- '#histogram 8 328'
- '#histogram 9 304'
- '#histogram 10 345'
- '#histogram 11 353'
- '#histogram 12 350'
- '#histogram 13 362'
- '#histogram 14 394'
- '#histogram 15 372'
- '#histogram 16 418'
- '#histogram 17 374'
- '#histogram 18 421'
- '#histogram 19 399'
- '#histogram 20 431'
- '#histogram 21 469'
- '#histogram 22 463'
- '#histogram 23 458'
- '#histogram 24 452'
- '#histogram 25 547'
- '#histogram 26 481'
- '#histogram 27 537'
- '#histogram 28 540'
- '#histogram 29 531'
- '#histogram 30 561'
- '#histogram 31 548'
- '#histogram 32 596'
- '#histogram 33 637'
- '#histogram 34 632'
- '#histogram 35 659'
- '#histogram 36 723'
- '#histogram 37 654'
- '#histogram 38 733'
- '#histogram 39 711'
- '#histogram 40 717'
- '#histogram 41 749'
- '#histogram 42 702'
- '#histogram 43 760'
- '#histogram 44 732'
- '#histogram 45 760'
- '#histogram 46 751'
- '#histogram 47 742'
- '#histogram 48 775'
- '#histogram 49 877'
- '#histogram 50 809'
- '#histogram 51 832'
- '#histogram 52 881'
- '#histogram 53 867'
- '#histogram 54 767'
- '#histogram 55 846'
- '#histogram 56 838'
- '#histogram 57 860'
- '#histogram 58 881'
- '#histogram 59 899'
- '#histogram 60 903'
- '#histogram 61 933'
- '#histogram 62 842'
- '#histogram 63 894'
- '#histogram 64 887'
- '#histogram 65 849'
- '#histogram 66 891'
- '#histogram 67 866'
- '#histogram 68 833'
- '#histogram 69 810'
- '#histogram 70 862'
- '#histogram 71 847'
- '#histogram 72 825'
- '#histogram 73 837'
- '#histogram 74 855'
- '#histogram 75 835'
- '#histogram 76 827'
- '#histogram 77 877'
- '#histogram 78 841'
- '#histogram 79 874'
- '#histogram 80 894'
- '#histogram 81 802'
- '#histogram 82 867'
- '#histogram 83 805'
- '#histogram 84 811'
- '#histogram 85 805'
- '#histogram 86 783'
- '#histogram 87 786'
- '#histogram 88 805'
- '#histogram 89 804'
- '#histogram 90 732'
- '#histogram 91 744'
- '#histogram 92 764'
- '#histogram 93 724'
- '#histogram 94 720'
- '#histogram 95 682'
- '#histogram 96 744'
- '#histogram 97 704'
- '#histogram 98 638'
- '#histogram 99 725'
- '#histogram 100 661'
- '#histogram 101 667'
- '#histogram 102 646'
- '#histogram 103 613'
- '#histogram 104 569'
- '#histogram 105 617'
- '#histogram 106 639'
- '#histogram 107 580'
- '#histogram 108 573'
- '#histogram 109 562'
- '#histogram 110 591'
- '#histogram 111 580'
- '#histogram 112 567'
- '#histogram 113 510'
- '#histogram 114 510'
- '#histogram 115 499'
- '#histogram 116 524'
- '#histogram 117 522'
- '#histogram 118 489'
- '#histogram 119 491'
- '#histogram 120 433'
- '#histogram 121 444'
- '#histogram 122 483'
- '#histogram 123 425'
- '#histogram 124 409'
- '#histogram 125 447'
- '#histogram 126 422'
- '#histogram 127 408'
- '#histogram 128 402'
- '#histogram 129 372'
- '#histogram 130 414'
- '#histogram 131 394'
- '#histogram 132 357'
- '#histogram 133 386'
- '#histogram 134 366'
- '#histogram 135 358'
- '#histogram 136 329'
- '#histogram 137 375'
- '#histogram 138 341'
- '#histogram 139 323'
- '#histogram 140 301'
- '#histogram 141 357'
- '#histogram 142 270'
- '#histogram 143 283'
- '#histogram 144 267'
- '#histogram 145 295'
- '#histogram 146 283'
- '#histogram 147 282'
- '#histogram 148 265'
- '#histogram 149 252'
- '#histogram 150 264'
- '#histogram 151 266'
- '#histogram 152 217'
- '#histogram 153 226'
- '#histogram 154 206'
- '#histogram 155 227'
- '#histogram 156 234'
- '#histogram 157 201'
- '#histogram 158 197'
- '#histogram 159 193'
- '#histogram 160 175'
- '#histogram 161 185'
- '#histogram 162 183'
- '#histogram 163 205'
- '#histogram 164 194'
- '#histogram 165 216'
- '#histogram 166 200'
- '#histogram 167 172'
- '#histogram 168 167'
- '#histogram 169 177'
- '#histogram 170 172'
- '#histogram 171 143'
- '#histogram 172 133'
- '#histogram 173 147'
- '#histogram 174 143'
- '#histogram 175 145'
- '#histogram 176 174'
- '#histogram 177 130'
- '#histogram 178 129'
- '#histogram 179 127'
- '#histogram 180 149'
- '#histogram 181 124'
- '#histogram 182 113'
- '#histogram 183 138'
- '#histogram 184 115'
- '#histogram 185 115'
- '#histogram 186 119'
- '#histogram 187 135'
- '#histogram 188 112'
- '#histogram 189 119'
- '#histogram 190 136'
- '#histogram 191 124'
- '#histogram 192 100'
- '#histogram 193 91'
- '#histogram 194 98'
- '#histogram 195 85'
- '#histogram 196 103'
- '#histogram 197 108'
- '#histogram 198 97'
- '#histogram 199 90'
- '#histogram 200 89'
- '#histogram 201 95'
- '#histogram 202 94'
- '#histogram 203 83'
- '#histogram 204 79'
- '#histogram 205 79'
- '#histogram 206 83'
- '#histogram 207 87'
- '#histogram 208 96'
- '#histogram 209 71'
- '#histogram 210 82'
- '#histogram 211 70'
- '#histogram 212 62'
- '#histogram 213 73'
- '#histogram 214 65'
- '#histogram 215 65'
- '#histogram 216 61'
- '#histogram 217 66'
- '#histogram 218 72'
- '#histogram 219 69'
- '#histogram 220 74'
- '#histogram 221 68'
- '#histogram 222 77'
- '#histogram 223 47'
- '#histogram 224 60'
- '#histogram 225 51'
- '#histogram 226 55'
- '#histogram 227 67'
- '#histogram 228 60'
- '#histogram 229 50'
- '#histogram 230 59'
- '#histogram 231 71'
- '#histogram 232 50'
- '#histogram 233 45'
- '#histogram 234 39'
- '#histogram 235 50'
- '#histogram 236 53'
- '#histogram 237 49'
- '#histogram 238 44'
- '#histogram 239 39'
- '#histogram 240 50'
- '#histogram 241 51'
- '#histogram 242 38'
- '#histogram 243 38'
- '#histogram 244 50'
- '#histogram 245 39'
- '#histogram 246 42'
- '#histogram 247 51'
- '#histogram 248 47'
- '#histogram 249 40'
- '#histogram 250 35'
- '#histogram 251 54'
- '#histogram 252 42'
- '#histogram 253 40'
- '#histogram 254 48'
- '#histogram 255 40'
- '#histogram 256 34'
- '#histogram 257 44'
- '#histogram 258 40'
- '#histogram 259 30'
- '#histogram 260 56'
- '#histogram 261 42'
- '#histogram 262 42'
- '#histogram 263 48'
- '#histogram 264 22'
- '#histogram 265 32'
- '#histogram 266 35'
- '#histogram 267 35'
- '#histogram 268 47'
- '#histogram 269 38'
- '#histogram 270 34'
- '#histogram 271 36'
- '#histogram 272 32'
- '#histogram 273 33'
- '#histogram 274 39'
- '#histogram 275 22'
- '#histogram 276 34'
- '#histogram 277 28'
- '#histogram 278 48'
- '#histogram 279 32'
- '#histogram 280 25'
- '#histogram 281 27'
- '#histogram 282 29'
- '#histogram 283 35'
- '#histogram 284 29'
- '#histogram 285 35'
- '#histogram 286 29'
- '#histogram 287 22'
- '#histogram 288 34'
- '#histogram 289 29'
- '#histogram 290 31'
- '#histogram 291 28'
- '#histogram 292 26'
- '#histogram 293 27'
- '#histogram 294 32'
- '#histogram 295 33'
- '#histogram 296 25'
- '#histogram 297 25'
- '#histogram 298 22'
- '#histogram 299 28'
- '#histogram 300 27'
- '#histogram 301 36'
- '#histogram 302 25'
- '#histogram 303 22'
- '#histogram 304 40'
- '#histogram 305 27'
- '#histogram 306 29'
- '#histogram 307 27'
- '#histogram 308 27'
- '#histogram 309 31'
- '#histogram 310 33'
- '#histogram 311 28'
- '#histogram 312 35'
- '#histogram 313 30'
- '#histogram 314 18'
- '#histogram 315 22'
- '#histogram 316 21'
- '#histogram 317 27'
- '#histogram 318 24'
- '#histogram 319 21'
- '#histogram 320 27'
- '#histogram 321 28'
- '#histogram 322 29'
- '#histogram 323 21'
- '#histogram 324 22'
- '#histogram 325 29'
- '#histogram 326 33'
- '#histogram 327 26'
- '#histogram 328 34'
- '#histogram 329 26'
- '#histogram 330 34'
- '#histogram 331 23'
- '#histogram 332 20'
- '#histogram 333 26'
- '#histogram 334 25'
- '#histogram 335 26'
- '#histogram 336 17'
- '#histogram 337 22'
- '#histogram 338 30'
- '#histogram 339 27'
- '#histogram 340 17'
- '#histogram 341 27'
- '#histogram 342 25'
- '#histogram 343 23'
- '#histogram 344 24'
- '#histogram 345 26'
- '#histogram 346 15'
- '#histogram 347 29'
- '#histogram 348 32'
- '#histogram 349 18'
- '#histogram 350 30'
- '#histogram 351 22'
- '#histogram 352 29'
- '#histogram 353 25'
- '#histogram 354 28'
- '#histogram 355 25'
- '#histogram 356 26'
- '#histogram 357 18'
- '#histogram 358 27'
- '#histogram 359 21'
- '#histogram 360 19'
- '#histogram 361 25'
- '#histogram 362 31'
- '#histogram 363 22'
- '#histogram 364 24'
- '#histogram 365 18'
- '#histogram 366 17'
- '#histogram 367 20'
- '#histogram 368 26'
- '#histogram 369 20'
- '#histogram 370 24'
- '#histogram 371 28'
- '#histogram 372 21'
- '#histogram 373 22'
- '#histogram 374 20'
- '#histogram 375 17'
- '#histogram 376 23'
- '#histogram 377 20'
- '#histogram 378 14'
- '#histogram 379 32'
- '#histogram 380 24'
- '#histogram 381 28'
- '#histogram 382 16'
- '#histogram 383 18'
- '#histogram 384 28'
- '#histogram 385 25'
- '#histogram 386 26'
- '#histogram 387 17'
- '#histogram 388 23'
- '#histogram 389 24'
- '#histogram 390 30'
- '#histogram 391 19'
- '#histogram 392 27'
- '#histogram 393 19'
- '#histogram 394 29'
- '#histogram 395 22'
- '#histogram 396 27'
- '#histogram 397 21'
- '#histogram 398 15'
- '#histogram 399 25'
- '#histogram 400 26'
- '#histogram 401 14'
- '#histogram 402 24'
- '#histogram 403 23'
- '#histogram 404 9'
- '#histogram 405 19'
- '#histogram 406 23'
- '#histogram 407 16'
- '#histogram 408 23'
- '#histogram 409 19'
- '#histogram 410 19'
- '#histogram 411 28'
- '#histogram 412 12'
- '#histogram 413 27'
- '#histogram 414 16'
- '#histogram 415 14'
- '#histogram 416 21'
- '#histogram 417 22'
- '#histogram 418 19'
- '#histogram 419 19'
- '#histogram 420 25'
- '#histogram 421 20'
- '#histogram 422 20'
- '#histogram 423 17'
- '#histogram 424 26'
- '#histogram 425 19'
- '#histogram 426 18'
- '#histogram 427 21'
- '#histogram 428 30'
- '#histogram 429 17'
- '#histogram 430 15'
- '#histogram 431 17'
- '#histogram 432 17'
- '#histogram 433 17'
- '#histogram 434 17'
- '#histogram 435 18'
- '#histogram 436 14'
- '#histogram 437 16'
- '#histogram 438 14'
- '#histogram 439 23'
- '#histogram 440 21'
- '#histogram 441 15'
- '#histogram 442 22'
- '#histogram 443 15'
- '#histogram 444 21'
- '#histogram 445 15'
- '#histogram 446 19'
- '#histogram 447 15'
- '#histogram 448 18'
- '#histogram 449 18'
- '#histogram 450 26'
- '#histogram 451 14'
- '#histogram 452 17'
- '#histogram 453 16'
- '#histogram 454 19'
- '#histogram 455 11'
- '#histogram 456 8'
- '#histogram 457 17'
- '#histogram 458 19'
- '#histogram 459 9'
- '#histogram 460 17'
- '#histogram 461 11'
- '#histogram 462 21'
- '#histogram 463 19'
- '#histogram 464 12'
- '#histogram 465 16'
- '#histogram 466 12'
- '#histogram 467 17'
- '#histogram 468 20'
- '#histogram 469 17'
- '#histogram 470 15'
- '#histogram 471 16'
- '#histogram 472 12'
- '#histogram 473 28'
- '#histogram 474 22'
- '#histogram 475 9'
- '#histogram 476 11'
- '#histogram 477 8'
- '#histogram 478 14'
- '#histogram 479 16'
- '#histogram 480 24'
- '#histogram 481 15'
- '#histogram 482 9'
- '#histogram 483 10'
- '#histogram 484 19'
- '#histogram 485 6'
- '#histogram 486 13'
- '#histogram 487 18'
- '#histogram 488 20'
- '#histogram 489 9'
- '#histogram 490 18'
- '#histogram 491 10'
- '#histogram 492 14'
- '#histogram 493 11'
- '#histogram 494 11'
- '#histogram 495 16'
- '#histogram 496 18'
- '#histogram 497 10'
- '#histogram 498 15'
- '#histogram 499 13'
- '#histogram 500 13'
- '#histogram 501 10'
- '#histogram 502 15'
- '#histogram 503 7'
- '#histogram 504 14'
- '#histogram 505 17'
- '#histogram 506 14'
- '#histogram 507 12'
- '#histogram 508 17'
- '#histogram 509 10'
- '#histogram 510 12'
- '#histogram 511 11'
- '#histogram 512 9'
- '#histogram 513 13'
- '#histogram 514 8'
- '#histogram 515 13'
- '#histogram 516 15'
- '#histogram 517 12'
- '#histogram 518 6'
- '#histogram 519 11'
- '#histogram 520 12'
- '#histogram 521 10'
- '#histogram 522 16'
- '#histogram 523 11'
- '#histogram 524 5'
- '#histogram 525 9'
- '#histogram 526 9'
- '#histogram 527 12'
- '#histogram 528 13'
- '#histogram 529 7'
- '#histogram 530 8'
- '#histogram 531 8'
- '#histogram 532 9'
- '#histogram 533 13'
- '#histogram 534 15'
- '#histogram 535 4'
- '#histogram 536 9'
- '#histogram 537 13'
- '#histogram 538 12'
- '#histogram 539 14'
- '#histogram 540 15'
- '#histogram 541 10'
- '#histogram 542 12'
- '#histogram 543 9'
- '#histogram 544 4'
- '#histogram 545 7'
- '#histogram 546 7'
- '#histogram 547 16'
- '#histogram 548 7'
- '#histogram 549 11'
- '#histogram 550 9'
- '#histogram 551 10'
- '#histogram 552 13'
- '#histogram 553 7'
- '#histogram 554 13'
- '#histogram 555 6'
- '#histogram 556 9'
- '#histogram 557 14'
- '#histogram 558 10'
- '#histogram 559 9'
- '#histogram 560 11'
- '#histogram 561 10'
- '#histogram 562 8'
- '#histogram 563 5'
- '#histogram 564 13'
- '#histogram 565 6'
- '#histogram 566 8'
- '#histogram 567 5'
- '#histogram 568 4'
- '#histogram 569 15'
- '#histogram 570 7'
- '#histogram 571 11'
- '#histogram 572 15'
- '#histogram 573 8'
- '#histogram 574 10'
- '#histogram 575 5'
- '#histogram 576 8'
- '#histogram 577 9'
- '#histogram 578 8'
- '#histogram 579 13'
- '#histogram 580 8'
- '#histogram 581 12'
- '#histogram 582 5'
- '#histogram 583 8'
- '#histogram 584 11'
- '#histogram 585 6'
- '#histogram 586 6'
- '#histogram 587 8'
- '#histogram 588 6'
- '#histogram 589 7'
- '#histogram 590 7'
- '#histogram 591 6'
- '#histogram 592 9'
- '#histogram 593 9'
- '#histogram 594 9'
- '#histogram 595 6'
- '#histogram 596 17'
- '#histogram 597 10'
- '#histogram 598 5'
- '#histogram 599 9'
- '#histogram 600 5'
- '#histogram 601 7'
- '#histogram 602 13'
- '#histogram 603 4'
- '#histogram 604 6'
- '#histogram 605 6'
- '#histogram 606 5'
- '#histogram 607 7'
- '#histogram 608 4'
- '#histogram 609 6'
- '#histogram 610 10'
- '#histogram 611 4'
- '#histogram 612 8'
- '#histogram 613 4'
- '#histogram 614 5'
- '#histogram 615 8'
- '#histogram 616 4'
- '#histogram 617 7'
- '#histogram 618 2'
- '#histogram 619 5'
- '#histogram 620 7'
- '#histogram 621 5'
- '#histogram 622 8'
- '#histogram 623 9'
- '#histogram 624 9'
- '#histogram 625 7'
- '#histogram 626 2'
- '#histogram 627 6'
- '#histogram 628 8'
- '#histogram 629 3'
- '#histogram 630 5'
- '#histogram 631 1'
- '#histogram 632 4'
- '#histogram 633 4'
- '#histogram 634 6'
- '#histogram 635 5'
- '#histogram 636 6'
- '#histogram 637 3'
- '#histogram 638 8'
- '#histogram 639 3'
- '#histogram 640 4'
- '#histogram 641 6'
- '#histogram 642 3'
- '#histogram 643 3'
- '#histogram 644 5'
- '#histogram 645 8'
- '#histogram 646 7'
- '#histogram 647 2'
- '#histogram 648 2'
- '#histogram 649 4'
- '#histogram 650 8'
- '#histogram 651 4'
- '#histogram 652 3'
- '#histogram 653 4'
- '#histogram 654 5'
- '#histogram 655 7'
- '#histogram 656 5'
- '#histogram 657 9'
- '#histogram 658 3'
- '#histogram 659 6'
- '#histogram 660 5'
- '#histogram 661 6'
- '#histogram 662 2'
- '#histogram 663 3'
- '#histogram 664 6'
- '#histogram 665 6'
- '#histogram 667 4'
- '#histogram 668 5'
- '#histogram 669 4'
- '#histogram 670 4'
- '#histogram 671 3'
- '#histogram 672 4'
- '#histogram 674 8'
- '#histogram 675 4'
- '#histogram 676 3'
- '#histogram 677 8'
- '#histogram 678 3'
- '#histogram 679 2'
- '#histogram 680 4'
- '#histogram 681 4'
- '#histogram 682 2'
- '#histogram 684 5'
- '#histogram 685 1'
- '#histogram 686 7'
- '#histogram 687 12'
- '#histogram 688 1'
- '#histogram 689 7'
- '#histogram 690 2'
- '#histogram 691 6'
- '#histogram 692 2'
- '#histogram 693 6'
- '#histogram 694 3'
- '#histogram 695 4'
- '#histogram 696 6'
- '#histogram 697 1'
- '#histogram 698 3'
- '#histogram 699 4'
- '#histogram 700 2'
- '#histogram 701 3'
- '#histogram 702 6'
- '#histogram 703 4'
- '#histogram 704 4'
- '#histogram 705 2'
- '#histogram 706 4'
- '#histogram 707 5'
- '#histogram 708 3'
- '#histogram 709 1'
- '#histogram 710 7'
- '#histogram 711 3'
- '#histogram 712 4'
- '#histogram 713 4'
- '#histogram 714 5'
- '#histogram 715 2'
- '#histogram 717 2'
- '#histogram 718 2'
- '#histogram 719 3'
- '#histogram 720 2'
- '#histogram 722 4'
- '#histogram 723 3'
- '#histogram 724 5'
- '#histogram 725 4'
- '#histogram 726 2'
- '#histogram 727 5'
- '#histogram 728 2'
- '#histogram 729 4'
- '#histogram 730 4'
- '#histogram 731 2'
- '#histogram 732 3'
- '#histogram 734 2'
- '#histogram 735 1'
- '#histogram 736 2'
- '#histogram 737 5'
- '#histogram 738 4'
- '#histogram 739 2'
- '#histogram 740 1'
- '#histogram 741 3'
- '#histogram 743 5'
- '#histogram 744 6'
- '#histogram 745 4'
- '#histogram 746 2'
- '#histogram 747 2'
- '#histogram 748 2'
- '#histogram 749 2'
- '#histogram 750 4'
- '#histogram 751 2'
- '#histogram 752 3'
- '#histogram 753 1'
- '#histogram 754 5'
- '#histogram 755 7'
- '#histogram 756 6'
- '#histogram 757 3'
- '#histogram 758 1'
- '#histogram 760 2'
- '#histogram 761 1'
- '#histogram 762 6'
- '#histogram 763 1'
- '#histogram 764 3'
- '#histogram 765 3'
- '#histogram 766 1'
- '#histogram 767 3'
- '#histogram 768 2'
- '#histogram 769 1'
- '#histogram 771 2'
- '#histogram 772 3'
- '#histogram 773 1'
- '#histogram 774 1'
- '#histogram 775 2'
- '#histogram 776 2'
- '#histogram 778 2'
- '#histogram 779 4'
- '#histogram 780 2'
- '#histogram 781 2'
- '#histogram 782 3'
- '#histogram 783 1'
- '#histogram 784 3'
- '#histogram 785 2'
- '#histogram 786 1'
- '#histogram 787 4'
- '#histogram 788 1'
- '#histogram 789 4'
- '#histogram 790 2'
- '#histogram 791 2'
- '#histogram 792 1'
- '#histogram 793 2'
- '#histogram 796 2'
- '#histogram 797 2'
- '#histogram 798 3'
- '#histogram 799 2'
- '#histogram 800 1'
- '#histogram 801 2'
- '#histogram 802 2'
- '#histogram 803 2'
- '#histogram 804 2'
- '#histogram 805 3'
- '#histogram 807 1'
- '#histogram 808 3'
- '#histogram 809 3'
- '#histogram 810 2'
- '#histogram 811 1'
- '#histogram 812 1'
- '#histogram 814 2'
- '#histogram 815 3'
- '#histogram 816 1'
- '#histogram 818 3'
- '#histogram 819 1'
- '#histogram 820 2'
- '#histogram 822 2'
- '#histogram 823 2'
- '#histogram 824 1'
- '#histogram 825 1'
- '#histogram 826 2'
- '#histogram 828 3'
- '#histogram 830 1'
- '#histogram 831 1'
- '#histogram 833 2'
- '#histogram 834 1'
- '#histogram 835 3'
- '#histogram 836 1'
- '#histogram 838 1'
- '#histogram 839 2'
- '#histogram 840 1'
- '#histogram 841 1'
- '#histogram 842 1'
- '#histogram 843 4'
- '#histogram 844 1'
- '#histogram 846 2'
- '#histogram 848 2'
- '#histogram 849 2'
- '#histogram 850 3'
- '#histogram 851 2'
- '#histogram 852 2'
- '#histogram 853 3'
- '#histogram 854 1'
- '#histogram 855 1'
- '#histogram 859 1'
- '#histogram 860 1'
- '#histogram 862 1'
- '#histogram 863 1'
- '#histogram 865 1'
- '#histogram 869 3'
- '#histogram 870 2'
- '#histogram 871 4'
- '#histogram 872 1'
- '#histogram 875 1'
- '#histogram 876 1'
- '#histogram 877 1'
- '#histogram 878 1'
- '#histogram 882 2'
- '#histogram 883 2'
- '#histogram 887 1'
- '#histogram 888 2'
- '#histogram 889 3'
- '#histogram 890 1'
- '#histogram 892 1'
- '#histogram 893 1'
- '#histogram 896 1'
- '#histogram 897 1'
- '#histogram 898 1'
- '#histogram 899 1'
- '#histogram 900 1'
- '#histogram 901 1'
- '#histogram 903 2'
- '#histogram 904 1'
- '#histogram 905 1'
- '#histogram 907 1'
- '#histogram 908 1'
- '#histogram 909 1'
- '#histogram 911 1'
- '#histogram 914 1'
- '#histogram 916 1'
- '#histogram 917 1'
- '#histogram 919 1'
- '#histogram 920 1'
- '#histogram 921 1'
- '#histogram 925 5'
- '#histogram 927 1'
- '#histogram 928 1'
- '#histogram 929 1'
- '#histogram 931 2'
- '#histogram 932 2'
- '#histogram 933 2'
- '#histogram 936 2'
- '#histogram 937 1'
- '#histogram 938 1'
- '#histogram 939 1'
- '#histogram 940 1'
- '#histogram 943 1'
- '#histogram 946 1'
- '#histogram 947 2'
- '#histogram 949 2'
- '#histogram 950 1'
- '#histogram 952 1'
- '#histogram 955 1'
- '#histogram 962 1'
- '#histogram 964 1'
- '#histogram 966 1'
- '#histogram 967 1'
- '#histogram 972 1'
- '#histogram 979 1'
- '#histogram 980 2'
- '#histogram 987 1'
- '#histogram 990 1'
- '#histogram 991 1'
- '#histogram 995 2'
- '#histogram 997 1'
- '#histogram 1004 2'
- '#histogram 1016 1'
- '#histogram 1018 1'
- '#histogram 1019 1'
- '#histogram 1022 1'
- '#histogram 1034 1'
- '#histogram 1038 1'
- '#histogram 1046 1'
- '#histogram 1047 3'
- '#histogram 1051 1'
- '#histogram 1052 1'
- '#histogram 1060 2'
- '#histogram 1065 1'
- '#histogram 1080 1'
- '#histogram 1086 1'
- '#histogram 1113 1'
- '#histogram 1118 1'
- '#histogram 1124 1'
- '#histogram 1127 1'
- '#histogram 1131 1'
- '#histogram 1137 1'
- '#histogram 1138 1'
- '#histogram 1142 1'
- '#histogram 1143 1'
- '#histogram 1150 1'
- '#histogram 1165 1'
- '#histogram 1166 1'
- '#histogram 1168 2'
- '#histogram 1172 1'
- '#histogram 1173 2'
- '#histogram 1174 1'
- '#histogram 1178 1'
- '#histogram 1180 1'
- '#histogram 1203 1'
- '#histogram 1205 1'
- '#histogram 1215 1'
- '#histogram 1216 2'
- '#histogram 1224 1'
- '#histogram 1225 1'
- '#histogram 1235 1'
- '#histogram 1249 2'
- '#histogram 1260 1'
- '#histogram 1261 1'
- '#histogram 1263 1'
- '#histogram 1271 1'
- '#histogram 1285 1'
- '#histogram 1286 1'
- '#histogram 1291 1'
- '#histogram 1292 2'
- '#histogram 1295 1'
- '#histogram 1307 1'
- '#histogram 1309 1'
- '#histogram 1310 1'
- '#histogram 1313 1'
- '#histogram 1318 1'
- '#histogram 1331 1'
- '#histogram 1334 1'
- '#histogram 1337 1'
- '#histogram 1344 2'
- '#histogram 1348 1'
- '#histogram 1349 1'
- '#histogram 1360 1'
- '#histogram 1362 2'
- '#histogram 1364 1'
- '#histogram 1366 2'
- '#histogram 1369 1'
- '#histogram 1370 1'
- '#histogram 1374 1'
- '#histogram 1375 1'
- '#histogram 1385 2'
- '#histogram 1397 1'
- '#histogram 1402 1'
- '#histogram 1404 1'
- '#histogram 1411 1'
- '#histogram 1413 1'
- '#histogram 1415 1'
- '#histogram 1420 1'
- '#histogram 1436 1'
- '#histogram 1442 1'
- '#histogram 1443 2'
- '#histogram 1446 1'
- '#histogram 1453 1'
- '#histogram 1459 1'
- '#histogram 1463 1'
- '#histogram 1464 1'
- '#histogram 1468 1'
- '#histogram 1470 1'
- '#histogram 1471 1'
- '#histogram 1474 1'
- '#histogram 1478 1'
- '#histogram 1484 1'
- '#histogram 1488 1'
- '#histogram 1491 1'
- '#histogram 1498 1'
- '#histogram 1502 1'
- '#histogram 1508 1'
- '#histogram 1509 1'
- '#histogram 1510 1'
- '#histogram 1515 1'
- '#histogram 1517 1'
- '#histogram 1518 2'
- '#histogram 1524 1'
- '#histogram 1526 1'
- '#histogram 1532 1'
- '#histogram 1540 1'
- '#histogram 1542 1'
- '#histogram 1553 1'
- '#histogram 1555 1'
- '#histogram 1559 1'
- '#histogram 1563 1'
- '#histogram 1569 1'
- '#histogram 1570 1'
- '#histogram 1586 1'
- '#histogram 1588 2'
- '#histogram 1590 1'
- '#histogram 1596 1'
- '#histogram 1600 1'
- '#histogram 1606 2'
- '#histogram 1609 1'
- '#histogram 1626 1'
- '#histogram 1640 1'
- '#histogram 1695 1'
- '#histogram 1700 1'
- '#histogram 1978 1'
- ''
