code: 0
data:
  avg_latency: 0.111548
  histogram:
  - - 0
    - 0
  - - 1
    - 43
  - - 2
    - 169
  - - 3
    - 238
  - - 4
    - 273
  - - 5
    - 270
  - - 6
    - 285
  - - 7
    - 309
  - - 8
    - 346
  - - 9
    - 337
  - - 10
    - 358
  - - 11
    - 350
  - - 12
    - 346
  - - 13
    - 388
  - - 14
    - 364
  - - 15
    - 415
  - - 16
    - 415
  - - 17
    - 411
  - - 18
    - 387
  - - 19
    - 439
  - - 20
    - 440
  - - 21
    - 440
  - - 22
    - 479
  - - 23
    - 491
  - - 24
    - 527
  - - 25
    - 500
  - - 26
    - 534
  - - 27
    - 507
  - - 28
    - 582
  - - 29
    - 567
  - - 30
    - 565
  - - 31
    - 555
  - - 32
    - 616
  - - 33
    - 609
  - - 34
    - 691
  - - 35
    - 662
  - - 36
    - 631
  - - 37
    - 635
  - - 38
    - 687
  - - 39
    - 687
  - - 40
    - 740
  - - 41
    - 752
  - - 42
    - 706
  - - 43
    - 737
  - - 44
    - 806
  - - 45
    - 765
  - - 46
    - 790
  - - 47
    - 727
  - - 48
    - 793
  - - 49
    - 828
  - - 50
    - 787
  - - 51
    - 837
  - - 52
    - 861
  - - 53
    - 878
  - - 54
    - 824
  - - 55
    - 835
  - - 56
    - 855
  - - 57
    - 854
  - - 58
    - 848
  - - 59
    - 886
  - - 60
    - 837
  - - 61
    - 930
  - - 62
    - 910
  - - 63
    - 867
  - - 64
    - 878
  - - 65
    - 859
  - - 66
    - 914
  - - 67
    - 894
  - - 68
    - 946
  - - 69
    - 905
  - - 70
    - 888
  - - 71
    - 855
  - - 72
    - 852
  - - 73
    - 848
  - - 74
    - 880
  - - 75
    - 935
  - - 76
    - 815
  - - 77
    - 791
  - - 78
    - 863
  - - 79
    - 899
  - - 80
    - 871
  - - 81
    - 789
  - - 82
    - 922
  - - 83
    - 814
  - - 84
    - 860
  - - 85
    - 870
  - - 86
    - 781
  - - 87
    - 801
  - - 88
    - 767
  - - 89
    - 731
  - - 90
    - 749
  - - 91
    - 771
  - - 92
    - 746
  - - 93
    - 738
  - - 94
    - 740
  - - 95
    - 730
  - - 96
    - 703
  - - 97
    - 686
  - - 98
    - 654
  - - 99
    - 676
  - - 100
    - 724
  - - 101
    - 670
  - - 102
    - 635
  - - 103
    - 627
  - - 104
    - 617
  - - 105
    - 627
  - - 106
    - 547
  - - 107
    - 578
  - - 108
    - 546
  - - 109
    - 562
  - - 110
    - 568
  - - 111
    - 581
  - - 112
    - 543
  - - 113
    - 545
  - - 114
    - 563
  - - 115
    - 515
  - - 116
    - 537
  - - 117
    - 481
  - - 118
    - 518
  - - 119
    - 442
  - - 120
    - 491
  - - 121
    - 459
  - - 122
    - 426
  - - 123
    - 417
  - - 124
    - 419
  - - 125
    - 410
  - - 126
    - 445
  - - 127
    - 391
  - - 128
    - 376
  - - 129
    - 416
  - - 130
    - 367
  - - 131
    - 390
  - - 132
    - 402
  - - 133
    - 400
  - - 134
    - 341
  - - 135
    - 354
  - - 136
    - 340
  - - 137
    - 295
  - - 138
    - 317
  - - 139
    - 350
  - - 140
    - 301
  - - 141
    - 278
  - - 142
    - 291
  - - 143
    - 269
  - - 144
    - 270
  - - 145
    - 303
  - - 146
    - 268
  - - 147
    - 275
  - - 148
    - 289
  - - 149
    - 232
  - - 150
    - 215
  - - 151
    - 239
  - - 152
    - 252
  - - 153
    - 241
  - - 154
    - 220
  - - 155
    - 216
  - - 156
    - 231
  - - 157
    - 245
  - - 158
    - 190
  - - 159
    - 201
  - - 160
    - 196
  - - 161
    - 206
  - - 162
    - 177
  - - 163
    - 210
  - - 164
    - 164
  - - 165
    - 152
  - - 166
    - 162
  - - 167
    - 199
  - - 168
    - 174
  - - 169
    - 183
  - - 170
    - 159
  - - 171
    - 142
  - - 172
    - 147
  - - 173
    - 149
  - - 174
    - 152
  - - 175
    - 136
  - - 176
    - 171
  - - 177
    - 140
  - - 178
    - 139
  - - 179
    - 139
  - - 180
    - 117
  - - 181
    - 123
  - - 182
    - 144
  - - 183
    - 135
  - - 184
    - 119
  - - 185
    - 138
  - - 186
    - 116
  - - 187
    - 107
  - - 188
    - 113
  - - 189
    - 91
  - - 190
    - 108
  - - 191
    - 117
  - - 192
    - 100
  - - 193
    - 95
  - - 194
    - 104
  - - 195
    - 91
  - - 196
    - 107
  - - 197
    - 96
  - - 198
    - 106
  - - 199
    - 89
  - - 200
    - 80
  - - 201
    - 106
  - - 202
    - 79
  - - 203
    - 88
  - - 204
    - 112
  - - 205
    - 72
  - - 206
    - 109
  - - 207
    - 88
  - - 208
    - 77
  - - 209
    - 68
  - - 210
    - 74
  - - 211
    - 59
  - - 212
    - 80
  - - 213
    - 85
  - - 214
    - 76
  - - 215
    - 70
  - - 216
    - 70
  - - 217
    - 70
  - - 218
    - 71
  - - 219
    - 73
  - - 220
    - 68
  - - 221
    - 61
  - - 222
    - 52
  - - 223
    - 52
  - - 224
    - 61
  - - 225
    - 64
  - - 226
    - 69
  - - 227
    - 62
  - - 228
    - 65
  - - 229
    - 55
  - - 230
    - 58
  - - 231
    - 55
  - - 232
    - 45
  - - 233
    - 40
  - - 234
    - 54
  - - 235
    - 60
  - - 236
    - 46
  - - 237
    - 49
  - - 238
    - 52
  - - 239
    - 47
  - - 240
    - 39
  - - 241
    - 45
  - - 242
    - 44
  - - 243
    - 60
  - - 244
    - 49
  - - 245
    - 59
  - - 246
    - 40
  - - 247
    - 53
  - - 248
    - 46
  - - 249
    - 47
  - - 250
    - 41
  - - 251
    - 40
  - - 252
    - 39
  - - 253
    - 30
  - - 254
    - 39
  - - 255
    - 36
  - - 256
    - 36
  - - 257
    - 35
  - - 258
    - 43
  - - 259
    - 43
  - - 260
    - 43
  - - 261
    - 38
  - - 262
    - 28
  - - 263
    - 40
  - - 264
    - 39
  - - 265
    - 39
  - - 266
    - 37
  - - 267
    - 34
  - - 268
    - 32
  - - 269
    - 37
  - - 270
    - 28
  - - 271
    - 42
  - - 272
    - 35
  - - 273
    - 37
  - - 274
    - 28
  - - 275
    - 24
  - - 276
    - 34
  - - 277
    - 28
  - - 278
    - 32
  - - 279
    - 32
  - - 280
    - 32
  - - 281
    - 35
  - - 282
    - 28
  - - 283
    - 32
  - - 284
    - 31
  - - 285
    - 31
  - - 286
    - 35
  - - 287
    - 32
  - - 288
    - 31
  - - 289
    - 29
  - - 290
    - 32
  - - 291
    - 30
  - - 292
    - 27
  - - 293
    - 28
  - - 294
    - 23
  - - 295
    - 29
  - - 296
    - 34
  - - 297
    - 27
  - - 298
    - 32
  - - 299
    - 30
  - - 300
    - 26
  - - 301
    - 26
  - - 302
    - 25
  - - 303
    - 22
  - - 304
    - 24
  - - 305
    - 31
  - - 306
    - 22
  - - 307
    - 17
  - - 308
    - 29
  - - 309
    - 39
  - - 310
    - 20
  - - 311
    - 32
  - - 312
    - 26
  - - 313
    - 19
  - - 314
    - 34
  - - 315
    - 24
  - - 316
    - 34
  - - 317
    - 36
  - - 318
    - 26
  - - 319
    - 23
  - - 320
    - 30
  - - 321
    - 24
  - - 322
    - 28
  - - 323
    - 28
  - - 324
    - 22
  - - 325
    - 34
  - - 326
    - 28
  - - 327
    - 27
  - - 328
    - 28
  - - 329
    - 26
  - - 330
    - 19
  - - 331
    - 26
  - - 332
    - 22
  - - 333
    - 29
  - - 334
    - 24
  - - 335
    - 24
  - - 336
    - 19
  - - 337
    - 25
  - - 338
    - 25
  - - 339
    - 12
  - - 340
    - 28
  - - 341
    - 29
  - - 342
    - 30
  - - 343
    - 24
  - - 344
    - 24
  - - 345
    - 19
  - - 346
    - 21
  - - 347
    - 26
  - - 348
    - 32
  - - 349
    - 22
  - - 350
    - 14
  - - 351
    - 20
  - - 352
    - 22
  - - 353
    - 21
  - - 354
    - 18
  - - 355
    - 23
  - - 356
    - 24
  - - 357
    - 20
  - - 358
    - 21
  - - 359
    - 20
  - - 360
    - 24
  - - 361
    - 23
  - - 362
    - 27
  - - 363
    - 31
  - - 364
    - 29
  - - 365
    - 26
  - - 366
    - 15
  - - 367
    - 26
  - - 368
    - 22
  - - 369
    - 26
  - - 370
    - 26
  - - 371
    - 30
  - - 372
    - 23
  - - 373
    - 23
  - - 374
    - 23
  - - 375
    - 14
  - - 376
    - 21
  - - 377
    - 20
  - - 378
    - 17
  - - 379
    - 21
  - - 380
    - 22
  - - 381
    - 34
  - - 382
    - 22
  - - 383
    - 21
  - - 384
    - 16
  - - 385
    - 25
  - - 386
    - 27
  - - 387
    - 17
  - - 388
    - 20
  - - 389
    - 23
  - - 390
    - 21
  - - 391
    - 21
  - - 392
    - 18
  - - 393
    - 22
  - - 394
    - 25
  - - 395
    - 24
  - - 396
    - 20
  - - 397
    - 18
  - - 398
    - 18
  - - 399
    - 24
  - - 400
    - 15
  - - 401
    - 20
  - - 402
    - 28
  - - 403
    - 13
  - - 404
    - 27
  - - 405
    - 18
  - - 406
    - 19
  - - 407
    - 20
  - - 408
    - 21
  - - 409
    - 21
  - - 410
    - 16
  - - 411
    - 30
  - - 412
    - 20
  - - 413
    - 22
  - - 414
    - 20
  - - 415
    - 20
  - - 416
    - 19
  - - 417
    - 24
  - - 418
    - 26
  - - 419
    - 23
  - - 420
    - 14
  - - 421
    - 17
  - - 422
    - 17
  - - 423
    - 25
  - - 424
    - 24
  - - 425
    - 21
  - - 426
    - 16
  - - 427
    - 19
  - - 428
    - 19
  - - 429
    - 18
  - - 430
    - 18
  - - 431
    - 16
  - - 432
    - 20
  - - 433
    - 21
  - - 434
    - 15
  - - 435
    - 13
  - - 436
    - 20
  - - 437
    - 19
  - - 438
    - 25
  - - 439
    - 20
  - - 440
    - 15
  - - 441
    - 16
  - - 442
    - 15
  - - 443
    - 15
  - - 444
    - 13
  - - 445
    - 19
  - - 446
    - 19
  - - 447
    - 23
  - - 448
    - 9
  - - 449
    - 16
  - - 450
    - 13
  - - 451
    - 12
  - - 452
    - 18
  - - 453
    - 11
  - - 454
    - 19
  - - 455
    - 23
  - - 456
    - 14
  - - 457
    - 17
  - - 458
    - 19
  - - 459
    - 19
  - - 460
    - 12
  - - 461
    - 16
  - - 462
    - 22
  - - 463
    - 19
  - - 464
    - 17
  - - 465
    - 15
  - - 466
    - 17
  - - 467
    - 19
  - - 468
    - 11
  - - 469
    - 13
  - - 470
    - 19
  - - 471
    - 17
  - - 472
    - 18
  - - 473
    - 14
  - - 474
    - 8
  - - 475
    - 24
  - - 476
    - 9
  - - 477
    - 13
  - - 478
    - 13
  - - 479
    - 15
  - - 480
    - 13
  - - 481
    - 10
  - - 482
    - 17
  - - 483
    - 15
  - - 484
    - 12
  - - 485
    - 17
  - - 486
    - 14
  - - 487
    - 10
  - - 488
    - 13
  - - 489
    - 10
  - - 490
    - 15
  - - 491
    - 17
  - - 492
    - 21
  - - 493
    - 19
  - - 494
    - 17
  - - 495
    - 16
  - - 496
    - 13
  - - 497
    - 20
  - - 498
    - 9
  - - 499
    - 6
  - - 500
    - 13
  - - 501
    - 17
  - - 502
    - 8
  - - 503
    - 15
  - - 504
    - 9
  - - 505
    - 13
  - - 506
    - 6
  - - 507
    - 12
  - - 508
    - 11
  - - 509
    - 13
  - - 510
    - 14
  - - 511
    - 18
  - - 512
    - 17
  - - 513
    - 9
  - - 514
    - 11
  - - 515
    - 12
  - - 516
    - 7
  - - 517
    - 15
  - - 518
    - 15
  - - 519
    - 11
  - - 520
    - 13
  - - 521
    - 15
  - - 522
    - 13
  - - 523
    - 11
  - - 524
    - 14
  - - 525
    - 10
  - - 526
    - 9
  - - 527
    - 12
  - - 528
    - 17
  - - 529
    - 10
  - - 530
    - 18
  - - 531
    - 11
  - - 532
    - 21
  - - 533
    - 9
  - - 534
    - 5
  - - 535
    - 7
  - - 536
    - 15
  - - 537
    - 10
  - - 538
    - 8
  - - 539
    - 16
  - - 540
    - 16
  - - 541
    - 7
  - - 542
    - 11
  - - 543
    - 9
  - - 544
    - 7
  - - 545
    - 9
  - - 546
    - 14
  - - 547
    - 10
  - - 548
    - 9
  - - 549
    - 9
  - - 550
    - 9
  - - 551
    - 16
  - - 552
    - 11
  - - 553
    - 11
  - - 554
    - 9
  - - 555
    - 10
  - - 556
    - 11
  - - 557
    - 9
  - - 558
    - 5
  - - 559
    - 7
  - - 560
    - 10
  - - 561
    - 6
  - - 562
    - 13
  - - 563
    - 9
  - - 564
    - 8
  - - 565
    - 7
  - - 566
    - 7
  - - 567
    - 4
  - - 568
    - 7
  - - 569
    - 7
  - - 570
    - 4
  - - 571
    - 5
  - - 572
    - 6
  - - 573
    - 10
  - - 574
    - 8
  - - 575
    - 6
  - - 576
    - 8
  - - 577
    - 12
  - - 578
    - 11
  - - 579
    - 5
  - - 580
    - 9
  - - 581
    - 10
  - - 582
    - 9
  - - 583
    - 10
  - - 584
    - 7
  - - 585
    - 9
  - - 586
    - 5
  - - 587
    - 11
  - - 588
    - 10
  - - 589
    - 6
  - - 590
    - 7
  - - 591
    - 9
  - - 592
    - 4
  - - 593
    - 8
  - - 594
    - 6
  - - 595
    - 6
  - - 596
    - 8
  - - 597
    - 4
  - - 598
    - 9
  - - 599
    - 6
  - - 600
    - 1
  - - 601
    - 5
  - - 602
    - 9
  - - 603
    - 8
  - - 604
    - 3
  - - 605
    - 4
  - - 606
    - 6
  - - 607
    - 7
  - - 608
    - 5
  - - 609
    - 8
  - - 610
    - 5
  - - 611
    - 8
  - - 612
    - 4
  - - 613
    - 10
  - - 614
    - 7
  - - 615
    - 5
  - - 616
    - 8
  - - 617
    - 4
  - - 618
    - 7
  - - 619
    - 12
  - - 620
    - 7
  - - 621
    - 5
  - - 622
    - 8
  - - 623
    - 6
  - - 624
    - 6
  - - 625
    - 4
  - - 626
    - 4
  - - 627
    - 3
  - - 628
    - 9
  - - 629
    - 3
  - - 630
    - 6
  - - 631
    - 9
  - - 632
    - 4
  - - 633
    - 6
  - - 634
    - 6
  - - 635
    - 4
  - - 636
    - 5
  - - 637
    - 5
  - - 638
    - 8
  - - 639
    - 4
  - - 640
    - 6
  - - 641
    - 6
  - - 642
    - 2
  - - 643
    - 4
  - - 644
    - 7
  - - 645
    - 7
  - - 646
    - 5
  - - 647
    - 1
  - - 648
    - 5
  - - 649
    - 4
  - - 650
    - 4
  - - 651
    - 4
  - - 652
    - 7
  - - 653
    - 5
  - - 654
    - 5
  - - 655
    - 2
  - - 656
    - 5
  - - 657
    - 4
  - - 658
    - 2
  - - 659
    - 4
  - - 660
    - 9
  - - 661
    - 6
  - - 662
    - 7
  - - 663
    - 4
  - - 664
    - 5
  - - 665
    - 2
  - - 666
    - 3
  - - 667
    - 2
  - - 668
    - 4
  - - 669
    - 4
  - - 670
    - 6
  - - 671
    - 5
  - - 672
    - 5
  - - 673
    - 11
  - - 674
    - 4
  - - 675
    - 3
  - - 676
    - 2
  - - 677
    - 4
  - - 678
    - 7
  - - 679
    - 3
  - - 680
    - 6
  - - 681
    - 1
  - - 682
    - 6
  - - 683
    - 2
  - - 684
    - 3
  - - 685
    - 4
  - - 686
    - 4
  - - 687
    - 3
  - - 688
    - 8
  - - 689
    - 8
  - - 690
    - 5
  - - 691
    - 1
  - - 692
    - 7
  - - 693
    - 5
  - - 694
    - 4
  - - 695
    - 2
  - - 696
    - 7
  - - 697
    - 2
  - - 698
    - 3
  - - 699
    - 2
  - - 700
    - 2
  - - 701
    - 5
  - - 702
    - 3
  - - 703
    - 5
  - - 705
    - 5
  - - 706
    - 1
  - - 707
    - 6
  - - 708
    - 1
  - - 709
    - 3
  - - 710
    - 1
  - - 711
    - 3
  - - 712
    - 4
  - - 713
    - 4
  - - 714
    - 2
  - - 715
    - 4
  - - 716
    - 5
  - - 717
    - 4
  - - 718
    - 6
  - - 719
    - 1
  - - 720
    - 2
  - - 721
    - 3
  - - 722
    - 4
  - - 723
    - 1
  - - 724
    - 2
  - - 725
    - 5
  - - 726
    - 4
  - - 727
    - 6
  - - 728
    - 5
  - - 729
    - 4
  - - 730
    - 7
  - - 731
    - 4
  - - 732
    - 5
  - - 733
    - 4
  - - 734
    - 3
  - - 735
    - 3
  - - 736
    - 4
  - - 737
    - 3
  - - 738
    - 3
  - - 739
    - 1
  - - 741
    - 2
  - - 742
    - 1
  - - 743
    - 3
  - - 744
    - 2
  - - 745
    - 1
  - - 746
    - 3
  - - 747
    - 4
  - - 748
    - 3
  - - 749
    - 1
  - - 750
    - 2
  - - 751
    - 1
  - - 752
    - 3
  - - 753
    - 2
  - - 754
    - 4
  - - 755
    - 4
  - - 757
    - 2
  - - 758
    - 6
  - - 759
    - 2
  - - 760
    - 1
  - - 761
    - 1
  - - 762
    - 1
  - - 763
    - 3
  - - 764
    - 2
  - - 765
    - 2
  - - 767
    - 2
  - - 768
    - 3
  - - 769
    - 3
  - - 770
    - 5
  - - 772
    - 2
  - - 774
    - 2
  - - 775
    - 3
  - - 776
    - 3
  - - 777
    - 1
  - - 778
    - 2
  - - 779
    - 3
  - - 780
    - 2
  - - 781
    - 1
  - - 782
    - 1
  - - 783
    - 2
  - - 784
    - 1
  - - 785
    - 2
  - - 786
    - 2
  - - 788
    - 2
  - - 789
    - 3
  - - 790
    - 2
  - - 791
    - 4
  - - 792
    - 6
  - - 793
    - 1
  - - 794
    - 4
  - - 795
    - 2
  - - 796
    - 2
  - - 797
    - 3
  - - 798
    - 1
  - - 803
    - 2
  - - 804
    - 2
  - - 805
    - 1
  - - 807
    - 3
  - - 809
    - 1
  - - 810
    - 1
  - - 811
    - 1
  - - 813
    - 1
  - - 814
    - 3
  - - 816
    - 1
  - - 817
    - 3
  - - 818
    - 4
  - - 820
    - 2
  - - 822
    - 2
  - - 823
    - 2
  - - 826
    - 4
  - - 827
    - 2
  - - 829
    - 2
  - - 830
    - 2
  - - 831
    - 1
  - - 832
    - 1
  - - 833
    - 2
  - - 834
    - 1
  - - 835
    - 1
  - - 838
    - 3
  - - 840
    - 2
  - - 841
    - 1
  - - 842
    - 1
  - - 845
    - 1
  - - 846
    - 1
  - - 847
    - 2
  - - 848
    - 3
  - - 849
    - 2
  - - 850
    - 2
  - - 855
    - 2
  - - 856
    - 2
  - - 858
    - 3
  - - 859
    - 1
  - - 860
    - 1
  - - 861
    - 1
  - - 863
    - 1
  - - 864
    - 1
  - - 865
    - 2
  - - 866
    - 3
  - - 867
    - 1
  - - 868
    - 1
  - - 870
    - 1
  - - 871
    - 3
  - - 872
    - 1
  - - 873
    - 1
  - - 874
    - 1
  - - 875
    - 2
  - - 876
    - 2
  - - 878
    - 2
  - - 880
    - 1
  - - 883
    - 1
  - - 887
    - 2
  - - 889
    - 2
  - - 890
    - 1
  - - 891
    - 1
  - - 894
    - 1
  - - 898
    - 1
  - - 899
    - 1
  - - 902
    - 1
  - - 904
    - 2
  - - 906
    - 1
  - - 907
    - 1
  - - 908
    - 1
  - - 909
    - 1
  - - 910
    - 1
  - - 911
    - 1
  - - 912
    - 1
  - - 915
    - 1
  - - 918
    - 1
  - - 919
    - 1
  - - 920
    - 2
  - - 924
    - 2
  - - 925
    - 3
  - - 926
    - 1
  - - 927
    - 1
  - - 930
    - 1
  - - 932
    - 2
  - - 934
    - 3
  - - 939
    - 1
  - - 941
    - 1
  - - 943
    - 1
  - - 945
    - 1
  - - 947
    - 1
  - - 948
    - 2
  - - 949
    - 1
  - - 950
    - 1
  - - 954
    - 1
  - - 957
    - 3
  - - 960
    - 2
  - - 962
    - 2
  - - 966
    - 1
  - - 969
    - 1
  - - 970
    - 1
  - - 972
    - 1
  - - 976
    - 1
  - - 986
    - 1
  - - 989
    - 1
  - - 991
    - 1
  - - 992
    - 1
  - - 994
    - 1
  - - 995
    - 1
  - - 998
    - 1
  - - 1000
    - 1
  - - 1001
    - 1
  - - 1004
    - 1
  - - 1009
    - 1
  - - 1015
    - 2
  - - 1018
    - 1
  - - 1022
    - 1
  - - 1026
    - 1
  - - 1043
    - 1
  - - 1044
    - 1
  - - 1046
    - 1
  - - 1079
    - 1
  - - 1088
    - 2
  - - 1096
    - 1
  - - 1101
    - 1
  - - 1104
    - 1
  - - 1106
    - 1
  - - 1113
    - 2
  - - 1116
    - 1
  - - 1121
    - 1
  - - 1124
    - 1
  - - 1126
    - 1
  - - 1130
    - 1
  - - 1134
    - 2
  - - 1140
    - 1
  - - 1143
    - 1
  - - 1146
    - 1
  - - 1156
    - 1
  - - 1158
    - 1
  - - 1159
    - 1
  - - 1167
    - 1
  - - 1172
    - 1
  - - 1175
    - 1
  - - 1177
    - 1
  - - 1187
    - 2
  - - 1192
    - 1
  - - 1200
    - 1
  - - 1210
    - 1
  - - 1212
    - 1
  - - 1213
    - 1
  - - 1216
    - 1
  - - 1227
    - 1
  - - 1237
    - 1
  - - 1238
    - 1
  - - 1247
    - 2
  - - 1251
    - 1
  - - 1255
    - 1
  - - 1272
    - 1
  - - 1275
    - 1
  - - 1281
    - 1
  - - 1286
    - 1
  - - 1291
    - 2
  - - 1294
    - 1
  - - 1301
    - 1
  - - 1303
    - 1
  - - 1304
    - 1
  - - 1306
    - 1
  - - 1308
    - 1
  - - 1311
    - 1
  - - 1323
    - 1
  - - 1324
    - 1
  - - 1326
    - 1
  - - 1329
    - 1
  - - 1333
    - 2
  - - 1334
    - 2
  - - 1337
    - 1
  - - 1343
    - 1
  - - 1348
    - 1
  - - 1350
    - 1
  - - 1353
    - 1
  - - 1354
    - 1
  - - 1355
    - 1
  - - 1362
    - 1
  - - 1367
    - 1
  - - 1370
    - 1
  - - 1373
    - 1
  - - 1378
    - 2
  - - 1379
    - 1
  - - 1393
    - 1
  - - 1394
    - 1
  - - 1400
    - 1
  - - 1403
    - 1
  - - 1415
    - 1
  - - 1420
    - 1
  - - 1425
    - 1
  - - 1433
    - 1
  - - 1435
    - 1
  - - 1437
    - 1
  - - 1438
    - 1
  - - 1442
    - 2
  - - 1450
    - 1
  - - 1452
    - 1
  - - 1455
    - 2
  - - 1464
    - 1
  - - 1467
    - 2
  - - 1480
    - 2
  - - 1482
    - 1
  - - 1484
    - 1
  - - 1498
    - 1
  - - 1508
    - 1
  - - 1509
    - 1
  - - 1514
    - 1
  - - 1515
    - 1
  - - 1516
    - 1
  - - 1526
    - 1
  - - 1533
    - 1
  - - 1539
    - 1
  - - 1540
    - 1
  - - 1550
    - 1
  - - 1551
    - 1
  - - 1552
    - 1
  - - 1560
    - 1
  - - 1570
    - 1
  - - 1581
    - 1
  - - 1588
    - 1
  - - 1589
    - 1
  - - 1592
    - 1
  - - 1596
    - 1
  - - 1624
    - 1
  - - 1659
    - 1
  - - 1810
    - 1
  latency_50_percentile: 82.0
  latency_95_percentile: 329.0
  latency_99_5_percentile: 707.0
  latency_99_percentile: 598.0
  max_kubedns_cpu: 604
  max_kubedns_memory: 31
  max_latency: 1.8105
  max_perfserver_cpu: 0
  max_perfserver_memory: 0
  min_latency: 0.001295
  msg: null
  ok: true
  qps: 894.651419
  queries_completed: 107454
  queries_lost: 0
  queries_sent: 107454
  run_time: 120.107114
  stddev_latency: 0.114866
params:
  max_qps: null
  pod_name: dns-perf-client-858fb7568b-qlpb2
  query_file: all-queries.txt
  run_id: 1777664914
  run_length_seconds: 120
  run_subid: 0
stderr:
- ''
stdout:
- DNS Performance Testing Tool
- Nominum Version 2.1.0.0
- ''
- '[Status] Command line: dnsperf -s 10.0.0.10 -l 120 -d /queries/all-queries.txt'
- '[Status] Sending queries (to 10.0.0.10)'
- '[Status] Started at: Fri May  1 19:49:11 2026'
- '[Status] Stopping after 120.000000 seconds'
- '[Status] Testing complete (time limit)'
- ''
- 'Statistics:'
- ''
- '  Queries sent:         107454'
- '  Queries completed:    107454 (100.00%)'
- '  Queries lost:         0 (0.00%)'
- ''
- '  Response codes:       NOERROR 12894 (12.00%), NXDOMAIN 94560 (88.00%)'
- '  Average packet size:  request 38, response 122'
- '  Run time (s):         120.107114'
- '  Queries per second:   894.651419'
- ''
- '  Average Latency (s):  0.111548 (min 0.001295, max 1.810500)'
- '  Latency StdDev (s):   0.114866'
- ''
- '  Latency histogram'
- '#histogram 0 0'
- '#histogram 1 43'
- '#histogram 2 169'
- '#histogram 3 238'
- '#histogram 4 273'
- '#histogram 5 270'
- '#histogram 6 285'
- '#histogram 7 309'
- '#histogram 8 346'
- '#histogram 9 337'
- '#histogram 10 358'
- '#histogram 11 350'
- '#histogram 12 346'
- '#histogram 13 388'
- '#histogram 14 364'
- '#histogram 15 415'
- '#histogram 16 415'
- '#histogram 17 411'
- '#histogram 18 387'
- '#histogram 19 439'
- '#histogram 20 440'
- '#histogram 21 440'
- '#histogram 22 479'
- '#histogram 23 491'
- '#histogram 24 527'
- '#histogram 25 500'
- '#histogram 26 534'
- '#histogram 27 507'
- '#histogram 28 582'
- '#histogram 29 567'
- '#histogram 30 565'
- '#histogram 31 555'
- '#histogram 32 616'
- '#histogram 33 609'
- '#histogram 34 691'
- '#histogram 35 662'
- '#histogram 36 631'
- '#histogram 37 635'
- '#histogram 38 687'
- '#histogram 39 687'
- '#histogram 40 740'
- '#histogram 41 752'
- '#histogram 42 706'
- '#histogram 43 737'
- '#histogram 44 806'
- '#histogram 45 765'
- '#histogram 46 790'
- '#histogram 47 727'
- '#histogram 48 793'
- '#histogram 49 828'
- '#histogram 50 787'
- '#histogram 51 837'
- '#histogram 52 861'
- '#histogram 53 878'
- '#histogram 54 824'
- '#histogram 55 835'
- '#histogram 56 855'
- '#histogram 57 854'
- '#histogram 58 848'
- '#histogram 59 886'
- '#histogram 60 837'
- '#histogram 61 930'
- '#histogram 62 910'
- '#histogram 63 867'
- '#histogram 64 878'
- '#histogram 65 859'
- '#histogram 66 914'
- '#histogram 67 894'
- '#histogram 68 946'
- '#histogram 69 905'
- '#histogram 70 888'
- '#histogram 71 855'
- '#histogram 72 852'
- '#histogram 73 848'
- '#histogram 74 880'
- '#histogram 75 935'
- '#histogram 76 815'
- '#histogram 77 791'
- '#histogram 78 863'
- '#histogram 79 899'
- '#histogram 80 871'
- '#histogram 81 789'
- '#histogram 82 922'
- '#histogram 83 814'
- '#histogram 84 860'
- '#histogram 85 870'
- '#histogram 86 781'
- '#histogram 87 801'
- '#histogram 88 767'
- '#histogram 89 731'
- '#histogram 90 749'
- '#histogram 91 771'
- '#histogram 92 746'
- '#histogram 93 738'
- '#histogram 94 740'
- '#histogram 95 730'
- '#histogram 96 703'
- '#histogram 97 686'
- '#histogram 98 654'
- '#histogram 99 676'
- '#histogram 100 724'
- '#histogram 101 670'
- '#histogram 102 635'
- '#histogram 103 627'
- '#histogram 104 617'
- '#histogram 105 627'
- '#histogram 106 547'
- '#histogram 107 578'
- '#histogram 108 546'
- '#histogram 109 562'
- '#histogram 110 568'
- '#histogram 111 581'
- '#histogram 112 543'
- '#histogram 113 545'
- '#histogram 114 563'
- '#histogram 115 515'
- '#histogram 116 537'
- '#histogram 117 481'
- '#histogram 118 518'
- '#histogram 119 442'
- '#histogram 120 491'
- '#histogram 121 459'
- '#histogram 122 426'
- '#histogram 123 417'
- '#histogram 124 419'
- '#histogram 125 410'
- '#histogram 126 445'
- '#histogram 127 391'
- '#histogram 128 376'
- '#histogram 129 416'
- '#histogram 130 367'
- '#histogram 131 390'
- '#histogram 132 402'
- '#histogram 133 400'
- '#histogram 134 341'
- '#histogram 135 354'
- '#histogram 136 340'
- '#histogram 137 295'
- '#histogram 138 317'
- '#histogram 139 350'
- '#histogram 140 301'
- '#histogram 141 278'
- '#histogram 142 291'
- '#histogram 143 269'
- '#histogram 144 270'
- '#histogram 145 303'
- '#histogram 146 268'
- '#histogram 147 275'
- '#histogram 148 289'
- '#histogram 149 232'
- '#histogram 150 215'
- '#histogram 151 239'
- '#histogram 152 252'
- '#histogram 153 241'
- '#histogram 154 220'
- '#histogram 155 216'
- '#histogram 156 231'
- '#histogram 157 245'
- '#histogram 158 190'
- '#histogram 159 201'
- '#histogram 160 196'
- '#histogram 161 206'
- '#histogram 162 177'
- '#histogram 163 210'
- '#histogram 164 164'
- '#histogram 165 152'
- '#histogram 166 162'
- '#histogram 167 199'
- '#histogram 168 174'
- '#histogram 169 183'
- '#histogram 170 159'
- '#histogram 171 142'
- '#histogram 172 147'
- '#histogram 173 149'
- '#histogram 174 152'
- '#histogram 175 136'
- '#histogram 176 171'
- '#histogram 177 140'
- '#histogram 178 139'
- '#histogram 179 139'
- '#histogram 180 117'
- '#histogram 181 123'
- '#histogram 182 144'
- '#histogram 183 135'
- '#histogram 184 119'
- '#histogram 185 138'
- '#histogram 186 116'
- '#histogram 187 107'
- '#histogram 188 113'
- '#histogram 189 91'
- '#histogram 190 108'
- '#histogram 191 117'
- '#histogram 192 100'
- '#histogram 193 95'
- '#histogram 194 104'
- '#histogram 195 91'
- '#histogram 196 107'
- '#histogram 197 96'
- '#histogram 198 106'
- '#histogram 199 89'
- '#histogram 200 80'
- '#histogram 201 106'
- '#histogram 202 79'
- '#histogram 203 88'
- '#histogram 204 112'
- '#histogram 205 72'
- '#histogram 206 109'
- '#histogram 207 88'
- '#histogram 208 77'
- '#histogram 209 68'
- '#histogram 210 74'
- '#histogram 211 59'
- '#histogram 212 80'
- '#histogram 213 85'
- '#histogram 214 76'
- '#histogram 215 70'
- '#histogram 216 70'
- '#histogram 217 70'
- '#histogram 218 71'
- '#histogram 219 73'
- '#histogram 220 68'
- '#histogram 221 61'
- '#histogram 222 52'
- '#histogram 223 52'
- '#histogram 224 61'
- '#histogram 225 64'
- '#histogram 226 69'
- '#histogram 227 62'
- '#histogram 228 65'
- '#histogram 229 55'
- '#histogram 230 58'
- '#histogram 231 55'
- '#histogram 232 45'
- '#histogram 233 40'
- '#histogram 234 54'
- '#histogram 235 60'
- '#histogram 236 46'
- '#histogram 237 49'
- '#histogram 238 52'
- '#histogram 239 47'
- '#histogram 240 39'
- '#histogram 241 45'
- '#histogram 242 44'
- '#histogram 243 60'
- '#histogram 244 49'
- '#histogram 245 59'
- '#histogram 246 40'
- '#histogram 247 53'
- '#histogram 248 46'
- '#histogram 249 47'
- '#histogram 250 41'
- '#histogram 251 40'
- '#histogram 252 39'
- '#histogram 253 30'
- '#histogram 254 39'
- '#histogram 255 36'
- '#histogram 256 36'
- '#histogram 257 35'
- '#histogram 258 43'
- '#histogram 259 43'
- '#histogram 260 43'
- '#histogram 261 38'
- '#histogram 262 28'
- '#histogram 263 40'
- '#histogram 264 39'
- '#histogram 265 39'
- '#histogram 266 37'
- '#histogram 267 34'
- '#histogram 268 32'
- '#histogram 269 37'
- '#histogram 270 28'
- '#histogram 271 42'
- '#histogram 272 35'
- '#histogram 273 37'
- '#histogram 274 28'
- '#histogram 275 24'
- '#histogram 276 34'
- '#histogram 277 28'
- '#histogram 278 32'
- '#histogram 279 32'
- '#histogram 280 32'
- '#histogram 281 35'
- '#histogram 282 28'
- '#histogram 283 32'
- '#histogram 284 31'
- '#histogram 285 31'
- '#histogram 286 35'
- '#histogram 287 32'
- '#histogram 288 31'
- '#histogram 289 29'
- '#histogram 290 32'
- '#histogram 291 30'
- '#histogram 292 27'
- '#histogram 293 28'
- '#histogram 294 23'
- '#histogram 295 29'
- '#histogram 296 34'
- '#histogram 297 27'
- '#histogram 298 32'
- '#histogram 299 30'
- '#histogram 300 26'
- '#histogram 301 26'
- '#histogram 302 25'
- '#histogram 303 22'
- '#histogram 304 24'
- '#histogram 305 31'
- '#histogram 306 22'
- '#histogram 307 17'
- '#histogram 308 29'
- '#histogram 309 39'
- '#histogram 310 20'
- '#histogram 311 32'
- '#histogram 312 26'
- '#histogram 313 19'
- '#histogram 314 34'
- '#histogram 315 24'
- '#histogram 316 34'
- '#histogram 317 36'
- '#histogram 318 26'
- '#histogram 319 23'
- '#histogram 320 30'
- '#histogram 321 24'
- '#histogram 322 28'
- '#histogram 323 28'
- '#histogram 324 22'
- '#histogram 325 34'
- '#histogram 326 28'
- '#histogram 327 27'
- '#histogram 328 28'
- '#histogram 329 26'
- '#histogram 330 19'
- '#histogram 331 26'
- '#histogram 332 22'
- '#histogram 333 29'
- '#histogram 334 24'
- '#histogram 335 24'
- '#histogram 336 19'
- '#histogram 337 25'
- '#histogram 338 25'
- '#histogram 339 12'
- '#histogram 340 28'
- '#histogram 341 29'
- '#histogram 342 30'
- '#histogram 343 24'
- '#histogram 344 24'
- '#histogram 345 19'
- '#histogram 346 21'
- '#histogram 347 26'
- '#histogram 348 32'
- '#histogram 349 22'
- '#histogram 350 14'
- '#histogram 351 20'
- '#histogram 352 22'
- '#histogram 353 21'
- '#histogram 354 18'
- '#histogram 355 23'
- '#histogram 356 24'
- '#histogram 357 20'
- '#histogram 358 21'
- '#histogram 359 20'
- '#histogram 360 24'
- '#histogram 361 23'
- '#histogram 362 27'
- '#histogram 363 31'
- '#histogram 364 29'
- '#histogram 365 26'
- '#histogram 366 15'
- '#histogram 367 26'
- '#histogram 368 22'
- '#histogram 369 26'
- '#histogram 370 26'
- '#histogram 371 30'
- '#histogram 372 23'
- '#histogram 373 23'
- '#histogram 374 23'
- '#histogram 375 14'
- '#histogram 376 21'
- '#histogram 377 20'
- '#histogram 378 17'
- '#histogram 379 21'
- '#histogram 380 22'
- '#histogram 381 34'
- '#histogram 382 22'
- '#histogram 383 21'
- '#histogram 384 16'
- '#histogram 385 25'
- '#histogram 386 27'
- '#histogram 387 17'
- '#histogram 388 20'
- '#histogram 389 23'
- '#histogram 390 21'
- '#histogram 391 21'
- '#histogram 392 18'
- '#histogram 393 22'
- '#histogram 394 25'
- '#histogram 395 24'
- '#histogram 396 20'
- '#histogram 397 18'
- '#histogram 398 18'
- '#histogram 399 24'
- '#histogram 400 15'
- '#histogram 401 20'
- '#histogram 402 28'
- '#histogram 403 13'
- '#histogram 404 27'
- '#histogram 405 18'
- '#histogram 406 19'
- '#histogram 407 20'
- '#histogram 408 21'
- '#histogram 409 21'
- '#histogram 410 16'
- '#histogram 411 30'
- '#histogram 412 20'
- '#histogram 413 22'
- '#histogram 414 20'
- '#histogram 415 20'
- '#histogram 416 19'
- '#histogram 417 24'
- '#histogram 418 26'
- '#histogram 419 23'
- '#histogram 420 14'
- '#histogram 421 17'
- '#histogram 422 17'
- '#histogram 423 25'
- '#histogram 424 24'
- '#histogram 425 21'
- '#histogram 426 16'
- '#histogram 427 19'
- '#histogram 428 19'
- '#histogram 429 18'
- '#histogram 430 18'
- '#histogram 431 16'
- '#histogram 432 20'
- '#histogram 433 21'
- '#histogram 434 15'
- '#histogram 435 13'
- '#histogram 436 20'
- '#histogram 437 19'
- '#histogram 438 25'
- '#histogram 439 20'
- '#histogram 440 15'
- '#histogram 441 16'
- '#histogram 442 15'
- '#histogram 443 15'
- '#histogram 444 13'
- '#histogram 445 19'
- '#histogram 446 19'
- '#histogram 447 23'
- '#histogram 448 9'
- '#histogram 449 16'
- '#histogram 450 13'
- '#histogram 451 12'
- '#histogram 452 18'
- '#histogram 453 11'
- '#histogram 454 19'
- '#histogram 455 23'
- '#histogram 456 14'
- '#histogram 457 17'
- '#histogram 458 19'
- '#histogram 459 19'
- '#histogram 460 12'
- '#histogram 461 16'
- '#histogram 462 22'
- '#histogram 463 19'
- '#histogram 464 17'
- '#histogram 465 15'
- '#histogram 466 17'
- '#histogram 467 19'
- '#histogram 468 11'
- '#histogram 469 13'
- '#histogram 470 19'
- '#histogram 471 17'
- '#histogram 472 18'
- '#histogram 473 14'
- '#histogram 474 8'
- '#histogram 475 24'
- '#histogram 476 9'
- '#histogram 477 13'
- '#histogram 478 13'
- '#histogram 479 15'
- '#histogram 480 13'
- '#histogram 481 10'
- '#histogram 482 17'
- '#histogram 483 15'
- '#histogram 484 12'
- '#histogram 485 17'
- '#histogram 486 14'
- '#histogram 487 10'
- '#histogram 488 13'
- '#histogram 489 10'
- '#histogram 490 15'
- '#histogram 491 17'
- '#histogram 492 21'
- '#histogram 493 19'
- '#histogram 494 17'
- '#histogram 495 16'
- '#histogram 496 13'
- '#histogram 497 20'
- '#histogram 498 9'
- '#histogram 499 6'
- '#histogram 500 13'
- '#histogram 501 17'
- '#histogram 502 8'
- '#histogram 503 15'
- '#histogram 504 9'
- '#histogram 505 13'
- '#histogram 506 6'
- '#histogram 507 12'
- '#histogram 508 11'
- '#histogram 509 13'
- '#histogram 510 14'
- '#histogram 511 18'
- '#histogram 512 17'
- '#histogram 513 9'
- '#histogram 514 11'
- '#histogram 515 12'
- '#histogram 516 7'
- '#histogram 517 15'
- '#histogram 518 15'
- '#histogram 519 11'
- '#histogram 520 13'
- '#histogram 521 15'
- '#histogram 522 13'
- '#histogram 523 11'
- '#histogram 524 14'
- '#histogram 525 10'
- '#histogram 526 9'
- '#histogram 527 12'
- '#histogram 528 17'
- '#histogram 529 10'
- '#histogram 530 18'
- '#histogram 531 11'
- '#histogram 532 21'
- '#histogram 533 9'
- '#histogram 534 5'
- '#histogram 535 7'
- '#histogram 536 15'
- '#histogram 537 10'
- '#histogram 538 8'
- '#histogram 539 16'
- '#histogram 540 16'
- '#histogram 541 7'
- '#histogram 542 11'
- '#histogram 543 9'
- '#histogram 544 7'
- '#histogram 545 9'
- '#histogram 546 14'
- '#histogram 547 10'
- '#histogram 548 9'
- '#histogram 549 9'
- '#histogram 550 9'
- '#histogram 551 16'
- '#histogram 552 11'
- '#histogram 553 11'
- '#histogram 554 9'
- '#histogram 555 10'
- '#histogram 556 11'
- '#histogram 557 9'
- '#histogram 558 5'
- '#histogram 559 7'
- '#histogram 560 10'
- '#histogram 561 6'
- '#histogram 562 13'
- '#histogram 563 9'
- '#histogram 564 8'
- '#histogram 565 7'
- '#histogram 566 7'
- '#histogram 567 4'
- '#histogram 568 7'
- '#histogram 569 7'
- '#histogram 570 4'
- '#histogram 571 5'
- '#histogram 572 6'
- '#histogram 573 10'
- '#histogram 574 8'
- '#histogram 575 6'
- '#histogram 576 8'
- '#histogram 577 12'
- '#histogram 578 11'
- '#histogram 579 5'
- '#histogram 580 9'
- '#histogram 581 10'
- '#histogram 582 9'
- '#histogram 583 10'
- '#histogram 584 7'
- '#histogram 585 9'
- '#histogram 586 5'
- '#histogram 587 11'
- '#histogram 588 10'
- '#histogram 589 6'
- '#histogram 590 7'
- '#histogram 591 9'
- '#histogram 592 4'
- '#histogram 593 8'
- '#histogram 594 6'
- '#histogram 595 6'
- '#histogram 596 8'
- '#histogram 597 4'
- '#histogram 598 9'
- '#histogram 599 6'
- '#histogram 600 1'
- '#histogram 601 5'
- '#histogram 602 9'
- '#histogram 603 8'
- '#histogram 604 3'
- '#histogram 605 4'
- '#histogram 606 6'
- '#histogram 607 7'
- '#histogram 608 5'
- '#histogram 609 8'
- '#histogram 610 5'
- '#histogram 611 8'
- '#histogram 612 4'
- '#histogram 613 10'
- '#histogram 614 7'
- '#histogram 615 5'
- '#histogram 616 8'
- '#histogram 617 4'
- '#histogram 618 7'
- '#histogram 619 12'
- '#histogram 620 7'
- '#histogram 621 5'
- '#histogram 622 8'
- '#histogram 623 6'
- '#histogram 624 6'
- '#histogram 625 4'
- '#histogram 626 4'
- '#histogram 627 3'
- '#histogram 628 9'
- '#histogram 629 3'
- '#histogram 630 6'
- '#histogram 631 9'
- '#histogram 632 4'
- '#histogram 633 6'
- '#histogram 634 6'
- '#histogram 635 4'
- '#histogram 636 5'
- '#histogram 637 5'
- '#histogram 638 8'
- '#histogram 639 4'
- '#histogram 640 6'
- '#histogram 641 6'
- '#histogram 642 2'
- '#histogram 643 4'
- '#histogram 644 7'
- '#histogram 645 7'
- '#histogram 646 5'
- '#histogram 647 1'
- '#histogram 648 5'
- '#histogram 649 4'
- '#histogram 650 4'
- '#histogram 651 4'
- '#histogram 652 7'
- '#histogram 653 5'
- '#histogram 654 5'
- '#histogram 655 2'
- '#histogram 656 5'
- '#histogram 657 4'
- '#histogram 658 2'
- '#histogram 659 4'
- '#histogram 660 9'
- '#histogram 661 6'
- '#histogram 662 7'
- '#histogram 663 4'
- '#histogram 664 5'
- '#histogram 665 2'
- '#histogram 666 3'
- '#histogram 667 2'
- '#histogram 668 4'
- '#histogram 669 4'
- '#histogram 670 6'
- '#histogram 671 5'
- '#histogram 672 5'
- '#histogram 673 11'
- '#histogram 674 4'
- '#histogram 675 3'
- '#histogram 676 2'
- '#histogram 677 4'
- '#histogram 678 7'
- '#histogram 679 3'
- '#histogram 680 6'
- '#histogram 681 1'
- '#histogram 682 6'
- '#histogram 683 2'
- '#histogram 684 3'
- '#histogram 685 4'
- '#histogram 686 4'
- '#histogram 687 3'
- '#histogram 688 8'
- '#histogram 689 8'
- '#histogram 690 5'
- '#histogram 691 1'
- '#histogram 692 7'
- '#histogram 693 5'
- '#histogram 694 4'
- '#histogram 695 2'
- '#histogram 696 7'
- '#histogram 697 2'
- '#histogram 698 3'
- '#histogram 699 2'
- '#histogram 700 2'
- '#histogram 701 5'
- '#histogram 702 3'
- '#histogram 703 5'
- '#histogram 705 5'
- '#histogram 706 1'
- '#histogram 707 6'
- '#histogram 708 1'
- '#histogram 709 3'
- '#histogram 710 1'
- '#histogram 711 3'
- '#histogram 712 4'
- '#histogram 713 4'
- '#histogram 714 2'
- '#histogram 715 4'
- '#histogram 716 5'
- '#histogram 717 4'
- '#histogram 718 6'
- '#histogram 719 1'
- '#histogram 720 2'
- '#histogram 721 3'
- '#histogram 722 4'
- '#histogram 723 1'
- '#histogram 724 2'
- '#histogram 725 5'
- '#histogram 726 4'
- '#histogram 727 6'
- '#histogram 728 5'
- '#histogram 729 4'
- '#histogram 730 7'
- '#histogram 731 4'
- '#histogram 732 5'
- '#histogram 733 4'
- '#histogram 734 3'
- '#histogram 735 3'
- '#histogram 736 4'
- '#histogram 737 3'
- '#histogram 738 3'
- '#histogram 739 1'
- '#histogram 741 2'
- '#histogram 742 1'
- '#histogram 743 3'
- '#histogram 744 2'
- '#histogram 745 1'
- '#histogram 746 3'
- '#histogram 747 4'
- '#histogram 748 3'
- '#histogram 749 1'
- '#histogram 750 2'
- '#histogram 751 1'
- '#histogram 752 3'
- '#histogram 753 2'
- '#histogram 754 4'
- '#histogram 755 4'
- '#histogram 757 2'
- '#histogram 758 6'
- '#histogram 759 2'
- '#histogram 760 1'
- '#histogram 761 1'
- '#histogram 762 1'
- '#histogram 763 3'
- '#histogram 764 2'
- '#histogram 765 2'
- '#histogram 767 2'
- '#histogram 768 3'
- '#histogram 769 3'
- '#histogram 770 5'
- '#histogram 772 2'
- '#histogram 774 2'
- '#histogram 775 3'
- '#histogram 776 3'
- '#histogram 777 1'
- '#histogram 778 2'
- '#histogram 779 3'
- '#histogram 780 2'
- '#histogram 781 1'
- '#histogram 782 1'
- '#histogram 783 2'
- '#histogram 784 1'
- '#histogram 785 2'
- '#histogram 786 2'
- '#histogram 788 2'
- '#histogram 789 3'
- '#histogram 790 2'
- '#histogram 791 4'
- '#histogram 792 6'
- '#histogram 793 1'
- '#histogram 794 4'
- '#histogram 795 2'
- '#histogram 796 2'
- '#histogram 797 3'
- '#histogram 798 1'
- '#histogram 803 2'
- '#histogram 804 2'
- '#histogram 805 1'
- '#histogram 807 3'
- '#histogram 809 1'
- '#histogram 810 1'
- '#histogram 811 1'
- '#histogram 813 1'
- '#histogram 814 3'
- '#histogram 816 1'
- '#histogram 817 3'
- '#histogram 818 4'
- '#histogram 820 2'
- '#histogram 822 2'
- '#histogram 823 2'
- '#histogram 826 4'
- '#histogram 827 2'
- '#histogram 829 2'
- '#histogram 830 2'
- '#histogram 831 1'
- '#histogram 832 1'
- '#histogram 833 2'
- '#histogram 834 1'
- '#histogram 835 1'
- '#histogram 838 3'
- '#histogram 840 2'
- '#histogram 841 1'
- '#histogram 842 1'
- '#histogram 845 1'
- '#histogram 846 1'
- '#histogram 847 2'
- '#histogram 848 3'
- '#histogram 849 2'
- '#histogram 850 2'
- '#histogram 855 2'
- '#histogram 856 2'
- '#histogram 858 3'
- '#histogram 859 1'
- '#histogram 860 1'
- '#histogram 861 1'
- '#histogram 863 1'
- '#histogram 864 1'
- '#histogram 865 2'
- '#histogram 866 3'
- '#histogram 867 1'
- '#histogram 868 1'
- '#histogram 870 1'
- '#histogram 871 3'
- '#histogram 872 1'
- '#histogram 873 1'
- '#histogram 874 1'
- '#histogram 875 2'
- '#histogram 876 2'
- '#histogram 878 2'
- '#histogram 880 1'
- '#histogram 883 1'
- '#histogram 887 2'
- '#histogram 889 2'
- '#histogram 890 1'
- '#histogram 891 1'
- '#histogram 894 1'
- '#histogram 898 1'
- '#histogram 899 1'
- '#histogram 902 1'
- '#histogram 904 2'
- '#histogram 906 1'
- '#histogram 907 1'
- '#histogram 908 1'
- '#histogram 909 1'
- '#histogram 910 1'
- '#histogram 911 1'
- '#histogram 912 1'
- '#histogram 915 1'
- '#histogram 918 1'
- '#histogram 919 1'
- '#histogram 920 2'
- '#histogram 924 2'
- '#histogram 925 3'
- '#histogram 926 1'
- '#histogram 927 1'
- '#histogram 930 1'
- '#histogram 932 2'
- '#histogram 934 3'
- '#histogram 939 1'
- '#histogram 941 1'
- '#histogram 943 1'
- '#histogram 945 1'
- '#histogram 947 1'
- '#histogram 948 2'
- '#histogram 949 1'
- '#histogram 950 1'
- '#histogram 954 1'
- '#histogram 957 3'
- '#histogram 960 2'
- '#histogram 962 2'
- '#histogram 966 1'
- '#histogram 969 1'
- '#histogram 970 1'
- '#histogram 972 1'
- '#histogram 976 1'
- '#histogram 986 1'
- '#histogram 989 1'
- '#histogram 991 1'
- '#histogram 992 1'
- '#histogram 994 1'
- '#histogram 995 1'
- '#histogram 998 1'
- '#histogram 1000 1'
- '#histogram 1001 1'
- '#histogram 1004 1'
- '#histogram 1009 1'
- '#histogram 1015 2'
- '#histogram 1018 1'
- '#histogram 1022 1'
- '#histogram 1026 1'
- '#histogram 1043 1'
- '#histogram 1044 1'
- '#histogram 1046 1'
- '#histogram 1079 1'
- '#histogram 1088 2'
- '#histogram 1096 1'
- '#histogram 1101 1'
- '#histogram 1104 1'
- '#histogram 1106 1'
- '#histogram 1113 2'
- '#histogram 1116 1'
- '#histogram 1121 1'
- '#histogram 1124 1'
- '#histogram 1126 1'
- '#histogram 1130 1'
- '#histogram 1134 2'
- '#histogram 1140 1'
- '#histogram 1143 1'
- '#histogram 1146 1'
- '#histogram 1156 1'
- '#histogram 1158 1'
- '#histogram 1159 1'
- '#histogram 1167 1'
- '#histogram 1172 1'
- '#histogram 1175 1'
- '#histogram 1177 1'
- '#histogram 1187 2'
- '#histogram 1192 1'
- '#histogram 1200 1'
- '#histogram 1210 1'
- '#histogram 1212 1'
- '#histogram 1213 1'
- '#histogram 1216 1'
- '#histogram 1227 1'
- '#histogram 1237 1'
- '#histogram 1238 1'
- '#histogram 1247 2'
- '#histogram 1251 1'
- '#histogram 1255 1'
- '#histogram 1272 1'
- '#histogram 1275 1'
- '#histogram 1281 1'
- '#histogram 1286 1'
- '#histogram 1291 2'
- '#histogram 1294 1'
- '#histogram 1301 1'
- '#histogram 1303 1'
- '#histogram 1304 1'
- '#histogram 1306 1'
- '#histogram 1308 1'
- '#histogram 1311 1'
- '#histogram 1323 1'
- '#histogram 1324 1'
- '#histogram 1326 1'
- '#histogram 1329 1'
- '#histogram 1333 2'
- '#histogram 1334 2'
- '#histogram 1337 1'
- '#histogram 1343 1'
- '#histogram 1348 1'
- '#histogram 1350 1'
- '#histogram 1353 1'
- '#histogram 1354 1'
- '#histogram 1355 1'
- '#histogram 1362 1'
- '#histogram 1367 1'
- '#histogram 1370 1'
- '#histogram 1373 1'
- '#histogram 1378 2'
- '#histogram 1379 1'
- '#histogram 1393 1'
- '#histogram 1394 1'
- '#histogram 1400 1'
- '#histogram 1403 1'
- '#histogram 1415 1'
- '#histogram 1420 1'
- '#histogram 1425 1'
- '#histogram 1433 1'
- '#histogram 1435 1'
- '#histogram 1437 1'
- '#histogram 1438 1'
- '#histogram 1442 2'
- '#histogram 1450 1'
- '#histogram 1452 1'
- '#histogram 1455 2'
- '#histogram 1464 1'
- '#histogram 1467 2'
- '#histogram 1480 2'
- '#histogram 1482 1'
- '#histogram 1484 1'
- '#histogram 1498 1'
- '#histogram 1508 1'
- '#histogram 1509 1'
- '#histogram 1514 1'
- '#histogram 1515 1'
- '#histogram 1516 1'
- '#histogram 1526 1'
- '#histogram 1533 1'
- '#histogram 1539 1'
- '#histogram 1540 1'
- '#histogram 1550 1'
- '#histogram 1551 1'
- '#histogram 1552 1'
- '#histogram 1560 1'
- '#histogram 1570 1'
- '#histogram 1581 1'
- '#histogram 1588 1'
- '#histogram 1589 1'
- '#histogram 1592 1'
- '#histogram 1596 1'
- '#histogram 1624 1'
- '#histogram 1659 1'
- '#histogram 1810 1'
- ''
