code: 0
data:
  avg_latency: 0.161942
  histogram:
  - - 0
    - 0
  - - 1
    - 7
  - - 2
    - 50
  - - 3
    - 100
  - - 4
    - 124
  - - 5
    - 131
  - - 6
    - 137
  - - 7
    - 156
  - - 8
    - 200
  - - 9
    - 180
  - - 10
    - 222
  - - 11
    - 203
  - - 12
    - 204
  - - 13
    - 230
  - - 14
    - 181
  - - 15
    - 216
  - - 16
    - 234
  - - 17
    - 191
  - - 18
    - 217
  - - 19
    - 237
  - - 20
    - 218
  - - 21
    - 264
  - - 22
    - 225
  - - 23
    - 250
  - - 24
    - 256
  - - 25
    - 259
  - - 26
    - 260
  - - 27
    - 228
  - - 28
    - 243
  - - 29
    - 235
  - - 30
    - 276
  - - 31
    - 259
  - - 32
    - 305
  - - 33
    - 281
  - - 34
    - 318
  - - 35
    - 309
  - - 36
    - 300
  - - 37
    - 331
  - - 38
    - 382
  - - 39
    - 336
  - - 40
    - 325
  - - 41
    - 338
  - - 42
    - 358
  - - 43
    - 338
  - - 44
    - 378
  - - 45
    - 331
  - - 46
    - 373
  - - 47
    - 359
  - - 48
    - 355
  - - 49
    - 292
  - - 50
    - 345
  - - 51
    - 362
  - - 52
    - 422
  - - 53
    - 357
  - - 54
    - 395
  - - 55
    - 403
  - - 56
    - 448
  - - 57
    - 403
  - - 58
    - 400
  - - 59
    - 411
  - - 60
    - 434
  - - 61
    - 428
  - - 62
    - 411
  - - 63
    - 420
  - - 64
    - 415
  - - 65
    - 405
  - - 66
    - 425
  - - 67
    - 436
  - - 68
    - 410
  - - 69
    - 427
  - - 70
    - 422
  - - 71
    - 457
  - - 72
    - 424
  - - 73
    - 416
  - - 74
    - 426
  - - 75
    - 443
  - - 76
    - 462
  - - 77
    - 427
  - - 78
    - 445
  - - 79
    - 420
  - - 80
    - 405
  - - 81
    - 468
  - - 82
    - 415
  - - 83
    - 444
  - - 84
    - 442
  - - 85
    - 469
  - - 86
    - 449
  - - 87
    - 430
  - - 88
    - 450
  - - 89
    - 433
  - - 90
    - 447
  - - 91
    - 502
  - - 92
    - 431
  - - 93
    - 398
  - - 94
    - 480
  - - 95
    - 477
  - - 96
    - 462
  - - 97
    - 433
  - - 98
    - 455
  - - 99
    - 436
  - - 100
    - 440
  - - 101
    - 458
  - - 102
    - 465
  - - 103
    - 428
  - - 104
    - 387
  - - 105
    - 412
  - - 106
    - 417
  - - 107
    - 403
  - - 108
    - 407
  - - 109
    - 420
  - - 110
    - 439
  - - 111
    - 448
  - - 112
    - 388
  - - 113
    - 398
  - - 114
    - 382
  - - 115
    - 371
  - - 116
    - 396
  - - 117
    - 411
  - - 118
    - 417
  - - 119
    - 397
  - - 120
    - 345
  - - 121
    - 418
  - - 122
    - 339
  - - 123
    - 335
  - - 124
    - 380
  - - 125
    - 374
  - - 126
    - 307
  - - 127
    - 342
  - - 128
    - 329
  - - 129
    - 337
  - - 130
    - 343
  - - 131
    - 310
  - - 132
    - 334
  - - 133
    - 362
  - - 134
    - 289
  - - 135
    - 340
  - - 136
    - 281
  - - 137
    - 305
  - - 138
    - 299
  - - 139
    - 295
  - - 140
    - 303
  - - 141
    - 312
  - - 142
    - 288
  - - 143
    - 278
  - - 144
    - 265
  - - 145
    - 285
  - - 146
    - 271
  - - 147
    - 298
  - - 148
    - 239
  - - 149
    - 221
  - - 150
    - 247
  - - 151
    - 263
  - - 152
    - 274
  - - 153
    - 258
  - - 154
    - 302
  - - 155
    - 247
  - - 156
    - 242
  - - 157
    - 243
  - - 158
    - 283
  - - 159
    - 232
  - - 160
    - 216
  - - 161
    - 219
  - - 162
    - 200
  - - 163
    - 202
  - - 164
    - 204
  - - 165
    - 198
  - - 166
    - 208
  - - 167
    - 198
  - - 168
    - 208
  - - 169
    - 208
  - - 170
    - 207
  - - 171
    - 207
  - - 172
    - 178
  - - 173
    - 206
  - - 174
    - 174
  - - 175
    - 200
  - - 176
    - 195
  - - 177
    - 164
  - - 178
    - 176
  - - 179
    - 164
  - - 180
    - 176
  - - 181
    - 180
  - - 182
    - 154
  - - 183
    - 158
  - - 184
    - 137
  - - 185
    - 172
  - - 186
    - 166
  - - 187
    - 187
  - - 188
    - 169
  - - 189
    - 155
  - - 190
    - 122
  - - 191
    - 159
  - - 192
    - 166
  - - 193
    - 133
  - - 194
    - 139
  - - 195
    - 128
  - - 196
    - 146
  - - 197
    - 130
  - - 198
    - 128
  - - 199
    - 131
  - - 200
    - 133
  - - 201
    - 143
  - - 202
    - 124
  - - 203
    - 142
  - - 204
    - 101
  - - 205
    - 125
  - - 206
    - 126
  - - 207
    - 131
  - - 208
    - 100
  - - 209
    - 114
  - - 210
    - 99
  - - 211
    - 93
  - - 212
    - 85
  - - 213
    - 98
  - - 214
    - 100
  - - 215
    - 92
  - - 216
    - 79
  - - 217
    - 89
  - - 218
    - 80
  - - 219
    - 87
  - - 220
    - 68
  - - 221
    - 74
  - - 222
    - 82
  - - 223
    - 100
  - - 224
    - 73
  - - 225
    - 88
  - - 226
    - 80
  - - 227
    - 70
  - - 228
    - 73
  - - 229
    - 69
  - - 230
    - 71
  - - 231
    - 85
  - - 232
    - 69
  - - 233
    - 64
  - - 234
    - 61
  - - 235
    - 73
  - - 236
    - 61
  - - 237
    - 47
  - - 238
    - 52
  - - 239
    - 62
  - - 240
    - 82
  - - 241
    - 79
  - - 242
    - 54
  - - 243
    - 42
  - - 244
    - 55
  - - 245
    - 69
  - - 246
    - 56
  - - 247
    - 59
  - - 248
    - 60
  - - 249
    - 35
  - - 250
    - 53
  - - 251
    - 50
  - - 252
    - 51
  - - 253
    - 62
  - - 254
    - 51
  - - 255
    - 60
  - - 256
    - 41
  - - 257
    - 40
  - - 258
    - 38
  - - 259
    - 34
  - - 260
    - 40
  - - 261
    - 38
  - - 262
    - 39
  - - 263
    - 46
  - - 264
    - 31
  - - 265
    - 44
  - - 266
    - 26
  - - 267
    - 29
  - - 268
    - 37
  - - 269
    - 34
  - - 270
    - 35
  - - 271
    - 38
  - - 272
    - 31
  - - 273
    - 33
  - - 274
    - 30
  - - 275
    - 39
  - - 276
    - 38
  - - 277
    - 30
  - - 278
    - 34
  - - 279
    - 37
  - - 280
    - 25
  - - 281
    - 30
  - - 282
    - 29
  - - 283
    - 32
  - - 284
    - 29
  - - 285
    - 28
  - - 286
    - 24
  - - 287
    - 20
  - - 288
    - 35
  - - 289
    - 24
  - - 290
    - 30
  - - 291
    - 34
  - - 292
    - 20
  - - 293
    - 33
  - - 294
    - 28
  - - 295
    - 21
  - - 296
    - 18
  - - 297
    - 17
  - - 298
    - 33
  - - 299
    - 17
  - - 300
    - 34
  - - 301
    - 26
  - - 302
    - 28
  - - 303
    - 23
  - - 304
    - 18
  - - 305
    - 23
  - - 306
    - 26
  - - 307
    - 24
  - - 308
    - 18
  - - 309
    - 16
  - - 310
    - 26
  - - 311
    - 13
  - - 312
    - 24
  - - 313
    - 10
  - - 314
    - 16
  - - 315
    - 17
  - - 316
    - 19
  - - 317
    - 17
  - - 318
    - 16
  - - 319
    - 14
  - - 320
    - 16
  - - 321
    - 19
  - - 322
    - 13
  - - 323
    - 22
  - - 324
    - 25
  - - 325
    - 24
  - - 326
    - 16
  - - 327
    - 15
  - - 328
    - 14
  - - 329
    - 17
  - - 330
    - 16
  - - 331
    - 12
  - - 332
    - 8
  - - 333
    - 11
  - - 334
    - 12
  - - 335
    - 7
  - - 336
    - 12
  - - 337
    - 14
  - - 338
    - 17
  - - 339
    - 26
  - - 340
    - 16
  - - 341
    - 16
  - - 342
    - 11
  - - 343
    - 17
  - - 344
    - 8
  - - 345
    - 18
  - - 346
    - 15
  - - 347
    - 13
  - - 348
    - 19
  - - 349
    - 11
  - - 350
    - 8
  - - 351
    - 18
  - - 352
    - 11
  - - 353
    - 16
  - - 354
    - 15
  - - 355
    - 14
  - - 356
    - 19
  - - 357
    - 12
  - - 358
    - 14
  - - 359
    - 19
  - - 360
    - 10
  - - 361
    - 8
  - - 362
    - 16
  - - 363
    - 13
  - - 364
    - 9
  - - 365
    - 11
  - - 366
    - 10
  - - 367
    - 11
  - - 368
    - 11
  - - 369
    - 13
  - - 370
    - 10
  - - 371
    - 13
  - - 372
    - 10
  - - 373
    - 13
  - - 374
    - 9
  - - 375
    - 5
  - - 376
    - 13
  - - 377
    - 13
  - - 378
    - 6
  - - 379
    - 13
  - - 380
    - 7
  - - 381
    - 20
  - - 382
    - 14
  - - 383
    - 8
  - - 384
    - 13
  - - 385
    - 7
  - - 386
    - 16
  - - 387
    - 15
  - - 388
    - 11
  - - 389
    - 16
  - - 390
    - 15
  - - 391
    - 13
  - - 392
    - 11
  - - 393
    - 12
  - - 394
    - 11
  - - 395
    - 15
  - - 396
    - 10
  - - 397
    - 10
  - - 398
    - 14
  - - 399
    - 9
  - - 400
    - 8
  - - 401
    - 9
  - - 402
    - 17
  - - 403
    - 14
  - - 404
    - 11
  - - 405
    - 14
  - - 406
    - 9
  - - 407
    - 7
  - - 408
    - 12
  - - 409
    - 15
  - - 410
    - 14
  - - 411
    - 10
  - - 412
    - 8
  - - 413
    - 8
  - - 414
    - 8
  - - 415
    - 9
  - - 416
    - 15
  - - 417
    - 12
  - - 418
    - 8
  - - 419
    - 12
  - - 420
    - 10
  - - 421
    - 14
  - - 422
    - 8
  - - 423
    - 12
  - - 424
    - 5
  - - 425
    - 11
  - - 426
    - 8
  - - 427
    - 15
  - - 428
    - 14
  - - 429
    - 11
  - - 430
    - 15
  - - 431
    - 2
  - - 432
    - 11
  - - 433
    - 11
  - - 434
    - 9
  - - 435
    - 9
  - - 436
    - 14
  - - 437
    - 11
  - - 438
    - 11
  - - 439
    - 16
  - - 440
    - 5
  - - 441
    - 11
  - - 442
    - 14
  - - 443
    - 9
  - - 444
    - 10
  - - 445
    - 12
  - - 446
    - 12
  - - 447
    - 11
  - - 448
    - 15
  - - 449
    - 13
  - - 450
    - 11
  - - 451
    - 15
  - - 452
    - 10
  - - 453
    - 6
  - - 454
    - 10
  - - 455
    - 10
  - - 456
    - 12
  - - 457
    - 7
  - - 458
    - 9
  - - 459
    - 12
  - - 460
    - 7
  - - 461
    - 14
  - - 462
    - 18
  - - 463
    - 12
  - - 464
    - 6
  - - 465
    - 19
  - - 466
    - 8
  - - 467
    - 7
  - - 468
    - 10
  - - 469
    - 5
  - - 470
    - 8
  - - 471
    - 16
  - - 472
    - 20
  - - 473
    - 13
  - - 474
    - 8
  - - 475
    - 10
  - - 476
    - 11
  - - 477
    - 15
  - - 478
    - 7
  - - 479
    - 12
  - - 480
    - 9
  - - 481
    - 13
  - - 482
    - 10
  - - 483
    - 11
  - - 484
    - 11
  - - 485
    - 13
  - - 486
    - 13
  - - 487
    - 11
  - - 488
    - 13
  - - 489
    - 14
  - - 490
    - 7
  - - 491
    - 4
  - - 492
    - 10
  - - 493
    - 13
  - - 494
    - 13
  - - 495
    - 10
  - - 496
    - 9
  - - 497
    - 7
  - - 498
    - 8
  - - 499
    - 11
  - - 500
    - 14
  - - 501
    - 12
  - - 502
    - 10
  - - 503
    - 8
  - - 504
    - 6
  - - 505
    - 10
  - - 506
    - 5
  - - 507
    - 8
  - - 508
    - 8
  - - 509
    - 14
  - - 510
    - 10
  - - 511
    - 11
  - - 512
    - 10
  - - 513
    - 11
  - - 514
    - 4
  - - 515
    - 9
  - - 516
    - 13
  - - 517
    - 10
  - - 518
    - 12
  - - 519
    - 8
  - - 520
    - 5
  - - 521
    - 7
  - - 522
    - 14
  - - 523
    - 5
  - - 524
    - 15
  - - 525
    - 8
  - - 526
    - 7
  - - 527
    - 10
  - - 528
    - 8
  - - 529
    - 3
  - - 530
    - 12
  - - 531
    - 12
  - - 532
    - 9
  - - 533
    - 8
  - - 534
    - 6
  - - 535
    - 4
  - - 536
    - 7
  - - 537
    - 10
  - - 538
    - 7
  - - 539
    - 12
  - - 540
    - 16
  - - 541
    - 14
  - - 542
    - 5
  - - 543
    - 10
  - - 544
    - 10
  - - 545
    - 19
  - - 546
    - 11
  - - 547
    - 13
  - - 548
    - 8
  - - 549
    - 12
  - - 550
    - 15
  - - 551
    - 12
  - - 552
    - 12
  - - 553
    - 10
  - - 554
    - 5
  - - 555
    - 12
  - - 556
    - 8
  - - 557
    - 5
  - - 558
    - 5
  - - 559
    - 8
  - - 560
    - 11
  - - 561
    - 9
  - - 562
    - 8
  - - 563
    - 7
  - - 564
    - 7
  - - 565
    - 13
  - - 566
    - 12
  - - 567
    - 6
  - - 568
    - 6
  - - 569
    - 16
  - - 570
    - 8
  - - 571
    - 13
  - - 572
    - 9
  - - 573
    - 9
  - - 574
    - 19
  - - 575
    - 7
  - - 576
    - 5
  - - 577
    - 3
  - - 578
    - 7
  - - 579
    - 11
  - - 580
    - 14
  - - 581
    - 3
  - - 582
    - 6
  - - 583
    - 8
  - - 584
    - 6
  - - 585
    - 5
  - - 586
    - 6
  - - 587
    - 8
  - - 588
    - 6
  - - 589
    - 11
  - - 590
    - 13
  - - 591
    - 9
  - - 592
    - 5
  - - 593
    - 10
  - - 594
    - 7
  - - 595
    - 11
  - - 596
    - 5
  - - 597
    - 10
  - - 598
    - 10
  - - 599
    - 4
  - - 600
    - 7
  - - 601
    - 6
  - - 602
    - 3
  - - 603
    - 9
  - - 604
    - 3
  - - 605
    - 8
  - - 606
    - 5
  - - 607
    - 10
  - - 608
    - 10
  - - 609
    - 8
  - - 610
    - 5
  - - 611
    - 9
  - - 612
    - 8
  - - 613
    - 11
  - - 614
    - 4
  - - 615
    - 11
  - - 616
    - 6
  - - 617
    - 13
  - - 618
    - 10
  - - 619
    - 9
  - - 620
    - 3
  - - 621
    - 8
  - - 622
    - 12
  - - 623
    - 11
  - - 624
    - 6
  - - 625
    - 7
  - - 626
    - 7
  - - 627
    - 11
  - - 628
    - 10
  - - 629
    - 10
  - - 630
    - 9
  - - 631
    - 8
  - - 632
    - 12
  - - 633
    - 10
  - - 634
    - 3
  - - 635
    - 8
  - - 636
    - 7
  - - 637
    - 1
  - - 638
    - 3
  - - 639
    - 6
  - - 640
    - 11
  - - 641
    - 9
  - - 642
    - 7
  - - 643
    - 6
  - - 644
    - 8
  - - 645
    - 14
  - - 646
    - 6
  - - 647
    - 3
  - - 648
    - 8
  - - 649
    - 6
  - - 650
    - 11
  - - 651
    - 6
  - - 652
    - 6
  - - 653
    - 6
  - - 654
    - 8
  - - 655
    - 12
  - - 656
    - 11
  - - 657
    - 6
  - - 658
    - 9
  - - 659
    - 11
  - - 660
    - 11
  - - 661
    - 12
  - - 662
    - 6
  - - 663
    - 15
  - - 664
    - 13
  - - 665
    - 6
  - - 666
    - 9
  - - 667
    - 8
  - - 668
    - 15
  - - 669
    - 13
  - - 670
    - 12
  - - 671
    - 5
  - - 672
    - 5
  - - 673
    - 7
  - - 674
    - 7
  - - 675
    - 8
  - - 676
    - 10
  - - 677
    - 4
  - - 678
    - 12
  - - 679
    - 11
  - - 680
    - 9
  - - 681
    - 7
  - - 682
    - 13
  - - 683
    - 9
  - - 684
    - 6
  - - 685
    - 5
  - - 686
    - 11
  - - 687
    - 8
  - - 688
    - 10
  - - 689
    - 15
  - - 690
    - 7
  - - 691
    - 12
  - - 692
    - 12
  - - 693
    - 12
  - - 694
    - 13
  - - 695
    - 11
  - - 696
    - 6
  - - 697
    - 5
  - - 698
    - 6
  - - 699
    - 8
  - - 700
    - 7
  - - 701
    - 12
  - - 702
    - 7
  - - 703
    - 12
  - - 704
    - 10
  - - 705
    - 7
  - - 706
    - 10
  - - 707
    - 10
  - - 708
    - 4
  - - 709
    - 7
  - - 710
    - 11
  - - 711
    - 11
  - - 712
    - 7
  - - 713
    - 8
  - - 714
    - 5
  - - 715
    - 4
  - - 716
    - 12
  - - 717
    - 6
  - - 718
    - 12
  - - 719
    - 5
  - - 720
    - 6
  - - 721
    - 6
  - - 722
    - 4
  - - 723
    - 9
  - - 724
    - 9
  - - 725
    - 9
  - - 726
    - 4
  - - 727
    - 9
  - - 728
    - 9
  - - 729
    - 10
  - - 730
    - 13
  - - 731
    - 10
  - - 732
    - 9
  - - 733
    - 10
  - - 734
    - 2
  - - 735
    - 8
  - - 736
    - 4
  - - 737
    - 9
  - - 738
    - 5
  - - 739
    - 9
  - - 740
    - 7
  - - 741
    - 9
  - - 742
    - 11
  - - 743
    - 6
  - - 744
    - 8
  - - 745
    - 9
  - - 746
    - 16
  - - 747
    - 4
  - - 748
    - 10
  - - 749
    - 8
  - - 750
    - 9
  - - 751
    - 4
  - - 752
    - 8
  - - 753
    - 9
  - - 754
    - 9
  - - 755
    - 14
  - - 756
    - 9
  - - 757
    - 8
  - - 758
    - 13
  - - 759
    - 4
  - - 760
    - 9
  - - 761
    - 12
  - - 762
    - 9
  - - 763
    - 5
  - - 764
    - 11
  - - 765
    - 6
  - - 766
    - 9
  - - 767
    - 7
  - - 768
    - 6
  - - 769
    - 9
  - - 770
    - 15
  - - 771
    - 13
  - - 772
    - 11
  - - 773
    - 10
  - - 774
    - 11
  - - 775
    - 9
  - - 776
    - 9
  - - 777
    - 14
  - - 778
    - 9
  - - 779
    - 8
  - - 780
    - 9
  - - 781
    - 9
  - - 782
    - 4
  - - 783
    - 6
  - - 784
    - 4
  - - 785
    - 6
  - - 786
    - 4
  - - 787
    - 10
  - - 788
    - 6
  - - 789
    - 5
  - - 790
    - 8
  - - 791
    - 14
  - - 792
    - 6
  - - 793
    - 4
  - - 794
    - 11
  - - 795
    - 10
  - - 796
    - 5
  - - 797
    - 3
  - - 798
    - 6
  - - 799
    - 11
  - - 800
    - 6
  - - 801
    - 10
  - - 802
    - 5
  - - 803
    - 6
  - - 804
    - 8
  - - 805
    - 9
  - - 806
    - 5
  - - 807
    - 5
  - - 808
    - 11
  - - 809
    - 7
  - - 810
    - 7
  - - 811
    - 5
  - - 812
    - 12
  - - 813
    - 8
  - - 814
    - 6
  - - 815
    - 9
  - - 816
    - 11
  - - 817
    - 10
  - - 818
    - 4
  - - 819
    - 11
  - - 820
    - 5
  - - 821
    - 4
  - - 822
    - 5
  - - 823
    - 9
  - - 824
    - 6
  - - 825
    - 5
  - - 826
    - 10
  - - 827
    - 7
  - - 828
    - 10
  - - 829
    - 13
  - - 830
    - 8
  - - 831
    - 6
  - - 832
    - 4
  - - 833
    - 14
  - - 834
    - 13
  - - 835
    - 8
  - - 836
    - 9
  - - 837
    - 6
  - - 838
    - 4
  - - 839
    - 10
  - - 840
    - 7
  - - 841
    - 10
  - - 842
    - 2
  - - 843
    - 5
  - - 844
    - 9
  - - 845
    - 11
  - - 846
    - 6
  - - 847
    - 7
  - - 848
    - 7
  - - 849
    - 13
  - - 850
    - 6
  - - 851
    - 9
  - - 852
    - 9
  - - 853
    - 6
  - - 854
    - 6
  - - 855
    - 8
  - - 856
    - 3
  - - 857
    - 7
  - - 858
    - 10
  - - 859
    - 7
  - - 860
    - 9
  - - 861
    - 6
  - - 862
    - 8
  - - 863
    - 2
  - - 864
    - 7
  - - 865
    - 4
  - - 866
    - 7
  - - 867
    - 4
  - - 868
    - 12
  - - 869
    - 7
  - - 870
    - 5
  - - 871
    - 8
  - - 872
    - 7
  - - 873
    - 7
  - - 874
    - 3
  - - 875
    - 8
  - - 876
    - 4
  - - 877
    - 5
  - - 878
    - 3
  - - 879
    - 5
  - - 880
    - 4
  - - 881
    - 7
  - - 882
    - 11
  - - 883
    - 8
  - - 884
    - 6
  - - 885
    - 2
  - - 886
    - 4
  - - 887
    - 6
  - - 888
    - 2
  - - 889
    - 9
  - - 890
    - 5
  - - 891
    - 6
  - - 892
    - 6
  - - 893
    - 2
  - - 894
    - 4
  - - 895
    - 6
  - - 896
    - 5
  - - 897
    - 8
  - - 898
    - 5
  - - 899
    - 10
  - - 900
    - 9
  - - 901
    - 2
  - - 902
    - 5
  - - 903
    - 7
  - - 904
    - 7
  - - 905
    - 4
  - - 906
    - 9
  - - 907
    - 3
  - - 908
    - 6
  - - 909
    - 3
  - - 910
    - 5
  - - 911
    - 4
  - - 912
    - 6
  - - 913
    - 7
  - - 914
    - 4
  - - 915
    - 5
  - - 916
    - 4
  - - 917
    - 6
  - - 918
    - 5
  - - 919
    - 6
  - - 920
    - 3
  - - 921
    - 4
  - - 922
    - 8
  - - 923
    - 5
  - - 924
    - 8
  - - 925
    - 3
  - - 926
    - 5
  - - 927
    - 11
  - - 928
    - 4
  - - 929
    - 5
  - - 930
    - 9
  - - 931
    - 11
  - - 932
    - 3
  - - 933
    - 4
  - - 934
    - 4
  - - 935
    - 6
  - - 936
    - 7
  - - 937
    - 6
  - - 938
    - 6
  - - 939
    - 4
  - - 940
    - 3
  - - 941
    - 6
  - - 942
    - 3
  - - 943
    - 5
  - - 944
    - 4
  - - 945
    - 2
  - - 946
    - 8
  - - 947
    - 4
  - - 948
    - 4
  - - 949
    - 6
  - - 950
    - 5
  - - 951
    - 5
  - - 952
    - 7
  - - 953
    - 2
  - - 954
    - 12
  - - 955
    - 6
  - - 956
    - 4
  - - 957
    - 6
  - - 958
    - 5
  - - 959
    - 4
  - - 960
    - 7
  - - 961
    - 6
  - - 962
    - 5
  - - 963
    - 9
  - - 964
    - 4
  - - 965
    - 1
  - - 966
    - 8
  - - 967
    - 4
  - - 968
    - 10
  - - 969
    - 5
  - - 970
    - 8
  - - 971
    - 4
  - - 972
    - 5
  - - 973
    - 12
  - - 974
    - 5
  - - 975
    - 6
  - - 976
    - 4
  - - 977
    - 8
  - - 978
    - 6
  - - 979
    - 6
  - - 980
    - 8
  - - 981
    - 9
  - - 982
    - 4
  - - 983
    - 6
  - - 984
    - 2
  - - 985
    - 10
  - - 986
    - 1
  - - 987
    - 6
  - - 988
    - 8
  - - 989
    - 2
  - - 990
    - 3
  - - 991
    - 4
  - - 992
    - 2
  - - 993
    - 1
  - - 994
    - 3
  - - 995
    - 3
  - - 996
    - 9
  - - 997
    - 4
  - - 998
    - 5
  - - 999
    - 2
  - - 1000
    - 5
  - - 1001
    - 3
  - - 1002
    - 3
  - - 1003
    - 5
  - - 1004
    - 5
  - - 1005
    - 5
  - - 1006
    - 4
  - - 1007
    - 3
  - - 1008
    - 7
  - - 1009
    - 3
  - - 1010
    - 4
  - - 1011
    - 5
  - - 1012
    - 4
  - - 1013
    - 4
  - - 1014
    - 7
  - - 1015
    - 2
  - - 1016
    - 3
  - - 1017
    - 4
  - - 1018
    - 5
  - - 1019
    - 3
  - - 1020
    - 5
  - - 1021
    - 4
  - - 1022
    - 9
  - - 1023
    - 5
  - - 1024
    - 5
  - - 1025
    - 3
  - - 1026
    - 7
  - - 1027
    - 1
  - - 1028
    - 7
  - - 1029
    - 7
  - - 1030
    - 3
  - - 1031
    - 3
  - - 1032
    - 4
  - - 1033
    - 2
  - - 1034
    - 4
  - - 1035
    - 3
  - - 1036
    - 1
  - - 1037
    - 7
  - - 1038
    - 1
  - - 1039
    - 8
  - - 1040
    - 2
  - - 1041
    - 5
  - - 1042
    - 4
  - - 1043
    - 5
  - - 1044
    - 3
  - - 1045
    - 5
  - - 1046
    - 4
  - - 1047
    - 4
  - - 1048
    - 5
  - - 1049
    - 1
  - - 1050
    - 4
  - - 1052
    - 4
  - - 1053
    - 6
  - - 1054
    - 1
  - - 1055
    - 5
  - - 1056
    - 2
  - - 1057
    - 4
  - - 1058
    - 7
  - - 1059
    - 2
  - - 1060
    - 5
  - - 1061
    - 8
  - - 1062
    - 5
  - - 1063
    - 2
  - - 1064
    - 1
  - - 1065
    - 9
  - - 1066
    - 3
  - - 1067
    - 9
  - - 1068
    - 1
  - - 1069
    - 2
  - - 1070
    - 6
  - - 1071
    - 5
  - - 1072
    - 4
  - - 1073
    - 1
  - - 1074
    - 5
  - - 1075
    - 5
  - - 1076
    - 4
  - - 1077
    - 4
  - - 1078
    - 3
  - - 1079
    - 2
  - - 1080
    - 5
  - - 1081
    - 2
  - - 1082
    - 4
  - - 1083
    - 4
  - - 1084
    - 8
  - - 1085
    - 6
  - - 1087
    - 2
  - - 1088
    - 2
  - - 1089
    - 7
  - - 1090
    - 5
  - - 1091
    - 2
  - - 1092
    - 4
  - - 1093
    - 1
  - - 1094
    - 5
  - - 1095
    - 5
  - - 1096
    - 2
  - - 1098
    - 1
  - - 1099
    - 5
  - - 1100
    - 3
  - - 1101
    - 2
  - - 1102
    - 4
  - - 1103
    - 4
  - - 1104
    - 3
  - - 1105
    - 5
  - - 1106
    - 3
  - - 1107
    - 4
  - - 1108
    - 4
  - - 1109
    - 1
  - - 1110
    - 5
  - - 1111
    - 3
  - - 1112
    - 2
  - - 1113
    - 5
  - - 1114
    - 4
  - - 1115
    - 2
  - - 1116
    - 1
  - - 1117
    - 1
  - - 1119
    - 3
  - - 1120
    - 5
  - - 1121
    - 1
  - - 1122
    - 4
  - - 1123
    - 4
  - - 1124
    - 4
  - - 1125
    - 2
  - - 1126
    - 4
  - - 1128
    - 2
  - - 1129
    - 2
  - - 1130
    - 1
  - - 1131
    - 5
  - - 1132
    - 4
  - - 1133
    - 2
  - - 1134
    - 4
  - - 1135
    - 1
  - - 1136
    - 1
  - - 1138
    - 3
  - - 1139
    - 1
  - - 1140
    - 4
  - - 1141
    - 3
  - - 1142
    - 5
  - - 1143
    - 2
  - - 1144
    - 1
  - - 1145
    - 2
  - - 1146
    - 3
  - - 1147
    - 4
  - - 1148
    - 2
  - - 1149
    - 2
  - - 1150
    - 1
  - - 1151
    - 2
  - - 1153
    - 2
  - - 1154
    - 1
  - - 1156
    - 2
  - - 1157
    - 1
  - - 1158
    - 4
  - - 1160
    - 2
  - - 1161
    - 3
  - - 1162
    - 3
  - - 1163
    - 1
  - - 1164
    - 3
  - - 1165
    - 3
  - - 1166
    - 3
  - - 1167
    - 6
  - - 1168
    - 1
  - - 1169
    - 4
  - - 1170
    - 3
  - - 1171
    - 5
  - - 1172
    - 1
  - - 1173
    - 1
  - - 1174
    - 5
  - - 1175
    - 2
  - - 1176
    - 1
  - - 1177
    - 6
  - - 1178
    - 5
  - - 1179
    - 1
  - - 1180
    - 4
  - - 1181
    - 10
  - - 1182
    - 4
  - - 1183
    - 3
  - - 1185
    - 4
  - - 1186
    - 3
  - - 1187
    - 2
  - - 1188
    - 1
  - - 1189
    - 3
  - - 1190
    - 2
  - - 1191
    - 3
  - - 1192
    - 3
  - - 1193
    - 2
  - - 1194
    - 4
  - - 1195
    - 3
  - - 1196
    - 2
  - - 1197
    - 3
  - - 1198
    - 2
  - - 1199
    - 2
  - - 1200
    - 1
  - - 1201
    - 2
  - - 1202
    - 3
  - - 1203
    - 4
  - - 1204
    - 4
  - - 1205
    - 2
  - - 1206
    - 1
  - - 1207
    - 2
  - - 1208
    - 3
  - - 1209
    - 2
  - - 1210
    - 3
  - - 1211
    - 2
  - - 1212
    - 2
  - - 1213
    - 4
  - - 1214
    - 2
  - - 1215
    - 3
  - - 1216
    - 4
  - - 1217
    - 4
  - - 1218
    - 4
  - - 1219
    - 1
  - - 1220
    - 4
  - - 1221
    - 3
  - - 1222
    - 1
  - - 1223
    - 5
  - - 1224
    - 6
  - - 1225
    - 1
  - - 1226
    - 1
  - - 1227
    - 1
  - - 1228
    - 2
  - - 1229
    - 4
  - - 1230
    - 3
  - - 1231
    - 4
  - - 1232
    - 1
  - - 1233
    - 4
  - - 1234
    - 1
  - - 1235
    - 5
  - - 1236
    - 1
  - - 1238
    - 1
  - - 1239
    - 2
  - - 1240
    - 1
  - - 1242
    - 1
  - - 1244
    - 2
  - - 1245
    - 1
  - - 1246
    - 1
  - - 1247
    - 1
  - - 1249
    - 4
  - - 1250
    - 2
  - - 1251
    - 4
  - - 1252
    - 2
  - - 1254
    - 3
  - - 1255
    - 4
  - - 1257
    - 1
  - - 1258
    - 2
  - - 1259
    - 3
  - - 1261
    - 2
  - - 1262
    - 3
  - - 1264
    - 3
  - - 1266
    - 5
  - - 1267
    - 2
  - - 1270
    - 2
  - - 1272
    - 3
  - - 1273
    - 1
  - - 1274
    - 4
  - - 1275
    - 1
  - - 1276
    - 1
  - - 1279
    - 1
  - - 1280
    - 1
  - - 1283
    - 2
  - - 1285
    - 1
  - - 1286
    - 2
  - - 1287
    - 4
  - - 1288
    - 1
  - - 1290
    - 1
  - - 1293
    - 2
  - - 1297
    - 1
  - - 1298
    - 3
  - - 1299
    - 3
  - - 1300
    - 1
  - - 1302
    - 2
  - - 1303
    - 1
  - - 1304
    - 3
  - - 1305
    - 2
  - - 1307
    - 1
  - - 1325
    - 1
  - - 1328
    - 1
  - - 1330
    - 1
  - - 1333
    - 1
  - - 1335
    - 1
  - - 1342
    - 1
  - - 1343
    - 1
  - - 1346
    - 1
  - - 1347
    - 1
  - - 1352
    - 1
  - - 1353
    - 1
  - - 1355
    - 1
  - - 1356
    - 1
  - - 1358
    - 1
  - - 1359
    - 1
  - - 1361
    - 1
  - - 1364
    - 1
  - - 1371
    - 1
  - - 1374
    - 1
  - - 1376
    - 2
  - - 1382
    - 1
  - - 1387
    - 1
  - - 1391
    - 2
  - - 1394
    - 1
  - - 1400
    - 2
  - - 1406
    - 1
  - - 1408
    - 1
  - - 1409
    - 1
  - - 1422
    - 1
  - - 1430
    - 1
  - - 1432
    - 1
  - - 1447
    - 1
  - - 1469
    - 1
  - - 1473
    - 2
  - - 1482
    - 1
  - - 1491
    - 1
  - - 1505
    - 1
  - - 1524
    - 1
  - - 1541
    - 1
  - - 1543
    - 1
  - - 1567
    - 1
  - - 1592
    - 1
  latency_50_percentile: 107.0
  latency_95_percentile: 615.0
  latency_99_5_percentile: 1150.6949999999924
  latency_99_percentile: 1039.0
  max_kubedns_cpu: 678
  max_kubedns_memory: 31
  max_latency: 1.592663
  max_perfserver_cpu: 0
  max_perfserver_memory: 0
  min_latency: 0.001385
  msg: null
  ok: true
  qps: 616.431277
  queries_completed: 74062
  queries_lost: 0
  queries_sent: 74062
  run_time: 120.146402
  stddev_latency: 0.192898
params:
  max_qps: null
  pod_name: dns-perf-client-858fb7568b-5sw5v
  query_file: all-queries.txt
  run_id: 1777664685
  run_length_seconds: 120
  run_subid: 0
stderr:
- ''
stdout:
- DNS Performance Testing Tool
- Nominum Version 2.1.0.0
- ''
- '[Status] Command line: dnsperf -s 10.0.0.10 -l 120 -d /queries/all-queries.txt'
- '[Status] Sending queries (to 10.0.0.10)'
- '[Status] Started at: Fri May  1 19:45:19 2026'
- '[Status] Stopping after 120.000000 seconds'
- '[Status] Testing complete (time limit)'
- ''
- 'Statistics:'
- ''
- '  Queries sent:         74062'
- '  Queries completed:    74062 (100.00%)'
- '  Queries lost:         0 (0.00%)'
- ''
- '  Response codes:       NOERROR 8886 (12.00%), NXDOMAIN 65176 (88.00%)'
- '  Average packet size:  request 39, response 122'
- '  Run time (s):         120.146402'
- '  Queries per second:   616.431277'
- ''
- '  Average Latency (s):  0.161942 (min 0.001385, max 1.592663)'
- '  Latency StdDev (s):   0.192898'
- ''
- '  Latency histogram'
- '#histogram 0 0'
- '#histogram 1 7'
- '#histogram 2 50'
- '#histogram 3 100'
- '#histogram 4 124'
- '#histogram 5 131'
- '#histogram 6 137'
- '#histogram 7 156'
- '#histogram 8 200'
- '#histogram 9 180'
- '#histogram 10 222'
- '#histogram 11 203'
- '#histogram 12 204'
- '#histogram 13 230'
- '#histogram 14 181'
- '#histogram 15 216'
- '#histogram 16 234'
- '#histogram 17 191'
- '#histogram 18 217'
- '#histogram 19 237'
- '#histogram 20 218'
- '#histogram 21 264'
- '#histogram 22 225'
- '#histogram 23 250'
- '#histogram 24 256'
- '#histogram 25 259'
- '#histogram 26 260'
- '#histogram 27 228'
- '#histogram 28 243'
- '#histogram 29 235'
- '#histogram 30 276'
- '#histogram 31 259'
- '#histogram 32 305'
- '#histogram 33 281'
- '#histogram 34 318'
- '#histogram 35 309'
- '#histogram 36 300'
- '#histogram 37 331'
- '#histogram 38 382'
- '#histogram 39 336'
- '#histogram 40 325'
- '#histogram 41 338'
- '#histogram 42 358'
- '#histogram 43 338'
- '#histogram 44 378'
- '#histogram 45 331'
- '#histogram 46 373'
- '#histogram 47 359'
- '#histogram 48 355'
- '#histogram 49 292'
- '#histogram 50 345'
- '#histogram 51 362'
- '#histogram 52 422'
- '#histogram 53 357'
- '#histogram 54 395'
- '#histogram 55 403'
- '#histogram 56 448'
- '#histogram 57 403'
- '#histogram 58 400'
- '#histogram 59 411'
- '#histogram 60 434'
- '#histogram 61 428'
- '#histogram 62 411'
- '#histogram 63 420'
- '#histogram 64 415'
- '#histogram 65 405'
- '#histogram 66 425'
- '#histogram 67 436'
- '#histogram 68 410'
- '#histogram 69 427'
- '#histogram 70 422'
- '#histogram 71 457'
- '#histogram 72 424'
- '#histogram 73 416'
- '#histogram 74 426'
- '#histogram 75 443'
- '#histogram 76 462'
- '#histogram 77 427'
- '#histogram 78 445'
- '#histogram 79 420'
- '#histogram 80 405'
- '#histogram 81 468'
- '#histogram 82 415'
- '#histogram 83 444'
- '#histogram 84 442'
- '#histogram 85 469'
- '#histogram 86 449'
- '#histogram 87 430'
- '#histogram 88 450'
- '#histogram 89 433'
- '#histogram 90 447'
- '#histogram 91 502'
- '#histogram 92 431'
- '#histogram 93 398'
- '#histogram 94 480'
- '#histogram 95 477'
- '#histogram 96 462'
- '#histogram 97 433'
- '#histogram 98 455'
- '#histogram 99 436'
- '#histogram 100 440'
- '#histogram 101 458'
- '#histogram 102 465'
- '#histogram 103 428'
- '#histogram 104 387'
- '#histogram 105 412'
- '#histogram 106 417'
- '#histogram 107 403'
- '#histogram 108 407'
- '#histogram 109 420'
- '#histogram 110 439'
- '#histogram 111 448'
- '#histogram 112 388'
- '#histogram 113 398'
- '#histogram 114 382'
- '#histogram 115 371'
- '#histogram 116 396'
- '#histogram 117 411'
- '#histogram 118 417'
- '#histogram 119 397'
- '#histogram 120 345'
- '#histogram 121 418'
- '#histogram 122 339'
- '#histogram 123 335'
- '#histogram 124 380'
- '#histogram 125 374'
- '#histogram 126 307'
- '#histogram 127 342'
- '#histogram 128 329'
- '#histogram 129 337'
- '#histogram 130 343'
- '#histogram 131 310'
- '#histogram 132 334'
- '#histogram 133 362'
- '#histogram 134 289'
- '#histogram 135 340'
- '#histogram 136 281'
- '#histogram 137 305'
- '#histogram 138 299'
- '#histogram 139 295'
- '#histogram 140 303'
- '#histogram 141 312'
- '#histogram 142 288'
- '#histogram 143 278'
- '#histogram 144 265'
- '#histogram 145 285'
- '#histogram 146 271'
- '#histogram 147 298'
- '#histogram 148 239'
- '#histogram 149 221'
- '#histogram 150 247'
- '#histogram 151 263'
- '#histogram 152 274'
- '#histogram 153 258'
- '#histogram 154 302'
- '#histogram 155 247'
- '#histogram 156 242'
- '#histogram 157 243'
- '#histogram 158 283'
- '#histogram 159 232'
- '#histogram 160 216'
- '#histogram 161 219'
- '#histogram 162 200'
- '#histogram 163 202'
- '#histogram 164 204'
- '#histogram 165 198'
- '#histogram 166 208'
- '#histogram 167 198'
- '#histogram 168 208'
- '#histogram 169 208'
- '#histogram 170 207'
- '#histogram 171 207'
- '#histogram 172 178'
- '#histogram 173 206'
- '#histogram 174 174'
- '#histogram 175 200'
- '#histogram 176 195'
- '#histogram 177 164'
- '#histogram 178 176'
- '#histogram 179 164'
- '#histogram 180 176'
- '#histogram 181 180'
- '#histogram 182 154'
- '#histogram 183 158'
- '#histogram 184 137'
- '#histogram 185 172'
- '#histogram 186 166'
- '#histogram 187 187'
- '#histogram 188 169'
- '#histogram 189 155'
- '#histogram 190 122'
- '#histogram 191 159'
- '#histogram 192 166'
- '#histogram 193 133'
- '#histogram 194 139'
- '#histogram 195 128'
- '#histogram 196 146'
- '#histogram 197 130'
- '#histogram 198 128'
- '#histogram 199 131'
- '#histogram 200 133'
- '#histogram 201 143'
- '#histogram 202 124'
- '#histogram 203 142'
- '#histogram 204 101'
- '#histogram 205 125'
- '#histogram 206 126'
- '#histogram 207 131'
- '#histogram 208 100'
- '#histogram 209 114'
- '#histogram 210 99'
- '#histogram 211 93'
- '#histogram 212 85'
- '#histogram 213 98'
- '#histogram 214 100'
- '#histogram 215 92'
- '#histogram 216 79'
- '#histogram 217 89'
- '#histogram 218 80'
- '#histogram 219 87'
- '#histogram 220 68'
- '#histogram 221 74'
- '#histogram 222 82'
- '#histogram 223 100'
- '#histogram 224 73'
- '#histogram 225 88'
- '#histogram 226 80'
- '#histogram 227 70'
- '#histogram 228 73'
- '#histogram 229 69'
- '#histogram 230 71'
- '#histogram 231 85'
- '#histogram 232 69'
- '#histogram 233 64'
- '#histogram 234 61'
- '#histogram 235 73'
- '#histogram 236 61'
- '#histogram 237 47'
- '#histogram 238 52'
- '#histogram 239 62'
- '#histogram 240 82'
- '#histogram 241 79'
- '#histogram 242 54'
- '#histogram 243 42'
- '#histogram 244 55'
- '#histogram 245 69'
- '#histogram 246 56'
- '#histogram 247 59'
- '#histogram 248 60'
- '#histogram 249 35'
- '#histogram 250 53'
- '#histogram 251 50'
- '#histogram 252 51'
- '#histogram 253 62'
- '#histogram 254 51'
- '#histogram 255 60'
- '#histogram 256 41'
- '#histogram 257 40'
- '#histogram 258 38'
- '#histogram 259 34'
- '#histogram 260 40'
- '#histogram 261 38'
- '#histogram 262 39'
- '#histogram 263 46'
- '#histogram 264 31'
- '#histogram 265 44'
- '#histogram 266 26'
- '#histogram 267 29'
- '#histogram 268 37'
- '#histogram 269 34'
- '#histogram 270 35'
- '#histogram 271 38'
- '#histogram 272 31'
- '#histogram 273 33'
- '#histogram 274 30'
- '#histogram 275 39'
- '#histogram 276 38'
- '#histogram 277 30'
- '#histogram 278 34'
- '#histogram 279 37'
- '#histogram 280 25'
- '#histogram 281 30'
- '#histogram 282 29'
- '#histogram 283 32'
- '#histogram 284 29'
- '#histogram 285 28'
- '#histogram 286 24'
- '#histogram 287 20'
- '#histogram 288 35'
- '#histogram 289 24'
- '#histogram 290 30'
- '#histogram 291 34'
- '#histogram 292 20'
- '#histogram 293 33'
- '#histogram 294 28'
- '#histogram 295 21'
- '#histogram 296 18'
- '#histogram 297 17'
- '#histogram 298 33'
- '#histogram 299 17'
- '#histogram 300 34'
- '#histogram 301 26'
- '#histogram 302 28'
- '#histogram 303 23'
- '#histogram 304 18'
- '#histogram 305 23'
- '#histogram 306 26'
- '#histogram 307 24'
- '#histogram 308 18'
- '#histogram 309 16'
- '#histogram 310 26'
- '#histogram 311 13'
- '#histogram 312 24'
- '#histogram 313 10'
- '#histogram 314 16'
- '#histogram 315 17'
- '#histogram 316 19'
- '#histogram 317 17'
- '#histogram 318 16'
- '#histogram 319 14'
- '#histogram 320 16'
- '#histogram 321 19'
- '#histogram 322 13'
- '#histogram 323 22'
- '#histogram 324 25'
- '#histogram 325 24'
- '#histogram 326 16'
- '#histogram 327 15'
- '#histogram 328 14'
- '#histogram 329 17'
- '#histogram 330 16'
- '#histogram 331 12'
- '#histogram 332 8'
- '#histogram 333 11'
- '#histogram 334 12'
- '#histogram 335 7'
- '#histogram 336 12'
- '#histogram 337 14'
- '#histogram 338 17'
- '#histogram 339 26'
- '#histogram 340 16'
- '#histogram 341 16'
- '#histogram 342 11'
- '#histogram 343 17'
- '#histogram 344 8'
- '#histogram 345 18'
- '#histogram 346 15'
- '#histogram 347 13'
- '#histogram 348 19'
- '#histogram 349 11'
- '#histogram 350 8'
- '#histogram 351 18'
- '#histogram 352 11'
- '#histogram 353 16'
- '#histogram 354 15'
- '#histogram 355 14'
- '#histogram 356 19'
- '#histogram 357 12'
- '#histogram 358 14'
- '#histogram 359 19'
- '#histogram 360 10'
- '#histogram 361 8'
- '#histogram 362 16'
- '#histogram 363 13'
- '#histogram 364 9'
- '#histogram 365 11'
- '#histogram 366 10'
- '#histogram 367 11'
- '#histogram 368 11'
- '#histogram 369 13'
- '#histogram 370 10'
- '#histogram 371 13'
- '#histogram 372 10'
- '#histogram 373 13'
- '#histogram 374 9'
- '#histogram 375 5'
- '#histogram 376 13'
- '#histogram 377 13'
- '#histogram 378 6'
- '#histogram 379 13'
- '#histogram 380 7'
- '#histogram 381 20'
- '#histogram 382 14'
- '#histogram 383 8'
- '#histogram 384 13'
- '#histogram 385 7'
- '#histogram 386 16'
- '#histogram 387 15'
- '#histogram 388 11'
- '#histogram 389 16'
- '#histogram 390 15'
- '#histogram 391 13'
- '#histogram 392 11'
- '#histogram 393 12'
- '#histogram 394 11'
- '#histogram 395 15'
- '#histogram 396 10'
- '#histogram 397 10'
- '#histogram 398 14'
- '#histogram 399 9'
- '#histogram 400 8'
- '#histogram 401 9'
- '#histogram 402 17'
- '#histogram 403 14'
- '#histogram 404 11'
- '#histogram 405 14'
- '#histogram 406 9'
- '#histogram 407 7'
- '#histogram 408 12'
- '#histogram 409 15'
- '#histogram 410 14'
- '#histogram 411 10'
- '#histogram 412 8'
- '#histogram 413 8'
- '#histogram 414 8'
- '#histogram 415 9'
- '#histogram 416 15'
- '#histogram 417 12'
- '#histogram 418 8'
- '#histogram 419 12'
- '#histogram 420 10'
- '#histogram 421 14'
- '#histogram 422 8'
- '#histogram 423 12'
- '#histogram 424 5'
- '#histogram 425 11'
- '#histogram 426 8'
- '#histogram 427 15'
- '#histogram 428 14'
- '#histogram 429 11'
- '#histogram 430 15'
- '#histogram 431 2'
- '#histogram 432 11'
- '#histogram 433 11'
- '#histogram 434 9'
- '#histogram 435 9'
- '#histogram 436 14'
- '#histogram 437 11'
- '#histogram 438 11'
- '#histogram 439 16'
- '#histogram 440 5'
- '#histogram 441 11'
- '#histogram 442 14'
- '#histogram 443 9'
- '#histogram 444 10'
- '#histogram 445 12'
- '#histogram 446 12'
- '#histogram 447 11'
- '#histogram 448 15'
- '#histogram 449 13'
- '#histogram 450 11'
- '#histogram 451 15'
- '#histogram 452 10'
- '#histogram 453 6'
- '#histogram 454 10'
- '#histogram 455 10'
- '#histogram 456 12'
- '#histogram 457 7'
- '#histogram 458 9'
- '#histogram 459 12'
- '#histogram 460 7'
- '#histogram 461 14'
- '#histogram 462 18'
- '#histogram 463 12'
- '#histogram 464 6'
- '#histogram 465 19'
- '#histogram 466 8'
- '#histogram 467 7'
- '#histogram 468 10'
- '#histogram 469 5'
- '#histogram 470 8'
- '#histogram 471 16'
- '#histogram 472 20'
- '#histogram 473 13'
- '#histogram 474 8'
- '#histogram 475 10'
- '#histogram 476 11'
- '#histogram 477 15'
- '#histogram 478 7'
- '#histogram 479 12'
- '#histogram 480 9'
- '#histogram 481 13'
- '#histogram 482 10'
- '#histogram 483 11'
- '#histogram 484 11'
- '#histogram 485 13'
- '#histogram 486 13'
- '#histogram 487 11'
- '#histogram 488 13'
- '#histogram 489 14'
- '#histogram 490 7'
- '#histogram 491 4'
- '#histogram 492 10'
- '#histogram 493 13'
- '#histogram 494 13'
- '#histogram 495 10'
- '#histogram 496 9'
- '#histogram 497 7'
- '#histogram 498 8'
- '#histogram 499 11'
- '#histogram 500 14'
- '#histogram 501 12'
- '#histogram 502 10'
- '#histogram 503 8'
- '#histogram 504 6'
- '#histogram 505 10'
- '#histogram 506 5'
- '#histogram 507 8'
- '#histogram 508 8'
- '#histogram 509 14'
- '#histogram 510 10'
- '#histogram 511 11'
- '#histogram 512 10'
- '#histogram 513 11'
- '#histogram 514 4'
- '#histogram 515 9'
- '#histogram 516 13'
- '#histogram 517 10'
- '#histogram 518 12'
- '#histogram 519 8'
- '#histogram 520 5'
- '#histogram 521 7'
- '#histogram 522 14'
- '#histogram 523 5'
- '#histogram 524 15'
- '#histogram 525 8'
- '#histogram 526 7'
- '#histogram 527 10'
- '#histogram 528 8'
- '#histogram 529 3'
- '#histogram 530 12'
- '#histogram 531 12'
- '#histogram 532 9'
- '#histogram 533 8'
- '#histogram 534 6'
- '#histogram 535 4'
- '#histogram 536 7'
- '#histogram 537 10'
- '#histogram 538 7'
- '#histogram 539 12'
- '#histogram 540 16'
- '#histogram 541 14'
- '#histogram 542 5'
- '#histogram 543 10'
- '#histogram 544 10'
- '#histogram 545 19'
- '#histogram 546 11'
- '#histogram 547 13'
- '#histogram 548 8'
- '#histogram 549 12'
- '#histogram 550 15'
- '#histogram 551 12'
- '#histogram 552 12'
- '#histogram 553 10'
- '#histogram 554 5'
- '#histogram 555 12'
- '#histogram 556 8'
- '#histogram 557 5'
- '#histogram 558 5'
- '#histogram 559 8'
- '#histogram 560 11'
- '#histogram 561 9'
- '#histogram 562 8'
- '#histogram 563 7'
- '#histogram 564 7'
- '#histogram 565 13'
- '#histogram 566 12'
- '#histogram 567 6'
- '#histogram 568 6'
- '#histogram 569 16'
- '#histogram 570 8'
- '#histogram 571 13'
- '#histogram 572 9'
- '#histogram 573 9'
- '#histogram 574 19'
- '#histogram 575 7'
- '#histogram 576 5'
- '#histogram 577 3'
- '#histogram 578 7'
- '#histogram 579 11'
- '#histogram 580 14'
- '#histogram 581 3'
- '#histogram 582 6'
- '#histogram 583 8'
- '#histogram 584 6'
- '#histogram 585 5'
- '#histogram 586 6'
- '#histogram 587 8'
- '#histogram 588 6'
- '#histogram 589 11'
- '#histogram 590 13'
- '#histogram 591 9'
- '#histogram 592 5'
- '#histogram 593 10'
- '#histogram 594 7'
- '#histogram 595 11'
- '#histogram 596 5'
- '#histogram 597 10'
- '#histogram 598 10'
- '#histogram 599 4'
- '#histogram 600 7'
- '#histogram 601 6'
- '#histogram 602 3'
- '#histogram 603 9'
- '#histogram 604 3'
- '#histogram 605 8'
- '#histogram 606 5'
- '#histogram 607 10'
- '#histogram 608 10'
- '#histogram 609 8'
- '#histogram 610 5'
- '#histogram 611 9'
- '#histogram 612 8'
- '#histogram 613 11'
- '#histogram 614 4'
- '#histogram 615 11'
- '#histogram 616 6'
- '#histogram 617 13'
- '#histogram 618 10'
- '#histogram 619 9'
- '#histogram 620 3'
- '#histogram 621 8'
- '#histogram 622 12'
- '#histogram 623 11'
- '#histogram 624 6'
- '#histogram 625 7'
- '#histogram 626 7'
- '#histogram 627 11'
- '#histogram 628 10'
- '#histogram 629 10'
- '#histogram 630 9'
- '#histogram 631 8'
- '#histogram 632 12'
- '#histogram 633 10'
- '#histogram 634 3'
- '#histogram 635 8'
- '#histogram 636 7'
- '#histogram 637 1'
- '#histogram 638 3'
- '#histogram 639 6'
- '#histogram 640 11'
- '#histogram 641 9'
- '#histogram 642 7'
- '#histogram 643 6'
- '#histogram 644 8'
- '#histogram 645 14'
- '#histogram 646 6'
- '#histogram 647 3'
- '#histogram 648 8'
- '#histogram 649 6'
- '#histogram 650 11'
- '#histogram 651 6'
- '#histogram 652 6'
- '#histogram 653 6'
- '#histogram 654 8'
- '#histogram 655 12'
- '#histogram 656 11'
- '#histogram 657 6'
- '#histogram 658 9'
- '#histogram 659 11'
- '#histogram 660 11'
- '#histogram 661 12'
- '#histogram 662 6'
- '#histogram 663 15'
- '#histogram 664 13'
- '#histogram 665 6'
- '#histogram 666 9'
- '#histogram 667 8'
- '#histogram 668 15'
- '#histogram 669 13'
- '#histogram 670 12'
- '#histogram 671 5'
- '#histogram 672 5'
- '#histogram 673 7'
- '#histogram 674 7'
- '#histogram 675 8'
- '#histogram 676 10'
- '#histogram 677 4'
- '#histogram 678 12'
- '#histogram 679 11'
- '#histogram 680 9'
- '#histogram 681 7'
- '#histogram 682 13'
- '#histogram 683 9'
- '#histogram 684 6'
- '#histogram 685 5'
- '#histogram 686 11'
- '#histogram 687 8'
- '#histogram 688 10'
- '#histogram 689 15'
- '#histogram 690 7'
- '#histogram 691 12'
- '#histogram 692 12'
- '#histogram 693 12'
- '#histogram 694 13'
- '#histogram 695 11'
- '#histogram 696 6'
- '#histogram 697 5'
- '#histogram 698 6'
- '#histogram 699 8'
- '#histogram 700 7'
- '#histogram 701 12'
- '#histogram 702 7'
- '#histogram 703 12'
- '#histogram 704 10'
- '#histogram 705 7'
- '#histogram 706 10'
- '#histogram 707 10'
- '#histogram 708 4'
- '#histogram 709 7'
- '#histogram 710 11'
- '#histogram 711 11'
- '#histogram 712 7'
- '#histogram 713 8'
- '#histogram 714 5'
- '#histogram 715 4'
- '#histogram 716 12'
- '#histogram 717 6'
- '#histogram 718 12'
- '#histogram 719 5'
- '#histogram 720 6'
- '#histogram 721 6'
- '#histogram 722 4'
- '#histogram 723 9'
- '#histogram 724 9'
- '#histogram 725 9'
- '#histogram 726 4'
- '#histogram 727 9'
- '#histogram 728 9'
- '#histogram 729 10'
- '#histogram 730 13'
- '#histogram 731 10'
- '#histogram 732 9'
- '#histogram 733 10'
- '#histogram 734 2'
- '#histogram 735 8'
- '#histogram 736 4'
- '#histogram 737 9'
- '#histogram 738 5'
- '#histogram 739 9'
- '#histogram 740 7'
- '#histogram 741 9'
- '#histogram 742 11'
- '#histogram 743 6'
- '#histogram 744 8'
- '#histogram 745 9'
- '#histogram 746 16'
- '#histogram 747 4'
- '#histogram 748 10'
- '#histogram 749 8'
- '#histogram 750 9'
- '#histogram 751 4'
- '#histogram 752 8'
- '#histogram 753 9'
- '#histogram 754 9'
- '#histogram 755 14'
- '#histogram 756 9'
- '#histogram 757 8'
- '#histogram 758 13'
- '#histogram 759 4'
- '#histogram 760 9'
- '#histogram 761 12'
- '#histogram 762 9'
- '#histogram 763 5'
- '#histogram 764 11'
- '#histogram 765 6'
- '#histogram 766 9'
- '#histogram 767 7'
- '#histogram 768 6'
- '#histogram 769 9'
- '#histogram 770 15'
- '#histogram 771 13'
- '#histogram 772 11'
- '#histogram 773 10'
- '#histogram 774 11'
- '#histogram 775 9'
- '#histogram 776 9'
- '#histogram 777 14'
- '#histogram 778 9'
- '#histogram 779 8'
- '#histogram 780 9'
- '#histogram 781 9'
- '#histogram 782 4'
- '#histogram 783 6'
- '#histogram 784 4'
- '#histogram 785 6'
- '#histogram 786 4'
- '#histogram 787 10'
- '#histogram 788 6'
- '#histogram 789 5'
- '#histogram 790 8'
- '#histogram 791 14'
- '#histogram 792 6'
- '#histogram 793 4'
- '#histogram 794 11'
- '#histogram 795 10'
- '#histogram 796 5'
- '#histogram 797 3'
- '#histogram 798 6'
- '#histogram 799 11'
- '#histogram 800 6'
- '#histogram 801 10'
- '#histogram 802 5'
- '#histogram 803 6'
- '#histogram 804 8'
- '#histogram 805 9'
- '#histogram 806 5'
- '#histogram 807 5'
- '#histogram 808 11'
- '#histogram 809 7'
- '#histogram 810 7'
- '#histogram 811 5'
- '#histogram 812 12'
- '#histogram 813 8'
- '#histogram 814 6'
- '#histogram 815 9'
- '#histogram 816 11'
- '#histogram 817 10'
- '#histogram 818 4'
- '#histogram 819 11'
- '#histogram 820 5'
- '#histogram 821 4'
- '#histogram 822 5'
- '#histogram 823 9'
- '#histogram 824 6'
- '#histogram 825 5'
- '#histogram 826 10'
- '#histogram 827 7'
- '#histogram 828 10'
- '#histogram 829 13'
- '#histogram 830 8'
- '#histogram 831 6'
- '#histogram 832 4'
- '#histogram 833 14'
- '#histogram 834 13'
- '#histogram 835 8'
- '#histogram 836 9'
- '#histogram 837 6'
- '#histogram 838 4'
- '#histogram 839 10'
- '#histogram 840 7'
- '#histogram 841 10'
- '#histogram 842 2'
- '#histogram 843 5'
- '#histogram 844 9'
- '#histogram 845 11'
- '#histogram 846 6'
- '#histogram 847 7'
- '#histogram 848 7'
- '#histogram 849 13'
- '#histogram 850 6'
- '#histogram 851 9'
- '#histogram 852 9'
- '#histogram 853 6'
- '#histogram 854 6'
- '#histogram 855 8'
- '#histogram 856 3'
- '#histogram 857 7'
- '#histogram 858 10'
- '#histogram 859 7'
- '#histogram 860 9'
- '#histogram 861 6'
- '#histogram 862 8'
- '#histogram 863 2'
- '#histogram 864 7'
- '#histogram 865 4'
- '#histogram 866 7'
- '#histogram 867 4'
- '#histogram 868 12'
- '#histogram 869 7'
- '#histogram 870 5'
- '#histogram 871 8'
- '#histogram 872 7'
- '#histogram 873 7'
- '#histogram 874 3'
- '#histogram 875 8'
- '#histogram 876 4'
- '#histogram 877 5'
- '#histogram 878 3'
- '#histogram 879 5'
- '#histogram 880 4'
- '#histogram 881 7'
- '#histogram 882 11'
- '#histogram 883 8'
- '#histogram 884 6'
- '#histogram 885 2'
- '#histogram 886 4'
- '#histogram 887 6'
- '#histogram 888 2'
- '#histogram 889 9'
- '#histogram 890 5'
- '#histogram 891 6'
- '#histogram 892 6'
- '#histogram 893 2'
- '#histogram 894 4'
- '#histogram 895 6'
- '#histogram 896 5'
- '#histogram 897 8'
- '#histogram 898 5'
- '#histogram 899 10'
- '#histogram 900 9'
- '#histogram 901 2'
- '#histogram 902 5'
- '#histogram 903 7'
- '#histogram 904 7'
- '#histogram 905 4'
- '#histogram 906 9'
- '#histogram 907 3'
- '#histogram 908 6'
- '#histogram 909 3'
- '#histogram 910 5'
- '#histogram 911 4'
- '#histogram 912 6'
- '#histogram 913 7'
- '#histogram 914 4'
- '#histogram 915 5'
- '#histogram 916 4'
- '#histogram 917 6'
- '#histogram 918 5'
- '#histogram 919 6'
- '#histogram 920 3'
- '#histogram 921 4'
- '#histogram 922 8'
- '#histogram 923 5'
- '#histogram 924 8'
- '#histogram 925 3'
- '#histogram 926 5'
- '#histogram 927 11'
- '#histogram 928 4'
- '#histogram 929 5'
- '#histogram 930 9'
- '#histogram 931 11'
- '#histogram 932 3'
- '#histogram 933 4'
- '#histogram 934 4'
- '#histogram 935 6'
- '#histogram 936 7'
- '#histogram 937 6'
- '#histogram 938 6'
- '#histogram 939 4'
- '#histogram 940 3'
- '#histogram 941 6'
- '#histogram 942 3'
- '#histogram 943 5'
- '#histogram 944 4'
- '#histogram 945 2'
- '#histogram 946 8'
- '#histogram 947 4'
- '#histogram 948 4'
- '#histogram 949 6'
- '#histogram 950 5'
- '#histogram 951 5'
- '#histogram 952 7'
- '#histogram 953 2'
- '#histogram 954 12'
- '#histogram 955 6'
- '#histogram 956 4'
- '#histogram 957 6'
- '#histogram 958 5'
- '#histogram 959 4'
- '#histogram 960 7'
- '#histogram 961 6'
- '#histogram 962 5'
- '#histogram 963 9'
- '#histogram 964 4'
- '#histogram 965 1'
- '#histogram 966 8'
- '#histogram 967 4'
- '#histogram 968 10'
- '#histogram 969 5'
- '#histogram 970 8'
- '#histogram 971 4'
- '#histogram 972 5'
- '#histogram 973 12'
- '#histogram 974 5'
- '#histogram 975 6'
- '#histogram 976 4'
- '#histogram 977 8'
- '#histogram 978 6'
- '#histogram 979 6'
- '#histogram 980 8'
- '#histogram 981 9'
- '#histogram 982 4'
- '#histogram 983 6'
- '#histogram 984 2'
- '#histogram 985 10'
- '#histogram 986 1'
- '#histogram 987 6'
- '#histogram 988 8'
- '#histogram 989 2'
- '#histogram 990 3'
- '#histogram 991 4'
- '#histogram 992 2'
- '#histogram 993 1'
- '#histogram 994 3'
- '#histogram 995 3'
- '#histogram 996 9'
- '#histogram 997 4'
- '#histogram 998 5'
- '#histogram 999 2'
- '#histogram 1000 5'
- '#histogram 1001 3'
- '#histogram 1002 3'
- '#histogram 1003 5'
- '#histogram 1004 5'
- '#histogram 1005 5'
- '#histogram 1006 4'
- '#histogram 1007 3'
- '#histogram 1008 7'
- '#histogram 1009 3'
- '#histogram 1010 4'
- '#histogram 1011 5'
- '#histogram 1012 4'
- '#histogram 1013 4'
- '#histogram 1014 7'
- '#histogram 1015 2'
- '#histogram 1016 3'
- '#histogram 1017 4'
- '#histogram 1018 5'
- '#histogram 1019 3'
- '#histogram 1020 5'
- '#histogram 1021 4'
- '#histogram 1022 9'
- '#histogram 1023 5'
- '#histogram 1024 5'
- '#histogram 1025 3'
- '#histogram 1026 7'
- '#histogram 1027 1'
- '#histogram 1028 7'
- '#histogram 1029 7'
- '#histogram 1030 3'
- '#histogram 1031 3'
- '#histogram 1032 4'
- '#histogram 1033 2'
- '#histogram 1034 4'
- '#histogram 1035 3'
- '#histogram 1036 1'
- '#histogram 1037 7'
- '#histogram 1038 1'
- '#histogram 1039 8'
- '#histogram 1040 2'
- '#histogram 1041 5'
- '#histogram 1042 4'
- '#histogram 1043 5'
- '#histogram 1044 3'
- '#histogram 1045 5'
- '#histogram 1046 4'
- '#histogram 1047 4'
- '#histogram 1048 5'
- '#histogram 1049 1'
- '#histogram 1050 4'
- '#histogram 1052 4'
- '#histogram 1053 6'
- '#histogram 1054 1'
- '#histogram 1055 5'
- '#histogram 1056 2'
- '#histogram 1057 4'
- '#histogram 1058 7'
- '#histogram 1059 2'
- '#histogram 1060 5'
- '#histogram 1061 8'
- '#histogram 1062 5'
- '#histogram 1063 2'
- '#histogram 1064 1'
- '#histogram 1065 9'
- '#histogram 1066 3'
- '#histogram 1067 9'
- '#histogram 1068 1'
- '#histogram 1069 2'
- '#histogram 1070 6'
- '#histogram 1071 5'
- '#histogram 1072 4'
- '#histogram 1073 1'
- '#histogram 1074 5'
- '#histogram 1075 5'
- '#histogram 1076 4'
- '#histogram 1077 4'
- '#histogram 1078 3'
- '#histogram 1079 2'
- '#histogram 1080 5'
- '#histogram 1081 2'
- '#histogram 1082 4'
- '#histogram 1083 4'
- '#histogram 1084 8'
- '#histogram 1085 6'
- '#histogram 1087 2'
- '#histogram 1088 2'
- '#histogram 1089 7'
- '#histogram 1090 5'
- '#histogram 1091 2'
- '#histogram 1092 4'
- '#histogram 1093 1'
- '#histogram 1094 5'
- '#histogram 1095 5'
- '#histogram 1096 2'
- '#histogram 1098 1'
- '#histogram 1099 5'
- '#histogram 1100 3'
- '#histogram 1101 2'
- '#histogram 1102 4'
- '#histogram 1103 4'
- '#histogram 1104 3'
- '#histogram 1105 5'
- '#histogram 1106 3'
- '#histogram 1107 4'
- '#histogram 1108 4'
- '#histogram 1109 1'
- '#histogram 1110 5'
- '#histogram 1111 3'
- '#histogram 1112 2'
- '#histogram 1113 5'
- '#histogram 1114 4'
- '#histogram 1115 2'
- '#histogram 1116 1'
- '#histogram 1117 1'
- '#histogram 1119 3'
- '#histogram 1120 5'
- '#histogram 1121 1'
- '#histogram 1122 4'
- '#histogram 1123 4'
- '#histogram 1124 4'
- '#histogram 1125 2'
- '#histogram 1126 4'
- '#histogram 1128 2'
- '#histogram 1129 2'
- '#histogram 1130 1'
- '#histogram 1131 5'
- '#histogram 1132 4'
- '#histogram 1133 2'
- '#histogram 1134 4'
- '#histogram 1135 1'
- '#histogram 1136 1'
- '#histogram 1138 3'
- '#histogram 1139 1'
- '#histogram 1140 4'
- '#histogram 1141 3'
- '#histogram 1142 5'
- '#histogram 1143 2'
- '#histogram 1144 1'
- '#histogram 1145 2'
- '#histogram 1146 3'
- '#histogram 1147 4'
- '#histogram 1148 2'
- '#histogram 1149 2'
- '#histogram 1150 1'
- '#histogram 1151 2'
- '#histogram 1153 2'
- '#histogram 1154 1'
- '#histogram 1156 2'
- '#histogram 1157 1'
- '#histogram 1158 4'
- '#histogram 1160 2'
- '#histogram 1161 3'
- '#histogram 1162 3'
- '#histogram 1163 1'
- '#histogram 1164 3'
- '#histogram 1165 3'
- '#histogram 1166 3'
- '#histogram 1167 6'
- '#histogram 1168 1'
- '#histogram 1169 4'
- '#histogram 1170 3'
- '#histogram 1171 5'
- '#histogram 1172 1'
- '#histogram 1173 1'
- '#histogram 1174 5'
- '#histogram 1175 2'
- '#histogram 1176 1'
- '#histogram 1177 6'
- '#histogram 1178 5'
- '#histogram 1179 1'
- '#histogram 1180 4'
- '#histogram 1181 10'
- '#histogram 1182 4'
- '#histogram 1183 3'
- '#histogram 1185 4'
- '#histogram 1186 3'
- '#histogram 1187 2'
- '#histogram 1188 1'
- '#histogram 1189 3'
- '#histogram 1190 2'
- '#histogram 1191 3'
- '#histogram 1192 3'
- '#histogram 1193 2'
- '#histogram 1194 4'
- '#histogram 1195 3'
- '#histogram 1196 2'
- '#histogram 1197 3'
- '#histogram 1198 2'
- '#histogram 1199 2'
- '#histogram 1200 1'
- '#histogram 1201 2'
- '#histogram 1202 3'
- '#histogram 1203 4'
- '#histogram 1204 4'
- '#histogram 1205 2'
- '#histogram 1206 1'
- '#histogram 1207 2'
- '#histogram 1208 3'
- '#histogram 1209 2'
- '#histogram 1210 3'
- '#histogram 1211 2'
- '#histogram 1212 2'
- '#histogram 1213 4'
- '#histogram 1214 2'
- '#histogram 1215 3'
- '#histogram 1216 4'
- '#histogram 1217 4'
- '#histogram 1218 4'
- '#histogram 1219 1'
- '#histogram 1220 4'
- '#histogram 1221 3'
- '#histogram 1222 1'
- '#histogram 1223 5'
- '#histogram 1224 6'
- '#histogram 1225 1'
- '#histogram 1226 1'
- '#histogram 1227 1'
- '#histogram 1228 2'
- '#histogram 1229 4'
- '#histogram 1230 3'
- '#histogram 1231 4'
- '#histogram 1232 1'
- '#histogram 1233 4'
- '#histogram 1234 1'
- '#histogram 1235 5'
- '#histogram 1236 1'
- '#histogram 1238 1'
- '#histogram 1239 2'
- '#histogram 1240 1'
- '#histogram 1242 1'
- '#histogram 1244 2'
- '#histogram 1245 1'
- '#histogram 1246 1'
- '#histogram 1247 1'
- '#histogram 1249 4'
- '#histogram 1250 2'
- '#histogram 1251 4'
- '#histogram 1252 2'
- '#histogram 1254 3'
- '#histogram 1255 4'
- '#histogram 1257 1'
- '#histogram 1258 2'
- '#histogram 1259 3'
- '#histogram 1261 2'
- '#histogram 1262 3'
- '#histogram 1264 3'
- '#histogram 1266 5'
- '#histogram 1267 2'
- '#histogram 1270 2'
- '#histogram 1272 3'
- '#histogram 1273 1'
- '#histogram 1274 4'
- '#histogram 1275 1'
- '#histogram 1276 1'
- '#histogram 1279 1'
- '#histogram 1280 1'
- '#histogram 1283 2'
- '#histogram 1285 1'
- '#histogram 1286 2'
- '#histogram 1287 4'
- '#histogram 1288 1'
- '#histogram 1290 1'
- '#histogram 1293 2'
- '#histogram 1297 1'
- '#histogram 1298 3'
- '#histogram 1299 3'
- '#histogram 1300 1'
- '#histogram 1302 2'
- '#histogram 1303 1'
- '#histogram 1304 3'
- '#histogram 1305 2'
- '#histogram 1307 1'
- '#histogram 1325 1'
- '#histogram 1328 1'
- '#histogram 1330 1'
- '#histogram 1333 1'
- '#histogram 1335 1'
- '#histogram 1342 1'
- '#histogram 1343 1'
- '#histogram 1346 1'
- '#histogram 1347 1'
- '#histogram 1352 1'
- '#histogram 1353 1'
- '#histogram 1355 1'
- '#histogram 1356 1'
- '#histogram 1358 1'
- '#histogram 1359 1'
- '#histogram 1361 1'
- '#histogram 1364 1'
- '#histogram 1371 1'
- '#histogram 1374 1'
- '#histogram 1376 2'
- '#histogram 1382 1'
- '#histogram 1387 1'
- '#histogram 1391 2'
- '#histogram 1394 1'
- '#histogram 1400 2'
- '#histogram 1406 1'
- '#histogram 1408 1'
- '#histogram 1409 1'
- '#histogram 1422 1'
- '#histogram 1430 1'
- '#histogram 1432 1'
- '#histogram 1447 1'
- '#histogram 1469 1'
- '#histogram 1473 2'
- '#histogram 1482 1'
- '#histogram 1491 1'
- '#histogram 1505 1'
- '#histogram 1524 1'
- '#histogram 1541 1'
- '#histogram 1543 1'
- '#histogram 1567 1'
- '#histogram 1592 1'
- ''
