code: 0
data:
  avg_latency: 0.152545
  histogram:
  - - 0
    - 0
  - - 2
    - 1
  - - 7
    - 2
  - - 8
    - 6
  - - 9
    - 2
  - - 10
    - 9
  - - 11
    - 10
  - - 12
    - 21
  - - 13
    - 22
  - - 14
    - 29
  - - 15
    - 34
  - - 16
    - 45
  - - 17
    - 58
  - - 18
    - 51
  - - 19
    - 89
  - - 20
    - 106
  - - 21
    - 120
  - - 22
    - 139
  - - 23
    - 141
  - - 24
    - 190
  - - 25
    - 196
  - - 26
    - 231
  - - 27
    - 238
  - - 28
    - 231
  - - 29
    - 282
  - - 30
    - 345
  - - 31
    - 368
  - - 32
    - 383
  - - 33
    - 364
  - - 34
    - 418
  - - 35
    - 410
  - - 36
    - 474
  - - 37
    - 484
  - - 38
    - 457
  - - 39
    - 489
  - - 40
    - 519
  - - 41
    - 558
  - - 42
    - 559
  - - 43
    - 578
  - - 44
    - 610
  - - 45
    - 602
  - - 46
    - 651
  - - 47
    - 703
  - - 48
    - 659
  - - 49
    - 706
  - - 50
    - 695
  - - 51
    - 657
  - - 52
    - 673
  - - 53
    - 702
  - - 54
    - 688
  - - 55
    - 666
  - - 56
    - 673
  - - 57
    - 662
  - - 58
    - 687
  - - 59
    - 709
  - - 60
    - 720
  - - 61
    - 702
  - - 62
    - 715
  - - 63
    - 756
  - - 64
    - 712
  - - 65
    - 707
  - - 66
    - 719
  - - 67
    - 659
  - - 68
    - 726
  - - 69
    - 676
  - - 70
    - 681
  - - 71
    - 708
  - - 72
    - 671
  - - 73
    - 633
  - - 74
    - 673
  - - 75
    - 696
  - - 76
    - 649
  - - 77
    - 649
  - - 78
    - 676
  - - 79
    - 564
  - - 80
    - 626
  - - 81
    - 581
  - - 82
    - 630
  - - 83
    - 650
  - - 84
    - 633
  - - 85
    - 626
  - - 86
    - 567
  - - 87
    - 589
  - - 88
    - 600
  - - 89
    - 603
  - - 90
    - 565
  - - 91
    - 564
  - - 92
    - 551
  - - 93
    - 528
  - - 94
    - 514
  - - 95
    - 537
  - - 96
    - 549
  - - 97
    - 498
  - - 98
    - 487
  - - 99
    - 484
  - - 100
    - 502
  - - 101
    - 481
  - - 102
    - 472
  - - 103
    - 486
  - - 104
    - 482
  - - 105
    - 461
  - - 106
    - 432
  - - 107
    - 488
  - - 108
    - 444
  - - 109
    - 363
  - - 110
    - 387
  - - 111
    - 368
  - - 112
    - 372
  - - 113
    - 337
  - - 114
    - 343
  - - 115
    - 343
  - - 116
    - 329
  - - 117
    - 303
  - - 118
    - 313
  - - 119
    - 275
  - - 120
    - 321
  - - 121
    - 340
  - - 122
    - 335
  - - 123
    - 308
  - - 124
    - 322
  - - 125
    - 312
  - - 126
    - 277
  - - 127
    - 299
  - - 128
    - 279
  - - 129
    - 262
  - - 130
    - 270
  - - 131
    - 266
  - - 132
    - 278
  - - 133
    - 257
  - - 134
    - 263
  - - 135
    - 253
  - - 136
    - 220
  - - 137
    - 237
  - - 138
    - 245
  - - 139
    - 228
  - - 140
    - 220
  - - 141
    - 189
  - - 142
    - 184
  - - 143
    - 229
  - - 144
    - 170
  - - 145
    - 194
  - - 146
    - 211
  - - 147
    - 187
  - - 148
    - 217
  - - 149
    - 228
  - - 150
    - 214
  - - 151
    - 211
  - - 152
    - 192
  - - 153
    - 221
  - - 154
    - 184
  - - 155
    - 169
  - - 156
    - 176
  - - 157
    - 157
  - - 158
    - 178
  - - 159
    - 186
  - - 160
    - 173
  - - 161
    - 153
  - - 162
    - 137
  - - 163
    - 125
  - - 164
    - 152
  - - 165
    - 124
  - - 166
    - 137
  - - 167
    - 137
  - - 168
    - 113
  - - 169
    - 135
  - - 170
    - 108
  - - 171
    - 115
  - - 172
    - 132
  - - 173
    - 126
  - - 174
    - 112
  - - 175
    - 101
  - - 176
    - 114
  - - 177
    - 105
  - - 178
    - 129
  - - 179
    - 118
  - - 180
    - 101
  - - 181
    - 105
  - - 182
    - 106
  - - 183
    - 107
  - - 184
    - 106
  - - 185
    - 105
  - - 186
    - 68
  - - 187
    - 102
  - - 188
    - 91
  - - 189
    - 99
  - - 190
    - 97
  - - 191
    - 97
  - - 192
    - 94
  - - 193
    - 101
  - - 194
    - 95
  - - 195
    - 96
  - - 196
    - 89
  - - 197
    - 80
  - - 198
    - 95
  - - 199
    - 89
  - - 200
    - 89
  - - 201
    - 72
  - - 202
    - 81
  - - 203
    - 76
  - - 204
    - 76
  - - 205
    - 65
  - - 206
    - 72
  - - 207
    - 74
  - - 208
    - 56
  - - 209
    - 63
  - - 210
    - 50
  - - 211
    - 53
  - - 212
    - 48
  - - 213
    - 60
  - - 214
    - 42
  - - 215
    - 68
  - - 216
    - 44
  - - 217
    - 58
  - - 218
    - 52
  - - 219
    - 57
  - - 220
    - 67
  - - 221
    - 38
  - - 222
    - 43
  - - 223
    - 59
  - - 224
    - 48
  - - 225
    - 55
  - - 226
    - 48
  - - 227
    - 35
  - - 228
    - 50
  - - 229
    - 42
  - - 230
    - 36
  - - 231
    - 38
  - - 232
    - 42
  - - 233
    - 60
  - - 234
    - 42
  - - 235
    - 44
  - - 236
    - 52
  - - 237
    - 49
  - - 238
    - 32
  - - 239
    - 46
  - - 240
    - 40
  - - 241
    - 33
  - - 242
    - 43
  - - 243
    - 33
  - - 244
    - 41
  - - 245
    - 34
  - - 246
    - 39
  - - 247
    - 46
  - - 248
    - 35
  - - 249
    - 27
  - - 250
    - 23
  - - 251
    - 33
  - - 252
    - 34
  - - 253
    - 26
  - - 254
    - 29
  - - 255
    - 34
  - - 256
    - 44
  - - 257
    - 25
  - - 258
    - 28
  - - 259
    - 35
  - - 260
    - 31
  - - 261
    - 32
  - - 262
    - 38
  - - 263
    - 51
  - - 264
    - 34
  - - 265
    - 45
  - - 266
    - 34
  - - 267
    - 37
  - - 268
    - 41
  - - 269
    - 26
  - - 270
    - 34
  - - 271
    - 33
  - - 272
    - 35
  - - 273
    - 31
  - - 274
    - 27
  - - 275
    - 30
  - - 276
    - 31
  - - 277
    - 29
  - - 278
    - 43
  - - 279
    - 28
  - - 280
    - 37
  - - 281
    - 30
  - - 282
    - 34
  - - 283
    - 30
  - - 284
    - 21
  - - 285
    - 28
  - - 286
    - 29
  - - 287
    - 31
  - - 288
    - 36
  - - 289
    - 35
  - - 290
    - 27
  - - 291
    - 22
  - - 292
    - 41
  - - 293
    - 25
  - - 294
    - 23
  - - 295
    - 27
  - - 296
    - 22
  - - 297
    - 30
  - - 298
    - 19
  - - 299
    - 33
  - - 300
    - 27
  - - 301
    - 29
  - - 302
    - 24
  - - 303
    - 18
  - - 304
    - 17
  - - 305
    - 30
  - - 306
    - 16
  - - 307
    - 29
  - - 308
    - 27
  - - 309
    - 22
  - - 310
    - 19
  - - 311
    - 14
  - - 312
    - 21
  - - 313
    - 33
  - - 314
    - 18
  - - 315
    - 22
  - - 316
    - 32
  - - 317
    - 24
  - - 318
    - 23
  - - 319
    - 28
  - - 320
    - 29
  - - 321
    - 23
  - - 322
    - 25
  - - 323
    - 15
  - - 324
    - 21
  - - 325
    - 22
  - - 326
    - 5
  - - 327
    - 8
  - - 328
    - 12
  - - 329
    - 19
  - - 330
    - 17
  - - 331
    - 19
  - - 332
    - 8
  - - 333
    - 19
  - - 334
    - 15
  - - 335
    - 11
  - - 336
    - 8
  - - 337
    - 10
  - - 338
    - 14
  - - 339
    - 15
  - - 340
    - 17
  - - 341
    - 22
  - - 342
    - 18
  - - 343
    - 13
  - - 344
    - 19
  - - 345
    - 12
  - - 346
    - 12
  - - 347
    - 18
  - - 348
    - 16
  - - 349
    - 20
  - - 350
    - 17
  - - 351
    - 16
  - - 352
    - 14
  - - 353
    - 15
  - - 354
    - 15
  - - 355
    - 18
  - - 356
    - 20
  - - 357
    - 17
  - - 358
    - 12
  - - 359
    - 5
  - - 360
    - 15
  - - 361
    - 9
  - - 362
    - 11
  - - 363
    - 26
  - - 364
    - 10
  - - 365
    - 17
  - - 366
    - 15
  - - 367
    - 26
  - - 368
    - 20
  - - 369
    - 10
  - - 370
    - 9
  - - 371
    - 12
  - - 372
    - 16
  - - 373
    - 20
  - - 374
    - 14
  - - 375
    - 12
  - - 376
    - 15
  - - 377
    - 16
  - - 378
    - 12
  - - 379
    - 15
  - - 380
    - 14
  - - 381
    - 13
  - - 382
    - 7
  - - 383
    - 17
  - - 384
    - 11
  - - 385
    - 16
  - - 386
    - 20
  - - 387
    - 15
  - - 388
    - 13
  - - 389
    - 12
  - - 390
    - 22
  - - 391
    - 15
  - - 392
    - 15
  - - 393
    - 28
  - - 394
    - 19
  - - 395
    - 14
  - - 396
    - 16
  - - 397
    - 13
  - - 398
    - 15
  - - 399
    - 17
  - - 400
    - 19
  - - 401
    - 16
  - - 402
    - 18
  - - 403
    - 18
  - - 404
    - 12
  - - 405
    - 10
  - - 406
    - 19
  - - 407
    - 14
  - - 408
    - 18
  - - 409
    - 20
  - - 410
    - 13
  - - 411
    - 17
  - - 412
    - 19
  - - 413
    - 15
  - - 414
    - 16
  - - 415
    - 13
  - - 416
    - 18
  - - 417
    - 22
  - - 418
    - 11
  - - 419
    - 13
  - - 420
    - 10
  - - 421
    - 18
  - - 422
    - 14
  - - 423
    - 11
  - - 424
    - 12
  - - 425
    - 9
  - - 426
    - 9
  - - 427
    - 16
  - - 428
    - 14
  - - 429
    - 18
  - - 430
    - 22
  - - 431
    - 13
  - - 432
    - 8
  - - 433
    - 11
  - - 434
    - 9
  - - 435
    - 12
  - - 436
    - 14
  - - 437
    - 15
  - - 438
    - 13
  - - 439
    - 20
  - - 440
    - 15
  - - 441
    - 24
  - - 442
    - 21
  - - 443
    - 9
  - - 444
    - 11
  - - 445
    - 11
  - - 446
    - 9
  - - 447
    - 13
  - - 448
    - 10
  - - 449
    - 13
  - - 450
    - 8
  - - 451
    - 9
  - - 452
    - 14
  - - 453
    - 13
  - - 454
    - 19
  - - 455
    - 22
  - - 456
    - 13
  - - 457
    - 14
  - - 458
    - 7
  - - 459
    - 11
  - - 460
    - 13
  - - 461
    - 7
  - - 462
    - 5
  - - 463
    - 9
  - - 464
    - 12
  - - 465
    - 10
  - - 466
    - 10
  - - 467
    - 7
  - - 468
    - 10
  - - 469
    - 14
  - - 470
    - 18
  - - 471
    - 11
  - - 472
    - 14
  - - 473
    - 14
  - - 474
    - 8
  - - 475
    - 5
  - - 476
    - 9
  - - 477
    - 10
  - - 478
    - 12
  - - 479
    - 9
  - - 480
    - 20
  - - 481
    - 12
  - - 482
    - 6
  - - 483
    - 10
  - - 484
    - 6
  - - 485
    - 5
  - - 486
    - 11
  - - 487
    - 14
  - - 488
    - 14
  - - 489
    - 13
  - - 490
    - 7
  - - 491
    - 13
  - - 492
    - 5
  - - 493
    - 9
  - - 494
    - 14
  - - 495
    - 15
  - - 496
    - 12
  - - 497
    - 10
  - - 498
    - 23
  - - 499
    - 18
  - - 500
    - 17
  - - 501
    - 17
  - - 502
    - 17
  - - 503
    - 13
  - - 504
    - 12
  - - 505
    - 5
  - - 506
    - 13
  - - 507
    - 13
  - - 508
    - 10
  - - 509
    - 6
  - - 510
    - 8
  - - 511
    - 12
  - - 512
    - 14
  - - 513
    - 8
  - - 514
    - 10
  - - 515
    - 10
  - - 516
    - 7
  - - 517
    - 16
  - - 518
    - 10
  - - 519
    - 14
  - - 520
    - 11
  - - 521
    - 16
  - - 522
    - 10
  - - 523
    - 8
  - - 524
    - 10
  - - 525
    - 12
  - - 526
    - 16
  - - 527
    - 2
  - - 528
    - 13
  - - 529
    - 13
  - - 530
    - 6
  - - 531
    - 12
  - - 532
    - 4
  - - 533
    - 3
  - - 534
    - 10
  - - 535
    - 11
  - - 536
    - 11
  - - 537
    - 12
  - - 538
    - 18
  - - 539
    - 9
  - - 540
    - 14
  - - 541
    - 14
  - - 542
    - 10
  - - 543
    - 18
  - - 544
    - 13
  - - 545
    - 13
  - - 546
    - 7
  - - 547
    - 17
  - - 548
    - 8
  - - 549
    - 7
  - - 550
    - 18
  - - 551
    - 9
  - - 552
    - 8
  - - 553
    - 5
  - - 554
    - 8
  - - 555
    - 10
  - - 556
    - 6
  - - 557
    - 19
  - - 558
    - 9
  - - 559
    - 9
  - - 560
    - 5
  - - 561
    - 8
  - - 562
    - 9
  - - 563
    - 9
  - - 564
    - 8
  - - 565
    - 10
  - - 566
    - 10
  - - 567
    - 7
  - - 568
    - 8
  - - 569
    - 13
  - - 570
    - 9
  - - 571
    - 5
  - - 572
    - 7
  - - 573
    - 5
  - - 574
    - 6
  - - 575
    - 20
  - - 576
    - 4
  - - 577
    - 12
  - - 578
    - 5
  - - 579
    - 5
  - - 580
    - 10
  - - 581
    - 11
  - - 582
    - 14
  - - 583
    - 6
  - - 584
    - 5
  - - 585
    - 9
  - - 586
    - 12
  - - 587
    - 11
  - - 588
    - 12
  - - 589
    - 10
  - - 590
    - 15
  - - 591
    - 6
  - - 592
    - 6
  - - 593
    - 8
  - - 594
    - 8
  - - 595
    - 12
  - - 596
    - 13
  - - 597
    - 12
  - - 598
    - 16
  - - 599
    - 13
  - - 600
    - 9
  - - 601
    - 9
  - - 602
    - 12
  - - 603
    - 9
  - - 604
    - 8
  - - 605
    - 13
  - - 606
    - 13
  - - 607
    - 7
  - - 608
    - 6
  - - 609
    - 13
  - - 610
    - 11
  - - 611
    - 15
  - - 612
    - 11
  - - 613
    - 12
  - - 614
    - 14
  - - 615
    - 14
  - - 616
    - 5
  - - 617
    - 8
  - - 618
    - 12
  - - 619
    - 7
  - - 620
    - 11
  - - 621
    - 10
  - - 622
    - 12
  - - 623
    - 4
  - - 624
    - 7
  - - 625
    - 12
  - - 626
    - 12
  - - 627
    - 14
  - - 628
    - 11
  - - 629
    - 11
  - - 630
    - 9
  - - 631
    - 9
  - - 632
    - 7
  - - 633
    - 5
  - - 634
    - 6
  - - 635
    - 10
  - - 636
    - 10
  - - 637
    - 15
  - - 638
    - 10
  - - 639
    - 10
  - - 640
    - 16
  - - 641
    - 16
  - - 642
    - 7
  - - 643
    - 12
  - - 644
    - 14
  - - 645
    - 7
  - - 646
    - 8
  - - 647
    - 17
  - - 648
    - 7
  - - 649
    - 9
  - - 650
    - 11
  - - 651
    - 2
  - - 652
    - 4
  - - 653
    - 7
  - - 654
    - 9
  - - 655
    - 6
  - - 656
    - 8
  - - 657
    - 8
  - - 658
    - 9
  - - 659
    - 6
  - - 660
    - 9
  - - 661
    - 15
  - - 662
    - 6
  - - 663
    - 8
  - - 664
    - 8
  - - 665
    - 13
  - - 666
    - 4
  - - 667
    - 8
  - - 668
    - 9
  - - 669
    - 16
  - - 670
    - 8
  - - 671
    - 11
  - - 672
    - 2
  - - 673
    - 13
  - - 674
    - 7
  - - 675
    - 13
  - - 676
    - 8
  - - 677
    - 10
  - - 678
    - 8
  - - 679
    - 10
  - - 680
    - 6
  - - 681
    - 11
  - - 682
    - 6
  - - 683
    - 13
  - - 684
    - 10
  - - 685
    - 11
  - - 686
    - 11
  - - 687
    - 9
  - - 688
    - 9
  - - 689
    - 21
  - - 690
    - 6
  - - 691
    - 8
  - - 692
    - 9
  - - 693
    - 6
  - - 694
    - 5
  - - 695
    - 10
  - - 696
    - 10
  - - 697
    - 12
  - - 698
    - 11
  - - 699
    - 6
  - - 700
    - 6
  - - 701
    - 6
  - - 702
    - 3
  - - 703
    - 11
  - - 704
    - 14
  - - 705
    - 12
  - - 706
    - 11
  - - 707
    - 8
  - - 708
    - 9
  - - 709
    - 8
  - - 710
    - 8
  - - 711
    - 10
  - - 712
    - 4
  - - 713
    - 5
  - - 714
    - 9
  - - 715
    - 17
  - - 716
    - 8
  - - 717
    - 7
  - - 718
    - 6
  - - 719
    - 9
  - - 720
    - 5
  - - 721
    - 10
  - - 722
    - 10
  - - 723
    - 7
  - - 724
    - 8
  - - 725
    - 6
  - - 726
    - 7
  - - 727
    - 5
  - - 728
    - 7
  - - 729
    - 13
  - - 730
    - 4
  - - 731
    - 7
  - - 732
    - 10
  - - 733
    - 11
  - - 734
    - 7
  - - 735
    - 13
  - - 736
    - 10
  - - 737
    - 11
  - - 738
    - 9
  - - 739
    - 8
  - - 740
    - 9
  - - 741
    - 6
  - - 742
    - 6
  - - 743
    - 4
  - - 744
    - 2
  - - 745
    - 5
  - - 746
    - 9
  - - 747
    - 4
  - - 748
    - 11
  - - 749
    - 8
  - - 750
    - 11
  - - 751
    - 4
  - - 752
    - 5
  - - 753
    - 9
  - - 754
    - 6
  - - 755
    - 6
  - - 756
    - 7
  - - 757
    - 8
  - - 758
    - 9
  - - 759
    - 9
  - - 760
    - 12
  - - 761
    - 9
  - - 762
    - 16
  - - 763
    - 4
  - - 764
    - 10
  - - 765
    - 14
  - - 766
    - 8
  - - 767
    - 12
  - - 768
    - 13
  - - 769
    - 15
  - - 770
    - 6
  - - 771
    - 5
  - - 772
    - 4
  - - 773
    - 7
  - - 774
    - 7
  - - 775
    - 9
  - - 776
    - 9
  - - 777
    - 15
  - - 778
    - 14
  - - 779
    - 6
  - - 780
    - 7
  - - 781
    - 7
  - - 782
    - 10
  - - 783
    - 9
  - - 784
    - 14
  - - 785
    - 8
  - - 786
    - 6
  - - 787
    - 8
  - - 788
    - 11
  - - 789
    - 12
  - - 790
    - 7
  - - 791
    - 7
  - - 792
    - 12
  - - 793
    - 8
  - - 794
    - 9
  - - 795
    - 10
  - - 796
    - 11
  - - 797
    - 8
  - - 798
    - 11
  - - 799
    - 10
  - - 800
    - 10
  - - 801
    - 9
  - - 802
    - 4
  - - 803
    - 11
  - - 804
    - 12
  - - 805
    - 7
  - - 806
    - 3
  - - 807
    - 5
  - - 808
    - 9
  - - 809
    - 10
  - - 810
    - 10
  - - 811
    - 4
  - - 812
    - 6
  - - 813
    - 13
  - - 814
    - 13
  - - 815
    - 5
  - - 816
    - 13
  - - 817
    - 12
  - - 818
    - 4
  - - 819
    - 6
  - - 820
    - 6
  - - 821
    - 10
  - - 822
    - 8
  - - 823
    - 8
  - - 824
    - 8
  - - 825
    - 13
  - - 826
    - 8
  - - 827
    - 8
  - - 828
    - 5
  - - 829
    - 13
  - - 830
    - 8
  - - 831
    - 7
  - - 832
    - 10
  - - 833
    - 10
  - - 834
    - 10
  - - 835
    - 5
  - - 836
    - 7
  - - 837
    - 3
  - - 838
    - 6
  - - 839
    - 5
  - - 840
    - 10
  - - 841
    - 6
  - - 842
    - 13
  - - 843
    - 2
  - - 844
    - 5
  - - 845
    - 7
  - - 846
    - 6
  - - 847
    - 11
  - - 848
    - 8
  - - 849
    - 3
  - - 850
    - 5
  - - 851
    - 7
  - - 852
    - 5
  - - 853
    - 3
  - - 854
    - 8
  - - 855
    - 10
  - - 856
    - 9
  - - 857
    - 14
  - - 858
    - 13
  - - 859
    - 7
  - - 860
    - 14
  - - 861
    - 3
  - - 862
    - 4
  - - 863
    - 7
  - - 864
    - 5
  - - 865
    - 9
  - - 866
    - 9
  - - 867
    - 10
  - - 868
    - 8
  - - 869
    - 5
  - - 870
    - 7
  - - 871
    - 7
  - - 872
    - 6
  - - 873
    - 4
  - - 874
    - 5
  - - 875
    - 10
  - - 876
    - 9
  - - 877
    - 6
  - - 878
    - 5
  - - 879
    - 8
  - - 880
    - 6
  - - 881
    - 6
  - - 882
    - 6
  - - 883
    - 5
  - - 884
    - 7
  - - 885
    - 8
  - - 886
    - 5
  - - 887
    - 7
  - - 888
    - 2
  - - 889
    - 8
  - - 890
    - 3
  - - 891
    - 5
  - - 892
    - 6
  - - 893
    - 3
  - - 894
    - 5
  - - 895
    - 6
  - - 896
    - 4
  - - 897
    - 8
  - - 898
    - 8
  - - 899
    - 3
  - - 900
    - 5
  - - 901
    - 11
  - - 902
    - 4
  - - 903
    - 3
  - - 904
    - 2
  - - 905
    - 9
  - - 906
    - 6
  - - 907
    - 4
  - - 908
    - 6
  - - 909
    - 6
  - - 910
    - 6
  - - 911
    - 4
  - - 912
    - 8
  - - 913
    - 8
  - - 914
    - 4
  - - 915
    - 7
  - - 916
    - 6
  - - 917
    - 3
  - - 918
    - 4
  - - 919
    - 4
  - - 920
    - 6
  - - 921
    - 5
  - - 922
    - 4
  - - 923
    - 2
  - - 924
    - 7
  - - 925
    - 6
  - - 926
    - 6
  - - 927
    - 2
  - - 928
    - 7
  - - 929
    - 9
  - - 930
    - 4
  - - 931
    - 7
  - - 932
    - 3
  - - 933
    - 5
  - - 934
    - 8
  - - 935
    - 3
  - - 936
    - 7
  - - 937
    - 6
  - - 938
    - 3
  - - 939
    - 2
  - - 940
    - 3
  - - 941
    - 2
  - - 942
    - 6
  - - 943
    - 3
  - - 944
    - 5
  - - 945
    - 10
  - - 946
    - 5
  - - 947
    - 5
  - - 948
    - 6
  - - 949
    - 6
  - - 950
    - 2
  - - 951
    - 3
  - - 952
    - 5
  - - 953
    - 6
  - - 954
    - 5
  - - 955
    - 1
  - - 956
    - 4
  - - 957
    - 6
  - - 958
    - 2
  - - 959
    - 8
  - - 960
    - 7
  - - 961
    - 12
  - - 962
    - 7
  - - 963
    - 5
  - - 964
    - 3
  - - 965
    - 6
  - - 966
    - 7
  - - 967
    - 1
  - - 968
    - 4
  - - 969
    - 1
  - - 970
    - 4
  - - 971
    - 3
  - - 972
    - 4
  - - 973
    - 7
  - - 974
    - 3
  - - 975
    - 1
  - - 976
    - 5
  - - 977
    - 3
  - - 978
    - 6
  - - 979
    - 4
  - - 980
    - 2
  - - 981
    - 5
  - - 982
    - 5
  - - 983
    - 1
  - - 984
    - 3
  - - 985
    - 9
  - - 986
    - 11
  - - 987
    - 5
  - - 988
    - 4
  - - 989
    - 8
  - - 990
    - 7
  - - 991
    - 7
  - - 992
    - 4
  - - 993
    - 2
  - - 994
    - 4
  - - 995
    - 8
  - - 996
    - 6
  - - 997
    - 4
  - - 998
    - 7
  - - 999
    - 3
  - - 1000
    - 6
  - - 1001
    - 1
  - - 1002
    - 7
  - - 1003
    - 5
  - - 1004
    - 5
  - - 1005
    - 2
  - - 1006
    - 6
  - - 1007
    - 3
  - - 1008
    - 7
  - - 1009
    - 5
  - - 1010
    - 5
  - - 1011
    - 9
  - - 1012
    - 7
  - - 1013
    - 6
  - - 1014
    - 3
  - - 1015
    - 2
  - - 1016
    - 6
  - - 1017
    - 11
  - - 1018
    - 9
  - - 1019
    - 8
  - - 1020
    - 7
  - - 1021
    - 8
  - - 1022
    - 5
  - - 1023
    - 2
  - - 1024
    - 3
  - - 1025
    - 8
  - - 1026
    - 5
  - - 1027
    - 3
  - - 1028
    - 1
  - - 1029
    - 7
  - - 1030
    - 3
  - - 1031
    - 8
  - - 1032
    - 7
  - - 1033
    - 1
  - - 1034
    - 4
  - - 1035
    - 4
  - - 1036
    - 4
  - - 1037
    - 5
  - - 1038
    - 5
  - - 1039
    - 6
  - - 1040
    - 3
  - - 1041
    - 8
  - - 1042
    - 6
  - - 1043
    - 1
  - - 1044
    - 1
  - - 1045
    - 2
  - - 1046
    - 3
  - - 1047
    - 6
  - - 1048
    - 3
  - - 1049
    - 5
  - - 1050
    - 3
  - - 1051
    - 3
  - - 1052
    - 4
  - - 1053
    - 5
  - - 1054
    - 6
  - - 1055
    - 1
  - - 1056
    - 4
  - - 1057
    - 6
  - - 1058
    - 2
  - - 1059
    - 4
  - - 1060
    - 4
  - - 1061
    - 3
  - - 1062
    - 5
  - - 1063
    - 1
  - - 1065
    - 1
  - - 1066
    - 7
  - - 1067
    - 7
  - - 1068
    - 6
  - - 1069
    - 4
  - - 1070
    - 8
  - - 1071
    - 5
  - - 1072
    - 2
  - - 1073
    - 1
  - - 1074
    - 4
  - - 1076
    - 2
  - - 1077
    - 4
  - - 1078
    - 4
  - - 1079
    - 4
  - - 1080
    - 5
  - - 1081
    - 3
  - - 1082
    - 2
  - - 1083
    - 4
  - - 1084
    - 2
  - - 1085
    - 1
  - - 1086
    - 3
  - - 1087
    - 3
  - - 1088
    - 1
  - - 1089
    - 1
  - - 1090
    - 3
  - - 1091
    - 3
  - - 1092
    - 2
  - - 1093
    - 8
  - - 1094
    - 4
  - - 1095
    - 4
  - - 1096
    - 5
  - - 1097
    - 1
  - - 1098
    - 7
  - - 1099
    - 1
  - - 1100
    - 5
  - - 1101
    - 9
  - - 1102
    - 7
  - - 1103
    - 5
  - - 1104
    - 1
  - - 1105
    - 5
  - - 1106
    - 10
  - - 1107
    - 8
  - - 1108
    - 2
  - - 1109
    - 3
  - - 1110
    - 6
  - - 1111
    - 4
  - - 1112
    - 6
  - - 1113
    - 1
  - - 1114
    - 5
  - - 1115
    - 7
  - - 1116
    - 3
  - - 1117
    - 2
  - - 1118
    - 1
  - - 1119
    - 6
  - - 1120
    - 2
  - - 1121
    - 3
  - - 1122
    - 2
  - - 1123
    - 3
  - - 1124
    - 2
  - - 1125
    - 4
  - - 1126
    - 1
  - - 1127
    - 1
  - - 1128
    - 7
  - - 1129
    - 2
  - - 1130
    - 4
  - - 1131
    - 2
  - - 1132
    - 4
  - - 1133
    - 2
  - - 1134
    - 3
  - - 1135
    - 3
  - - 1136
    - 1
  - - 1137
    - 1
  - - 1138
    - 4
  - - 1139
    - 1
  - - 1140
    - 4
  - - 1141
    - 3
  - - 1142
    - 4
  - - 1143
    - 3
  - - 1144
    - 2
  - - 1145
    - 5
  - - 1147
    - 5
  - - 1148
    - 2
  - - 1149
    - 3
  - - 1150
    - 1
  - - 1151
    - 2
  - - 1152
    - 2
  - - 1153
    - 2
  - - 1155
    - 6
  - - 1156
    - 5
  - - 1157
    - 4
  - - 1158
    - 1
  - - 1159
    - 5
  - - 1160
    - 2
  - - 1161
    - 3
  - - 1162
    - 3
  - - 1163
    - 4
  - - 1164
    - 3
  - - 1165
    - 5
  - - 1166
    - 1
  - - 1167
    - 4
  - - 1168
    - 6
  - - 1169
    - 3
  - - 1170
    - 3
  - - 1171
    - 1
  - - 1172
    - 4
  - - 1174
    - 2
  - - 1175
    - 2
  - - 1176
    - 2
  - - 1177
    - 5
  - - 1178
    - 1
  - - 1179
    - 5
  - - 1180
    - 7
  - - 1182
    - 2
  - - 1183
    - 6
  - - 1184
    - 3
  - - 1185
    - 2
  - - 1186
    - 1
  - - 1187
    - 2
  - - 1188
    - 4
  - - 1189
    - 1
  - - 1190
    - 5
  - - 1191
    - 3
  - - 1192
    - 5
  - - 1193
    - 3
  - - 1194
    - 6
  - - 1195
    - 3
  - - 1196
    - 3
  - - 1197
    - 2
  - - 1198
    - 1
  - - 1200
    - 2
  - - 1201
    - 2
  - - 1202
    - 3
  - - 1203
    - 2
  - - 1204
    - 1
  - - 1205
    - 4
  - - 1206
    - 2
  - - 1207
    - 2
  - - 1209
    - 2
  - - 1210
    - 3
  - - 1211
    - 3
  - - 1213
    - 1
  - - 1214
    - 4
  - - 1216
    - 2
  - - 1217
    - 1
  - - 1218
    - 4
  - - 1219
    - 3
  - - 1221
    - 2
  - - 1222
    - 1
  - - 1223
    - 1
  - - 1224
    - 1
  - - 1226
    - 2
  - - 1227
    - 4
  - - 1228
    - 1
  - - 1229
    - 3
  - - 1231
    - 4
  - - 1232
    - 3
  - - 1233
    - 2
  - - 1235
    - 3
  - - 1236
    - 3
  - - 1237
    - 2
  - - 1238
    - 1
  - - 1239
    - 1
  - - 1240
    - 4
  - - 1242
    - 1
  - - 1243
    - 2
  - - 1246
    - 1
  - - 1247
    - 4
  - - 1248
    - 2
  - - 1249
    - 1
  - - 1250
    - 4
  - - 1251
    - 1
  - - 1252
    - 3
  - - 1253
    - 1
  - - 1254
    - 2
  - - 1255
    - 1
  - - 1256
    - 1
  - - 1257
    - 4
  - - 1259
    - 4
  - - 1261
    - 1
  - - 1262
    - 2
  - - 1264
    - 1
  - - 1265
    - 1
  - - 1268
    - 2
  - - 1269
    - 2
  - - 1270
    - 2
  - - 1272
    - 1
  - - 1273
    - 3
  - - 1275
    - 1
  - - 1276
    - 2
  - - 1279
    - 1
  - - 1280
    - 2
  - - 1281
    - 1
  - - 1282
    - 3
  - - 1283
    - 1
  - - 1284
    - 2
  - - 1285
    - 1
  - - 1286
    - 2
  - - 1287
    - 1
  - - 1288
    - 1
  - - 1290
    - 1
  - - 1291
    - 2
  - - 1293
    - 2
  - - 1298
    - 1
  - - 1300
    - 3
  - - 1302
    - 1
  - - 1308
    - 1
  - - 1309
    - 2
  - - 1314
    - 2
  - - 1317
    - 1
  - - 1318
    - 1
  - - 1325
    - 1
  - - 1330
    - 1
  - - 1332
    - 4
  - - 1334
    - 1
  - - 1335
    - 2
  - - 1336
    - 2
  - - 1337
    - 2
  - - 1339
    - 1
  - - 1341
    - 1
  - - 1342
    - 1
  - - 1349
    - 2
  - - 1352
    - 1
  - - 1353
    - 2
  - - 1360
    - 1
  - - 1365
    - 1
  - - 1372
    - 1
  - - 1373
    - 1
  - - 1375
    - 1
  - - 1376
    - 1
  - - 1388
    - 1
  - - 1393
    - 1
  - - 1394
    - 1
  - - 1399
    - 1
  - - 1427
    - 1
  - - 1433
    - 1
  - - 1472
    - 1
  - - 1473
    - 1
  - - 1482
    - 1
  - - 1487
    - 1
  - - 1490
    - 1
  - - 1491
    - 1
  - - 1497
    - 1
  - - 1505
    - 1
  - - 1508
    - 1
  - - 1510
    - 1
  - - 1522
    - 2
  - - 1543
    - 1
  - - 1555
    - 1
  - - 1575
    - 1
  - - 1576
    - 1
  - - 1628
    - 1
  - - 1642
    - 1
  - - 1664
    - 1
  latency_50_percentile: 90.0
  latency_95_percentile: 607.0
  latency_99_5_percentile: 1138.0
  latency_99_percentile: 1031.0
  max_kubedns_cpu: 678
  max_kubedns_memory: 31
  max_latency: 1.664296
  max_perfserver_cpu: 0
  max_perfserver_memory: 0
  min_latency: 0.002842
  msg: null
  ok: true
  qps: 654.051372
  queries_completed: 78607
  queries_lost: 0
  queries_sent: 78607
  run_time: 120.184749
  stddev_latency: 0.192722
params:
  max_qps: null
  pod_name: dns-perf-client-858fb7568b-szwkv
  query_file: all-queries.txt
  run_id: 1777664685
  run_length_seconds: 120
  run_subid: 0
stderr:
- ''
stdout:
- DNS Performance Testing Tool
- Nominum Version 2.1.0.0
- ''
- '[Status] Command line: dnsperf -s 10.0.0.10 -l 120 -d /queries/all-queries.txt'
- '[Status] Sending queries (to 10.0.0.10)'
- '[Status] Started at: Fri May  1 19:45:19 2026'
- '[Status] Stopping after 120.000000 seconds'
- '[Status] Testing complete (time limit)'
- ''
- 'Statistics:'
- ''
- '  Queries sent:         78607'
- '  Queries completed:    78607 (100.00%)'
- '  Queries lost:         0 (0.00%)'
- ''
- '  Response codes:       NOERROR 9432 (12.00%), NXDOMAIN 69175 (88.00%)'
- '  Average packet size:  request 38, response 122'
- '  Run time (s):         120.184749'
- '  Queries per second:   654.051372'
- ''
- '  Average Latency (s):  0.152545 (min 0.002842, max 1.664296)'
- '  Latency StdDev (s):   0.192722'
- ''
- '  Latency histogram'
- '#histogram 0 0'
- '#histogram 2 1'
- '#histogram 7 2'
- '#histogram 8 6'
- '#histogram 9 2'
- '#histogram 10 9'
- '#histogram 11 10'
- '#histogram 12 21'
- '#histogram 13 22'
- '#histogram 14 29'
- '#histogram 15 34'
- '#histogram 16 45'
- '#histogram 17 58'
- '#histogram 18 51'
- '#histogram 19 89'
- '#histogram 20 106'
- '#histogram 21 120'
- '#histogram 22 139'
- '#histogram 23 141'
- '#histogram 24 190'
- '#histogram 25 196'
- '#histogram 26 231'
- '#histogram 27 238'
- '#histogram 28 231'
- '#histogram 29 282'
- '#histogram 30 345'
- '#histogram 31 368'
- '#histogram 32 383'
- '#histogram 33 364'
- '#histogram 34 418'
- '#histogram 35 410'
- '#histogram 36 474'
- '#histogram 37 484'
- '#histogram 38 457'
- '#histogram 39 489'
- '#histogram 40 519'
- '#histogram 41 558'
- '#histogram 42 559'
- '#histogram 43 578'
- '#histogram 44 610'
- '#histogram 45 602'
- '#histogram 46 651'
- '#histogram 47 703'
- '#histogram 48 659'
- '#histogram 49 706'
- '#histogram 50 695'
- '#histogram 51 657'
- '#histogram 52 673'
- '#histogram 53 702'
- '#histogram 54 688'
- '#histogram 55 666'
- '#histogram 56 673'
- '#histogram 57 662'
- '#histogram 58 687'
- '#histogram 59 709'
- '#histogram 60 720'
- '#histogram 61 702'
- '#histogram 62 715'
- '#histogram 63 756'
- '#histogram 64 712'
- '#histogram 65 707'
- '#histogram 66 719'
- '#histogram 67 659'
- '#histogram 68 726'
- '#histogram 69 676'
- '#histogram 70 681'
- '#histogram 71 708'
- '#histogram 72 671'
- '#histogram 73 633'
- '#histogram 74 673'
- '#histogram 75 696'
- '#histogram 76 649'
- '#histogram 77 649'
- '#histogram 78 676'
- '#histogram 79 564'
- '#histogram 80 626'
- '#histogram 81 581'
- '#histogram 82 630'
- '#histogram 83 650'
- '#histogram 84 633'
- '#histogram 85 626'
- '#histogram 86 567'
- '#histogram 87 589'
- '#histogram 88 600'
- '#histogram 89 603'
- '#histogram 90 565'
- '#histogram 91 564'
- '#histogram 92 551'
- '#histogram 93 528'
- '#histogram 94 514'
- '#histogram 95 537'
- '#histogram 96 549'
- '#histogram 97 498'
- '#histogram 98 487'
- '#histogram 99 484'
- '#histogram 100 502'
- '#histogram 101 481'
- '#histogram 102 472'
- '#histogram 103 486'
- '#histogram 104 482'
- '#histogram 105 461'
- '#histogram 106 432'
- '#histogram 107 488'
- '#histogram 108 444'
- '#histogram 109 363'
- '#histogram 110 387'
- '#histogram 111 368'
- '#histogram 112 372'
- '#histogram 113 337'
- '#histogram 114 343'
- '#histogram 115 343'
- '#histogram 116 329'
- '#histogram 117 303'
- '#histogram 118 313'
- '#histogram 119 275'
- '#histogram 120 321'
- '#histogram 121 340'
- '#histogram 122 335'
- '#histogram 123 308'
- '#histogram 124 322'
- '#histogram 125 312'
- '#histogram 126 277'
- '#histogram 127 299'
- '#histogram 128 279'
- '#histogram 129 262'
- '#histogram 130 270'
- '#histogram 131 266'
- '#histogram 132 278'
- '#histogram 133 257'
- '#histogram 134 263'
- '#histogram 135 253'
- '#histogram 136 220'
- '#histogram 137 237'
- '#histogram 138 245'
- '#histogram 139 228'
- '#histogram 140 220'
- '#histogram 141 189'
- '#histogram 142 184'
- '#histogram 143 229'
- '#histogram 144 170'
- '#histogram 145 194'
- '#histogram 146 211'
- '#histogram 147 187'
- '#histogram 148 217'
- '#histogram 149 228'
- '#histogram 150 214'
- '#histogram 151 211'
- '#histogram 152 192'
- '#histogram 153 221'
- '#histogram 154 184'
- '#histogram 155 169'
- '#histogram 156 176'
- '#histogram 157 157'
- '#histogram 158 178'
- '#histogram 159 186'
- '#histogram 160 173'
- '#histogram 161 153'
- '#histogram 162 137'
- '#histogram 163 125'
- '#histogram 164 152'
- '#histogram 165 124'
- '#histogram 166 137'
- '#histogram 167 137'
- '#histogram 168 113'
- '#histogram 169 135'
- '#histogram 170 108'
- '#histogram 171 115'
- '#histogram 172 132'
- '#histogram 173 126'
- '#histogram 174 112'
- '#histogram 175 101'
- '#histogram 176 114'
- '#histogram 177 105'
- '#histogram 178 129'
- '#histogram 179 118'
- '#histogram 180 101'
- '#histogram 181 105'
- '#histogram 182 106'
- '#histogram 183 107'
- '#histogram 184 106'
- '#histogram 185 105'
- '#histogram 186 68'
- '#histogram 187 102'
- '#histogram 188 91'
- '#histogram 189 99'
- '#histogram 190 97'
- '#histogram 191 97'
- '#histogram 192 94'
- '#histogram 193 101'
- '#histogram 194 95'
- '#histogram 195 96'
- '#histogram 196 89'
- '#histogram 197 80'
- '#histogram 198 95'
- '#histogram 199 89'
- '#histogram 200 89'
- '#histogram 201 72'
- '#histogram 202 81'
- '#histogram 203 76'
- '#histogram 204 76'
- '#histogram 205 65'
- '#histogram 206 72'
- '#histogram 207 74'
- '#histogram 208 56'
- '#histogram 209 63'
- '#histogram 210 50'
- '#histogram 211 53'
- '#histogram 212 48'
- '#histogram 213 60'
- '#histogram 214 42'
- '#histogram 215 68'
- '#histogram 216 44'
- '#histogram 217 58'
- '#histogram 218 52'
- '#histogram 219 57'
- '#histogram 220 67'
- '#histogram 221 38'
- '#histogram 222 43'
- '#histogram 223 59'
- '#histogram 224 48'
- '#histogram 225 55'
- '#histogram 226 48'
- '#histogram 227 35'
- '#histogram 228 50'
- '#histogram 229 42'
- '#histogram 230 36'
- '#histogram 231 38'
- '#histogram 232 42'
- '#histogram 233 60'
- '#histogram 234 42'
- '#histogram 235 44'
- '#histogram 236 52'
- '#histogram 237 49'
- '#histogram 238 32'
- '#histogram 239 46'
- '#histogram 240 40'
- '#histogram 241 33'
- '#histogram 242 43'
- '#histogram 243 33'
- '#histogram 244 41'
- '#histogram 245 34'
- '#histogram 246 39'
- '#histogram 247 46'
- '#histogram 248 35'
- '#histogram 249 27'
- '#histogram 250 23'
- '#histogram 251 33'
- '#histogram 252 34'
- '#histogram 253 26'
- '#histogram 254 29'
- '#histogram 255 34'
- '#histogram 256 44'
- '#histogram 257 25'
- '#histogram 258 28'
- '#histogram 259 35'
- '#histogram 260 31'
- '#histogram 261 32'
- '#histogram 262 38'
- '#histogram 263 51'
- '#histogram 264 34'
- '#histogram 265 45'
- '#histogram 266 34'
- '#histogram 267 37'
- '#histogram 268 41'
- '#histogram 269 26'
- '#histogram 270 34'
- '#histogram 271 33'
- '#histogram 272 35'
- '#histogram 273 31'
- '#histogram 274 27'
- '#histogram 275 30'
- '#histogram 276 31'
- '#histogram 277 29'
- '#histogram 278 43'
- '#histogram 279 28'
- '#histogram 280 37'
- '#histogram 281 30'
- '#histogram 282 34'
- '#histogram 283 30'
- '#histogram 284 21'
- '#histogram 285 28'
- '#histogram 286 29'
- '#histogram 287 31'
- '#histogram 288 36'
- '#histogram 289 35'
- '#histogram 290 27'
- '#histogram 291 22'
- '#histogram 292 41'
- '#histogram 293 25'
- '#histogram 294 23'
- '#histogram 295 27'
- '#histogram 296 22'
- '#histogram 297 30'
- '#histogram 298 19'
- '#histogram 299 33'
- '#histogram 300 27'
- '#histogram 301 29'
- '#histogram 302 24'
- '#histogram 303 18'
- '#histogram 304 17'
- '#histogram 305 30'
- '#histogram 306 16'
- '#histogram 307 29'
- '#histogram 308 27'
- '#histogram 309 22'
- '#histogram 310 19'
- '#histogram 311 14'
- '#histogram 312 21'
- '#histogram 313 33'
- '#histogram 314 18'
- '#histogram 315 22'
- '#histogram 316 32'
- '#histogram 317 24'
- '#histogram 318 23'
- '#histogram 319 28'
- '#histogram 320 29'
- '#histogram 321 23'
- '#histogram 322 25'
- '#histogram 323 15'
- '#histogram 324 21'
- '#histogram 325 22'
- '#histogram 326 5'
- '#histogram 327 8'
- '#histogram 328 12'
- '#histogram 329 19'
- '#histogram 330 17'
- '#histogram 331 19'
- '#histogram 332 8'
- '#histogram 333 19'
- '#histogram 334 15'
- '#histogram 335 11'
- '#histogram 336 8'
- '#histogram 337 10'
- '#histogram 338 14'
- '#histogram 339 15'
- '#histogram 340 17'
- '#histogram 341 22'
- '#histogram 342 18'
- '#histogram 343 13'
- '#histogram 344 19'
- '#histogram 345 12'
- '#histogram 346 12'
- '#histogram 347 18'
- '#histogram 348 16'
- '#histogram 349 20'
- '#histogram 350 17'
- '#histogram 351 16'
- '#histogram 352 14'
- '#histogram 353 15'
- '#histogram 354 15'
- '#histogram 355 18'
- '#histogram 356 20'
- '#histogram 357 17'
- '#histogram 358 12'
- '#histogram 359 5'
- '#histogram 360 15'
- '#histogram 361 9'
- '#histogram 362 11'
- '#histogram 363 26'
- '#histogram 364 10'
- '#histogram 365 17'
- '#histogram 366 15'
- '#histogram 367 26'
- '#histogram 368 20'
- '#histogram 369 10'
- '#histogram 370 9'
- '#histogram 371 12'
- '#histogram 372 16'
- '#histogram 373 20'
- '#histogram 374 14'
- '#histogram 375 12'
- '#histogram 376 15'
- '#histogram 377 16'
- '#histogram 378 12'
- '#histogram 379 15'
- '#histogram 380 14'
- '#histogram 381 13'
- '#histogram 382 7'
- '#histogram 383 17'
- '#histogram 384 11'
- '#histogram 385 16'
- '#histogram 386 20'
- '#histogram 387 15'
- '#histogram 388 13'
- '#histogram 389 12'
- '#histogram 390 22'
- '#histogram 391 15'
- '#histogram 392 15'
- '#histogram 393 28'
- '#histogram 394 19'
- '#histogram 395 14'
- '#histogram 396 16'
- '#histogram 397 13'
- '#histogram 398 15'
- '#histogram 399 17'
- '#histogram 400 19'
- '#histogram 401 16'
- '#histogram 402 18'
- '#histogram 403 18'
- '#histogram 404 12'
- '#histogram 405 10'
- '#histogram 406 19'
- '#histogram 407 14'
- '#histogram 408 18'
- '#histogram 409 20'
- '#histogram 410 13'
- '#histogram 411 17'
- '#histogram 412 19'
- '#histogram 413 15'
- '#histogram 414 16'
- '#histogram 415 13'
- '#histogram 416 18'
- '#histogram 417 22'
- '#histogram 418 11'
- '#histogram 419 13'
- '#histogram 420 10'
- '#histogram 421 18'
- '#histogram 422 14'
- '#histogram 423 11'
- '#histogram 424 12'
- '#histogram 425 9'
- '#histogram 426 9'
- '#histogram 427 16'
- '#histogram 428 14'
- '#histogram 429 18'
- '#histogram 430 22'
- '#histogram 431 13'
- '#histogram 432 8'
- '#histogram 433 11'
- '#histogram 434 9'
- '#histogram 435 12'
- '#histogram 436 14'
- '#histogram 437 15'
- '#histogram 438 13'
- '#histogram 439 20'
- '#histogram 440 15'
- '#histogram 441 24'
- '#histogram 442 21'
- '#histogram 443 9'
- '#histogram 444 11'
- '#histogram 445 11'
- '#histogram 446 9'
- '#histogram 447 13'
- '#histogram 448 10'
- '#histogram 449 13'
- '#histogram 450 8'
- '#histogram 451 9'
- '#histogram 452 14'
- '#histogram 453 13'
- '#histogram 454 19'
- '#histogram 455 22'
- '#histogram 456 13'
- '#histogram 457 14'
- '#histogram 458 7'
- '#histogram 459 11'
- '#histogram 460 13'
- '#histogram 461 7'
- '#histogram 462 5'
- '#histogram 463 9'
- '#histogram 464 12'
- '#histogram 465 10'
- '#histogram 466 10'
- '#histogram 467 7'
- '#histogram 468 10'
- '#histogram 469 14'
- '#histogram 470 18'
- '#histogram 471 11'
- '#histogram 472 14'
- '#histogram 473 14'
- '#histogram 474 8'
- '#histogram 475 5'
- '#histogram 476 9'
- '#histogram 477 10'
- '#histogram 478 12'
- '#histogram 479 9'
- '#histogram 480 20'
- '#histogram 481 12'
- '#histogram 482 6'
- '#histogram 483 10'
- '#histogram 484 6'
- '#histogram 485 5'
- '#histogram 486 11'
- '#histogram 487 14'
- '#histogram 488 14'
- '#histogram 489 13'
- '#histogram 490 7'
- '#histogram 491 13'
- '#histogram 492 5'
- '#histogram 493 9'
- '#histogram 494 14'
- '#histogram 495 15'
- '#histogram 496 12'
- '#histogram 497 10'
- '#histogram 498 23'
- '#histogram 499 18'
- '#histogram 500 17'
- '#histogram 501 17'
- '#histogram 502 17'
- '#histogram 503 13'
- '#histogram 504 12'
- '#histogram 505 5'
- '#histogram 506 13'
- '#histogram 507 13'
- '#histogram 508 10'
- '#histogram 509 6'
- '#histogram 510 8'
- '#histogram 511 12'
- '#histogram 512 14'
- '#histogram 513 8'
- '#histogram 514 10'
- '#histogram 515 10'
- '#histogram 516 7'
- '#histogram 517 16'
- '#histogram 518 10'
- '#histogram 519 14'
- '#histogram 520 11'
- '#histogram 521 16'
- '#histogram 522 10'
- '#histogram 523 8'
- '#histogram 524 10'
- '#histogram 525 12'
- '#histogram 526 16'
- '#histogram 527 2'
- '#histogram 528 13'
- '#histogram 529 13'
- '#histogram 530 6'
- '#histogram 531 12'
- '#histogram 532 4'
- '#histogram 533 3'
- '#histogram 534 10'
- '#histogram 535 11'
- '#histogram 536 11'
- '#histogram 537 12'
- '#histogram 538 18'
- '#histogram 539 9'
- '#histogram 540 14'
- '#histogram 541 14'
- '#histogram 542 10'
- '#histogram 543 18'
- '#histogram 544 13'
- '#histogram 545 13'
- '#histogram 546 7'
- '#histogram 547 17'
- '#histogram 548 8'
- '#histogram 549 7'
- '#histogram 550 18'
- '#histogram 551 9'
- '#histogram 552 8'
- '#histogram 553 5'
- '#histogram 554 8'
- '#histogram 555 10'
- '#histogram 556 6'
- '#histogram 557 19'
- '#histogram 558 9'
- '#histogram 559 9'
- '#histogram 560 5'
- '#histogram 561 8'
- '#histogram 562 9'
- '#histogram 563 9'
- '#histogram 564 8'
- '#histogram 565 10'
- '#histogram 566 10'
- '#histogram 567 7'
- '#histogram 568 8'
- '#histogram 569 13'
- '#histogram 570 9'
- '#histogram 571 5'
- '#histogram 572 7'
- '#histogram 573 5'
- '#histogram 574 6'
- '#histogram 575 20'
- '#histogram 576 4'
- '#histogram 577 12'
- '#histogram 578 5'
- '#histogram 579 5'
- '#histogram 580 10'
- '#histogram 581 11'
- '#histogram 582 14'
- '#histogram 583 6'
- '#histogram 584 5'
- '#histogram 585 9'
- '#histogram 586 12'
- '#histogram 587 11'
- '#histogram 588 12'
- '#histogram 589 10'
- '#histogram 590 15'
- '#histogram 591 6'
- '#histogram 592 6'
- '#histogram 593 8'
- '#histogram 594 8'
- '#histogram 595 12'
- '#histogram 596 13'
- '#histogram 597 12'
- '#histogram 598 16'
- '#histogram 599 13'
- '#histogram 600 9'
- '#histogram 601 9'
- '#histogram 602 12'
- '#histogram 603 9'
- '#histogram 604 8'
- '#histogram 605 13'
- '#histogram 606 13'
- '#histogram 607 7'
- '#histogram 608 6'
- '#histogram 609 13'
- '#histogram 610 11'
- '#histogram 611 15'
- '#histogram 612 11'
- '#histogram 613 12'
- '#histogram 614 14'
- '#histogram 615 14'
- '#histogram 616 5'
- '#histogram 617 8'
- '#histogram 618 12'
- '#histogram 619 7'
- '#histogram 620 11'
- '#histogram 621 10'
- '#histogram 622 12'
- '#histogram 623 4'
- '#histogram 624 7'
- '#histogram 625 12'
- '#histogram 626 12'
- '#histogram 627 14'
- '#histogram 628 11'
- '#histogram 629 11'
- '#histogram 630 9'
- '#histogram 631 9'
- '#histogram 632 7'
- '#histogram 633 5'
- '#histogram 634 6'
- '#histogram 635 10'
- '#histogram 636 10'
- '#histogram 637 15'
- '#histogram 638 10'
- '#histogram 639 10'
- '#histogram 640 16'
- '#histogram 641 16'
- '#histogram 642 7'
- '#histogram 643 12'
- '#histogram 644 14'
- '#histogram 645 7'
- '#histogram 646 8'
- '#histogram 647 17'
- '#histogram 648 7'
- '#histogram 649 9'
- '#histogram 650 11'
- '#histogram 651 2'
- '#histogram 652 4'
- '#histogram 653 7'
- '#histogram 654 9'
- '#histogram 655 6'
- '#histogram 656 8'
- '#histogram 657 8'
- '#histogram 658 9'
- '#histogram 659 6'
- '#histogram 660 9'
- '#histogram 661 15'
- '#histogram 662 6'
- '#histogram 663 8'
- '#histogram 664 8'
- '#histogram 665 13'
- '#histogram 666 4'
- '#histogram 667 8'
- '#histogram 668 9'
- '#histogram 669 16'
- '#histogram 670 8'
- '#histogram 671 11'
- '#histogram 672 2'
- '#histogram 673 13'
- '#histogram 674 7'
- '#histogram 675 13'
- '#histogram 676 8'
- '#histogram 677 10'
- '#histogram 678 8'
- '#histogram 679 10'
- '#histogram 680 6'
- '#histogram 681 11'
- '#histogram 682 6'
- '#histogram 683 13'
- '#histogram 684 10'
- '#histogram 685 11'
- '#histogram 686 11'
- '#histogram 687 9'
- '#histogram 688 9'
- '#histogram 689 21'
- '#histogram 690 6'
- '#histogram 691 8'
- '#histogram 692 9'
- '#histogram 693 6'
- '#histogram 694 5'
- '#histogram 695 10'
- '#histogram 696 10'
- '#histogram 697 12'
- '#histogram 698 11'
- '#histogram 699 6'
- '#histogram 700 6'
- '#histogram 701 6'
- '#histogram 702 3'
- '#histogram 703 11'
- '#histogram 704 14'
- '#histogram 705 12'
- '#histogram 706 11'
- '#histogram 707 8'
- '#histogram 708 9'
- '#histogram 709 8'
- '#histogram 710 8'
- '#histogram 711 10'
- '#histogram 712 4'
- '#histogram 713 5'
- '#histogram 714 9'
- '#histogram 715 17'
- '#histogram 716 8'
- '#histogram 717 7'
- '#histogram 718 6'
- '#histogram 719 9'
- '#histogram 720 5'
- '#histogram 721 10'
- '#histogram 722 10'
- '#histogram 723 7'
- '#histogram 724 8'
- '#histogram 725 6'
- '#histogram 726 7'
- '#histogram 727 5'
- '#histogram 728 7'
- '#histogram 729 13'
- '#histogram 730 4'
- '#histogram 731 7'
- '#histogram 732 10'
- '#histogram 733 11'
- '#histogram 734 7'
- '#histogram 735 13'
- '#histogram 736 10'
- '#histogram 737 11'
- '#histogram 738 9'
- '#histogram 739 8'
- '#histogram 740 9'
- '#histogram 741 6'
- '#histogram 742 6'
- '#histogram 743 4'
- '#histogram 744 2'
- '#histogram 745 5'
- '#histogram 746 9'
- '#histogram 747 4'
- '#histogram 748 11'
- '#histogram 749 8'
- '#histogram 750 11'
- '#histogram 751 4'
- '#histogram 752 5'
- '#histogram 753 9'
- '#histogram 754 6'
- '#histogram 755 6'
- '#histogram 756 7'
- '#histogram 757 8'
- '#histogram 758 9'
- '#histogram 759 9'
- '#histogram 760 12'
- '#histogram 761 9'
- '#histogram 762 16'
- '#histogram 763 4'
- '#histogram 764 10'
- '#histogram 765 14'
- '#histogram 766 8'
- '#histogram 767 12'
- '#histogram 768 13'
- '#histogram 769 15'
- '#histogram 770 6'
- '#histogram 771 5'
- '#histogram 772 4'
- '#histogram 773 7'
- '#histogram 774 7'
- '#histogram 775 9'
- '#histogram 776 9'
- '#histogram 777 15'
- '#histogram 778 14'
- '#histogram 779 6'
- '#histogram 780 7'
- '#histogram 781 7'
- '#histogram 782 10'
- '#histogram 783 9'
- '#histogram 784 14'
- '#histogram 785 8'
- '#histogram 786 6'
- '#histogram 787 8'
- '#histogram 788 11'
- '#histogram 789 12'
- '#histogram 790 7'
- '#histogram 791 7'
- '#histogram 792 12'
- '#histogram 793 8'
- '#histogram 794 9'
- '#histogram 795 10'
- '#histogram 796 11'
- '#histogram 797 8'
- '#histogram 798 11'
- '#histogram 799 10'
- '#histogram 800 10'
- '#histogram 801 9'
- '#histogram 802 4'
- '#histogram 803 11'
- '#histogram 804 12'
- '#histogram 805 7'
- '#histogram 806 3'
- '#histogram 807 5'
- '#histogram 808 9'
- '#histogram 809 10'
- '#histogram 810 10'
- '#histogram 811 4'
- '#histogram 812 6'
- '#histogram 813 13'
- '#histogram 814 13'
- '#histogram 815 5'
- '#histogram 816 13'
- '#histogram 817 12'
- '#histogram 818 4'
- '#histogram 819 6'
- '#histogram 820 6'
- '#histogram 821 10'
- '#histogram 822 8'
- '#histogram 823 8'
- '#histogram 824 8'
- '#histogram 825 13'
- '#histogram 826 8'
- '#histogram 827 8'
- '#histogram 828 5'
- '#histogram 829 13'
- '#histogram 830 8'
- '#histogram 831 7'
- '#histogram 832 10'
- '#histogram 833 10'
- '#histogram 834 10'
- '#histogram 835 5'
- '#histogram 836 7'
- '#histogram 837 3'
- '#histogram 838 6'
- '#histogram 839 5'
- '#histogram 840 10'
- '#histogram 841 6'
- '#histogram 842 13'
- '#histogram 843 2'
- '#histogram 844 5'
- '#histogram 845 7'
- '#histogram 846 6'
- '#histogram 847 11'
- '#histogram 848 8'
- '#histogram 849 3'
- '#histogram 850 5'
- '#histogram 851 7'
- '#histogram 852 5'
- '#histogram 853 3'
- '#histogram 854 8'
- '#histogram 855 10'
- '#histogram 856 9'
- '#histogram 857 14'
- '#histogram 858 13'
- '#histogram 859 7'
- '#histogram 860 14'
- '#histogram 861 3'
- '#histogram 862 4'
- '#histogram 863 7'
- '#histogram 864 5'
- '#histogram 865 9'
- '#histogram 866 9'
- '#histogram 867 10'
- '#histogram 868 8'
- '#histogram 869 5'
- '#histogram 870 7'
- '#histogram 871 7'
- '#histogram 872 6'
- '#histogram 873 4'
- '#histogram 874 5'
- '#histogram 875 10'
- '#histogram 876 9'
- '#histogram 877 6'
- '#histogram 878 5'
- '#histogram 879 8'
- '#histogram 880 6'
- '#histogram 881 6'
- '#histogram 882 6'
- '#histogram 883 5'
- '#histogram 884 7'
- '#histogram 885 8'
- '#histogram 886 5'
- '#histogram 887 7'
- '#histogram 888 2'
- '#histogram 889 8'
- '#histogram 890 3'
- '#histogram 891 5'
- '#histogram 892 6'
- '#histogram 893 3'
- '#histogram 894 5'
- '#histogram 895 6'
- '#histogram 896 4'
- '#histogram 897 8'
- '#histogram 898 8'
- '#histogram 899 3'
- '#histogram 900 5'
- '#histogram 901 11'
- '#histogram 902 4'
- '#histogram 903 3'
- '#histogram 904 2'
- '#histogram 905 9'
- '#histogram 906 6'
- '#histogram 907 4'
- '#histogram 908 6'
- '#histogram 909 6'
- '#histogram 910 6'
- '#histogram 911 4'
- '#histogram 912 8'
- '#histogram 913 8'
- '#histogram 914 4'
- '#histogram 915 7'
- '#histogram 916 6'
- '#histogram 917 3'
- '#histogram 918 4'
- '#histogram 919 4'
- '#histogram 920 6'
- '#histogram 921 5'
- '#histogram 922 4'
- '#histogram 923 2'
- '#histogram 924 7'
- '#histogram 925 6'
- '#histogram 926 6'
- '#histogram 927 2'
- '#histogram 928 7'
- '#histogram 929 9'
- '#histogram 930 4'
- '#histogram 931 7'
- '#histogram 932 3'
- '#histogram 933 5'
- '#histogram 934 8'
- '#histogram 935 3'
- '#histogram 936 7'
- '#histogram 937 6'
- '#histogram 938 3'
- '#histogram 939 2'
- '#histogram 940 3'
- '#histogram 941 2'
- '#histogram 942 6'
- '#histogram 943 3'
- '#histogram 944 5'
- '#histogram 945 10'
- '#histogram 946 5'
- '#histogram 947 5'
- '#histogram 948 6'
- '#histogram 949 6'
- '#histogram 950 2'
- '#histogram 951 3'
- '#histogram 952 5'
- '#histogram 953 6'
- '#histogram 954 5'
- '#histogram 955 1'
- '#histogram 956 4'
- '#histogram 957 6'
- '#histogram 958 2'
- '#histogram 959 8'
- '#histogram 960 7'
- '#histogram 961 12'
- '#histogram 962 7'
- '#histogram 963 5'
- '#histogram 964 3'
- '#histogram 965 6'
- '#histogram 966 7'
- '#histogram 967 1'
- '#histogram 968 4'
- '#histogram 969 1'
- '#histogram 970 4'
- '#histogram 971 3'
- '#histogram 972 4'
- '#histogram 973 7'
- '#histogram 974 3'
- '#histogram 975 1'
- '#histogram 976 5'
- '#histogram 977 3'
- '#histogram 978 6'
- '#histogram 979 4'
- '#histogram 980 2'
- '#histogram 981 5'
- '#histogram 982 5'
- '#histogram 983 1'
- '#histogram 984 3'
- '#histogram 985 9'
- '#histogram 986 11'
- '#histogram 987 5'
- '#histogram 988 4'
- '#histogram 989 8'
- '#histogram 990 7'
- '#histogram 991 7'
- '#histogram 992 4'
- '#histogram 993 2'
- '#histogram 994 4'
- '#histogram 995 8'
- '#histogram 996 6'
- '#histogram 997 4'
- '#histogram 998 7'
- '#histogram 999 3'
- '#histogram 1000 6'
- '#histogram 1001 1'
- '#histogram 1002 7'
- '#histogram 1003 5'
- '#histogram 1004 5'
- '#histogram 1005 2'
- '#histogram 1006 6'
- '#histogram 1007 3'
- '#histogram 1008 7'
- '#histogram 1009 5'
- '#histogram 1010 5'
- '#histogram 1011 9'
- '#histogram 1012 7'
- '#histogram 1013 6'
- '#histogram 1014 3'
- '#histogram 1015 2'
- '#histogram 1016 6'
- '#histogram 1017 11'
- '#histogram 1018 9'
- '#histogram 1019 8'
- '#histogram 1020 7'
- '#histogram 1021 8'
- '#histogram 1022 5'
- '#histogram 1023 2'
- '#histogram 1024 3'
- '#histogram 1025 8'
- '#histogram 1026 5'
- '#histogram 1027 3'
- '#histogram 1028 1'
- '#histogram 1029 7'
- '#histogram 1030 3'
- '#histogram 1031 8'
- '#histogram 1032 7'
- '#histogram 1033 1'
- '#histogram 1034 4'
- '#histogram 1035 4'
- '#histogram 1036 4'
- '#histogram 1037 5'
- '#histogram 1038 5'
- '#histogram 1039 6'
- '#histogram 1040 3'
- '#histogram 1041 8'
- '#histogram 1042 6'
- '#histogram 1043 1'
- '#histogram 1044 1'
- '#histogram 1045 2'
- '#histogram 1046 3'
- '#histogram 1047 6'
- '#histogram 1048 3'
- '#histogram 1049 5'
- '#histogram 1050 3'
- '#histogram 1051 3'
- '#histogram 1052 4'
- '#histogram 1053 5'
- '#histogram 1054 6'
- '#histogram 1055 1'
- '#histogram 1056 4'
- '#histogram 1057 6'
- '#histogram 1058 2'
- '#histogram 1059 4'
- '#histogram 1060 4'
- '#histogram 1061 3'
- '#histogram 1062 5'
- '#histogram 1063 1'
- '#histogram 1065 1'
- '#histogram 1066 7'
- '#histogram 1067 7'
- '#histogram 1068 6'
- '#histogram 1069 4'
- '#histogram 1070 8'
- '#histogram 1071 5'
- '#histogram 1072 2'
- '#histogram 1073 1'
- '#histogram 1074 4'
- '#histogram 1076 2'
- '#histogram 1077 4'
- '#histogram 1078 4'
- '#histogram 1079 4'
- '#histogram 1080 5'
- '#histogram 1081 3'
- '#histogram 1082 2'
- '#histogram 1083 4'
- '#histogram 1084 2'
- '#histogram 1085 1'
- '#histogram 1086 3'
- '#histogram 1087 3'
- '#histogram 1088 1'
- '#histogram 1089 1'
- '#histogram 1090 3'
- '#histogram 1091 3'
- '#histogram 1092 2'
- '#histogram 1093 8'
- '#histogram 1094 4'
- '#histogram 1095 4'
- '#histogram 1096 5'
- '#histogram 1097 1'
- '#histogram 1098 7'
- '#histogram 1099 1'
- '#histogram 1100 5'
- '#histogram 1101 9'
- '#histogram 1102 7'
- '#histogram 1103 5'
- '#histogram 1104 1'
- '#histogram 1105 5'
- '#histogram 1106 10'
- '#histogram 1107 8'
- '#histogram 1108 2'
- '#histogram 1109 3'
- '#histogram 1110 6'
- '#histogram 1111 4'
- '#histogram 1112 6'
- '#histogram 1113 1'
- '#histogram 1114 5'
- '#histogram 1115 7'
- '#histogram 1116 3'
- '#histogram 1117 2'
- '#histogram 1118 1'
- '#histogram 1119 6'
- '#histogram 1120 2'
- '#histogram 1121 3'
- '#histogram 1122 2'
- '#histogram 1123 3'
- '#histogram 1124 2'
- '#histogram 1125 4'
- '#histogram 1126 1'
- '#histogram 1127 1'
- '#histogram 1128 7'
- '#histogram 1129 2'
- '#histogram 1130 4'
- '#histogram 1131 2'
- '#histogram 1132 4'
- '#histogram 1133 2'
- '#histogram 1134 3'
- '#histogram 1135 3'
- '#histogram 1136 1'
- '#histogram 1137 1'
- '#histogram 1138 4'
- '#histogram 1139 1'
- '#histogram 1140 4'
- '#histogram 1141 3'
- '#histogram 1142 4'
- '#histogram 1143 3'
- '#histogram 1144 2'
- '#histogram 1145 5'
- '#histogram 1147 5'
- '#histogram 1148 2'
- '#histogram 1149 3'
- '#histogram 1150 1'
- '#histogram 1151 2'
- '#histogram 1152 2'
- '#histogram 1153 2'
- '#histogram 1155 6'
- '#histogram 1156 5'
- '#histogram 1157 4'
- '#histogram 1158 1'
- '#histogram 1159 5'
- '#histogram 1160 2'
- '#histogram 1161 3'
- '#histogram 1162 3'
- '#histogram 1163 4'
- '#histogram 1164 3'
- '#histogram 1165 5'
- '#histogram 1166 1'
- '#histogram 1167 4'
- '#histogram 1168 6'
- '#histogram 1169 3'
- '#histogram 1170 3'
- '#histogram 1171 1'
- '#histogram 1172 4'
- '#histogram 1174 2'
- '#histogram 1175 2'
- '#histogram 1176 2'
- '#histogram 1177 5'
- '#histogram 1178 1'
- '#histogram 1179 5'
- '#histogram 1180 7'
- '#histogram 1182 2'
- '#histogram 1183 6'
- '#histogram 1184 3'
- '#histogram 1185 2'
- '#histogram 1186 1'
- '#histogram 1187 2'
- '#histogram 1188 4'
- '#histogram 1189 1'
- '#histogram 1190 5'
- '#histogram 1191 3'
- '#histogram 1192 5'
- '#histogram 1193 3'
- '#histogram 1194 6'
- '#histogram 1195 3'
- '#histogram 1196 3'
- '#histogram 1197 2'
- '#histogram 1198 1'
- '#histogram 1200 2'
- '#histogram 1201 2'
- '#histogram 1202 3'
- '#histogram 1203 2'
- '#histogram 1204 1'
- '#histogram 1205 4'
- '#histogram 1206 2'
- '#histogram 1207 2'
- '#histogram 1209 2'
- '#histogram 1210 3'
- '#histogram 1211 3'
- '#histogram 1213 1'
- '#histogram 1214 4'
- '#histogram 1216 2'
- '#histogram 1217 1'
- '#histogram 1218 4'
- '#histogram 1219 3'
- '#histogram 1221 2'
- '#histogram 1222 1'
- '#histogram 1223 1'
- '#histogram 1224 1'
- '#histogram 1226 2'
- '#histogram 1227 4'
- '#histogram 1228 1'
- '#histogram 1229 3'
- '#histogram 1231 4'
- '#histogram 1232 3'
- '#histogram 1233 2'
- '#histogram 1235 3'
- '#histogram 1236 3'
- '#histogram 1237 2'
- '#histogram 1238 1'
- '#histogram 1239 1'
- '#histogram 1240 4'
- '#histogram 1242 1'
- '#histogram 1243 2'
- '#histogram 1246 1'
- '#histogram 1247 4'
- '#histogram 1248 2'
- '#histogram 1249 1'
- '#histogram 1250 4'
- '#histogram 1251 1'
- '#histogram 1252 3'
- '#histogram 1253 1'
- '#histogram 1254 2'
- '#histogram 1255 1'
- '#histogram 1256 1'
- '#histogram 1257 4'
- '#histogram 1259 4'
- '#histogram 1261 1'
- '#histogram 1262 2'
- '#histogram 1264 1'
- '#histogram 1265 1'
- '#histogram 1268 2'
- '#histogram 1269 2'
- '#histogram 1270 2'
- '#histogram 1272 1'
- '#histogram 1273 3'
- '#histogram 1275 1'
- '#histogram 1276 2'
- '#histogram 1279 1'
- '#histogram 1280 2'
- '#histogram 1281 1'
- '#histogram 1282 3'
- '#histogram 1283 1'
- '#histogram 1284 2'
- '#histogram 1285 1'
- '#histogram 1286 2'
- '#histogram 1287 1'
- '#histogram 1288 1'
- '#histogram 1290 1'
- '#histogram 1291 2'
- '#histogram 1293 2'
- '#histogram 1298 1'
- '#histogram 1300 3'
- '#histogram 1302 1'
- '#histogram 1308 1'
- '#histogram 1309 2'
- '#histogram 1314 2'
- '#histogram 1317 1'
- '#histogram 1318 1'
- '#histogram 1325 1'
- '#histogram 1330 1'
- '#histogram 1332 4'
- '#histogram 1334 1'
- '#histogram 1335 2'
- '#histogram 1336 2'
- '#histogram 1337 2'
- '#histogram 1339 1'
- '#histogram 1341 1'
- '#histogram 1342 1'
- '#histogram 1349 2'
- '#histogram 1352 1'
- '#histogram 1353 2'
- '#histogram 1360 1'
- '#histogram 1365 1'
- '#histogram 1372 1'
- '#histogram 1373 1'
- '#histogram 1375 1'
- '#histogram 1376 1'
- '#histogram 1388 1'
- '#histogram 1393 1'
- '#histogram 1394 1'
- '#histogram 1399 1'
- '#histogram 1427 1'
- '#histogram 1433 1'
- '#histogram 1472 1'
- '#histogram 1473 1'
- '#histogram 1482 1'
- '#histogram 1487 1'
- '#histogram 1490 1'
- '#histogram 1491 1'
- '#histogram 1497 1'
- '#histogram 1505 1'
- '#histogram 1508 1'
- '#histogram 1510 1'
- '#histogram 1522 2'
- '#histogram 1543 1'
- '#histogram 1555 1'
- '#histogram 1575 1'
- '#histogram 1576 1'
- '#histogram 1628 1'
- '#histogram 1642 1'
- '#histogram 1664 1'
- ''
