code: 0
data:
  avg_latency: 0.120977
  histogram:
  - - 0
    - 0
  - - 1
    - 30
  - - 2
    - 119
  - - 3
    - 199
  - - 4
    - 217
  - - 5
    - 286
  - - 6
    - 295
  - - 7
    - 300
  - - 8
    - 320
  - - 9
    - 335
  - - 10
    - 335
  - - 11
    - 334
  - - 12
    - 306
  - - 13
    - 382
  - - 14
    - 334
  - - 15
    - 349
  - - 16
    - 331
  - - 17
    - 397
  - - 18
    - 367
  - - 19
    - 365
  - - 20
    - 382
  - - 21
    - 343
  - - 22
    - 431
  - - 23
    - 387
  - - 24
    - 383
  - - 25
    - 350
  - - 26
    - 406
  - - 27
    - 459
  - - 28
    - 457
  - - 29
    - 452
  - - 30
    - 436
  - - 31
    - 463
  - - 32
    - 441
  - - 33
    - 490
  - - 34
    - 487
  - - 35
    - 501
  - - 36
    - 482
  - - 37
    - 571
  - - 38
    - 537
  - - 39
    - 518
  - - 40
    - 605
  - - 41
    - 561
  - - 42
    - 575
  - - 43
    - 556
  - - 44
    - 555
  - - 45
    - 601
  - - 46
    - 616
  - - 47
    - 662
  - - 48
    - 641
  - - 49
    - 591
  - - 50
    - 657
  - - 51
    - 594
  - - 52
    - 672
  - - 53
    - 656
  - - 54
    - 627
  - - 55
    - 685
  - - 56
    - 651
  - - 57
    - 705
  - - 58
    - 687
  - - 59
    - 722
  - - 60
    - 704
  - - 61
    - 664
  - - 62
    - 669
  - - 63
    - 712
  - - 64
    - 666
  - - 65
    - 711
  - - 66
    - 670
  - - 67
    - 692
  - - 68
    - 645
  - - 69
    - 693
  - - 70
    - 720
  - - 71
    - 747
  - - 72
    - 663
  - - 73
    - 664
  - - 74
    - 673
  - - 75
    - 698
  - - 76
    - 710
  - - 77
    - 713
  - - 78
    - 716
  - - 79
    - 666
  - - 80
    - 652
  - - 81
    - 704
  - - 82
    - 676
  - - 83
    - 651
  - - 84
    - 646
  - - 85
    - 705
  - - 86
    - 657
  - - 87
    - 661
  - - 88
    - 670
  - - 89
    - 684
  - - 90
    - 630
  - - 91
    - 663
  - - 92
    - 636
  - - 93
    - 723
  - - 94
    - 641
  - - 95
    - 698
  - - 96
    - 624
  - - 97
    - 612
  - - 98
    - 614
  - - 99
    - 654
  - - 100
    - 619
  - - 101
    - 636
  - - 102
    - 613
  - - 103
    - 596
  - - 104
    - 589
  - - 105
    - 621
  - - 106
    - 558
  - - 107
    - 590
  - - 108
    - 574
  - - 109
    - 560
  - - 110
    - 557
  - - 111
    - 531
  - - 112
    - 536
  - - 113
    - 566
  - - 114
    - 520
  - - 115
    - 535
  - - 116
    - 461
  - - 117
    - 492
  - - 118
    - 569
  - - 119
    - 521
  - - 120
    - 497
  - - 121
    - 514
  - - 122
    - 470
  - - 123
    - 484
  - - 124
    - 462
  - - 125
    - 473
  - - 126
    - 475
  - - 127
    - 448
  - - 128
    - 447
  - - 129
    - 422
  - - 130
    - 437
  - - 131
    - 426
  - - 132
    - 413
  - - 133
    - 446
  - - 134
    - 421
  - - 135
    - 390
  - - 136
    - 414
  - - 137
    - 351
  - - 138
    - 373
  - - 139
    - 353
  - - 140
    - 338
  - - 141
    - 393
  - - 142
    - 371
  - - 143
    - 359
  - - 144
    - 313
  - - 145
    - 343
  - - 146
    - 336
  - - 147
    - 318
  - - 148
    - 299
  - - 149
    - 294
  - - 150
    - 310
  - - 151
    - 330
  - - 152
    - 260
  - - 153
    - 297
  - - 154
    - 307
  - - 155
    - 257
  - - 156
    - 255
  - - 157
    - 294
  - - 158
    - 281
  - - 159
    - 280
  - - 160
    - 297
  - - 161
    - 239
  - - 162
    - 235
  - - 163
    - 244
  - - 164
    - 240
  - - 165
    - 235
  - - 166
    - 224
  - - 167
    - 220
  - - 168
    - 225
  - - 169
    - 221
  - - 170
    - 203
  - - 171
    - 241
  - - 172
    - 207
  - - 173
    - 226
  - - 174
    - 182
  - - 175
    - 214
  - - 176
    - 174
  - - 177
    - 174
  - - 178
    - 143
  - - 179
    - 167
  - - 180
    - 170
  - - 181
    - 159
  - - 182
    - 180
  - - 183
    - 132
  - - 184
    - 155
  - - 185
    - 156
  - - 186
    - 164
  - - 187
    - 144
  - - 188
    - 143
  - - 189
    - 153
  - - 190
    - 132
  - - 191
    - 129
  - - 192
    - 135
  - - 193
    - 111
  - - 194
    - 111
  - - 195
    - 111
  - - 196
    - 123
  - - 197
    - 128
  - - 198
    - 134
  - - 199
    - 121
  - - 200
    - 115
  - - 201
    - 116
  - - 202
    - 95
  - - 203
    - 112
  - - 204
    - 102
  - - 205
    - 112
  - - 206
    - 125
  - - 207
    - 92
  - - 208
    - 91
  - - 209
    - 87
  - - 210
    - 83
  - - 211
    - 72
  - - 212
    - 96
  - - 213
    - 90
  - - 214
    - 86
  - - 215
    - 88
  - - 216
    - 95
  - - 217
    - 60
  - - 218
    - 51
  - - 219
    - 62
  - - 220
    - 74
  - - 221
    - 77
  - - 222
    - 76
  - - 223
    - 84
  - - 224
    - 71
  - - 225
    - 75
  - - 226
    - 66
  - - 227
    - 67
  - - 228
    - 72
  - - 229
    - 71
  - - 230
    - 63
  - - 231
    - 60
  - - 232
    - 58
  - - 233
    - 52
  - - 234
    - 60
  - - 235
    - 52
  - - 236
    - 55
  - - 237
    - 64
  - - 238
    - 57
  - - 239
    - 48
  - - 240
    - 65
  - - 241
    - 60
  - - 242
    - 48
  - - 243
    - 46
  - - 244
    - 56
  - - 245
    - 46
  - - 246
    - 57
  - - 247
    - 49
  - - 248
    - 42
  - - 249
    - 54
  - - 250
    - 39
  - - 251
    - 31
  - - 252
    - 46
  - - 253
    - 36
  - - 254
    - 52
  - - 255
    - 49
  - - 256
    - 45
  - - 257
    - 39
  - - 258
    - 40
  - - 259
    - 34
  - - 260
    - 52
  - - 261
    - 46
  - - 262
    - 31
  - - 263
    - 32
  - - 264
    - 34
  - - 265
    - 32
  - - 266
    - 33
  - - 267
    - 33
  - - 268
    - 42
  - - 269
    - 33
  - - 270
    - 21
  - - 271
    - 40
  - - 272
    - 28
  - - 273
    - 33
  - - 274
    - 43
  - - 275
    - 33
  - - 276
    - 37
  - - 277
    - 34
  - - 278
    - 19
  - - 279
    - 37
  - - 280
    - 32
  - - 281
    - 30
  - - 282
    - 30
  - - 283
    - 48
  - - 284
    - 26
  - - 285
    - 25
  - - 286
    - 31
  - - 287
    - 19
  - - 288
    - 26
  - - 289
    - 36
  - - 290
    - 25
  - - 291
    - 30
  - - 292
    - 34
  - - 293
    - 21
  - - 294
    - 26
  - - 295
    - 38
  - - 296
    - 25
  - - 297
    - 28
  - - 298
    - 22
  - - 299
    - 29
  - - 300
    - 25
  - - 301
    - 24
  - - 302
    - 39
  - - 303
    - 32
  - - 304
    - 21
  - - 305
    - 28
  - - 306
    - 24
  - - 307
    - 27
  - - 308
    - 19
  - - 309
    - 27
  - - 310
    - 32
  - - 311
    - 28
  - - 312
    - 26
  - - 313
    - 33
  - - 314
    - 29
  - - 315
    - 25
  - - 316
    - 26
  - - 317
    - 26
  - - 318
    - 33
  - - 319
    - 26
  - - 320
    - 31
  - - 321
    - 21
  - - 322
    - 22
  - - 323
    - 25
  - - 324
    - 19
  - - 325
    - 27
  - - 326
    - 27
  - - 327
    - 28
  - - 328
    - 31
  - - 329
    - 26
  - - 330
    - 27
  - - 331
    - 30
  - - 332
    - 25
  - - 333
    - 17
  - - 334
    - 24
  - - 335
    - 22
  - - 336
    - 21
  - - 337
    - 29
  - - 338
    - 23
  - - 339
    - 19
  - - 340
    - 21
  - - 341
    - 29
  - - 342
    - 28
  - - 343
    - 37
  - - 344
    - 24
  - - 345
    - 25
  - - 346
    - 25
  - - 347
    - 22
  - - 348
    - 25
  - - 349
    - 27
  - - 350
    - 23
  - - 351
    - 24
  - - 352
    - 25
  - - 353
    - 23
  - - 354
    - 29
  - - 355
    - 20
  - - 356
    - 19
  - - 357
    - 16
  - - 358
    - 19
  - - 359
    - 15
  - - 360
    - 28
  - - 361
    - 17
  - - 362
    - 27
  - - 363
    - 19
  - - 364
    - 23
  - - 365
    - 18
  - - 366
    - 19
  - - 367
    - 26
  - - 368
    - 28
  - - 369
    - 22
  - - 370
    - 20
  - - 371
    - 19
  - - 372
    - 24
  - - 373
    - 20
  - - 374
    - 19
  - - 375
    - 16
  - - 376
    - 24
  - - 377
    - 25
  - - 378
    - 21
  - - 379
    - 28
  - - 380
    - 16
  - - 381
    - 17
  - - 382
    - 31
  - - 383
    - 20
  - - 384
    - 18
  - - 385
    - 24
  - - 386
    - 23
  - - 387
    - 21
  - - 388
    - 24
  - - 389
    - 24
  - - 390
    - 20
  - - 391
    - 15
  - - 392
    - 18
  - - 393
    - 23
  - - 394
    - 32
  - - 395
    - 23
  - - 396
    - 18
  - - 397
    - 21
  - - 398
    - 18
  - - 399
    - 17
  - - 400
    - 21
  - - 401
    - 26
  - - 402
    - 17
  - - 403
    - 17
  - - 404
    - 19
  - - 405
    - 16
  - - 406
    - 20
  - - 407
    - 20
  - - 408
    - 24
  - - 409
    - 25
  - - 410
    - 13
  - - 411
    - 24
  - - 412
    - 14
  - - 413
    - 20
  - - 414
    - 14
  - - 415
    - 9
  - - 416
    - 17
  - - 417
    - 26
  - - 418
    - 15
  - - 419
    - 16
  - - 420
    - 16
  - - 421
    - 12
  - - 422
    - 17
  - - 423
    - 18
  - - 424
    - 11
  - - 425
    - 23
  - - 426
    - 20
  - - 427
    - 14
  - - 428
    - 18
  - - 429
    - 27
  - - 430
    - 22
  - - 431
    - 17
  - - 432
    - 18
  - - 433
    - 11
  - - 434
    - 20
  - - 435
    - 18
  - - 436
    - 20
  - - 437
    - 22
  - - 438
    - 18
  - - 439
    - 21
  - - 440
    - 11
  - - 441
    - 16
  - - 442
    - 23
  - - 443
    - 22
  - - 444
    - 17
  - - 445
    - 18
  - - 446
    - 15
  - - 447
    - 19
  - - 448
    - 19
  - - 449
    - 24
  - - 450
    - 21
  - - 451
    - 10
  - - 452
    - 20
  - - 453
    - 17
  - - 454
    - 14
  - - 455
    - 10
  - - 456
    - 9
  - - 457
    - 20
  - - 458
    - 16
  - - 459
    - 10
  - - 460
    - 13
  - - 461
    - 7
  - - 462
    - 16
  - - 463
    - 8
  - - 464
    - 16
  - - 465
    - 16
  - - 466
    - 25
  - - 467
    - 22
  - - 468
    - 18
  - - 469
    - 10
  - - 470
    - 17
  - - 471
    - 17
  - - 472
    - 15
  - - 473
    - 10
  - - 474
    - 11
  - - 475
    - 22
  - - 476
    - 10
  - - 477
    - 8
  - - 478
    - 12
  - - 479
    - 7
  - - 480
    - 12
  - - 481
    - 12
  - - 482
    - 12
  - - 483
    - 13
  - - 484
    - 9
  - - 485
    - 16
  - - 486
    - 18
  - - 487
    - 13
  - - 488
    - 8
  - - 489
    - 14
  - - 490
    - 15
  - - 491
    - 17
  - - 492
    - 15
  - - 493
    - 8
  - - 494
    - 11
  - - 495
    - 11
  - - 496
    - 15
  - - 497
    - 14
  - - 498
    - 11
  - - 499
    - 14
  - - 500
    - 11
  - - 501
    - 13
  - - 502
    - 13
  - - 503
    - 8
  - - 504
    - 15
  - - 505
    - 11
  - - 506
    - 13
  - - 507
    - 16
  - - 508
    - 9
  - - 509
    - 10
  - - 510
    - 15
  - - 511
    - 13
  - - 512
    - 15
  - - 513
    - 13
  - - 514
    - 8
  - - 515
    - 10
  - - 516
    - 16
  - - 517
    - 11
  - - 518
    - 10
  - - 519
    - 14
  - - 520
    - 13
  - - 521
    - 12
  - - 522
    - 14
  - - 523
    - 8
  - - 524
    - 11
  - - 525
    - 7
  - - 526
    - 13
  - - 527
    - 12
  - - 528
    - 9
  - - 529
    - 6
  - - 530
    - 12
  - - 531
    - 13
  - - 532
    - 8
  - - 533
    - 12
  - - 534
    - 10
  - - 535
    - 14
  - - 536
    - 10
  - - 537
    - 11
  - - 538
    - 15
  - - 539
    - 7
  - - 540
    - 8
  - - 541
    - 7
  - - 542
    - 12
  - - 543
    - 10
  - - 544
    - 11
  - - 545
    - 6
  - - 546
    - 10
  - - 547
    - 7
  - - 548
    - 10
  - - 549
    - 8
  - - 550
    - 12
  - - 551
    - 7
  - - 552
    - 8
  - - 553
    - 21
  - - 554
    - 4
  - - 555
    - 7
  - - 556
    - 12
  - - 557
    - 12
  - - 558
    - 6
  - - 559
    - 8
  - - 560
    - 11
  - - 561
    - 9
  - - 562
    - 11
  - - 563
    - 12
  - - 564
    - 4
  - - 565
    - 10
  - - 566
    - 11
  - - 567
    - 5
  - - 568
    - 5
  - - 569
    - 8
  - - 570
    - 8
  - - 571
    - 6
  - - 572
    - 9
  - - 573
    - 8
  - - 574
    - 11
  - - 575
    - 3
  - - 576
    - 7
  - - 577
    - 13
  - - 578
    - 9
  - - 579
    - 9
  - - 580
    - 9
  - - 581
    - 12
  - - 582
    - 8
  - - 583
    - 5
  - - 584
    - 8
  - - 585
    - 7
  - - 586
    - 8
  - - 587
    - 10
  - - 588
    - 8
  - - 589
    - 12
  - - 590
    - 9
  - - 591
    - 9
  - - 592
    - 9
  - - 593
    - 10
  - - 594
    - 5
  - - 595
    - 7
  - - 596
    - 6
  - - 597
    - 6
  - - 598
    - 5
  - - 599
    - 4
  - - 600
    - 6
  - - 601
    - 14
  - - 602
    - 5
  - - 603
    - 7
  - - 604
    - 6
  - - 605
    - 5
  - - 606
    - 7
  - - 607
    - 9
  - - 608
    - 9
  - - 609
    - 6
  - - 610
    - 9
  - - 611
    - 6
  - - 612
    - 10
  - - 613
    - 10
  - - 614
    - 10
  - - 615
    - 8
  - - 616
    - 7
  - - 617
    - 5
  - - 618
    - 8
  - - 619
    - 6
  - - 620
    - 4
  - - 621
    - 10
  - - 622
    - 3
  - - 623
    - 4
  - - 624
    - 8
  - - 625
    - 7
  - - 626
    - 5
  - - 627
    - 8
  - - 628
    - 7
  - - 629
    - 9
  - - 630
    - 1
  - - 631
    - 5
  - - 632
    - 9
  - - 633
    - 7
  - - 634
    - 1
  - - 635
    - 4
  - - 636
    - 4
  - - 637
    - 5
  - - 638
    - 4
  - - 639
    - 6
  - - 640
    - 11
  - - 641
    - 6
  - - 642
    - 6
  - - 643
    - 9
  - - 644
    - 6
  - - 645
    - 7
  - - 646
    - 8
  - - 647
    - 7
  - - 648
    - 7
  - - 649
    - 5
  - - 650
    - 10
  - - 651
    - 7
  - - 652
    - 3
  - - 653
    - 8
  - - 654
    - 8
  - - 655
    - 5
  - - 656
    - 6
  - - 657
    - 2
  - - 658
    - 6
  - - 659
    - 3
  - - 660
    - 4
  - - 661
    - 8
  - - 662
    - 4
  - - 663
    - 2
  - - 664
    - 6
  - - 665
    - 5
  - - 666
    - 2
  - - 667
    - 4
  - - 668
    - 7
  - - 669
    - 3
  - - 670
    - 7
  - - 671
    - 6
  - - 672
    - 3
  - - 673
    - 7
  - - 674
    - 4
  - - 675
    - 5
  - - 676
    - 1
  - - 677
    - 5
  - - 678
    - 2
  - - 679
    - 5
  - - 680
    - 2
  - - 681
    - 8
  - - 682
    - 1
  - - 683
    - 6
  - - 684
    - 3
  - - 685
    - 4
  - - 686
    - 3
  - - 687
    - 4
  - - 688
    - 9
  - - 689
    - 3
  - - 690
    - 6
  - - 691
    - 4
  - - 692
    - 6
  - - 693
    - 4
  - - 694
    - 4
  - - 695
    - 4
  - - 696
    - 4
  - - 697
    - 4
  - - 699
    - 4
  - - 700
    - 1
  - - 701
    - 4
  - - 702
    - 3
  - - 703
    - 3
  - - 704
    - 7
  - - 705
    - 5
  - - 706
    - 5
  - - 708
    - 6
  - - 709
    - 1
  - - 710
    - 2
  - - 711
    - 2
  - - 712
    - 4
  - - 713
    - 5
  - - 714
    - 6
  - - 715
    - 1
  - - 716
    - 4
  - - 717
    - 1
  - - 718
    - 2
  - - 719
    - 5
  - - 720
    - 5
  - - 721
    - 1
  - - 722
    - 6
  - - 723
    - 6
  - - 724
    - 1
  - - 725
    - 3
  - - 726
    - 1
  - - 727
    - 2
  - - 729
    - 2
  - - 730
    - 4
  - - 731
    - 3
  - - 733
    - 4
  - - 736
    - 5
  - - 737
    - 5
  - - 738
    - 2
  - - 739
    - 4
  - - 741
    - 3
  - - 742
    - 1
  - - 743
    - 1
  - - 744
    - 4
  - - 745
    - 2
  - - 746
    - 3
  - - 747
    - 6
  - - 748
    - 2
  - - 749
    - 2
  - - 750
    - 1
  - - 751
    - 1
  - - 752
    - 2
  - - 753
    - 3
  - - 754
    - 6
  - - 755
    - 1
  - - 756
    - 5
  - - 757
    - 3
  - - 758
    - 1
  - - 759
    - 1
  - - 760
    - 7
  - - 761
    - 2
  - - 762
    - 2
  - - 763
    - 1
  - - 764
    - 3
  - - 765
    - 3
  - - 766
    - 2
  - - 767
    - 1
  - - 768
    - 4
  - - 769
    - 1
  - - 771
    - 3
  - - 772
    - 3
  - - 773
    - 3
  - - 774
    - 3
  - - 775
    - 3
  - - 776
    - 1
  - - 777
    - 5
  - - 778
    - 4
  - - 779
    - 2
  - - 780
    - 2
  - - 781
    - 5
  - - 782
    - 4
  - - 783
    - 1
  - - 784
    - 2
  - - 785
    - 1
  - - 786
    - 5
  - - 787
    - 3
  - - 788
    - 3
  - - 789
    - 2
  - - 790
    - 4
  - - 791
    - 4
  - - 792
    - 3
  - - 793
    - 1
  - - 794
    - 4
  - - 795
    - 4
  - - 796
    - 8
  - - 797
    - 6
  - - 798
    - 1
  - - 799
    - 1
  - - 800
    - 3
  - - 801
    - 2
  - - 802
    - 5
  - - 803
    - 1
  - - 804
    - 5
  - - 806
    - 1
  - - 807
    - 2
  - - 808
    - 3
  - - 810
    - 2
  - - 811
    - 1
  - - 812
    - 4
  - - 813
    - 2
  - - 814
    - 3
  - - 815
    - 3
  - - 816
    - 6
  - - 817
    - 4
  - - 818
    - 4
  - - 819
    - 4
  - - 820
    - 3
  - - 821
    - 4
  - - 822
    - 2
  - - 824
    - 2
  - - 825
    - 3
  - - 826
    - 5
  - - 828
    - 1
  - - 830
    - 4
  - - 831
    - 1
  - - 832
    - 1
  - - 833
    - 4
  - - 834
    - 3
  - - 835
    - 2
  - - 836
    - 1
  - - 837
    - 1
  - - 838
    - 3
  - - 839
    - 1
  - - 840
    - 2
  - - 841
    - 2
  - - 842
    - 8
  - - 843
    - 3
  - - 844
    - 4
  - - 845
    - 3
  - - 847
    - 1
  - - 848
    - 3
  - - 849
    - 2
  - - 850
    - 1
  - - 851
    - 4
  - - 853
    - 1
  - - 854
    - 2
  - - 855
    - 1
  - - 857
    - 3
  - - 858
    - 2
  - - 860
    - 6
  - - 862
    - 5
  - - 863
    - 1
  - - 864
    - 1
  - - 865
    - 2
  - - 866
    - 2
  - - 867
    - 3
  - - 868
    - 2
  - - 869
    - 1
  - - 870
    - 1
  - - 872
    - 2
  - - 874
    - 1
  - - 876
    - 1
  - - 877
    - 1
  - - 878
    - 2
  - - 879
    - 4
  - - 880
    - 1
  - - 881
    - 5
  - - 883
    - 1
  - - 884
    - 4
  - - 885
    - 2
  - - 886
    - 4
  - - 887
    - 4
  - - 889
    - 1
  - - 891
    - 1
  - - 893
    - 2
  - - 894
    - 1
  - - 895
    - 1
  - - 896
    - 1
  - - 898
    - 2
  - - 899
    - 1
  - - 900
    - 3
  - - 901
    - 2
  - - 902
    - 1
  - - 903
    - 4
  - - 904
    - 1
  - - 905
    - 2
  - - 906
    - 1
  - - 907
    - 6
  - - 908
    - 1
  - - 909
    - 1
  - - 910
    - 4
  - - 912
    - 5
  - - 913
    - 1
  - - 915
    - 4
  - - 916
    - 3
  - - 917
    - 2
  - - 918
    - 2
  - - 919
    - 1
  - - 921
    - 2
  - - 922
    - 2
  - - 923
    - 2
  - - 924
    - 1
  - - 925
    - 1
  - - 926
    - 4
  - - 927
    - 1
  - - 928
    - 2
  - - 930
    - 1
  - - 932
    - 4
  - - 933
    - 1
  - - 934
    - 1
  - - 935
    - 2
  - - 937
    - 2
  - - 938
    - 3
  - - 939
    - 1
  - - 940
    - 2
  - - 941
    - 1
  - - 943
    - 3
  - - 944
    - 2
  - - 945
    - 1
  - - 947
    - 2
  - - 948
    - 2
  - - 950
    - 3
  - - 951
    - 2
  - - 952
    - 1
  - - 953
    - 2
  - - 954
    - 2
  - - 955
    - 4
  - - 956
    - 2
  - - 957
    - 1
  - - 958
    - 4
  - - 960
    - 1
  - - 961
    - 4
  - - 962
    - 2
  - - 963
    - 2
  - - 965
    - 5
  - - 966
    - 1
  - - 967
    - 1
  - - 968
    - 1
  - - 969
    - 1
  - - 970
    - 2
  - - 971
    - 4
  - - 973
    - 1
  - - 976
    - 2
  - - 978
    - 1
  - - 979
    - 3
  - - 980
    - 6
  - - 982
    - 1
  - - 984
    - 1
  - - 985
    - 3
  - - 988
    - 2
  - - 989
    - 1
  - - 991
    - 1
  - - 992
    - 2
  - - 996
    - 1
  - - 997
    - 1
  - - 998
    - 3
  - - 1000
    - 1
  - - 1001
    - 1
  - - 1003
    - 3
  - - 1004
    - 1
  - - 1009
    - 1
  - - 1010
    - 2
  - - 1012
    - 1
  - - 1016
    - 2
  - - 1019
    - 1
  - - 1021
    - 1
  - - 1022
    - 1
  - - 1023
    - 4
  - - 1024
    - 1
  - - 1027
    - 1
  - - 1028
    - 1
  - - 1031
    - 1
  - - 1039
    - 2
  - - 1044
    - 1
  - - 1045
    - 1
  - - 1047
    - 1
  - - 1048
    - 1
  - - 1049
    - 1
  - - 1051
    - 1
  - - 1054
    - 1
  - - 1059
    - 1
  - - 1070
    - 1
  - - 1090
    - 1
  - - 1102
    - 1
  - - 1103
    - 1
  - - 1124
    - 1
  - - 1137
    - 1
  - - 1203
    - 1
  - - 1237
    - 1
  - - 1395
    - 1
  - - 1472
    - 1
  - - 1556
    - 1
  - - 1564
    - 1
  - - 1582
    - 1
  - - 1591
    - 1
  - - 1626
    - 1
  - - 1661
    - 1
  latency_50_percentile: 92.0
  latency_95_percentile: 348.0
  latency_99_5_percentile: 773.6999999999971
  latency_99_percentile: 641.0
  max_kubedns_cpu: 985
  max_kubedns_memory: 27
  max_latency: 1.66195
  max_perfserver_cpu: 0
  max_perfserver_memory: 0
  min_latency: 0.001279
  msg: null
  ok: true
  qps: 824.985458
  queries_completed: 99061
  queries_lost: 0
  queries_sent: 99061
  run_time: 120.076056
  stddev_latency: 0.117539
params:
  max_qps: null
  pod_name: dns-perf-client-858fb7568b-vbmrv
  query_file: all-queries.txt
  run_id: 1777661278
  run_length_seconds: 120
  run_subid: 0
stderr:
- ''
stdout:
- DNS Performance Testing Tool
- Nominum Version 2.1.0.0
- ''
- '[Status] Command line: dnsperf -s 10.0.0.10 -l 120 -d /queries/all-queries.txt'
- '[Status] Sending queries (to 10.0.0.10)'
- '[Status] Started at: Fri May  1 18:48:29 2026'
- '[Status] Stopping after 120.000000 seconds'
- '[Status] Testing complete (time limit)'
- ''
- 'Statistics:'
- ''
- '  Queries sent:         99061'
- '  Queries completed:    99061 (100.00%)'
- '  Queries lost:         0 (0.00%)'
- ''
- '  Response codes:       NOERROR 11886 (12.00%), NXDOMAIN 87175 (88.00%)'
- '  Average packet size:  request 39, response 122'
- '  Run time (s):         120.076056'
- '  Queries per second:   824.985458'
- ''
- '  Average Latency (s):  0.120977 (min 0.001279, max 1.661950)'
- '  Latency StdDev (s):   0.117539'
- ''
- '  Latency histogram'
- '#histogram 0 0'
- '#histogram 1 30'
- '#histogram 2 119'
- '#histogram 3 199'
- '#histogram 4 217'
- '#histogram 5 286'
- '#histogram 6 295'
- '#histogram 7 300'
- '#histogram 8 320'
- '#histogram 9 335'
- '#histogram 10 335'
- '#histogram 11 334'
- '#histogram 12 306'
- '#histogram 13 382'
- '#histogram 14 334'
- '#histogram 15 349'
- '#histogram 16 331'
- '#histogram 17 397'
- '#histogram 18 367'
- '#histogram 19 365'
- '#histogram 20 382'
- '#histogram 21 343'
- '#histogram 22 431'
- '#histogram 23 387'
- '#histogram 24 383'
- '#histogram 25 350'
- '#histogram 26 406'
- '#histogram 27 459'
- '#histogram 28 457'
- '#histogram 29 452'
- '#histogram 30 436'
- '#histogram 31 463'
- '#histogram 32 441'
- '#histogram 33 490'
- '#histogram 34 487'
- '#histogram 35 501'
- '#histogram 36 482'
- '#histogram 37 571'
- '#histogram 38 537'
- '#histogram 39 518'
- '#histogram 40 605'
- '#histogram 41 561'
- '#histogram 42 575'
- '#histogram 43 556'
- '#histogram 44 555'
- '#histogram 45 601'
- '#histogram 46 616'
- '#histogram 47 662'
- '#histogram 48 641'
- '#histogram 49 591'
- '#histogram 50 657'
- '#histogram 51 594'
- '#histogram 52 672'
- '#histogram 53 656'
- '#histogram 54 627'
- '#histogram 55 685'
- '#histogram 56 651'
- '#histogram 57 705'
- '#histogram 58 687'
- '#histogram 59 722'
- '#histogram 60 704'
- '#histogram 61 664'
- '#histogram 62 669'
- '#histogram 63 712'
- '#histogram 64 666'
- '#histogram 65 711'
- '#histogram 66 670'
- '#histogram 67 692'
- '#histogram 68 645'
- '#histogram 69 693'
- '#histogram 70 720'
- '#histogram 71 747'
- '#histogram 72 663'
- '#histogram 73 664'
- '#histogram 74 673'
- '#histogram 75 698'
- '#histogram 76 710'
- '#histogram 77 713'
- '#histogram 78 716'
- '#histogram 79 666'
- '#histogram 80 652'
- '#histogram 81 704'
- '#histogram 82 676'
- '#histogram 83 651'
- '#histogram 84 646'
- '#histogram 85 705'
- '#histogram 86 657'
- '#histogram 87 661'
- '#histogram 88 670'
- '#histogram 89 684'
- '#histogram 90 630'
- '#histogram 91 663'
- '#histogram 92 636'
- '#histogram 93 723'
- '#histogram 94 641'
- '#histogram 95 698'
- '#histogram 96 624'
- '#histogram 97 612'
- '#histogram 98 614'
- '#histogram 99 654'
- '#histogram 100 619'
- '#histogram 101 636'
- '#histogram 102 613'
- '#histogram 103 596'
- '#histogram 104 589'
- '#histogram 105 621'
- '#histogram 106 558'
- '#histogram 107 590'
- '#histogram 108 574'
- '#histogram 109 560'
- '#histogram 110 557'
- '#histogram 111 531'
- '#histogram 112 536'
- '#histogram 113 566'
- '#histogram 114 520'
- '#histogram 115 535'
- '#histogram 116 461'
- '#histogram 117 492'
- '#histogram 118 569'
- '#histogram 119 521'
- '#histogram 120 497'
- '#histogram 121 514'
- '#histogram 122 470'
- '#histogram 123 484'
- '#histogram 124 462'
- '#histogram 125 473'
- '#histogram 126 475'
- '#histogram 127 448'
- '#histogram 128 447'
- '#histogram 129 422'
- '#histogram 130 437'
- '#histogram 131 426'
- '#histogram 132 413'
- '#histogram 133 446'
- '#histogram 134 421'
- '#histogram 135 390'
- '#histogram 136 414'
- '#histogram 137 351'
- '#histogram 138 373'
- '#histogram 139 353'
- '#histogram 140 338'
- '#histogram 141 393'
- '#histogram 142 371'
- '#histogram 143 359'
- '#histogram 144 313'
- '#histogram 145 343'
- '#histogram 146 336'
- '#histogram 147 318'
- '#histogram 148 299'
- '#histogram 149 294'
- '#histogram 150 310'
- '#histogram 151 330'
- '#histogram 152 260'
- '#histogram 153 297'
- '#histogram 154 307'
- '#histogram 155 257'
- '#histogram 156 255'
- '#histogram 157 294'
- '#histogram 158 281'
- '#histogram 159 280'
- '#histogram 160 297'
- '#histogram 161 239'
- '#histogram 162 235'
- '#histogram 163 244'
- '#histogram 164 240'
- '#histogram 165 235'
- '#histogram 166 224'
- '#histogram 167 220'
- '#histogram 168 225'
- '#histogram 169 221'
- '#histogram 170 203'
- '#histogram 171 241'
- '#histogram 172 207'
- '#histogram 173 226'
- '#histogram 174 182'
- '#histogram 175 214'
- '#histogram 176 174'
- '#histogram 177 174'
- '#histogram 178 143'
- '#histogram 179 167'
- '#histogram 180 170'
- '#histogram 181 159'
- '#histogram 182 180'
- '#histogram 183 132'
- '#histogram 184 155'
- '#histogram 185 156'
- '#histogram 186 164'
- '#histogram 187 144'
- '#histogram 188 143'
- '#histogram 189 153'
- '#histogram 190 132'
- '#histogram 191 129'
- '#histogram 192 135'
- '#histogram 193 111'
- '#histogram 194 111'
- '#histogram 195 111'
- '#histogram 196 123'
- '#histogram 197 128'
- '#histogram 198 134'
- '#histogram 199 121'
- '#histogram 200 115'
- '#histogram 201 116'
- '#histogram 202 95'
- '#histogram 203 112'
- '#histogram 204 102'
- '#histogram 205 112'
- '#histogram 206 125'
- '#histogram 207 92'
- '#histogram 208 91'
- '#histogram 209 87'
- '#histogram 210 83'
- '#histogram 211 72'
- '#histogram 212 96'
- '#histogram 213 90'
- '#histogram 214 86'
- '#histogram 215 88'
- '#histogram 216 95'
- '#histogram 217 60'
- '#histogram 218 51'
- '#histogram 219 62'
- '#histogram 220 74'
- '#histogram 221 77'
- '#histogram 222 76'
- '#histogram 223 84'
- '#histogram 224 71'
- '#histogram 225 75'
- '#histogram 226 66'
- '#histogram 227 67'
- '#histogram 228 72'
- '#histogram 229 71'
- '#histogram 230 63'
- '#histogram 231 60'
- '#histogram 232 58'
- '#histogram 233 52'
- '#histogram 234 60'
- '#histogram 235 52'
- '#histogram 236 55'
- '#histogram 237 64'
- '#histogram 238 57'
- '#histogram 239 48'
- '#histogram 240 65'
- '#histogram 241 60'
- '#histogram 242 48'
- '#histogram 243 46'
- '#histogram 244 56'
- '#histogram 245 46'
- '#histogram 246 57'
- '#histogram 247 49'
- '#histogram 248 42'
- '#histogram 249 54'
- '#histogram 250 39'
- '#histogram 251 31'
- '#histogram 252 46'
- '#histogram 253 36'
- '#histogram 254 52'
- '#histogram 255 49'
- '#histogram 256 45'
- '#histogram 257 39'
- '#histogram 258 40'
- '#histogram 259 34'
- '#histogram 260 52'
- '#histogram 261 46'
- '#histogram 262 31'
- '#histogram 263 32'
- '#histogram 264 34'
- '#histogram 265 32'
- '#histogram 266 33'
- '#histogram 267 33'
- '#histogram 268 42'
- '#histogram 269 33'
- '#histogram 270 21'
- '#histogram 271 40'
- '#histogram 272 28'
- '#histogram 273 33'
- '#histogram 274 43'
- '#histogram 275 33'
- '#histogram 276 37'
- '#histogram 277 34'
- '#histogram 278 19'
- '#histogram 279 37'
- '#histogram 280 32'
- '#histogram 281 30'
- '#histogram 282 30'
- '#histogram 283 48'
- '#histogram 284 26'
- '#histogram 285 25'
- '#histogram 286 31'
- '#histogram 287 19'
- '#histogram 288 26'
- '#histogram 289 36'
- '#histogram 290 25'
- '#histogram 291 30'
- '#histogram 292 34'
- '#histogram 293 21'
- '#histogram 294 26'
- '#histogram 295 38'
- '#histogram 296 25'
- '#histogram 297 28'
- '#histogram 298 22'
- '#histogram 299 29'
- '#histogram 300 25'
- '#histogram 301 24'
- '#histogram 302 39'
- '#histogram 303 32'
- '#histogram 304 21'
- '#histogram 305 28'
- '#histogram 306 24'
- '#histogram 307 27'
- '#histogram 308 19'
- '#histogram 309 27'
- '#histogram 310 32'
- '#histogram 311 28'
- '#histogram 312 26'
- '#histogram 313 33'
- '#histogram 314 29'
- '#histogram 315 25'
- '#histogram 316 26'
- '#histogram 317 26'
- '#histogram 318 33'
- '#histogram 319 26'
- '#histogram 320 31'
- '#histogram 321 21'
- '#histogram 322 22'
- '#histogram 323 25'
- '#histogram 324 19'
- '#histogram 325 27'
- '#histogram 326 27'
- '#histogram 327 28'
- '#histogram 328 31'
- '#histogram 329 26'
- '#histogram 330 27'
- '#histogram 331 30'
- '#histogram 332 25'
- '#histogram 333 17'
- '#histogram 334 24'
- '#histogram 335 22'
- '#histogram 336 21'
- '#histogram 337 29'
- '#histogram 338 23'
- '#histogram 339 19'
- '#histogram 340 21'
- '#histogram 341 29'
- '#histogram 342 28'
- '#histogram 343 37'
- '#histogram 344 24'
- '#histogram 345 25'
- '#histogram 346 25'
- '#histogram 347 22'
- '#histogram 348 25'
- '#histogram 349 27'
- '#histogram 350 23'
- '#histogram 351 24'
- '#histogram 352 25'
- '#histogram 353 23'
- '#histogram 354 29'
- '#histogram 355 20'
- '#histogram 356 19'
- '#histogram 357 16'
- '#histogram 358 19'
- '#histogram 359 15'
- '#histogram 360 28'
- '#histogram 361 17'
- '#histogram 362 27'
- '#histogram 363 19'
- '#histogram 364 23'
- '#histogram 365 18'
- '#histogram 366 19'
- '#histogram 367 26'
- '#histogram 368 28'
- '#histogram 369 22'
- '#histogram 370 20'
- '#histogram 371 19'
- '#histogram 372 24'
- '#histogram 373 20'
- '#histogram 374 19'
- '#histogram 375 16'
- '#histogram 376 24'
- '#histogram 377 25'
- '#histogram 378 21'
- '#histogram 379 28'
- '#histogram 380 16'
- '#histogram 381 17'
- '#histogram 382 31'
- '#histogram 383 20'
- '#histogram 384 18'
- '#histogram 385 24'
- '#histogram 386 23'
- '#histogram 387 21'
- '#histogram 388 24'
- '#histogram 389 24'
- '#histogram 390 20'
- '#histogram 391 15'
- '#histogram 392 18'
- '#histogram 393 23'
- '#histogram 394 32'
- '#histogram 395 23'
- '#histogram 396 18'
- '#histogram 397 21'
- '#histogram 398 18'
- '#histogram 399 17'
- '#histogram 400 21'
- '#histogram 401 26'
- '#histogram 402 17'
- '#histogram 403 17'
- '#histogram 404 19'
- '#histogram 405 16'
- '#histogram 406 20'
- '#histogram 407 20'
- '#histogram 408 24'
- '#histogram 409 25'
- '#histogram 410 13'
- '#histogram 411 24'
- '#histogram 412 14'
- '#histogram 413 20'
- '#histogram 414 14'
- '#histogram 415 9'
- '#histogram 416 17'
- '#histogram 417 26'
- '#histogram 418 15'
- '#histogram 419 16'
- '#histogram 420 16'
- '#histogram 421 12'
- '#histogram 422 17'
- '#histogram 423 18'
- '#histogram 424 11'
- '#histogram 425 23'
- '#histogram 426 20'
- '#histogram 427 14'
- '#histogram 428 18'
- '#histogram 429 27'
- '#histogram 430 22'
- '#histogram 431 17'
- '#histogram 432 18'
- '#histogram 433 11'
- '#histogram 434 20'
- '#histogram 435 18'
- '#histogram 436 20'
- '#histogram 437 22'
- '#histogram 438 18'
- '#histogram 439 21'
- '#histogram 440 11'
- '#histogram 441 16'
- '#histogram 442 23'
- '#histogram 443 22'
- '#histogram 444 17'
- '#histogram 445 18'
- '#histogram 446 15'
- '#histogram 447 19'
- '#histogram 448 19'
- '#histogram 449 24'
- '#histogram 450 21'
- '#histogram 451 10'
- '#histogram 452 20'
- '#histogram 453 17'
- '#histogram 454 14'
- '#histogram 455 10'
- '#histogram 456 9'
- '#histogram 457 20'
- '#histogram 458 16'
- '#histogram 459 10'
- '#histogram 460 13'
- '#histogram 461 7'
- '#histogram 462 16'
- '#histogram 463 8'
- '#histogram 464 16'
- '#histogram 465 16'
- '#histogram 466 25'
- '#histogram 467 22'
- '#histogram 468 18'
- '#histogram 469 10'
- '#histogram 470 17'
- '#histogram 471 17'
- '#histogram 472 15'
- '#histogram 473 10'
- '#histogram 474 11'
- '#histogram 475 22'
- '#histogram 476 10'
- '#histogram 477 8'
- '#histogram 478 12'
- '#histogram 479 7'
- '#histogram 480 12'
- '#histogram 481 12'
- '#histogram 482 12'
- '#histogram 483 13'
- '#histogram 484 9'
- '#histogram 485 16'
- '#histogram 486 18'
- '#histogram 487 13'
- '#histogram 488 8'
- '#histogram 489 14'
- '#histogram 490 15'
- '#histogram 491 17'
- '#histogram 492 15'
- '#histogram 493 8'
- '#histogram 494 11'
- '#histogram 495 11'
- '#histogram 496 15'
- '#histogram 497 14'
- '#histogram 498 11'
- '#histogram 499 14'
- '#histogram 500 11'
- '#histogram 501 13'
- '#histogram 502 13'
- '#histogram 503 8'
- '#histogram 504 15'
- '#histogram 505 11'
- '#histogram 506 13'
- '#histogram 507 16'
- '#histogram 508 9'
- '#histogram 509 10'
- '#histogram 510 15'
- '#histogram 511 13'
- '#histogram 512 15'
- '#histogram 513 13'
- '#histogram 514 8'
- '#histogram 515 10'
- '#histogram 516 16'
- '#histogram 517 11'
- '#histogram 518 10'
- '#histogram 519 14'
- '#histogram 520 13'
- '#histogram 521 12'
- '#histogram 522 14'
- '#histogram 523 8'
- '#histogram 524 11'
- '#histogram 525 7'
- '#histogram 526 13'
- '#histogram 527 12'
- '#histogram 528 9'
- '#histogram 529 6'
- '#histogram 530 12'
- '#histogram 531 13'
- '#histogram 532 8'
- '#histogram 533 12'
- '#histogram 534 10'
- '#histogram 535 14'
- '#histogram 536 10'
- '#histogram 537 11'
- '#histogram 538 15'
- '#histogram 539 7'
- '#histogram 540 8'
- '#histogram 541 7'
- '#histogram 542 12'
- '#histogram 543 10'
- '#histogram 544 11'
- '#histogram 545 6'
- '#histogram 546 10'
- '#histogram 547 7'
- '#histogram 548 10'
- '#histogram 549 8'
- '#histogram 550 12'
- '#histogram 551 7'
- '#histogram 552 8'
- '#histogram 553 21'
- '#histogram 554 4'
- '#histogram 555 7'
- '#histogram 556 12'
- '#histogram 557 12'
- '#histogram 558 6'
- '#histogram 559 8'
- '#histogram 560 11'
- '#histogram 561 9'
- '#histogram 562 11'
- '#histogram 563 12'
- '#histogram 564 4'
- '#histogram 565 10'
- '#histogram 566 11'
- '#histogram 567 5'
- '#histogram 568 5'
- '#histogram 569 8'
- '#histogram 570 8'
- '#histogram 571 6'
- '#histogram 572 9'
- '#histogram 573 8'
- '#histogram 574 11'
- '#histogram 575 3'
- '#histogram 576 7'
- '#histogram 577 13'
- '#histogram 578 9'
- '#histogram 579 9'
- '#histogram 580 9'
- '#histogram 581 12'
- '#histogram 582 8'
- '#histogram 583 5'
- '#histogram 584 8'
- '#histogram 585 7'
- '#histogram 586 8'
- '#histogram 587 10'
- '#histogram 588 8'
- '#histogram 589 12'
- '#histogram 590 9'
- '#histogram 591 9'
- '#histogram 592 9'
- '#histogram 593 10'
- '#histogram 594 5'
- '#histogram 595 7'
- '#histogram 596 6'
- '#histogram 597 6'
- '#histogram 598 5'
- '#histogram 599 4'
- '#histogram 600 6'
- '#histogram 601 14'
- '#histogram 602 5'
- '#histogram 603 7'
- '#histogram 604 6'
- '#histogram 605 5'
- '#histogram 606 7'
- '#histogram 607 9'
- '#histogram 608 9'
- '#histogram 609 6'
- '#histogram 610 9'
- '#histogram 611 6'
- '#histogram 612 10'
- '#histogram 613 10'
- '#histogram 614 10'
- '#histogram 615 8'
- '#histogram 616 7'
- '#histogram 617 5'
- '#histogram 618 8'
- '#histogram 619 6'
- '#histogram 620 4'
- '#histogram 621 10'
- '#histogram 622 3'
- '#histogram 623 4'
- '#histogram 624 8'
- '#histogram 625 7'
- '#histogram 626 5'
- '#histogram 627 8'
- '#histogram 628 7'
- '#histogram 629 9'
- '#histogram 630 1'
- '#histogram 631 5'
- '#histogram 632 9'
- '#histogram 633 7'
- '#histogram 634 1'
- '#histogram 635 4'
- '#histogram 636 4'
- '#histogram 637 5'
- '#histogram 638 4'
- '#histogram 639 6'
- '#histogram 640 11'
- '#histogram 641 6'
- '#histogram 642 6'
- '#histogram 643 9'
- '#histogram 644 6'
- '#histogram 645 7'
- '#histogram 646 8'
- '#histogram 647 7'
- '#histogram 648 7'
- '#histogram 649 5'
- '#histogram 650 10'
- '#histogram 651 7'
- '#histogram 652 3'
- '#histogram 653 8'
- '#histogram 654 8'
- '#histogram 655 5'
- '#histogram 656 6'
- '#histogram 657 2'
- '#histogram 658 6'
- '#histogram 659 3'
- '#histogram 660 4'
- '#histogram 661 8'
- '#histogram 662 4'
- '#histogram 663 2'
- '#histogram 664 6'
- '#histogram 665 5'
- '#histogram 666 2'
- '#histogram 667 4'
- '#histogram 668 7'
- '#histogram 669 3'
- '#histogram 670 7'
- '#histogram 671 6'
- '#histogram 672 3'
- '#histogram 673 7'
- '#histogram 674 4'
- '#histogram 675 5'
- '#histogram 676 1'
- '#histogram 677 5'
- '#histogram 678 2'
- '#histogram 679 5'
- '#histogram 680 2'
- '#histogram 681 8'
- '#histogram 682 1'
- '#histogram 683 6'
- '#histogram 684 3'
- '#histogram 685 4'
- '#histogram 686 3'
- '#histogram 687 4'
- '#histogram 688 9'
- '#histogram 689 3'
- '#histogram 690 6'
- '#histogram 691 4'
- '#histogram 692 6'
- '#histogram 693 4'
- '#histogram 694 4'
- '#histogram 695 4'
- '#histogram 696 4'
- '#histogram 697 4'
- '#histogram 699 4'
- '#histogram 700 1'
- '#histogram 701 4'
- '#histogram 702 3'
- '#histogram 703 3'
- '#histogram 704 7'
- '#histogram 705 5'
- '#histogram 706 5'
- '#histogram 708 6'
- '#histogram 709 1'
- '#histogram 710 2'
- '#histogram 711 2'
- '#histogram 712 4'
- '#histogram 713 5'
- '#histogram 714 6'
- '#histogram 715 1'
- '#histogram 716 4'
- '#histogram 717 1'
- '#histogram 718 2'
- '#histogram 719 5'
- '#histogram 720 5'
- '#histogram 721 1'
- '#histogram 722 6'
- '#histogram 723 6'
- '#histogram 724 1'
- '#histogram 725 3'
- '#histogram 726 1'
- '#histogram 727 2'
- '#histogram 729 2'
- '#histogram 730 4'
- '#histogram 731 3'
- '#histogram 733 4'
- '#histogram 736 5'
- '#histogram 737 5'
- '#histogram 738 2'
- '#histogram 739 4'
- '#histogram 741 3'
- '#histogram 742 1'
- '#histogram 743 1'
- '#histogram 744 4'
- '#histogram 745 2'
- '#histogram 746 3'
- '#histogram 747 6'
- '#histogram 748 2'
- '#histogram 749 2'
- '#histogram 750 1'
- '#histogram 751 1'
- '#histogram 752 2'
- '#histogram 753 3'
- '#histogram 754 6'
- '#histogram 755 1'
- '#histogram 756 5'
- '#histogram 757 3'
- '#histogram 758 1'
- '#histogram 759 1'
- '#histogram 760 7'
- '#histogram 761 2'
- '#histogram 762 2'
- '#histogram 763 1'
- '#histogram 764 3'
- '#histogram 765 3'
- '#histogram 766 2'
- '#histogram 767 1'
- '#histogram 768 4'
- '#histogram 769 1'
- '#histogram 771 3'
- '#histogram 772 3'
- '#histogram 773 3'
- '#histogram 774 3'
- '#histogram 775 3'
- '#histogram 776 1'
- '#histogram 777 5'
- '#histogram 778 4'
- '#histogram 779 2'
- '#histogram 780 2'
- '#histogram 781 5'
- '#histogram 782 4'
- '#histogram 783 1'
- '#histogram 784 2'
- '#histogram 785 1'
- '#histogram 786 5'
- '#histogram 787 3'
- '#histogram 788 3'
- '#histogram 789 2'
- '#histogram 790 4'
- '#histogram 791 4'
- '#histogram 792 3'
- '#histogram 793 1'
- '#histogram 794 4'
- '#histogram 795 4'
- '#histogram 796 8'
- '#histogram 797 6'
- '#histogram 798 1'
- '#histogram 799 1'
- '#histogram 800 3'
- '#histogram 801 2'
- '#histogram 802 5'
- '#histogram 803 1'
- '#histogram 804 5'
- '#histogram 806 1'
- '#histogram 807 2'
- '#histogram 808 3'
- '#histogram 810 2'
- '#histogram 811 1'
- '#histogram 812 4'
- '#histogram 813 2'
- '#histogram 814 3'
- '#histogram 815 3'
- '#histogram 816 6'
- '#histogram 817 4'
- '#histogram 818 4'
- '#histogram 819 4'
- '#histogram 820 3'
- '#histogram 821 4'
- '#histogram 822 2'
- '#histogram 824 2'
- '#histogram 825 3'
- '#histogram 826 5'
- '#histogram 828 1'
- '#histogram 830 4'
- '#histogram 831 1'
- '#histogram 832 1'
- '#histogram 833 4'
- '#histogram 834 3'
- '#histogram 835 2'
- '#histogram 836 1'
- '#histogram 837 1'
- '#histogram 838 3'
- '#histogram 839 1'
- '#histogram 840 2'
- '#histogram 841 2'
- '#histogram 842 8'
- '#histogram 843 3'
- '#histogram 844 4'
- '#histogram 845 3'
- '#histogram 847 1'
- '#histogram 848 3'
- '#histogram 849 2'
- '#histogram 850 1'
- '#histogram 851 4'
- '#histogram 853 1'
- '#histogram 854 2'
- '#histogram 855 1'
- '#histogram 857 3'
- '#histogram 858 2'
- '#histogram 860 6'
- '#histogram 862 5'
- '#histogram 863 1'
- '#histogram 864 1'
- '#histogram 865 2'
- '#histogram 866 2'
- '#histogram 867 3'
- '#histogram 868 2'
- '#histogram 869 1'
- '#histogram 870 1'
- '#histogram 872 2'
- '#histogram 874 1'
- '#histogram 876 1'
- '#histogram 877 1'
- '#histogram 878 2'
- '#histogram 879 4'
- '#histogram 880 1'
- '#histogram 881 5'
- '#histogram 883 1'
- '#histogram 884 4'
- '#histogram 885 2'
- '#histogram 886 4'
- '#histogram 887 4'
- '#histogram 889 1'
- '#histogram 891 1'
- '#histogram 893 2'
- '#histogram 894 1'
- '#histogram 895 1'
- '#histogram 896 1'
- '#histogram 898 2'
- '#histogram 899 1'
- '#histogram 900 3'
- '#histogram 901 2'
- '#histogram 902 1'
- '#histogram 903 4'
- '#histogram 904 1'
- '#histogram 905 2'
- '#histogram 906 1'
- '#histogram 907 6'
- '#histogram 908 1'
- '#histogram 909 1'
- '#histogram 910 4'
- '#histogram 912 5'
- '#histogram 913 1'
- '#histogram 915 4'
- '#histogram 916 3'
- '#histogram 917 2'
- '#histogram 918 2'
- '#histogram 919 1'
- '#histogram 921 2'
- '#histogram 922 2'
- '#histogram 923 2'
- '#histogram 924 1'
- '#histogram 925 1'
- '#histogram 926 4'
- '#histogram 927 1'
- '#histogram 928 2'
- '#histogram 930 1'
- '#histogram 932 4'
- '#histogram 933 1'
- '#histogram 934 1'
- '#histogram 935 2'
- '#histogram 937 2'
- '#histogram 938 3'
- '#histogram 939 1'
- '#histogram 940 2'
- '#histogram 941 1'
- '#histogram 943 3'
- '#histogram 944 2'
- '#histogram 945 1'
- '#histogram 947 2'
- '#histogram 948 2'
- '#histogram 950 3'
- '#histogram 951 2'
- '#histogram 952 1'
- '#histogram 953 2'
- '#histogram 954 2'
- '#histogram 955 4'
- '#histogram 956 2'
- '#histogram 957 1'
- '#histogram 958 4'
- '#histogram 960 1'
- '#histogram 961 4'
- '#histogram 962 2'
- '#histogram 963 2'
- '#histogram 965 5'
- '#histogram 966 1'
- '#histogram 967 1'
- '#histogram 968 1'
- '#histogram 969 1'
- '#histogram 970 2'
- '#histogram 971 4'
- '#histogram 973 1'
- '#histogram 976 2'
- '#histogram 978 1'
- '#histogram 979 3'
- '#histogram 980 6'
- '#histogram 982 1'
- '#histogram 984 1'
- '#histogram 985 3'
- '#histogram 988 2'
- '#histogram 989 1'
- '#histogram 991 1'
- '#histogram 992 2'
- '#histogram 996 1'
- '#histogram 997 1'
- '#histogram 998 3'
- '#histogram 1000 1'
- '#histogram 1001 1'
- '#histogram 1003 3'
- '#histogram 1004 1'
- '#histogram 1009 1'
- '#histogram 1010 2'
- '#histogram 1012 1'
- '#histogram 1016 2'
- '#histogram 1019 1'
- '#histogram 1021 1'
- '#histogram 1022 1'
- '#histogram 1023 4'
- '#histogram 1024 1'
- '#histogram 1027 1'
- '#histogram 1028 1'
- '#histogram 1031 1'
- '#histogram 1039 2'
- '#histogram 1044 1'
- '#histogram 1045 1'
- '#histogram 1047 1'
- '#histogram 1048 1'
- '#histogram 1049 1'
- '#histogram 1051 1'
- '#histogram 1054 1'
- '#histogram 1059 1'
- '#histogram 1070 1'
- '#histogram 1090 1'
- '#histogram 1102 1'
- '#histogram 1103 1'
- '#histogram 1124 1'
- '#histogram 1137 1'
- '#histogram 1203 1'
- '#histogram 1237 1'
- '#histogram 1395 1'
- '#histogram 1472 1'
- '#histogram 1556 1'
- '#histogram 1564 1'
- '#histogram 1582 1'
- '#histogram 1591 1'
- '#histogram 1626 1'
- '#histogram 1661 1'
- ''
