code: 0
data:
  avg_latency: 0.12077
  histogram:
  - - 0
    - 0
  - - 1
    - 27
  - - 2
    - 120
  - - 3
    - 219
  - - 4
    - 235
  - - 5
    - 270
  - - 6
    - 288
  - - 7
    - 273
  - - 8
    - 289
  - - 9
    - 324
  - - 10
    - 301
  - - 11
    - 325
  - - 12
    - 339
  - - 13
    - 326
  - - 14
    - 337
  - - 15
    - 373
  - - 16
    - 375
  - - 17
    - 349
  - - 18
    - 351
  - - 19
    - 363
  - - 20
    - 359
  - - 21
    - 375
  - - 22
    - 357
  - - 23
    - 372
  - - 24
    - 391
  - - 25
    - 457
  - - 26
    - 400
  - - 27
    - 434
  - - 28
    - 453
  - - 29
    - 480
  - - 30
    - 435
  - - 31
    - 503
  - - 32
    - 492
  - - 33
    - 477
  - - 34
    - 450
  - - 35
    - 518
  - - 36
    - 471
  - - 37
    - 591
  - - 38
    - 561
  - - 39
    - 553
  - - 40
    - 548
  - - 41
    - 603
  - - 42
    - 548
  - - 43
    - 596
  - - 44
    - 552
  - - 45
    - 599
  - - 46
    - 590
  - - 47
    - 575
  - - 48
    - 635
  - - 49
    - 613
  - - 50
    - 620
  - - 51
    - 630
  - - 52
    - 685
  - - 53
    - 602
  - - 54
    - 666
  - - 55
    - 674
  - - 56
    - 688
  - - 57
    - 682
  - - 58
    - 688
  - - 59
    - 728
  - - 60
    - 664
  - - 61
    - 656
  - - 62
    - 722
  - - 63
    - 684
  - - 64
    - 680
  - - 65
    - 659
  - - 66
    - 641
  - - 67
    - 648
  - - 68
    - 672
  - - 69
    - 664
  - - 70
    - 712
  - - 71
    - 734
  - - 72
    - 727
  - - 73
    - 725
  - - 74
    - 689
  - - 75
    - 709
  - - 76
    - 699
  - - 77
    - 730
  - - 78
    - 704
  - - 79
    - 663
  - - 80
    - 673
  - - 81
    - 743
  - - 82
    - 696
  - - 83
    - 642
  - - 84
    - 715
  - - 85
    - 701
  - - 86
    - 698
  - - 87
    - 685
  - - 88
    - 656
  - - 89
    - 683
  - - 90
    - 648
  - - 91
    - 665
  - - 92
    - 635
  - - 93
    - 705
  - - 94
    - 662
  - - 95
    - 606
  - - 96
    - 603
  - - 97
    - 697
  - - 98
    - 649
  - - 99
    - 632
  - - 100
    - 654
  - - 101
    - 628
  - - 102
    - 617
  - - 103
    - 644
  - - 104
    - 569
  - - 105
    - 605
  - - 106
    - 610
  - - 107
    - 553
  - - 108
    - 561
  - - 109
    - 641
  - - 110
    - 596
  - - 111
    - 545
  - - 112
    - 518
  - - 113
    - 599
  - - 114
    - 556
  - - 115
    - 526
  - - 116
    - 533
  - - 117
    - 505
  - - 118
    - 513
  - - 119
    - 508
  - - 120
    - 499
  - - 121
    - 519
  - - 122
    - 475
  - - 123
    - 490
  - - 124
    - 460
  - - 125
    - 482
  - - 126
    - 414
  - - 127
    - 509
  - - 128
    - 464
  - - 129
    - 456
  - - 130
    - 418
  - - 131
    - 445
  - - 132
    - 411
  - - 133
    - 430
  - - 134
    - 368
  - - 135
    - 396
  - - 136
    - 388
  - - 137
    - 384
  - - 138
    - 367
  - - 139
    - 362
  - - 140
    - 363
  - - 141
    - 316
  - - 142
    - 361
  - - 143
    - 300
  - - 144
    - 329
  - - 145
    - 334
  - - 146
    - 357
  - - 147
    - 365
  - - 148
    - 322
  - - 149
    - 328
  - - 150
    - 307
  - - 151
    - 345
  - - 152
    - 299
  - - 153
    - 312
  - - 154
    - 288
  - - 155
    - 267
  - - 156
    - 287
  - - 157
    - 263
  - - 158
    - 275
  - - 159
    - 249
  - - 160
    - 255
  - - 161
    - 229
  - - 162
    - 271
  - - 163
    - 222
  - - 164
    - 246
  - - 165
    - 242
  - - 166
    - 227
  - - 167
    - 218
  - - 168
    - 220
  - - 169
    - 236
  - - 170
    - 217
  - - 171
    - 196
  - - 172
    - 212
  - - 173
    - 151
  - - 174
    - 192
  - - 175
    - 210
  - - 176
    - 186
  - - 177
    - 185
  - - 178
    - 178
  - - 179
    - 178
  - - 180
    - 175
  - - 181
    - 180
  - - 182
    - 167
  - - 183
    - 153
  - - 184
    - 155
  - - 185
    - 139
  - - 186
    - 151
  - - 187
    - 163
  - - 188
    - 181
  - - 189
    - 129
  - - 190
    - 144
  - - 191
    - 130
  - - 192
    - 165
  - - 193
    - 119
  - - 194
    - 115
  - - 195
    - 137
  - - 196
    - 109
  - - 197
    - 104
  - - 198
    - 120
  - - 199
    - 112
  - - 200
    - 95
  - - 201
    - 102
  - - 202
    - 98
  - - 203
    - 110
  - - 204
    - 107
  - - 205
    - 100
  - - 206
    - 79
  - - 207
    - 101
  - - 208
    - 78
  - - 209
    - 90
  - - 210
    - 73
  - - 211
    - 91
  - - 212
    - 97
  - - 213
    - 95
  - - 214
    - 80
  - - 215
    - 79
  - - 216
    - 66
  - - 217
    - 63
  - - 218
    - 64
  - - 219
    - 82
  - - 220
    - 76
  - - 221
    - 57
  - - 222
    - 52
  - - 223
    - 58
  - - 224
    - 79
  - - 225
    - 56
  - - 226
    - 72
  - - 227
    - 66
  - - 228
    - 58
  - - 229
    - 81
  - - 230
    - 50
  - - 231
    - 60
  - - 232
    - 75
  - - 233
    - 51
  - - 234
    - 51
  - - 235
    - 39
  - - 236
    - 56
  - - 237
    - 47
  - - 238
    - 57
  - - 239
    - 49
  - - 240
    - 48
  - - 241
    - 42
  - - 242
    - 52
  - - 243
    - 42
  - - 244
    - 42
  - - 245
    - 51
  - - 246
    - 47
  - - 247
    - 41
  - - 248
    - 39
  - - 249
    - 41
  - - 250
    - 49
  - - 251
    - 41
  - - 252
    - 38
  - - 253
    - 50
  - - 254
    - 37
  - - 255
    - 30
  - - 256
    - 54
  - - 257
    - 39
  - - 258
    - 40
  - - 259
    - 33
  - - 260
    - 41
  - - 261
    - 38
  - - 262
    - 41
  - - 263
    - 34
  - - 264
    - 31
  - - 265
    - 38
  - - 266
    - 47
  - - 267
    - 27
  - - 268
    - 39
  - - 269
    - 34
  - - 270
    - 32
  - - 271
    - 31
  - - 272
    - 36
  - - 273
    - 36
  - - 274
    - 35
  - - 275
    - 30
  - - 276
    - 37
  - - 277
    - 31
  - - 278
    - 28
  - - 279
    - 29
  - - 280
    - 32
  - - 281
    - 33
  - - 282
    - 35
  - - 283
    - 28
  - - 284
    - 37
  - - 285
    - 30
  - - 286
    - 32
  - - 287
    - 26
  - - 288
    - 28
  - - 289
    - 32
  - - 290
    - 37
  - - 291
    - 28
  - - 292
    - 33
  - - 293
    - 22
  - - 294
    - 40
  - - 295
    - 35
  - - 296
    - 30
  - - 297
    - 31
  - - 298
    - 20
  - - 299
    - 31
  - - 300
    - 36
  - - 301
    - 33
  - - 302
    - 25
  - - 303
    - 27
  - - 304
    - 28
  - - 305
    - 33
  - - 306
    - 24
  - - 307
    - 25
  - - 308
    - 36
  - - 309
    - 22
  - - 310
    - 24
  - - 311
    - 29
  - - 312
    - 33
  - - 313
    - 30
  - - 314
    - 27
  - - 315
    - 21
  - - 316
    - 18
  - - 317
    - 23
  - - 318
    - 32
  - - 319
    - 27
  - - 320
    - 27
  - - 321
    - 23
  - - 322
    - 38
  - - 323
    - 32
  - - 324
    - 25
  - - 325
    - 19
  - - 326
    - 22
  - - 327
    - 22
  - - 328
    - 22
  - - 329
    - 29
  - - 330
    - 24
  - - 331
    - 20
  - - 332
    - 24
  - - 333
    - 18
  - - 334
    - 14
  - - 335
    - 25
  - - 336
    - 29
  - - 337
    - 25
  - - 338
    - 25
  - - 339
    - 33
  - - 340
    - 25
  - - 341
    - 17
  - - 342
    - 20
  - - 343
    - 24
  - - 344
    - 22
  - - 345
    - 20
  - - 346
    - 19
  - - 347
    - 32
  - - 348
    - 28
  - - 349
    - 15
  - - 350
    - 24
  - - 351
    - 20
  - - 352
    - 31
  - - 353
    - 13
  - - 354
    - 31
  - - 355
    - 21
  - - 356
    - 24
  - - 357
    - 18
  - - 358
    - 21
  - - 359
    - 15
  - - 360
    - 27
  - - 361
    - 34
  - - 362
    - 28
  - - 363
    - 17
  - - 364
    - 25
  - - 365
    - 18
  - - 366
    - 19
  - - 367
    - 15
  - - 368
    - 24
  - - 369
    - 15
  - - 370
    - 22
  - - 371
    - 17
  - - 372
    - 25
  - - 373
    - 18
  - - 374
    - 20
  - - 375
    - 18
  - - 376
    - 21
  - - 377
    - 23
  - - 378
    - 20
  - - 379
    - 19
  - - 380
    - 19
  - - 381
    - 32
  - - 382
    - 19
  - - 383
    - 21
  - - 384
    - 24
  - - 385
    - 24
  - - 386
    - 30
  - - 387
    - 15
  - - 388
    - 24
  - - 389
    - 23
  - - 390
    - 25
  - - 391
    - 26
  - - 392
    - 20
  - - 393
    - 30
  - - 394
    - 25
  - - 395
    - 31
  - - 396
    - 18
  - - 397
    - 18
  - - 398
    - 27
  - - 399
    - 18
  - - 400
    - 19
  - - 401
    - 26
  - - 402
    - 29
  - - 403
    - 23
  - - 404
    - 26
  - - 405
    - 16
  - - 406
    - 19
  - - 407
    - 14
  - - 408
    - 24
  - - 409
    - 20
  - - 410
    - 18
  - - 411
    - 18
  - - 412
    - 12
  - - 413
    - 19
  - - 414
    - 14
  - - 415
    - 18
  - - 416
    - 19
  - - 417
    - 18
  - - 418
    - 18
  - - 419
    - 7
  - - 420
    - 22
  - - 421
    - 20
  - - 422
    - 19
  - - 423
    - 30
  - - 424
    - 19
  - - 425
    - 23
  - - 426
    - 15
  - - 427
    - 21
  - - 428
    - 17
  - - 429
    - 22
  - - 430
    - 13
  - - 431
    - 17
  - - 432
    - 13
  - - 433
    - 13
  - - 434
    - 14
  - - 435
    - 27
  - - 436
    - 12
  - - 437
    - 11
  - - 438
    - 12
  - - 439
    - 16
  - - 440
    - 20
  - - 441
    - 9
  - - 442
    - 13
  - - 443
    - 17
  - - 444
    - 19
  - - 445
    - 19
  - - 446
    - 23
  - - 447
    - 18
  - - 448
    - 14
  - - 449
    - 12
  - - 450
    - 22
  - - 451
    - 18
  - - 452
    - 18
  - - 453
    - 22
  - - 454
    - 17
  - - 455
    - 14
  - - 456
    - 19
  - - 457
    - 12
  - - 458
    - 28
  - - 459
    - 21
  - - 460
    - 11
  - - 461
    - 11
  - - 462
    - 13
  - - 463
    - 8
  - - 464
    - 10
  - - 465
    - 8
  - - 466
    - 10
  - - 467
    - 7
  - - 468
    - 13
  - - 469
    - 19
  - - 470
    - 21
  - - 471
    - 13
  - - 472
    - 22
  - - 473
    - 8
  - - 474
    - 17
  - - 475
    - 20
  - - 476
    - 16
  - - 477
    - 18
  - - 478
    - 20
  - - 479
    - 16
  - - 480
    - 21
  - - 481
    - 14
  - - 482
    - 14
  - - 483
    - 8
  - - 484
    - 12
  - - 485
    - 7
  - - 486
    - 17
  - - 487
    - 15
  - - 488
    - 10
  - - 489
    - 12
  - - 490
    - 16
  - - 491
    - 15
  - - 492
    - 9
  - - 493
    - 22
  - - 494
    - 15
  - - 495
    - 8
  - - 496
    - 14
  - - 497
    - 8
  - - 498
    - 15
  - - 499
    - 13
  - - 500
    - 10
  - - 501
    - 11
  - - 502
    - 15
  - - 503
    - 9
  - - 504
    - 14
  - - 505
    - 10
  - - 506
    - 9
  - - 507
    - 12
  - - 508
    - 11
  - - 509
    - 13
  - - 510
    - 15
  - - 511
    - 6
  - - 512
    - 13
  - - 513
    - 10
  - - 514
    - 23
  - - 515
    - 11
  - - 516
    - 12
  - - 517
    - 11
  - - 518
    - 8
  - - 519
    - 15
  - - 520
    - 14
  - - 521
    - 13
  - - 522
    - 12
  - - 523
    - 6
  - - 524
    - 13
  - - 525
    - 13
  - - 526
    - 14
  - - 527
    - 10
  - - 528
    - 8
  - - 529
    - 13
  - - 530
    - 7
  - - 531
    - 6
  - - 532
    - 9
  - - 533
    - 14
  - - 534
    - 10
  - - 535
    - 8
  - - 536
    - 15
  - - 537
    - 12
  - - 538
    - 11
  - - 539
    - 11
  - - 540
    - 8
  - - 541
    - 12
  - - 542
    - 13
  - - 543
    - 9
  - - 544
    - 9
  - - 545
    - 8
  - - 546
    - 7
  - - 547
    - 14
  - - 548
    - 11
  - - 549
    - 10
  - - 550
    - 9
  - - 551
    - 7
  - - 552
    - 7
  - - 553
    - 5
  - - 554
    - 8
  - - 555
    - 8
  - - 556
    - 6
  - - 557
    - 9
  - - 558
    - 10
  - - 559
    - 9
  - - 560
    - 9
  - - 561
    - 17
  - - 562
    - 12
  - - 563
    - 9
  - - 564
    - 9
  - - 565
    - 8
  - - 566
    - 8
  - - 567
    - 10
  - - 568
    - 9
  - - 569
    - 13
  - - 570
    - 9
  - - 571
    - 13
  - - 572
    - 3
  - - 573
    - 10
  - - 574
    - 5
  - - 575
    - 14
  - - 576
    - 6
  - - 577
    - 8
  - - 578
    - 12
  - - 579
    - 5
  - - 580
    - 6
  - - 581
    - 8
  - - 582
    - 4
  - - 583
    - 6
  - - 584
    - 7
  - - 585
    - 10
  - - 586
    - 12
  - - 587
    - 10
  - - 588
    - 10
  - - 589
    - 8
  - - 590
    - 5
  - - 591
    - 11
  - - 592
    - 13
  - - 593
    - 6
  - - 594
    - 9
  - - 595
    - 10
  - - 596
    - 3
  - - 597
    - 4
  - - 598
    - 7
  - - 599
    - 9
  - - 600
    - 6
  - - 601
    - 8
  - - 602
    - 6
  - - 603
    - 6
  - - 604
    - 5
  - - 605
    - 3
  - - 606
    - 8
  - - 607
    - 1
  - - 608
    - 4
  - - 609
    - 14
  - - 610
    - 8
  - - 611
    - 6
  - - 612
    - 3
  - - 613
    - 6
  - - 614
    - 5
  - - 615
    - 5
  - - 616
    - 5
  - - 617
    - 2
  - - 618
    - 5
  - - 619
    - 7
  - - 620
    - 7
  - - 621
    - 6
  - - 622
    - 6
  - - 623
    - 11
  - - 624
    - 6
  - - 625
    - 11
  - - 626
    - 12
  - - 627
    - 15
  - - 628
    - 8
  - - 629
    - 7
  - - 630
    - 6
  - - 631
    - 7
  - - 632
    - 3
  - - 633
    - 8
  - - 634
    - 7
  - - 635
    - 7
  - - 636
    - 7
  - - 637
    - 5
  - - 638
    - 7
  - - 639
    - 7
  - - 640
    - 7
  - - 641
    - 8
  - - 642
    - 7
  - - 643
    - 5
  - - 644
    - 4
  - - 645
    - 4
  - - 646
    - 4
  - - 647
    - 6
  - - 648
    - 6
  - - 649
    - 4
  - - 650
    - 10
  - - 651
    - 5
  - - 652
    - 4
  - - 653
    - 4
  - - 654
    - 5
  - - 655
    - 2
  - - 656
    - 8
  - - 657
    - 8
  - - 658
    - 7
  - - 659
    - 6
  - - 660
    - 6
  - - 661
    - 12
  - - 662
    - 7
  - - 663
    - 1
  - - 664
    - 3
  - - 665
    - 5
  - - 666
    - 5
  - - 667
    - 8
  - - 668
    - 4
  - - 669
    - 2
  - - 670
    - 3
  - - 671
    - 6
  - - 672
    - 4
  - - 673
    - 6
  - - 674
    - 9
  - - 675
    - 3
  - - 676
    - 5
  - - 677
    - 5
  - - 678
    - 7
  - - 679
    - 1
  - - 680
    - 4
  - - 681
    - 2
  - - 682
    - 6
  - - 684
    - 4
  - - 685
    - 3
  - - 686
    - 5
  - - 687
    - 1
  - - 688
    - 4
  - - 689
    - 2
  - - 690
    - 6
  - - 691
    - 1
  - - 692
    - 2
  - - 693
    - 2
  - - 694
    - 3
  - - 695
    - 2
  - - 696
    - 2
  - - 697
    - 9
  - - 698
    - 3
  - - 699
    - 5
  - - 700
    - 7
  - - 701
    - 2
  - - 702
    - 3
  - - 703
    - 9
  - - 704
    - 4
  - - 705
    - 2
  - - 706
    - 6
  - - 707
    - 5
  - - 708
    - 1
  - - 709
    - 2
  - - 710
    - 5
  - - 711
    - 2
  - - 712
    - 5
  - - 713
    - 3
  - - 714
    - 5
  - - 715
    - 7
  - - 716
    - 1
  - - 717
    - 5
  - - 718
    - 2
  - - 719
    - 1
  - - 720
    - 3
  - - 721
    - 6
  - - 722
    - 3
  - - 723
    - 2
  - - 724
    - 2
  - - 725
    - 6
  - - 726
    - 2
  - - 727
    - 6
  - - 728
    - 3
  - - 729
    - 6
  - - 730
    - 9
  - - 731
    - 1
  - - 732
    - 2
  - - 733
    - 4
  - - 734
    - 5
  - - 735
    - 2
  - - 738
    - 1
  - - 739
    - 8
  - - 740
    - 3
  - - 741
    - 2
  - - 742
    - 5
  - - 743
    - 3
  - - 744
    - 1
  - - 745
    - 1
  - - 746
    - 5
  - - 747
    - 3
  - - 748
    - 2
  - - 749
    - 5
  - - 750
    - 1
  - - 751
    - 2
  - - 752
    - 2
  - - 753
    - 2
  - - 754
    - 2
  - - 755
    - 3
  - - 756
    - 4
  - - 757
    - 7
  - - 758
    - 2
  - - 759
    - 3
  - - 760
    - 3
  - - 761
    - 3
  - - 762
    - 1
  - - 764
    - 7
  - - 765
    - 2
  - - 766
    - 4
  - - 767
    - 4
  - - 768
    - 4
  - - 770
    - 3
  - - 771
    - 6
  - - 772
    - 1
  - - 773
    - 3
  - - 774
    - 4
  - - 775
    - 3
  - - 776
    - 5
  - - 777
    - 1
  - - 778
    - 2
  - - 780
    - 7
  - - 781
    - 3
  - - 782
    - 2
  - - 783
    - 3
  - - 784
    - 4
  - - 785
    - 4
  - - 786
    - 4
  - - 787
    - 3
  - - 788
    - 4
  - - 789
    - 2
  - - 790
    - 2
  - - 791
    - 4
  - - 792
    - 6
  - - 793
    - 2
  - - 794
    - 2
  - - 795
    - 1
  - - 796
    - 2
  - - 797
    - 1
  - - 798
    - 3
  - - 801
    - 2
  - - 802
    - 2
  - - 803
    - 1
  - - 804
    - 4
  - - 805
    - 2
  - - 806
    - 3
  - - 807
    - 4
  - - 808
    - 1
  - - 809
    - 1
  - - 810
    - 1
  - - 811
    - 4
  - - 812
    - 1
  - - 813
    - 3
  - - 814
    - 2
  - - 816
    - 1
  - - 817
    - 3
  - - 818
    - 1
  - - 819
    - 3
  - - 820
    - 2
  - - 821
    - 5
  - - 822
    - 2
  - - 823
    - 3
  - - 824
    - 1
  - - 825
    - 2
  - - 826
    - 1
  - - 827
    - 2
  - - 828
    - 2
  - - 829
    - 3
  - - 830
    - 1
  - - 831
    - 1
  - - 832
    - 3
  - - 833
    - 3
  - - 834
    - 2
  - - 835
    - 2
  - - 838
    - 1
  - - 839
    - 3
  - - 840
    - 1
  - - 842
    - 3
  - - 843
    - 3
  - - 844
    - 1
  - - 845
    - 5
  - - 846
    - 2
  - - 847
    - 1
  - - 848
    - 1
  - - 850
    - 1
  - - 851
    - 2
  - - 852
    - 3
  - - 853
    - 3
  - - 854
    - 1
  - - 855
    - 3
  - - 856
    - 2
  - - 857
    - 1
  - - 858
    - 4
  - - 859
    - 1
  - - 860
    - 1
  - - 861
    - 2
  - - 864
    - 3
  - - 866
    - 1
  - - 867
    - 1
  - - 868
    - 1
  - - 869
    - 1
  - - 871
    - 3
  - - 872
    - 2
  - - 874
    - 2
  - - 875
    - 3
  - - 876
    - 1
  - - 877
    - 3
  - - 878
    - 3
  - - 879
    - 3
  - - 880
    - 1
  - - 881
    - 1
  - - 882
    - 4
  - - 883
    - 1
  - - 884
    - 1
  - - 885
    - 3
  - - 886
    - 3
  - - 887
    - 5
  - - 888
    - 2
  - - 890
    - 1
  - - 893
    - 1
  - - 895
    - 3
  - - 896
    - 3
  - - 897
    - 4
  - - 899
    - 3
  - - 900
    - 4
  - - 902
    - 5
  - - 903
    - 1
  - - 904
    - 1
  - - 906
    - 5
  - - 907
    - 2
  - - 908
    - 1
  - - 909
    - 2
  - - 910
    - 3
  - - 911
    - 4
  - - 912
    - 2
  - - 913
    - 1
  - - 914
    - 1
  - - 915
    - 2
  - - 916
    - 1
  - - 917
    - 4
  - - 918
    - 1
  - - 919
    - 3
  - - 922
    - 3
  - - 924
    - 3
  - - 926
    - 1
  - - 927
    - 3
  - - 929
    - 2
  - - 930
    - 5
  - - 931
    - 5
  - - 932
    - 1
  - - 933
    - 3
  - - 934
    - 2
  - - 935
    - 7
  - - 936
    - 2
  - - 937
    - 4
  - - 939
    - 2
  - - 940
    - 1
  - - 941
    - 1
  - - 942
    - 1
  - - 943
    - 1
  - - 944
    - 4
  - - 945
    - 1
  - - 946
    - 2
  - - 947
    - 2
  - - 949
    - 2
  - - 950
    - 2
  - - 951
    - 1
  - - 953
    - 1
  - - 954
    - 1
  - - 955
    - 1
  - - 956
    - 1
  - - 958
    - 3
  - - 959
    - 2
  - - 960
    - 2
  - - 961
    - 2
  - - 963
    - 1
  - - 965
    - 1
  - - 966
    - 4
  - - 967
    - 1
  - - 968
    - 1
  - - 969
    - 1
  - - 970
    - 1
  - - 973
    - 3
  - - 974
    - 1
  - - 976
    - 3
  - - 977
    - 2
  - - 980
    - 1
  - - 981
    - 1
  - - 982
    - 2
  - - 983
    - 1
  - - 984
    - 1
  - - 985
    - 1
  - - 987
    - 3
  - - 988
    - 1
  - - 992
    - 1
  - - 993
    - 2
  - - 994
    - 1
  - - 996
    - 2
  - - 997
    - 1
  - - 999
    - 2
  - - 1000
    - 4
  - - 1002
    - 1
  - - 1005
    - 1
  - - 1007
    - 1
  - - 1008
    - 1
  - - 1011
    - 1
  - - 1017
    - 2
  - - 1019
    - 1
  - - 1020
    - 1
  - - 1021
    - 1
  - - 1024
    - 1
  - - 1027
    - 2
  - - 1029
    - 1
  - - 1031
    - 1
  - - 1032
    - 1
  - - 1033
    - 1
  - - 1034
    - 2
  - - 1045
    - 1
  - - 1052
    - 1
  - - 1055
    - 1
  - - 1060
    - 3
  - - 1062
    - 1
  - - 1090
    - 1
  - - 1091
    - 1
  - - 1092
    - 1
  - - 1111
    - 1
  - - 1181
    - 1
  - - 1226
    - 1
  - - 1238
    - 1
  - - 1262
    - 1
  - - 1283
    - 1
  - - 1437
    - 1
  - - 1538
    - 1
  - - 1611
    - 1
  latency_50_percentile: 92.0
  latency_95_percentile: 350.0
  latency_99_5_percentile: 759.0
  latency_99_percentile: 638.0
  max_kubedns_cpu: 985
  max_kubedns_memory: 27
  max_latency: 1.611887
  max_perfserver_cpu: 0
  max_perfserver_memory: 0
  min_latency: 0.001404
  msg: null
  ok: true
  qps: 826.207662
  queries_completed: 99275
  queries_lost: 0
  queries_sent: 99275
  run_time: 120.157443
  stddev_latency: 0.116816
params:
  max_qps: null
  pod_name: dns-perf-client-858fb7568b-8d92j
  query_file: all-queries.txt
  run_id: 1777661278
  run_length_seconds: 120
  run_subid: 0
stderr:
- ''
stdout:
- DNS Performance Testing Tool
- Nominum Version 2.1.0.0
- ''
- '[Status] Command line: dnsperf -s 10.0.0.10 -l 120 -d /queries/all-queries.txt'
- '[Status] Sending queries (to 10.0.0.10)'
- '[Status] Started at: Fri May  1 18:48:29 2026'
- '[Status] Stopping after 120.000000 seconds'
- '[Status] Testing complete (time limit)'
- ''
- 'Statistics:'
- ''
- '  Queries sent:         99275'
- '  Queries completed:    99275 (100.00%)'
- '  Queries lost:         0 (0.00%)'
- ''
- '  Response codes:       NOERROR 11913 (12.00%), NXDOMAIN 87362 (88.00%)'
- '  Average packet size:  request 39, response 122'
- '  Run time (s):         120.157443'
- '  Queries per second:   826.207662'
- ''
- '  Average Latency (s):  0.120770 (min 0.001404, max 1.611887)'
- '  Latency StdDev (s):   0.116816'
- ''
- '  Latency histogram'
- '#histogram 0 0'
- '#histogram 1 27'
- '#histogram 2 120'
- '#histogram 3 219'
- '#histogram 4 235'
- '#histogram 5 270'
- '#histogram 6 288'
- '#histogram 7 273'
- '#histogram 8 289'
- '#histogram 9 324'
- '#histogram 10 301'
- '#histogram 11 325'
- '#histogram 12 339'
- '#histogram 13 326'
- '#histogram 14 337'
- '#histogram 15 373'
- '#histogram 16 375'
- '#histogram 17 349'
- '#histogram 18 351'
- '#histogram 19 363'
- '#histogram 20 359'
- '#histogram 21 375'
- '#histogram 22 357'
- '#histogram 23 372'
- '#histogram 24 391'
- '#histogram 25 457'
- '#histogram 26 400'
- '#histogram 27 434'
- '#histogram 28 453'
- '#histogram 29 480'
- '#histogram 30 435'
- '#histogram 31 503'
- '#histogram 32 492'
- '#histogram 33 477'
- '#histogram 34 450'
- '#histogram 35 518'
- '#histogram 36 471'
- '#histogram 37 591'
- '#histogram 38 561'
- '#histogram 39 553'
- '#histogram 40 548'
- '#histogram 41 603'
- '#histogram 42 548'
- '#histogram 43 596'
- '#histogram 44 552'
- '#histogram 45 599'
- '#histogram 46 590'
- '#histogram 47 575'
- '#histogram 48 635'
- '#histogram 49 613'
- '#histogram 50 620'
- '#histogram 51 630'
- '#histogram 52 685'
- '#histogram 53 602'
- '#histogram 54 666'
- '#histogram 55 674'
- '#histogram 56 688'
- '#histogram 57 682'
- '#histogram 58 688'
- '#histogram 59 728'
- '#histogram 60 664'
- '#histogram 61 656'
- '#histogram 62 722'
- '#histogram 63 684'
- '#histogram 64 680'
- '#histogram 65 659'
- '#histogram 66 641'
- '#histogram 67 648'
- '#histogram 68 672'
- '#histogram 69 664'
- '#histogram 70 712'
- '#histogram 71 734'
- '#histogram 72 727'
- '#histogram 73 725'
- '#histogram 74 689'
- '#histogram 75 709'
- '#histogram 76 699'
- '#histogram 77 730'
- '#histogram 78 704'
- '#histogram 79 663'
- '#histogram 80 673'
- '#histogram 81 743'
- '#histogram 82 696'
- '#histogram 83 642'
- '#histogram 84 715'
- '#histogram 85 701'
- '#histogram 86 698'
- '#histogram 87 685'
- '#histogram 88 656'
- '#histogram 89 683'
- '#histogram 90 648'
- '#histogram 91 665'
- '#histogram 92 635'
- '#histogram 93 705'
- '#histogram 94 662'
- '#histogram 95 606'
- '#histogram 96 603'
- '#histogram 97 697'
- '#histogram 98 649'
- '#histogram 99 632'
- '#histogram 100 654'
- '#histogram 101 628'
- '#histogram 102 617'
- '#histogram 103 644'
- '#histogram 104 569'
- '#histogram 105 605'
- '#histogram 106 610'
- '#histogram 107 553'
- '#histogram 108 561'
- '#histogram 109 641'
- '#histogram 110 596'
- '#histogram 111 545'
- '#histogram 112 518'
- '#histogram 113 599'
- '#histogram 114 556'
- '#histogram 115 526'
- '#histogram 116 533'
- '#histogram 117 505'
- '#histogram 118 513'
- '#histogram 119 508'
- '#histogram 120 499'
- '#histogram 121 519'
- '#histogram 122 475'
- '#histogram 123 490'
- '#histogram 124 460'
- '#histogram 125 482'
- '#histogram 126 414'
- '#histogram 127 509'
- '#histogram 128 464'
- '#histogram 129 456'
- '#histogram 130 418'
- '#histogram 131 445'
- '#histogram 132 411'
- '#histogram 133 430'
- '#histogram 134 368'
- '#histogram 135 396'
- '#histogram 136 388'
- '#histogram 137 384'
- '#histogram 138 367'
- '#histogram 139 362'
- '#histogram 140 363'
- '#histogram 141 316'
- '#histogram 142 361'
- '#histogram 143 300'
- '#histogram 144 329'
- '#histogram 145 334'
- '#histogram 146 357'
- '#histogram 147 365'
- '#histogram 148 322'
- '#histogram 149 328'
- '#histogram 150 307'
- '#histogram 151 345'
- '#histogram 152 299'
- '#histogram 153 312'
- '#histogram 154 288'
- '#histogram 155 267'
- '#histogram 156 287'
- '#histogram 157 263'
- '#histogram 158 275'
- '#histogram 159 249'
- '#histogram 160 255'
- '#histogram 161 229'
- '#histogram 162 271'
- '#histogram 163 222'
- '#histogram 164 246'
- '#histogram 165 242'
- '#histogram 166 227'
- '#histogram 167 218'
- '#histogram 168 220'
- '#histogram 169 236'
- '#histogram 170 217'
- '#histogram 171 196'
- '#histogram 172 212'
- '#histogram 173 151'
- '#histogram 174 192'
- '#histogram 175 210'
- '#histogram 176 186'
- '#histogram 177 185'
- '#histogram 178 178'
- '#histogram 179 178'
- '#histogram 180 175'
- '#histogram 181 180'
- '#histogram 182 167'
- '#histogram 183 153'
- '#histogram 184 155'
- '#histogram 185 139'
- '#histogram 186 151'
- '#histogram 187 163'
- '#histogram 188 181'
- '#histogram 189 129'
- '#histogram 190 144'
- '#histogram 191 130'
- '#histogram 192 165'
- '#histogram 193 119'
- '#histogram 194 115'
- '#histogram 195 137'
- '#histogram 196 109'
- '#histogram 197 104'
- '#histogram 198 120'
- '#histogram 199 112'
- '#histogram 200 95'
- '#histogram 201 102'
- '#histogram 202 98'
- '#histogram 203 110'
- '#histogram 204 107'
- '#histogram 205 100'
- '#histogram 206 79'
- '#histogram 207 101'
- '#histogram 208 78'
- '#histogram 209 90'
- '#histogram 210 73'
- '#histogram 211 91'
- '#histogram 212 97'
- '#histogram 213 95'
- '#histogram 214 80'
- '#histogram 215 79'
- '#histogram 216 66'
- '#histogram 217 63'
- '#histogram 218 64'
- '#histogram 219 82'
- '#histogram 220 76'
- '#histogram 221 57'
- '#histogram 222 52'
- '#histogram 223 58'
- '#histogram 224 79'
- '#histogram 225 56'
- '#histogram 226 72'
- '#histogram 227 66'
- '#histogram 228 58'
- '#histogram 229 81'
- '#histogram 230 50'
- '#histogram 231 60'
- '#histogram 232 75'
- '#histogram 233 51'
- '#histogram 234 51'
- '#histogram 235 39'
- '#histogram 236 56'
- '#histogram 237 47'
- '#histogram 238 57'
- '#histogram 239 49'
- '#histogram 240 48'
- '#histogram 241 42'
- '#histogram 242 52'
- '#histogram 243 42'
- '#histogram 244 42'
- '#histogram 245 51'
- '#histogram 246 47'
- '#histogram 247 41'
- '#histogram 248 39'
- '#histogram 249 41'
- '#histogram 250 49'
- '#histogram 251 41'
- '#histogram 252 38'
- '#histogram 253 50'
- '#histogram 254 37'
- '#histogram 255 30'
- '#histogram 256 54'
- '#histogram 257 39'
- '#histogram 258 40'
- '#histogram 259 33'
- '#histogram 260 41'
- '#histogram 261 38'
- '#histogram 262 41'
- '#histogram 263 34'
- '#histogram 264 31'
- '#histogram 265 38'
- '#histogram 266 47'
- '#histogram 267 27'
- '#histogram 268 39'
- '#histogram 269 34'
- '#histogram 270 32'
- '#histogram 271 31'
- '#histogram 272 36'
- '#histogram 273 36'
- '#histogram 274 35'
- '#histogram 275 30'
- '#histogram 276 37'
- '#histogram 277 31'
- '#histogram 278 28'
- '#histogram 279 29'
- '#histogram 280 32'
- '#histogram 281 33'
- '#histogram 282 35'
- '#histogram 283 28'
- '#histogram 284 37'
- '#histogram 285 30'
- '#histogram 286 32'
- '#histogram 287 26'
- '#histogram 288 28'
- '#histogram 289 32'
- '#histogram 290 37'
- '#histogram 291 28'
- '#histogram 292 33'
- '#histogram 293 22'
- '#histogram 294 40'
- '#histogram 295 35'
- '#histogram 296 30'
- '#histogram 297 31'
- '#histogram 298 20'
- '#histogram 299 31'
- '#histogram 300 36'
- '#histogram 301 33'
- '#histogram 302 25'
- '#histogram 303 27'
- '#histogram 304 28'
- '#histogram 305 33'
- '#histogram 306 24'
- '#histogram 307 25'
- '#histogram 308 36'
- '#histogram 309 22'
- '#histogram 310 24'
- '#histogram 311 29'
- '#histogram 312 33'
- '#histogram 313 30'
- '#histogram 314 27'
- '#histogram 315 21'
- '#histogram 316 18'
- '#histogram 317 23'
- '#histogram 318 32'
- '#histogram 319 27'
- '#histogram 320 27'
- '#histogram 321 23'
- '#histogram 322 38'
- '#histogram 323 32'
- '#histogram 324 25'
- '#histogram 325 19'
- '#histogram 326 22'
- '#histogram 327 22'
- '#histogram 328 22'
- '#histogram 329 29'
- '#histogram 330 24'
- '#histogram 331 20'
- '#histogram 332 24'
- '#histogram 333 18'
- '#histogram 334 14'
- '#histogram 335 25'
- '#histogram 336 29'
- '#histogram 337 25'
- '#histogram 338 25'
- '#histogram 339 33'
- '#histogram 340 25'
- '#histogram 341 17'
- '#histogram 342 20'
- '#histogram 343 24'
- '#histogram 344 22'
- '#histogram 345 20'
- '#histogram 346 19'
- '#histogram 347 32'
- '#histogram 348 28'
- '#histogram 349 15'
- '#histogram 350 24'
- '#histogram 351 20'
- '#histogram 352 31'
- '#histogram 353 13'
- '#histogram 354 31'
- '#histogram 355 21'
- '#histogram 356 24'
- '#histogram 357 18'
- '#histogram 358 21'
- '#histogram 359 15'
- '#histogram 360 27'
- '#histogram 361 34'
- '#histogram 362 28'
- '#histogram 363 17'
- '#histogram 364 25'
- '#histogram 365 18'
- '#histogram 366 19'
- '#histogram 367 15'
- '#histogram 368 24'
- '#histogram 369 15'
- '#histogram 370 22'
- '#histogram 371 17'
- '#histogram 372 25'
- '#histogram 373 18'
- '#histogram 374 20'
- '#histogram 375 18'
- '#histogram 376 21'
- '#histogram 377 23'
- '#histogram 378 20'
- '#histogram 379 19'
- '#histogram 380 19'
- '#histogram 381 32'
- '#histogram 382 19'
- '#histogram 383 21'
- '#histogram 384 24'
- '#histogram 385 24'
- '#histogram 386 30'
- '#histogram 387 15'
- '#histogram 388 24'
- '#histogram 389 23'
- '#histogram 390 25'
- '#histogram 391 26'
- '#histogram 392 20'
- '#histogram 393 30'
- '#histogram 394 25'
- '#histogram 395 31'
- '#histogram 396 18'
- '#histogram 397 18'
- '#histogram 398 27'
- '#histogram 399 18'
- '#histogram 400 19'
- '#histogram 401 26'
- '#histogram 402 29'
- '#histogram 403 23'
- '#histogram 404 26'
- '#histogram 405 16'
- '#histogram 406 19'
- '#histogram 407 14'
- '#histogram 408 24'
- '#histogram 409 20'
- '#histogram 410 18'
- '#histogram 411 18'
- '#histogram 412 12'
- '#histogram 413 19'
- '#histogram 414 14'
- '#histogram 415 18'
- '#histogram 416 19'
- '#histogram 417 18'
- '#histogram 418 18'
- '#histogram 419 7'
- '#histogram 420 22'
- '#histogram 421 20'
- '#histogram 422 19'
- '#histogram 423 30'
- '#histogram 424 19'
- '#histogram 425 23'
- '#histogram 426 15'
- '#histogram 427 21'
- '#histogram 428 17'
- '#histogram 429 22'
- '#histogram 430 13'
- '#histogram 431 17'
- '#histogram 432 13'
- '#histogram 433 13'
- '#histogram 434 14'
- '#histogram 435 27'
- '#histogram 436 12'
- '#histogram 437 11'
- '#histogram 438 12'
- '#histogram 439 16'
- '#histogram 440 20'
- '#histogram 441 9'
- '#histogram 442 13'
- '#histogram 443 17'
- '#histogram 444 19'
- '#histogram 445 19'
- '#histogram 446 23'
- '#histogram 447 18'
- '#histogram 448 14'
- '#histogram 449 12'
- '#histogram 450 22'
- '#histogram 451 18'
- '#histogram 452 18'
- '#histogram 453 22'
- '#histogram 454 17'
- '#histogram 455 14'
- '#histogram 456 19'
- '#histogram 457 12'
- '#histogram 458 28'
- '#histogram 459 21'
- '#histogram 460 11'
- '#histogram 461 11'
- '#histogram 462 13'
- '#histogram 463 8'
- '#histogram 464 10'
- '#histogram 465 8'
- '#histogram 466 10'
- '#histogram 467 7'
- '#histogram 468 13'
- '#histogram 469 19'
- '#histogram 470 21'
- '#histogram 471 13'
- '#histogram 472 22'
- '#histogram 473 8'
- '#histogram 474 17'
- '#histogram 475 20'
- '#histogram 476 16'
- '#histogram 477 18'
- '#histogram 478 20'
- '#histogram 479 16'
- '#histogram 480 21'
- '#histogram 481 14'
- '#histogram 482 14'
- '#histogram 483 8'
- '#histogram 484 12'
- '#histogram 485 7'
- '#histogram 486 17'
- '#histogram 487 15'
- '#histogram 488 10'
- '#histogram 489 12'
- '#histogram 490 16'
- '#histogram 491 15'
- '#histogram 492 9'
- '#histogram 493 22'
- '#histogram 494 15'
- '#histogram 495 8'
- '#histogram 496 14'
- '#histogram 497 8'
- '#histogram 498 15'
- '#histogram 499 13'
- '#histogram 500 10'
- '#histogram 501 11'
- '#histogram 502 15'
- '#histogram 503 9'
- '#histogram 504 14'
- '#histogram 505 10'
- '#histogram 506 9'
- '#histogram 507 12'
- '#histogram 508 11'
- '#histogram 509 13'
- '#histogram 510 15'
- '#histogram 511 6'
- '#histogram 512 13'
- '#histogram 513 10'
- '#histogram 514 23'
- '#histogram 515 11'
- '#histogram 516 12'
- '#histogram 517 11'
- '#histogram 518 8'
- '#histogram 519 15'
- '#histogram 520 14'
- '#histogram 521 13'
- '#histogram 522 12'
- '#histogram 523 6'
- '#histogram 524 13'
- '#histogram 525 13'
- '#histogram 526 14'
- '#histogram 527 10'
- '#histogram 528 8'
- '#histogram 529 13'
- '#histogram 530 7'
- '#histogram 531 6'
- '#histogram 532 9'
- '#histogram 533 14'
- '#histogram 534 10'
- '#histogram 535 8'
- '#histogram 536 15'
- '#histogram 537 12'
- '#histogram 538 11'
- '#histogram 539 11'
- '#histogram 540 8'
- '#histogram 541 12'
- '#histogram 542 13'
- '#histogram 543 9'
- '#histogram 544 9'
- '#histogram 545 8'
- '#histogram 546 7'
- '#histogram 547 14'
- '#histogram 548 11'
- '#histogram 549 10'
- '#histogram 550 9'
- '#histogram 551 7'
- '#histogram 552 7'
- '#histogram 553 5'
- '#histogram 554 8'
- '#histogram 555 8'
- '#histogram 556 6'
- '#histogram 557 9'
- '#histogram 558 10'
- '#histogram 559 9'
- '#histogram 560 9'
- '#histogram 561 17'
- '#histogram 562 12'
- '#histogram 563 9'
- '#histogram 564 9'
- '#histogram 565 8'
- '#histogram 566 8'
- '#histogram 567 10'
- '#histogram 568 9'
- '#histogram 569 13'
- '#histogram 570 9'
- '#histogram 571 13'
- '#histogram 572 3'
- '#histogram 573 10'
- '#histogram 574 5'
- '#histogram 575 14'
- '#histogram 576 6'
- '#histogram 577 8'
- '#histogram 578 12'
- '#histogram 579 5'
- '#histogram 580 6'
- '#histogram 581 8'
- '#histogram 582 4'
- '#histogram 583 6'
- '#histogram 584 7'
- '#histogram 585 10'
- '#histogram 586 12'
- '#histogram 587 10'
- '#histogram 588 10'
- '#histogram 589 8'
- '#histogram 590 5'
- '#histogram 591 11'
- '#histogram 592 13'
- '#histogram 593 6'
- '#histogram 594 9'
- '#histogram 595 10'
- '#histogram 596 3'
- '#histogram 597 4'
- '#histogram 598 7'
- '#histogram 599 9'
- '#histogram 600 6'
- '#histogram 601 8'
- '#histogram 602 6'
- '#histogram 603 6'
- '#histogram 604 5'
- '#histogram 605 3'
- '#histogram 606 8'
- '#histogram 607 1'
- '#histogram 608 4'
- '#histogram 609 14'
- '#histogram 610 8'
- '#histogram 611 6'
- '#histogram 612 3'
- '#histogram 613 6'
- '#histogram 614 5'
- '#histogram 615 5'
- '#histogram 616 5'
- '#histogram 617 2'
- '#histogram 618 5'
- '#histogram 619 7'
- '#histogram 620 7'
- '#histogram 621 6'
- '#histogram 622 6'
- '#histogram 623 11'
- '#histogram 624 6'
- '#histogram 625 11'
- '#histogram 626 12'
- '#histogram 627 15'
- '#histogram 628 8'
- '#histogram 629 7'
- '#histogram 630 6'
- '#histogram 631 7'
- '#histogram 632 3'
- '#histogram 633 8'
- '#histogram 634 7'
- '#histogram 635 7'
- '#histogram 636 7'
- '#histogram 637 5'
- '#histogram 638 7'
- '#histogram 639 7'
- '#histogram 640 7'
- '#histogram 641 8'
- '#histogram 642 7'
- '#histogram 643 5'
- '#histogram 644 4'
- '#histogram 645 4'
- '#histogram 646 4'
- '#histogram 647 6'
- '#histogram 648 6'
- '#histogram 649 4'
- '#histogram 650 10'
- '#histogram 651 5'
- '#histogram 652 4'
- '#histogram 653 4'
- '#histogram 654 5'
- '#histogram 655 2'
- '#histogram 656 8'
- '#histogram 657 8'
- '#histogram 658 7'
- '#histogram 659 6'
- '#histogram 660 6'
- '#histogram 661 12'
- '#histogram 662 7'
- '#histogram 663 1'
- '#histogram 664 3'
- '#histogram 665 5'
- '#histogram 666 5'
- '#histogram 667 8'
- '#histogram 668 4'
- '#histogram 669 2'
- '#histogram 670 3'
- '#histogram 671 6'
- '#histogram 672 4'
- '#histogram 673 6'
- '#histogram 674 9'
- '#histogram 675 3'
- '#histogram 676 5'
- '#histogram 677 5'
- '#histogram 678 7'
- '#histogram 679 1'
- '#histogram 680 4'
- '#histogram 681 2'
- '#histogram 682 6'
- '#histogram 684 4'
- '#histogram 685 3'
- '#histogram 686 5'
- '#histogram 687 1'
- '#histogram 688 4'
- '#histogram 689 2'
- '#histogram 690 6'
- '#histogram 691 1'
- '#histogram 692 2'
- '#histogram 693 2'
- '#histogram 694 3'
- '#histogram 695 2'
- '#histogram 696 2'
- '#histogram 697 9'
- '#histogram 698 3'
- '#histogram 699 5'
- '#histogram 700 7'
- '#histogram 701 2'
- '#histogram 702 3'
- '#histogram 703 9'
- '#histogram 704 4'
- '#histogram 705 2'
- '#histogram 706 6'
- '#histogram 707 5'
- '#histogram 708 1'
- '#histogram 709 2'
- '#histogram 710 5'
- '#histogram 711 2'
- '#histogram 712 5'
- '#histogram 713 3'
- '#histogram 714 5'
- '#histogram 715 7'
- '#histogram 716 1'
- '#histogram 717 5'
- '#histogram 718 2'
- '#histogram 719 1'
- '#histogram 720 3'
- '#histogram 721 6'
- '#histogram 722 3'
- '#histogram 723 2'
- '#histogram 724 2'
- '#histogram 725 6'
- '#histogram 726 2'
- '#histogram 727 6'
- '#histogram 728 3'
- '#histogram 729 6'
- '#histogram 730 9'
- '#histogram 731 1'
- '#histogram 732 2'
- '#histogram 733 4'
- '#histogram 734 5'
- '#histogram 735 2'
- '#histogram 738 1'
- '#histogram 739 8'
- '#histogram 740 3'
- '#histogram 741 2'
- '#histogram 742 5'
- '#histogram 743 3'
- '#histogram 744 1'
- '#histogram 745 1'
- '#histogram 746 5'
- '#histogram 747 3'
- '#histogram 748 2'
- '#histogram 749 5'
- '#histogram 750 1'
- '#histogram 751 2'
- '#histogram 752 2'
- '#histogram 753 2'
- '#histogram 754 2'
- '#histogram 755 3'
- '#histogram 756 4'
- '#histogram 757 7'
- '#histogram 758 2'
- '#histogram 759 3'
- '#histogram 760 3'
- '#histogram 761 3'
- '#histogram 762 1'
- '#histogram 764 7'
- '#histogram 765 2'
- '#histogram 766 4'
- '#histogram 767 4'
- '#histogram 768 4'
- '#histogram 770 3'
- '#histogram 771 6'
- '#histogram 772 1'
- '#histogram 773 3'
- '#histogram 774 4'
- '#histogram 775 3'
- '#histogram 776 5'
- '#histogram 777 1'
- '#histogram 778 2'
- '#histogram 780 7'
- '#histogram 781 3'
- '#histogram 782 2'
- '#histogram 783 3'
- '#histogram 784 4'
- '#histogram 785 4'
- '#histogram 786 4'
- '#histogram 787 3'
- '#histogram 788 4'
- '#histogram 789 2'
- '#histogram 790 2'
- '#histogram 791 4'
- '#histogram 792 6'
- '#histogram 793 2'
- '#histogram 794 2'
- '#histogram 795 1'
- '#histogram 796 2'
- '#histogram 797 1'
- '#histogram 798 3'
- '#histogram 801 2'
- '#histogram 802 2'
- '#histogram 803 1'
- '#histogram 804 4'
- '#histogram 805 2'
- '#histogram 806 3'
- '#histogram 807 4'
- '#histogram 808 1'
- '#histogram 809 1'
- '#histogram 810 1'
- '#histogram 811 4'
- '#histogram 812 1'
- '#histogram 813 3'
- '#histogram 814 2'
- '#histogram 816 1'
- '#histogram 817 3'
- '#histogram 818 1'
- '#histogram 819 3'
- '#histogram 820 2'
- '#histogram 821 5'
- '#histogram 822 2'
- '#histogram 823 3'
- '#histogram 824 1'
- '#histogram 825 2'
- '#histogram 826 1'
- '#histogram 827 2'
- '#histogram 828 2'
- '#histogram 829 3'
- '#histogram 830 1'
- '#histogram 831 1'
- '#histogram 832 3'
- '#histogram 833 3'
- '#histogram 834 2'
- '#histogram 835 2'
- '#histogram 838 1'
- '#histogram 839 3'
- '#histogram 840 1'
- '#histogram 842 3'
- '#histogram 843 3'
- '#histogram 844 1'
- '#histogram 845 5'
- '#histogram 846 2'
- '#histogram 847 1'
- '#histogram 848 1'
- '#histogram 850 1'
- '#histogram 851 2'
- '#histogram 852 3'
- '#histogram 853 3'
- '#histogram 854 1'
- '#histogram 855 3'
- '#histogram 856 2'
- '#histogram 857 1'
- '#histogram 858 4'
- '#histogram 859 1'
- '#histogram 860 1'
- '#histogram 861 2'
- '#histogram 864 3'
- '#histogram 866 1'
- '#histogram 867 1'
- '#histogram 868 1'
- '#histogram 869 1'
- '#histogram 871 3'
- '#histogram 872 2'
- '#histogram 874 2'
- '#histogram 875 3'
- '#histogram 876 1'
- '#histogram 877 3'
- '#histogram 878 3'
- '#histogram 879 3'
- '#histogram 880 1'
- '#histogram 881 1'
- '#histogram 882 4'
- '#histogram 883 1'
- '#histogram 884 1'
- '#histogram 885 3'
- '#histogram 886 3'
- '#histogram 887 5'
- '#histogram 888 2'
- '#histogram 890 1'
- '#histogram 893 1'
- '#histogram 895 3'
- '#histogram 896 3'
- '#histogram 897 4'
- '#histogram 899 3'
- '#histogram 900 4'
- '#histogram 902 5'
- '#histogram 903 1'
- '#histogram 904 1'
- '#histogram 906 5'
- '#histogram 907 2'
- '#histogram 908 1'
- '#histogram 909 2'
- '#histogram 910 3'
- '#histogram 911 4'
- '#histogram 912 2'
- '#histogram 913 1'
- '#histogram 914 1'
- '#histogram 915 2'
- '#histogram 916 1'
- '#histogram 917 4'
- '#histogram 918 1'
- '#histogram 919 3'
- '#histogram 922 3'
- '#histogram 924 3'
- '#histogram 926 1'
- '#histogram 927 3'
- '#histogram 929 2'
- '#histogram 930 5'
- '#histogram 931 5'
- '#histogram 932 1'
- '#histogram 933 3'
- '#histogram 934 2'
- '#histogram 935 7'
- '#histogram 936 2'
- '#histogram 937 4'
- '#histogram 939 2'
- '#histogram 940 1'
- '#histogram 941 1'
- '#histogram 942 1'
- '#histogram 943 1'
- '#histogram 944 4'
- '#histogram 945 1'
- '#histogram 946 2'
- '#histogram 947 2'
- '#histogram 949 2'
- '#histogram 950 2'
- '#histogram 951 1'
- '#histogram 953 1'
- '#histogram 954 1'
- '#histogram 955 1'
- '#histogram 956 1'
- '#histogram 958 3'
- '#histogram 959 2'
- '#histogram 960 2'
- '#histogram 961 2'
- '#histogram 963 1'
- '#histogram 965 1'
- '#histogram 966 4'
- '#histogram 967 1'
- '#histogram 968 1'
- '#histogram 969 1'
- '#histogram 970 1'
- '#histogram 973 3'
- '#histogram 974 1'
- '#histogram 976 3'
- '#histogram 977 2'
- '#histogram 980 1'
- '#histogram 981 1'
- '#histogram 982 2'
- '#histogram 983 1'
- '#histogram 984 1'
- '#histogram 985 1'
- '#histogram 987 3'
- '#histogram 988 1'
- '#histogram 992 1'
- '#histogram 993 2'
- '#histogram 994 1'
- '#histogram 996 2'
- '#histogram 997 1'
- '#histogram 999 2'
- '#histogram 1000 4'
- '#histogram 1002 1'
- '#histogram 1005 1'
- '#histogram 1007 1'
- '#histogram 1008 1'
- '#histogram 1011 1'
- '#histogram 1017 2'
- '#histogram 1019 1'
- '#histogram 1020 1'
- '#histogram 1021 1'
- '#histogram 1024 1'
- '#histogram 1027 2'
- '#histogram 1029 1'
- '#histogram 1031 1'
- '#histogram 1032 1'
- '#histogram 1033 1'
- '#histogram 1034 2'
- '#histogram 1045 1'
- '#histogram 1052 1'
- '#histogram 1055 1'
- '#histogram 1060 3'
- '#histogram 1062 1'
- '#histogram 1090 1'
- '#histogram 1091 1'
- '#histogram 1092 1'
- '#histogram 1111 1'
- '#histogram 1181 1'
- '#histogram 1226 1'
- '#histogram 1238 1'
- '#histogram 1262 1'
- '#histogram 1283 1'
- '#histogram 1437 1'
- '#histogram 1538 1'
- '#histogram 1611 1'
- ''
