code: 0
data:
  avg_latency: 0.11015
  histogram:
  - - 0
    - 0
  - - 1
    - 34
  - - 2
    - 119
  - - 3
    - 176
  - - 4
    - 211
  - - 5
    - 247
  - - 6
    - 245
  - - 7
    - 248
  - - 8
    - 262
  - - 9
    - 281
  - - 10
    - 317
  - - 11
    - 281
  - - 12
    - 334
  - - 13
    - 339
  - - 14
    - 332
  - - 15
    - 346
  - - 16
    - 328
  - - 17
    - 409
  - - 18
    - 384
  - - 19
    - 410
  - - 20
    - 345
  - - 21
    - 386
  - - 22
    - 442
  - - 23
    - 467
  - - 24
    - 471
  - - 25
    - 492
  - - 26
    - 478
  - - 27
    - 544
  - - 28
    - 566
  - - 29
    - 589
  - - 30
    - 563
  - - 31
    - 593
  - - 32
    - 611
  - - 33
    - 635
  - - 34
    - 624
  - - 35
    - 579
  - - 36
    - 732
  - - 37
    - 619
  - - 38
    - 719
  - - 39
    - 734
  - - 40
    - 715
  - - 41
    - 761
  - - 42
    - 692
  - - 43
    - 779
  - - 44
    - 763
  - - 45
    - 786
  - - 46
    - 759
  - - 47
    - 819
  - - 48
    - 841
  - - 49
    - 834
  - - 50
    - 852
  - - 51
    - 885
  - - 52
    - 799
  - - 53
    - 811
  - - 54
    - 873
  - - 55
    - 881
  - - 56
    - 866
  - - 57
    - 937
  - - 58
    - 892
  - - 59
    - 965
  - - 60
    - 871
  - - 61
    - 924
  - - 62
    - 944
  - - 63
    - 906
  - - 64
    - 897
  - - 65
    - 865
  - - 66
    - 915
  - - 67
    - 860
  - - 68
    - 893
  - - 69
    - 851
  - - 70
    - 856
  - - 71
    - 846
  - - 72
    - 865
  - - 73
    - 903
  - - 74
    - 813
  - - 75
    - 864
  - - 76
    - 888
  - - 77
    - 795
  - - 78
    - 818
  - - 79
    - 896
  - - 80
    - 830
  - - 81
    - 805
  - - 82
    - 860
  - - 83
    - 824
  - - 84
    - 847
  - - 85
    - 779
  - - 86
    - 782
  - - 87
    - 832
  - - 88
    - 794
  - - 89
    - 833
  - - 90
    - 818
  - - 91
    - 804
  - - 92
    - 794
  - - 93
    - 759
  - - 94
    - 793
  - - 95
    - 789
  - - 96
    - 719
  - - 97
    - 675
  - - 98
    - 697
  - - 99
    - 729
  - - 100
    - 672
  - - 101
    - 716
  - - 102
    - 687
  - - 103
    - 689
  - - 104
    - 624
  - - 105
    - 617
  - - 106
    - 649
  - - 107
    - 619
  - - 108
    - 597
  - - 109
    - 591
  - - 110
    - 580
  - - 111
    - 548
  - - 112
    - 566
  - - 113
    - 545
  - - 114
    - 556
  - - 115
    - 555
  - - 116
    - 513
  - - 117
    - 510
  - - 118
    - 450
  - - 119
    - 496
  - - 120
    - 492
  - - 121
    - 515
  - - 122
    - 468
  - - 123
    - 460
  - - 124
    - 467
  - - 125
    - 439
  - - 126
    - 455
  - - 127
    - 424
  - - 128
    - 396
  - - 129
    - 392
  - - 130
    - 400
  - - 131
    - 427
  - - 132
    - 394
  - - 133
    - 380
  - - 134
    - 377
  - - 135
    - 371
  - - 136
    - 387
  - - 137
    - 322
  - - 138
    - 364
  - - 139
    - 333
  - - 140
    - 300
  - - 141
    - 332
  - - 142
    - 348
  - - 143
    - 330
  - - 144
    - 300
  - - 145
    - 309
  - - 146
    - 297
  - - 147
    - 284
  - - 148
    - 289
  - - 149
    - 280
  - - 150
    - 271
  - - 151
    - 263
  - - 152
    - 233
  - - 153
    - 226
  - - 154
    - 260
  - - 155
    - 217
  - - 156
    - 245
  - - 157
    - 241
  - - 158
    - 216
  - - 159
    - 232
  - - 160
    - 215
  - - 161
    - 206
  - - 162
    - 222
  - - 163
    - 208
  - - 164
    - 190
  - - 165
    - 200
  - - 166
    - 194
  - - 167
    - 207
  - - 168
    - 186
  - - 169
    - 174
  - - 170
    - 161
  - - 171
    - 149
  - - 172
    - 174
  - - 173
    - 172
  - - 174
    - 151
  - - 175
    - 150
  - - 176
    - 161
  - - 177
    - 153
  - - 178
    - 197
  - - 179
    - 149
  - - 180
    - 130
  - - 181
    - 140
  - - 182
    - 164
  - - 183
    - 143
  - - 184
    - 155
  - - 185
    - 143
  - - 186
    - 147
  - - 187
    - 109
  - - 188
    - 132
  - - 189
    - 135
  - - 190
    - 128
  - - 191
    - 139
  - - 192
    - 138
  - - 193
    - 106
  - - 194
    - 145
  - - 195
    - 118
  - - 196
    - 104
  - - 197
    - 97
  - - 198
    - 102
  - - 199
    - 113
  - - 200
    - 91
  - - 201
    - 113
  - - 202
    - 97
  - - 203
    - 80
  - - 204
    - 76
  - - 205
    - 118
  - - 206
    - 111
  - - 207
    - 86
  - - 208
    - 80
  - - 209
    - 60
  - - 210
    - 87
  - - 211
    - 65
  - - 212
    - 75
  - - 213
    - 69
  - - 214
    - 56
  - - 215
    - 86
  - - 216
    - 91
  - - 217
    - 83
  - - 218
    - 83
  - - 219
    - 83
  - - 220
    - 70
  - - 221
    - 76
  - - 222
    - 65
  - - 223
    - 65
  - - 224
    - 64
  - - 225
    - 72
  - - 226
    - 66
  - - 227
    - 59
  - - 228
    - 58
  - - 229
    - 52
  - - 230
    - 71
  - - 231
    - 57
  - - 232
    - 43
  - - 233
    - 57
  - - 234
    - 43
  - - 235
    - 47
  - - 236
    - 49
  - - 237
    - 41
  - - 238
    - 54
  - - 239
    - 49
  - - 240
    - 53
  - - 241
    - 48
  - - 242
    - 65
  - - 243
    - 49
  - - 244
    - 61
  - - 245
    - 52
  - - 246
    - 42
  - - 247
    - 50
  - - 248
    - 43
  - - 249
    - 40
  - - 250
    - 42
  - - 251
    - 47
  - - 252
    - 37
  - - 253
    - 58
  - - 254
    - 45
  - - 255
    - 42
  - - 256
    - 45
  - - 257
    - 38
  - - 258
    - 51
  - - 259
    - 50
  - - 260
    - 47
  - - 261
    - 37
  - - 262
    - 45
  - - 263
    - 30
  - - 264
    - 48
  - - 265
    - 41
  - - 266
    - 30
  - - 267
    - 39
  - - 268
    - 36
  - - 269
    - 44
  - - 270
    - 35
  - - 271
    - 35
  - - 272
    - 36
  - - 273
    - 29
  - - 274
    - 32
  - - 275
    - 30
  - - 276
    - 42
  - - 277
    - 37
  - - 278
    - 38
  - - 279
    - 27
  - - 280
    - 34
  - - 281
    - 42
  - - 282
    - 28
  - - 283
    - 31
  - - 284
    - 27
  - - 285
    - 37
  - - 286
    - 38
  - - 287
    - 39
  - - 288
    - 23
  - - 289
    - 38
  - - 290
    - 26
  - - 291
    - 34
  - - 292
    - 39
  - - 293
    - 42
  - - 294
    - 25
  - - 295
    - 32
  - - 296
    - 27
  - - 297
    - 27
  - - 298
    - 27
  - - 299
    - 37
  - - 300
    - 24
  - - 301
    - 23
  - - 302
    - 26
  - - 303
    - 24
  - - 304
    - 31
  - - 305
    - 29
  - - 306
    - 17
  - - 307
    - 31
  - - 308
    - 28
  - - 309
    - 37
  - - 310
    - 24
  - - 311
    - 25
  - - 312
    - 32
  - - 313
    - 25
  - - 314
    - 22
  - - 315
    - 30
  - - 316
    - 28
  - - 317
    - 23
  - - 318
    - 21
  - - 319
    - 20
  - - 320
    - 37
  - - 321
    - 28
  - - 322
    - 35
  - - 323
    - 25
  - - 324
    - 36
  - - 325
    - 33
  - - 326
    - 21
  - - 327
    - 29
  - - 328
    - 31
  - - 329
    - 22
  - - 330
    - 17
  - - 331
    - 23
  - - 332
    - 31
  - - 333
    - 36
  - - 334
    - 20
  - - 335
    - 31
  - - 336
    - 21
  - - 337
    - 30
  - - 338
    - 25
  - - 339
    - 29
  - - 340
    - 21
  - - 341
    - 28
  - - 342
    - 22
  - - 343
    - 34
  - - 344
    - 24
  - - 345
    - 25
  - - 346
    - 26
  - - 347
    - 18
  - - 348
    - 21
  - - 349
    - 28
  - - 350
    - 24
  - - 351
    - 21
  - - 352
    - 26
  - - 353
    - 24
  - - 354
    - 30
  - - 355
    - 20
  - - 356
    - 28
  - - 357
    - 27
  - - 358
    - 24
  - - 359
    - 26
  - - 360
    - 22
  - - 361
    - 18
  - - 362
    - 28
  - - 363
    - 25
  - - 364
    - 26
  - - 365
    - 19
  - - 366
    - 19
  - - 367
    - 27
  - - 368
    - 31
  - - 369
    - 22
  - - 370
    - 21
  - - 371
    - 21
  - - 372
    - 23
  - - 373
    - 11
  - - 374
    - 20
  - - 375
    - 19
  - - 376
    - 15
  - - 377
    - 19
  - - 378
    - 21
  - - 379
    - 35
  - - 380
    - 20
  - - 381
    - 23
  - - 382
    - 24
  - - 383
    - 28
  - - 384
    - 23
  - - 385
    - 18
  - - 386
    - 25
  - - 387
    - 26
  - - 388
    - 17
  - - 389
    - 32
  - - 390
    - 32
  - - 391
    - 25
  - - 392
    - 23
  - - 393
    - 20
  - - 394
    - 13
  - - 395
    - 17
  - - 396
    - 15
  - - 397
    - 26
  - - 398
    - 21
  - - 399
    - 23
  - - 400
    - 25
  - - 401
    - 21
  - - 402
    - 29
  - - 403
    - 23
  - - 404
    - 13
  - - 405
    - 17
  - - 406
    - 18
  - - 407
    - 17
  - - 408
    - 23
  - - 409
    - 25
  - - 410
    - 33
  - - 411
    - 13
  - - 412
    - 20
  - - 413
    - 21
  - - 414
    - 21
  - - 415
    - 16
  - - 416
    - 16
  - - 417
    - 15
  - - 418
    - 18
  - - 419
    - 17
  - - 420
    - 16
  - - 421
    - 17
  - - 422
    - 16
  - - 423
    - 14
  - - 424
    - 23
  - - 425
    - 11
  - - 426
    - 27
  - - 427
    - 13
  - - 428
    - 19
  - - 429
    - 23
  - - 430
    - 12
  - - 431
    - 16
  - - 432
    - 6
  - - 433
    - 17
  - - 434
    - 16
  - - 435
    - 20
  - - 436
    - 17
  - - 437
    - 13
  - - 438
    - 20
  - - 439
    - 20
  - - 440
    - 11
  - - 441
    - 15
  - - 442
    - 16
  - - 443
    - 20
  - - 444
    - 21
  - - 445
    - 11
  - - 446
    - 13
  - - 447
    - 20
  - - 448
    - 18
  - - 449
    - 16
  - - 450
    - 14
  - - 451
    - 13
  - - 452
    - 14
  - - 453
    - 19
  - - 454
    - 12
  - - 455
    - 13
  - - 456
    - 16
  - - 457
    - 15
  - - 458
    - 21
  - - 459
    - 20
  - - 460
    - 20
  - - 461
    - 12
  - - 462
    - 10
  - - 463
    - 16
  - - 464
    - 12
  - - 465
    - 17
  - - 466
    - 17
  - - 467
    - 24
  - - 468
    - 8
  - - 469
    - 14
  - - 470
    - 11
  - - 471
    - 11
  - - 472
    - 7
  - - 473
    - 16
  - - 474
    - 16
  - - 475
    - 11
  - - 476
    - 11
  - - 477
    - 15
  - - 478
    - 12
  - - 479
    - 14
  - - 480
    - 18
  - - 481
    - 15
  - - 482
    - 22
  - - 483
    - 18
  - - 484
    - 11
  - - 485
    - 23
  - - 486
    - 11
  - - 487
    - 8
  - - 488
    - 13
  - - 489
    - 13
  - - 490
    - 20
  - - 491
    - 17
  - - 492
    - 11
  - - 493
    - 12
  - - 494
    - 6
  - - 495
    - 15
  - - 496
    - 12
  - - 497
    - 18
  - - 498
    - 13
  - - 499
    - 11
  - - 500
    - 6
  - - 501
    - 12
  - - 502
    - 14
  - - 503
    - 15
  - - 504
    - 14
  - - 505
    - 13
  - - 506
    - 11
  - - 507
    - 7
  - - 508
    - 5
  - - 509
    - 7
  - - 510
    - 8
  - - 511
    - 10
  - - 512
    - 10
  - - 513
    - 5
  - - 514
    - 11
  - - 515
    - 6
  - - 516
    - 10
  - - 517
    - 11
  - - 518
    - 15
  - - 519
    - 12
  - - 520
    - 9
  - - 521
    - 8
  - - 522
    - 6
  - - 523
    - 7
  - - 524
    - 11
  - - 525
    - 14
  - - 526
    - 1
  - - 527
    - 13
  - - 528
    - 8
  - - 529
    - 11
  - - 530
    - 8
  - - 531
    - 9
  - - 532
    - 11
  - - 533
    - 13
  - - 534
    - 8
  - - 535
    - 8
  - - 536
    - 7
  - - 537
    - 11
  - - 538
    - 5
  - - 539
    - 8
  - - 540
    - 11
  - - 541
    - 8
  - - 542
    - 8
  - - 543
    - 8
  - - 544
    - 9
  - - 545
    - 4
  - - 546
    - 11
  - - 547
    - 8
  - - 548
    - 11
  - - 549
    - 6
  - - 550
    - 13
  - - 551
    - 8
  - - 552
    - 9
  - - 553
    - 9
  - - 554
    - 9
  - - 555
    - 7
  - - 556
    - 11
  - - 557
    - 9
  - - 558
    - 9
  - - 559
    - 11
  - - 560
    - 7
  - - 561
    - 7
  - - 562
    - 5
  - - 563
    - 9
  - - 564
    - 8
  - - 565
    - 10
  - - 566
    - 14
  - - 567
    - 9
  - - 568
    - 8
  - - 569
    - 8
  - - 570
    - 7
  - - 572
    - 4
  - - 573
    - 5
  - - 574
    - 8
  - - 575
    - 4
  - - 576
    - 8
  - - 577
    - 2
  - - 578
    - 3
  - - 579
    - 10
  - - 580
    - 6
  - - 581
    - 6
  - - 582
    - 7
  - - 583
    - 8
  - - 584
    - 7
  - - 585
    - 10
  - - 586
    - 5
  - - 587
    - 6
  - - 588
    - 8
  - - 589
    - 5
  - - 590
    - 6
  - - 591
    - 7
  - - 592
    - 5
  - - 593
    - 8
  - - 594
    - 9
  - - 595
    - 6
  - - 596
    - 7
  - - 597
    - 8
  - - 598
    - 8
  - - 599
    - 1
  - - 600
    - 9
  - - 601
    - 9
  - - 602
    - 8
  - - 603
    - 7
  - - 604
    - 7
  - - 605
    - 7
  - - 606
    - 9
  - - 607
    - 7
  - - 608
    - 8
  - - 609
    - 5
  - - 610
    - 7
  - - 611
    - 5
  - - 612
    - 4
  - - 613
    - 5
  - - 614
    - 2
  - - 615
    - 10
  - - 616
    - 5
  - - 617
    - 7
  - - 618
    - 6
  - - 619
    - 4
  - - 620
    - 3
  - - 621
    - 5
  - - 622
    - 1
  - - 623
    - 8
  - - 624
    - 4
  - - 625
    - 5
  - - 626
    - 6
  - - 627
    - 6
  - - 628
    - 4
  - - 629
    - 4
  - - 630
    - 4
  - - 631
    - 6
  - - 632
    - 7
  - - 633
    - 7
  - - 634
    - 5
  - - 635
    - 1
  - - 636
    - 4
  - - 637
    - 3
  - - 638
    - 3
  - - 639
    - 1
  - - 640
    - 3
  - - 641
    - 2
  - - 642
    - 7
  - - 643
    - 8
  - - 644
    - 10
  - - 645
    - 4
  - - 646
    - 7
  - - 647
    - 7
  - - 648
    - 6
  - - 649
    - 5
  - - 650
    - 4
  - - 651
    - 5
  - - 652
    - 7
  - - 653
    - 5
  - - 654
    - 2
  - - 655
    - 2
  - - 656
    - 4
  - - 657
    - 3
  - - 658
    - 4
  - - 659
    - 4
  - - 660
    - 5
  - - 661
    - 5
  - - 662
    - 4
  - - 663
    - 2
  - - 664
    - 7
  - - 665
    - 7
  - - 666
    - 4
  - - 667
    - 3
  - - 668
    - 4
  - - 669
    - 1
  - - 671
    - 1
  - - 672
    - 5
  - - 673
    - 1
  - - 674
    - 7
  - - 675
    - 3
  - - 676
    - 2
  - - 677
    - 3
  - - 678
    - 1
  - - 679
    - 2
  - - 680
    - 2
  - - 681
    - 3
  - - 682
    - 1
  - - 683
    - 1
  - - 684
    - 3
  - - 685
    - 6
  - - 686
    - 7
  - - 687
    - 7
  - - 688
    - 5
  - - 689
    - 6
  - - 690
    - 2
  - - 691
    - 2
  - - 692
    - 4
  - - 693
    - 1
  - - 694
    - 5
  - - 695
    - 3
  - - 696
    - 4
  - - 697
    - 3
  - - 698
    - 2
  - - 699
    - 2
  - - 700
    - 3
  - - 701
    - 3
  - - 702
    - 2
  - - 703
    - 1
  - - 704
    - 4
  - - 705
    - 6
  - - 706
    - 2
  - - 707
    - 1
  - - 708
    - 3
  - - 709
    - 7
  - - 710
    - 4
  - - 711
    - 2
  - - 712
    - 4
  - - 713
    - 4
  - - 714
    - 3
  - - 715
    - 4
  - - 716
    - 1
  - - 717
    - 3
  - - 718
    - 1
  - - 720
    - 4
  - - 721
    - 4
  - - 722
    - 3
  - - 723
    - 4
  - - 724
    - 1
  - - 725
    - 3
  - - 726
    - 3
  - - 728
    - 3
  - - 729
    - 1
  - - 731
    - 3
  - - 732
    - 4
  - - 733
    - 2
  - - 735
    - 1
  - - 736
    - 3
  - - 737
    - 1
  - - 738
    - 8
  - - 739
    - 3
  - - 740
    - 2
  - - 741
    - 1
  - - 742
    - 4
  - - 743
    - 2
  - - 744
    - 3
  - - 745
    - 2
  - - 747
    - 3
  - - 748
    - 6
  - - 749
    - 1
  - - 750
    - 1
  - - 751
    - 5
  - - 752
    - 1
  - - 753
    - 1
  - - 754
    - 2
  - - 756
    - 2
  - - 757
    - 1
  - - 758
    - 1
  - - 759
    - 2
  - - 760
    - 5
  - - 761
    - 1
  - - 762
    - 2
  - - 763
    - 2
  - - 764
    - 1
  - - 765
    - 4
  - - 766
    - 3
  - - 767
    - 1
  - - 768
    - 1
  - - 769
    - 1
  - - 770
    - 3
  - - 771
    - 2
  - - 772
    - 1
  - - 774
    - 1
  - - 775
    - 3
  - - 776
    - 1
  - - 777
    - 2
  - - 779
    - 1
  - - 780
    - 2
  - - 781
    - 3
  - - 782
    - 1
  - - 783
    - 2
  - - 784
    - 1
  - - 785
    - 1
  - - 786
    - 3
  - - 787
    - 1
  - - 789
    - 1
  - - 790
    - 2
  - - 792
    - 1
  - - 794
    - 2
  - - 795
    - 2
  - - 796
    - 1
  - - 797
    - 1
  - - 798
    - 1
  - - 799
    - 1
  - - 800
    - 2
  - - 802
    - 1
  - - 803
    - 2
  - - 804
    - 1
  - - 805
    - 1
  - - 807
    - 2
  - - 808
    - 3
  - - 809
    - 1
  - - 811
    - 3
  - - 812
    - 2
  - - 813
    - 1
  - - 815
    - 1
  - - 816
    - 1
  - - 817
    - 1
  - - 818
    - 1
  - - 819
    - 4
  - - 820
    - 2
  - - 821
    - 3
  - - 823
    - 2
  - - 824
    - 1
  - - 828
    - 1
  - - 829
    - 1
  - - 830
    - 1
  - - 831
    - 2
  - - 834
    - 1
  - - 835
    - 2
  - - 838
    - 1
  - - 839
    - 2
  - - 840
    - 1
  - - 842
    - 1
  - - 844
    - 1
  - - 846
    - 1
  - - 847
    - 1
  - - 848
    - 2
  - - 850
    - 1
  - - 851
    - 2
  - - 852
    - 1
  - - 856
    - 1
  - - 858
    - 2
  - - 860
    - 1
  - - 863
    - 5
  - - 866
    - 3
  - - 870
    - 2
  - - 871
    - 4
  - - 874
    - 1
  - - 876
    - 1
  - - 877
    - 2
  - - 878
    - 1
  - - 879
    - 2
  - - 880
    - 1
  - - 881
    - 1
  - - 882
    - 1
  - - 886
    - 1
  - - 887
    - 1
  - - 893
    - 3
  - - 896
    - 2
  - - 897
    - 2
  - - 904
    - 2
  - - 911
    - 1
  - - 918
    - 1
  - - 921
    - 1
  - - 925
    - 1
  - - 926
    - 1
  - - 927
    - 1
  - - 930
    - 1
  - - 937
    - 1
  - - 942
    - 1
  - - 943
    - 1
  - - 946
    - 1
  - - 947
    - 1
  - - 948
    - 2
  - - 949
    - 2
  - - 953
    - 1
  - - 960
    - 1
  - - 977
    - 1
  - - 988
    - 1
  - - 996
    - 1
  - - 1033
    - 1
  - - 1109
    - 1
  - - 1233
    - 1
  - - 1255
    - 1
  - - 1285
    - 1
  - - 1339
    - 1
  - - 1378
    - 1
  latency_50_percentile: 84.0
  latency_95_percentile: 309.0
  latency_99_5_percentile: 644.0
  latency_99_percentile: 556.0
  max_kubedns_cpu: 616
  max_kubedns_memory: 29
  max_latency: 1.378522
  max_perfserver_cpu: 0
  max_perfserver_memory: 0
  min_latency: 0.00127
  msg: null
  ok: true
  qps: 905.98243
  queries_completed: 108854
  queries_lost: 0
  queries_sent: 108854
  run_time: 120.150233
  stddev_latency: 0.101474
params:
  max_qps: null
  pod_name: dns-perf-client-858fb7568b-td75d
  query_file: all-queries.txt
  run_id: 1777667822
  run_length_seconds: 120
  run_subid: 0
stderr:
- ''
stdout:
- DNS Performance Testing Tool
- Nominum Version 2.1.0.0
- ''
- '[Status] Command line: dnsperf -s 10.0.0.10 -l 120 -d /queries/all-queries.txt'
- '[Status] Sending queries (to 10.0.0.10)'
- '[Status] Started at: Fri May  1 20:37:33 2026'
- '[Status] Stopping after 120.000000 seconds'
- '[Status] Testing complete (time limit)'
- ''
- 'Statistics:'
- ''
- '  Queries sent:         108854'
- '  Queries completed:    108854 (100.00%)'
- '  Queries lost:         0 (0.00%)'
- ''
- '  Response codes:       NOERROR 13062 (12.00%), NXDOMAIN 95792 (88.00%)'
- '  Average packet size:  request 38, response 122'
- '  Run time (s):         120.150233'
- '  Queries per second:   905.982430'
- ''
- '  Average Latency (s):  0.110150 (min 0.001270, max 1.378522)'
- '  Latency StdDev (s):   0.101474'
- ''
- '  Latency histogram'
- '#histogram 0 0'
- '#histogram 1 34'
- '#histogram 2 119'
- '#histogram 3 176'
- '#histogram 4 211'
- '#histogram 5 247'
- '#histogram 6 245'
- '#histogram 7 248'
- '#histogram 8 262'
- '#histogram 9 281'
- '#histogram 10 317'
- '#histogram 11 281'
- '#histogram 12 334'
- '#histogram 13 339'
- '#histogram 14 332'
- '#histogram 15 346'
- '#histogram 16 328'
- '#histogram 17 409'
- '#histogram 18 384'
- '#histogram 19 410'
- '#histogram 20 345'
- '#histogram 21 386'
- '#histogram 22 442'
- '#histogram 23 467'
- '#histogram 24 471'
- '#histogram 25 492'
- '#histogram 26 478'
- '#histogram 27 544'
- '#histogram 28 566'
- '#histogram 29 589'
- '#histogram 30 563'
- '#histogram 31 593'
- '#histogram 32 611'
- '#histogram 33 635'
- '#histogram 34 624'
- '#histogram 35 579'
- '#histogram 36 732'
- '#histogram 37 619'
- '#histogram 38 719'
- '#histogram 39 734'
- '#histogram 40 715'
- '#histogram 41 761'
- '#histogram 42 692'
- '#histogram 43 779'
- '#histogram 44 763'
- '#histogram 45 786'
- '#histogram 46 759'
- '#histogram 47 819'
- '#histogram 48 841'
- '#histogram 49 834'
- '#histogram 50 852'
- '#histogram 51 885'
- '#histogram 52 799'
- '#histogram 53 811'
- '#histogram 54 873'
- '#histogram 55 881'
- '#histogram 56 866'
- '#histogram 57 937'
- '#histogram 58 892'
- '#histogram 59 965'
- '#histogram 60 871'
- '#histogram 61 924'
- '#histogram 62 944'
- '#histogram 63 906'
- '#histogram 64 897'
- '#histogram 65 865'
- '#histogram 66 915'
- '#histogram 67 860'
- '#histogram 68 893'
- '#histogram 69 851'
- '#histogram 70 856'
- '#histogram 71 846'
- '#histogram 72 865'
- '#histogram 73 903'
- '#histogram 74 813'
- '#histogram 75 864'
- '#histogram 76 888'
- '#histogram 77 795'
- '#histogram 78 818'
- '#histogram 79 896'
- '#histogram 80 830'
- '#histogram 81 805'
- '#histogram 82 860'
- '#histogram 83 824'
- '#histogram 84 847'
- '#histogram 85 779'
- '#histogram 86 782'
- '#histogram 87 832'
- '#histogram 88 794'
- '#histogram 89 833'
- '#histogram 90 818'
- '#histogram 91 804'
- '#histogram 92 794'
- '#histogram 93 759'
- '#histogram 94 793'
- '#histogram 95 789'
- '#histogram 96 719'
- '#histogram 97 675'
- '#histogram 98 697'
- '#histogram 99 729'
- '#histogram 100 672'
- '#histogram 101 716'
- '#histogram 102 687'
- '#histogram 103 689'
- '#histogram 104 624'
- '#histogram 105 617'
- '#histogram 106 649'
- '#histogram 107 619'
- '#histogram 108 597'
- '#histogram 109 591'
- '#histogram 110 580'
- '#histogram 111 548'
- '#histogram 112 566'
- '#histogram 113 545'
- '#histogram 114 556'
- '#histogram 115 555'
- '#histogram 116 513'
- '#histogram 117 510'
- '#histogram 118 450'
- '#histogram 119 496'
- '#histogram 120 492'
- '#histogram 121 515'
- '#histogram 122 468'
- '#histogram 123 460'
- '#histogram 124 467'
- '#histogram 125 439'
- '#histogram 126 455'
- '#histogram 127 424'
- '#histogram 128 396'
- '#histogram 129 392'
- '#histogram 130 400'
- '#histogram 131 427'
- '#histogram 132 394'
- '#histogram 133 380'
- '#histogram 134 377'
- '#histogram 135 371'
- '#histogram 136 387'
- '#histogram 137 322'
- '#histogram 138 364'
- '#histogram 139 333'
- '#histogram 140 300'
- '#histogram 141 332'
- '#histogram 142 348'
- '#histogram 143 330'
- '#histogram 144 300'
- '#histogram 145 309'
- '#histogram 146 297'
- '#histogram 147 284'
- '#histogram 148 289'
- '#histogram 149 280'
- '#histogram 150 271'
- '#histogram 151 263'
- '#histogram 152 233'
- '#histogram 153 226'
- '#histogram 154 260'
- '#histogram 155 217'
- '#histogram 156 245'
- '#histogram 157 241'
- '#histogram 158 216'
- '#histogram 159 232'
- '#histogram 160 215'
- '#histogram 161 206'
- '#histogram 162 222'
- '#histogram 163 208'
- '#histogram 164 190'
- '#histogram 165 200'
- '#histogram 166 194'
- '#histogram 167 207'
- '#histogram 168 186'
- '#histogram 169 174'
- '#histogram 170 161'
- '#histogram 171 149'
- '#histogram 172 174'
- '#histogram 173 172'
- '#histogram 174 151'
- '#histogram 175 150'
- '#histogram 176 161'
- '#histogram 177 153'
- '#histogram 178 197'
- '#histogram 179 149'
- '#histogram 180 130'
- '#histogram 181 140'
- '#histogram 182 164'
- '#histogram 183 143'
- '#histogram 184 155'
- '#histogram 185 143'
- '#histogram 186 147'
- '#histogram 187 109'
- '#histogram 188 132'
- '#histogram 189 135'
- '#histogram 190 128'
- '#histogram 191 139'
- '#histogram 192 138'
- '#histogram 193 106'
- '#histogram 194 145'
- '#histogram 195 118'
- '#histogram 196 104'
- '#histogram 197 97'
- '#histogram 198 102'
- '#histogram 199 113'
- '#histogram 200 91'
- '#histogram 201 113'
- '#histogram 202 97'
- '#histogram 203 80'
- '#histogram 204 76'
- '#histogram 205 118'
- '#histogram 206 111'
- '#histogram 207 86'
- '#histogram 208 80'
- '#histogram 209 60'
- '#histogram 210 87'
- '#histogram 211 65'
- '#histogram 212 75'
- '#histogram 213 69'
- '#histogram 214 56'
- '#histogram 215 86'
- '#histogram 216 91'
- '#histogram 217 83'
- '#histogram 218 83'
- '#histogram 219 83'
- '#histogram 220 70'
- '#histogram 221 76'
- '#histogram 222 65'
- '#histogram 223 65'
- '#histogram 224 64'
- '#histogram 225 72'
- '#histogram 226 66'
- '#histogram 227 59'
- '#histogram 228 58'
- '#histogram 229 52'
- '#histogram 230 71'
- '#histogram 231 57'
- '#histogram 232 43'
- '#histogram 233 57'
- '#histogram 234 43'
- '#histogram 235 47'
- '#histogram 236 49'
- '#histogram 237 41'
- '#histogram 238 54'
- '#histogram 239 49'
- '#histogram 240 53'
- '#histogram 241 48'
- '#histogram 242 65'
- '#histogram 243 49'
- '#histogram 244 61'
- '#histogram 245 52'
- '#histogram 246 42'
- '#histogram 247 50'
- '#histogram 248 43'
- '#histogram 249 40'
- '#histogram 250 42'
- '#histogram 251 47'
- '#histogram 252 37'
- '#histogram 253 58'
- '#histogram 254 45'
- '#histogram 255 42'
- '#histogram 256 45'
- '#histogram 257 38'
- '#histogram 258 51'
- '#histogram 259 50'
- '#histogram 260 47'
- '#histogram 261 37'
- '#histogram 262 45'
- '#histogram 263 30'
- '#histogram 264 48'
- '#histogram 265 41'
- '#histogram 266 30'
- '#histogram 267 39'
- '#histogram 268 36'
- '#histogram 269 44'
- '#histogram 270 35'
- '#histogram 271 35'
- '#histogram 272 36'
- '#histogram 273 29'
- '#histogram 274 32'
- '#histogram 275 30'
- '#histogram 276 42'
- '#histogram 277 37'
- '#histogram 278 38'
- '#histogram 279 27'
- '#histogram 280 34'
- '#histogram 281 42'
- '#histogram 282 28'
- '#histogram 283 31'
- '#histogram 284 27'
- '#histogram 285 37'
- '#histogram 286 38'
- '#histogram 287 39'
- '#histogram 288 23'
- '#histogram 289 38'
- '#histogram 290 26'
- '#histogram 291 34'
- '#histogram 292 39'
- '#histogram 293 42'
- '#histogram 294 25'
- '#histogram 295 32'
- '#histogram 296 27'
- '#histogram 297 27'
- '#histogram 298 27'
- '#histogram 299 37'
- '#histogram 300 24'
- '#histogram 301 23'
- '#histogram 302 26'
- '#histogram 303 24'
- '#histogram 304 31'
- '#histogram 305 29'
- '#histogram 306 17'
- '#histogram 307 31'
- '#histogram 308 28'
- '#histogram 309 37'
- '#histogram 310 24'
- '#histogram 311 25'
- '#histogram 312 32'
- '#histogram 313 25'
- '#histogram 314 22'
- '#histogram 315 30'
- '#histogram 316 28'
- '#histogram 317 23'
- '#histogram 318 21'
- '#histogram 319 20'
- '#histogram 320 37'
- '#histogram 321 28'
- '#histogram 322 35'
- '#histogram 323 25'
- '#histogram 324 36'
- '#histogram 325 33'
- '#histogram 326 21'
- '#histogram 327 29'
- '#histogram 328 31'
- '#histogram 329 22'
- '#histogram 330 17'
- '#histogram 331 23'
- '#histogram 332 31'
- '#histogram 333 36'
- '#histogram 334 20'
- '#histogram 335 31'
- '#histogram 336 21'
- '#histogram 337 30'
- '#histogram 338 25'
- '#histogram 339 29'
- '#histogram 340 21'
- '#histogram 341 28'
- '#histogram 342 22'
- '#histogram 343 34'
- '#histogram 344 24'
- '#histogram 345 25'
- '#histogram 346 26'
- '#histogram 347 18'
- '#histogram 348 21'
- '#histogram 349 28'
- '#histogram 350 24'
- '#histogram 351 21'
- '#histogram 352 26'
- '#histogram 353 24'
- '#histogram 354 30'
- '#histogram 355 20'
- '#histogram 356 28'
- '#histogram 357 27'
- '#histogram 358 24'
- '#histogram 359 26'
- '#histogram 360 22'
- '#histogram 361 18'
- '#histogram 362 28'
- '#histogram 363 25'
- '#histogram 364 26'
- '#histogram 365 19'
- '#histogram 366 19'
- '#histogram 367 27'
- '#histogram 368 31'
- '#histogram 369 22'
- '#histogram 370 21'
- '#histogram 371 21'
- '#histogram 372 23'
- '#histogram 373 11'
- '#histogram 374 20'
- '#histogram 375 19'
- '#histogram 376 15'
- '#histogram 377 19'
- '#histogram 378 21'
- '#histogram 379 35'
- '#histogram 380 20'
- '#histogram 381 23'
- '#histogram 382 24'
- '#histogram 383 28'
- '#histogram 384 23'
- '#histogram 385 18'
- '#histogram 386 25'
- '#histogram 387 26'
- '#histogram 388 17'
- '#histogram 389 32'
- '#histogram 390 32'
- '#histogram 391 25'
- '#histogram 392 23'
- '#histogram 393 20'
- '#histogram 394 13'
- '#histogram 395 17'
- '#histogram 396 15'
- '#histogram 397 26'
- '#histogram 398 21'
- '#histogram 399 23'
- '#histogram 400 25'
- '#histogram 401 21'
- '#histogram 402 29'
- '#histogram 403 23'
- '#histogram 404 13'
- '#histogram 405 17'
- '#histogram 406 18'
- '#histogram 407 17'
- '#histogram 408 23'
- '#histogram 409 25'
- '#histogram 410 33'
- '#histogram 411 13'
- '#histogram 412 20'
- '#histogram 413 21'
- '#histogram 414 21'
- '#histogram 415 16'
- '#histogram 416 16'
- '#histogram 417 15'
- '#histogram 418 18'
- '#histogram 419 17'
- '#histogram 420 16'
- '#histogram 421 17'
- '#histogram 422 16'
- '#histogram 423 14'
- '#histogram 424 23'
- '#histogram 425 11'
- '#histogram 426 27'
- '#histogram 427 13'
- '#histogram 428 19'
- '#histogram 429 23'
- '#histogram 430 12'
- '#histogram 431 16'
- '#histogram 432 6'
- '#histogram 433 17'
- '#histogram 434 16'
- '#histogram 435 20'
- '#histogram 436 17'
- '#histogram 437 13'
- '#histogram 438 20'
- '#histogram 439 20'
- '#histogram 440 11'
- '#histogram 441 15'
- '#histogram 442 16'
- '#histogram 443 20'
- '#histogram 444 21'
- '#histogram 445 11'
- '#histogram 446 13'
- '#histogram 447 20'
- '#histogram 448 18'
- '#histogram 449 16'
- '#histogram 450 14'
- '#histogram 451 13'
- '#histogram 452 14'
- '#histogram 453 19'
- '#histogram 454 12'
- '#histogram 455 13'
- '#histogram 456 16'
- '#histogram 457 15'
- '#histogram 458 21'
- '#histogram 459 20'
- '#histogram 460 20'
- '#histogram 461 12'
- '#histogram 462 10'
- '#histogram 463 16'
- '#histogram 464 12'
- '#histogram 465 17'
- '#histogram 466 17'
- '#histogram 467 24'
- '#histogram 468 8'
- '#histogram 469 14'
- '#histogram 470 11'
- '#histogram 471 11'
- '#histogram 472 7'
- '#histogram 473 16'
- '#histogram 474 16'
- '#histogram 475 11'
- '#histogram 476 11'
- '#histogram 477 15'
- '#histogram 478 12'
- '#histogram 479 14'
- '#histogram 480 18'
- '#histogram 481 15'
- '#histogram 482 22'
- '#histogram 483 18'
- '#histogram 484 11'
- '#histogram 485 23'
- '#histogram 486 11'
- '#histogram 487 8'
- '#histogram 488 13'
- '#histogram 489 13'
- '#histogram 490 20'
- '#histogram 491 17'
- '#histogram 492 11'
- '#histogram 493 12'
- '#histogram 494 6'
- '#histogram 495 15'
- '#histogram 496 12'
- '#histogram 497 18'
- '#histogram 498 13'
- '#histogram 499 11'
- '#histogram 500 6'
- '#histogram 501 12'
- '#histogram 502 14'
- '#histogram 503 15'
- '#histogram 504 14'
- '#histogram 505 13'
- '#histogram 506 11'
- '#histogram 507 7'
- '#histogram 508 5'
- '#histogram 509 7'
- '#histogram 510 8'
- '#histogram 511 10'
- '#histogram 512 10'
- '#histogram 513 5'
- '#histogram 514 11'
- '#histogram 515 6'
- '#histogram 516 10'
- '#histogram 517 11'
- '#histogram 518 15'
- '#histogram 519 12'
- '#histogram 520 9'
- '#histogram 521 8'
- '#histogram 522 6'
- '#histogram 523 7'
- '#histogram 524 11'
- '#histogram 525 14'
- '#histogram 526 1'
- '#histogram 527 13'
- '#histogram 528 8'
- '#histogram 529 11'
- '#histogram 530 8'
- '#histogram 531 9'
- '#histogram 532 11'
- '#histogram 533 13'
- '#histogram 534 8'
- '#histogram 535 8'
- '#histogram 536 7'
- '#histogram 537 11'
- '#histogram 538 5'
- '#histogram 539 8'
- '#histogram 540 11'
- '#histogram 541 8'
- '#histogram 542 8'
- '#histogram 543 8'
- '#histogram 544 9'
- '#histogram 545 4'
- '#histogram 546 11'
- '#histogram 547 8'
- '#histogram 548 11'
- '#histogram 549 6'
- '#histogram 550 13'
- '#histogram 551 8'
- '#histogram 552 9'
- '#histogram 553 9'
- '#histogram 554 9'
- '#histogram 555 7'
- '#histogram 556 11'
- '#histogram 557 9'
- '#histogram 558 9'
- '#histogram 559 11'
- '#histogram 560 7'
- '#histogram 561 7'
- '#histogram 562 5'
- '#histogram 563 9'
- '#histogram 564 8'
- '#histogram 565 10'
- '#histogram 566 14'
- '#histogram 567 9'
- '#histogram 568 8'
- '#histogram 569 8'
- '#histogram 570 7'
- '#histogram 572 4'
- '#histogram 573 5'
- '#histogram 574 8'
- '#histogram 575 4'
- '#histogram 576 8'
- '#histogram 577 2'
- '#histogram 578 3'
- '#histogram 579 10'
- '#histogram 580 6'
- '#histogram 581 6'
- '#histogram 582 7'
- '#histogram 583 8'
- '#histogram 584 7'
- '#histogram 585 10'
- '#histogram 586 5'
- '#histogram 587 6'
- '#histogram 588 8'
- '#histogram 589 5'
- '#histogram 590 6'
- '#histogram 591 7'
- '#histogram 592 5'
- '#histogram 593 8'
- '#histogram 594 9'
- '#histogram 595 6'
- '#histogram 596 7'
- '#histogram 597 8'
- '#histogram 598 8'
- '#histogram 599 1'
- '#histogram 600 9'
- '#histogram 601 9'
- '#histogram 602 8'
- '#histogram 603 7'
- '#histogram 604 7'
- '#histogram 605 7'
- '#histogram 606 9'
- '#histogram 607 7'
- '#histogram 608 8'
- '#histogram 609 5'
- '#histogram 610 7'
- '#histogram 611 5'
- '#histogram 612 4'
- '#histogram 613 5'
- '#histogram 614 2'
- '#histogram 615 10'
- '#histogram 616 5'
- '#histogram 617 7'
- '#histogram 618 6'
- '#histogram 619 4'
- '#histogram 620 3'
- '#histogram 621 5'
- '#histogram 622 1'
- '#histogram 623 8'
- '#histogram 624 4'
- '#histogram 625 5'
- '#histogram 626 6'
- '#histogram 627 6'
- '#histogram 628 4'
- '#histogram 629 4'
- '#histogram 630 4'
- '#histogram 631 6'
- '#histogram 632 7'
- '#histogram 633 7'
- '#histogram 634 5'
- '#histogram 635 1'
- '#histogram 636 4'
- '#histogram 637 3'
- '#histogram 638 3'
- '#histogram 639 1'
- '#histogram 640 3'
- '#histogram 641 2'
- '#histogram 642 7'
- '#histogram 643 8'
- '#histogram 644 10'
- '#histogram 645 4'
- '#histogram 646 7'
- '#histogram 647 7'
- '#histogram 648 6'
- '#histogram 649 5'
- '#histogram 650 4'
- '#histogram 651 5'
- '#histogram 652 7'
- '#histogram 653 5'
- '#histogram 654 2'
- '#histogram 655 2'
- '#histogram 656 4'
- '#histogram 657 3'
- '#histogram 658 4'
- '#histogram 659 4'
- '#histogram 660 5'
- '#histogram 661 5'
- '#histogram 662 4'
- '#histogram 663 2'
- '#histogram 664 7'
- '#histogram 665 7'
- '#histogram 666 4'
- '#histogram 667 3'
- '#histogram 668 4'
- '#histogram 669 1'
- '#histogram 671 1'
- '#histogram 672 5'
- '#histogram 673 1'
- '#histogram 674 7'
- '#histogram 675 3'
- '#histogram 676 2'
- '#histogram 677 3'
- '#histogram 678 1'
- '#histogram 679 2'
- '#histogram 680 2'
- '#histogram 681 3'
- '#histogram 682 1'
- '#histogram 683 1'
- '#histogram 684 3'
- '#histogram 685 6'
- '#histogram 686 7'
- '#histogram 687 7'
- '#histogram 688 5'
- '#histogram 689 6'
- '#histogram 690 2'
- '#histogram 691 2'
- '#histogram 692 4'
- '#histogram 693 1'
- '#histogram 694 5'
- '#histogram 695 3'
- '#histogram 696 4'
- '#histogram 697 3'
- '#histogram 698 2'
- '#histogram 699 2'
- '#histogram 700 3'
- '#histogram 701 3'
- '#histogram 702 2'
- '#histogram 703 1'
- '#histogram 704 4'
- '#histogram 705 6'
- '#histogram 706 2'
- '#histogram 707 1'
- '#histogram 708 3'
- '#histogram 709 7'
- '#histogram 710 4'
- '#histogram 711 2'
- '#histogram 712 4'
- '#histogram 713 4'
- '#histogram 714 3'
- '#histogram 715 4'
- '#histogram 716 1'
- '#histogram 717 3'
- '#histogram 718 1'
- '#histogram 720 4'
- '#histogram 721 4'
- '#histogram 722 3'
- '#histogram 723 4'
- '#histogram 724 1'
- '#histogram 725 3'
- '#histogram 726 3'
- '#histogram 728 3'
- '#histogram 729 1'
- '#histogram 731 3'
- '#histogram 732 4'
- '#histogram 733 2'
- '#histogram 735 1'
- '#histogram 736 3'
- '#histogram 737 1'
- '#histogram 738 8'
- '#histogram 739 3'
- '#histogram 740 2'
- '#histogram 741 1'
- '#histogram 742 4'
- '#histogram 743 2'
- '#histogram 744 3'
- '#histogram 745 2'
- '#histogram 747 3'
- '#histogram 748 6'
- '#histogram 749 1'
- '#histogram 750 1'
- '#histogram 751 5'
- '#histogram 752 1'
- '#histogram 753 1'
- '#histogram 754 2'
- '#histogram 756 2'
- '#histogram 757 1'
- '#histogram 758 1'
- '#histogram 759 2'
- '#histogram 760 5'
- '#histogram 761 1'
- '#histogram 762 2'
- '#histogram 763 2'
- '#histogram 764 1'
- '#histogram 765 4'
- '#histogram 766 3'
- '#histogram 767 1'
- '#histogram 768 1'
- '#histogram 769 1'
- '#histogram 770 3'
- '#histogram 771 2'
- '#histogram 772 1'
- '#histogram 774 1'
- '#histogram 775 3'
- '#histogram 776 1'
- '#histogram 777 2'
- '#histogram 779 1'
- '#histogram 780 2'
- '#histogram 781 3'
- '#histogram 782 1'
- '#histogram 783 2'
- '#histogram 784 1'
- '#histogram 785 1'
- '#histogram 786 3'
- '#histogram 787 1'
- '#histogram 789 1'
- '#histogram 790 2'
- '#histogram 792 1'
- '#histogram 794 2'
- '#histogram 795 2'
- '#histogram 796 1'
- '#histogram 797 1'
- '#histogram 798 1'
- '#histogram 799 1'
- '#histogram 800 2'
- '#histogram 802 1'
- '#histogram 803 2'
- '#histogram 804 1'
- '#histogram 805 1'
- '#histogram 807 2'
- '#histogram 808 3'
- '#histogram 809 1'
- '#histogram 811 3'
- '#histogram 812 2'
- '#histogram 813 1'
- '#histogram 815 1'
- '#histogram 816 1'
- '#histogram 817 1'
- '#histogram 818 1'
- '#histogram 819 4'
- '#histogram 820 2'
- '#histogram 821 3'
- '#histogram 823 2'
- '#histogram 824 1'
- '#histogram 828 1'
- '#histogram 829 1'
- '#histogram 830 1'
- '#histogram 831 2'
- '#histogram 834 1'
- '#histogram 835 2'
- '#histogram 838 1'
- '#histogram 839 2'
- '#histogram 840 1'
- '#histogram 842 1'
- '#histogram 844 1'
- '#histogram 846 1'
- '#histogram 847 1'
- '#histogram 848 2'
- '#histogram 850 1'
- '#histogram 851 2'
- '#histogram 852 1'
- '#histogram 856 1'
- '#histogram 858 2'
- '#histogram 860 1'
- '#histogram 863 5'
- '#histogram 866 3'
- '#histogram 870 2'
- '#histogram 871 4'
- '#histogram 874 1'
- '#histogram 876 1'
- '#histogram 877 2'
- '#histogram 878 1'
- '#histogram 879 2'
- '#histogram 880 1'
- '#histogram 881 1'
- '#histogram 882 1'
- '#histogram 886 1'
- '#histogram 887 1'
- '#histogram 893 3'
- '#histogram 896 2'
- '#histogram 897 2'
- '#histogram 904 2'
- '#histogram 911 1'
- '#histogram 918 1'
- '#histogram 921 1'
- '#histogram 925 1'
- '#histogram 926 1'
- '#histogram 927 1'
- '#histogram 930 1'
- '#histogram 937 1'
- '#histogram 942 1'
- '#histogram 943 1'
- '#histogram 946 1'
- '#histogram 947 1'
- '#histogram 948 2'
- '#histogram 949 2'
- '#histogram 953 1'
- '#histogram 960 1'
- '#histogram 977 1'
- '#histogram 988 1'
- '#histogram 996 1'
- '#histogram 1033 1'
- '#histogram 1109 1'
- '#histogram 1233 1'
- '#histogram 1255 1'
- '#histogram 1285 1'
- '#histogram 1339 1'
- '#histogram 1378 1'
- ''
