code: 0
data:
  avg_latency: 0.14177
  histogram:
  - - 0
    - 0
  - - 1
    - 28
  - - 2
    - 76
  - - 3
    - 139
  - - 4
    - 128
  - - 5
    - 179
  - - 6
    - 188
  - - 7
    - 188
  - - 8
    - 207
  - - 9
    - 195
  - - 10
    - 189
  - - 11
    - 228
  - - 12
    - 226
  - - 13
    - 222
  - - 14
    - 218
  - - 15
    - 217
  - - 16
    - 214
  - - 17
    - 234
  - - 18
    - 246
  - - 19
    - 221
  - - 20
    - 266
  - - 21
    - 253
  - - 22
    - 201
  - - 23
    - 256
  - - 24
    - 281
  - - 25
    - 278
  - - 26
    - 263
  - - 27
    - 249
  - - 28
    - 265
  - - 29
    - 269
  - - 30
    - 323
  - - 31
    - 292
  - - 32
    - 316
  - - 33
    - 337
  - - 34
    - 309
  - - 35
    - 344
  - - 36
    - 335
  - - 37
    - 325
  - - 38
    - 305
  - - 39
    - 370
  - - 40
    - 389
  - - 41
    - 384
  - - 42
    - 388
  - - 43
    - 405
  - - 44
    - 374
  - - 45
    - 385
  - - 46
    - 381
  - - 47
    - 397
  - - 48
    - 443
  - - 49
    - 409
  - - 50
    - 414
  - - 51
    - 386
  - - 52
    - 458
  - - 53
    - 415
  - - 54
    - 440
  - - 55
    - 425
  - - 56
    - 455
  - - 57
    - 481
  - - 58
    - 456
  - - 59
    - 489
  - - 60
    - 487
  - - 61
    - 458
  - - 62
    - 465
  - - 63
    - 511
  - - 64
    - 510
  - - 65
    - 490
  - - 66
    - 524
  - - 67
    - 514
  - - 68
    - 548
  - - 69
    - 523
  - - 70
    - 544
  - - 71
    - 539
  - - 72
    - 530
  - - 73
    - 500
  - - 74
    - 500
  - - 75
    - 542
  - - 76
    - 520
  - - 77
    - 549
  - - 78
    - 513
  - - 79
    - 540
  - - 80
    - 516
  - - 81
    - 581
  - - 82
    - 513
  - - 83
    - 506
  - - 84
    - 540
  - - 85
    - 526
  - - 86
    - 479
  - - 87
    - 544
  - - 88
    - 531
  - - 89
    - 515
  - - 90
    - 558
  - - 91
    - 530
  - - 92
    - 602
  - - 93
    - 538
  - - 94
    - 565
  - - 95
    - 549
  - - 96
    - 507
  - - 97
    - 504
  - - 98
    - 483
  - - 99
    - 578
  - - 100
    - 516
  - - 101
    - 507
  - - 102
    - 503
  - - 103
    - 509
  - - 104
    - 494
  - - 105
    - 471
  - - 106
    - 503
  - - 107
    - 529
  - - 108
    - 502
  - - 109
    - 475
  - - 110
    - 500
  - - 111
    - 453
  - - 112
    - 490
  - - 113
    - 506
  - - 114
    - 464
  - - 115
    - 499
  - - 116
    - 468
  - - 117
    - 450
  - - 118
    - 448
  - - 119
    - 449
  - - 120
    - 428
  - - 121
    - 455
  - - 122
    - 472
  - - 123
    - 428
  - - 124
    - 455
  - - 125
    - 419
  - - 126
    - 437
  - - 127
    - 425
  - - 128
    - 430
  - - 129
    - 415
  - - 130
    - 351
  - - 131
    - 430
  - - 132
    - 411
  - - 133
    - 358
  - - 134
    - 362
  - - 135
    - 353
  - - 136
    - 376
  - - 137
    - 383
  - - 138
    - 380
  - - 139
    - 356
  - - 140
    - 369
  - - 141
    - 371
  - - 142
    - 338
  - - 143
    - 306
  - - 144
    - 328
  - - 145
    - 334
  - - 146
    - 357
  - - 147
    - 326
  - - 148
    - 324
  - - 149
    - 317
  - - 150
    - 314
  - - 151
    - 282
  - - 152
    - 272
  - - 153
    - 298
  - - 154
    - 309
  - - 155
    - 272
  - - 156
    - 275
  - - 157
    - 268
  - - 158
    - 254
  - - 159
    - 290
  - - 160
    - 271
  - - 161
    - 281
  - - 162
    - 257
  - - 163
    - 245
  - - 164
    - 233
  - - 165
    - 259
  - - 166
    - 246
  - - 167
    - 263
  - - 168
    - 254
  - - 169
    - 227
  - - 170
    - 221
  - - 171
    - 230
  - - 172
    - 215
  - - 173
    - 218
  - - 174
    - 177
  - - 175
    - 220
  - - 176
    - 196
  - - 177
    - 218
  - - 178
    - 224
  - - 179
    - 232
  - - 180
    - 197
  - - 181
    - 185
  - - 182
    - 176
  - - 183
    - 195
  - - 184
    - 189
  - - 185
    - 195
  - - 186
    - 171
  - - 187
    - 168
  - - 188
    - 166
  - - 189
    - 169
  - - 190
    - 188
  - - 191
    - 183
  - - 192
    - 153
  - - 193
    - 178
  - - 194
    - 124
  - - 195
    - 147
  - - 196
    - 158
  - - 197
    - 150
  - - 198
    - 143
  - - 199
    - 119
  - - 200
    - 147
  - - 201
    - 151
  - - 202
    - 154
  - - 203
    - 148
  - - 204
    - 135
  - - 205
    - 122
  - - 206
    - 114
  - - 207
    - 115
  - - 208
    - 124
  - - 209
    - 135
  - - 210
    - 142
  - - 211
    - 122
  - - 212
    - 114
  - - 213
    - 135
  - - 214
    - 108
  - - 215
    - 97
  - - 216
    - 113
  - - 217
    - 107
  - - 218
    - 110
  - - 219
    - 99
  - - 220
    - 107
  - - 221
    - 112
  - - 222
    - 84
  - - 223
    - 101
  - - 224
    - 96
  - - 225
    - 81
  - - 226
    - 85
  - - 227
    - 85
  - - 228
    - 87
  - - 229
    - 69
  - - 230
    - 69
  - - 231
    - 85
  - - 232
    - 79
  - - 233
    - 72
  - - 234
    - 79
  - - 235
    - 91
  - - 236
    - 62
  - - 237
    - 67
  - - 238
    - 61
  - - 239
    - 82
  - - 240
    - 66
  - - 241
    - 62
  - - 242
    - 68
  - - 243
    - 72
  - - 244
    - 63
  - - 245
    - 57
  - - 246
    - 70
  - - 247
    - 74
  - - 248
    - 69
  - - 249
    - 71
  - - 250
    - 66
  - - 251
    - 77
  - - 252
    - 72
  - - 253
    - 66
  - - 254
    - 61
  - - 255
    - 65
  - - 256
    - 55
  - - 257
    - 51
  - - 258
    - 60
  - - 259
    - 45
  - - 260
    - 41
  - - 261
    - 49
  - - 262
    - 47
  - - 263
    - 44
  - - 264
    - 42
  - - 265
    - 39
  - - 266
    - 51
  - - 267
    - 56
  - - 268
    - 36
  - - 269
    - 43
  - - 270
    - 46
  - - 271
    - 49
  - - 272
    - 52
  - - 273
    - 50
  - - 274
    - 38
  - - 275
    - 45
  - - 276
    - 41
  - - 277
    - 31
  - - 278
    - 34
  - - 279
    - 32
  - - 280
    - 50
  - - 281
    - 49
  - - 282
    - 37
  - - 283
    - 43
  - - 284
    - 35
  - - 285
    - 29
  - - 286
    - 29
  - - 287
    - 51
  - - 288
    - 43
  - - 289
    - 40
  - - 290
    - 28
  - - 291
    - 34
  - - 292
    - 35
  - - 293
    - 37
  - - 294
    - 35
  - - 295
    - 40
  - - 296
    - 21
  - - 297
    - 38
  - - 298
    - 34
  - - 299
    - 34
  - - 300
    - 32
  - - 301
    - 34
  - - 302
    - 30
  - - 303
    - 31
  - - 304
    - 45
  - - 305
    - 36
  - - 306
    - 17
  - - 307
    - 21
  - - 308
    - 32
  - - 309
    - 20
  - - 310
    - 24
  - - 311
    - 24
  - - 312
    - 26
  - - 313
    - 21
  - - 314
    - 32
  - - 315
    - 28
  - - 316
    - 19
  - - 317
    - 43
  - - 318
    - 26
  - - 319
    - 35
  - - 320
    - 35
  - - 321
    - 21
  - - 322
    - 26
  - - 323
    - 21
  - - 324
    - 13
  - - 325
    - 17
  - - 326
    - 26
  - - 327
    - 16
  - - 328
    - 23
  - - 329
    - 17
  - - 330
    - 20
  - - 331
    - 15
  - - 332
    - 24
  - - 333
    - 24
  - - 334
    - 25
  - - 335
    - 27
  - - 336
    - 27
  - - 337
    - 18
  - - 338
    - 22
  - - 339
    - 17
  - - 340
    - 24
  - - 341
    - 21
  - - 342
    - 36
  - - 343
    - 16
  - - 344
    - 23
  - - 345
    - 25
  - - 346
    - 24
  - - 347
    - 22
  - - 348
    - 23
  - - 349
    - 22
  - - 350
    - 13
  - - 351
    - 16
  - - 352
    - 25
  - - 353
    - 22
  - - 354
    - 19
  - - 355
    - 20
  - - 356
    - 27
  - - 357
    - 21
  - - 358
    - 25
  - - 359
    - 20
  - - 360
    - 14
  - - 361
    - 15
  - - 362
    - 13
  - - 363
    - 18
  - - 364
    - 20
  - - 365
    - 17
  - - 366
    - 19
  - - 367
    - 17
  - - 368
    - 20
  - - 369
    - 25
  - - 370
    - 13
  - - 371
    - 23
  - - 372
    - 22
  - - 373
    - 13
  - - 374
    - 16
  - - 375
    - 17
  - - 376
    - 18
  - - 377
    - 19
  - - 378
    - 18
  - - 379
    - 12
  - - 380
    - 18
  - - 381
    - 20
  - - 382
    - 18
  - - 383
    - 23
  - - 384
    - 15
  - - 385
    - 14
  - - 386
    - 23
  - - 387
    - 21
  - - 388
    - 12
  - - 389
    - 19
  - - 390
    - 24
  - - 391
    - 15
  - - 392
    - 18
  - - 393
    - 23
  - - 394
    - 18
  - - 395
    - 16
  - - 396
    - 21
  - - 397
    - 16
  - - 398
    - 17
  - - 399
    - 18
  - - 400
    - 20
  - - 401
    - 11
  - - 402
    - 10
  - - 403
    - 14
  - - 404
    - 12
  - - 405
    - 17
  - - 406
    - 19
  - - 407
    - 19
  - - 408
    - 8
  - - 409
    - 14
  - - 410
    - 14
  - - 411
    - 17
  - - 412
    - 24
  - - 413
    - 19
  - - 414
    - 15
  - - 415
    - 14
  - - 416
    - 21
  - - 417
    - 15
  - - 418
    - 7
  - - 419
    - 13
  - - 420
    - 24
  - - 421
    - 13
  - - 422
    - 12
  - - 423
    - 12
  - - 424
    - 20
  - - 425
    - 14
  - - 426
    - 18
  - - 427
    - 25
  - - 428
    - 14
  - - 429
    - 17
  - - 430
    - 14
  - - 431
    - 6
  - - 432
    - 7
  - - 433
    - 14
  - - 434
    - 25
  - - 435
    - 17
  - - 436
    - 8
  - - 437
    - 20
  - - 438
    - 14
  - - 439
    - 21
  - - 440
    - 8
  - - 441
    - 13
  - - 442
    - 13
  - - 443
    - 22
  - - 444
    - 16
  - - 445
    - 12
  - - 446
    - 29
  - - 447
    - 13
  - - 448
    - 22
  - - 449
    - 15
  - - 450
    - 11
  - - 451
    - 18
  - - 452
    - 8
  - - 453
    - 16
  - - 454
    - 12
  - - 455
    - 13
  - - 456
    - 6
  - - 457
    - 12
  - - 458
    - 12
  - - 459
    - 17
  - - 460
    - 15
  - - 461
    - 9
  - - 462
    - 14
  - - 463
    - 12
  - - 464
    - 19
  - - 465
    - 13
  - - 466
    - 11
  - - 467
    - 12
  - - 468
    - 12
  - - 469
    - 17
  - - 470
    - 10
  - - 471
    - 17
  - - 472
    - 10
  - - 473
    - 11
  - - 474
    - 11
  - - 475
    - 17
  - - 476
    - 18
  - - 477
    - 19
  - - 478
    - 19
  - - 479
    - 14
  - - 480
    - 13
  - - 481
    - 26
  - - 482
    - 16
  - - 483
    - 14
  - - 484
    - 12
  - - 485
    - 17
  - - 486
    - 17
  - - 487
    - 11
  - - 488
    - 23
  - - 489
    - 10
  - - 490
    - 7
  - - 491
    - 12
  - - 492
    - 11
  - - 493
    - 12
  - - 494
    - 14
  - - 495
    - 13
  - - 496
    - 18
  - - 497
    - 17
  - - 498
    - 12
  - - 499
    - 15
  - - 500
    - 10
  - - 501
    - 12
  - - 502
    - 17
  - - 503
    - 12
  - - 504
    - 18
  - - 505
    - 17
  - - 506
    - 7
  - - 507
    - 18
  - - 508
    - 15
  - - 509
    - 13
  - - 510
    - 7
  - - 511
    - 9
  - - 512
    - 14
  - - 513
    - 11
  - - 514
    - 7
  - - 515
    - 13
  - - 516
    - 12
  - - 517
    - 12
  - - 518
    - 18
  - - 519
    - 7
  - - 520
    - 10
  - - 521
    - 14
  - - 522
    - 11
  - - 523
    - 20
  - - 524
    - 7
  - - 525
    - 12
  - - 526
    - 14
  - - 527
    - 18
  - - 528
    - 16
  - - 529
    - 14
  - - 530
    - 15
  - - 531
    - 17
  - - 532
    - 12
  - - 533
    - 10
  - - 534
    - 9
  - - 535
    - 13
  - - 536
    - 20
  - - 537
    - 12
  - - 538
    - 13
  - - 539
    - 12
  - - 540
    - 14
  - - 541
    - 15
  - - 542
    - 6
  - - 543
    - 7
  - - 544
    - 15
  - - 545
    - 9
  - - 546
    - 11
  - - 547
    - 7
  - - 548
    - 10
  - - 549
    - 9
  - - 550
    - 9
  - - 551
    - 9
  - - 552
    - 11
  - - 553
    - 6
  - - 554
    - 15
  - - 555
    - 10
  - - 556
    - 2
  - - 557
    - 10
  - - 558
    - 7
  - - 559
    - 13
  - - 560
    - 12
  - - 561
    - 15
  - - 562
    - 8
  - - 563
    - 15
  - - 564
    - 6
  - - 565
    - 8
  - - 566
    - 6
  - - 567
    - 8
  - - 568
    - 9
  - - 569
    - 17
  - - 570
    - 7
  - - 571
    - 8
  - - 572
    - 18
  - - 573
    - 10
  - - 574
    - 10
  - - 575
    - 14
  - - 576
    - 12
  - - 577
    - 11
  - - 578
    - 7
  - - 579
    - 8
  - - 580
    - 9
  - - 581
    - 11
  - - 582
    - 10
  - - 583
    - 8
  - - 584
    - 14
  - - 585
    - 9
  - - 586
    - 11
  - - 587
    - 8
  - - 588
    - 9
  - - 589
    - 10
  - - 590
    - 13
  - - 591
    - 13
  - - 592
    - 9
  - - 593
    - 11
  - - 594
    - 11
  - - 595
    - 8
  - - 596
    - 6
  - - 597
    - 11
  - - 598
    - 8
  - - 599
    - 13
  - - 600
    - 13
  - - 601
    - 7
  - - 602
    - 7
  - - 603
    - 11
  - - 604
    - 7
  - - 605
    - 7
  - - 606
    - 5
  - - 607
    - 7
  - - 608
    - 12
  - - 609
    - 4
  - - 610
    - 7
  - - 611
    - 10
  - - 612
    - 7
  - - 613
    - 2
  - - 614
    - 8
  - - 615
    - 9
  - - 616
    - 8
  - - 617
    - 6
  - - 618
    - 11
  - - 619
    - 7
  - - 620
    - 10
  - - 621
    - 9
  - - 622
    - 7
  - - 623
    - 12
  - - 624
    - 13
  - - 625
    - 7
  - - 626
    - 6
  - - 627
    - 5
  - - 628
    - 12
  - - 629
    - 10
  - - 630
    - 14
  - - 631
    - 10
  - - 632
    - 5
  - - 633
    - 5
  - - 634
    - 6
  - - 635
    - 9
  - - 636
    - 7
  - - 637
    - 5
  - - 638
    - 7
  - - 639
    - 4
  - - 640
    - 6
  - - 641
    - 2
  - - 642
    - 11
  - - 643
    - 10
  - - 644
    - 7
  - - 645
    - 7
  - - 646
    - 3
  - - 647
    - 5
  - - 648
    - 6
  - - 649
    - 5
  - - 650
    - 10
  - - 651
    - 12
  - - 652
    - 11
  - - 653
    - 11
  - - 654
    - 4
  - - 655
    - 8
  - - 656
    - 11
  - - 657
    - 9
  - - 658
    - 8
  - - 659
    - 4
  - - 660
    - 5
  - - 661
    - 6
  - - 662
    - 7
  - - 663
    - 6
  - - 664
    - 4
  - - 665
    - 9
  - - 666
    - 11
  - - 667
    - 5
  - - 668
    - 9
  - - 669
    - 6
  - - 670
    - 6
  - - 671
    - 9
  - - 672
    - 8
  - - 673
    - 5
  - - 674
    - 9
  - - 675
    - 13
  - - 676
    - 8
  - - 677
    - 9
  - - 678
    - 7
  - - 679
    - 9
  - - 680
    - 6
  - - 681
    - 6
  - - 682
    - 4
  - - 683
    - 5
  - - 684
    - 7
  - - 685
    - 11
  - - 686
    - 7
  - - 687
    - 11
  - - 688
    - 5
  - - 689
    - 10
  - - 690
    - 6
  - - 691
    - 10
  - - 692
    - 10
  - - 693
    - 6
  - - 694
    - 7
  - - 695
    - 4
  - - 696
    - 7
  - - 697
    - 7
  - - 698
    - 5
  - - 699
    - 8
  - - 700
    - 6
  - - 701
    - 3
  - - 702
    - 5
  - - 703
    - 9
  - - 704
    - 5
  - - 705
    - 7
  - - 706
    - 4
  - - 707
    - 2
  - - 708
    - 10
  - - 709
    - 7
  - - 710
    - 10
  - - 711
    - 5
  - - 712
    - 7
  - - 713
    - 7
  - - 714
    - 8
  - - 715
    - 9
  - - 716
    - 6
  - - 717
    - 4
  - - 718
    - 11
  - - 719
    - 3
  - - 720
    - 7
  - - 721
    - 5
  - - 722
    - 11
  - - 723
    - 7
  - - 724
    - 12
  - - 725
    - 3
  - - 726
    - 6
  - - 727
    - 6
  - - 728
    - 5
  - - 729
    - 5
  - - 730
    - 4
  - - 731
    - 3
  - - 732
    - 5
  - - 733
    - 5
  - - 734
    - 7
  - - 735
    - 6
  - - 736
    - 3
  - - 737
    - 3
  - - 738
    - 6
  - - 739
    - 10
  - - 740
    - 1
  - - 741
    - 5
  - - 742
    - 5
  - - 743
    - 2
  - - 744
    - 10
  - - 745
    - 7
  - - 746
    - 6
  - - 747
    - 8
  - - 748
    - 7
  - - 749
    - 3
  - - 750
    - 5
  - - 751
    - 4
  - - 752
    - 5
  - - 753
    - 4
  - - 754
    - 3
  - - 755
    - 5
  - - 756
    - 6
  - - 757
    - 2
  - - 758
    - 6
  - - 759
    - 5
  - - 760
    - 6
  - - 761
    - 4
  - - 762
    - 2
  - - 763
    - 8
  - - 764
    - 3
  - - 765
    - 6
  - - 766
    - 5
  - - 767
    - 3
  - - 768
    - 5
  - - 769
    - 3
  - - 770
    - 4
  - - 771
    - 3
  - - 772
    - 2
  - - 773
    - 4
  - - 774
    - 8
  - - 775
    - 6
  - - 776
    - 6
  - - 777
    - 6
  - - 778
    - 1
  - - 779
    - 4
  - - 780
    - 2
  - - 781
    - 6
  - - 782
    - 8
  - - 783
    - 2
  - - 784
    - 2
  - - 785
    - 8
  - - 786
    - 2
  - - 787
    - 7
  - - 788
    - 2
  - - 789
    - 4
  - - 790
    - 2
  - - 792
    - 6
  - - 793
    - 6
  - - 794
    - 4
  - - 795
    - 4
  - - 796
    - 2
  - - 797
    - 6
  - - 798
    - 3
  - - 799
    - 9
  - - 800
    - 3
  - - 801
    - 1
  - - 803
    - 2
  - - 804
    - 5
  - - 805
    - 3
  - - 806
    - 5
  - - 807
    - 3
  - - 809
    - 10
  - - 810
    - 1
  - - 811
    - 1
  - - 812
    - 6
  - - 813
    - 4
  - - 815
    - 2
  - - 816
    - 4
  - - 817
    - 3
  - - 818
    - 3
  - - 819
    - 4
  - - 820
    - 3
  - - 821
    - 4
  - - 822
    - 4
  - - 824
    - 8
  - - 825
    - 9
  - - 826
    - 1
  - - 827
    - 7
  - - 828
    - 3
  - - 829
    - 6
  - - 830
    - 3
  - - 831
    - 1
  - - 832
    - 2
  - - 833
    - 3
  - - 834
    - 4
  - - 835
    - 5
  - - 836
    - 6
  - - 837
    - 3
  - - 839
    - 4
  - - 840
    - 6
  - - 841
    - 5
  - - 842
    - 2
  - - 843
    - 3
  - - 844
    - 1
  - - 845
    - 3
  - - 846
    - 5
  - - 847
    - 7
  - - 848
    - 3
  - - 849
    - 4
  - - 850
    - 2
  - - 851
    - 2
  - - 852
    - 5
  - - 853
    - 2
  - - 854
    - 2
  - - 855
    - 5
  - - 856
    - 1
  - - 857
    - 2
  - - 858
    - 2
  - - 859
    - 2
  - - 860
    - 2
  - - 861
    - 2
  - - 862
    - 2
  - - 863
    - 1
  - - 864
    - 4
  - - 865
    - 1
  - - 866
    - 3
  - - 867
    - 3
  - - 868
    - 4
  - - 869
    - 3
  - - 870
    - 6
  - - 872
    - 3
  - - 873
    - 4
  - - 874
    - 4
  - - 875
    - 3
  - - 876
    - 1
  - - 877
    - 1
  - - 878
    - 2
  - - 879
    - 5
  - - 881
    - 6
  - - 882
    - 5
  - - 883
    - 4
  - - 884
    - 6
  - - 885
    - 1
  - - 886
    - 2
  - - 887
    - 2
  - - 888
    - 5
  - - 890
    - 2
  - - 891
    - 2
  - - 892
    - 2
  - - 893
    - 4
  - - 894
    - 4
  - - 895
    - 4
  - - 896
    - 2
  - - 897
    - 3
  - - 898
    - 2
  - - 899
    - 4
  - - 900
    - 2
  - - 901
    - 2
  - - 902
    - 4
  - - 903
    - 1
  - - 904
    - 5
  - - 906
    - 2
  - - 907
    - 3
  - - 908
    - 4
  - - 910
    - 1
  - - 911
    - 1
  - - 912
    - 2
  - - 913
    - 8
  - - 914
    - 3
  - - 915
    - 2
  - - 916
    - 1
  - - 917
    - 3
  - - 918
    - 3
  - - 920
    - 7
  - - 921
    - 2
  - - 923
    - 4
  - - 924
    - 3
  - - 926
    - 4
  - - 927
    - 2
  - - 928
    - 2
  - - 929
    - 2
  - - 930
    - 2
  - - 931
    - 4
  - - 932
    - 2
  - - 933
    - 2
  - - 934
    - 7
  - - 935
    - 2
  - - 936
    - 2
  - - 938
    - 4
  - - 939
    - 1
  - - 940
    - 4
  - - 941
    - 3
  - - 942
    - 2
  - - 943
    - 2
  - - 944
    - 2
  - - 945
    - 2
  - - 947
    - 2
  - - 948
    - 3
  - - 949
    - 1
  - - 950
    - 3
  - - 951
    - 3
  - - 952
    - 4
  - - 953
    - 2
  - - 954
    - 1
  - - 955
    - 2
  - - 956
    - 2
  - - 957
    - 4
  - - 958
    - 2
  - - 959
    - 3
  - - 960
    - 2
  - - 961
    - 2
  - - 963
    - 1
  - - 964
    - 1
  - - 965
    - 4
  - - 966
    - 3
  - - 967
    - 4
  - - 970
    - 2
  - - 972
    - 2
  - - 974
    - 3
  - - 975
    - 2
  - - 976
    - 2
  - - 977
    - 2
  - - 978
    - 1
  - - 979
    - 1
  - - 981
    - 3
  - - 982
    - 1
  - - 983
    - 1
  - - 984
    - 2
  - - 985
    - 2
  - - 986
    - 3
  - - 987
    - 1
  - - 988
    - 1
  - - 989
    - 1
  - - 990
    - 3
  - - 991
    - 2
  - - 993
    - 1
  - - 994
    - 1
  - - 996
    - 2
  - - 997
    - 3
  - - 998
    - 1
  - - 1000
    - 2
  - - 1001
    - 3
  - - 1003
    - 2
  - - 1004
    - 2
  - - 1005
    - 1
  - - 1008
    - 1
  - - 1009
    - 2
  - - 1012
    - 1
  - - 1015
    - 3
  - - 1017
    - 1
  - - 1018
    - 4
  - - 1020
    - 1
  - - 1021
    - 3
  - - 1022
    - 1
  - - 1026
    - 1
  - - 1028
    - 1
  - - 1030
    - 1
  - - 1031
    - 6
  - - 1033
    - 1
  - - 1035
    - 1
  - - 1036
    - 1
  - - 1037
    - 3
  - - 1040
    - 1
  - - 1042
    - 3
  - - 1043
    - 2
  - - 1045
    - 2
  - - 1047
    - 2
  - - 1050
    - 2
  - - 1052
    - 1
  - - 1055
    - 2
  - - 1056
    - 2
  - - 1059
    - 1
  - - 1060
    - 2
  - - 1062
    - 1
  - - 1063
    - 1
  - - 1064
    - 1
  - - 1065
    - 1
  - - 1068
    - 2
  - - 1069
    - 2
  - - 1070
    - 1
  - - 1072
    - 1
  - - 1073
    - 1
  - - 1074
    - 3
  - - 1076
    - 2
  - - 1078
    - 2
  - - 1079
    - 1
  - - 1081
    - 2
  - - 1082
    - 2
  - - 1083
    - 2
  - - 1084
    - 1
  - - 1087
    - 2
  - - 1088
    - 1
  - - 1089
    - 1
  - - 1090
    - 2
  - - 1091
    - 1
  - - 1093
    - 1
  - - 1100
    - 1
  - - 1101
    - 1
  - - 1102
    - 1
  - - 1103
    - 1
  - - 1104
    - 1
  - - 1105
    - 1
  - - 1110
    - 1
  - - 1112
    - 1
  - - 1113
    - 1
  - - 1119
    - 1
  - - 1121
    - 1
  - - 1123
    - 1
  - - 1124
    - 2
  - - 1125
    - 1
  - - 1133
    - 1
  - - 1134
    - 1
  - - 1136
    - 1
  - - 1139
    - 1
  - - 1141
    - 1
  - - 1146
    - 1
  - - 1147
    - 1
  - - 1148
    - 1
  - - 1151
    - 1
  - - 1155
    - 1
  - - 1160
    - 1
  - - 1162
    - 1
  - - 1172
    - 2
  - - 1173
    - 1
  - - 1197
    - 1
  - - 1223
    - 1
  - - 1262
    - 1
  - - 1436
    - 1
  - - 1450
    - 1
  - - 1681
    - 1
  - - 1730
    - 1
  latency_50_percentile: 107.0
  latency_95_percentile: 420.0
  latency_99_5_percentile: 870.0
  latency_99_percentile: 755.1999999999971
  max_kubedns_cpu: 616
  max_kubedns_memory: 29
  max_latency: 1.730544
  max_perfserver_cpu: 0
  max_perfserver_memory: 0
  min_latency: 0.001441
  msg: null
  ok: true
  qps: 704.319977
  queries_completed: 84581
  queries_lost: 0
  queries_sent: 84581
  run_time: 120.088884
  stddev_latency: 0.137195
params:
  max_qps: null
  pod_name: dns-perf-client-858fb7568b-qr6b6
  query_file: all-queries.txt
  run_id: 1777667822
  run_length_seconds: 120
  run_subid: 0
stderr:
- ''
stdout:
- DNS Performance Testing Tool
- Nominum Version 2.1.0.0
- ''
- '[Status] Command line: dnsperf -s 10.0.0.10 -l 120 -d /queries/all-queries.txt'
- '[Status] Sending queries (to 10.0.0.10)'
- '[Status] Started at: Fri May  1 20:37:33 2026'
- '[Status] Stopping after 120.000000 seconds'
- '[Status] Testing complete (time limit)'
- ''
- 'Statistics:'
- ''
- '  Queries sent:         84581'
- '  Queries completed:    84581 (100.00%)'
- '  Queries lost:         0 (0.00%)'
- ''
- '  Response codes:       NOERROR 10149 (12.00%), NXDOMAIN 74432 (88.00%)'
- '  Average packet size:  request 38, response 122'
- '  Run time (s):         120.088884'
- '  Queries per second:   704.319977'
- ''
- '  Average Latency (s):  0.141770 (min 0.001441, max 1.730544)'
- '  Latency StdDev (s):   0.137195'
- ''
- '  Latency histogram'
- '#histogram 0 0'
- '#histogram 1 28'
- '#histogram 2 76'
- '#histogram 3 139'
- '#histogram 4 128'
- '#histogram 5 179'
- '#histogram 6 188'
- '#histogram 7 188'
- '#histogram 8 207'
- '#histogram 9 195'
- '#histogram 10 189'
- '#histogram 11 228'
- '#histogram 12 226'
- '#histogram 13 222'
- '#histogram 14 218'
- '#histogram 15 217'
- '#histogram 16 214'
- '#histogram 17 234'
- '#histogram 18 246'
- '#histogram 19 221'
- '#histogram 20 266'
- '#histogram 21 253'
- '#histogram 22 201'
- '#histogram 23 256'
- '#histogram 24 281'
- '#histogram 25 278'
- '#histogram 26 263'
- '#histogram 27 249'
- '#histogram 28 265'
- '#histogram 29 269'
- '#histogram 30 323'
- '#histogram 31 292'
- '#histogram 32 316'
- '#histogram 33 337'
- '#histogram 34 309'
- '#histogram 35 344'
- '#histogram 36 335'
- '#histogram 37 325'
- '#histogram 38 305'
- '#histogram 39 370'
- '#histogram 40 389'
- '#histogram 41 384'
- '#histogram 42 388'
- '#histogram 43 405'
- '#histogram 44 374'
- '#histogram 45 385'
- '#histogram 46 381'
- '#histogram 47 397'
- '#histogram 48 443'
- '#histogram 49 409'
- '#histogram 50 414'
- '#histogram 51 386'
- '#histogram 52 458'
- '#histogram 53 415'
- '#histogram 54 440'
- '#histogram 55 425'
- '#histogram 56 455'
- '#histogram 57 481'
- '#histogram 58 456'
- '#histogram 59 489'
- '#histogram 60 487'
- '#histogram 61 458'
- '#histogram 62 465'
- '#histogram 63 511'
- '#histogram 64 510'
- '#histogram 65 490'
- '#histogram 66 524'
- '#histogram 67 514'
- '#histogram 68 548'
- '#histogram 69 523'
- '#histogram 70 544'
- '#histogram 71 539'
- '#histogram 72 530'
- '#histogram 73 500'
- '#histogram 74 500'
- '#histogram 75 542'
- '#histogram 76 520'
- '#histogram 77 549'
- '#histogram 78 513'
- '#histogram 79 540'
- '#histogram 80 516'
- '#histogram 81 581'
- '#histogram 82 513'
- '#histogram 83 506'
- '#histogram 84 540'
- '#histogram 85 526'
- '#histogram 86 479'
- '#histogram 87 544'
- '#histogram 88 531'
- '#histogram 89 515'
- '#histogram 90 558'
- '#histogram 91 530'
- '#histogram 92 602'
- '#histogram 93 538'
- '#histogram 94 565'
- '#histogram 95 549'
- '#histogram 96 507'
- '#histogram 97 504'
- '#histogram 98 483'
- '#histogram 99 578'
- '#histogram 100 516'
- '#histogram 101 507'
- '#histogram 102 503'
- '#histogram 103 509'
- '#histogram 104 494'
- '#histogram 105 471'
- '#histogram 106 503'
- '#histogram 107 529'
- '#histogram 108 502'
- '#histogram 109 475'
- '#histogram 110 500'
- '#histogram 111 453'
- '#histogram 112 490'
- '#histogram 113 506'
- '#histogram 114 464'
- '#histogram 115 499'
- '#histogram 116 468'
- '#histogram 117 450'
- '#histogram 118 448'
- '#histogram 119 449'
- '#histogram 120 428'
- '#histogram 121 455'
- '#histogram 122 472'
- '#histogram 123 428'
- '#histogram 124 455'
- '#histogram 125 419'
- '#histogram 126 437'
- '#histogram 127 425'
- '#histogram 128 430'
- '#histogram 129 415'
- '#histogram 130 351'
- '#histogram 131 430'
- '#histogram 132 411'
- '#histogram 133 358'
- '#histogram 134 362'
- '#histogram 135 353'
- '#histogram 136 376'
- '#histogram 137 383'
- '#histogram 138 380'
- '#histogram 139 356'
- '#histogram 140 369'
- '#histogram 141 371'
- '#histogram 142 338'
- '#histogram 143 306'
- '#histogram 144 328'
- '#histogram 145 334'
- '#histogram 146 357'
- '#histogram 147 326'
- '#histogram 148 324'
- '#histogram 149 317'
- '#histogram 150 314'
- '#histogram 151 282'
- '#histogram 152 272'
- '#histogram 153 298'
- '#histogram 154 309'
- '#histogram 155 272'
- '#histogram 156 275'
- '#histogram 157 268'
- '#histogram 158 254'
- '#histogram 159 290'
- '#histogram 160 271'
- '#histogram 161 281'
- '#histogram 162 257'
- '#histogram 163 245'
- '#histogram 164 233'
- '#histogram 165 259'
- '#histogram 166 246'
- '#histogram 167 263'
- '#histogram 168 254'
- '#histogram 169 227'
- '#histogram 170 221'
- '#histogram 171 230'
- '#histogram 172 215'
- '#histogram 173 218'
- '#histogram 174 177'
- '#histogram 175 220'
- '#histogram 176 196'
- '#histogram 177 218'
- '#histogram 178 224'
- '#histogram 179 232'
- '#histogram 180 197'
- '#histogram 181 185'
- '#histogram 182 176'
- '#histogram 183 195'
- '#histogram 184 189'
- '#histogram 185 195'
- '#histogram 186 171'
- '#histogram 187 168'
- '#histogram 188 166'
- '#histogram 189 169'
- '#histogram 190 188'
- '#histogram 191 183'
- '#histogram 192 153'
- '#histogram 193 178'
- '#histogram 194 124'
- '#histogram 195 147'
- '#histogram 196 158'
- '#histogram 197 150'
- '#histogram 198 143'
- '#histogram 199 119'
- '#histogram 200 147'
- '#histogram 201 151'
- '#histogram 202 154'
- '#histogram 203 148'
- '#histogram 204 135'
- '#histogram 205 122'
- '#histogram 206 114'
- '#histogram 207 115'
- '#histogram 208 124'
- '#histogram 209 135'
- '#histogram 210 142'
- '#histogram 211 122'
- '#histogram 212 114'
- '#histogram 213 135'
- '#histogram 214 108'
- '#histogram 215 97'
- '#histogram 216 113'
- '#histogram 217 107'
- '#histogram 218 110'
- '#histogram 219 99'
- '#histogram 220 107'
- '#histogram 221 112'
- '#histogram 222 84'
- '#histogram 223 101'
- '#histogram 224 96'
- '#histogram 225 81'
- '#histogram 226 85'
- '#histogram 227 85'
- '#histogram 228 87'
- '#histogram 229 69'
- '#histogram 230 69'
- '#histogram 231 85'
- '#histogram 232 79'
- '#histogram 233 72'
- '#histogram 234 79'
- '#histogram 235 91'
- '#histogram 236 62'
- '#histogram 237 67'
- '#histogram 238 61'
- '#histogram 239 82'
- '#histogram 240 66'
- '#histogram 241 62'
- '#histogram 242 68'
- '#histogram 243 72'
- '#histogram 244 63'
- '#histogram 245 57'
- '#histogram 246 70'
- '#histogram 247 74'
- '#histogram 248 69'
- '#histogram 249 71'
- '#histogram 250 66'
- '#histogram 251 77'
- '#histogram 252 72'
- '#histogram 253 66'
- '#histogram 254 61'
- '#histogram 255 65'
- '#histogram 256 55'
- '#histogram 257 51'
- '#histogram 258 60'
- '#histogram 259 45'
- '#histogram 260 41'
- '#histogram 261 49'
- '#histogram 262 47'
- '#histogram 263 44'
- '#histogram 264 42'
- '#histogram 265 39'
- '#histogram 266 51'
- '#histogram 267 56'
- '#histogram 268 36'
- '#histogram 269 43'
- '#histogram 270 46'
- '#histogram 271 49'
- '#histogram 272 52'
- '#histogram 273 50'
- '#histogram 274 38'
- '#histogram 275 45'
- '#histogram 276 41'
- '#histogram 277 31'
- '#histogram 278 34'
- '#histogram 279 32'
- '#histogram 280 50'
- '#histogram 281 49'
- '#histogram 282 37'
- '#histogram 283 43'
- '#histogram 284 35'
- '#histogram 285 29'
- '#histogram 286 29'
- '#histogram 287 51'
- '#histogram 288 43'
- '#histogram 289 40'
- '#histogram 290 28'
- '#histogram 291 34'
- '#histogram 292 35'
- '#histogram 293 37'
- '#histogram 294 35'
- '#histogram 295 40'
- '#histogram 296 21'
- '#histogram 297 38'
- '#histogram 298 34'
- '#histogram 299 34'
- '#histogram 300 32'
- '#histogram 301 34'
- '#histogram 302 30'
- '#histogram 303 31'
- '#histogram 304 45'
- '#histogram 305 36'
- '#histogram 306 17'
- '#histogram 307 21'
- '#histogram 308 32'
- '#histogram 309 20'
- '#histogram 310 24'
- '#histogram 311 24'
- '#histogram 312 26'
- '#histogram 313 21'
- '#histogram 314 32'
- '#histogram 315 28'
- '#histogram 316 19'
- '#histogram 317 43'
- '#histogram 318 26'
- '#histogram 319 35'
- '#histogram 320 35'
- '#histogram 321 21'
- '#histogram 322 26'
- '#histogram 323 21'
- '#histogram 324 13'
- '#histogram 325 17'
- '#histogram 326 26'
- '#histogram 327 16'
- '#histogram 328 23'
- '#histogram 329 17'
- '#histogram 330 20'
- '#histogram 331 15'
- '#histogram 332 24'
- '#histogram 333 24'
- '#histogram 334 25'
- '#histogram 335 27'
- '#histogram 336 27'
- '#histogram 337 18'
- '#histogram 338 22'
- '#histogram 339 17'
- '#histogram 340 24'
- '#histogram 341 21'
- '#histogram 342 36'
- '#histogram 343 16'
- '#histogram 344 23'
- '#histogram 345 25'
- '#histogram 346 24'
- '#histogram 347 22'
- '#histogram 348 23'
- '#histogram 349 22'
- '#histogram 350 13'
- '#histogram 351 16'
- '#histogram 352 25'
- '#histogram 353 22'
- '#histogram 354 19'
- '#histogram 355 20'
- '#histogram 356 27'
- '#histogram 357 21'
- '#histogram 358 25'
- '#histogram 359 20'
- '#histogram 360 14'
- '#histogram 361 15'
- '#histogram 362 13'
- '#histogram 363 18'
- '#histogram 364 20'
- '#histogram 365 17'
- '#histogram 366 19'
- '#histogram 367 17'
- '#histogram 368 20'
- '#histogram 369 25'
- '#histogram 370 13'
- '#histogram 371 23'
- '#histogram 372 22'
- '#histogram 373 13'
- '#histogram 374 16'
- '#histogram 375 17'
- '#histogram 376 18'
- '#histogram 377 19'
- '#histogram 378 18'
- '#histogram 379 12'
- '#histogram 380 18'
- '#histogram 381 20'
- '#histogram 382 18'
- '#histogram 383 23'
- '#histogram 384 15'
- '#histogram 385 14'
- '#histogram 386 23'
- '#histogram 387 21'
- '#histogram 388 12'
- '#histogram 389 19'
- '#histogram 390 24'
- '#histogram 391 15'
- '#histogram 392 18'
- '#histogram 393 23'
- '#histogram 394 18'
- '#histogram 395 16'
- '#histogram 396 21'
- '#histogram 397 16'
- '#histogram 398 17'
- '#histogram 399 18'
- '#histogram 400 20'
- '#histogram 401 11'
- '#histogram 402 10'
- '#histogram 403 14'
- '#histogram 404 12'
- '#histogram 405 17'
- '#histogram 406 19'
- '#histogram 407 19'
- '#histogram 408 8'
- '#histogram 409 14'
- '#histogram 410 14'
- '#histogram 411 17'
- '#histogram 412 24'
- '#histogram 413 19'
- '#histogram 414 15'
- '#histogram 415 14'
- '#histogram 416 21'
- '#histogram 417 15'
- '#histogram 418 7'
- '#histogram 419 13'
- '#histogram 420 24'
- '#histogram 421 13'
- '#histogram 422 12'
- '#histogram 423 12'
- '#histogram 424 20'
- '#histogram 425 14'
- '#histogram 426 18'
- '#histogram 427 25'
- '#histogram 428 14'
- '#histogram 429 17'
- '#histogram 430 14'
- '#histogram 431 6'
- '#histogram 432 7'
- '#histogram 433 14'
- '#histogram 434 25'
- '#histogram 435 17'
- '#histogram 436 8'
- '#histogram 437 20'
- '#histogram 438 14'
- '#histogram 439 21'
- '#histogram 440 8'
- '#histogram 441 13'
- '#histogram 442 13'
- '#histogram 443 22'
- '#histogram 444 16'
- '#histogram 445 12'
- '#histogram 446 29'
- '#histogram 447 13'
- '#histogram 448 22'
- '#histogram 449 15'
- '#histogram 450 11'
- '#histogram 451 18'
- '#histogram 452 8'
- '#histogram 453 16'
- '#histogram 454 12'
- '#histogram 455 13'
- '#histogram 456 6'
- '#histogram 457 12'
- '#histogram 458 12'
- '#histogram 459 17'
- '#histogram 460 15'
- '#histogram 461 9'
- '#histogram 462 14'
- '#histogram 463 12'
- '#histogram 464 19'
- '#histogram 465 13'
- '#histogram 466 11'
- '#histogram 467 12'
- '#histogram 468 12'
- '#histogram 469 17'
- '#histogram 470 10'
- '#histogram 471 17'
- '#histogram 472 10'
- '#histogram 473 11'
- '#histogram 474 11'
- '#histogram 475 17'
- '#histogram 476 18'
- '#histogram 477 19'
- '#histogram 478 19'
- '#histogram 479 14'
- '#histogram 480 13'
- '#histogram 481 26'
- '#histogram 482 16'
- '#histogram 483 14'
- '#histogram 484 12'
- '#histogram 485 17'
- '#histogram 486 17'
- '#histogram 487 11'
- '#histogram 488 23'
- '#histogram 489 10'
- '#histogram 490 7'
- '#histogram 491 12'
- '#histogram 492 11'
- '#histogram 493 12'
- '#histogram 494 14'
- '#histogram 495 13'
- '#histogram 496 18'
- '#histogram 497 17'
- '#histogram 498 12'
- '#histogram 499 15'
- '#histogram 500 10'
- '#histogram 501 12'
- '#histogram 502 17'
- '#histogram 503 12'
- '#histogram 504 18'
- '#histogram 505 17'
- '#histogram 506 7'
- '#histogram 507 18'
- '#histogram 508 15'
- '#histogram 509 13'
- '#histogram 510 7'
- '#histogram 511 9'
- '#histogram 512 14'
- '#histogram 513 11'
- '#histogram 514 7'
- '#histogram 515 13'
- '#histogram 516 12'
- '#histogram 517 12'
- '#histogram 518 18'
- '#histogram 519 7'
- '#histogram 520 10'
- '#histogram 521 14'
- '#histogram 522 11'
- '#histogram 523 20'
- '#histogram 524 7'
- '#histogram 525 12'
- '#histogram 526 14'
- '#histogram 527 18'
- '#histogram 528 16'
- '#histogram 529 14'
- '#histogram 530 15'
- '#histogram 531 17'
- '#histogram 532 12'
- '#histogram 533 10'
- '#histogram 534 9'
- '#histogram 535 13'
- '#histogram 536 20'
- '#histogram 537 12'
- '#histogram 538 13'
- '#histogram 539 12'
- '#histogram 540 14'
- '#histogram 541 15'
- '#histogram 542 6'
- '#histogram 543 7'
- '#histogram 544 15'
- '#histogram 545 9'
- '#histogram 546 11'
- '#histogram 547 7'
- '#histogram 548 10'
- '#histogram 549 9'
- '#histogram 550 9'
- '#histogram 551 9'
- '#histogram 552 11'
- '#histogram 553 6'
- '#histogram 554 15'
- '#histogram 555 10'
- '#histogram 556 2'
- '#histogram 557 10'
- '#histogram 558 7'
- '#histogram 559 13'
- '#histogram 560 12'
- '#histogram 561 15'
- '#histogram 562 8'
- '#histogram 563 15'
- '#histogram 564 6'
- '#histogram 565 8'
- '#histogram 566 6'
- '#histogram 567 8'
- '#histogram 568 9'
- '#histogram 569 17'
- '#histogram 570 7'
- '#histogram 571 8'
- '#histogram 572 18'
- '#histogram 573 10'
- '#histogram 574 10'
- '#histogram 575 14'
- '#histogram 576 12'
- '#histogram 577 11'
- '#histogram 578 7'
- '#histogram 579 8'
- '#histogram 580 9'
- '#histogram 581 11'
- '#histogram 582 10'
- '#histogram 583 8'
- '#histogram 584 14'
- '#histogram 585 9'
- '#histogram 586 11'
- '#histogram 587 8'
- '#histogram 588 9'
- '#histogram 589 10'
- '#histogram 590 13'
- '#histogram 591 13'
- '#histogram 592 9'
- '#histogram 593 11'
- '#histogram 594 11'
- '#histogram 595 8'
- '#histogram 596 6'
- '#histogram 597 11'
- '#histogram 598 8'
- '#histogram 599 13'
- '#histogram 600 13'
- '#histogram 601 7'
- '#histogram 602 7'
- '#histogram 603 11'
- '#histogram 604 7'
- '#histogram 605 7'
- '#histogram 606 5'
- '#histogram 607 7'
- '#histogram 608 12'
- '#histogram 609 4'
- '#histogram 610 7'
- '#histogram 611 10'
- '#histogram 612 7'
- '#histogram 613 2'
- '#histogram 614 8'
- '#histogram 615 9'
- '#histogram 616 8'
- '#histogram 617 6'
- '#histogram 618 11'
- '#histogram 619 7'
- '#histogram 620 10'
- '#histogram 621 9'
- '#histogram 622 7'
- '#histogram 623 12'
- '#histogram 624 13'
- '#histogram 625 7'
- '#histogram 626 6'
- '#histogram 627 5'
- '#histogram 628 12'
- '#histogram 629 10'
- '#histogram 630 14'
- '#histogram 631 10'
- '#histogram 632 5'
- '#histogram 633 5'
- '#histogram 634 6'
- '#histogram 635 9'
- '#histogram 636 7'
- '#histogram 637 5'
- '#histogram 638 7'
- '#histogram 639 4'
- '#histogram 640 6'
- '#histogram 641 2'
- '#histogram 642 11'
- '#histogram 643 10'
- '#histogram 644 7'
- '#histogram 645 7'
- '#histogram 646 3'
- '#histogram 647 5'
- '#histogram 648 6'
- '#histogram 649 5'
- '#histogram 650 10'
- '#histogram 651 12'
- '#histogram 652 11'
- '#histogram 653 11'
- '#histogram 654 4'
- '#histogram 655 8'
- '#histogram 656 11'
- '#histogram 657 9'
- '#histogram 658 8'
- '#histogram 659 4'
- '#histogram 660 5'
- '#histogram 661 6'
- '#histogram 662 7'
- '#histogram 663 6'
- '#histogram 664 4'
- '#histogram 665 9'
- '#histogram 666 11'
- '#histogram 667 5'
- '#histogram 668 9'
- '#histogram 669 6'
- '#histogram 670 6'
- '#histogram 671 9'
- '#histogram 672 8'
- '#histogram 673 5'
- '#histogram 674 9'
- '#histogram 675 13'
- '#histogram 676 8'
- '#histogram 677 9'
- '#histogram 678 7'
- '#histogram 679 9'
- '#histogram 680 6'
- '#histogram 681 6'
- '#histogram 682 4'
- '#histogram 683 5'
- '#histogram 684 7'
- '#histogram 685 11'
- '#histogram 686 7'
- '#histogram 687 11'
- '#histogram 688 5'
- '#histogram 689 10'
- '#histogram 690 6'
- '#histogram 691 10'
- '#histogram 692 10'
- '#histogram 693 6'
- '#histogram 694 7'
- '#histogram 695 4'
- '#histogram 696 7'
- '#histogram 697 7'
- '#histogram 698 5'
- '#histogram 699 8'
- '#histogram 700 6'
- '#histogram 701 3'
- '#histogram 702 5'
- '#histogram 703 9'
- '#histogram 704 5'
- '#histogram 705 7'
- '#histogram 706 4'
- '#histogram 707 2'
- '#histogram 708 10'
- '#histogram 709 7'
- '#histogram 710 10'
- '#histogram 711 5'
- '#histogram 712 7'
- '#histogram 713 7'
- '#histogram 714 8'
- '#histogram 715 9'
- '#histogram 716 6'
- '#histogram 717 4'
- '#histogram 718 11'
- '#histogram 719 3'
- '#histogram 720 7'
- '#histogram 721 5'
- '#histogram 722 11'
- '#histogram 723 7'
- '#histogram 724 12'
- '#histogram 725 3'
- '#histogram 726 6'
- '#histogram 727 6'
- '#histogram 728 5'
- '#histogram 729 5'
- '#histogram 730 4'
- '#histogram 731 3'
- '#histogram 732 5'
- '#histogram 733 5'
- '#histogram 734 7'
- '#histogram 735 6'
- '#histogram 736 3'
- '#histogram 737 3'
- '#histogram 738 6'
- '#histogram 739 10'
- '#histogram 740 1'
- '#histogram 741 5'
- '#histogram 742 5'
- '#histogram 743 2'
- '#histogram 744 10'
- '#histogram 745 7'
- '#histogram 746 6'
- '#histogram 747 8'
- '#histogram 748 7'
- '#histogram 749 3'
- '#histogram 750 5'
- '#histogram 751 4'
- '#histogram 752 5'
- '#histogram 753 4'
- '#histogram 754 3'
- '#histogram 755 5'
- '#histogram 756 6'
- '#histogram 757 2'
- '#histogram 758 6'
- '#histogram 759 5'
- '#histogram 760 6'
- '#histogram 761 4'
- '#histogram 762 2'
- '#histogram 763 8'
- '#histogram 764 3'
- '#histogram 765 6'
- '#histogram 766 5'
- '#histogram 767 3'
- '#histogram 768 5'
- '#histogram 769 3'
- '#histogram 770 4'
- '#histogram 771 3'
- '#histogram 772 2'
- '#histogram 773 4'
- '#histogram 774 8'
- '#histogram 775 6'
- '#histogram 776 6'
- '#histogram 777 6'
- '#histogram 778 1'
- '#histogram 779 4'
- '#histogram 780 2'
- '#histogram 781 6'
- '#histogram 782 8'
- '#histogram 783 2'
- '#histogram 784 2'
- '#histogram 785 8'
- '#histogram 786 2'
- '#histogram 787 7'
- '#histogram 788 2'
- '#histogram 789 4'
- '#histogram 790 2'
- '#histogram 792 6'
- '#histogram 793 6'
- '#histogram 794 4'
- '#histogram 795 4'
- '#histogram 796 2'
- '#histogram 797 6'
- '#histogram 798 3'
- '#histogram 799 9'
- '#histogram 800 3'
- '#histogram 801 1'
- '#histogram 803 2'
- '#histogram 804 5'
- '#histogram 805 3'
- '#histogram 806 5'
- '#histogram 807 3'
- '#histogram 809 10'
- '#histogram 810 1'
- '#histogram 811 1'
- '#histogram 812 6'
- '#histogram 813 4'
- '#histogram 815 2'
- '#histogram 816 4'
- '#histogram 817 3'
- '#histogram 818 3'
- '#histogram 819 4'
- '#histogram 820 3'
- '#histogram 821 4'
- '#histogram 822 4'
- '#histogram 824 8'
- '#histogram 825 9'
- '#histogram 826 1'
- '#histogram 827 7'
- '#histogram 828 3'
- '#histogram 829 6'
- '#histogram 830 3'
- '#histogram 831 1'
- '#histogram 832 2'
- '#histogram 833 3'
- '#histogram 834 4'
- '#histogram 835 5'
- '#histogram 836 6'
- '#histogram 837 3'
- '#histogram 839 4'
- '#histogram 840 6'
- '#histogram 841 5'
- '#histogram 842 2'
- '#histogram 843 3'
- '#histogram 844 1'
- '#histogram 845 3'
- '#histogram 846 5'
- '#histogram 847 7'
- '#histogram 848 3'
- '#histogram 849 4'
- '#histogram 850 2'
- '#histogram 851 2'
- '#histogram 852 5'
- '#histogram 853 2'
- '#histogram 854 2'
- '#histogram 855 5'
- '#histogram 856 1'
- '#histogram 857 2'
- '#histogram 858 2'
- '#histogram 859 2'
- '#histogram 860 2'
- '#histogram 861 2'
- '#histogram 862 2'
- '#histogram 863 1'
- '#histogram 864 4'
- '#histogram 865 1'
- '#histogram 866 3'
- '#histogram 867 3'
- '#histogram 868 4'
- '#histogram 869 3'
- '#histogram 870 6'
- '#histogram 872 3'
- '#histogram 873 4'
- '#histogram 874 4'
- '#histogram 875 3'
- '#histogram 876 1'
- '#histogram 877 1'
- '#histogram 878 2'
- '#histogram 879 5'
- '#histogram 881 6'
- '#histogram 882 5'
- '#histogram 883 4'
- '#histogram 884 6'
- '#histogram 885 1'
- '#histogram 886 2'
- '#histogram 887 2'
- '#histogram 888 5'
- '#histogram 890 2'
- '#histogram 891 2'
- '#histogram 892 2'
- '#histogram 893 4'
- '#histogram 894 4'
- '#histogram 895 4'
- '#histogram 896 2'
- '#histogram 897 3'
- '#histogram 898 2'
- '#histogram 899 4'
- '#histogram 900 2'
- '#histogram 901 2'
- '#histogram 902 4'
- '#histogram 903 1'
- '#histogram 904 5'
- '#histogram 906 2'
- '#histogram 907 3'
- '#histogram 908 4'
- '#histogram 910 1'
- '#histogram 911 1'
- '#histogram 912 2'
- '#histogram 913 8'
- '#histogram 914 3'
- '#histogram 915 2'
- '#histogram 916 1'
- '#histogram 917 3'
- '#histogram 918 3'
- '#histogram 920 7'
- '#histogram 921 2'
- '#histogram 923 4'
- '#histogram 924 3'
- '#histogram 926 4'
- '#histogram 927 2'
- '#histogram 928 2'
- '#histogram 929 2'
- '#histogram 930 2'
- '#histogram 931 4'
- '#histogram 932 2'
- '#histogram 933 2'
- '#histogram 934 7'
- '#histogram 935 2'
- '#histogram 936 2'
- '#histogram 938 4'
- '#histogram 939 1'
- '#histogram 940 4'
- '#histogram 941 3'
- '#histogram 942 2'
- '#histogram 943 2'
- '#histogram 944 2'
- '#histogram 945 2'
- '#histogram 947 2'
- '#histogram 948 3'
- '#histogram 949 1'
- '#histogram 950 3'
- '#histogram 951 3'
- '#histogram 952 4'
- '#histogram 953 2'
- '#histogram 954 1'
- '#histogram 955 2'
- '#histogram 956 2'
- '#histogram 957 4'
- '#histogram 958 2'
- '#histogram 959 3'
- '#histogram 960 2'
- '#histogram 961 2'
- '#histogram 963 1'
- '#histogram 964 1'
- '#histogram 965 4'
- '#histogram 966 3'
- '#histogram 967 4'
- '#histogram 970 2'
- '#histogram 972 2'
- '#histogram 974 3'
- '#histogram 975 2'
- '#histogram 976 2'
- '#histogram 977 2'
- '#histogram 978 1'
- '#histogram 979 1'
- '#histogram 981 3'
- '#histogram 982 1'
- '#histogram 983 1'
- '#histogram 984 2'
- '#histogram 985 2'
- '#histogram 986 3'
- '#histogram 987 1'
- '#histogram 988 1'
- '#histogram 989 1'
- '#histogram 990 3'
- '#histogram 991 2'
- '#histogram 993 1'
- '#histogram 994 1'
- '#histogram 996 2'
- '#histogram 997 3'
- '#histogram 998 1'
- '#histogram 1000 2'
- '#histogram 1001 3'
- '#histogram 1003 2'
- '#histogram 1004 2'
- '#histogram 1005 1'
- '#histogram 1008 1'
- '#histogram 1009 2'
- '#histogram 1012 1'
- '#histogram 1015 3'
- '#histogram 1017 1'
- '#histogram 1018 4'
- '#histogram 1020 1'
- '#histogram 1021 3'
- '#histogram 1022 1'
- '#histogram 1026 1'
- '#histogram 1028 1'
- '#histogram 1030 1'
- '#histogram 1031 6'
- '#histogram 1033 1'
- '#histogram 1035 1'
- '#histogram 1036 1'
- '#histogram 1037 3'
- '#histogram 1040 1'
- '#histogram 1042 3'
- '#histogram 1043 2'
- '#histogram 1045 2'
- '#histogram 1047 2'
- '#histogram 1050 2'
- '#histogram 1052 1'
- '#histogram 1055 2'
- '#histogram 1056 2'
- '#histogram 1059 1'
- '#histogram 1060 2'
- '#histogram 1062 1'
- '#histogram 1063 1'
- '#histogram 1064 1'
- '#histogram 1065 1'
- '#histogram 1068 2'
- '#histogram 1069 2'
- '#histogram 1070 1'
- '#histogram 1072 1'
- '#histogram 1073 1'
- '#histogram 1074 3'
- '#histogram 1076 2'
- '#histogram 1078 2'
- '#histogram 1079 1'
- '#histogram 1081 2'
- '#histogram 1082 2'
- '#histogram 1083 2'
- '#histogram 1084 1'
- '#histogram 1087 2'
- '#histogram 1088 1'
- '#histogram 1089 1'
- '#histogram 1090 2'
- '#histogram 1091 1'
- '#histogram 1093 1'
- '#histogram 1100 1'
- '#histogram 1101 1'
- '#histogram 1102 1'
- '#histogram 1103 1'
- '#histogram 1104 1'
- '#histogram 1105 1'
- '#histogram 1110 1'
- '#histogram 1112 1'
- '#histogram 1113 1'
- '#histogram 1119 1'
- '#histogram 1121 1'
- '#histogram 1123 1'
- '#histogram 1124 2'
- '#histogram 1125 1'
- '#histogram 1133 1'
- '#histogram 1134 1'
- '#histogram 1136 1'
- '#histogram 1139 1'
- '#histogram 1141 1'
- '#histogram 1146 1'
- '#histogram 1147 1'
- '#histogram 1148 1'
- '#histogram 1151 1'
- '#histogram 1155 1'
- '#histogram 1160 1'
- '#histogram 1162 1'
- '#histogram 1172 2'
- '#histogram 1173 1'
- '#histogram 1197 1'
- '#histogram 1223 1'
- '#histogram 1262 1'
- '#histogram 1436 1'
- '#histogram 1450 1'
- '#histogram 1681 1'
- '#histogram 1730 1'
- ''
