code: 0
data:
  avg_latency: 0.070428
  histogram:
  - - 0
    - 0
  - - 1
    - 120
  - - 2
    - 412
  - - 3
    - 580
  - - 4
    - 676
  - - 5
    - 745
  - - 6
    - 772
  - - 7
    - 814
  - - 8
    - 889
  - - 9
    - 879
  - - 10
    - 874
  - - 11
    - 904
  - - 12
    - 942
  - - 13
    - 1015
  - - 14
    - 1049
  - - 15
    - 1060
  - - 16
    - 1048
  - - 17
    - 1140
  - - 18
    - 1140
  - - 19
    - 1169
  - - 20
    - 1186
  - - 21
    - 1361
  - - 22
    - 1294
  - - 23
    - 1342
  - - 24
    - 1407
  - - 25
    - 1409
  - - 26
    - 1474
  - - 27
    - 1413
  - - 28
    - 1494
  - - 29
    - 1561
  - - 30
    - 1473
  - - 31
    - 1638
  - - 32
    - 1628
  - - 33
    - 1710
  - - 34
    - 1695
  - - 35
    - 1718
  - - 36
    - 1641
  - - 37
    - 1786
  - - 38
    - 1713
  - - 39
    - 1740
  - - 40
    - 1792
  - - 41
    - 1829
  - - 42
    - 1780
  - - 43
    - 1829
  - - 44
    - 1854
  - - 45
    - 1808
  - - 46
    - 1885
  - - 47
    - 1842
  - - 48
    - 1886
  - - 49
    - 1819
  - - 50
    - 1804
  - - 51
    - 1899
  - - 52
    - 1844
  - - 53
    - 1768
  - - 54
    - 1795
  - - 55
    - 1857
  - - 56
    - 1847
  - - 57
    - 1848
  - - 58
    - 1863
  - - 59
    - 1677
  - - 60
    - 1775
  - - 61
    - 1689
  - - 62
    - 1792
  - - 63
    - 1672
  - - 64
    - 1726
  - - 65
    - 1623
  - - 66
    - 1683
  - - 67
    - 1667
  - - 68
    - 1543
  - - 69
    - 1538
  - - 70
    - 1538
  - - 71
    - 1553
  - - 72
    - 1469
  - - 73
    - 1617
  - - 74
    - 1474
  - - 75
    - 1423
  - - 76
    - 1332
  - - 77
    - 1426
  - - 78
    - 1391
  - - 79
    - 1268
  - - 80
    - 1251
  - - 81
    - 1258
  - - 82
    - 1261
  - - 83
    - 1157
  - - 84
    - 1141
  - - 85
    - 1137
  - - 86
    - 1170
  - - 87
    - 1144
  - - 88
    - 1039
  - - 89
    - 1067
  - - 90
    - 1110
  - - 91
    - 999
  - - 92
    - 1090
  - - 93
    - 996
  - - 94
    - 1006
  - - 95
    - 957
  - - 96
    - 948
  - - 97
    - 912
  - - 98
    - 935
  - - 99
    - 853
  - - 100
    - 819
  - - 101
    - 792
  - - 102
    - 745
  - - 103
    - 741
  - - 104
    - 757
  - - 105
    - 696
  - - 106
    - 684
  - - 107
    - 689
  - - 108
    - 679
  - - 109
    - 671
  - - 110
    - 619
  - - 111
    - 625
  - - 112
    - 594
  - - 113
    - 616
  - - 114
    - 530
  - - 115
    - 582
  - - 116
    - 562
  - - 117
    - 511
  - - 118
    - 503
  - - 119
    - 513
  - - 120
    - 532
  - - 121
    - 455
  - - 122
    - 471
  - - 123
    - 460
  - - 124
    - 440
  - - 125
    - 425
  - - 126
    - 440
  - - 127
    - 403
  - - 128
    - 392
  - - 129
    - 419
  - - 130
    - 366
  - - 131
    - 337
  - - 132
    - 356
  - - 133
    - 323
  - - 134
    - 403
  - - 135
    - 396
  - - 136
    - 354
  - - 137
    - 322
  - - 138
    - 305
  - - 139
    - 285
  - - 140
    - 305
  - - 141
    - 271
  - - 142
    - 281
  - - 143
    - 259
  - - 144
    - 277
  - - 145
    - 294
  - - 146
    - 215
  - - 147
    - 233
  - - 148
    - 251
  - - 149
    - 271
  - - 150
    - 228
  - - 151
    - 218
  - - 152
    - 194
  - - 153
    - 221
  - - 154
    - 191
  - - 155
    - 208
  - - 156
    - 224
  - - 157
    - 203
  - - 158
    - 192
  - - 159
    - 191
  - - 160
    - 184
  - - 161
    - 164
  - - 162
    - 176
  - - 163
    - 173
  - - 164
    - 124
  - - 165
    - 168
  - - 166
    - 152
  - - 167
    - 144
  - - 168
    - 137
  - - 169
    - 143
  - - 170
    - 168
  - - 171
    - 118
  - - 172
    - 135
  - - 173
    - 172
  - - 174
    - 135
  - - 175
    - 107
  - - 176
    - 122
  - - 177
    - 110
  - - 178
    - 118
  - - 179
    - 103
  - - 180
    - 92
  - - 181
    - 106
  - - 182
    - 111
  - - 183
    - 123
  - - 184
    - 88
  - - 185
    - 77
  - - 186
    - 84
  - - 187
    - 86
  - - 188
    - 98
  - - 189
    - 96
  - - 190
    - 90
  - - 191
    - 75
  - - 192
    - 77
  - - 193
    - 82
  - - 194
    - 71
  - - 195
    - 94
  - - 196
    - 79
  - - 197
    - 72
  - - 198
    - 74
  - - 199
    - 79
  - - 200
    - 73
  - - 201
    - 79
  - - 202
    - 69
  - - 203
    - 58
  - - 204
    - 70
  - - 205
    - 79
  - - 206
    - 48
  - - 207
    - 59
  - - 208
    - 62
  - - 209
    - 55
  - - 210
    - 54
  - - 211
    - 54
  - - 212
    - 54
  - - 213
    - 46
  - - 214
    - 42
  - - 215
    - 47
  - - 216
    - 50
  - - 217
    - 48
  - - 218
    - 35
  - - 219
    - 41
  - - 220
    - 58
  - - 221
    - 47
  - - 222
    - 34
  - - 223
    - 34
  - - 224
    - 45
  - - 225
    - 54
  - - 226
    - 34
  - - 227
    - 35
  - - 228
    - 37
  - - 229
    - 32
  - - 230
    - 44
  - - 231
    - 34
  - - 232
    - 40
  - - 233
    - 43
  - - 234
    - 38
  - - 235
    - 32
  - - 236
    - 33
  - - 237
    - 32
  - - 238
    - 33
  - - 239
    - 30
  - - 240
    - 33
  - - 241
    - 28
  - - 242
    - 30
  - - 243
    - 19
  - - 244
    - 26
  - - 245
    - 26
  - - 246
    - 27
  - - 247
    - 26
  - - 248
    - 28
  - - 249
    - 28
  - - 250
    - 28
  - - 251
    - 23
  - - 252
    - 26
  - - 253
    - 22
  - - 254
    - 29
  - - 255
    - 30
  - - 256
    - 32
  - - 257
    - 27
  - - 258
    - 32
  - - 259
    - 30
  - - 260
    - 27
  - - 261
    - 22
  - - 262
    - 18
  - - 263
    - 15
  - - 264
    - 31
  - - 265
    - 12
  - - 266
    - 23
  - - 267
    - 16
  - - 268
    - 15
  - - 269
    - 20
  - - 270
    - 25
  - - 271
    - 19
  - - 272
    - 19
  - - 273
    - 13
  - - 274
    - 15
  - - 275
    - 19
  - - 276
    - 27
  - - 277
    - 17
  - - 278
    - 19
  - - 279
    - 13
  - - 280
    - 25
  - - 281
    - 17
  - - 282
    - 12
  - - 283
    - 10
  - - 284
    - 15
  - - 285
    - 17
  - - 286
    - 15
  - - 287
    - 17
  - - 288
    - 12
  - - 289
    - 19
  - - 290
    - 13
  - - 291
    - 14
  - - 292
    - 13
  - - 293
    - 14
  - - 294
    - 10
  - - 295
    - 18
  - - 296
    - 14
  - - 297
    - 12
  - - 298
    - 16
  - - 299
    - 14
  - - 300
    - 17
  - - 301
    - 7
  - - 302
    - 14
  - - 303
    - 11
  - - 304
    - 16
  - - 305
    - 6
  - - 306
    - 12
  - - 307
    - 8
  - - 308
    - 7
  - - 309
    - 11
  - - 310
    - 4
  - - 311
    - 13
  - - 312
    - 7
  - - 313
    - 10
  - - 314
    - 8
  - - 315
    - 10
  - - 316
    - 4
  - - 317
    - 6
  - - 318
    - 12
  - - 319
    - 6
  - - 320
    - 11
  - - 321
    - 5
  - - 322
    - 14
  - - 323
    - 7
  - - 324
    - 15
  - - 325
    - 7
  - - 326
    - 5
  - - 327
    - 9
  - - 328
    - 5
  - - 329
    - 5
  - - 330
    - 7
  - - 331
    - 6
  - - 332
    - 8
  - - 333
    - 7
  - - 334
    - 12
  - - 335
    - 2
  - - 337
    - 10
  - - 338
    - 4
  - - 339
    - 5
  - - 340
    - 2
  - - 341
    - 8
  - - 342
    - 7
  - - 343
    - 6
  - - 344
    - 2
  - - 345
    - 4
  - - 346
    - 5
  - - 347
    - 7
  - - 348
    - 1
  - - 349
    - 4
  - - 350
    - 5
  - - 351
    - 1
  - - 352
    - 4
  - - 353
    - 8
  - - 354
    - 5
  - - 355
    - 10
  - - 356
    - 4
  - - 357
    - 7
  - - 358
    - 4
  - - 359
    - 6
  - - 360
    - 4
  - - 361
    - 4
  - - 362
    - 1
  - - 363
    - 5
  - - 364
    - 6
  - - 365
    - 1
  - - 368
    - 6
  - - 369
    - 5
  - - 370
    - 6
  - - 371
    - 5
  - - 372
    - 5
  - - 373
    - 2
  - - 374
    - 7
  - - 375
    - 4
  - - 376
    - 6
  - - 377
    - 7
  - - 378
    - 4
  - - 379
    - 4
  - - 380
    - 2
  - - 381
    - 5
  - - 382
    - 5
  - - 383
    - 2
  - - 384
    - 2
  - - 385
    - 5
  - - 386
    - 3
  - - 387
    - 4
  - - 388
    - 3
  - - 389
    - 2
  - - 390
    - 5
  - - 391
    - 2
  - - 392
    - 3
  - - 393
    - 2
  - - 394
    - 3
  - - 395
    - 3
  - - 396
    - 1
  - - 397
    - 3
  - - 399
    - 2
  - - 400
    - 3
  - - 401
    - 2
  - - 402
    - 3
  - - 403
    - 2
  - - 404
    - 2
  - - 405
    - 3
  - - 406
    - 2
  - - 407
    - 5
  - - 408
    - 1
  - - 409
    - 2
  - - 410
    - 1
  - - 412
    - 3
  - - 413
    - 1
  - - 414
    - 2
  - - 415
    - 1
  - - 416
    - 1
  - - 417
    - 3
  - - 418
    - 2
  - - 419
    - 2
  - - 420
    - 2
  - - 421
    - 3
  - - 422
    - 1
  - - 423
    - 3
  - - 424
    - 2
  - - 425
    - 1
  - - 426
    - 3
  - - 427
    - 3
  - - 428
    - 1
  - - 429
    - 1
  - - 430
    - 1
  - - 431
    - 1
  - - 432
    - 1
  - - 434
    - 1
  - - 435
    - 3
  - - 439
    - 1
  - - 440
    - 2
  - - 441
    - 2
  - - 446
    - 1
  - - 447
    - 1
  - - 448
    - 2
  - - 449
    - 3
  - - 450
    - 1
  - - 452
    - 1
  - - 456
    - 2
  - - 458
    - 2
  - - 459
    - 1
  - - 461
    - 2
  - - 463
    - 1
  - - 465
    - 3
  - - 466
    - 1
  - - 470
    - 1
  - - 476
    - 1
  - - 486
    - 2
  - - 488
    - 1
  - - 491
    - 1
  - - 496
    - 1
  - - 503
    - 1
  - - 504
    - 1
  - - 507
    - 2
  - - 553
    - 1
  - - 586
    - 1
  - - 659
    - 1
  latency_50_percentile: 60.0
  latency_95_percentile: 159.0
  latency_99_5_percentile: 287.0
  latency_99_percentile: 247.0
  max_kubedns_cpu: 496
  max_kubedns_memory: 30
  max_latency: 0.659513
  max_perfserver_cpu: 0
  max_perfserver_memory: 0
  min_latency: 0.001084
  msg: null
  ok: true
  qps: 1415.166363
  queries_completed: 170017
  queries_lost: 0
  queries_sent: 170017
  run_time: 120.139232
  stddev_latency: 0.048841
params:
  max_qps: null
  pod_name: dns-perf-client-858fb7568b-7h292
  query_file: all-queries.txt
  run_id: 1777661893
  run_length_seconds: 120
  run_subid: 0
stderr:
- ''
stdout:
- DNS Performance Testing Tool
- Nominum Version 2.1.0.0
- ''
- '[Status] Command line: dnsperf -s 10.0.0.10 -l 120 -d /queries/all-queries.txt'
- '[Status] Sending queries (to 10.0.0.10)'
- '[Status] Started at: Fri May  1 18:58:45 2026'
- '[Status] Stopping after 120.000000 seconds'
- '[Status] Testing complete (time limit)'
- ''
- 'Statistics:'
- ''
- '  Queries sent:         170017'
- '  Queries completed:    170017 (100.00%)'
- '  Queries lost:         0 (0.00%)'
- ''
- '  Response codes:       NOERROR 20403 (12.00%), NXDOMAIN 149614 (88.00%)'
- '  Average packet size:  request 39, response 122'
- '  Run time (s):         120.139232'
- '  Queries per second:   1415.166363'
- ''
- '  Average Latency (s):  0.070428 (min 0.001084, max 0.659513)'
- '  Latency StdDev (s):   0.048841'
- ''
- '  Latency histogram'
- '#histogram 0 0'
- '#histogram 1 120'
- '#histogram 2 412'
- '#histogram 3 580'
- '#histogram 4 676'
- '#histogram 5 745'
- '#histogram 6 772'
- '#histogram 7 814'
- '#histogram 8 889'
- '#histogram 9 879'
- '#histogram 10 874'
- '#histogram 11 904'
- '#histogram 12 942'
- '#histogram 13 1015'
- '#histogram 14 1049'
- '#histogram 15 1060'
- '#histogram 16 1048'
- '#histogram 17 1140'
- '#histogram 18 1140'
- '#histogram 19 1169'
- '#histogram 20 1186'
- '#histogram 21 1361'
- '#histogram 22 1294'
- '#histogram 23 1342'
- '#histogram 24 1407'
- '#histogram 25 1409'
- '#histogram 26 1474'
- '#histogram 27 1413'
- '#histogram 28 1494'
- '#histogram 29 1561'
- '#histogram 30 1473'
- '#histogram 31 1638'
- '#histogram 32 1628'
- '#histogram 33 1710'
- '#histogram 34 1695'
- '#histogram 35 1718'
- '#histogram 36 1641'
- '#histogram 37 1786'
- '#histogram 38 1713'
- '#histogram 39 1740'
- '#histogram 40 1792'
- '#histogram 41 1829'
- '#histogram 42 1780'
- '#histogram 43 1829'
- '#histogram 44 1854'
- '#histogram 45 1808'
- '#histogram 46 1885'
- '#histogram 47 1842'
- '#histogram 48 1886'
- '#histogram 49 1819'
- '#histogram 50 1804'
- '#histogram 51 1899'
- '#histogram 52 1844'
- '#histogram 53 1768'
- '#histogram 54 1795'
- '#histogram 55 1857'
- '#histogram 56 1847'
- '#histogram 57 1848'
- '#histogram 58 1863'
- '#histogram 59 1677'
- '#histogram 60 1775'
- '#histogram 61 1689'
- '#histogram 62 1792'
- '#histogram 63 1672'
- '#histogram 64 1726'
- '#histogram 65 1623'
- '#histogram 66 1683'
- '#histogram 67 1667'
- '#histogram 68 1543'
- '#histogram 69 1538'
- '#histogram 70 1538'
- '#histogram 71 1553'
- '#histogram 72 1469'
- '#histogram 73 1617'
- '#histogram 74 1474'
- '#histogram 75 1423'
- '#histogram 76 1332'
- '#histogram 77 1426'
- '#histogram 78 1391'
- '#histogram 79 1268'
- '#histogram 80 1251'
- '#histogram 81 1258'
- '#histogram 82 1261'
- '#histogram 83 1157'
- '#histogram 84 1141'
- '#histogram 85 1137'
- '#histogram 86 1170'
- '#histogram 87 1144'
- '#histogram 88 1039'
- '#histogram 89 1067'
- '#histogram 90 1110'
- '#histogram 91 999'
- '#histogram 92 1090'
- '#histogram 93 996'
- '#histogram 94 1006'
- '#histogram 95 957'
- '#histogram 96 948'
- '#histogram 97 912'
- '#histogram 98 935'
- '#histogram 99 853'
- '#histogram 100 819'
- '#histogram 101 792'
- '#histogram 102 745'
- '#histogram 103 741'
- '#histogram 104 757'
- '#histogram 105 696'
- '#histogram 106 684'
- '#histogram 107 689'
- '#histogram 108 679'
- '#histogram 109 671'
- '#histogram 110 619'
- '#histogram 111 625'
- '#histogram 112 594'
- '#histogram 113 616'
- '#histogram 114 530'
- '#histogram 115 582'
- '#histogram 116 562'
- '#histogram 117 511'
- '#histogram 118 503'
- '#histogram 119 513'
- '#histogram 120 532'
- '#histogram 121 455'
- '#histogram 122 471'
- '#histogram 123 460'
- '#histogram 124 440'
- '#histogram 125 425'
- '#histogram 126 440'
- '#histogram 127 403'
- '#histogram 128 392'
- '#histogram 129 419'
- '#histogram 130 366'
- '#histogram 131 337'
- '#histogram 132 356'
- '#histogram 133 323'
- '#histogram 134 403'
- '#histogram 135 396'
- '#histogram 136 354'
- '#histogram 137 322'
- '#histogram 138 305'
- '#histogram 139 285'
- '#histogram 140 305'
- '#histogram 141 271'
- '#histogram 142 281'
- '#histogram 143 259'
- '#histogram 144 277'
- '#histogram 145 294'
- '#histogram 146 215'
- '#histogram 147 233'
- '#histogram 148 251'
- '#histogram 149 271'
- '#histogram 150 228'
- '#histogram 151 218'
- '#histogram 152 194'
- '#histogram 153 221'
- '#histogram 154 191'
- '#histogram 155 208'
- '#histogram 156 224'
- '#histogram 157 203'
- '#histogram 158 192'
- '#histogram 159 191'
- '#histogram 160 184'
- '#histogram 161 164'
- '#histogram 162 176'
- '#histogram 163 173'
- '#histogram 164 124'
- '#histogram 165 168'
- '#histogram 166 152'
- '#histogram 167 144'
- '#histogram 168 137'
- '#histogram 169 143'
- '#histogram 170 168'
- '#histogram 171 118'
- '#histogram 172 135'
- '#histogram 173 172'
- '#histogram 174 135'
- '#histogram 175 107'
- '#histogram 176 122'
- '#histogram 177 110'
- '#histogram 178 118'
- '#histogram 179 103'
- '#histogram 180 92'
- '#histogram 181 106'
- '#histogram 182 111'
- '#histogram 183 123'
- '#histogram 184 88'
- '#histogram 185 77'
- '#histogram 186 84'
- '#histogram 187 86'
- '#histogram 188 98'
- '#histogram 189 96'
- '#histogram 190 90'
- '#histogram 191 75'
- '#histogram 192 77'
- '#histogram 193 82'
- '#histogram 194 71'
- '#histogram 195 94'
- '#histogram 196 79'
- '#histogram 197 72'
- '#histogram 198 74'
- '#histogram 199 79'
- '#histogram 200 73'
- '#histogram 201 79'
- '#histogram 202 69'
- '#histogram 203 58'
- '#histogram 204 70'
- '#histogram 205 79'
- '#histogram 206 48'
- '#histogram 207 59'
- '#histogram 208 62'
- '#histogram 209 55'
- '#histogram 210 54'
- '#histogram 211 54'
- '#histogram 212 54'
- '#histogram 213 46'
- '#histogram 214 42'
- '#histogram 215 47'
- '#histogram 216 50'
- '#histogram 217 48'
- '#histogram 218 35'
- '#histogram 219 41'
- '#histogram 220 58'
- '#histogram 221 47'
- '#histogram 222 34'
- '#histogram 223 34'
- '#histogram 224 45'
- '#histogram 225 54'
- '#histogram 226 34'
- '#histogram 227 35'
- '#histogram 228 37'
- '#histogram 229 32'
- '#histogram 230 44'
- '#histogram 231 34'
- '#histogram 232 40'
- '#histogram 233 43'
- '#histogram 234 38'
- '#histogram 235 32'
- '#histogram 236 33'
- '#histogram 237 32'
- '#histogram 238 33'
- '#histogram 239 30'
- '#histogram 240 33'
- '#histogram 241 28'
- '#histogram 242 30'
- '#histogram 243 19'
- '#histogram 244 26'
- '#histogram 245 26'
- '#histogram 246 27'
- '#histogram 247 26'
- '#histogram 248 28'
- '#histogram 249 28'
- '#histogram 250 28'
- '#histogram 251 23'
- '#histogram 252 26'
- '#histogram 253 22'
- '#histogram 254 29'
- '#histogram 255 30'
- '#histogram 256 32'
- '#histogram 257 27'
- '#histogram 258 32'
- '#histogram 259 30'
- '#histogram 260 27'
- '#histogram 261 22'
- '#histogram 262 18'
- '#histogram 263 15'
- '#histogram 264 31'
- '#histogram 265 12'
- '#histogram 266 23'
- '#histogram 267 16'
- '#histogram 268 15'
- '#histogram 269 20'
- '#histogram 270 25'
- '#histogram 271 19'
- '#histogram 272 19'
- '#histogram 273 13'
- '#histogram 274 15'
- '#histogram 275 19'
- '#histogram 276 27'
- '#histogram 277 17'
- '#histogram 278 19'
- '#histogram 279 13'
- '#histogram 280 25'
- '#histogram 281 17'
- '#histogram 282 12'
- '#histogram 283 10'
- '#histogram 284 15'
- '#histogram 285 17'
- '#histogram 286 15'
- '#histogram 287 17'
- '#histogram 288 12'
- '#histogram 289 19'
- '#histogram 290 13'
- '#histogram 291 14'
- '#histogram 292 13'
- '#histogram 293 14'
- '#histogram 294 10'
- '#histogram 295 18'
- '#histogram 296 14'
- '#histogram 297 12'
- '#histogram 298 16'
- '#histogram 299 14'
- '#histogram 300 17'
- '#histogram 301 7'
- '#histogram 302 14'
- '#histogram 303 11'
- '#histogram 304 16'
- '#histogram 305 6'
- '#histogram 306 12'
- '#histogram 307 8'
- '#histogram 308 7'
- '#histogram 309 11'
- '#histogram 310 4'
- '#histogram 311 13'
- '#histogram 312 7'
- '#histogram 313 10'
- '#histogram 314 8'
- '#histogram 315 10'
- '#histogram 316 4'
- '#histogram 317 6'
- '#histogram 318 12'
- '#histogram 319 6'
- '#histogram 320 11'
- '#histogram 321 5'
- '#histogram 322 14'
- '#histogram 323 7'
- '#histogram 324 15'
- '#histogram 325 7'
- '#histogram 326 5'
- '#histogram 327 9'
- '#histogram 328 5'
- '#histogram 329 5'
- '#histogram 330 7'
- '#histogram 331 6'
- '#histogram 332 8'
- '#histogram 333 7'
- '#histogram 334 12'
- '#histogram 335 2'
- '#histogram 337 10'
- '#histogram 338 4'
- '#histogram 339 5'
- '#histogram 340 2'
- '#histogram 341 8'
- '#histogram 342 7'
- '#histogram 343 6'
- '#histogram 344 2'
- '#histogram 345 4'
- '#histogram 346 5'
- '#histogram 347 7'
- '#histogram 348 1'
- '#histogram 349 4'
- '#histogram 350 5'
- '#histogram 351 1'
- '#histogram 352 4'
- '#histogram 353 8'
- '#histogram 354 5'
- '#histogram 355 10'
- '#histogram 356 4'
- '#histogram 357 7'
- '#histogram 358 4'
- '#histogram 359 6'
- '#histogram 360 4'
- '#histogram 361 4'
- '#histogram 362 1'
- '#histogram 363 5'
- '#histogram 364 6'
- '#histogram 365 1'
- '#histogram 368 6'
- '#histogram 369 5'
- '#histogram 370 6'
- '#histogram 371 5'
- '#histogram 372 5'
- '#histogram 373 2'
- '#histogram 374 7'
- '#histogram 375 4'
- '#histogram 376 6'
- '#histogram 377 7'
- '#histogram 378 4'
- '#histogram 379 4'
- '#histogram 380 2'
- '#histogram 381 5'
- '#histogram 382 5'
- '#histogram 383 2'
- '#histogram 384 2'
- '#histogram 385 5'
- '#histogram 386 3'
- '#histogram 387 4'
- '#histogram 388 3'
- '#histogram 389 2'
- '#histogram 390 5'
- '#histogram 391 2'
- '#histogram 392 3'
- '#histogram 393 2'
- '#histogram 394 3'
- '#histogram 395 3'
- '#histogram 396 1'
- '#histogram 397 3'
- '#histogram 399 2'
- '#histogram 400 3'
- '#histogram 401 2'
- '#histogram 402 3'
- '#histogram 403 2'
- '#histogram 404 2'
- '#histogram 405 3'
- '#histogram 406 2'
- '#histogram 407 5'
- '#histogram 408 1'
- '#histogram 409 2'
- '#histogram 410 1'
- '#histogram 412 3'
- '#histogram 413 1'
- '#histogram 414 2'
- '#histogram 415 1'
- '#histogram 416 1'
- '#histogram 417 3'
- '#histogram 418 2'
- '#histogram 419 2'
- '#histogram 420 2'
- '#histogram 421 3'
- '#histogram 422 1'
- '#histogram 423 3'
- '#histogram 424 2'
- '#histogram 425 1'
- '#histogram 426 3'
- '#histogram 427 3'
- '#histogram 428 1'
- '#histogram 429 1'
- '#histogram 430 1'
- '#histogram 431 1'
- '#histogram 432 1'
- '#histogram 434 1'
- '#histogram 435 3'
- '#histogram 439 1'
- '#histogram 440 2'
- '#histogram 441 2'
- '#histogram 446 1'
- '#histogram 447 1'
- '#histogram 448 2'
- '#histogram 449 3'
- '#histogram 450 1'
- '#histogram 452 1'
- '#histogram 456 2'
- '#histogram 458 2'
- '#histogram 459 1'
- '#histogram 461 2'
- '#histogram 463 1'
- '#histogram 465 3'
- '#histogram 466 1'
- '#histogram 470 1'
- '#histogram 476 1'
- '#histogram 486 2'
- '#histogram 488 1'
- '#histogram 491 1'
- '#histogram 496 1'
- '#histogram 503 1'
- '#histogram 504 1'
- '#histogram 507 2'
- '#histogram 553 1'
- '#histogram 586 1'
- '#histogram 659 1'
- ''
