code: 0
data:
  avg_latency: 0.40154
  histogram:
  - - 0
    - 0
  - - 10
    - 1
  - - 11
    - 3
  - - 12
    - 1
  - - 13
    - 2
  - - 14
    - 1
  - - 15
    - 1
  - - 16
    - 3
  - - 17
    - 6
  - - 18
    - 2
  - - 19
    - 5
  - - 20
    - 7
  - - 21
    - 3
  - - 22
    - 14
  - - 23
    - 10
  - - 24
    - 17
  - - 25
    - 11
  - - 26
    - 16
  - - 27
    - 12
  - - 28
    - 22
  - - 29
    - 22
  - - 30
    - 43
  - - 31
    - 31
  - - 32
    - 21
  - - 33
    - 31
  - - 34
    - 26
  - - 35
    - 34
  - - 36
    - 45
  - - 37
    - 37
  - - 38
    - 40
  - - 39
    - 37
  - - 40
    - 62
  - - 41
    - 47
  - - 42
    - 50
  - - 43
    - 35
  - - 44
    - 37
  - - 45
    - 46
  - - 46
    - 47
  - - 47
    - 40
  - - 48
    - 57
  - - 49
    - 58
  - - 50
    - 51
  - - 51
    - 45
  - - 52
    - 40
  - - 53
    - 46
  - - 54
    - 38
  - - 55
    - 38
  - - 56
    - 13
  - - 57
    - 19
  - - 58
    - 23
  - - 59
    - 26
  - - 60
    - 20
  - - 61
    - 18
  - - 62
    - 39
  - - 63
    - 25
  - - 64
    - 31
  - - 65
    - 22
  - - 66
    - 38
  - - 67
    - 48
  - - 68
    - 35
  - - 69
    - 52
  - - 70
    - 32
  - - 71
    - 30
  - - 72
    - 23
  - - 73
    - 27
  - - 74
    - 17
  - - 75
    - 11
  - - 76
    - 21
  - - 77
    - 21
  - - 78
    - 14
  - - 79
    - 16
  - - 80
    - 14
  - - 81
    - 9
  - - 82
    - 9
  - - 83
    - 20
  - - 84
    - 13
  - - 85
    - 7
  - - 86
    - 16
  - - 87
    - 13
  - - 88
    - 2
  - - 89
    - 4
  - - 90
    - 12
  - - 91
    - 3
  - - 92
    - 5
  - - 93
    - 3
  - - 95
    - 3
  - - 96
    - 12
  - - 97
    - 5
  - - 98
    - 2
  - - 100
    - 3
  - - 101
    - 2
  - - 102
    - 4
  - - 103
    - 2
  - - 104
    - 1
  - - 105
    - 5
  - - 106
    - 2
  - - 107
    - 5
  - - 108
    - 3
  - - 109
    - 3
  - - 110
    - 12
  - - 111
    - 1
  - - 112
    - 1
  - - 113
    - 5
  - - 114
    - 4
  - - 115
    - 8
  - - 116
    - 9
  - - 117
    - 9
  - - 118
    - 5
  - - 119
    - 10
  - - 120
    - 11
  - - 121
    - 13
  - - 122
    - 8
  - - 123
    - 8
  - - 124
    - 13
  - - 125
    - 13
  - - 126
    - 14
  - - 127
    - 13
  - - 128
    - 6
  - - 129
    - 12
  - - 130
    - 13
  - - 131
    - 11
  - - 132
    - 8
  - - 133
    - 14
  - - 134
    - 8
  - - 135
    - 7
  - - 136
    - 24
  - - 137
    - 10
  - - 138
    - 8
  - - 139
    - 16
  - - 140
    - 18
  - - 141
    - 22
  - - 142
    - 17
  - - 143
    - 20
  - - 144
    - 18
  - - 145
    - 24
  - - 146
    - 13
  - - 147
    - 11
  - - 148
    - 11
  - - 149
    - 9
  - - 150
    - 18
  - - 151
    - 10
  - - 152
    - 29
  - - 153
    - 21
  - - 154
    - 19
  - - 155
    - 21
  - - 156
    - 28
  - - 157
    - 51
  - - 158
    - 28
  - - 159
    - 20
  - - 160
    - 25
  - - 161
    - 30
  - - 162
    - 24
  - - 163
    - 23
  - - 164
    - 21
  - - 165
    - 23
  - - 166
    - 28
  - - 167
    - 42
  - - 168
    - 38
  - - 169
    - 31
  - - 170
    - 25
  - - 171
    - 18
  - - 172
    - 23
  - - 173
    - 31
  - - 174
    - 32
  - - 175
    - 37
  - - 176
    - 26
  - - 177
    - 22
  - - 178
    - 41
  - - 179
    - 26
  - - 180
    - 32
  - - 181
    - 42
  - - 182
    - 39
  - - 183
    - 21
  - - 184
    - 32
  - - 185
    - 39
  - - 186
    - 35
  - - 187
    - 32
  - - 188
    - 25
  - - 189
    - 32
  - - 190
    - 44
  - - 191
    - 39
  - - 192
    - 47
  - - 193
    - 30
  - - 194
    - 42
  - - 195
    - 28
  - - 196
    - 47
  - - 197
    - 37
  - - 198
    - 23
  - - 199
    - 37
  - - 200
    - 26
  - - 201
    - 36
  - - 202
    - 70
  - - 203
    - 69
  - - 204
    - 52
  - - 205
    - 56
  - - 206
    - 53
  - - 207
    - 41
  - - 208
    - 52
  - - 209
    - 51
  - - 210
    - 62
  - - 211
    - 55
  - - 212
    - 40
  - - 213
    - 48
  - - 214
    - 53
  - - 215
    - 50
  - - 216
    - 38
  - - 217
    - 73
  - - 218
    - 79
  - - 219
    - 73
  - - 220
    - 52
  - - 221
    - 59
  - - 222
    - 65
  - - 223
    - 65
  - - 224
    - 58
  - - 225
    - 50
  - - 226
    - 48
  - - 227
    - 40
  - - 228
    - 52
  - - 229
    - 36
  - - 230
    - 36
  - - 231
    - 55
  - - 232
    - 35
  - - 233
    - 51
  - - 234
    - 51
  - - 235
    - 50
  - - 236
    - 40
  - - 237
    - 57
  - - 238
    - 52
  - - 239
    - 64
  - - 240
    - 77
  - - 241
    - 60
  - - 242
    - 62
  - - 243
    - 62
  - - 244
    - 44
  - - 245
    - 48
  - - 246
    - 68
  - - 247
    - 62
  - - 248
    - 71
  - - 249
    - 54
  - - 250
    - 34
  - - 251
    - 46
  - - 252
    - 58
  - - 253
    - 52
  - - 254
    - 52
  - - 255
    - 54
  - - 256
    - 59
  - - 257
    - 58
  - - 258
    - 63
  - - 259
    - 47
  - - 260
    - 68
  - - 261
    - 68
  - - 262
    - 78
  - - 263
    - 64
  - - 264
    - 74
  - - 265
    - 66
  - - 266
    - 78
  - - 267
    - 94
  - - 268
    - 70
  - - 269
    - 69
  - - 270
    - 62
  - - 271
    - 62
  - - 272
    - 53
  - - 273
    - 59
  - - 274
    - 63
  - - 275
    - 47
  - - 276
    - 54
  - - 277
    - 60
  - - 278
    - 44
  - - 279
    - 71
  - - 280
    - 50
  - - 281
    - 74
  - - 282
    - 70
  - - 283
    - 70
  - - 284
    - 43
  - - 285
    - 48
  - - 286
    - 51
  - - 287
    - 60
  - - 288
    - 51
  - - 289
    - 55
  - - 290
    - 44
  - - 291
    - 44
  - - 292
    - 56
  - - 293
    - 51
  - - 294
    - 46
  - - 295
    - 44
  - - 296
    - 56
  - - 297
    - 66
  - - 298
    - 41
  - - 299
    - 42
  - - 300
    - 48
  - - 301
    - 38
  - - 302
    - 51
  - - 303
    - 54
  - - 304
    - 50
  - - 305
    - 61
  - - 306
    - 50
  - - 307
    - 72
  - - 308
    - 53
  - - 309
    - 39
  - - 310
    - 49
  - - 311
    - 51
  - - 312
    - 71
  - - 313
    - 48
  - - 314
    - 65
  - - 315
    - 59
  - - 316
    - 69
  - - 317
    - 67
  - - 318
    - 66
  - - 319
    - 55
  - - 320
    - 69
  - - 321
    - 79
  - - 322
    - 75
  - - 323
    - 71
  - - 324
    - 64
  - - 325
    - 57
  - - 326
    - 61
  - - 327
    - 57
  - - 328
    - 69
  - - 329
    - 68
  - - 330
    - 60
  - - 331
    - 58
  - - 332
    - 52
  - - 333
    - 56
  - - 334
    - 56
  - - 335
    - 86
  - - 336
    - 94
  - - 337
    - 87
  - - 338
    - 66
  - - 339
    - 57
  - - 340
    - 77
  - - 341
    - 63
  - - 342
    - 76
  - - 343
    - 53
  - - 344
    - 49
  - - 345
    - 47
  - - 346
    - 55
  - - 347
    - 68
  - - 348
    - 49
  - - 349
    - 73
  - - 350
    - 66
  - - 351
    - 43
  - - 352
    - 52
  - - 353
    - 75
  - - 354
    - 60
  - - 355
    - 82
  - - 356
    - 74
  - - 357
    - 74
  - - 358
    - 77
  - - 359
    - 54
  - - 360
    - 79
  - - 361
    - 88
  - - 362
    - 68
  - - 363
    - 60
  - - 364
    - 74
  - - 365
    - 77
  - - 366
    - 50
  - - 367
    - 57
  - - 368
    - 51
  - - 369
    - 59
  - - 370
    - 61
  - - 371
    - 65
  - - 372
    - 58
  - - 373
    - 51
  - - 374
    - 51
  - - 375
    - 51
  - - 376
    - 56
  - - 377
    - 53
  - - 378
    - 70
  - - 379
    - 55
  - - 380
    - 83
  - - 381
    - 83
  - - 382
    - 62
  - - 383
    - 83
  - - 384
    - 54
  - - 385
    - 71
  - - 386
    - 64
  - - 387
    - 55
  - - 388
    - 59
  - - 389
    - 59
  - - 390
    - 59
  - - 391
    - 53
  - - 392
    - 57
  - - 393
    - 80
  - - 394
    - 68
  - - 395
    - 66
  - - 396
    - 55
  - - 397
    - 62
  - - 398
    - 64
  - - 399
    - 65
  - - 400
    - 50
  - - 401
    - 52
  - - 402
    - 51
  - - 403
    - 43
  - - 404
    - 62
  - - 405
    - 52
  - - 406
    - 59
  - - 407
    - 53
  - - 408
    - 63
  - - 409
    - 49
  - - 410
    - 52
  - - 411
    - 36
  - - 412
    - 48
  - - 413
    - 48
  - - 414
    - 39
  - - 415
    - 46
  - - 416
    - 56
  - - 417
    - 67
  - - 418
    - 47
  - - 419
    - 75
  - - 420
    - 60
  - - 421
    - 53
  - - 422
    - 55
  - - 423
    - 51
  - - 424
    - 36
  - - 425
    - 49
  - - 426
    - 51
  - - 427
    - 54
  - - 428
    - 38
  - - 429
    - 36
  - - 430
    - 55
  - - 431
    - 56
  - - 432
    - 54
  - - 433
    - 63
  - - 434
    - 50
  - - 435
    - 56
  - - 436
    - 50
  - - 437
    - 56
  - - 438
    - 64
  - - 439
    - 52
  - - 440
    - 49
  - - 441
    - 69
  - - 442
    - 56
  - - 443
    - 58
  - - 444
    - 66
  - - 445
    - 51
  - - 446
    - 53
  - - 447
    - 47
  - - 448
    - 49
  - - 449
    - 62
  - - 450
    - 62
  - - 451
    - 57
  - - 452
    - 47
  - - 453
    - 64
  - - 454
    - 73
  - - 455
    - 55
  - - 456
    - 57
  - - 457
    - 53
  - - 458
    - 64
  - - 459
    - 65
  - - 460
    - 79
  - - 461
    - 57
  - - 462
    - 49
  - - 463
    - 51
  - - 464
    - 59
  - - 465
    - 50
  - - 466
    - 63
  - - 467
    - 53
  - - 468
    - 72
  - - 469
    - 50
  - - 470
    - 47
  - - 471
    - 70
  - - 472
    - 56
  - - 473
    - 39
  - - 474
    - 41
  - - 475
    - 44
  - - 476
    - 49
  - - 477
    - 63
  - - 478
    - 58
  - - 479
    - 66
  - - 480
    - 38
  - - 481
    - 72
  - - 482
    - 53
  - - 483
    - 64
  - - 484
    - 58
  - - 485
    - 62
  - - 486
    - 61
  - - 487
    - 67
  - - 488
    - 73
  - - 489
    - 53
  - - 490
    - 68
  - - 491
    - 54
  - - 492
    - 47
  - - 493
    - 64
  - - 494
    - 50
  - - 495
    - 61
  - - 496
    - 39
  - - 497
    - 51
  - - 498
    - 54
  - - 499
    - 51
  - - 500
    - 46
  - - 501
    - 59
  - - 502
    - 72
  - - 503
    - 66
  - - 504
    - 40
  - - 505
    - 47
  - - 506
    - 34
  - - 507
    - 32
  - - 508
    - 39
  - - 509
    - 33
  - - 510
    - 45
  - - 511
    - 34
  - - 512
    - 61
  - - 513
    - 59
  - - 514
    - 50
  - - 515
    - 36
  - - 516
    - 41
  - - 517
    - 51
  - - 518
    - 52
  - - 519
    - 63
  - - 520
    - 45
  - - 521
    - 28
  - - 522
    - 53
  - - 523
    - 48
  - - 524
    - 34
  - - 525
    - 33
  - - 526
    - 46
  - - 527
    - 41
  - - 528
    - 52
  - - 529
    - 71
  - - 530
    - 52
  - - 531
    - 42
  - - 532
    - 48
  - - 533
    - 43
  - - 534
    - 41
  - - 535
    - 44
  - - 536
    - 46
  - - 537
    - 41
  - - 538
    - 29
  - - 539
    - 31
  - - 540
    - 45
  - - 541
    - 39
  - - 542
    - 47
  - - 543
    - 50
  - - 544
    - 43
  - - 545
    - 60
  - - 546
    - 36
  - - 547
    - 34
  - - 548
    - 38
  - - 549
    - 45
  - - 550
    - 35
  - - 551
    - 38
  - - 552
    - 38
  - - 553
    - 47
  - - 554
    - 26
  - - 555
    - 45
  - - 556
    - 47
  - - 557
    - 49
  - - 558
    - 34
  - - 559
    - 50
  - - 560
    - 23
  - - 561
    - 40
  - - 562
    - 36
  - - 563
    - 52
  - - 564
    - 43
  - - 565
    - 23
  - - 566
    - 20
  - - 567
    - 26
  - - 568
    - 35
  - - 569
    - 37
  - - 570
    - 54
  - - 571
    - 41
  - - 572
    - 30
  - - 573
    - 27
  - - 574
    - 29
  - - 575
    - 35
  - - 576
    - 34
  - - 577
    - 30
  - - 578
    - 19
  - - 579
    - 27
  - - 580
    - 24
  - - 581
    - 30
  - - 582
    - 28
  - - 583
    - 20
  - - 584
    - 23
  - - 585
    - 28
  - - 586
    - 26
  - - 587
    - 30
  - - 588
    - 30
  - - 589
    - 17
  - - 590
    - 31
  - - 591
    - 27
  - - 592
    - 24
  - - 593
    - 18
  - - 594
    - 21
  - - 595
    - 24
  - - 596
    - 18
  - - 597
    - 29
  - - 598
    - 30
  - - 599
    - 22
  - - 600
    - 29
  - - 601
    - 21
  - - 602
    - 40
  - - 603
    - 33
  - - 604
    - 41
  - - 605
    - 24
  - - 606
    - 28
  - - 607
    - 35
  - - 608
    - 25
  - - 609
    - 32
  - - 610
    - 40
  - - 611
    - 32
  - - 612
    - 23
  - - 613
    - 23
  - - 614
    - 27
  - - 615
    - 29
  - - 616
    - 32
  - - 617
    - 36
  - - 618
    - 26
  - - 619
    - 22
  - - 620
    - 24
  - - 621
    - 17
  - - 622
    - 19
  - - 623
    - 23
  - - 624
    - 36
  - - 625
    - 31
  - - 626
    - 18
  - - 627
    - 24
  - - 628
    - 23
  - - 629
    - 29
  - - 630
    - 35
  - - 631
    - 21
  - - 632
    - 35
  - - 633
    - 30
  - - 634
    - 28
  - - 635
    - 34
  - - 636
    - 37
  - - 637
    - 42
  - - 638
    - 32
  - - 639
    - 33
  - - 640
    - 31
  - - 641
    - 29
  - - 642
    - 33
  - - 643
    - 17
  - - 644
    - 45
  - - 645
    - 29
  - - 646
    - 31
  - - 647
    - 20
  - - 648
    - 23
  - - 649
    - 22
  - - 650
    - 15
  - - 651
    - 20
  - - 652
    - 24
  - - 653
    - 22
  - - 654
    - 27
  - - 655
    - 30
  - - 656
    - 20
  - - 657
    - 25
  - - 658
    - 21
  - - 659
    - 28
  - - 660
    - 35
  - - 661
    - 28
  - - 662
    - 33
  - - 663
    - 22
  - - 664
    - 27
  - - 665
    - 14
  - - 666
    - 26
  - - 667
    - 26
  - - 668
    - 37
  - - 669
    - 31
  - - 670
    - 17
  - - 671
    - 19
  - - 672
    - 18
  - - 673
    - 30
  - - 674
    - 41
  - - 675
    - 22
  - - 676
    - 17
  - - 677
    - 24
  - - 678
    - 19
  - - 679
    - 22
  - - 680
    - 16
  - - 681
    - 15
  - - 682
    - 28
  - - 683
    - 19
  - - 684
    - 19
  - - 685
    - 17
  - - 686
    - 14
  - - 687
    - 22
  - - 688
    - 16
  - - 689
    - 20
  - - 690
    - 12
  - - 691
    - 25
  - - 692
    - 23
  - - 693
    - 13
  - - 694
    - 10
  - - 695
    - 22
  - - 696
    - 10
  - - 697
    - 15
  - - 698
    - 12
  - - 699
    - 16
  - - 700
    - 20
  - - 701
    - 20
  - - 702
    - 22
  - - 703
    - 14
  - - 704
    - 18
  - - 705
    - 19
  - - 706
    - 13
  - - 707
    - 15
  - - 708
    - 13
  - - 709
    - 23
  - - 710
    - 14
  - - 711
    - 12
  - - 712
    - 11
  - - 713
    - 18
  - - 714
    - 8
  - - 715
    - 10
  - - 716
    - 11
  - - 717
    - 17
  - - 718
    - 23
  - - 719
    - 11
  - - 720
    - 6
  - - 721
    - 16
  - - 722
    - 12
  - - 723
    - 19
  - - 724
    - 10
  - - 725
    - 19
  - - 726
    - 16
  - - 727
    - 15
  - - 728
    - 16
  - - 729
    - 7
  - - 730
    - 6
  - - 731
    - 10
  - - 732
    - 14
  - - 733
    - 17
  - - 734
    - 17
  - - 735
    - 29
  - - 736
    - 19
  - - 737
    - 13
  - - 738
    - 9
  - - 739
    - 17
  - - 740
    - 13
  - - 741
    - 7
  - - 742
    - 8
  - - 743
    - 9
  - - 744
    - 19
  - - 745
    - 13
  - - 746
    - 4
  - - 747
    - 9
  - - 748
    - 13
  - - 749
    - 13
  - - 750
    - 12
  - - 751
    - 17
  - - 752
    - 11
  - - 753
    - 16
  - - 754
    - 13
  - - 755
    - 16
  - - 756
    - 9
  - - 757
    - 8
  - - 758
    - 5
  - - 759
    - 13
  - - 760
    - 13
  - - 761
    - 22
  - - 762
    - 13
  - - 763
    - 12
  - - 764
    - 8
  - - 765
    - 12
  - - 766
    - 11
  - - 767
    - 16
  - - 768
    - 21
  - - 769
    - 19
  - - 770
    - 18
  - - 771
    - 15
  - - 772
    - 10
  - - 773
    - 25
  - - 774
    - 6
  - - 775
    - 6
  - - 776
    - 10
  - - 777
    - 12
  - - 778
    - 17
  - - 779
    - 21
  - - 780
    - 16
  - - 781
    - 16
  - - 782
    - 8
  - - 783
    - 4
  - - 784
    - 15
  - - 785
    - 7
  - - 786
    - 7
  - - 787
    - 11
  - - 788
    - 5
  - - 789
    - 5
  - - 790
    - 6
  - - 791
    - 4
  - - 792
    - 5
  - - 793
    - 9
  - - 794
    - 5
  - - 795
    - 4
  - - 796
    - 10
  - - 797
    - 3
  - - 798
    - 4
  - - 799
    - 7
  - - 800
    - 14
  - - 801
    - 10
  - - 802
    - 8
  - - 803
    - 4
  - - 804
    - 7
  - - 805
    - 1
  - - 806
    - 6
  - - 807
    - 2
  - - 808
    - 3
  - - 809
    - 3
  - - 810
    - 7
  - - 811
    - 3
  - - 812
    - 4
  - - 813
    - 6
  - - 814
    - 7
  - - 815
    - 1
  - - 816
    - 3
  - - 817
    - 11
  - - 818
    - 17
  - - 819
    - 3
  - - 820
    - 6
  - - 821
    - 8
  - - 822
    - 2
  - - 823
    - 5
  - - 824
    - 9
  - - 825
    - 4
  - - 826
    - 3
  - - 827
    - 3
  - - 828
    - 5
  - - 829
    - 2
  - - 830
    - 4
  - - 831
    - 6
  - - 832
    - 6
  - - 833
    - 7
  - - 834
    - 9
  - - 835
    - 10
  - - 836
    - 2
  - - 837
    - 7
  - - 838
    - 5
  - - 839
    - 3
  - - 840
    - 4
  - - 841
    - 6
  - - 842
    - 1
  - - 843
    - 6
  - - 844
    - 5
  - - 845
    - 5
  - - 846
    - 7
  - - 847
    - 10
  - - 848
    - 14
  - - 849
    - 4
  - - 850
    - 3
  - - 851
    - 9
  - - 852
    - 2
  - - 854
    - 3
  - - 855
    - 4
  - - 856
    - 3
  - - 857
    - 8
  - - 858
    - 2
  - - 859
    - 7
  - - 860
    - 1
  - - 861
    - 2
  - - 862
    - 6
  - - 863
    - 4
  - - 865
    - 1
  - - 867
    - 1
  - - 868
    - 2
  - - 869
    - 1
  - - 870
    - 1
  - - 872
    - 2
  - - 873
    - 2
  - - 874
    - 5
  - - 875
    - 4
  - - 876
    - 1
  - - 877
    - 4
  - - 878
    - 3
  - - 879
    - 5
  - - 880
    - 3
  - - 881
    - 2
  - - 882
    - 2
  - - 883
    - 1
  - - 884
    - 1
  - - 885
    - 1
  - - 886
    - 5
  - - 888
    - 1
  - - 889
    - 6
  - - 890
    - 4
  - - 891
    - 5
  - - 892
    - 6
  - - 893
    - 2
  - - 894
    - 3
  - - 895
    - 3
  - - 896
    - 1
  - - 897
    - 6
  - - 898
    - 6
  - - 899
    - 2
  - - 900
    - 2
  - - 901
    - 2
  - - 903
    - 5
  - - 904
    - 1
  - - 908
    - 4
  - - 909
    - 3
  - - 910
    - 1
  - - 911
    - 1
  - - 914
    - 4
  - - 915
    - 9
  - - 916
    - 4
  - - 917
    - 3
  - - 918
    - 6
  - - 920
    - 2
  - - 921
    - 1
  - - 922
    - 2
  - - 923
    - 1
  - - 927
    - 1
  - - 929
    - 1
  - - 930
    - 2
  - - 931
    - 1
  - - 932
    - 3
  - - 933
    - 1
  - - 935
    - 2
  - - 936
    - 5
  - - 937
    - 1
  - - 938
    - 1
  - - 939
    - 2
  - - 941
    - 1
  - - 942
    - 1
  - - 944
    - 3
  - - 946
    - 3
  - - 947
    - 4
  - - 949
    - 3
  - - 950
    - 1
  - - 951
    - 3
  - - 953
    - 3
  - - 954
    - 5
  - - 955
    - 2
  - - 956
    - 2
  - - 957
    - 3
  - - 958
    - 4
  - - 959
    - 3
  - - 960
    - 3
  - - 961
    - 4
  - - 962
    - 3
  - - 963
    - 2
  - - 964
    - 5
  - - 965
    - 3
  - - 966
    - 4
  - - 967
    - 1
  - - 968
    - 2
  - - 969
    - 5
  - - 970
    - 4
  - - 974
    - 1
  - - 975
    - 1
  - - 978
    - 3
  - - 979
    - 5
  - - 980
    - 4
  - - 982
    - 4
  - - 983
    - 5
  - - 985
    - 4
  - - 986
    - 5
  - - 987
    - 4
  - - 988
    - 4
  - - 989
    - 3
  - - 990
    - 7
  - - 991
    - 8
  - - 992
    - 5
  - - 993
    - 1
  - - 994
    - 3
  - - 995
    - 4
  - - 996
    - 2
  - - 998
    - 3
  - - 999
    - 1
  - - 1000
    - 4
  - - 1001
    - 5
  - - 1002
    - 1
  - - 1003
    - 2
  - - 1004
    - 3
  - - 1005
    - 3
  - - 1006
    - 3
  - - 1007
    - 2
  - - 1008
    - 1
  - - 1009
    - 3
  - - 1010
    - 2
  - - 1011
    - 3
  - - 1012
    - 2
  - - 1013
    - 7
  - - 1014
    - 5
  - - 1015
    - 1
  - - 1016
    - 1
  - - 1017
    - 6
  - - 1018
    - 5
  - - 1019
    - 1
  - - 1020
    - 1
  - - 1021
    - 1
  - - 1022
    - 1
  - - 1023
    - 2
  - - 1025
    - 2
  - - 1027
    - 1
  - - 1029
    - 1
  - - 1030
    - 1
  - - 1033
    - 1
  - - 1036
    - 3
  - - 1044
    - 1
  - - 1045
    - 2
  - - 1048
    - 2
  - - 1051
    - 1
  - - 1052
    - 8
  - - 1053
    - 4
  - - 1055
    - 2
  - - 1056
    - 2
  - - 1058
    - 2
  - - 1059
    - 2
  - - 1060
    - 1
  - - 1061
    - 1
  - - 1062
    - 1
  - - 1063
    - 2
  - - 1068
    - 1
  - - 1069
    - 1
  - - 1071
    - 2
  - - 1072
    - 1
  - - 1076
    - 1
  - - 1077
    - 2
  - - 1081
    - 1
  - - 1085
    - 1
  - - 1092
    - 1
  - - 1094
    - 2
  - - 1095
    - 3
  - - 1096
    - 1
  - - 1098
    - 1
  - - 1102
    - 2
  - - 1103
    - 3
  - - 1106
    - 1
  - - 1107
    - 1
  - - 1108
    - 2
  - - 1109
    - 3
  - - 1110
    - 1
  - - 1111
    - 1
  - - 1112
    - 5
  - - 1115
    - 1
  - - 1116
    - 2
  - - 1121
    - 1
  - - 1123
    - 2
  - - 1126
    - 1
  - - 1135
    - 2
  - - 1141
    - 1
  - - 1143
    - 1
  - - 1144
    - 1
  - - 1154
    - 1
  - - 1155
    - 2
  - - 1156
    - 2
  - - 1176
    - 2
  - - 1177
    - 1
  - - 1182
    - 1
  - - 1184
    - 2
  - - 1188
    - 1
  - - 1191
    - 1
  - - 1218
    - 1
  - - 1239
    - 1
  - - 1250
    - 1
  - - 1259
    - 1
  - - 1260
    - 1
  - - 1262
    - 1
  - - 1264
    - 1
  - - 1266
    - 1
  - - 1267
    - 1
  - - 1268
    - 1
  - - 1269
    - 2
  - - 1279
    - 2
  - - 1284
    - 1
  - - 1287
    - 1
  - - 1293
    - 3
  - - 1294
    - 3
  - - 1295
    - 6
  - - 1305
    - 1
  - - 1306
    - 1
  - - 1307
    - 1
  - - 1318
    - 1
  - - 1320
    - 1
  - - 1334
    - 1
  - - 1364
    - 1
  - - 1370
    - 1
  - - 1373
    - 1
  - - 1376
    - 4
  - - 1377
    - 1
  - - 1378
    - 1
  latency_50_percentile: 385.0
  latency_95_percentile: 744.0
  latency_99_5_percentile: 1019.6650000000009
  latency_99_percentile: 966.3299999999981
  max_kubedns_cpu: 575
  max_kubedns_memory: 25
  max_latency: 1.378945
  max_perfserver_cpu: 0
  max_perfserver_memory: 0
  min_latency: 0.010781
  msg: null
  ok: true
  qps: 248.839466
  queries_completed: 29868
  queries_lost: 0
  queries_sent: 29868
  run_time: 120.029192
  stddev_latency: 0.19819
params:
  max_qps: null
  pod_name: dns-perf-client-858fb7568b-hdlk6
  query_file: all-queries.txt
  run_id: 1777660920
  run_length_seconds: 120
  run_subid: 0
stderr:
- ''
stdout:
- DNS Performance Testing Tool
- Nominum Version 2.1.0.0
- ''
- '[Status] Command line: dnsperf -s 10.0.0.10 -l 120 -d /queries/all-queries.txt'
- '[Status] Sending queries (to 10.0.0.10)'
- '[Status] Started at: Fri May  1 18:42:34 2026'
- '[Status] Stopping after 120.000000 seconds'
- '[Status] Testing complete (time limit)'
- ''
- 'Statistics:'
- ''
- '  Queries sent:         29868'
- '  Queries completed:    29868 (100.00%)'
- '  Queries lost:         0 (0.00%)'
- ''
- '  Response codes:       NOERROR 3585 (12.00%), NXDOMAIN 26283 (88.00%)'
- '  Average packet size:  request 39, response 122'
- '  Run time (s):         120.029192'
- '  Queries per second:   248.839466'
- ''
- '  Average Latency (s):  0.401540 (min 0.010781, max 1.378945)'
- '  Latency StdDev (s):   0.198190'
- ''
- '  Latency histogram'
- '#histogram 0 0'
- '#histogram 10 1'
- '#histogram 11 3'
- '#histogram 12 1'
- '#histogram 13 2'
- '#histogram 14 1'
- '#histogram 15 1'
- '#histogram 16 3'
- '#histogram 17 6'
- '#histogram 18 2'
- '#histogram 19 5'
- '#histogram 20 7'
- '#histogram 21 3'
- '#histogram 22 14'
- '#histogram 23 10'
- '#histogram 24 17'
- '#histogram 25 11'
- '#histogram 26 16'
- '#histogram 27 12'
- '#histogram 28 22'
- '#histogram 29 22'
- '#histogram 30 43'
- '#histogram 31 31'
- '#histogram 32 21'
- '#histogram 33 31'
- '#histogram 34 26'
- '#histogram 35 34'
- '#histogram 36 45'
- '#histogram 37 37'
- '#histogram 38 40'
- '#histogram 39 37'
- '#histogram 40 62'
- '#histogram 41 47'
- '#histogram 42 50'
- '#histogram 43 35'
- '#histogram 44 37'
- '#histogram 45 46'
- '#histogram 46 47'
- '#histogram 47 40'
- '#histogram 48 57'
- '#histogram 49 58'
- '#histogram 50 51'
- '#histogram 51 45'
- '#histogram 52 40'
- '#histogram 53 46'
- '#histogram 54 38'
- '#histogram 55 38'
- '#histogram 56 13'
- '#histogram 57 19'
- '#histogram 58 23'
- '#histogram 59 26'
- '#histogram 60 20'
- '#histogram 61 18'
- '#histogram 62 39'
- '#histogram 63 25'
- '#histogram 64 31'
- '#histogram 65 22'
- '#histogram 66 38'
- '#histogram 67 48'
- '#histogram 68 35'
- '#histogram 69 52'
- '#histogram 70 32'
- '#histogram 71 30'
- '#histogram 72 23'
- '#histogram 73 27'
- '#histogram 74 17'
- '#histogram 75 11'
- '#histogram 76 21'
- '#histogram 77 21'
- '#histogram 78 14'
- '#histogram 79 16'
- '#histogram 80 14'
- '#histogram 81 9'
- '#histogram 82 9'
- '#histogram 83 20'
- '#histogram 84 13'
- '#histogram 85 7'
- '#histogram 86 16'
- '#histogram 87 13'
- '#histogram 88 2'
- '#histogram 89 4'
- '#histogram 90 12'
- '#histogram 91 3'
- '#histogram 92 5'
- '#histogram 93 3'
- '#histogram 95 3'
- '#histogram 96 12'
- '#histogram 97 5'
- '#histogram 98 2'
- '#histogram 100 3'
- '#histogram 101 2'
- '#histogram 102 4'
- '#histogram 103 2'
- '#histogram 104 1'
- '#histogram 105 5'
- '#histogram 106 2'
- '#histogram 107 5'
- '#histogram 108 3'
- '#histogram 109 3'
- '#histogram 110 12'
- '#histogram 111 1'
- '#histogram 112 1'
- '#histogram 113 5'
- '#histogram 114 4'
- '#histogram 115 8'
- '#histogram 116 9'
- '#histogram 117 9'
- '#histogram 118 5'
- '#histogram 119 10'
- '#histogram 120 11'
- '#histogram 121 13'
- '#histogram 122 8'
- '#histogram 123 8'
- '#histogram 124 13'
- '#histogram 125 13'
- '#histogram 126 14'
- '#histogram 127 13'
- '#histogram 128 6'
- '#histogram 129 12'
- '#histogram 130 13'
- '#histogram 131 11'
- '#histogram 132 8'
- '#histogram 133 14'
- '#histogram 134 8'
- '#histogram 135 7'
- '#histogram 136 24'
- '#histogram 137 10'
- '#histogram 138 8'
- '#histogram 139 16'
- '#histogram 140 18'
- '#histogram 141 22'
- '#histogram 142 17'
- '#histogram 143 20'
- '#histogram 144 18'
- '#histogram 145 24'
- '#histogram 146 13'
- '#histogram 147 11'
- '#histogram 148 11'
- '#histogram 149 9'
- '#histogram 150 18'
- '#histogram 151 10'
- '#histogram 152 29'
- '#histogram 153 21'
- '#histogram 154 19'
- '#histogram 155 21'
- '#histogram 156 28'
- '#histogram 157 51'
- '#histogram 158 28'
- '#histogram 159 20'
- '#histogram 160 25'
- '#histogram 161 30'
- '#histogram 162 24'
- '#histogram 163 23'
- '#histogram 164 21'
- '#histogram 165 23'
- '#histogram 166 28'
- '#histogram 167 42'
- '#histogram 168 38'
- '#histogram 169 31'
- '#histogram 170 25'
- '#histogram 171 18'
- '#histogram 172 23'
- '#histogram 173 31'
- '#histogram 174 32'
- '#histogram 175 37'
- '#histogram 176 26'
- '#histogram 177 22'
- '#histogram 178 41'
- '#histogram 179 26'
- '#histogram 180 32'
- '#histogram 181 42'
- '#histogram 182 39'
- '#histogram 183 21'
- '#histogram 184 32'
- '#histogram 185 39'
- '#histogram 186 35'
- '#histogram 187 32'
- '#histogram 188 25'
- '#histogram 189 32'
- '#histogram 190 44'
- '#histogram 191 39'
- '#histogram 192 47'
- '#histogram 193 30'
- '#histogram 194 42'
- '#histogram 195 28'
- '#histogram 196 47'
- '#histogram 197 37'
- '#histogram 198 23'
- '#histogram 199 37'
- '#histogram 200 26'
- '#histogram 201 36'
- '#histogram 202 70'
- '#histogram 203 69'
- '#histogram 204 52'
- '#histogram 205 56'
- '#histogram 206 53'
- '#histogram 207 41'
- '#histogram 208 52'
- '#histogram 209 51'
- '#histogram 210 62'
- '#histogram 211 55'
- '#histogram 212 40'
- '#histogram 213 48'
- '#histogram 214 53'
- '#histogram 215 50'
- '#histogram 216 38'
- '#histogram 217 73'
- '#histogram 218 79'
- '#histogram 219 73'
- '#histogram 220 52'
- '#histogram 221 59'
- '#histogram 222 65'
- '#histogram 223 65'
- '#histogram 224 58'
- '#histogram 225 50'
- '#histogram 226 48'
- '#histogram 227 40'
- '#histogram 228 52'
- '#histogram 229 36'
- '#histogram 230 36'
- '#histogram 231 55'
- '#histogram 232 35'
- '#histogram 233 51'
- '#histogram 234 51'
- '#histogram 235 50'
- '#histogram 236 40'
- '#histogram 237 57'
- '#histogram 238 52'
- '#histogram 239 64'
- '#histogram 240 77'
- '#histogram 241 60'
- '#histogram 242 62'
- '#histogram 243 62'
- '#histogram 244 44'
- '#histogram 245 48'
- '#histogram 246 68'
- '#histogram 247 62'
- '#histogram 248 71'
- '#histogram 249 54'
- '#histogram 250 34'
- '#histogram 251 46'
- '#histogram 252 58'
- '#histogram 253 52'
- '#histogram 254 52'
- '#histogram 255 54'
- '#histogram 256 59'
- '#histogram 257 58'
- '#histogram 258 63'
- '#histogram 259 47'
- '#histogram 260 68'
- '#histogram 261 68'
- '#histogram 262 78'
- '#histogram 263 64'
- '#histogram 264 74'
- '#histogram 265 66'
- '#histogram 266 78'
- '#histogram 267 94'
- '#histogram 268 70'
- '#histogram 269 69'
- '#histogram 270 62'
- '#histogram 271 62'
- '#histogram 272 53'
- '#histogram 273 59'
- '#histogram 274 63'
- '#histogram 275 47'
- '#histogram 276 54'
- '#histogram 277 60'
- '#histogram 278 44'
- '#histogram 279 71'
- '#histogram 280 50'
- '#histogram 281 74'
- '#histogram 282 70'
- '#histogram 283 70'
- '#histogram 284 43'
- '#histogram 285 48'
- '#histogram 286 51'
- '#histogram 287 60'
- '#histogram 288 51'
- '#histogram 289 55'
- '#histogram 290 44'
- '#histogram 291 44'
- '#histogram 292 56'
- '#histogram 293 51'
- '#histogram 294 46'
- '#histogram 295 44'
- '#histogram 296 56'
- '#histogram 297 66'
- '#histogram 298 41'
- '#histogram 299 42'
- '#histogram 300 48'
- '#histogram 301 38'
- '#histogram 302 51'
- '#histogram 303 54'
- '#histogram 304 50'
- '#histogram 305 61'
- '#histogram 306 50'
- '#histogram 307 72'
- '#histogram 308 53'
- '#histogram 309 39'
- '#histogram 310 49'
- '#histogram 311 51'
- '#histogram 312 71'
- '#histogram 313 48'
- '#histogram 314 65'
- '#histogram 315 59'
- '#histogram 316 69'
- '#histogram 317 67'
- '#histogram 318 66'
- '#histogram 319 55'
- '#histogram 320 69'
- '#histogram 321 79'
- '#histogram 322 75'
- '#histogram 323 71'
- '#histogram 324 64'
- '#histogram 325 57'
- '#histogram 326 61'
- '#histogram 327 57'
- '#histogram 328 69'
- '#histogram 329 68'
- '#histogram 330 60'
- '#histogram 331 58'
- '#histogram 332 52'
- '#histogram 333 56'
- '#histogram 334 56'
- '#histogram 335 86'
- '#histogram 336 94'
- '#histogram 337 87'
- '#histogram 338 66'
- '#histogram 339 57'
- '#histogram 340 77'
- '#histogram 341 63'
- '#histogram 342 76'
- '#histogram 343 53'
- '#histogram 344 49'
- '#histogram 345 47'
- '#histogram 346 55'
- '#histogram 347 68'
- '#histogram 348 49'
- '#histogram 349 73'
- '#histogram 350 66'
- '#histogram 351 43'
- '#histogram 352 52'
- '#histogram 353 75'
- '#histogram 354 60'
- '#histogram 355 82'
- '#histogram 356 74'
- '#histogram 357 74'
- '#histogram 358 77'
- '#histogram 359 54'
- '#histogram 360 79'
- '#histogram 361 88'
- '#histogram 362 68'
- '#histogram 363 60'
- '#histogram 364 74'
- '#histogram 365 77'
- '#histogram 366 50'
- '#histogram 367 57'
- '#histogram 368 51'
- '#histogram 369 59'
- '#histogram 370 61'
- '#histogram 371 65'
- '#histogram 372 58'
- '#histogram 373 51'
- '#histogram 374 51'
- '#histogram 375 51'
- '#histogram 376 56'
- '#histogram 377 53'
- '#histogram 378 70'
- '#histogram 379 55'
- '#histogram 380 83'
- '#histogram 381 83'
- '#histogram 382 62'
- '#histogram 383 83'
- '#histogram 384 54'
- '#histogram 385 71'
- '#histogram 386 64'
- '#histogram 387 55'
- '#histogram 388 59'
- '#histogram 389 59'
- '#histogram 390 59'
- '#histogram 391 53'
- '#histogram 392 57'
- '#histogram 393 80'
- '#histogram 394 68'
- '#histogram 395 66'
- '#histogram 396 55'
- '#histogram 397 62'
- '#histogram 398 64'
- '#histogram 399 65'
- '#histogram 400 50'
- '#histogram 401 52'
- '#histogram 402 51'
- '#histogram 403 43'
- '#histogram 404 62'
- '#histogram 405 52'
- '#histogram 406 59'
- '#histogram 407 53'
- '#histogram 408 63'
- '#histogram 409 49'
- '#histogram 410 52'
- '#histogram 411 36'
- '#histogram 412 48'
- '#histogram 413 48'
- '#histogram 414 39'
- '#histogram 415 46'
- '#histogram 416 56'
- '#histogram 417 67'
- '#histogram 418 47'
- '#histogram 419 75'
- '#histogram 420 60'
- '#histogram 421 53'
- '#histogram 422 55'
- '#histogram 423 51'
- '#histogram 424 36'
- '#histogram 425 49'
- '#histogram 426 51'
- '#histogram 427 54'
- '#histogram 428 38'
- '#histogram 429 36'
- '#histogram 430 55'
- '#histogram 431 56'
- '#histogram 432 54'
- '#histogram 433 63'
- '#histogram 434 50'
- '#histogram 435 56'
- '#histogram 436 50'
- '#histogram 437 56'
- '#histogram 438 64'
- '#histogram 439 52'
- '#histogram 440 49'
- '#histogram 441 69'
- '#histogram 442 56'
- '#histogram 443 58'
- '#histogram 444 66'
- '#histogram 445 51'
- '#histogram 446 53'
- '#histogram 447 47'
- '#histogram 448 49'
- '#histogram 449 62'
- '#histogram 450 62'
- '#histogram 451 57'
- '#histogram 452 47'
- '#histogram 453 64'
- '#histogram 454 73'
- '#histogram 455 55'
- '#histogram 456 57'
- '#histogram 457 53'
- '#histogram 458 64'
- '#histogram 459 65'
- '#histogram 460 79'
- '#histogram 461 57'
- '#histogram 462 49'
- '#histogram 463 51'
- '#histogram 464 59'
- '#histogram 465 50'
- '#histogram 466 63'
- '#histogram 467 53'
- '#histogram 468 72'
- '#histogram 469 50'
- '#histogram 470 47'
- '#histogram 471 70'
- '#histogram 472 56'
- '#histogram 473 39'
- '#histogram 474 41'
- '#histogram 475 44'
- '#histogram 476 49'
- '#histogram 477 63'
- '#histogram 478 58'
- '#histogram 479 66'
- '#histogram 480 38'
- '#histogram 481 72'
- '#histogram 482 53'
- '#histogram 483 64'
- '#histogram 484 58'
- '#histogram 485 62'
- '#histogram 486 61'
- '#histogram 487 67'
- '#histogram 488 73'
- '#histogram 489 53'
- '#histogram 490 68'
- '#histogram 491 54'
- '#histogram 492 47'
- '#histogram 493 64'
- '#histogram 494 50'
- '#histogram 495 61'
- '#histogram 496 39'
- '#histogram 497 51'
- '#histogram 498 54'
- '#histogram 499 51'
- '#histogram 500 46'
- '#histogram 501 59'
- '#histogram 502 72'
- '#histogram 503 66'
- '#histogram 504 40'
- '#histogram 505 47'
- '#histogram 506 34'
- '#histogram 507 32'
- '#histogram 508 39'
- '#histogram 509 33'
- '#histogram 510 45'
- '#histogram 511 34'
- '#histogram 512 61'
- '#histogram 513 59'
- '#histogram 514 50'
- '#histogram 515 36'
- '#histogram 516 41'
- '#histogram 517 51'
- '#histogram 518 52'
- '#histogram 519 63'
- '#histogram 520 45'
- '#histogram 521 28'
- '#histogram 522 53'
- '#histogram 523 48'
- '#histogram 524 34'
- '#histogram 525 33'
- '#histogram 526 46'
- '#histogram 527 41'
- '#histogram 528 52'
- '#histogram 529 71'
- '#histogram 530 52'
- '#histogram 531 42'
- '#histogram 532 48'
- '#histogram 533 43'
- '#histogram 534 41'
- '#histogram 535 44'
- '#histogram 536 46'
- '#histogram 537 41'
- '#histogram 538 29'
- '#histogram 539 31'
- '#histogram 540 45'
- '#histogram 541 39'
- '#histogram 542 47'
- '#histogram 543 50'
- '#histogram 544 43'
- '#histogram 545 60'
- '#histogram 546 36'
- '#histogram 547 34'
- '#histogram 548 38'
- '#histogram 549 45'
- '#histogram 550 35'
- '#histogram 551 38'
- '#histogram 552 38'
- '#histogram 553 47'
- '#histogram 554 26'
- '#histogram 555 45'
- '#histogram 556 47'
- '#histogram 557 49'
- '#histogram 558 34'
- '#histogram 559 50'
- '#histogram 560 23'
- '#histogram 561 40'
- '#histogram 562 36'
- '#histogram 563 52'
- '#histogram 564 43'
- '#histogram 565 23'
- '#histogram 566 20'
- '#histogram 567 26'
- '#histogram 568 35'
- '#histogram 569 37'
- '#histogram 570 54'
- '#histogram 571 41'
- '#histogram 572 30'
- '#histogram 573 27'
- '#histogram 574 29'
- '#histogram 575 35'
- '#histogram 576 34'
- '#histogram 577 30'
- '#histogram 578 19'
- '#histogram 579 27'
- '#histogram 580 24'
- '#histogram 581 30'
- '#histogram 582 28'
- '#histogram 583 20'
- '#histogram 584 23'
- '#histogram 585 28'
- '#histogram 586 26'
- '#histogram 587 30'
- '#histogram 588 30'
- '#histogram 589 17'
- '#histogram 590 31'
- '#histogram 591 27'
- '#histogram 592 24'
- '#histogram 593 18'
- '#histogram 594 21'
- '#histogram 595 24'
- '#histogram 596 18'
- '#histogram 597 29'
- '#histogram 598 30'
- '#histogram 599 22'
- '#histogram 600 29'
- '#histogram 601 21'
- '#histogram 602 40'
- '#histogram 603 33'
- '#histogram 604 41'
- '#histogram 605 24'
- '#histogram 606 28'
- '#histogram 607 35'
- '#histogram 608 25'
- '#histogram 609 32'
- '#histogram 610 40'
- '#histogram 611 32'
- '#histogram 612 23'
- '#histogram 613 23'
- '#histogram 614 27'
- '#histogram 615 29'
- '#histogram 616 32'
- '#histogram 617 36'
- '#histogram 618 26'
- '#histogram 619 22'
- '#histogram 620 24'
- '#histogram 621 17'
- '#histogram 622 19'
- '#histogram 623 23'
- '#histogram 624 36'
- '#histogram 625 31'
- '#histogram 626 18'
- '#histogram 627 24'
- '#histogram 628 23'
- '#histogram 629 29'
- '#histogram 630 35'
- '#histogram 631 21'
- '#histogram 632 35'
- '#histogram 633 30'
- '#histogram 634 28'
- '#histogram 635 34'
- '#histogram 636 37'
- '#histogram 637 42'
- '#histogram 638 32'
- '#histogram 639 33'
- '#histogram 640 31'
- '#histogram 641 29'
- '#histogram 642 33'
- '#histogram 643 17'
- '#histogram 644 45'
- '#histogram 645 29'
- '#histogram 646 31'
- '#histogram 647 20'
- '#histogram 648 23'
- '#histogram 649 22'
- '#histogram 650 15'
- '#histogram 651 20'
- '#histogram 652 24'
- '#histogram 653 22'
- '#histogram 654 27'
- '#histogram 655 30'
- '#histogram 656 20'
- '#histogram 657 25'
- '#histogram 658 21'
- '#histogram 659 28'
- '#histogram 660 35'
- '#histogram 661 28'
- '#histogram 662 33'
- '#histogram 663 22'
- '#histogram 664 27'
- '#histogram 665 14'
- '#histogram 666 26'
- '#histogram 667 26'
- '#histogram 668 37'
- '#histogram 669 31'
- '#histogram 670 17'
- '#histogram 671 19'
- '#histogram 672 18'
- '#histogram 673 30'
- '#histogram 674 41'
- '#histogram 675 22'
- '#histogram 676 17'
- '#histogram 677 24'
- '#histogram 678 19'
- '#histogram 679 22'
- '#histogram 680 16'
- '#histogram 681 15'
- '#histogram 682 28'
- '#histogram 683 19'
- '#histogram 684 19'
- '#histogram 685 17'
- '#histogram 686 14'
- '#histogram 687 22'
- '#histogram 688 16'
- '#histogram 689 20'
- '#histogram 690 12'
- '#histogram 691 25'
- '#histogram 692 23'
- '#histogram 693 13'
- '#histogram 694 10'
- '#histogram 695 22'
- '#histogram 696 10'
- '#histogram 697 15'
- '#histogram 698 12'
- '#histogram 699 16'
- '#histogram 700 20'
- '#histogram 701 20'
- '#histogram 702 22'
- '#histogram 703 14'
- '#histogram 704 18'
- '#histogram 705 19'
- '#histogram 706 13'
- '#histogram 707 15'
- '#histogram 708 13'
- '#histogram 709 23'
- '#histogram 710 14'
- '#histogram 711 12'
- '#histogram 712 11'
- '#histogram 713 18'
- '#histogram 714 8'
- '#histogram 715 10'
- '#histogram 716 11'
- '#histogram 717 17'
- '#histogram 718 23'
- '#histogram 719 11'
- '#histogram 720 6'
- '#histogram 721 16'
- '#histogram 722 12'
- '#histogram 723 19'
- '#histogram 724 10'
- '#histogram 725 19'
- '#histogram 726 16'
- '#histogram 727 15'
- '#histogram 728 16'
- '#histogram 729 7'
- '#histogram 730 6'
- '#histogram 731 10'
- '#histogram 732 14'
- '#histogram 733 17'
- '#histogram 734 17'
- '#histogram 735 29'
- '#histogram 736 19'
- '#histogram 737 13'
- '#histogram 738 9'
- '#histogram 739 17'
- '#histogram 740 13'
- '#histogram 741 7'
- '#histogram 742 8'
- '#histogram 743 9'
- '#histogram 744 19'
- '#histogram 745 13'
- '#histogram 746 4'
- '#histogram 747 9'
- '#histogram 748 13'
- '#histogram 749 13'
- '#histogram 750 12'
- '#histogram 751 17'
- '#histogram 752 11'
- '#histogram 753 16'
- '#histogram 754 13'
- '#histogram 755 16'
- '#histogram 756 9'
- '#histogram 757 8'
- '#histogram 758 5'
- '#histogram 759 13'
- '#histogram 760 13'
- '#histogram 761 22'
- '#histogram 762 13'
- '#histogram 763 12'
- '#histogram 764 8'
- '#histogram 765 12'
- '#histogram 766 11'
- '#histogram 767 16'
- '#histogram 768 21'
- '#histogram 769 19'
- '#histogram 770 18'
- '#histogram 771 15'
- '#histogram 772 10'
- '#histogram 773 25'
- '#histogram 774 6'
- '#histogram 775 6'
- '#histogram 776 10'
- '#histogram 777 12'
- '#histogram 778 17'
- '#histogram 779 21'
- '#histogram 780 16'
- '#histogram 781 16'
- '#histogram 782 8'
- '#histogram 783 4'
- '#histogram 784 15'
- '#histogram 785 7'
- '#histogram 786 7'
- '#histogram 787 11'
- '#histogram 788 5'
- '#histogram 789 5'
- '#histogram 790 6'
- '#histogram 791 4'
- '#histogram 792 5'
- '#histogram 793 9'
- '#histogram 794 5'
- '#histogram 795 4'
- '#histogram 796 10'
- '#histogram 797 3'
- '#histogram 798 4'
- '#histogram 799 7'
- '#histogram 800 14'
- '#histogram 801 10'
- '#histogram 802 8'
- '#histogram 803 4'
- '#histogram 804 7'
- '#histogram 805 1'
- '#histogram 806 6'
- '#histogram 807 2'
- '#histogram 808 3'
- '#histogram 809 3'
- '#histogram 810 7'
- '#histogram 811 3'
- '#histogram 812 4'
- '#histogram 813 6'
- '#histogram 814 7'
- '#histogram 815 1'
- '#histogram 816 3'
- '#histogram 817 11'
- '#histogram 818 17'
- '#histogram 819 3'
- '#histogram 820 6'
- '#histogram 821 8'
- '#histogram 822 2'
- '#histogram 823 5'
- '#histogram 824 9'
- '#histogram 825 4'
- '#histogram 826 3'
- '#histogram 827 3'
- '#histogram 828 5'
- '#histogram 829 2'
- '#histogram 830 4'
- '#histogram 831 6'
- '#histogram 832 6'
- '#histogram 833 7'
- '#histogram 834 9'
- '#histogram 835 10'
- '#histogram 836 2'
- '#histogram 837 7'
- '#histogram 838 5'
- '#histogram 839 3'
- '#histogram 840 4'
- '#histogram 841 6'
- '#histogram 842 1'
- '#histogram 843 6'
- '#histogram 844 5'
- '#histogram 845 5'
- '#histogram 846 7'
- '#histogram 847 10'
- '#histogram 848 14'
- '#histogram 849 4'
- '#histogram 850 3'
- '#histogram 851 9'
- '#histogram 852 2'
- '#histogram 854 3'
- '#histogram 855 4'
- '#histogram 856 3'
- '#histogram 857 8'
- '#histogram 858 2'
- '#histogram 859 7'
- '#histogram 860 1'
- '#histogram 861 2'
- '#histogram 862 6'
- '#histogram 863 4'
- '#histogram 865 1'
- '#histogram 867 1'
- '#histogram 868 2'
- '#histogram 869 1'
- '#histogram 870 1'
- '#histogram 872 2'
- '#histogram 873 2'
- '#histogram 874 5'
- '#histogram 875 4'
- '#histogram 876 1'
- '#histogram 877 4'
- '#histogram 878 3'
- '#histogram 879 5'
- '#histogram 880 3'
- '#histogram 881 2'
- '#histogram 882 2'
- '#histogram 883 1'
- '#histogram 884 1'
- '#histogram 885 1'
- '#histogram 886 5'
- '#histogram 888 1'
- '#histogram 889 6'
- '#histogram 890 4'
- '#histogram 891 5'
- '#histogram 892 6'
- '#histogram 893 2'
- '#histogram 894 3'
- '#histogram 895 3'
- '#histogram 896 1'
- '#histogram 897 6'
- '#histogram 898 6'
- '#histogram 899 2'
- '#histogram 900 2'
- '#histogram 901 2'
- '#histogram 903 5'
- '#histogram 904 1'
- '#histogram 908 4'
- '#histogram 909 3'
- '#histogram 910 1'
- '#histogram 911 1'
- '#histogram 914 4'
- '#histogram 915 9'
- '#histogram 916 4'
- '#histogram 917 3'
- '#histogram 918 6'
- '#histogram 920 2'
- '#histogram 921 1'
- '#histogram 922 2'
- '#histogram 923 1'
- '#histogram 927 1'
- '#histogram 929 1'
- '#histogram 930 2'
- '#histogram 931 1'
- '#histogram 932 3'
- '#histogram 933 1'
- '#histogram 935 2'
- '#histogram 936 5'
- '#histogram 937 1'
- '#histogram 938 1'
- '#histogram 939 2'
- '#histogram 941 1'
- '#histogram 942 1'
- '#histogram 944 3'
- '#histogram 946 3'
- '#histogram 947 4'
- '#histogram 949 3'
- '#histogram 950 1'
- '#histogram 951 3'
- '#histogram 953 3'
- '#histogram 954 5'
- '#histogram 955 2'
- '#histogram 956 2'
- '#histogram 957 3'
- '#histogram 958 4'
- '#histogram 959 3'
- '#histogram 960 3'
- '#histogram 961 4'
- '#histogram 962 3'
- '#histogram 963 2'
- '#histogram 964 5'
- '#histogram 965 3'
- '#histogram 966 4'
- '#histogram 967 1'
- '#histogram 968 2'
- '#histogram 969 5'
- '#histogram 970 4'
- '#histogram 974 1'
- '#histogram 975 1'
- '#histogram 978 3'
- '#histogram 979 5'
- '#histogram 980 4'
- '#histogram 982 4'
- '#histogram 983 5'
- '#histogram 985 4'
- '#histogram 986 5'
- '#histogram 987 4'
- '#histogram 988 4'
- '#histogram 989 3'
- '#histogram 990 7'
- '#histogram 991 8'
- '#histogram 992 5'
- '#histogram 993 1'
- '#histogram 994 3'
- '#histogram 995 4'
- '#histogram 996 2'
- '#histogram 998 3'
- '#histogram 999 1'
- '#histogram 1000 4'
- '#histogram 1001 5'
- '#histogram 1002 1'
- '#histogram 1003 2'
- '#histogram 1004 3'
- '#histogram 1005 3'
- '#histogram 1006 3'
- '#histogram 1007 2'
- '#histogram 1008 1'
- '#histogram 1009 3'
- '#histogram 1010 2'
- '#histogram 1011 3'
- '#histogram 1012 2'
- '#histogram 1013 7'
- '#histogram 1014 5'
- '#histogram 1015 1'
- '#histogram 1016 1'
- '#histogram 1017 6'
- '#histogram 1018 5'
- '#histogram 1019 1'
- '#histogram 1020 1'
- '#histogram 1021 1'
- '#histogram 1022 1'
- '#histogram 1023 2'
- '#histogram 1025 2'
- '#histogram 1027 1'
- '#histogram 1029 1'
- '#histogram 1030 1'
- '#histogram 1033 1'
- '#histogram 1036 3'
- '#histogram 1044 1'
- '#histogram 1045 2'
- '#histogram 1048 2'
- '#histogram 1051 1'
- '#histogram 1052 8'
- '#histogram 1053 4'
- '#histogram 1055 2'
- '#histogram 1056 2'
- '#histogram 1058 2'
- '#histogram 1059 2'
- '#histogram 1060 1'
- '#histogram 1061 1'
- '#histogram 1062 1'
- '#histogram 1063 2'
- '#histogram 1068 1'
- '#histogram 1069 1'
- '#histogram 1071 2'
- '#histogram 1072 1'
- '#histogram 1076 1'
- '#histogram 1077 2'
- '#histogram 1081 1'
- '#histogram 1085 1'
- '#histogram 1092 1'
- '#histogram 1094 2'
- '#histogram 1095 3'
- '#histogram 1096 1'
- '#histogram 1098 1'
- '#histogram 1102 2'
- '#histogram 1103 3'
- '#histogram 1106 1'
- '#histogram 1107 1'
- '#histogram 1108 2'
- '#histogram 1109 3'
- '#histogram 1110 1'
- '#histogram 1111 1'
- '#histogram 1112 5'
- '#histogram 1115 1'
- '#histogram 1116 2'
- '#histogram 1121 1'
- '#histogram 1123 2'
- '#histogram 1126 1'
- '#histogram 1135 2'
- '#histogram 1141 1'
- '#histogram 1143 1'
- '#histogram 1144 1'
- '#histogram 1154 1'
- '#histogram 1155 2'
- '#histogram 1156 2'
- '#histogram 1176 2'
- '#histogram 1177 1'
- '#histogram 1182 1'
- '#histogram 1184 2'
- '#histogram 1188 1'
- '#histogram 1191 1'
- '#histogram 1218 1'
- '#histogram 1239 1'
- '#histogram 1250 1'
- '#histogram 1259 1'
- '#histogram 1260 1'
- '#histogram 1262 1'
- '#histogram 1264 1'
- '#histogram 1266 1'
- '#histogram 1267 1'
- '#histogram 1268 1'
- '#histogram 1269 2'
- '#histogram 1279 2'
- '#histogram 1284 1'
- '#histogram 1287 1'
- '#histogram 1293 3'
- '#histogram 1294 3'
- '#histogram 1295 6'
- '#histogram 1305 1'
- '#histogram 1306 1'
- '#histogram 1307 1'
- '#histogram 1318 1'
- '#histogram 1320 1'
- '#histogram 1334 1'
- '#histogram 1364 1'
- '#histogram 1370 1'
- '#histogram 1373 1'
- '#histogram 1376 4'
- '#histogram 1377 1'
- '#histogram 1378 1'
- ''
