code: 0
data:
  avg_latency: 0.10719
  histogram:
  - - 0
    - 4
  - - 1
    - 95
  - - 2
    - 166
  - - 3
    - 200
  - - 4
    - 208
  - - 5
    - 245
  - - 6
    - 295
  - - 7
    - 308
  - - 8
    - 320
  - - 9
    - 340
  - - 10
    - 357
  - - 11
    - 356
  - - 12
    - 376
  - - 13
    - 354
  - - 14
    - 373
  - - 15
    - 404
  - - 16
    - 402
  - - 17
    - 390
  - - 18
    - 409
  - - 19
    - 475
  - - 20
    - 444
  - - 21
    - 470
  - - 22
    - 465
  - - 23
    - 445
  - - 24
    - 469
  - - 25
    - 485
  - - 26
    - 500
  - - 27
    - 524
  - - 28
    - 558
  - - 29
    - 578
  - - 30
    - 569
  - - 31
    - 626
  - - 32
    - 578
  - - 33
    - 591
  - - 34
    - 598
  - - 35
    - 598
  - - 36
    - 636
  - - 37
    - 617
  - - 38
    - 651
  - - 39
    - 752
  - - 40
    - 642
  - - 41
    - 716
  - - 42
    - 706
  - - 43
    - 688
  - - 44
    - 735
  - - 45
    - 728
  - - 46
    - 759
  - - 47
    - 716
  - - 48
    - 777
  - - 49
    - 766
  - - 50
    - 787
  - - 51
    - 752
  - - 52
    - 776
  - - 53
    - 820
  - - 54
    - 764
  - - 55
    - 839
  - - 56
    - 835
  - - 57
    - 835
  - - 58
    - 795
  - - 59
    - 860
  - - 60
    - 885
  - - 61
    - 869
  - - 62
    - 873
  - - 63
    - 808
  - - 64
    - 765
  - - 65
    - 875
  - - 66
    - 842
  - - 67
    - 842
  - - 68
    - 884
  - - 69
    - 867
  - - 70
    - 817
  - - 71
    - 878
  - - 72
    - 836
  - - 73
    - 869
  - - 74
    - 860
  - - 75
    - 836
  - - 76
    - 865
  - - 77
    - 863
  - - 78
    - 852
  - - 79
    - 900
  - - 80
    - 859
  - - 81
    - 827
  - - 82
    - 777
  - - 83
    - 797
  - - 84
    - 907
  - - 85
    - 817
  - - 86
    - 783
  - - 87
    - 774
  - - 88
    - 830
  - - 89
    - 854
  - - 90
    - 849
  - - 91
    - 804
  - - 92
    - 749
  - - 93
    - 747
  - - 94
    - 744
  - - 95
    - 705
  - - 96
    - 744
  - - 97
    - 767
  - - 98
    - 826
  - - 99
    - 789
  - - 100
    - 733
  - - 101
    - 739
  - - 102
    - 735
  - - 103
    - 738
  - - 104
    - 692
  - - 105
    - 665
  - - 106
    - 715
  - - 107
    - 666
  - - 108
    - 648
  - - 109
    - 614
  - - 110
    - 633
  - - 111
    - 643
  - - 112
    - 595
  - - 113
    - 603
  - - 114
    - 633
  - - 115
    - 610
  - - 116
    - 502
  - - 117
    - 579
  - - 118
    - 579
  - - 119
    - 580
  - - 120
    - 542
  - - 121
    - 528
  - - 122
    - 539
  - - 123
    - 517
  - - 124
    - 531
  - - 125
    - 518
  - - 126
    - 436
  - - 127
    - 423
  - - 128
    - 534
  - - 129
    - 452
  - - 130
    - 471
  - - 131
    - 441
  - - 132
    - 389
  - - 133
    - 440
  - - 134
    - 425
  - - 135
    - 434
  - - 136
    - 400
  - - 137
    - 386
  - - 138
    - 351
  - - 139
    - 346
  - - 140
    - 379
  - - 141
    - 402
  - - 142
    - 346
  - - 143
    - 320
  - - 144
    - 331
  - - 145
    - 360
  - - 146
    - 345
  - - 147
    - 320
  - - 148
    - 317
  - - 149
    - 318
  - - 150
    - 343
  - - 151
    - 318
  - - 152
    - 311
  - - 153
    - 272
  - - 154
    - 264
  - - 155
    - 278
  - - 156
    - 266
  - - 157
    - 274
  - - 158
    - 279
  - - 159
    - 273
  - - 160
    - 256
  - - 161
    - 257
  - - 162
    - 225
  - - 163
    - 250
  - - 164
    - 239
  - - 165
    - 248
  - - 166
    - 248
  - - 167
    - 231
  - - 168
    - 231
  - - 169
    - 245
  - - 170
    - 219
  - - 171
    - 200
  - - 172
    - 207
  - - 173
    - 200
  - - 174
    - 238
  - - 175
    - 198
  - - 176
    - 222
  - - 177
    - 207
  - - 178
    - 201
  - - 179
    - 197
  - - 180
    - 166
  - - 181
    - 169
  - - 182
    - 167
  - - 183
    - 166
  - - 184
    - 161
  - - 185
    - 189
  - - 186
    - 153
  - - 187
    - 163
  - - 188
    - 142
  - - 189
    - 166
  - - 190
    - 173
  - - 191
    - 162
  - - 192
    - 157
  - - 193
    - 155
  - - 194
    - 133
  - - 195
    - 113
  - - 196
    - 116
  - - 197
    - 131
  - - 198
    - 107
  - - 199
    - 115
  - - 200
    - 126
  - - 201
    - 113
  - - 202
    - 118
  - - 203
    - 109
  - - 204
    - 96
  - - 205
    - 109
  - - 206
    - 107
  - - 207
    - 126
  - - 208
    - 92
  - - 209
    - 129
  - - 210
    - 118
  - - 211
    - 123
  - - 212
    - 98
  - - 213
    - 104
  - - 214
    - 102
  - - 215
    - 94
  - - 216
    - 103
  - - 217
    - 72
  - - 218
    - 67
  - - 219
    - 84
  - - 220
    - 85
  - - 221
    - 88
  - - 222
    - 74
  - - 223
    - 60
  - - 224
    - 94
  - - 225
    - 82
  - - 226
    - 61
  - - 227
    - 72
  - - 228
    - 81
  - - 229
    - 74
  - - 230
    - 74
  - - 231
    - 70
  - - 232
    - 75
  - - 233
    - 77
  - - 234
    - 69
  - - 235
    - 58
  - - 236
    - 59
  - - 237
    - 64
  - - 238
    - 66
  - - 239
    - 53
  - - 240
    - 73
  - - 241
    - 69
  - - 242
    - 64
  - - 243
    - 49
  - - 244
    - 61
  - - 245
    - 54
  - - 246
    - 66
  - - 247
    - 52
  - - 248
    - 49
  - - 249
    - 59
  - - 250
    - 56
  - - 251
    - 57
  - - 252
    - 53
  - - 253
    - 55
  - - 254
    - 57
  - - 255
    - 53
  - - 256
    - 58
  - - 257
    - 60
  - - 258
    - 52
  - - 259
    - 46
  - - 260
    - 45
  - - 261
    - 49
  - - 262
    - 44
  - - 263
    - 46
  - - 264
    - 52
  - - 265
    - 57
  - - 266
    - 37
  - - 267
    - 46
  - - 268
    - 29
  - - 269
    - 46
  - - 270
    - 47
  - - 271
    - 53
  - - 272
    - 45
  - - 273
    - 36
  - - 274
    - 40
  - - 275
    - 52
  - - 276
    - 46
  - - 277
    - 24
  - - 278
    - 31
  - - 279
    - 37
  - - 280
    - 37
  - - 281
    - 39
  - - 282
    - 37
  - - 283
    - 43
  - - 284
    - 44
  - - 285
    - 43
  - - 286
    - 41
  - - 287
    - 30
  - - 288
    - 33
  - - 289
    - 35
  - - 290
    - 33
  - - 291
    - 20
  - - 292
    - 39
  - - 293
    - 32
  - - 294
    - 29
  - - 295
    - 37
  - - 296
    - 29
  - - 297
    - 43
  - - 298
    - 38
  - - 299
    - 29
  - - 300
    - 29
  - - 301
    - 40
  - - 302
    - 30
  - - 303
    - 32
  - - 304
    - 35
  - - 305
    - 18
  - - 306
    - 29
  - - 307
    - 29
  - - 308
    - 34
  - - 309
    - 19
  - - 310
    - 20
  - - 311
    - 22
  - - 312
    - 31
  - - 313
    - 23
  - - 314
    - 20
  - - 315
    - 28
  - - 316
    - 27
  - - 317
    - 28
  - - 318
    - 29
  - - 319
    - 28
  - - 320
    - 23
  - - 321
    - 20
  - - 322
    - 23
  - - 323
    - 22
  - - 324
    - 34
  - - 325
    - 32
  - - 326
    - 24
  - - 327
    - 26
  - - 328
    - 25
  - - 329
    - 26
  - - 330
    - 31
  - - 331
    - 18
  - - 332
    - 20
  - - 333
    - 25
  - - 334
    - 26
  - - 335
    - 19
  - - 336
    - 31
  - - 337
    - 29
  - - 338
    - 26
  - - 339
    - 22
  - - 340
    - 26
  - - 341
    - 14
  - - 342
    - 19
  - - 343
    - 27
  - - 344
    - 26
  - - 345
    - 23
  - - 346
    - 27
  - - 347
    - 32
  - - 348
    - 15
  - - 349
    - 21
  - - 350
    - 22
  - - 351
    - 16
  - - 352
    - 25
  - - 353
    - 28
  - - 354
    - 19
  - - 355
    - 23
  - - 356
    - 17
  - - 357
    - 19
  - - 358
    - 26
  - - 359
    - 17
  - - 360
    - 24
  - - 361
    - 24
  - - 362
    - 19
  - - 363
    - 26
  - - 364
    - 24
  - - 365
    - 14
  - - 366
    - 13
  - - 367
    - 10
  - - 368
    - 21
  - - 369
    - 15
  - - 370
    - 23
  - - 371
    - 17
  - - 372
    - 20
  - - 373
    - 13
  - - 374
    - 18
  - - 375
    - 22
  - - 376
    - 31
  - - 377
    - 22
  - - 378
    - 18
  - - 379
    - 8
  - - 380
    - 11
  - - 381
    - 19
  - - 382
    - 18
  - - 383
    - 18
  - - 384
    - 20
  - - 385
    - 13
  - - 386
    - 18
  - - 387
    - 16
  - - 388
    - 15
  - - 389
    - 17
  - - 390
    - 17
  - - 391
    - 12
  - - 392
    - 13
  - - 393
    - 13
  - - 394
    - 19
  - - 395
    - 13
  - - 396
    - 23
  - - 397
    - 20
  - - 398
    - 10
  - - 399
    - 18
  - - 400
    - 12
  - - 401
    - 11
  - - 402
    - 12
  - - 403
    - 11
  - - 404
    - 16
  - - 405
    - 22
  - - 406
    - 15
  - - 407
    - 12
  - - 408
    - 11
  - - 409
    - 5
  - - 410
    - 15
  - - 411
    - 14
  - - 412
    - 14
  - - 413
    - 11
  - - 414
    - 11
  - - 415
    - 14
  - - 416
    - 14
  - - 417
    - 12
  - - 418
    - 13
  - - 419
    - 10
  - - 420
    - 9
  - - 421
    - 8
  - - 422
    - 13
  - - 423
    - 8
  - - 424
    - 12
  - - 425
    - 13
  - - 426
    - 14
  - - 427
    - 12
  - - 428
    - 6
  - - 429
    - 9
  - - 430
    - 6
  - - 431
    - 10
  - - 432
    - 13
  - - 433
    - 8
  - - 434
    - 9
  - - 435
    - 8
  - - 436
    - 15
  - - 437
    - 8
  - - 438
    - 16
  - - 439
    - 10
  - - 440
    - 10
  - - 441
    - 11
  - - 442
    - 11
  - - 443
    - 10
  - - 444
    - 9
  - - 445
    - 10
  - - 446
    - 8
  - - 447
    - 10
  - - 448
    - 5
  - - 449
    - 11
  - - 450
    - 7
  - - 451
    - 6
  - - 452
    - 5
  - - 453
    - 12
  - - 454
    - 13
  - - 455
    - 17
  - - 456
    - 6
  - - 457
    - 15
  - - 458
    - 8
  - - 459
    - 11
  - - 460
    - 11
  - - 461
    - 6
  - - 462
    - 10
  - - 463
    - 8
  - - 464
    - 11
  - - 465
    - 10
  - - 466
    - 10
  - - 467
    - 9
  - - 468
    - 7
  - - 469
    - 8
  - - 470
    - 4
  - - 471
    - 10
  - - 472
    - 5
  - - 473
    - 16
  - - 474
    - 7
  - - 475
    - 7
  - - 476
    - 3
  - - 477
    - 7
  - - 478
    - 11
  - - 479
    - 6
  - - 480
    - 8
  - - 481
    - 7
  - - 482
    - 10
  - - 483
    - 4
  - - 484
    - 6
  - - 485
    - 10
  - - 486
    - 10
  - - 487
    - 3
  - - 488
    - 5
  - - 489
    - 8
  - - 490
    - 8
  - - 491
    - 6
  - - 492
    - 5
  - - 493
    - 13
  - - 494
    - 8
  - - 495
    - 13
  - - 496
    - 11
  - - 497
    - 8
  - - 498
    - 4
  - - 499
    - 8
  - - 500
    - 7
  - - 501
    - 5
  - - 502
    - 5
  - - 503
    - 5
  - - 504
    - 11
  - - 505
    - 8
  - - 506
    - 6
  - - 507
    - 5
  - - 508
    - 8
  - - 509
    - 9
  - - 510
    - 8
  - - 511
    - 5
  - - 512
    - 8
  - - 513
    - 8
  - - 514
    - 6
  - - 515
    - 11
  - - 516
    - 6
  - - 517
    - 3
  - - 518
    - 2
  - - 519
    - 4
  - - 520
    - 7
  - - 521
    - 3
  - - 522
    - 8
  - - 523
    - 7
  - - 524
    - 3
  - - 525
    - 4
  - - 526
    - 5
  - - 527
    - 5
  - - 528
    - 5
  - - 529
    - 5
  - - 530
    - 3
  - - 531
    - 7
  - - 532
    - 8
  - - 533
    - 5
  - - 534
    - 6
  - - 535
    - 3
  - - 536
    - 8
  - - 537
    - 3
  - - 538
    - 5
  - - 539
    - 5
  - - 540
    - 6
  - - 541
    - 4
  - - 542
    - 1
  - - 543
    - 8
  - - 544
    - 3
  - - 545
    - 7
  - - 546
    - 5
  - - 547
    - 5
  - - 548
    - 4
  - - 549
    - 9
  - - 550
    - 5
  - - 551
    - 8
  - - 552
    - 9
  - - 553
    - 6
  - - 554
    - 6
  - - 555
    - 8
  - - 556
    - 5
  - - 557
    - 6
  - - 558
    - 5
  - - 559
    - 5
  - - 560
    - 6
  - - 561
    - 6
  - - 562
    - 2
  - - 563
    - 2
  - - 564
    - 5
  - - 565
    - 7
  - - 566
    - 6
  - - 567
    - 3
  - - 568
    - 8
  - - 569
    - 3
  - - 570
    - 3
  - - 571
    - 4
  - - 572
    - 6
  - - 573
    - 4
  - - 575
    - 4
  - - 576
    - 3
  - - 577
    - 2
  - - 578
    - 4
  - - 579
    - 2
  - - 580
    - 6
  - - 581
    - 6
  - - 582
    - 2
  - - 583
    - 3
  - - 584
    - 4
  - - 585
    - 6
  - - 586
    - 2
  - - 587
    - 2
  - - 588
    - 5
  - - 589
    - 7
  - - 590
    - 4
  - - 591
    - 11
  - - 593
    - 3
  - - 594
    - 1
  - - 595
    - 2
  - - 596
    - 4
  - - 597
    - 1
  - - 599
    - 1
  - - 600
    - 5
  - - 601
    - 2
  - - 602
    - 4
  - - 603
    - 5
  - - 604
    - 1
  - - 605
    - 3
  - - 606
    - 5
  - - 607
    - 5
  - - 608
    - 4
  - - 609
    - 3
  - - 610
    - 1
  - - 611
    - 4
  - - 612
    - 2
  - - 613
    - 1
  - - 614
    - 5
  - - 615
    - 2
  - - 617
    - 2
  - - 618
    - 5
  - - 619
    - 2
  - - 620
    - 2
  - - 621
    - 5
  - - 622
    - 8
  - - 623
    - 4
  - - 624
    - 1
  - - 625
    - 4
  - - 626
    - 4
  - - 627
    - 1
  - - 628
    - 2
  - - 629
    - 3
  - - 630
    - 4
  - - 631
    - 5
  - - 632
    - 5
  - - 633
    - 3
  - - 634
    - 5
  - - 635
    - 3
  - - 636
    - 3
  - - 637
    - 2
  - - 638
    - 1
  - - 639
    - 4
  - - 640
    - 2
  - - 641
    - 4
  - - 642
    - 3
  - - 643
    - 3
  - - 644
    - 1
  - - 645
    - 4
  - - 646
    - 1
  - - 647
    - 4
  - - 648
    - 2
  - - 649
    - 4
  - - 650
    - 3
  - - 651
    - 3
  - - 655
    - 1
  - - 656
    - 3
  - - 657
    - 1
  - - 658
    - 1
  - - 659
    - 5
  - - 661
    - 1
  - - 662
    - 1
  - - 663
    - 3
  - - 664
    - 4
  - - 666
    - 5
  - - 667
    - 1
  - - 669
    - 1
  - - 670
    - 1
  - - 671
    - 1
  - - 672
    - 1
  - - 674
    - 3
  - - 675
    - 2
  - - 676
    - 5
  - - 677
    - 1
  - - 678
    - 3
  - - 679
    - 2
  - - 680
    - 1
  - - 682
    - 1
  - - 685
    - 1
  - - 687
    - 3
  - - 689
    - 2
  - - 690
    - 5
  - - 691
    - 2
  - - 692
    - 1
  - - 693
    - 1
  - - 694
    - 3
  - - 695
    - 4
  - - 696
    - 3
  - - 697
    - 1
  - - 698
    - 1
  - - 699
    - 1
  - - 700
    - 3
  - - 701
    - 2
  - - 702
    - 3
  - - 703
    - 1
  - - 704
    - 1
  - - 707
    - 1
  - - 708
    - 1
  - - 710
    - 1
  - - 711
    - 1
  - - 712
    - 1
  - - 715
    - 1
  - - 717
    - 2
  - - 721
    - 1
  - - 722
    - 3
  - - 724
    - 1
  - - 725
    - 1
  - - 727
    - 3
  - - 728
    - 1
  - - 729
    - 2
  - - 730
    - 1
  - - 731
    - 3
  - - 732
    - 1
  - - 734
    - 2
  - - 735
    - 1
  - - 736
    - 2
  - - 737
    - 1
  - - 739
    - 2
  - - 740
    - 3
  - - 741
    - 2
  - - 743
    - 2
  - - 744
    - 3
  - - 745
    - 1
  - - 746
    - 3
  - - 747
    - 3
  - - 749
    - 2
  - - 751
    - 3
  - - 752
    - 1
  - - 754
    - 1
  - - 755
    - 4
  - - 756
    - 3
  - - 757
    - 2
  - - 759
    - 2
  - - 760
    - 1
  - - 762
    - 1
  - - 763
    - 1
  - - 764
    - 1
  - - 765
    - 2
  - - 766
    - 2
  - - 769
    - 1
  - - 770
    - 2
  - - 771
    - 1
  - - 772
    - 1
  - - 774
    - 2
  - - 776
    - 1
  - - 780
    - 2
  - - 781
    - 1
  - - 782
    - 2
  - - 784
    - 1
  - - 785
    - 1
  - - 787
    - 1
  - - 788
    - 1
  - - 792
    - 1
  - - 794
    - 1
  - - 795
    - 1
  - - 796
    - 3
  - - 797
    - 2
  - - 800
    - 2
  - - 801
    - 2
  - - 806
    - 2
  - - 807
    - 1
  - - 809
    - 1
  - - 810
    - 1
  - - 812
    - 1
  - - 813
    - 2
  - - 814
    - 1
  - - 815
    - 1
  - - 816
    - 1
  - - 817
    - 1
  - - 818
    - 1
  - - 819
    - 4
  - - 820
    - 1
  - - 821
    - 2
  - - 822
    - 1
  - - 826
    - 1
  - - 827
    - 1
  - - 829
    - 2
  - - 834
    - 2
  - - 835
    - 1
  - - 838
    - 1
  - - 841
    - 1
  - - 842
    - 1
  - - 847
    - 2
  - - 848
    - 2
  - - 851
    - 1
  - - 853
    - 1
  - - 854
    - 2
  - - 855
    - 1
  - - 856
    - 1
  - - 858
    - 1
  - - 859
    - 1
  - - 860
    - 2
  - - 861
    - 1
  - - 862
    - 2
  - - 863
    - 3
  - - 866
    - 1
  - - 867
    - 1
  - - 868
    - 2
  - - 872
    - 2
  - - 874
    - 1
  - - 876
    - 1
  - - 879
    - 2
  - - 881
    - 1
  - - 882
    - 1
  - - 884
    - 1
  - - 888
    - 1
  - - 891
    - 1
  - - 892
    - 3
  - - 894
    - 1
  - - 895
    - 1
  - - 899
    - 2
  - - 900
    - 2
  - - 902
    - 3
  - - 909
    - 2
  - - 913
    - 1
  - - 916
    - 1
  - - 917
    - 3
  - - 923
    - 1
  - - 925
    - 1
  - - 926
    - 1
  - - 927
    - 1
  - - 932
    - 1
  - - 934
    - 2
  - - 935
    - 1
  - - 938
    - 1
  - - 939
    - 1
  - - 941
    - 1
  - - 947
    - 2
  - - 949
    - 1
  - - 960
    - 1
  - - 963
    - 1
  - - 990
    - 1
  - - 993
    - 1
  - - 1031
    - 1
  - - 1042
    - 1
  - - 1057
    - 1
  - - 1128
    - 1
  - - 1172
    - 1
  - - 1203
    - 1
  - - 1242
    - 1
  - - 1246
    - 1
  - - 1303
    - 1
  - - 1310
    - 1
  - - 1408
    - 1
  latency_50_percentile: 87.0
  latency_95_percentile: 262.0
  latency_99_5_percentile: 572.0
  latency_99_percentile: 480.0
  max_kubedns_cpu: 575
  max_kubedns_memory: 31
  max_latency: 1.408064
  max_perfserver_cpu: 0
  max_perfserver_memory: 0
  min_latency: 0.000607
  msg: null
  ok: true
  qps: 931.031987
  queries_completed: 111795
  queries_lost: 0
  queries_sent: 111795
  run_time: 120.076433
  stddev_latency: 0.089319
params:
  max_qps: null
  pod_name: dns-perf-client-858fb7568b-nxzsh
  query_file: all-queries.txt
  run_id: 1777617890
  run_length_seconds: 120
  run_subid: 0
stderr:
- ''
stdout:
- DNS Performance Testing Tool
- Nominum Version 2.1.0.0
- ''
- '[Status] Command line: dnsperf -s 10.0.0.10 -l 120 -d /queries/all-queries.txt'
- '[Status] Sending queries (to 10.0.0.10)'
- '[Status] Started at: Fri May  1 06:45:24 2026'
- '[Status] Stopping after 120.000000 seconds'
- '[Status] Testing complete (time limit)'
- ''
- 'Statistics:'
- ''
- '  Queries sent:         111795'
- '  Queries completed:    111795 (100.00%)'
- '  Queries lost:         0 (0.00%)'
- ''
- '  Response codes:       NOERROR 13416 (12.00%), NXDOMAIN 98379 (88.00%)'
- '  Average packet size:  request 38, response 122'
- '  Run time (s):         120.076433'
- '  Queries per second:   931.031987'
- ''
- '  Average Latency (s):  0.107190 (min 0.000607, max 1.408064)'
- '  Latency StdDev (s):   0.089319'
- ''
- '  Latency histogram'
- '#histogram 0 4'
- '#histogram 1 95'
- '#histogram 2 166'
- '#histogram 3 200'
- '#histogram 4 208'
- '#histogram 5 245'
- '#histogram 6 295'
- '#histogram 7 308'
- '#histogram 8 320'
- '#histogram 9 340'
- '#histogram 10 357'
- '#histogram 11 356'
- '#histogram 12 376'
- '#histogram 13 354'
- '#histogram 14 373'
- '#histogram 15 404'
- '#histogram 16 402'
- '#histogram 17 390'
- '#histogram 18 409'
- '#histogram 19 475'
- '#histogram 20 444'
- '#histogram 21 470'
- '#histogram 22 465'
- '#histogram 23 445'
- '#histogram 24 469'
- '#histogram 25 485'
- '#histogram 26 500'
- '#histogram 27 524'
- '#histogram 28 558'
- '#histogram 29 578'
- '#histogram 30 569'
- '#histogram 31 626'
- '#histogram 32 578'
- '#histogram 33 591'
- '#histogram 34 598'
- '#histogram 35 598'
- '#histogram 36 636'
- '#histogram 37 617'
- '#histogram 38 651'
- '#histogram 39 752'
- '#histogram 40 642'
- '#histogram 41 716'
- '#histogram 42 706'
- '#histogram 43 688'
- '#histogram 44 735'
- '#histogram 45 728'
- '#histogram 46 759'
- '#histogram 47 716'
- '#histogram 48 777'
- '#histogram 49 766'
- '#histogram 50 787'
- '#histogram 51 752'
- '#histogram 52 776'
- '#histogram 53 820'
- '#histogram 54 764'
- '#histogram 55 839'
- '#histogram 56 835'
- '#histogram 57 835'
- '#histogram 58 795'
- '#histogram 59 860'
- '#histogram 60 885'
- '#histogram 61 869'
- '#histogram 62 873'
- '#histogram 63 808'
- '#histogram 64 765'
- '#histogram 65 875'
- '#histogram 66 842'
- '#histogram 67 842'
- '#histogram 68 884'
- '#histogram 69 867'
- '#histogram 70 817'
- '#histogram 71 878'
- '#histogram 72 836'
- '#histogram 73 869'
- '#histogram 74 860'
- '#histogram 75 836'
- '#histogram 76 865'
- '#histogram 77 863'
- '#histogram 78 852'
- '#histogram 79 900'
- '#histogram 80 859'
- '#histogram 81 827'
- '#histogram 82 777'
- '#histogram 83 797'
- '#histogram 84 907'
- '#histogram 85 817'
- '#histogram 86 783'
- '#histogram 87 774'
- '#histogram 88 830'
- '#histogram 89 854'
- '#histogram 90 849'
- '#histogram 91 804'
- '#histogram 92 749'
- '#histogram 93 747'
- '#histogram 94 744'
- '#histogram 95 705'
- '#histogram 96 744'
- '#histogram 97 767'
- '#histogram 98 826'
- '#histogram 99 789'
- '#histogram 100 733'
- '#histogram 101 739'
- '#histogram 102 735'
- '#histogram 103 738'
- '#histogram 104 692'
- '#histogram 105 665'
- '#histogram 106 715'
- '#histogram 107 666'
- '#histogram 108 648'
- '#histogram 109 614'
- '#histogram 110 633'
- '#histogram 111 643'
- '#histogram 112 595'
- '#histogram 113 603'
- '#histogram 114 633'
- '#histogram 115 610'
- '#histogram 116 502'
- '#histogram 117 579'
- '#histogram 118 579'
- '#histogram 119 580'
- '#histogram 120 542'
- '#histogram 121 528'
- '#histogram 122 539'
- '#histogram 123 517'
- '#histogram 124 531'
- '#histogram 125 518'
- '#histogram 126 436'
- '#histogram 127 423'
- '#histogram 128 534'
- '#histogram 129 452'
- '#histogram 130 471'
- '#histogram 131 441'
- '#histogram 132 389'
- '#histogram 133 440'
- '#histogram 134 425'
- '#histogram 135 434'
- '#histogram 136 400'
- '#histogram 137 386'
- '#histogram 138 351'
- '#histogram 139 346'
- '#histogram 140 379'
- '#histogram 141 402'
- '#histogram 142 346'
- '#histogram 143 320'
- '#histogram 144 331'
- '#histogram 145 360'
- '#histogram 146 345'
- '#histogram 147 320'
- '#histogram 148 317'
- '#histogram 149 318'
- '#histogram 150 343'
- '#histogram 151 318'
- '#histogram 152 311'
- '#histogram 153 272'
- '#histogram 154 264'
- '#histogram 155 278'
- '#histogram 156 266'
- '#histogram 157 274'
- '#histogram 158 279'
- '#histogram 159 273'
- '#histogram 160 256'
- '#histogram 161 257'
- '#histogram 162 225'
- '#histogram 163 250'
- '#histogram 164 239'
- '#histogram 165 248'
- '#histogram 166 248'
- '#histogram 167 231'
- '#histogram 168 231'
- '#histogram 169 245'
- '#histogram 170 219'
- '#histogram 171 200'
- '#histogram 172 207'
- '#histogram 173 200'
- '#histogram 174 238'
- '#histogram 175 198'
- '#histogram 176 222'
- '#histogram 177 207'
- '#histogram 178 201'
- '#histogram 179 197'
- '#histogram 180 166'
- '#histogram 181 169'
- '#histogram 182 167'
- '#histogram 183 166'
- '#histogram 184 161'
- '#histogram 185 189'
- '#histogram 186 153'
- '#histogram 187 163'
- '#histogram 188 142'
- '#histogram 189 166'
- '#histogram 190 173'
- '#histogram 191 162'
- '#histogram 192 157'
- '#histogram 193 155'
- '#histogram 194 133'
- '#histogram 195 113'
- '#histogram 196 116'
- '#histogram 197 131'
- '#histogram 198 107'
- '#histogram 199 115'
- '#histogram 200 126'
- '#histogram 201 113'
- '#histogram 202 118'
- '#histogram 203 109'
- '#histogram 204 96'
- '#histogram 205 109'
- '#histogram 206 107'
- '#histogram 207 126'
- '#histogram 208 92'
- '#histogram 209 129'
- '#histogram 210 118'
- '#histogram 211 123'
- '#histogram 212 98'
- '#histogram 213 104'
- '#histogram 214 102'
- '#histogram 215 94'
- '#histogram 216 103'
- '#histogram 217 72'
- '#histogram 218 67'
- '#histogram 219 84'
- '#histogram 220 85'
- '#histogram 221 88'
- '#histogram 222 74'
- '#histogram 223 60'
- '#histogram 224 94'
- '#histogram 225 82'
- '#histogram 226 61'
- '#histogram 227 72'
- '#histogram 228 81'
- '#histogram 229 74'
- '#histogram 230 74'
- '#histogram 231 70'
- '#histogram 232 75'
- '#histogram 233 77'
- '#histogram 234 69'
- '#histogram 235 58'
- '#histogram 236 59'
- '#histogram 237 64'
- '#histogram 238 66'
- '#histogram 239 53'
- '#histogram 240 73'
- '#histogram 241 69'
- '#histogram 242 64'
- '#histogram 243 49'
- '#histogram 244 61'
- '#histogram 245 54'
- '#histogram 246 66'
- '#histogram 247 52'
- '#histogram 248 49'
- '#histogram 249 59'
- '#histogram 250 56'
- '#histogram 251 57'
- '#histogram 252 53'
- '#histogram 253 55'
- '#histogram 254 57'
- '#histogram 255 53'
- '#histogram 256 58'
- '#histogram 257 60'
- '#histogram 258 52'
- '#histogram 259 46'
- '#histogram 260 45'
- '#histogram 261 49'
- '#histogram 262 44'
- '#histogram 263 46'
- '#histogram 264 52'
- '#histogram 265 57'
- '#histogram 266 37'
- '#histogram 267 46'
- '#histogram 268 29'
- '#histogram 269 46'
- '#histogram 270 47'
- '#histogram 271 53'
- '#histogram 272 45'
- '#histogram 273 36'
- '#histogram 274 40'
- '#histogram 275 52'
- '#histogram 276 46'
- '#histogram 277 24'
- '#histogram 278 31'
- '#histogram 279 37'
- '#histogram 280 37'
- '#histogram 281 39'
- '#histogram 282 37'
- '#histogram 283 43'
- '#histogram 284 44'
- '#histogram 285 43'
- '#histogram 286 41'
- '#histogram 287 30'
- '#histogram 288 33'
- '#histogram 289 35'
- '#histogram 290 33'
- '#histogram 291 20'
- '#histogram 292 39'
- '#histogram 293 32'
- '#histogram 294 29'
- '#histogram 295 37'
- '#histogram 296 29'
- '#histogram 297 43'
- '#histogram 298 38'
- '#histogram 299 29'
- '#histogram 300 29'
- '#histogram 301 40'
- '#histogram 302 30'
- '#histogram 303 32'
- '#histogram 304 35'
- '#histogram 305 18'
- '#histogram 306 29'
- '#histogram 307 29'
- '#histogram 308 34'
- '#histogram 309 19'
- '#histogram 310 20'
- '#histogram 311 22'
- '#histogram 312 31'
- '#histogram 313 23'
- '#histogram 314 20'
- '#histogram 315 28'
- '#histogram 316 27'
- '#histogram 317 28'
- '#histogram 318 29'
- '#histogram 319 28'
- '#histogram 320 23'
- '#histogram 321 20'
- '#histogram 322 23'
- '#histogram 323 22'
- '#histogram 324 34'
- '#histogram 325 32'
- '#histogram 326 24'
- '#histogram 327 26'
- '#histogram 328 25'
- '#histogram 329 26'
- '#histogram 330 31'
- '#histogram 331 18'
- '#histogram 332 20'
- '#histogram 333 25'
- '#histogram 334 26'
- '#histogram 335 19'
- '#histogram 336 31'
- '#histogram 337 29'
- '#histogram 338 26'
- '#histogram 339 22'
- '#histogram 340 26'
- '#histogram 341 14'
- '#histogram 342 19'
- '#histogram 343 27'
- '#histogram 344 26'
- '#histogram 345 23'
- '#histogram 346 27'
- '#histogram 347 32'
- '#histogram 348 15'
- '#histogram 349 21'
- '#histogram 350 22'
- '#histogram 351 16'
- '#histogram 352 25'
- '#histogram 353 28'
- '#histogram 354 19'
- '#histogram 355 23'
- '#histogram 356 17'
- '#histogram 357 19'
- '#histogram 358 26'
- '#histogram 359 17'
- '#histogram 360 24'
- '#histogram 361 24'
- '#histogram 362 19'
- '#histogram 363 26'
- '#histogram 364 24'
- '#histogram 365 14'
- '#histogram 366 13'
- '#histogram 367 10'
- '#histogram 368 21'
- '#histogram 369 15'
- '#histogram 370 23'
- '#histogram 371 17'
- '#histogram 372 20'
- '#histogram 373 13'
- '#histogram 374 18'
- '#histogram 375 22'
- '#histogram 376 31'
- '#histogram 377 22'
- '#histogram 378 18'
- '#histogram 379 8'
- '#histogram 380 11'
- '#histogram 381 19'
- '#histogram 382 18'
- '#histogram 383 18'
- '#histogram 384 20'
- '#histogram 385 13'
- '#histogram 386 18'
- '#histogram 387 16'
- '#histogram 388 15'
- '#histogram 389 17'
- '#histogram 390 17'
- '#histogram 391 12'
- '#histogram 392 13'
- '#histogram 393 13'
- '#histogram 394 19'
- '#histogram 395 13'
- '#histogram 396 23'
- '#histogram 397 20'
- '#histogram 398 10'
- '#histogram 399 18'
- '#histogram 400 12'
- '#histogram 401 11'
- '#histogram 402 12'
- '#histogram 403 11'
- '#histogram 404 16'
- '#histogram 405 22'
- '#histogram 406 15'
- '#histogram 407 12'
- '#histogram 408 11'
- '#histogram 409 5'
- '#histogram 410 15'
- '#histogram 411 14'
- '#histogram 412 14'
- '#histogram 413 11'
- '#histogram 414 11'
- '#histogram 415 14'
- '#histogram 416 14'
- '#histogram 417 12'
- '#histogram 418 13'
- '#histogram 419 10'
- '#histogram 420 9'
- '#histogram 421 8'
- '#histogram 422 13'
- '#histogram 423 8'
- '#histogram 424 12'
- '#histogram 425 13'
- '#histogram 426 14'
- '#histogram 427 12'
- '#histogram 428 6'
- '#histogram 429 9'
- '#histogram 430 6'
- '#histogram 431 10'
- '#histogram 432 13'
- '#histogram 433 8'
- '#histogram 434 9'
- '#histogram 435 8'
- '#histogram 436 15'
- '#histogram 437 8'
- '#histogram 438 16'
- '#histogram 439 10'
- '#histogram 440 10'
- '#histogram 441 11'
- '#histogram 442 11'
- '#histogram 443 10'
- '#histogram 444 9'
- '#histogram 445 10'
- '#histogram 446 8'
- '#histogram 447 10'
- '#histogram 448 5'
- '#histogram 449 11'
- '#histogram 450 7'
- '#histogram 451 6'
- '#histogram 452 5'
- '#histogram 453 12'
- '#histogram 454 13'
- '#histogram 455 17'
- '#histogram 456 6'
- '#histogram 457 15'
- '#histogram 458 8'
- '#histogram 459 11'
- '#histogram 460 11'
- '#histogram 461 6'
- '#histogram 462 10'
- '#histogram 463 8'
- '#histogram 464 11'
- '#histogram 465 10'
- '#histogram 466 10'
- '#histogram 467 9'
- '#histogram 468 7'
- '#histogram 469 8'
- '#histogram 470 4'
- '#histogram 471 10'
- '#histogram 472 5'
- '#histogram 473 16'
- '#histogram 474 7'
- '#histogram 475 7'
- '#histogram 476 3'
- '#histogram 477 7'
- '#histogram 478 11'
- '#histogram 479 6'
- '#histogram 480 8'
- '#histogram 481 7'
- '#histogram 482 10'
- '#histogram 483 4'
- '#histogram 484 6'
- '#histogram 485 10'
- '#histogram 486 10'
- '#histogram 487 3'
- '#histogram 488 5'
- '#histogram 489 8'
- '#histogram 490 8'
- '#histogram 491 6'
- '#histogram 492 5'
- '#histogram 493 13'
- '#histogram 494 8'
- '#histogram 495 13'
- '#histogram 496 11'
- '#histogram 497 8'
- '#histogram 498 4'
- '#histogram 499 8'
- '#histogram 500 7'
- '#histogram 501 5'
- '#histogram 502 5'
- '#histogram 503 5'
- '#histogram 504 11'
- '#histogram 505 8'
- '#histogram 506 6'
- '#histogram 507 5'
- '#histogram 508 8'
- '#histogram 509 9'
- '#histogram 510 8'
- '#histogram 511 5'
- '#histogram 512 8'
- '#histogram 513 8'
- '#histogram 514 6'
- '#histogram 515 11'
- '#histogram 516 6'
- '#histogram 517 3'
- '#histogram 518 2'
- '#histogram 519 4'
- '#histogram 520 7'
- '#histogram 521 3'
- '#histogram 522 8'
- '#histogram 523 7'
- '#histogram 524 3'
- '#histogram 525 4'
- '#histogram 526 5'
- '#histogram 527 5'
- '#histogram 528 5'
- '#histogram 529 5'
- '#histogram 530 3'
- '#histogram 531 7'
- '#histogram 532 8'
- '#histogram 533 5'
- '#histogram 534 6'
- '#histogram 535 3'
- '#histogram 536 8'
- '#histogram 537 3'
- '#histogram 538 5'
- '#histogram 539 5'
- '#histogram 540 6'
- '#histogram 541 4'
- '#histogram 542 1'
- '#histogram 543 8'
- '#histogram 544 3'
- '#histogram 545 7'
- '#histogram 546 5'
- '#histogram 547 5'
- '#histogram 548 4'
- '#histogram 549 9'
- '#histogram 550 5'
- '#histogram 551 8'
- '#histogram 552 9'
- '#histogram 553 6'
- '#histogram 554 6'
- '#histogram 555 8'
- '#histogram 556 5'
- '#histogram 557 6'
- '#histogram 558 5'
- '#histogram 559 5'
- '#histogram 560 6'
- '#histogram 561 6'
- '#histogram 562 2'
- '#histogram 563 2'
- '#histogram 564 5'
- '#histogram 565 7'
- '#histogram 566 6'
- '#histogram 567 3'
- '#histogram 568 8'
- '#histogram 569 3'
- '#histogram 570 3'
- '#histogram 571 4'
- '#histogram 572 6'
- '#histogram 573 4'
- '#histogram 575 4'
- '#histogram 576 3'
- '#histogram 577 2'
- '#histogram 578 4'
- '#histogram 579 2'
- '#histogram 580 6'
- '#histogram 581 6'
- '#histogram 582 2'
- '#histogram 583 3'
- '#histogram 584 4'
- '#histogram 585 6'
- '#histogram 586 2'
- '#histogram 587 2'
- '#histogram 588 5'
- '#histogram 589 7'
- '#histogram 590 4'
- '#histogram 591 11'
- '#histogram 593 3'
- '#histogram 594 1'
- '#histogram 595 2'
- '#histogram 596 4'
- '#histogram 597 1'
- '#histogram 599 1'
- '#histogram 600 5'
- '#histogram 601 2'
- '#histogram 602 4'
- '#histogram 603 5'
- '#histogram 604 1'
- '#histogram 605 3'
- '#histogram 606 5'
- '#histogram 607 5'
- '#histogram 608 4'
- '#histogram 609 3'
- '#histogram 610 1'
- '#histogram 611 4'
- '#histogram 612 2'
- '#histogram 613 1'
- '#histogram 614 5'
- '#histogram 615 2'
- '#histogram 617 2'
- '#histogram 618 5'
- '#histogram 619 2'
- '#histogram 620 2'
- '#histogram 621 5'
- '#histogram 622 8'
- '#histogram 623 4'
- '#histogram 624 1'
- '#histogram 625 4'
- '#histogram 626 4'
- '#histogram 627 1'
- '#histogram 628 2'
- '#histogram 629 3'
- '#histogram 630 4'
- '#histogram 631 5'
- '#histogram 632 5'
- '#histogram 633 3'
- '#histogram 634 5'
- '#histogram 635 3'
- '#histogram 636 3'
- '#histogram 637 2'
- '#histogram 638 1'
- '#histogram 639 4'
- '#histogram 640 2'
- '#histogram 641 4'
- '#histogram 642 3'
- '#histogram 643 3'
- '#histogram 644 1'
- '#histogram 645 4'
- '#histogram 646 1'
- '#histogram 647 4'
- '#histogram 648 2'
- '#histogram 649 4'
- '#histogram 650 3'
- '#histogram 651 3'
- '#histogram 655 1'
- '#histogram 656 3'
- '#histogram 657 1'
- '#histogram 658 1'
- '#histogram 659 5'
- '#histogram 661 1'
- '#histogram 662 1'
- '#histogram 663 3'
- '#histogram 664 4'
- '#histogram 666 5'
- '#histogram 667 1'
- '#histogram 669 1'
- '#histogram 670 1'
- '#histogram 671 1'
- '#histogram 672 1'
- '#histogram 674 3'
- '#histogram 675 2'
- '#histogram 676 5'
- '#histogram 677 1'
- '#histogram 678 3'
- '#histogram 679 2'
- '#histogram 680 1'
- '#histogram 682 1'
- '#histogram 685 1'
- '#histogram 687 3'
- '#histogram 689 2'
- '#histogram 690 5'
- '#histogram 691 2'
- '#histogram 692 1'
- '#histogram 693 1'
- '#histogram 694 3'
- '#histogram 695 4'
- '#histogram 696 3'
- '#histogram 697 1'
- '#histogram 698 1'
- '#histogram 699 1'
- '#histogram 700 3'
- '#histogram 701 2'
- '#histogram 702 3'
- '#histogram 703 1'
- '#histogram 704 1'
- '#histogram 707 1'
- '#histogram 708 1'
- '#histogram 710 1'
- '#histogram 711 1'
- '#histogram 712 1'
- '#histogram 715 1'
- '#histogram 717 2'
- '#histogram 721 1'
- '#histogram 722 3'
- '#histogram 724 1'
- '#histogram 725 1'
- '#histogram 727 3'
- '#histogram 728 1'
- '#histogram 729 2'
- '#histogram 730 1'
- '#histogram 731 3'
- '#histogram 732 1'
- '#histogram 734 2'
- '#histogram 735 1'
- '#histogram 736 2'
- '#histogram 737 1'
- '#histogram 739 2'
- '#histogram 740 3'
- '#histogram 741 2'
- '#histogram 743 2'
- '#histogram 744 3'
- '#histogram 745 1'
- '#histogram 746 3'
- '#histogram 747 3'
- '#histogram 749 2'
- '#histogram 751 3'
- '#histogram 752 1'
- '#histogram 754 1'
- '#histogram 755 4'
- '#histogram 756 3'
- '#histogram 757 2'
- '#histogram 759 2'
- '#histogram 760 1'
- '#histogram 762 1'
- '#histogram 763 1'
- '#histogram 764 1'
- '#histogram 765 2'
- '#histogram 766 2'
- '#histogram 769 1'
- '#histogram 770 2'
- '#histogram 771 1'
- '#histogram 772 1'
- '#histogram 774 2'
- '#histogram 776 1'
- '#histogram 780 2'
- '#histogram 781 1'
- '#histogram 782 2'
- '#histogram 784 1'
- '#histogram 785 1'
- '#histogram 787 1'
- '#histogram 788 1'
- '#histogram 792 1'
- '#histogram 794 1'
- '#histogram 795 1'
- '#histogram 796 3'
- '#histogram 797 2'
- '#histogram 800 2'
- '#histogram 801 2'
- '#histogram 806 2'
- '#histogram 807 1'
- '#histogram 809 1'
- '#histogram 810 1'
- '#histogram 812 1'
- '#histogram 813 2'
- '#histogram 814 1'
- '#histogram 815 1'
- '#histogram 816 1'
- '#histogram 817 1'
- '#histogram 818 1'
- '#histogram 819 4'
- '#histogram 820 1'
- '#histogram 821 2'
- '#histogram 822 1'
- '#histogram 826 1'
- '#histogram 827 1'
- '#histogram 829 2'
- '#histogram 834 2'
- '#histogram 835 1'
- '#histogram 838 1'
- '#histogram 841 1'
- '#histogram 842 1'
- '#histogram 847 2'
- '#histogram 848 2'
- '#histogram 851 1'
- '#histogram 853 1'
- '#histogram 854 2'
- '#histogram 855 1'
- '#histogram 856 1'
- '#histogram 858 1'
- '#histogram 859 1'
- '#histogram 860 2'
- '#histogram 861 1'
- '#histogram 862 2'
- '#histogram 863 3'
- '#histogram 866 1'
- '#histogram 867 1'
- '#histogram 868 2'
- '#histogram 872 2'
- '#histogram 874 1'
- '#histogram 876 1'
- '#histogram 879 2'
- '#histogram 881 1'
- '#histogram 882 1'
- '#histogram 884 1'
- '#histogram 888 1'
- '#histogram 891 1'
- '#histogram 892 3'
- '#histogram 894 1'
- '#histogram 895 1'
- '#histogram 899 2'
- '#histogram 900 2'
- '#histogram 902 3'
- '#histogram 909 2'
- '#histogram 913 1'
- '#histogram 916 1'
- '#histogram 917 3'
- '#histogram 923 1'
- '#histogram 925 1'
- '#histogram 926 1'
- '#histogram 927 1'
- '#histogram 932 1'
- '#histogram 934 2'
- '#histogram 935 1'
- '#histogram 938 1'
- '#histogram 939 1'
- '#histogram 941 1'
- '#histogram 947 2'
- '#histogram 949 1'
- '#histogram 960 1'
- '#histogram 963 1'
- '#histogram 990 1'
- '#histogram 993 1'
- '#histogram 1031 1'
- '#histogram 1042 1'
- '#histogram 1057 1'
- '#histogram 1128 1'
- '#histogram 1172 1'
- '#histogram 1203 1'
- '#histogram 1242 1'
- '#histogram 1246 1'
- '#histogram 1303 1'
- '#histogram 1310 1'
- '#histogram 1408 1'
- ''
