code: 0
data:
  avg_latency: 0.120718
  histogram:
  - - 0
    - 0
  - - 1
    - 124
  - - 2
    - 596
  - - 3
    - 852
  - - 4
    - 1053
  - - 5
    - 1169
  - - 6
    - 1362
  - - 7
    - 1375
  - - 8
    - 1426
  - - 9
    - 1597
  - - 10
    - 1545
  - - 11
    - 1547
  - - 12
    - 1691
  - - 13
    - 1618
  - - 14
    - 1648
  - - 15
    - 1619
  - - 16
    - 1708
  - - 17
    - 1699
  - - 18
    - 1779
  - - 19
    - 1772
  - - 20
    - 1862
  - - 21
    - 1880
  - - 22
    - 1816
  - - 23
    - 1965
  - - 24
    - 1934
  - - 25
    - 2087
  - - 26
    - 2144
  - - 27
    - 2165
  - - 28
    - 2214
  - - 29
    - 2197
  - - 30
    - 2311
  - - 31
    - 2367
  - - 32
    - 2444
  - - 33
    - 2361
  - - 34
    - 2383
  - - 35
    - 2577
  - - 36
    - 2492
  - - 37
    - 2593
  - - 38
    - 2664
  - - 39
    - 2644
  - - 40
    - 2787
  - - 41
    - 2829
  - - 42
    - 2742
  - - 43
    - 2944
  - - 44
    - 2878
  - - 45
    - 3035
  - - 46
    - 2872
  - - 47
    - 3030
  - - 48
    - 2989
  - - 49
    - 3149
  - - 50
    - 3074
  - - 51
    - 3133
  - - 52
    - 3160
  - - 53
    - 3126
  - - 54
    - 3232
  - - 55
    - 3218
  - - 56
    - 3256
  - - 57
    - 3243
  - - 58
    - 3400
  - - 59
    - 3316
  - - 60
    - 3365
  - - 61
    - 3225
  - - 62
    - 3320
  - - 63
    - 3475
  - - 64
    - 3512
  - - 65
    - 3453
  - - 66
    - 3479
  - - 67
    - 3448
  - - 68
    - 3440
  - - 69
    - 3503
  - - 70
    - 3446
  - - 71
    - 3400
  - - 72
    - 3505
  - - 73
    - 3475
  - - 74
    - 3432
  - - 75
    - 3395
  - - 76
    - 3402
  - - 77
    - 3420
  - - 78
    - 3556
  - - 79
    - 3557
  - - 80
    - 3421
  - - 81
    - 3402
  - - 82
    - 3436
  - - 83
    - 3395
  - - 84
    - 3487
  - - 85
    - 3449
  - - 86
    - 3410
  - - 87
    - 3557
  - - 88
    - 3388
  - - 89
    - 3348
  - - 90
    - 3323
  - - 91
    - 3315
  - - 92
    - 3404
  - - 93
    - 3298
  - - 94
    - 3213
  - - 95
    - 3244
  - - 96
    - 3251
  - - 97
    - 3135
  - - 98
    - 3197
  - - 99
    - 3100
  - - 100
    - 3251
  - - 101
    - 3041
  - - 102
    - 3073
  - - 103
    - 3068
  - - 104
    - 3020
  - - 105
    - 2947
  - - 106
    - 2922
  - - 107
    - 2861
  - - 108
    - 2869
  - - 109
    - 2896
  - - 110
    - 2780
  - - 111
    - 2727
  - - 112
    - 2635
  - - 113
    - 2709
  - - 114
    - 2659
  - - 115
    - 2634
  - - 116
    - 2614
  - - 117
    - 2486
  - - 118
    - 2579
  - - 119
    - 2455
  - - 120
    - 2471
  - - 121
    - 2443
  - - 122
    - 2417
  - - 123
    - 2458
  - - 124
    - 2360
  - - 125
    - 2289
  - - 126
    - 2330
  - - 127
    - 2250
  - - 128
    - 2264
  - - 129
    - 2111
  - - 130
    - 2125
  - - 131
    - 2076
  - - 132
    - 2124
  - - 133
    - 2190
  - - 134
    - 2074
  - - 135
    - 1985
  - - 136
    - 2040
  - - 137
    - 1971
  - - 138
    - 1965
  - - 139
    - 1928
  - - 140
    - 1902
  - - 141
    - 1754
  - - 142
    - 1804
  - - 143
    - 1761
  - - 144
    - 1769
  - - 145
    - 1714
  - - 146
    - 1633
  - - 147
    - 1645
  - - 148
    - 1674
  - - 149
    - 1565
  - - 150
    - 1587
  - - 151
    - 1517
  - - 152
    - 1538
  - - 153
    - 1556
  - - 154
    - 1513
  - - 155
    - 1484
  - - 156
    - 1543
  - - 157
    - 1477
  - - 158
    - 1456
  - - 159
    - 1345
  - - 160
    - 1345
  - - 161
    - 1329
  - - 162
    - 1249
  - - 163
    - 1215
  - - 164
    - 1231
  - - 165
    - 1164
  - - 166
    - 1186
  - - 167
    - 1163
  - - 168
    - 1165
  - - 169
    - 1150
  - - 170
    - 1112
  - - 171
    - 1103
  - - 172
    - 1104
  - - 173
    - 1106
  - - 174
    - 992
  - - 175
    - 1024
  - - 176
    - 982
  - - 177
    - 943
  - - 178
    - 919
  - - 179
    - 975
  - - 180
    - 933
  - - 181
    - 916
  - - 182
    - 866
  - - 183
    - 885
  - - 184
    - 877
  - - 185
    - 865
  - - 186
    - 816
  - - 187
    - 779
  - - 188
    - 811
  - - 189
    - 744
  - - 190
    - 770
  - - 191
    - 725
  - - 192
    - 799
  - - 193
    - 710
  - - 194
    - 688
  - - 195
    - 687
  - - 196
    - 648
  - - 197
    - 665
  - - 198
    - 652
  - - 199
    - 603
  - - 200
    - 672
  - - 201
    - 634
  - - 202
    - 563
  - - 203
    - 584
  - - 204
    - 595
  - - 205
    - 573
  - - 206
    - 579
  - - 207
    - 496
  - - 208
    - 537
  - - 209
    - 537
  - - 210
    - 517
  - - 211
    - 491
  - - 212
    - 461
  - - 213
    - 464
  - - 214
    - 449
  - - 215
    - 440
  - - 216
    - 461
  - - 217
    - 445
  - - 218
    - 401
  - - 219
    - 427
  - - 220
    - 417
  - - 221
    - 428
  - - 222
    - 412
  - - 223
    - 371
  - - 224
    - 407
  - - 225
    - 313
  - - 226
    - 407
  - - 227
    - 355
  - - 228
    - 339
  - - 229
    - 314
  - - 230
    - 336
  - - 231
    - 323
  - - 232
    - 310
  - - 233
    - 371
  - - 234
    - 292
  - - 235
    - 291
  - - 236
    - 324
  - - 237
    - 280
  - - 238
    - 344
  - - 239
    - 310
  - - 240
    - 293
  - - 241
    - 248
  - - 242
    - 253
  - - 243
    - 277
  - - 244
    - 228
  - - 245
    - 246
  - - 246
    - 255
  - - 247
    - 269
  - - 248
    - 264
  - - 249
    - 260
  - - 250
    - 225
  - - 251
    - 231
  - - 252
    - 239
  - - 253
    - 240
  - - 254
    - 194
  - - 255
    - 219
  - - 256
    - 234
  - - 257
    - 207
  - - 258
    - 238
  - - 259
    - 240
  - - 260
    - 248
  - - 261
    - 197
  - - 262
    - 180
  - - 263
    - 210
  - - 264
    - 165
  - - 265
    - 190
  - - 266
    - 203
  - - 267
    - 213
  - - 268
    - 202
  - - 269
    - 190
  - - 270
    - 188
  - - 271
    - 190
  - - 272
    - 165
  - - 273
    - 172
  - - 274
    - 142
  - - 275
    - 166
  - - 276
    - 185
  - - 277
    - 178
  - - 278
    - 161
  - - 279
    - 140
  - - 280
    - 147
  - - 281
    - 174
  - - 282
    - 180
  - - 283
    - 170
  - - 284
    - 153
  - - 285
    - 163
  - - 286
    - 174
  - - 287
    - 141
  - - 288
    - 128
  - - 289
    - 158
  - - 290
    - 149
  - - 291
    - 173
  - - 292
    - 144
  - - 293
    - 141
  - - 294
    - 146
  - - 295
    - 156
  - - 296
    - 138
  - - 297
    - 137
  - - 298
    - 140
  - - 299
    - 139
  - - 300
    - 171
  - - 301
    - 146
  - - 302
    - 142
  - - 303
    - 136
  - - 304
    - 119
  - - 305
    - 134
  - - 306
    - 119
  - - 307
    - 133
  - - 308
    - 130
  - - 309
    - 134
  - - 310
    - 128
  - - 311
    - 145
  - - 312
    - 135
  - - 313
    - 115
  - - 314
    - 128
  - - 315
    - 115
  - - 316
    - 129
  - - 317
    - 133
  - - 318
    - 116
  - - 319
    - 141
  - - 320
    - 146
  - - 321
    - 114
  - - 322
    - 120
  - - 323
    - 101
  - - 324
    - 144
  - - 325
    - 117
  - - 326
    - 108
  - - 327
    - 140
  - - 328
    - 102
  - - 329
    - 98
  - - 330
    - 91
  - - 331
    - 117
  - - 332
    - 116
  - - 333
    - 140
  - - 334
    - 126
  - - 335
    - 134
  - - 336
    - 113
  - - 337
    - 110
  - - 338
    - 111
  - - 339
    - 121
  - - 340
    - 121
  - - 341
    - 97
  - - 342
    - 111
  - - 343
    - 126
  - - 344
    - 82
  - - 345
    - 105
  - - 346
    - 99
  - - 347
    - 119
  - - 348
    - 117
  - - 349
    - 113
  - - 350
    - 94
  - - 351
    - 107
  - - 352
    - 112
  - - 353
    - 102
  - - 354
    - 94
  - - 355
    - 110
  - - 356
    - 97
  - - 357
    - 88
  - - 358
    - 90
  - - 359
    - 104
  - - 360
    - 102
  - - 361
    - 97
  - - 362
    - 103
  - - 363
    - 103
  - - 364
    - 99
  - - 365
    - 102
  - - 366
    - 104
  - - 367
    - 107
  - - 368
    - 98
  - - 369
    - 107
  - - 370
    - 111
  - - 371
    - 99
  - - 372
    - 103
  - - 373
    - 90
  - - 374
    - 98
  - - 375
    - 101
  - - 376
    - 115
  - - 377
    - 89
  - - 378
    - 101
  - - 379
    - 83
  - - 380
    - 88
  - - 381
    - 80
  - - 382
    - 98
  - - 383
    - 95
  - - 384
    - 77
  - - 385
    - 92
  - - 386
    - 102
  - - 387
    - 97
  - - 388
    - 107
  - - 389
    - 107
  - - 390
    - 101
  - - 391
    - 86
  - - 392
    - 78
  - - 393
    - 80
  - - 394
    - 88
  - - 395
    - 97
  - - 396
    - 102
  - - 397
    - 90
  - - 398
    - 78
  - - 399
    - 89
  - - 400
    - 94
  - - 401
    - 92
  - - 402
    - 82
  - - 403
    - 97
  - - 404
    - 91
  - - 405
    - 66
  - - 406
    - 87
  - - 407
    - 86
  - - 408
    - 83
  - - 409
    - 64
  - - 410
    - 98
  - - 411
    - 81
  - - 412
    - 90
  - - 413
    - 84
  - - 414
    - 65
  - - 415
    - 72
  - - 416
    - 88
  - - 417
    - 69
  - - 418
    - 82
  - - 419
    - 91
  - - 420
    - 70
  - - 421
    - 94
  - - 422
    - 77
  - - 423
    - 85
  - - 424
    - 82
  - - 425
    - 74
  - - 426
    - 63
  - - 427
    - 66
  - - 428
    - 73
  - - 429
    - 98
  - - 430
    - 73
  - - 431
    - 86
  - - 432
    - 79
  - - 433
    - 75
  - - 434
    - 75
  - - 435
    - 81
  - - 436
    - 74
  - - 437
    - 83
  - - 438
    - 61
  - - 439
    - 66
  - - 440
    - 77
  - - 441
    - 76
  - - 442
    - 76
  - - 443
    - 70
  - - 444
    - 58
  - - 445
    - 77
  - - 446
    - 73
  - - 447
    - 67
  - - 448
    - 71
  - - 449
    - 73
  - - 450
    - 71
  - - 451
    - 71
  - - 452
    - 85
  - - 453
    - 74
  - - 454
    - 71
  - - 455
    - 62
  - - 456
    - 74
  - - 457
    - 73
  - - 458
    - 78
  - - 459
    - 66
  - - 460
    - 71
  - - 461
    - 69
  - - 462
    - 83
  - - 463
    - 73
  - - 464
    - 69
  - - 465
    - 61
  - - 466
    - 81
  - - 467
    - 78
  - - 468
    - 66
  - - 469
    - 73
  - - 470
    - 75
  - - 471
    - 74
  - - 472
    - 78
  - - 473
    - 70
  - - 474
    - 51
  - - 475
    - 64
  - - 476
    - 75
  - - 477
    - 62
  - - 478
    - 77
  - - 479
    - 76
  - - 480
    - 59
  - - 481
    - 67
  - - 482
    - 53
  - - 483
    - 74
  - - 484
    - 60
  - - 485
    - 51
  - - 486
    - 61
  - - 487
    - 59
  - - 488
    - 70
  - - 489
    - 59
  - - 490
    - 58
  - - 491
    - 54
  - - 492
    - 47
  - - 493
    - 85
  - - 494
    - 56
  - - 495
    - 54
  - - 496
    - 79
  - - 497
    - 71
  - - 498
    - 68
  - - 499
    - 77
  - - 500
    - 66
  - - 501
    - 67
  - - 502
    - 54
  - - 503
    - 59
  - - 504
    - 59
  - - 505
    - 65
  - - 506
    - 65
  - - 507
    - 58
  - - 508
    - 57
  - - 509
    - 54
  - - 510
    - 68
  - - 511
    - 54
  - - 512
    - 55
  - - 513
    - 48
  - - 514
    - 58
  - - 515
    - 70
  - - 516
    - 59
  - - 517
    - 53
  - - 518
    - 53
  - - 519
    - 66
  - - 520
    - 53
  - - 521
    - 58
  - - 522
    - 49
  - - 523
    - 50
  - - 524
    - 64
  - - 525
    - 69
  - - 526
    - 55
  - - 527
    - 52
  - - 528
    - 56
  - - 529
    - 54
  - - 530
    - 39
  - - 531
    - 46
  - - 532
    - 55
  - - 533
    - 48
  - - 534
    - 51
  - - 535
    - 48
  - - 536
    - 50
  - - 537
    - 57
  - - 538
    - 49
  - - 539
    - 43
  - - 540
    - 43
  - - 541
    - 62
  - - 542
    - 52
  - - 543
    - 49
  - - 544
    - 51
  - - 545
    - 66
  - - 546
    - 40
  - - 547
    - 58
  - - 548
    - 57
  - - 549
    - 43
  - - 550
    - 40
  - - 551
    - 45
  - - 552
    - 43
  - - 553
    - 43
  - - 554
    - 45
  - - 555
    - 47
  - - 556
    - 41
  - - 557
    - 56
  - - 558
    - 53
  - - 559
    - 48
  - - 560
    - 40
  - - 561
    - 52
  - - 562
    - 52
  - - 563
    - 40
  - - 564
    - 43
  - - 565
    - 42
  - - 566
    - 26
  - - 567
    - 35
  - - 568
    - 37
  - - 569
    - 50
  - - 570
    - 45
  - - 571
    - 59
  - - 572
    - 35
  - - 573
    - 38
  - - 574
    - 51
  - - 575
    - 44
  - - 576
    - 38
  - - 577
    - 37
  - - 578
    - 47
  - - 579
    - 41
  - - 580
    - 37
  - - 581
    - 35
  - - 582
    - 38
  - - 583
    - 44
  - - 584
    - 34
  - - 585
    - 33
  - - 586
    - 36
  - - 587
    - 59
  - - 588
    - 44
  - - 589
    - 37
  - - 590
    - 40
  - - 591
    - 55
  - - 592
    - 43
  - - 593
    - 34
  - - 594
    - 49
  - - 595
    - 44
  - - 596
    - 40
  - - 597
    - 39
  - - 598
    - 36
  - - 599
    - 31
  - - 600
    - 34
  - - 601
    - 36
  - - 602
    - 26
  - - 603
    - 40
  - - 604
    - 35
  - - 605
    - 51
  - - 606
    - 29
  - - 607
    - 32
  - - 608
    - 40
  - - 609
    - 37
  - - 610
    - 50
  - - 611
    - 41
  - - 612
    - 32
  - - 613
    - 25
  - - 614
    - 36
  - - 615
    - 41
  - - 616
    - 28
  - - 617
    - 39
  - - 618
    - 32
  - - 619
    - 35
  - - 620
    - 28
  - - 621
    - 40
  - - 622
    - 34
  - - 623
    - 38
  - - 624
    - 32
  - - 625
    - 33
  - - 626
    - 34
  - - 627
    - 23
  - - 628
    - 33
  - - 629
    - 25
  - - 630
    - 33
  - - 631
    - 34
  - - 632
    - 27
  - - 633
    - 33
  - - 634
    - 29
  - - 635
    - 41
  - - 636
    - 28
  - - 637
    - 29
  - - 638
    - 35
  - - 639
    - 27
  - - 640
    - 26
  - - 641
    - 26
  - - 642
    - 36
  - - 643
    - 33
  - - 644
    - 26
  - - 645
    - 26
  - - 646
    - 18
  - - 647
    - 18
  - - 648
    - 23
  - - 649
    - 36
  - - 650
    - 33
  - - 651
    - 26
  - - 652
    - 30
  - - 653
    - 36
  - - 654
    - 32
  - - 655
    - 27
  - - 656
    - 35
  - - 657
    - 31
  - - 658
    - 31
  - - 659
    - 23
  - - 660
    - 35
  - - 661
    - 22
  - - 662
    - 33
  - - 663
    - 28
  - - 664
    - 26
  - - 665
    - 28
  - - 666
    - 23
  - - 667
    - 23
  - - 668
    - 29
  - - 669
    - 23
  - - 670
    - 19
  - - 671
    - 29
  - - 672
    - 19
  - - 673
    - 27
  - - 674
    - 20
  - - 675
    - 18
  - - 676
    - 18
  - - 677
    - 31
  - - 678
    - 32
  - - 679
    - 23
  - - 680
    - 17
  - - 681
    - 17
  - - 682
    - 25
  - - 683
    - 15
  - - 684
    - 26
  - - 685
    - 19
  - - 686
    - 20
  - - 687
    - 20
  - - 688
    - 21
  - - 689
    - 31
  - - 690
    - 21
  - - 691
    - 21
  - - 692
    - 18
  - - 693
    - 15
  - - 694
    - 21
  - - 695
    - 14
  - - 696
    - 17
  - - 697
    - 20
  - - 698
    - 14
  - - 699
    - 20
  - - 700
    - 16
  - - 701
    - 23
  - - 702
    - 17
  - - 703
    - 25
  - - 704
    - 21
  - - 705
    - 12
  - - 706
    - 26
  - - 707
    - 18
  - - 708
    - 22
  - - 709
    - 22
  - - 710
    - 27
  - - 711
    - 15
  - - 712
    - 25
  - - 713
    - 15
  - - 714
    - 15
  - - 715
    - 11
  - - 716
    - 25
  - - 717
    - 20
  - - 718
    - 25
  - - 719
    - 15
  - - 720
    - 14
  - - 721
    - 19
  - - 722
    - 18
  - - 723
    - 16
  - - 724
    - 12
  - - 725
    - 26
  - - 726
    - 15
  - - 727
    - 20
  - - 728
    - 17
  - - 729
    - 16
  - - 730
    - 17
  - - 731
    - 18
  - - 732
    - 20
  - - 733
    - 12
  - - 734
    - 15
  - - 735
    - 12
  - - 736
    - 20
  - - 737
    - 13
  - - 738
    - 21
  - - 739
    - 11
  - - 740
    - 18
  - - 741
    - 14
  - - 742
    - 13
  - - 743
    - 20
  - - 744
    - 14
  - - 745
    - 12
  - - 746
    - 12
  - - 747
    - 9
  - - 748
    - 15
  - - 749
    - 11
  - - 750
    - 12
  - - 751
    - 18
  - - 752
    - 15
  - - 753
    - 11
  - - 754
    - 11
  - - 755
    - 13
  - - 756
    - 9
  - - 757
    - 13
  - - 758
    - 12
  - - 759
    - 22
  - - 760
    - 15
  - - 761
    - 16
  - - 762
    - 17
  - - 763
    - 13
  - - 764
    - 7
  - - 765
    - 9
  - - 766
    - 9
  - - 767
    - 17
  - - 768
    - 9
  - - 769
    - 10
  - - 770
    - 6
  - - 771
    - 7
  - - 772
    - 13
  - - 773
    - 14
  - - 774
    - 11
  - - 775
    - 14
  - - 776
    - 7
  - - 777
    - 11
  - - 778
    - 13
  - - 779
    - 14
  - - 780
    - 14
  - - 781
    - 9
  - - 782
    - 10
  - - 783
    - 10
  - - 784
    - 11
  - - 785
    - 8
  - - 786
    - 11
  - - 787
    - 10
  - - 788
    - 11
  - - 789
    - 13
  - - 790
    - 13
  - - 791
    - 7
  - - 792
    - 10
  - - 793
    - 8
  - - 794
    - 13
  - - 795
    - 10
  - - 796
    - 4
  - - 797
    - 13
  - - 798
    - 8
  - - 799
    - 8
  - - 800
    - 17
  - - 801
    - 11
  - - 802
    - 8
  - - 803
    - 12
  - - 804
    - 12
  - - 805
    - 11
  - - 806
    - 18
  - - 807
    - 8
  - - 808
    - 8
  - - 809
    - 9
  - - 810
    - 8
  - - 811
    - 11
  - - 812
    - 15
  - - 813
    - 10
  - - 814
    - 5
  - - 815
    - 6
  - - 816
    - 13
  - - 817
    - 9
  - - 818
    - 12
  - - 819
    - 6
  - - 820
    - 5
  - - 821
    - 7
  - - 822
    - 7
  - - 823
    - 7
  - - 824
    - 6
  - - 825
    - 10
  - - 826
    - 13
  - - 827
    - 8
  - - 828
    - 11
  - - 829
    - 11
  - - 830
    - 8
  - - 831
    - 8
  - - 832
    - 13
  - - 833
    - 9
  - - 834
    - 8
  - - 835
    - 8
  - - 836
    - 6
  - - 837
    - 11
  - - 838
    - 8
  - - 839
    - 8
  - - 840
    - 9
  - - 841
    - 12
  - - 842
    - 6
  - - 843
    - 7
  - - 844
    - 16
  - - 845
    - 5
  - - 846
    - 6
  - - 847
    - 8
  - - 848
    - 7
  - - 849
    - 3
  - - 850
    - 5
  - - 851
    - 12
  - - 852
    - 8
  - - 853
    - 12
  - - 854
    - 2
  - - 855
    - 9
  - - 856
    - 6
  - - 857
    - 9
  - - 858
    - 8
  - - 859
    - 15
  - - 860
    - 9
  - - 861
    - 6
  - - 862
    - 9
  - - 863
    - 4
  - - 864
    - 5
  - - 865
    - 4
  - - 866
    - 7
  - - 867
    - 7
  - - 868
    - 13
  - - 869
    - 4
  - - 870
    - 6
  - - 871
    - 6
  - - 872
    - 9
  - - 873
    - 3
  - - 874
    - 8
  - - 875
    - 7
  - - 876
    - 10
  - - 877
    - 9
  - - 878
    - 8
  - - 879
    - 5
  - - 880
    - 10
  - - 881
    - 4
  - - 882
    - 5
  - - 883
    - 3
  - - 884
    - 4
  - - 885
    - 9
  - - 886
    - 6
  - - 887
    - 4
  - - 888
    - 9
  - - 889
    - 5
  - - 890
    - 6
  - - 891
    - 8
  - - 892
    - 4
  - - 893
    - 3
  - - 894
    - 8
  - - 895
    - 7
  - - 896
    - 5
  - - 897
    - 8
  - - 898
    - 9
  - - 899
    - 7
  - - 900
    - 3
  - - 901
    - 5
  - - 902
    - 3
  - - 903
    - 9
  - - 904
    - 7
  - - 905
    - 6
  - - 906
    - 6
  - - 907
    - 9
  - - 908
    - 5
  - - 909
    - 7
  - - 910
    - 7
  - - 911
    - 8
  - - 912
    - 9
  - - 913
    - 7
  - - 914
    - 3
  - - 915
    - 5
  - - 916
    - 5
  - - 917
    - 5
  - - 918
    - 3
  - - 919
    - 4
  - - 920
    - 6
  - - 921
    - 7
  - - 922
    - 10
  - - 923
    - 7
  - - 924
    - 1
  - - 925
    - 5
  - - 926
    - 9
  - - 927
    - 3
  - - 928
    - 5
  - - 929
    - 4
  - - 930
    - 1
  - - 931
    - 3
  - - 932
    - 5
  - - 933
    - 7
  - - 934
    - 4
  - - 935
    - 8
  - - 936
    - 10
  - - 937
    - 5
  - - 938
    - 4
  - - 939
    - 3
  - - 940
    - 2
  - - 941
    - 6
  - - 942
    - 7
  - - 943
    - 3
  - - 944
    - 7
  - - 945
    - 3
  - - 946
    - 6
  - - 947
    - 2
  - - 948
    - 3
  - - 949
    - 8
  - - 950
    - 1
  - - 951
    - 7
  - - 952
    - 9
  - - 953
    - 5
  - - 954
    - 2
  - - 955
    - 5
  - - 956
    - 8
  - - 957
    - 6
  - - 958
    - 3
  - - 959
    - 2
  - - 960
    - 7
  - - 961
    - 5
  - - 962
    - 5
  - - 963
    - 2
  - - 964
    - 4
  - - 965
    - 3
  - - 966
    - 4
  - - 967
    - 2
  - - 968
    - 3
  - - 969
    - 5
  - - 970
    - 2
  - - 971
    - 5
  - - 972
    - 2
  - - 973
    - 2
  - - 974
    - 2
  - - 975
    - 2
  - - 976
    - 1
  - - 977
    - 6
  - - 978
    - 4
  - - 979
    - 5
  - - 980
    - 1
  - - 981
    - 2
  - - 983
    - 4
  - - 984
    - 3
  - - 985
    - 7
  - - 986
    - 5
  - - 987
    - 3
  - - 988
    - 3
  - - 989
    - 3
  - - 990
    - 1
  - - 991
    - 5
  - - 992
    - 4
  - - 993
    - 3
  - - 994
    - 5
  - - 995
    - 1
  - - 996
    - 4
  - - 997
    - 7
  - - 998
    - 5
  - - 999
    - 4
  - - 1000
    - 5
  - - 1003
    - 2
  - - 1004
    - 1
  - - 1005
    - 2
  - - 1006
    - 1
  - - 1007
    - 3
  - - 1008
    - 1
  - - 1009
    - 2
  - - 1010
    - 1
  - - 1011
    - 3
  - - 1012
    - 7
  - - 1013
    - 4
  - - 1014
    - 1
  - - 1015
    - 1
  - - 1016
    - 1
  - - 1017
    - 3
  - - 1018
    - 3
  - - 1019
    - 2
  - - 1020
    - 4
  - - 1021
    - 1
  - - 1023
    - 5
  - - 1024
    - 3
  - - 1025
    - 1
  - - 1026
    - 3
  - - 1027
    - 6
  - - 1028
    - 3
  - - 1029
    - 1
  - - 1030
    - 1
  - - 1031
    - 2
  - - 1032
    - 2
  - - 1033
    - 4
  - - 1035
    - 1
  - - 1036
    - 1
  - - 1037
    - 3
  - - 1038
    - 1
  - - 1039
    - 4
  - - 1042
    - 4
  - - 1043
    - 2
  - - 1044
    - 7
  - - 1045
    - 2
  - - 1046
    - 3
  - - 1049
    - 3
  - - 1050
    - 1
  - - 1051
    - 1
  - - 1052
    - 1
  - - 1053
    - 3
  - - 1055
    - 4
  - - 1056
    - 1
  - - 1058
    - 1
  - - 1059
    - 1
  - - 1060
    - 2
  - - 1061
    - 2
  - - 1062
    - 1
  - - 1063
    - 1
  - - 1065
    - 2
  - - 1066
    - 3
  - - 1067
    - 4
  - - 1068
    - 2
  - - 1069
    - 1
  - - 1070
    - 1
  - - 1071
    - 3
  - - 1072
    - 1
  - - 1073
    - 1
  - - 1075
    - 2
  - - 1076
    - 2
  - - 1077
    - 1
  - - 1078
    - 1
  - - 1080
    - 1
  - - 1081
    - 2
  - - 1082
    - 1
  - - 1086
    - 1
  - - 1088
    - 2
  - - 1089
    - 1
  - - 1090
    - 3
  - - 1091
    - 1
  - - 1095
    - 1
  - - 1096
    - 3
  - - 1097
    - 2
  - - 1098
    - 4
  - - 1099
    - 1
  - - 1100
    - 2
  - - 1101
    - 1
  - - 1103
    - 2
  - - 1105
    - 2
  - - 1106
    - 1
  - - 1107
    - 1
  - - 1108
    - 1
  - - 1110
    - 4
  - - 1111
    - 1
  - - 1113
    - 1
  - - 1114
    - 3
  - - 1115
    - 1
  - - 1117
    - 1
  - - 1121
    - 1
  - - 1122
    - 1
  - - 1123
    - 2
  - - 1124
    - 1
  - - 1126
    - 2
  - - 1127
    - 1
  - - 1128
    - 1
  - - 1129
    - 2
  - - 1132
    - 2
  - - 1133
    - 1
  - - 1135
    - 1
  - - 1137
    - 3
  - - 1138
    - 2
  - - 1140
    - 1
  - - 1142
    - 1
  - - 1144
    - 1
  - - 1146
    - 1
  - - 1147
    - 2
  - - 1149
    - 3
  - - 1152
    - 3
  - - 1157
    - 1
  - - 1158
    - 2
  - - 1159
    - 3
  - - 1160
    - 1
  - - 1163
    - 1
  - - 1165
    - 1
  - - 1168
    - 2
  - - 1169
    - 1
  - - 1170
    - 1
  - - 1176
    - 1
  - - 1179
    - 1
  - - 1183
    - 1
  - - 1184
    - 1
  - - 1191
    - 1
  - - 1194
    - 1
  - - 1201
    - 3
  - - 1204
    - 1
  - - 1209
    - 1
  - - 1216
    - 1
  - - 1217
    - 1
  - - 1219
    - 1
  - - 1222
    - 1
  - - 1224
    - 1
  - - 1233
    - 2
  - - 1239
    - 1
  - - 1241
    - 1
  - - 1244
    - 1
  - - 1247
    - 1
  - - 1265
    - 1
  - - 1268
    - 1
  - - 1271
    - 2
  - - 1279
    - 1
  - - 1288
    - 1
  - - 1292
    - 1
  - - 1297
    - 1
  - - 1314
    - 1
  - - 1335
    - 1
  - - 1341
    - 1
  - - 1344
    - 1
  - - 1346
    - 1
  - - 1355
    - 1
  - - 1372
    - 1
  - - 1387
    - 1
  - - 1404
    - 1
  - - 1411
    - 1
  - - 1416
    - 1
  - - 1421
    - 1
  - - 1428
    - 2
  - - 1429
    - 1
  - - 1430
    - 1
  - - 1440
    - 1
  - - 1452
    - 1
  - - 1458
    - 1
  - - 1467
    - 1
  - - 1472
    - 1
  - - 1499
    - 1
  - - 1531
    - 1
  - - 1540
    - 1
  - - 1550
    - 1
  - - 1563
    - 1
  - - 1587
    - 2
  - - 1613
    - 1
  - - 1666
    - 1
  - - 1764
    - 1
  - - 1791
    - 1
  - - 4999
    - 1
  latency_50_percentile: 93.0
  latency_95_percentile: 333.0
  latency_99_5_percentile: 727.0
  latency_99_percentile: 624.0
  max_kubedns_cpu: 917
  max_kubedns_memory: 24
  max_latency: 1.791424
  max_perfserver_cpu: 0
  max_perfserver_memory: 0
  min_latency: 0.001103
  msg: null
  ok: true
  qps: 826.667105
  queries_completed: 496355
  queries_lost: 1
  queries_sent: 496356
  run_time: 600.429117
  stddev_latency: 0.113855
params:
  max_qps: null
  pod_name: dns-perf-client-858fb7568b-t46tv
  query_file: all-queries.txt
  run_id: 1777614462
  run_length_seconds: 600
  run_subid: 0
stderr:
- ''
stdout:
- DNS Performance Testing Tool
- Nominum Version 2.1.0.0
- ''
- '[Status] Command line: dnsperf -s 10.0.0.10 -l 600 -d /queries/all-queries.txt'
- '[Status] Sending queries (to 10.0.0.10)'
- '[Status] Started at: Fri May  1 05:48:12 2026'
- '[Status] Stopping after 600.000000 seconds'
- '[Timeout] Query timed out: msg id 36899'
- '[Status] Testing complete (time limit)'
- ''
- 'Statistics:'
- ''
- '  Queries sent:         496356'
- '  Queries completed:    496355 (100.00%)'
- '  Queries lost:         1 (0.00%)'
- ''
- '  Response codes:       NOERROR 59562 (12.00%), NXDOMAIN 436793 (88.00%)'
- '  Average packet size:  request 38, response 122'
- '  Run time (s):         600.429117'
- '  Queries per second:   826.667105'
- ''
- '  Average Latency (s):  0.120718 (min 0.001103, max 1.791424)'
- '  Latency StdDev (s):   0.113855'
- ''
- '  Latency histogram'
- '#histogram 0 0'
- '#histogram 1 124'
- '#histogram 2 596'
- '#histogram 3 852'
- '#histogram 4 1053'
- '#histogram 5 1169'
- '#histogram 6 1362'
- '#histogram 7 1375'
- '#histogram 8 1426'
- '#histogram 9 1597'
- '#histogram 10 1545'
- '#histogram 11 1547'
- '#histogram 12 1691'
- '#histogram 13 1618'
- '#histogram 14 1648'
- '#histogram 15 1619'
- '#histogram 16 1708'
- '#histogram 17 1699'
- '#histogram 18 1779'
- '#histogram 19 1772'
- '#histogram 20 1862'
- '#histogram 21 1880'
- '#histogram 22 1816'
- '#histogram 23 1965'
- '#histogram 24 1934'
- '#histogram 25 2087'
- '#histogram 26 2144'
- '#histogram 27 2165'
- '#histogram 28 2214'
- '#histogram 29 2197'
- '#histogram 30 2311'
- '#histogram 31 2367'
- '#histogram 32 2444'
- '#histogram 33 2361'
- '#histogram 34 2383'
- '#histogram 35 2577'
- '#histogram 36 2492'
- '#histogram 37 2593'
- '#histogram 38 2664'
- '#histogram 39 2644'
- '#histogram 40 2787'
- '#histogram 41 2829'
- '#histogram 42 2742'
- '#histogram 43 2944'
- '#histogram 44 2878'
- '#histogram 45 3035'
- '#histogram 46 2872'
- '#histogram 47 3030'
- '#histogram 48 2989'
- '#histogram 49 3149'
- '#histogram 50 3074'
- '#histogram 51 3133'
- '#histogram 52 3160'
- '#histogram 53 3126'
- '#histogram 54 3232'
- '#histogram 55 3218'
- '#histogram 56 3256'
- '#histogram 57 3243'
- '#histogram 58 3400'
- '#histogram 59 3316'
- '#histogram 60 3365'
- '#histogram 61 3225'
- '#histogram 62 3320'
- '#histogram 63 3475'
- '#histogram 64 3512'
- '#histogram 65 3453'
- '#histogram 66 3479'
- '#histogram 67 3448'
- '#histogram 68 3440'
- '#histogram 69 3503'
- '#histogram 70 3446'
- '#histogram 71 3400'
- '#histogram 72 3505'
- '#histogram 73 3475'
- '#histogram 74 3432'
- '#histogram 75 3395'
- '#histogram 76 3402'
- '#histogram 77 3420'
- '#histogram 78 3556'
- '#histogram 79 3557'
- '#histogram 80 3421'
- '#histogram 81 3402'
- '#histogram 82 3436'
- '#histogram 83 3395'
- '#histogram 84 3487'
- '#histogram 85 3449'
- '#histogram 86 3410'
- '#histogram 87 3557'
- '#histogram 88 3388'
- '#histogram 89 3348'
- '#histogram 90 3323'
- '#histogram 91 3315'
- '#histogram 92 3404'
- '#histogram 93 3298'
- '#histogram 94 3213'
- '#histogram 95 3244'
- '#histogram 96 3251'
- '#histogram 97 3135'
- '#histogram 98 3197'
- '#histogram 99 3100'
- '#histogram 100 3251'
- '#histogram 101 3041'
- '#histogram 102 3073'
- '#histogram 103 3068'
- '#histogram 104 3020'
- '#histogram 105 2947'
- '#histogram 106 2922'
- '#histogram 107 2861'
- '#histogram 108 2869'
- '#histogram 109 2896'
- '#histogram 110 2780'
- '#histogram 111 2727'
- '#histogram 112 2635'
- '#histogram 113 2709'
- '#histogram 114 2659'
- '#histogram 115 2634'
- '#histogram 116 2614'
- '#histogram 117 2486'
- '#histogram 118 2579'
- '#histogram 119 2455'
- '#histogram 120 2471'
- '#histogram 121 2443'
- '#histogram 122 2417'
- '#histogram 123 2458'
- '#histogram 124 2360'
- '#histogram 125 2289'
- '#histogram 126 2330'
- '#histogram 127 2250'
- '#histogram 128 2264'
- '#histogram 129 2111'
- '#histogram 130 2125'
- '#histogram 131 2076'
- '#histogram 132 2124'
- '#histogram 133 2190'
- '#histogram 134 2074'
- '#histogram 135 1985'
- '#histogram 136 2040'
- '#histogram 137 1971'
- '#histogram 138 1965'
- '#histogram 139 1928'
- '#histogram 140 1902'
- '#histogram 141 1754'
- '#histogram 142 1804'
- '#histogram 143 1761'
- '#histogram 144 1769'
- '#histogram 145 1714'
- '#histogram 146 1633'
- '#histogram 147 1645'
- '#histogram 148 1674'
- '#histogram 149 1565'
- '#histogram 150 1587'
- '#histogram 151 1517'
- '#histogram 152 1538'
- '#histogram 153 1556'
- '#histogram 154 1513'
- '#histogram 155 1484'
- '#histogram 156 1543'
- '#histogram 157 1477'
- '#histogram 158 1456'
- '#histogram 159 1345'
- '#histogram 160 1345'
- '#histogram 161 1329'
- '#histogram 162 1249'
- '#histogram 163 1215'
- '#histogram 164 1231'
- '#histogram 165 1164'
- '#histogram 166 1186'
- '#histogram 167 1163'
- '#histogram 168 1165'
- '#histogram 169 1150'
- '#histogram 170 1112'
- '#histogram 171 1103'
- '#histogram 172 1104'
- '#histogram 173 1106'
- '#histogram 174 992'
- '#histogram 175 1024'
- '#histogram 176 982'
- '#histogram 177 943'
- '#histogram 178 919'
- '#histogram 179 975'
- '#histogram 180 933'
- '#histogram 181 916'
- '#histogram 182 866'
- '#histogram 183 885'
- '#histogram 184 877'
- '#histogram 185 865'
- '#histogram 186 816'
- '#histogram 187 779'
- '#histogram 188 811'
- '#histogram 189 744'
- '#histogram 190 770'
- '#histogram 191 725'
- '#histogram 192 799'
- '#histogram 193 710'
- '#histogram 194 688'
- '#histogram 195 687'
- '#histogram 196 648'
- '#histogram 197 665'
- '#histogram 198 652'
- '#histogram 199 603'
- '#histogram 200 672'
- '#histogram 201 634'
- '#histogram 202 563'
- '#histogram 203 584'
- '#histogram 204 595'
- '#histogram 205 573'
- '#histogram 206 579'
- '#histogram 207 496'
- '#histogram 208 537'
- '#histogram 209 537'
- '#histogram 210 517'
- '#histogram 211 491'
- '#histogram 212 461'
- '#histogram 213 464'
- '#histogram 214 449'
- '#histogram 215 440'
- '#histogram 216 461'
- '#histogram 217 445'
- '#histogram 218 401'
- '#histogram 219 427'
- '#histogram 220 417'
- '#histogram 221 428'
- '#histogram 222 412'
- '#histogram 223 371'
- '#histogram 224 407'
- '#histogram 225 313'
- '#histogram 226 407'
- '#histogram 227 355'
- '#histogram 228 339'
- '#histogram 229 314'
- '#histogram 230 336'
- '#histogram 231 323'
- '#histogram 232 310'
- '#histogram 233 371'
- '#histogram 234 292'
- '#histogram 235 291'
- '#histogram 236 324'
- '#histogram 237 280'
- '#histogram 238 344'
- '#histogram 239 310'
- '#histogram 240 293'
- '#histogram 241 248'
- '#histogram 242 253'
- '#histogram 243 277'
- '#histogram 244 228'
- '#histogram 245 246'
- '#histogram 246 255'
- '#histogram 247 269'
- '#histogram 248 264'
- '#histogram 249 260'
- '#histogram 250 225'
- '#histogram 251 231'
- '#histogram 252 239'
- '#histogram 253 240'
- '#histogram 254 194'
- '#histogram 255 219'
- '#histogram 256 234'
- '#histogram 257 207'
- '#histogram 258 238'
- '#histogram 259 240'
- '#histogram 260 248'
- '#histogram 261 197'
- '#histogram 262 180'
- '#histogram 263 210'
- '#histogram 264 165'
- '#histogram 265 190'
- '#histogram 266 203'
- '#histogram 267 213'
- '#histogram 268 202'
- '#histogram 269 190'
- '#histogram 270 188'
- '#histogram 271 190'
- '#histogram 272 165'
- '#histogram 273 172'
- '#histogram 274 142'
- '#histogram 275 166'
- '#histogram 276 185'
- '#histogram 277 178'
- '#histogram 278 161'
- '#histogram 279 140'
- '#histogram 280 147'
- '#histogram 281 174'
- '#histogram 282 180'
- '#histogram 283 170'
- '#histogram 284 153'
- '#histogram 285 163'
- '#histogram 286 174'
- '#histogram 287 141'
- '#histogram 288 128'
- '#histogram 289 158'
- '#histogram 290 149'
- '#histogram 291 173'
- '#histogram 292 144'
- '#histogram 293 141'
- '#histogram 294 146'
- '#histogram 295 156'
- '#histogram 296 138'
- '#histogram 297 137'
- '#histogram 298 140'
- '#histogram 299 139'
- '#histogram 300 171'
- '#histogram 301 146'
- '#histogram 302 142'
- '#histogram 303 136'
- '#histogram 304 119'
- '#histogram 305 134'
- '#histogram 306 119'
- '#histogram 307 133'
- '#histogram 308 130'
- '#histogram 309 134'
- '#histogram 310 128'
- '#histogram 311 145'
- '#histogram 312 135'
- '#histogram 313 115'
- '#histogram 314 128'
- '#histogram 315 115'
- '#histogram 316 129'
- '#histogram 317 133'
- '#histogram 318 116'
- '#histogram 319 141'
- '#histogram 320 146'
- '#histogram 321 114'
- '#histogram 322 120'
- '#histogram 323 101'
- '#histogram 324 144'
- '#histogram 325 117'
- '#histogram 326 108'
- '#histogram 327 140'
- '#histogram 328 102'
- '#histogram 329 98'
- '#histogram 330 91'
- '#histogram 331 117'
- '#histogram 332 116'
- '#histogram 333 140'
- '#histogram 334 126'
- '#histogram 335 134'
- '#histogram 336 113'
- '#histogram 337 110'
- '#histogram 338 111'
- '#histogram 339 121'
- '#histogram 340 121'
- '#histogram 341 97'
- '#histogram 342 111'
- '#histogram 343 126'
- '#histogram 344 82'
- '#histogram 345 105'
- '#histogram 346 99'
- '#histogram 347 119'
- '#histogram 348 117'
- '#histogram 349 113'
- '#histogram 350 94'
- '#histogram 351 107'
- '#histogram 352 112'
- '#histogram 353 102'
- '#histogram 354 94'
- '#histogram 355 110'
- '#histogram 356 97'
- '#histogram 357 88'
- '#histogram 358 90'
- '#histogram 359 104'
- '#histogram 360 102'
- '#histogram 361 97'
- '#histogram 362 103'
- '#histogram 363 103'
- '#histogram 364 99'
- '#histogram 365 102'
- '#histogram 366 104'
- '#histogram 367 107'
- '#histogram 368 98'
- '#histogram 369 107'
- '#histogram 370 111'
- '#histogram 371 99'
- '#histogram 372 103'
- '#histogram 373 90'
- '#histogram 374 98'
- '#histogram 375 101'
- '#histogram 376 115'
- '#histogram 377 89'
- '#histogram 378 101'
- '#histogram 379 83'
- '#histogram 380 88'
- '#histogram 381 80'
- '#histogram 382 98'
- '#histogram 383 95'
- '#histogram 384 77'
- '#histogram 385 92'
- '#histogram 386 102'
- '#histogram 387 97'
- '#histogram 388 107'
- '#histogram 389 107'
- '#histogram 390 101'
- '#histogram 391 86'
- '#histogram 392 78'
- '#histogram 393 80'
- '#histogram 394 88'
- '#histogram 395 97'
- '#histogram 396 102'
- '#histogram 397 90'
- '#histogram 398 78'
- '#histogram 399 89'
- '#histogram 400 94'
- '#histogram 401 92'
- '#histogram 402 82'
- '#histogram 403 97'
- '#histogram 404 91'
- '#histogram 405 66'
- '#histogram 406 87'
- '#histogram 407 86'
- '#histogram 408 83'
- '#histogram 409 64'
- '#histogram 410 98'
- '#histogram 411 81'
- '#histogram 412 90'
- '#histogram 413 84'
- '#histogram 414 65'
- '#histogram 415 72'
- '#histogram 416 88'
- '#histogram 417 69'
- '#histogram 418 82'
- '#histogram 419 91'
- '#histogram 420 70'
- '#histogram 421 94'
- '#histogram 422 77'
- '#histogram 423 85'
- '#histogram 424 82'
- '#histogram 425 74'
- '#histogram 426 63'
- '#histogram 427 66'
- '#histogram 428 73'
- '#histogram 429 98'
- '#histogram 430 73'
- '#histogram 431 86'
- '#histogram 432 79'
- '#histogram 433 75'
- '#histogram 434 75'
- '#histogram 435 81'
- '#histogram 436 74'
- '#histogram 437 83'
- '#histogram 438 61'
- '#histogram 439 66'
- '#histogram 440 77'
- '#histogram 441 76'
- '#histogram 442 76'
- '#histogram 443 70'
- '#histogram 444 58'
- '#histogram 445 77'
- '#histogram 446 73'
- '#histogram 447 67'
- '#histogram 448 71'
- '#histogram 449 73'
- '#histogram 450 71'
- '#histogram 451 71'
- '#histogram 452 85'
- '#histogram 453 74'
- '#histogram 454 71'
- '#histogram 455 62'
- '#histogram 456 74'
- '#histogram 457 73'
- '#histogram 458 78'
- '#histogram 459 66'
- '#histogram 460 71'
- '#histogram 461 69'
- '#histogram 462 83'
- '#histogram 463 73'
- '#histogram 464 69'
- '#histogram 465 61'
- '#histogram 466 81'
- '#histogram 467 78'
- '#histogram 468 66'
- '#histogram 469 73'
- '#histogram 470 75'
- '#histogram 471 74'
- '#histogram 472 78'
- '#histogram 473 70'
- '#histogram 474 51'
- '#histogram 475 64'
- '#histogram 476 75'
- '#histogram 477 62'
- '#histogram 478 77'
- '#histogram 479 76'
- '#histogram 480 59'
- '#histogram 481 67'
- '#histogram 482 53'
- '#histogram 483 74'
- '#histogram 484 60'
- '#histogram 485 51'
- '#histogram 486 61'
- '#histogram 487 59'
- '#histogram 488 70'
- '#histogram 489 59'
- '#histogram 490 58'
- '#histogram 491 54'
- '#histogram 492 47'
- '#histogram 493 85'
- '#histogram 494 56'
- '#histogram 495 54'
- '#histogram 496 79'
- '#histogram 497 71'
- '#histogram 498 68'
- '#histogram 499 77'
- '#histogram 500 66'
- '#histogram 501 67'
- '#histogram 502 54'
- '#histogram 503 59'
- '#histogram 504 59'
- '#histogram 505 65'
- '#histogram 506 65'
- '#histogram 507 58'
- '#histogram 508 57'
- '#histogram 509 54'
- '#histogram 510 68'
- '#histogram 511 54'
- '#histogram 512 55'
- '#histogram 513 48'
- '#histogram 514 58'
- '#histogram 515 70'
- '#histogram 516 59'
- '#histogram 517 53'
- '#histogram 518 53'
- '#histogram 519 66'
- '#histogram 520 53'
- '#histogram 521 58'
- '#histogram 522 49'
- '#histogram 523 50'
- '#histogram 524 64'
- '#histogram 525 69'
- '#histogram 526 55'
- '#histogram 527 52'
- '#histogram 528 56'
- '#histogram 529 54'
- '#histogram 530 39'
- '#histogram 531 46'
- '#histogram 532 55'
- '#histogram 533 48'
- '#histogram 534 51'
- '#histogram 535 48'
- '#histogram 536 50'
- '#histogram 537 57'
- '#histogram 538 49'
- '#histogram 539 43'
- '#histogram 540 43'
- '#histogram 541 62'
- '#histogram 542 52'
- '#histogram 543 49'
- '#histogram 544 51'
- '#histogram 545 66'
- '#histogram 546 40'
- '#histogram 547 58'
- '#histogram 548 57'
- '#histogram 549 43'
- '#histogram 550 40'
- '#histogram 551 45'
- '#histogram 552 43'
- '#histogram 553 43'
- '#histogram 554 45'
- '#histogram 555 47'
- '#histogram 556 41'
- '#histogram 557 56'
- '#histogram 558 53'
- '#histogram 559 48'
- '#histogram 560 40'
- '#histogram 561 52'
- '#histogram 562 52'
- '#histogram 563 40'
- '#histogram 564 43'
- '#histogram 565 42'
- '#histogram 566 26'
- '#histogram 567 35'
- '#histogram 568 37'
- '#histogram 569 50'
- '#histogram 570 45'
- '#histogram 571 59'
- '#histogram 572 35'
- '#histogram 573 38'
- '#histogram 574 51'
- '#histogram 575 44'
- '#histogram 576 38'
- '#histogram 577 37'
- '#histogram 578 47'
- '#histogram 579 41'
- '#histogram 580 37'
- '#histogram 581 35'
- '#histogram 582 38'
- '#histogram 583 44'
- '#histogram 584 34'
- '#histogram 585 33'
- '#histogram 586 36'
- '#histogram 587 59'
- '#histogram 588 44'
- '#histogram 589 37'
- '#histogram 590 40'
- '#histogram 591 55'
- '#histogram 592 43'
- '#histogram 593 34'
- '#histogram 594 49'
- '#histogram 595 44'
- '#histogram 596 40'
- '#histogram 597 39'
- '#histogram 598 36'
- '#histogram 599 31'
- '#histogram 600 34'
- '#histogram 601 36'
- '#histogram 602 26'
- '#histogram 603 40'
- '#histogram 604 35'
- '#histogram 605 51'
- '#histogram 606 29'
- '#histogram 607 32'
- '#histogram 608 40'
- '#histogram 609 37'
- '#histogram 610 50'
- '#histogram 611 41'
- '#histogram 612 32'
- '#histogram 613 25'
- '#histogram 614 36'
- '#histogram 615 41'
- '#histogram 616 28'
- '#histogram 617 39'
- '#histogram 618 32'
- '#histogram 619 35'
- '#histogram 620 28'
- '#histogram 621 40'
- '#histogram 622 34'
- '#histogram 623 38'
- '#histogram 624 32'
- '#histogram 625 33'
- '#histogram 626 34'
- '#histogram 627 23'
- '#histogram 628 33'
- '#histogram 629 25'
- '#histogram 630 33'
- '#histogram 631 34'
- '#histogram 632 27'
- '#histogram 633 33'
- '#histogram 634 29'
- '#histogram 635 41'
- '#histogram 636 28'
- '#histogram 637 29'
- '#histogram 638 35'
- '#histogram 639 27'
- '#histogram 640 26'
- '#histogram 641 26'
- '#histogram 642 36'
- '#histogram 643 33'
- '#histogram 644 26'
- '#histogram 645 26'
- '#histogram 646 18'
- '#histogram 647 18'
- '#histogram 648 23'
- '#histogram 649 36'
- '#histogram 650 33'
- '#histogram 651 26'
- '#histogram 652 30'
- '#histogram 653 36'
- '#histogram 654 32'
- '#histogram 655 27'
- '#histogram 656 35'
- '#histogram 657 31'
- '#histogram 658 31'
- '#histogram 659 23'
- '#histogram 660 35'
- '#histogram 661 22'
- '#histogram 662 33'
- '#histogram 663 28'
- '#histogram 664 26'
- '#histogram 665 28'
- '#histogram 666 23'
- '#histogram 667 23'
- '#histogram 668 29'
- '#histogram 669 23'
- '#histogram 670 19'
- '#histogram 671 29'
- '#histogram 672 19'
- '#histogram 673 27'
- '#histogram 674 20'
- '#histogram 675 18'
- '#histogram 676 18'
- '#histogram 677 31'
- '#histogram 678 32'
- '#histogram 679 23'
- '#histogram 680 17'
- '#histogram 681 17'
- '#histogram 682 25'
- '#histogram 683 15'
- '#histogram 684 26'
- '#histogram 685 19'
- '#histogram 686 20'
- '#histogram 687 20'
- '#histogram 688 21'
- '#histogram 689 31'
- '#histogram 690 21'
- '#histogram 691 21'
- '#histogram 692 18'
- '#histogram 693 15'
- '#histogram 694 21'
- '#histogram 695 14'
- '#histogram 696 17'
- '#histogram 697 20'
- '#histogram 698 14'
- '#histogram 699 20'
- '#histogram 700 16'
- '#histogram 701 23'
- '#histogram 702 17'
- '#histogram 703 25'
- '#histogram 704 21'
- '#histogram 705 12'
- '#histogram 706 26'
- '#histogram 707 18'
- '#histogram 708 22'
- '#histogram 709 22'
- '#histogram 710 27'
- '#histogram 711 15'
- '#histogram 712 25'
- '#histogram 713 15'
- '#histogram 714 15'
- '#histogram 715 11'
- '#histogram 716 25'
- '#histogram 717 20'
- '#histogram 718 25'
- '#histogram 719 15'
- '#histogram 720 14'
- '#histogram 721 19'
- '#histogram 722 18'
- '#histogram 723 16'
- '#histogram 724 12'
- '#histogram 725 26'
- '#histogram 726 15'
- '#histogram 727 20'
- '#histogram 728 17'
- '#histogram 729 16'
- '#histogram 730 17'
- '#histogram 731 18'
- '#histogram 732 20'
- '#histogram 733 12'
- '#histogram 734 15'
- '#histogram 735 12'
- '#histogram 736 20'
- '#histogram 737 13'
- '#histogram 738 21'
- '#histogram 739 11'
- '#histogram 740 18'
- '#histogram 741 14'
- '#histogram 742 13'
- '#histogram 743 20'
- '#histogram 744 14'
- '#histogram 745 12'
- '#histogram 746 12'
- '#histogram 747 9'
- '#histogram 748 15'
- '#histogram 749 11'
- '#histogram 750 12'
- '#histogram 751 18'
- '#histogram 752 15'
- '#histogram 753 11'
- '#histogram 754 11'
- '#histogram 755 13'
- '#histogram 756 9'
- '#histogram 757 13'
- '#histogram 758 12'
- '#histogram 759 22'
- '#histogram 760 15'
- '#histogram 761 16'
- '#histogram 762 17'
- '#histogram 763 13'
- '#histogram 764 7'
- '#histogram 765 9'
- '#histogram 766 9'
- '#histogram 767 17'
- '#histogram 768 9'
- '#histogram 769 10'
- '#histogram 770 6'
- '#histogram 771 7'
- '#histogram 772 13'
- '#histogram 773 14'
- '#histogram 774 11'
- '#histogram 775 14'
- '#histogram 776 7'
- '#histogram 777 11'
- '#histogram 778 13'
- '#histogram 779 14'
- '#histogram 780 14'
- '#histogram 781 9'
- '#histogram 782 10'
- '#histogram 783 10'
- '#histogram 784 11'
- '#histogram 785 8'
- '#histogram 786 11'
- '#histogram 787 10'
- '#histogram 788 11'
- '#histogram 789 13'
- '#histogram 790 13'
- '#histogram 791 7'
- '#histogram 792 10'
- '#histogram 793 8'
- '#histogram 794 13'
- '#histogram 795 10'
- '#histogram 796 4'
- '#histogram 797 13'
- '#histogram 798 8'
- '#histogram 799 8'
- '#histogram 800 17'
- '#histogram 801 11'
- '#histogram 802 8'
- '#histogram 803 12'
- '#histogram 804 12'
- '#histogram 805 11'
- '#histogram 806 18'
- '#histogram 807 8'
- '#histogram 808 8'
- '#histogram 809 9'
- '#histogram 810 8'
- '#histogram 811 11'
- '#histogram 812 15'
- '#histogram 813 10'
- '#histogram 814 5'
- '#histogram 815 6'
- '#histogram 816 13'
- '#histogram 817 9'
- '#histogram 818 12'
- '#histogram 819 6'
- '#histogram 820 5'
- '#histogram 821 7'
- '#histogram 822 7'
- '#histogram 823 7'
- '#histogram 824 6'
- '#histogram 825 10'
- '#histogram 826 13'
- '#histogram 827 8'
- '#histogram 828 11'
- '#histogram 829 11'
- '#histogram 830 8'
- '#histogram 831 8'
- '#histogram 832 13'
- '#histogram 833 9'
- '#histogram 834 8'
- '#histogram 835 8'
- '#histogram 836 6'
- '#histogram 837 11'
- '#histogram 838 8'
- '#histogram 839 8'
- '#histogram 840 9'
- '#histogram 841 12'
- '#histogram 842 6'
- '#histogram 843 7'
- '#histogram 844 16'
- '#histogram 845 5'
- '#histogram 846 6'
- '#histogram 847 8'
- '#histogram 848 7'
- '#histogram 849 3'
- '#histogram 850 5'
- '#histogram 851 12'
- '#histogram 852 8'
- '#histogram 853 12'
- '#histogram 854 2'
- '#histogram 855 9'
- '#histogram 856 6'
- '#histogram 857 9'
- '#histogram 858 8'
- '#histogram 859 15'
- '#histogram 860 9'
- '#histogram 861 6'
- '#histogram 862 9'
- '#histogram 863 4'
- '#histogram 864 5'
- '#histogram 865 4'
- '#histogram 866 7'
- '#histogram 867 7'
- '#histogram 868 13'
- '#histogram 869 4'
- '#histogram 870 6'
- '#histogram 871 6'
- '#histogram 872 9'
- '#histogram 873 3'
- '#histogram 874 8'
- '#histogram 875 7'
- '#histogram 876 10'
- '#histogram 877 9'
- '#histogram 878 8'
- '#histogram 879 5'
- '#histogram 880 10'
- '#histogram 881 4'
- '#histogram 882 5'
- '#histogram 883 3'
- '#histogram 884 4'
- '#histogram 885 9'
- '#histogram 886 6'
- '#histogram 887 4'
- '#histogram 888 9'
- '#histogram 889 5'
- '#histogram 890 6'
- '#histogram 891 8'
- '#histogram 892 4'
- '#histogram 893 3'
- '#histogram 894 8'
- '#histogram 895 7'
- '#histogram 896 5'
- '#histogram 897 8'
- '#histogram 898 9'
- '#histogram 899 7'
- '#histogram 900 3'
- '#histogram 901 5'
- '#histogram 902 3'
- '#histogram 903 9'
- '#histogram 904 7'
- '#histogram 905 6'
- '#histogram 906 6'
- '#histogram 907 9'
- '#histogram 908 5'
- '#histogram 909 7'
- '#histogram 910 7'
- '#histogram 911 8'
- '#histogram 912 9'
- '#histogram 913 7'
- '#histogram 914 3'
- '#histogram 915 5'
- '#histogram 916 5'
- '#histogram 917 5'
- '#histogram 918 3'
- '#histogram 919 4'
- '#histogram 920 6'
- '#histogram 921 7'
- '#histogram 922 10'
- '#histogram 923 7'
- '#histogram 924 1'
- '#histogram 925 5'
- '#histogram 926 9'
- '#histogram 927 3'
- '#histogram 928 5'
- '#histogram 929 4'
- '#histogram 930 1'
- '#histogram 931 3'
- '#histogram 932 5'
- '#histogram 933 7'
- '#histogram 934 4'
- '#histogram 935 8'
- '#histogram 936 10'
- '#histogram 937 5'
- '#histogram 938 4'
- '#histogram 939 3'
- '#histogram 940 2'
- '#histogram 941 6'
- '#histogram 942 7'
- '#histogram 943 3'
- '#histogram 944 7'
- '#histogram 945 3'
- '#histogram 946 6'
- '#histogram 947 2'
- '#histogram 948 3'
- '#histogram 949 8'
- '#histogram 950 1'
- '#histogram 951 7'
- '#histogram 952 9'
- '#histogram 953 5'
- '#histogram 954 2'
- '#histogram 955 5'
- '#histogram 956 8'
- '#histogram 957 6'
- '#histogram 958 3'
- '#histogram 959 2'
- '#histogram 960 7'
- '#histogram 961 5'
- '#histogram 962 5'
- '#histogram 963 2'
- '#histogram 964 4'
- '#histogram 965 3'
- '#histogram 966 4'
- '#histogram 967 2'
- '#histogram 968 3'
- '#histogram 969 5'
- '#histogram 970 2'
- '#histogram 971 5'
- '#histogram 972 2'
- '#histogram 973 2'
- '#histogram 974 2'
- '#histogram 975 2'
- '#histogram 976 1'
- '#histogram 977 6'
- '#histogram 978 4'
- '#histogram 979 5'
- '#histogram 980 1'
- '#histogram 981 2'
- '#histogram 983 4'
- '#histogram 984 3'
- '#histogram 985 7'
- '#histogram 986 5'
- '#histogram 987 3'
- '#histogram 988 3'
- '#histogram 989 3'
- '#histogram 990 1'
- '#histogram 991 5'
- '#histogram 992 4'
- '#histogram 993 3'
- '#histogram 994 5'
- '#histogram 995 1'
- '#histogram 996 4'
- '#histogram 997 7'
- '#histogram 998 5'
- '#histogram 999 4'
- '#histogram 1000 5'
- '#histogram 1003 2'
- '#histogram 1004 1'
- '#histogram 1005 2'
- '#histogram 1006 1'
- '#histogram 1007 3'
- '#histogram 1008 1'
- '#histogram 1009 2'
- '#histogram 1010 1'
- '#histogram 1011 3'
- '#histogram 1012 7'
- '#histogram 1013 4'
- '#histogram 1014 1'
- '#histogram 1015 1'
- '#histogram 1016 1'
- '#histogram 1017 3'
- '#histogram 1018 3'
- '#histogram 1019 2'
- '#histogram 1020 4'
- '#histogram 1021 1'
- '#histogram 1023 5'
- '#histogram 1024 3'
- '#histogram 1025 1'
- '#histogram 1026 3'
- '#histogram 1027 6'
- '#histogram 1028 3'
- '#histogram 1029 1'
- '#histogram 1030 1'
- '#histogram 1031 2'
- '#histogram 1032 2'
- '#histogram 1033 4'
- '#histogram 1035 1'
- '#histogram 1036 1'
- '#histogram 1037 3'
- '#histogram 1038 1'
- '#histogram 1039 4'
- '#histogram 1042 4'
- '#histogram 1043 2'
- '#histogram 1044 7'
- '#histogram 1045 2'
- '#histogram 1046 3'
- '#histogram 1049 3'
- '#histogram 1050 1'
- '#histogram 1051 1'
- '#histogram 1052 1'
- '#histogram 1053 3'
- '#histogram 1055 4'
- '#histogram 1056 1'
- '#histogram 1058 1'
- '#histogram 1059 1'
- '#histogram 1060 2'
- '#histogram 1061 2'
- '#histogram 1062 1'
- '#histogram 1063 1'
- '#histogram 1065 2'
- '#histogram 1066 3'
- '#histogram 1067 4'
- '#histogram 1068 2'
- '#histogram 1069 1'
- '#histogram 1070 1'
- '#histogram 1071 3'
- '#histogram 1072 1'
- '#histogram 1073 1'
- '#histogram 1075 2'
- '#histogram 1076 2'
- '#histogram 1077 1'
- '#histogram 1078 1'
- '#histogram 1080 1'
- '#histogram 1081 2'
- '#histogram 1082 1'
- '#histogram 1086 1'
- '#histogram 1088 2'
- '#histogram 1089 1'
- '#histogram 1090 3'
- '#histogram 1091 1'
- '#histogram 1095 1'
- '#histogram 1096 3'
- '#histogram 1097 2'
- '#histogram 1098 4'
- '#histogram 1099 1'
- '#histogram 1100 2'
- '#histogram 1101 1'
- '#histogram 1103 2'
- '#histogram 1105 2'
- '#histogram 1106 1'
- '#histogram 1107 1'
- '#histogram 1108 1'
- '#histogram 1110 4'
- '#histogram 1111 1'
- '#histogram 1113 1'
- '#histogram 1114 3'
- '#histogram 1115 1'
- '#histogram 1117 1'
- '#histogram 1121 1'
- '#histogram 1122 1'
- '#histogram 1123 2'
- '#histogram 1124 1'
- '#histogram 1126 2'
- '#histogram 1127 1'
- '#histogram 1128 1'
- '#histogram 1129 2'
- '#histogram 1132 2'
- '#histogram 1133 1'
- '#histogram 1135 1'
- '#histogram 1137 3'
- '#histogram 1138 2'
- '#histogram 1140 1'
- '#histogram 1142 1'
- '#histogram 1144 1'
- '#histogram 1146 1'
- '#histogram 1147 2'
- '#histogram 1149 3'
- '#histogram 1152 3'
- '#histogram 1157 1'
- '#histogram 1158 2'
- '#histogram 1159 3'
- '#histogram 1160 1'
- '#histogram 1163 1'
- '#histogram 1165 1'
- '#histogram 1168 2'
- '#histogram 1169 1'
- '#histogram 1170 1'
- '#histogram 1176 1'
- '#histogram 1179 1'
- '#histogram 1183 1'
- '#histogram 1184 1'
- '#histogram 1191 1'
- '#histogram 1194 1'
- '#histogram 1201 3'
- '#histogram 1204 1'
- '#histogram 1209 1'
- '#histogram 1216 1'
- '#histogram 1217 1'
- '#histogram 1219 1'
- '#histogram 1222 1'
- '#histogram 1224 1'
- '#histogram 1233 2'
- '#histogram 1239 1'
- '#histogram 1241 1'
- '#histogram 1244 1'
- '#histogram 1247 1'
- '#histogram 1265 1'
- '#histogram 1268 1'
- '#histogram 1271 2'
- '#histogram 1279 1'
- '#histogram 1288 1'
- '#histogram 1292 1'
- '#histogram 1297 1'
- '#histogram 1314 1'
- '#histogram 1335 1'
- '#histogram 1341 1'
- '#histogram 1344 1'
- '#histogram 1346 1'
- '#histogram 1355 1'
- '#histogram 1372 1'
- '#histogram 1387 1'
- '#histogram 1404 1'
- '#histogram 1411 1'
- '#histogram 1416 1'
- '#histogram 1421 1'
- '#histogram 1428 2'
- '#histogram 1429 1'
- '#histogram 1430 1'
- '#histogram 1440 1'
- '#histogram 1452 1'
- '#histogram 1458 1'
- '#histogram 1467 1'
- '#histogram 1472 1'
- '#histogram 1499 1'
- '#histogram 1531 1'
- '#histogram 1540 1'
- '#histogram 1550 1'
- '#histogram 1563 1'
- '#histogram 1587 2'
- '#histogram 1613 1'
- '#histogram 1666 1'
- '#histogram 1764 1'
- '#histogram 1791 1'
- '#histogram 4999 1'
- ''
