code: 0
data:
  avg_latency: 0.050969
  histogram:
  - - 0
    - 0
  - - 1
    - 756
  - - 2
    - 3003
  - - 3
    - 4821
  - - 4
    - 5957
  - - 5
    - 7026
  - - 6
    - 7667
  - - 7
    - 8361
  - - 8
    - 8916
  - - 9
    - 9616
  - - 10
    - 9721
  - - 11
    - 10234
  - - 12
    - 10819
  - - 13
    - 11509
  - - 14
    - 11984
  - - 15
    - 12312
  - - 16
    - 12875
  - - 17
    - 13514
  - - 18
    - 13693
  - - 19
    - 14275
  - - 20
    - 14231
  - - 21
    - 14811
  - - 22
    - 15300
  - - 23
    - 15586
  - - 24
    - 16202
  - - 25
    - 16314
  - - 26
    - 16330
  - - 27
    - 16887
  - - 28
    - 16807
  - - 29
    - 17142
  - - 30
    - 17309
  - - 31
    - 17161
  - - 32
    - 17534
  - - 33
    - 17214
  - - 34
    - 17565
  - - 35
    - 17448
  - - 36
    - 17604
  - - 37
    - 17611
  - - 38
    - 17060
  - - 39
    - 16831
  - - 40
    - 16977
  - - 41
    - 16708
  - - 42
    - 16400
  - - 43
    - 16399
  - - 44
    - 16423
  - - 45
    - 15991
  - - 46
    - 15588
  - - 47
    - 15566
  - - 48
    - 15134
  - - 49
    - 14742
  - - 50
    - 14833
  - - 51
    - 14473
  - - 52
    - 14019
  - - 53
    - 13847
  - - 54
    - 13784
  - - 55
    - 13274
  - - 56
    - 13043
  - - 57
    - 12460
  - - 58
    - 12499
  - - 59
    - 11983
  - - 60
    - 11737
  - - 61
    - 11217
  - - 62
    - 11000
  - - 63
    - 10812
  - - 64
    - 10587
  - - 65
    - 10261
  - - 66
    - 10037
  - - 67
    - 9358
  - - 68
    - 9303
  - - 69
    - 9074
  - - 70
    - 9045
  - - 71
    - 8655
  - - 72
    - 8325
  - - 73
    - 8098
  - - 74
    - 7760
  - - 75
    - 7503
  - - 76
    - 7391
  - - 77
    - 7168
  - - 78
    - 6721
  - - 79
    - 6639
  - - 80
    - 6442
  - - 81
    - 6197
  - - 82
    - 6006
  - - 83
    - 5596
  - - 84
    - 5571
  - - 85
    - 5575
  - - 86
    - 5165
  - - 87
    - 4955
  - - 88
    - 4829
  - - 89
    - 4669
  - - 90
    - 4671
  - - 91
    - 4393
  - - 92
    - 4360
  - - 93
    - 4143
  - - 94
    - 4017
  - - 95
    - 3742
  - - 96
    - 3837
  - - 97
    - 3556
  - - 98
    - 3469
  - - 99
    - 3389
  - - 100
    - 3311
  - - 101
    - 3288
  - - 102
    - 2961
  - - 103
    - 2944
  - - 104
    - 2808
  - - 105
    - 2684
  - - 106
    - 2615
  - - 107
    - 2519
  - - 108
    - 2458
  - - 109
    - 2334
  - - 110
    - 2306
  - - 111
    - 2090
  - - 112
    - 2060
  - - 113
    - 1958
  - - 114
    - 1966
  - - 115
    - 1876
  - - 116
    - 1814
  - - 117
    - 1738
  - - 118
    - 1652
  - - 119
    - 1470
  - - 120
    - 1506
  - - 121
    - 1500
  - - 122
    - 1475
  - - 123
    - 1464
  - - 124
    - 1404
  - - 125
    - 1264
  - - 126
    - 1251
  - - 127
    - 1213
  - - 128
    - 1125
  - - 129
    - 1112
  - - 130
    - 1113
  - - 131
    - 1135
  - - 132
    - 987
  - - 133
    - 983
  - - 134
    - 851
  - - 135
    - 923
  - - 136
    - 878
  - - 137
    - 875
  - - 138
    - 801
  - - 139
    - 802
  - - 140
    - 787
  - - 141
    - 706
  - - 142
    - 753
  - - 143
    - 690
  - - 144
    - 695
  - - 145
    - 649
  - - 146
    - 647
  - - 147
    - 589
  - - 148
    - 562
  - - 149
    - 567
  - - 150
    - 532
  - - 151
    - 545
  - - 152
    - 525
  - - 153
    - 472
  - - 154
    - 433
  - - 155
    - 478
  - - 156
    - 449
  - - 157
    - 411
  - - 158
    - 437
  - - 159
    - 399
  - - 160
    - 393
  - - 161
    - 383
  - - 162
    - 382
  - - 163
    - 335
  - - 164
    - 329
  - - 165
    - 332
  - - 166
    - 319
  - - 167
    - 316
  - - 168
    - 290
  - - 169
    - 294
  - - 170
    - 264
  - - 171
    - 264
  - - 172
    - 256
  - - 173
    - 252
  - - 174
    - 244
  - - 175
    - 270
  - - 176
    - 230
  - - 177
    - 212
  - - 178
    - 229
  - - 179
    - 221
  - - 180
    - 197
  - - 181
    - 186
  - - 182
    - 200
  - - 183
    - 204
  - - 184
    - 185
  - - 185
    - 163
  - - 186
    - 177
  - - 187
    - 187
  - - 188
    - 163
  - - 189
    - 174
  - - 190
    - 141
  - - 191
    - 158
  - - 192
    - 150
  - - 193
    - 122
  - - 194
    - 130
  - - 195
    - 110
  - - 196
    - 127
  - - 197
    - 136
  - - 198
    - 110
  - - 199
    - 117
  - - 200
    - 101
  - - 201
    - 108
  - - 202
    - 86
  - - 203
    - 119
  - - 204
    - 107
  - - 205
    - 81
  - - 206
    - 71
  - - 207
    - 78
  - - 208
    - 76
  - - 209
    - 71
  - - 210
    - 61
  - - 211
    - 61
  - - 212
    - 67
  - - 213
    - 68
  - - 214
    - 62
  - - 215
    - 81
  - - 216
    - 56
  - - 217
    - 48
  - - 218
    - 49
  - - 219
    - 56
  - - 220
    - 66
  - - 221
    - 48
  - - 222
    - 45
  - - 223
    - 53
  - - 224
    - 46
  - - 225
    - 41
  - - 226
    - 39
  - - 227
    - 48
  - - 228
    - 40
  - - 229
    - 51
  - - 230
    - 39
  - - 231
    - 51
  - - 232
    - 39
  - - 233
    - 32
  - - 234
    - 29
  - - 235
    - 22
  - - 236
    - 45
  - - 237
    - 36
  - - 238
    - 39
  - - 239
    - 32
  - - 240
    - 28
  - - 241
    - 33
  - - 242
    - 25
  - - 243
    - 22
  - - 244
    - 28
  - - 245
    - 23
  - - 246
    - 20
  - - 247
    - 25
  - - 248
    - 33
  - - 249
    - 29
  - - 250
    - 25
  - - 251
    - 15
  - - 252
    - 17
  - - 253
    - 21
  - - 254
    - 17
  - - 255
    - 16
  - - 256
    - 11
  - - 257
    - 15
  - - 258
    - 23
  - - 259
    - 17
  - - 260
    - 15
  - - 261
    - 12
  - - 262
    - 20
  - - 263
    - 17
  - - 264
    - 25
  - - 265
    - 13
  - - 266
    - 19
  - - 267
    - 12
  - - 268
    - 16
  - - 269
    - 11
  - - 270
    - 14
  - - 271
    - 14
  - - 272
    - 12
  - - 273
    - 10
  - - 274
    - 9
  - - 275
    - 10
  - - 276
    - 6
  - - 277
    - 4
  - - 278
    - 11
  - - 279
    - 4
  - - 280
    - 18
  - - 281
    - 12
  - - 282
    - 4
  - - 283
    - 6
  - - 284
    - 11
  - - 285
    - 7
  - - 286
    - 6
  - - 287
    - 10
  - - 288
    - 8
  - - 289
    - 8
  - - 290
    - 3
  - - 291
    - 8
  - - 292
    - 6
  - - 293
    - 10
  - - 294
    - 7
  - - 295
    - 5
  - - 296
    - 5
  - - 297
    - 1
  - - 298
    - 2
  - - 299
    - 4
  - - 300
    - 5
  - - 301
    - 2
  - - 302
    - 6
  - - 303
    - 6
  - - 304
    - 5
  - - 305
    - 3
  - - 306
    - 4
  - - 307
    - 4
  - - 308
    - 2
  - - 309
    - 1
  - - 310
    - 2
  - - 311
    - 2
  - - 312
    - 3
  - - 313
    - 4
  - - 315
    - 2
  - - 316
    - 2
  - - 317
    - 2
  - - 318
    - 3
  - - 319
    - 4
  - - 320
    - 3
  - - 321
    - 2
  - - 322
    - 3
  - - 323
    - 2
  - - 324
    - 1
  - - 325
    - 2
  - - 326
    - 2
  - - 327
    - 3
  - - 328
    - 1
  - - 329
    - 2
  - - 330
    - 2
  - - 331
    - 2
  - - 332
    - 1
  - - 333
    - 3
  - - 337
    - 1
  - - 338
    - 1
  - - 340
    - 1
  - - 341
    - 1
  - - 343
    - 2
  - - 344
    - 4
  - - 346
    - 1
  - - 348
    - 1
  - - 350
    - 1
  - - 352
    - 2
  - - 357
    - 3
  - - 359
    - 1
  - - 360
    - 2
  - - 363
    - 1
  - - 365
    - 1
  - - 370
    - 1
  - - 371
    - 1
  - - 376
    - 1
  - - 378
    - 1
  - - 381
    - 1
  - - 384
    - 1
  - - 386
    - 1
  - - 401
    - 1
  - - 426
    - 1
  - - 431
    - 1
  - - 480
    - 1
  latency_50_percentile: 44.0
  latency_95_percentile: 113.0
  latency_99_5_percentile: 183.0
  latency_99_percentile: 161.0
  max_kubedns_cpu: 917
  max_kubedns_memory: 24
  max_latency: 0.480452
  max_perfserver_cpu: 0
  max_perfserver_memory: 0
  min_latency: 0.001125
  msg: null
  ok: true
  qps: 1954.10359
  queries_completed: 1172525
  queries_lost: 0
  queries_sent: 1172525
  run_time: 600.032161
  stddev_latency: 0.033164
params:
  max_qps: null
  pod_name: dns-perf-client-858fb7568b-wwnt5
  query_file: all-queries.txt
  run_id: 1777614462
  run_length_seconds: 600
  run_subid: 0
stderr:
- ''
stdout:
- DNS Performance Testing Tool
- Nominum Version 2.1.0.0
- ''
- '[Status] Command line: dnsperf -s 10.0.0.10 -l 600 -d /queries/all-queries.txt'
- '[Status] Sending queries (to 10.0.0.10)'
- '[Status] Started at: Fri May  1 05:48:13 2026'
- '[Status] Stopping after 600.000000 seconds'
- '[Status] Testing complete (time limit)'
- ''
- 'Statistics:'
- ''
- '  Queries sent:         1172525'
- '  Queries completed:    1172525 (100.00%)'
- '  Queries lost:         0 (0.00%)'
- ''
- '  Response codes:       NOERROR 140703 (12.00%), NXDOMAIN 1031822 (88.00%)'
- '  Average packet size:  request 39, response 122'
- '  Run time (s):         600.032161'
- '  Queries per second:   1954.103590'
- ''
- '  Average Latency (s):  0.050969 (min 0.001125, max 0.480452)'
- '  Latency StdDev (s):   0.033164'
- ''
- '  Latency histogram'
- '#histogram 0 0'
- '#histogram 1 756'
- '#histogram 2 3003'
- '#histogram 3 4821'
- '#histogram 4 5957'
- '#histogram 5 7026'
- '#histogram 6 7667'
- '#histogram 7 8361'
- '#histogram 8 8916'
- '#histogram 9 9616'
- '#histogram 10 9721'
- '#histogram 11 10234'
- '#histogram 12 10819'
- '#histogram 13 11509'
- '#histogram 14 11984'
- '#histogram 15 12312'
- '#histogram 16 12875'
- '#histogram 17 13514'
- '#histogram 18 13693'
- '#histogram 19 14275'
- '#histogram 20 14231'
- '#histogram 21 14811'
- '#histogram 22 15300'
- '#histogram 23 15586'
- '#histogram 24 16202'
- '#histogram 25 16314'
- '#histogram 26 16330'
- '#histogram 27 16887'
- '#histogram 28 16807'
- '#histogram 29 17142'
- '#histogram 30 17309'
- '#histogram 31 17161'
- '#histogram 32 17534'
- '#histogram 33 17214'
- '#histogram 34 17565'
- '#histogram 35 17448'
- '#histogram 36 17604'
- '#histogram 37 17611'
- '#histogram 38 17060'
- '#histogram 39 16831'
- '#histogram 40 16977'
- '#histogram 41 16708'
- '#histogram 42 16400'
- '#histogram 43 16399'
- '#histogram 44 16423'
- '#histogram 45 15991'
- '#histogram 46 15588'
- '#histogram 47 15566'
- '#histogram 48 15134'
- '#histogram 49 14742'
- '#histogram 50 14833'
- '#histogram 51 14473'
- '#histogram 52 14019'
- '#histogram 53 13847'
- '#histogram 54 13784'
- '#histogram 55 13274'
- '#histogram 56 13043'
- '#histogram 57 12460'
- '#histogram 58 12499'
- '#histogram 59 11983'
- '#histogram 60 11737'
- '#histogram 61 11217'
- '#histogram 62 11000'
- '#histogram 63 10812'
- '#histogram 64 10587'
- '#histogram 65 10261'
- '#histogram 66 10037'
- '#histogram 67 9358'
- '#histogram 68 9303'
- '#histogram 69 9074'
- '#histogram 70 9045'
- '#histogram 71 8655'
- '#histogram 72 8325'
- '#histogram 73 8098'
- '#histogram 74 7760'
- '#histogram 75 7503'
- '#histogram 76 7391'
- '#histogram 77 7168'
- '#histogram 78 6721'
- '#histogram 79 6639'
- '#histogram 80 6442'
- '#histogram 81 6197'
- '#histogram 82 6006'
- '#histogram 83 5596'
- '#histogram 84 5571'
- '#histogram 85 5575'
- '#histogram 86 5165'
- '#histogram 87 4955'
- '#histogram 88 4829'
- '#histogram 89 4669'
- '#histogram 90 4671'
- '#histogram 91 4393'
- '#histogram 92 4360'
- '#histogram 93 4143'
- '#histogram 94 4017'
- '#histogram 95 3742'
- '#histogram 96 3837'
- '#histogram 97 3556'
- '#histogram 98 3469'
- '#histogram 99 3389'
- '#histogram 100 3311'
- '#histogram 101 3288'
- '#histogram 102 2961'
- '#histogram 103 2944'
- '#histogram 104 2808'
- '#histogram 105 2684'
- '#histogram 106 2615'
- '#histogram 107 2519'
- '#histogram 108 2458'
- '#histogram 109 2334'
- '#histogram 110 2306'
- '#histogram 111 2090'
- '#histogram 112 2060'
- '#histogram 113 1958'
- '#histogram 114 1966'
- '#histogram 115 1876'
- '#histogram 116 1814'
- '#histogram 117 1738'
- '#histogram 118 1652'
- '#histogram 119 1470'
- '#histogram 120 1506'
- '#histogram 121 1500'
- '#histogram 122 1475'
- '#histogram 123 1464'
- '#histogram 124 1404'
- '#histogram 125 1264'
- '#histogram 126 1251'
- '#histogram 127 1213'
- '#histogram 128 1125'
- '#histogram 129 1112'
- '#histogram 130 1113'
- '#histogram 131 1135'
- '#histogram 132 987'
- '#histogram 133 983'
- '#histogram 134 851'
- '#histogram 135 923'
- '#histogram 136 878'
- '#histogram 137 875'
- '#histogram 138 801'
- '#histogram 139 802'
- '#histogram 140 787'
- '#histogram 141 706'
- '#histogram 142 753'
- '#histogram 143 690'
- '#histogram 144 695'
- '#histogram 145 649'
- '#histogram 146 647'
- '#histogram 147 589'
- '#histogram 148 562'
- '#histogram 149 567'
- '#histogram 150 532'
- '#histogram 151 545'
- '#histogram 152 525'
- '#histogram 153 472'
- '#histogram 154 433'
- '#histogram 155 478'
- '#histogram 156 449'
- '#histogram 157 411'
- '#histogram 158 437'
- '#histogram 159 399'
- '#histogram 160 393'
- '#histogram 161 383'
- '#histogram 162 382'
- '#histogram 163 335'
- '#histogram 164 329'
- '#histogram 165 332'
- '#histogram 166 319'
- '#histogram 167 316'
- '#histogram 168 290'
- '#histogram 169 294'
- '#histogram 170 264'
- '#histogram 171 264'
- '#histogram 172 256'
- '#histogram 173 252'
- '#histogram 174 244'
- '#histogram 175 270'
- '#histogram 176 230'
- '#histogram 177 212'
- '#histogram 178 229'
- '#histogram 179 221'
- '#histogram 180 197'
- '#histogram 181 186'
- '#histogram 182 200'
- '#histogram 183 204'
- '#histogram 184 185'
- '#histogram 185 163'
- '#histogram 186 177'
- '#histogram 187 187'
- '#histogram 188 163'
- '#histogram 189 174'
- '#histogram 190 141'
- '#histogram 191 158'
- '#histogram 192 150'
- '#histogram 193 122'
- '#histogram 194 130'
- '#histogram 195 110'
- '#histogram 196 127'
- '#histogram 197 136'
- '#histogram 198 110'
- '#histogram 199 117'
- '#histogram 200 101'
- '#histogram 201 108'
- '#histogram 202 86'
- '#histogram 203 119'
- '#histogram 204 107'
- '#histogram 205 81'
- '#histogram 206 71'
- '#histogram 207 78'
- '#histogram 208 76'
- '#histogram 209 71'
- '#histogram 210 61'
- '#histogram 211 61'
- '#histogram 212 67'
- '#histogram 213 68'
- '#histogram 214 62'
- '#histogram 215 81'
- '#histogram 216 56'
- '#histogram 217 48'
- '#histogram 218 49'
- '#histogram 219 56'
- '#histogram 220 66'
- '#histogram 221 48'
- '#histogram 222 45'
- '#histogram 223 53'
- '#histogram 224 46'
- '#histogram 225 41'
- '#histogram 226 39'
- '#histogram 227 48'
- '#histogram 228 40'
- '#histogram 229 51'
- '#histogram 230 39'
- '#histogram 231 51'
- '#histogram 232 39'
- '#histogram 233 32'
- '#histogram 234 29'
- '#histogram 235 22'
- '#histogram 236 45'
- '#histogram 237 36'
- '#histogram 238 39'
- '#histogram 239 32'
- '#histogram 240 28'
- '#histogram 241 33'
- '#histogram 242 25'
- '#histogram 243 22'
- '#histogram 244 28'
- '#histogram 245 23'
- '#histogram 246 20'
- '#histogram 247 25'
- '#histogram 248 33'
- '#histogram 249 29'
- '#histogram 250 25'
- '#histogram 251 15'
- '#histogram 252 17'
- '#histogram 253 21'
- '#histogram 254 17'
- '#histogram 255 16'
- '#histogram 256 11'
- '#histogram 257 15'
- '#histogram 258 23'
- '#histogram 259 17'
- '#histogram 260 15'
- '#histogram 261 12'
- '#histogram 262 20'
- '#histogram 263 17'
- '#histogram 264 25'
- '#histogram 265 13'
- '#histogram 266 19'
- '#histogram 267 12'
- '#histogram 268 16'
- '#histogram 269 11'
- '#histogram 270 14'
- '#histogram 271 14'
- '#histogram 272 12'
- '#histogram 273 10'
- '#histogram 274 9'
- '#histogram 275 10'
- '#histogram 276 6'
- '#histogram 277 4'
- '#histogram 278 11'
- '#histogram 279 4'
- '#histogram 280 18'
- '#histogram 281 12'
- '#histogram 282 4'
- '#histogram 283 6'
- '#histogram 284 11'
- '#histogram 285 7'
- '#histogram 286 6'
- '#histogram 287 10'
- '#histogram 288 8'
- '#histogram 289 8'
- '#histogram 290 3'
- '#histogram 291 8'
- '#histogram 292 6'
- '#histogram 293 10'
- '#histogram 294 7'
- '#histogram 295 5'
- '#histogram 296 5'
- '#histogram 297 1'
- '#histogram 298 2'
- '#histogram 299 4'
- '#histogram 300 5'
- '#histogram 301 2'
- '#histogram 302 6'
- '#histogram 303 6'
- '#histogram 304 5'
- '#histogram 305 3'
- '#histogram 306 4'
- '#histogram 307 4'
- '#histogram 308 2'
- '#histogram 309 1'
- '#histogram 310 2'
- '#histogram 311 2'
- '#histogram 312 3'
- '#histogram 313 4'
- '#histogram 315 2'
- '#histogram 316 2'
- '#histogram 317 2'
- '#histogram 318 3'
- '#histogram 319 4'
- '#histogram 320 3'
- '#histogram 321 2'
- '#histogram 322 3'
- '#histogram 323 2'
- '#histogram 324 1'
- '#histogram 325 2'
- '#histogram 326 2'
- '#histogram 327 3'
- '#histogram 328 1'
- '#histogram 329 2'
- '#histogram 330 2'
- '#histogram 331 2'
- '#histogram 332 1'
- '#histogram 333 3'
- '#histogram 337 1'
- '#histogram 338 1'
- '#histogram 340 1'
- '#histogram 341 1'
- '#histogram 343 2'
- '#histogram 344 4'
- '#histogram 346 1'
- '#histogram 348 1'
- '#histogram 350 1'
- '#histogram 352 2'
- '#histogram 357 3'
- '#histogram 359 1'
- '#histogram 360 2'
- '#histogram 363 1'
- '#histogram 365 1'
- '#histogram 370 1'
- '#histogram 371 1'
- '#histogram 376 1'
- '#histogram 378 1'
- '#histogram 381 1'
- '#histogram 384 1'
- '#histogram 386 1'
- '#histogram 401 1'
- '#histogram 426 1'
- '#histogram 431 1'
- '#histogram 480 1'
- ''
