code: 0
data:
  avg_latency: 0.372125
  histogram:
  - - 0
    - 0
  - - 17
    - 1
  - - 22
    - 2
  - - 23
    - 2
  - - 25
    - 2
  - - 26
    - 1
  - - 27
    - 2
  - - 30
    - 3
  - - 31
    - 4
  - - 32
    - 9
  - - 33
    - 1
  - - 34
    - 2
  - - 35
    - 3
  - - 36
    - 3
  - - 37
    - 5
  - - 38
    - 3
  - - 39
    - 6
  - - 40
    - 2
  - - 41
    - 2
  - - 42
    - 3
  - - 43
    - 2
  - - 44
    - 3
  - - 45
    - 3
  - - 46
    - 11
  - - 47
    - 10
  - - 48
    - 4
  - - 49
    - 3
  - - 50
    - 6
  - - 51
    - 14
  - - 52
    - 13
  - - 53
    - 15
  - - 54
    - 10
  - - 55
    - 4
  - - 56
    - 10
  - - 57
    - 13
  - - 58
    - 14
  - - 59
    - 16
  - - 60
    - 10
  - - 61
    - 14
  - - 62
    - 17
  - - 63
    - 31
  - - 64
    - 20
  - - 65
    - 20
  - - 66
    - 19
  - - 67
    - 11
  - - 68
    - 10
  - - 69
    - 19
  - - 70
    - 32
  - - 71
    - 15
  - - 72
    - 30
  - - 73
    - 17
  - - 74
    - 18
  - - 75
    - 19
  - - 76
    - 27
  - - 77
    - 18
  - - 78
    - 27
  - - 79
    - 24
  - - 80
    - 30
  - - 81
    - 29
  - - 82
    - 31
  - - 83
    - 47
  - - 84
    - 36
  - - 85
    - 43
  - - 86
    - 46
  - - 87
    - 49
  - - 88
    - 45
  - - 89
    - 53
  - - 90
    - 46
  - - 91
    - 54
  - - 92
    - 47
  - - 93
    - 45
  - - 94
    - 60
  - - 95
    - 71
  - - 96
    - 83
  - - 97
    - 80
  - - 98
    - 82
  - - 99
    - 71
  - - 100
    - 79
  - - 101
    - 65
  - - 102
    - 94
  - - 103
    - 84
  - - 104
    - 88
  - - 105
    - 85
  - - 106
    - 115
  - - 107
    - 101
  - - 108
    - 99
  - - 109
    - 88
  - - 110
    - 77
  - - 111
    - 118
  - - 112
    - 83
  - - 113
    - 131
  - - 114
    - 103
  - - 115
    - 111
  - - 116
    - 122
  - - 117
    - 112
  - - 118
    - 132
  - - 119
    - 101
  - - 120
    - 137
  - - 121
    - 117
  - - 122
    - 135
  - - 123
    - 168
  - - 124
    - 121
  - - 125
    - 117
  - - 126
    - 128
  - - 127
    - 118
  - - 128
    - 101
  - - 129
    - 140
  - - 130
    - 138
  - - 131
    - 145
  - - 132
    - 140
  - - 133
    - 131
  - - 134
    - 139
  - - 135
    - 165
  - - 136
    - 170
  - - 137
    - 180
  - - 138
    - 143
  - - 139
    - 151
  - - 140
    - 138
  - - 141
    - 162
  - - 142
    - 203
  - - 143
    - 160
  - - 144
    - 191
  - - 145
    - 212
  - - 146
    - 215
  - - 147
    - 191
  - - 148
    - 198
  - - 149
    - 208
  - - 150
    - 188
  - - 151
    - 200
  - - 152
    - 213
  - - 153
    - 215
  - - 154
    - 215
  - - 155
    - 190
  - - 156
    - 187
  - - 157
    - 211
  - - 158
    - 231
  - - 159
    - 213
  - - 160
    - 205
  - - 161
    - 226
  - - 162
    - 214
  - - 163
    - 216
  - - 164
    - 248
  - - 165
    - 241
  - - 166
    - 239
  - - 167
    - 240
  - - 168
    - 215
  - - 169
    - 230
  - - 170
    - 241
  - - 171
    - 217
  - - 172
    - 252
  - - 173
    - 253
  - - 174
    - 253
  - - 175
    - 247
  - - 176
    - 271
  - - 177
    - 260
  - - 178
    - 242
  - - 179
    - 263
  - - 180
    - 356
  - - 181
    - 307
  - - 182
    - 245
  - - 183
    - 267
  - - 184
    - 296
  - - 185
    - 275
  - - 186
    - 259
  - - 187
    - 305
  - - 188
    - 275
  - - 189
    - 326
  - - 190
    - 334
  - - 191
    - 347
  - - 192
    - 284
  - - 193
    - 296
  - - 194
    - 302
  - - 195
    - 302
  - - 196
    - 268
  - - 197
    - 290
  - - 198
    - 301
  - - 199
    - 291
  - - 200
    - 267
  - - 201
    - 321
  - - 202
    - 365
  - - 203
    - 345
  - - 204
    - 372
  - - 205
    - 375
  - - 206
    - 342
  - - 207
    - 330
  - - 208
    - 304
  - - 209
    - 326
  - - 210
    - 342
  - - 211
    - 301
  - - 212
    - 369
  - - 213
    - 377
  - - 214
    - 326
  - - 215
    - 364
  - - 216
    - 381
  - - 217
    - 373
  - - 218
    - 343
  - - 219
    - 342
  - - 220
    - 380
  - - 221
    - 374
  - - 222
    - 371
  - - 223
    - 326
  - - 224
    - 367
  - - 225
    - 358
  - - 226
    - 330
  - - 227
    - 343
  - - 228
    - 314
  - - 229
    - 359
  - - 230
    - 362
  - - 231
    - 321
  - - 232
    - 365
  - - 233
    - 391
  - - 234
    - 411
  - - 235
    - 396
  - - 236
    - 415
  - - 237
    - 403
  - - 238
    - 350
  - - 239
    - 370
  - - 240
    - 345
  - - 241
    - 369
  - - 242
    - 373
  - - 243
    - 424
  - - 244
    - 448
  - - 245
    - 413
  - - 246
    - 359
  - - 247
    - 357
  - - 248
    - 348
  - - 249
    - 355
  - - 250
    - 371
  - - 251
    - 430
  - - 252
    - 353
  - - 253
    - 394
  - - 254
    - 351
  - - 255
    - 391
  - - 256
    - 401
  - - 257
    - 350
  - - 258
    - 356
  - - 259
    - 382
  - - 260
    - 362
  - - 261
    - 417
  - - 262
    - 441
  - - 263
    - 437
  - - 264
    - 440
  - - 265
    - 384
  - - 266
    - 410
  - - 267
    - 410
  - - 268
    - 442
  - - 269
    - 408
  - - 270
    - 411
  - - 271
    - 439
  - - 272
    - 432
  - - 273
    - 398
  - - 274
    - 474
  - - 275
    - 441
  - - 276
    - 423
  - - 277
    - 487
  - - 278
    - 435
  - - 279
    - 402
  - - 280
    - 431
  - - 281
    - 446
  - - 282
    - 399
  - - 283
    - 371
  - - 284
    - 374
  - - 285
    - 396
  - - 286
    - 407
  - - 287
    - 441
  - - 288
    - 406
  - - 289
    - 435
  - - 290
    - 403
  - - 291
    - 400
  - - 292
    - 389
  - - 293
    - 429
  - - 294
    - 419
  - - 295
    - 373
  - - 296
    - 422
  - - 297
    - 401
  - - 298
    - 409
  - - 299
    - 438
  - - 300
    - 440
  - - 301
    - 450
  - - 302
    - 491
  - - 303
    - 475
  - - 304
    - 471
  - - 305
    - 457
  - - 306
    - 444
  - - 307
    - 493
  - - 308
    - 425
  - - 309
    - 405
  - - 310
    - 397
  - - 311
    - 404
  - - 312
    - 416
  - - 313
    - 406
  - - 314
    - 393
  - - 315
    - 439
  - - 316
    - 409
  - - 317
    - 384
  - - 318
    - 367
  - - 319
    - 416
  - - 320
    - 414
  - - 321
    - 371
  - - 322
    - 377
  - - 323
    - 375
  - - 324
    - 398
  - - 325
    - 380
  - - 326
    - 394
  - - 327
    - 440
  - - 328
    - 442
  - - 329
    - 453
  - - 330
    - 466
  - - 331
    - 377
  - - 332
    - 406
  - - 333
    - 449
  - - 334
    - 437
  - - 335
    - 434
  - - 336
    - 419
  - - 337
    - 485
  - - 338
    - 434
  - - 339
    - 451
  - - 340
    - 438
  - - 341
    - 381
  - - 342
    - 350
  - - 343
    - 387
  - - 344
    - 424
  - - 345
    - 401
  - - 346
    - 464
  - - 347
    - 388
  - - 348
    - 427
  - - 349
    - 448
  - - 350
    - 422
  - - 351
    - 415
  - - 352
    - 391
  - - 353
    - 398
  - - 354
    - 418
  - - 355
    - 353
  - - 356
    - 409
  - - 357
    - 333
  - - 358
    - 373
  - - 359
    - 425
  - - 360
    - 426
  - - 361
    - 429
  - - 362
    - 377
  - - 363
    - 376
  - - 364
    - 364
  - - 365
    - 347
  - - 366
    - 393
  - - 367
    - 418
  - - 368
    - 339
  - - 369
    - 396
  - - 370
    - 368
  - - 371
    - 402
  - - 372
    - 397
  - - 373
    - 381
  - - 374
    - 392
  - - 375
    - 424
  - - 376
    - 391
  - - 377
    - 363
  - - 378
    - 345
  - - 379
    - 389
  - - 380
    - 319
  - - 381
    - 364
  - - 382
    - 357
  - - 383
    - 391
  - - 384
    - 360
  - - 385
    - 377
  - - 386
    - 367
  - - 387
    - 356
  - - 388
    - 396
  - - 389
    - 364
  - - 390
    - 398
  - - 391
    - 375
  - - 392
    - 399
  - - 393
    - 370
  - - 394
    - 401
  - - 395
    - 360
  - - 396
    - 371
  - - 397
    - 375
  - - 398
    - 398
  - - 399
    - 369
  - - 400
    - 339
  - - 401
    - 346
  - - 402
    - 321
  - - 403
    - 374
  - - 404
    - 358
  - - 405
    - 369
  - - 406
    - 373
  - - 407
    - 322
  - - 408
    - 375
  - - 409
    - 316
  - - 410
    - 340
  - - 411
    - 358
  - - 412
    - 359
  - - 413
    - 365
  - - 414
    - 385
  - - 415
    - 393
  - - 416
    - 337
  - - 417
    - 313
  - - 418
    - 318
  - - 419
    - 311
  - - 420
    - 292
  - - 421
    - 311
  - - 422
    - 341
  - - 423
    - 358
  - - 424
    - 358
  - - 425
    - 345
  - - 426
    - 345
  - - 427
    - 297
  - - 428
    - 306
  - - 429
    - 272
  - - 430
    - 293
  - - 431
    - 305
  - - 432
    - 285
  - - 433
    - 270
  - - 434
    - 271
  - - 435
    - 266
  - - 436
    - 257
  - - 437
    - 292
  - - 438
    - 288
  - - 439
    - 272
  - - 440
    - 267
  - - 441
    - 266
  - - 442
    - 279
  - - 443
    - 301
  - - 444
    - 301
  - - 445
    - 267
  - - 446
    - 277
  - - 447
    - 293
  - - 448
    - 301
  - - 449
    - 321
  - - 450
    - 315
  - - 451
    - 251
  - - 452
    - 306
  - - 453
    - 276
  - - 454
    - 298
  - - 455
    - 305
  - - 456
    - 308
  - - 457
    - 281
  - - 458
    - 296
  - - 459
    - 270
  - - 460
    - 272
  - - 461
    - 282
  - - 462
    - 252
  - - 463
    - 262
  - - 464
    - 247
  - - 465
    - 258
  - - 466
    - 261
  - - 467
    - 278
  - - 468
    - 280
  - - 469
    - 268
  - - 470
    - 261
  - - 471
    - 274
  - - 472
    - 251
  - - 473
    - 250
  - - 474
    - 240
  - - 475
    - 264
  - - 476
    - 269
  - - 477
    - 276
  - - 478
    - 267
  - - 479
    - 259
  - - 480
    - 272
  - - 481
    - 263
  - - 482
    - 276
  - - 483
    - 268
  - - 484
    - 260
  - - 485
    - 272
  - - 486
    - 235
  - - 487
    - 226
  - - 488
    - 229
  - - 489
    - 246
  - - 490
    - 228
  - - 491
    - 206
  - - 492
    - 210
  - - 493
    - 233
  - - 494
    - 219
  - - 495
    - 210
  - - 496
    - 220
  - - 497
    - 240
  - - 498
    - 211
  - - 499
    - 236
  - - 500
    - 184
  - - 501
    - 203
  - - 502
    - 207
  - - 503
    - 227
  - - 504
    - 227
  - - 505
    - 221
  - - 506
    - 249
  - - 507
    - 252
  - - 508
    - 222
  - - 509
    - 187
  - - 510
    - 205
  - - 511
    - 231
  - - 512
    - 196
  - - 513
    - 210
  - - 514
    - 230
  - - 515
    - 222
  - - 516
    - 190
  - - 517
    - 196
  - - 518
    - 206
  - - 519
    - 196
  - - 520
    - 228
  - - 521
    - 225
  - - 522
    - 215
  - - 523
    - 226
  - - 524
    - 243
  - - 525
    - 198
  - - 526
    - 220
  - - 527
    - 201
  - - 528
    - 202
  - - 529
    - 208
  - - 530
    - 174
  - - 531
    - 172
  - - 532
    - 188
  - - 533
    - 181
  - - 534
    - 162
  - - 535
    - 185
  - - 536
    - 199
  - - 537
    - 206
  - - 538
    - 182
  - - 539
    - 189
  - - 540
    - 200
  - - 541
    - 179
  - - 542
    - 193
  - - 543
    - 183
  - - 544
    - 236
  - - 545
    - 220
  - - 546
    - 194
  - - 547
    - 177
  - - 548
    - 201
  - - 549
    - 157
  - - 550
    - 173
  - - 551
    - 163
  - - 552
    - 154
  - - 553
    - 176
  - - 554
    - 169
  - - 555
    - 180
  - - 556
    - 148
  - - 557
    - 158
  - - 558
    - 191
  - - 559
    - 170
  - - 560
    - 160
  - - 561
    - 159
  - - 562
    - 179
  - - 563
    - 159
  - - 564
    - 146
  - - 565
    - 136
  - - 566
    - 162
  - - 567
    - 182
  - - 568
    - 159
  - - 569
    - 175
  - - 570
    - 166
  - - 571
    - 166
  - - 572
    - 156
  - - 573
    - 158
  - - 574
    - 185
  - - 575
    - 140
  - - 576
    - 146
  - - 577
    - 127
  - - 578
    - 146
  - - 579
    - 150
  - - 580
    - 128
  - - 581
    - 168
  - - 582
    - 145
  - - 583
    - 151
  - - 584
    - 106
  - - 585
    - 130
  - - 586
    - 117
  - - 587
    - 122
  - - 588
    - 122
  - - 589
    - 116
  - - 590
    - 128
  - - 591
    - 120
  - - 592
    - 216
  - - 593
    - 146
  - - 594
    - 117
  - - 595
    - 124
  - - 596
    - 140
  - - 597
    - 143
  - - 598
    - 130
  - - 599
    - 122
  - - 600
    - 113
  - - 601
    - 154
  - - 602
    - 136
  - - 603
    - 124
  - - 604
    - 117
  - - 605
    - 128
  - - 606
    - 116
  - - 607
    - 99
  - - 608
    - 112
  - - 609
    - 126
  - - 610
    - 98
  - - 611
    - 100
  - - 612
    - 104
  - - 613
    - 99
  - - 614
    - 106
  - - 615
    - 98
  - - 616
    - 97
  - - 617
    - 106
  - - 618
    - 85
  - - 619
    - 116
  - - 620
    - 116
  - - 621
    - 104
  - - 622
    - 83
  - - 623
    - 143
  - - 624
    - 104
  - - 625
    - 118
  - - 626
    - 89
  - - 627
    - 119
  - - 628
    - 80
  - - 629
    - 115
  - - 630
    - 104
  - - 631
    - 84
  - - 632
    - 83
  - - 633
    - 97
  - - 634
    - 73
  - - 635
    - 95
  - - 636
    - 101
  - - 637
    - 88
  - - 638
    - 84
  - - 639
    - 84
  - - 640
    - 72
  - - 641
    - 93
  - - 642
    - 96
  - - 643
    - 94
  - - 644
    - 83
  - - 645
    - 113
  - - 646
    - 80
  - - 647
    - 117
  - - 648
    - 97
  - - 649
    - 87
  - - 650
    - 83
  - - 651
    - 93
  - - 652
    - 98
  - - 653
    - 93
  - - 654
    - 76
  - - 655
    - 76
  - - 656
    - 91
  - - 657
    - 72
  - - 658
    - 97
  - - 659
    - 86
  - - 660
    - 91
  - - 661
    - 91
  - - 662
    - 89
  - - 663
    - 86
  - - 664
    - 92
  - - 665
    - 95
  - - 666
    - 87
  - - 667
    - 60
  - - 668
    - 94
  - - 669
    - 72
  - - 670
    - 81
  - - 671
    - 73
  - - 672
    - 74
  - - 673
    - 72
  - - 674
    - 69
  - - 675
    - 71
  - - 676
    - 76
  - - 677
    - 87
  - - 678
    - 80
  - - 679
    - 81
  - - 680
    - 49
  - - 681
    - 51
  - - 682
    - 67
  - - 683
    - 49
  - - 684
    - 71
  - - 685
    - 71
  - - 686
    - 60
  - - 687
    - 69
  - - 688
    - 53
  - - 689
    - 73
  - - 690
    - 75
  - - 691
    - 64
  - - 692
    - 58
  - - 693
    - 60
  - - 694
    - 54
  - - 695
    - 56
  - - 696
    - 63
  - - 697
    - 73
  - - 698
    - 85
  - - 699
    - 74
  - - 700
    - 75
  - - 701
    - 69
  - - 702
    - 64
  - - 703
    - 51
  - - 704
    - 66
  - - 705
    - 60
  - - 706
    - 53
  - - 707
    - 46
  - - 708
    - 56
  - - 709
    - 49
  - - 710
    - 55
  - - 711
    - 47
  - - 712
    - 55
  - - 713
    - 57
  - - 714
    - 66
  - - 715
    - 62
  - - 716
    - 55
  - - 717
    - 55
  - - 718
    - 49
  - - 719
    - 56
  - - 720
    - 34
  - - 721
    - 56
  - - 722
    - 28
  - - 723
    - 43
  - - 724
    - 43
  - - 725
    - 49
  - - 726
    - 33
  - - 727
    - 30
  - - 728
    - 37
  - - 729
    - 50
  - - 730
    - 47
  - - 731
    - 31
  - - 732
    - 42
  - - 733
    - 40
  - - 734
    - 33
  - - 735
    - 50
  - - 736
    - 35
  - - 737
    - 41
  - - 738
    - 40
  - - 739
    - 32
  - - 740
    - 52
  - - 741
    - 45
  - - 742
    - 42
  - - 743
    - 38
  - - 744
    - 42
  - - 745
    - 34
  - - 746
    - 22
  - - 747
    - 30
  - - 748
    - 32
  - - 749
    - 43
  - - 750
    - 30
  - - 751
    - 45
  - - 752
    - 32
  - - 753
    - 25
  - - 754
    - 26
  - - 755
    - 33
  - - 756
    - 46
  - - 757
    - 46
  - - 758
    - 30
  - - 759
    - 26
  - - 760
    - 37
  - - 761
    - 31
  - - 762
    - 47
  - - 763
    - 30
  - - 764
    - 32
  - - 765
    - 53
  - - 766
    - 27
  - - 767
    - 29
  - - 768
    - 29
  - - 769
    - 20
  - - 770
    - 39
  - - 771
    - 36
  - - 772
    - 31
  - - 773
    - 28
  - - 774
    - 30
  - - 775
    - 29
  - - 776
    - 43
  - - 777
    - 24
  - - 778
    - 42
  - - 779
    - 27
  - - 780
    - 21
  - - 781
    - 27
  - - 782
    - 23
  - - 783
    - 15
  - - 784
    - 26
  - - 785
    - 20
  - - 786
    - 33
  - - 787
    - 26
  - - 788
    - 28
  - - 789
    - 24
  - - 790
    - 30
  - - 791
    - 25
  - - 792
    - 29
  - - 793
    - 29
  - - 794
    - 11
  - - 795
    - 13
  - - 796
    - 27
  - - 797
    - 22
  - - 798
    - 24
  - - 799
    - 35
  - - 800
    - 34
  - - 801
    - 16
  - - 802
    - 10
  - - 803
    - 17
  - - 804
    - 15
  - - 805
    - 24
  - - 806
    - 21
  - - 807
    - 11
  - - 808
    - 9
  - - 809
    - 17
  - - 810
    - 8
  - - 811
    - 17
  - - 812
    - 13
  - - 813
    - 12
  - - 814
    - 17
  - - 815
    - 17
  - - 816
    - 25
  - - 817
    - 28
  - - 818
    - 15
  - - 819
    - 16
  - - 820
    - 19
  - - 821
    - 14
  - - 822
    - 8
  - - 823
    - 19
  - - 824
    - 20
  - - 825
    - 16
  - - 826
    - 15
  - - 827
    - 10
  - - 828
    - 18
  - - 829
    - 14
  - - 830
    - 8
  - - 831
    - 24
  - - 832
    - 19
  - - 833
    - 16
  - - 834
    - 22
  - - 835
    - 15
  - - 836
    - 28
  - - 837
    - 18
  - - 838
    - 18
  - - 839
    - 22
  - - 840
    - 33
  - - 841
    - 20
  - - 842
    - 17
  - - 843
    - 20
  - - 844
    - 10
  - - 845
    - 18
  - - 846
    - 15
  - - 847
    - 13
  - - 848
    - 18
  - - 849
    - 21
  - - 850
    - 19
  - - 851
    - 21
  - - 852
    - 20
  - - 853
    - 19
  - - 854
    - 17
  - - 855
    - 8
  - - 856
    - 8
  - - 857
    - 10
  - - 858
    - 9
  - - 859
    - 8
  - - 860
    - 13
  - - 861
    - 14
  - - 862
    - 11
  - - 863
    - 13
  - - 864
    - 9
  - - 865
    - 14
  - - 866
    - 15
  - - 867
    - 21
  - - 868
    - 9
  - - 869
    - 18
  - - 870
    - 17
  - - 871
    - 6
  - - 872
    - 10
  - - 873
    - 8
  - - 874
    - 8
  - - 875
    - 10
  - - 876
    - 5
  - - 877
    - 14
  - - 878
    - 10
  - - 879
    - 8
  - - 880
    - 9
  - - 881
    - 10
  - - 882
    - 9
  - - 883
    - 4
  - - 884
    - 10
  - - 885
    - 18
  - - 886
    - 18
  - - 887
    - 15
  - - 888
    - 14
  - - 889
    - 12
  - - 890
    - 14
  - - 891
    - 8
  - - 892
    - 9
  - - 893
    - 12
  - - 894
    - 9
  - - 895
    - 8
  - - 896
    - 15
  - - 897
    - 7
  - - 898
    - 12
  - - 899
    - 13
  - - 900
    - 13
  - - 901
    - 8
  - - 902
    - 7
  - - 903
    - 8
  - - 904
    - 5
  - - 906
    - 10
  - - 907
    - 7
  - - 908
    - 9
  - - 909
    - 6
  - - 910
    - 19
  - - 911
    - 9
  - - 912
    - 5
  - - 913
    - 12
  - - 914
    - 5
  - - 915
    - 3
  - - 916
    - 10
  - - 917
    - 9
  - - 918
    - 5
  - - 919
    - 7
  - - 920
    - 9
  - - 921
    - 9
  - - 922
    - 9
  - - 923
    - 6
  - - 924
    - 7
  - - 925
    - 8
  - - 926
    - 8
  - - 927
    - 16
  - - 928
    - 11
  - - 929
    - 15
  - - 930
    - 12
  - - 931
    - 5
  - - 932
    - 5
  - - 933
    - 8
  - - 934
    - 4
  - - 935
    - 5
  - - 936
    - 5
  - - 937
    - 9
  - - 938
    - 7
  - - 939
    - 6
  - - 940
    - 7
  - - 941
    - 2
  - - 942
    - 4
  - - 943
    - 4
  - - 944
    - 9
  - - 945
    - 12
  - - 946
    - 4
  - - 947
    - 5
  - - 948
    - 5
  - - 949
    - 4
  - - 950
    - 3
  - - 951
    - 8
  - - 952
    - 6
  - - 953
    - 3
  - - 954
    - 3
  - - 955
    - 6
  - - 956
    - 3
  - - 957
    - 1
  - - 958
    - 5
  - - 959
    - 2
  - - 960
    - 2
  - - 961
    - 1
  - - 962
    - 2
  - - 963
    - 7
  - - 964
    - 8
  - - 965
    - 3
  - - 966
    - 1
  - - 967
    - 3
  - - 968
    - 2
  - - 969
    - 1
  - - 970
    - 1
  - - 971
    - 1
  - - 973
    - 1
  - - 974
    - 2
  - - 976
    - 3
  - - 977
    - 2
  - - 978
    - 3
  - - 979
    - 2
  - - 982
    - 1
  - - 983
    - 1
  - - 984
    - 3
  - - 986
    - 2
  - - 987
    - 11
  - - 988
    - 11
  - - 989
    - 3
  - - 990
    - 2
  - - 991
    - 3
  - - 992
    - 1
  - - 994
    - 2
  - - 996
    - 2
  - - 997
    - 1
  - - 998
    - 3
  - - 1000
    - 2
  - - 1002
    - 1
  - - 1004
    - 1
  - - 1005
    - 2
  - - 1007
    - 3
  - - 1008
    - 2
  - - 1010
    - 4
  - - 1011
    - 3
  - - 1012
    - 4
  - - 1013
    - 1
  - - 1014
    - 1
  - - 1015
    - 1
  - - 1017
    - 1
  - - 1018
    - 1
  - - 1019
    - 3
  - - 1020
    - 1
  - - 1022
    - 1
  - - 1026
    - 2
  - - 1027
    - 2
  - - 1028
    - 1
  - - 1029
    - 3
  - - 1030
    - 1
  - - 1031
    - 1
  - - 1032
    - 1
  - - 1033
    - 1
  - - 1034
    - 3
  - - 1035
    - 1
  - - 1037
    - 1
  - - 1038
    - 1
  - - 1039
    - 5
  - - 1040
    - 3
  - - 1043
    - 1
  - - 1046
    - 1
  - - 1047
    - 1
  - - 1048
    - 2
  - - 1049
    - 3
  - - 1051
    - 1
  - - 1052
    - 2
  - - 1054
    - 2
  - - 1055
    - 2
  - - 1056
    - 1
  - - 1057
    - 2
  - - 1058
    - 1
  - - 1060
    - 2
  - - 1066
    - 1
  - - 1067
    - 1
  - - 1068
    - 2
  - - 1070
    - 1
  - - 1071
    - 5
  - - 1072
    - 2
  - - 1073
    - 1
  - - 1074
    - 1
  - - 1075
    - 2
  - - 1077
    - 2
  - - 1078
    - 2
  - - 1080
    - 1
  - - 1081
    - 1
  - - 1083
    - 1
  - - 1090
    - 1
  - - 1094
    - 1
  - - 1095
    - 3
  - - 1097
    - 1
  - - 1099
    - 1
  - - 1103
    - 1
  - - 1104
    - 1
  - - 1107
    - 2
  - - 1109
    - 1
  - - 1112
    - 3
  - - 1113
    - 3
  - - 1115
    - 2
  - - 1117
    - 1
  - - 1122
    - 1
  - - 1126
    - 1
  - - 1128
    - 1
  - - 1129
    - 1
  - - 1132
    - 2
  - - 1134
    - 2
  - - 1138
    - 2
  - - 1139
    - 1
  - - 1141
    - 1
  - - 1142
    - 2
  - - 1143
    - 1
  - - 1144
    - 1
  - - 1145
    - 1
  - - 1147
    - 1
  - - 1153
    - 1
  - - 1173
    - 2
  - - 1175
    - 2
  - - 1176
    - 1
  - - 1177
    - 1
  - - 1179
    - 1
  - - 1183
    - 1
  - - 1184
    - 1
  - - 1189
    - 1
  - - 1190
    - 2
  - - 1191
    - 1
  - - 1194
    - 1
  - - 1195
    - 3
  - - 1205
    - 1
  - - 1211
    - 5
  - - 1212
    - 2
  - - 1213
    - 4
  - - 1215
    - 1
  - - 1216
    - 1
  - - 1217
    - 2
  - - 1219
    - 1
  - - 1222
    - 1
  - - 1250
    - 1
  - - 1251
    - 1
  - - 1325
    - 1
  - - 1373
    - 1
  - - 1378
    - 1
  - - 4999
    - 2
  latency_50_percentile: 349.0
  latency_95_percentile: 669.0
  latency_99_5_percentile: 889.0
  latency_99_percentile: 833.0
  max_kubedns_cpu: 917
  max_kubedns_memory: 24
  max_latency: 1.378642
  max_perfserver_cpu: 0
  max_perfserver_memory: 0
  min_latency: 0.017545
  msg: null
  ok: true
  qps: 268.493451
  queries_completed: 161102
  queries_lost: 2
  queries_sent: 161104
  run_time: 600.022085
  stddev_latency: 0.160954
params:
  max_qps: null
  pod_name: dns-perf-client-858fb7568b-f8q4l
  query_file: all-queries.txt
  run_id: 1777614462
  run_length_seconds: 600
  run_subid: 0
stderr:
- ''
stdout:
- DNS Performance Testing Tool
- Nominum Version 2.1.0.0
- ''
- '[Status] Command line: dnsperf -s 10.0.0.10 -l 600 -d /queries/all-queries.txt'
- '[Status] Sending queries (to 10.0.0.10)'
- '[Status] Started at: Fri May  1 05:48:13 2026'
- '[Status] Stopping after 600.000000 seconds'
- '[Timeout] Query timed out: msg id 14950'
- '[Timeout] Query timed out: msg id 25325'
- '[Status] Testing complete (time limit)'
- ''
- 'Statistics:'
- ''
- '  Queries sent:         161104'
- '  Queries completed:    161102 (100.00%)'
- '  Queries lost:         2 (0.00%)'
- ''
- '  Response codes:       NOERROR 19332 (12.00%), NXDOMAIN 141770 (88.00%)'
- '  Average packet size:  request 38, response 122'
- '  Run time (s):         600.022085'
- '  Queries per second:   268.493451'
- ''
- '  Average Latency (s):  0.372125 (min 0.017545, max 1.378642)'
- '  Latency StdDev (s):   0.160954'
- ''
- '  Latency histogram'
- '#histogram 0 0'
- '#histogram 17 1'
- '#histogram 22 2'
- '#histogram 23 2'
- '#histogram 25 2'
- '#histogram 26 1'
- '#histogram 27 2'
- '#histogram 30 3'
- '#histogram 31 4'
- '#histogram 32 9'
- '#histogram 33 1'
- '#histogram 34 2'
- '#histogram 35 3'
- '#histogram 36 3'
- '#histogram 37 5'
- '#histogram 38 3'
- '#histogram 39 6'
- '#histogram 40 2'
- '#histogram 41 2'
- '#histogram 42 3'
- '#histogram 43 2'
- '#histogram 44 3'
- '#histogram 45 3'
- '#histogram 46 11'
- '#histogram 47 10'
- '#histogram 48 4'
- '#histogram 49 3'
- '#histogram 50 6'
- '#histogram 51 14'
- '#histogram 52 13'
- '#histogram 53 15'
- '#histogram 54 10'
- '#histogram 55 4'
- '#histogram 56 10'
- '#histogram 57 13'
- '#histogram 58 14'
- '#histogram 59 16'
- '#histogram 60 10'
- '#histogram 61 14'
- '#histogram 62 17'
- '#histogram 63 31'
- '#histogram 64 20'
- '#histogram 65 20'
- '#histogram 66 19'
- '#histogram 67 11'
- '#histogram 68 10'
- '#histogram 69 19'
- '#histogram 70 32'
- '#histogram 71 15'
- '#histogram 72 30'
- '#histogram 73 17'
- '#histogram 74 18'
- '#histogram 75 19'
- '#histogram 76 27'
- '#histogram 77 18'
- '#histogram 78 27'
- '#histogram 79 24'
- '#histogram 80 30'
- '#histogram 81 29'
- '#histogram 82 31'
- '#histogram 83 47'
- '#histogram 84 36'
- '#histogram 85 43'
- '#histogram 86 46'
- '#histogram 87 49'
- '#histogram 88 45'
- '#histogram 89 53'
- '#histogram 90 46'
- '#histogram 91 54'
- '#histogram 92 47'
- '#histogram 93 45'
- '#histogram 94 60'
- '#histogram 95 71'
- '#histogram 96 83'
- '#histogram 97 80'
- '#histogram 98 82'
- '#histogram 99 71'
- '#histogram 100 79'
- '#histogram 101 65'
- '#histogram 102 94'
- '#histogram 103 84'
- '#histogram 104 88'
- '#histogram 105 85'
- '#histogram 106 115'
- '#histogram 107 101'
- '#histogram 108 99'
- '#histogram 109 88'
- '#histogram 110 77'
- '#histogram 111 118'
- '#histogram 112 83'
- '#histogram 113 131'
- '#histogram 114 103'
- '#histogram 115 111'
- '#histogram 116 122'
- '#histogram 117 112'
- '#histogram 118 132'
- '#histogram 119 101'
- '#histogram 120 137'
- '#histogram 121 117'
- '#histogram 122 135'
- '#histogram 123 168'
- '#histogram 124 121'
- '#histogram 125 117'
- '#histogram 126 128'
- '#histogram 127 118'
- '#histogram 128 101'
- '#histogram 129 140'
- '#histogram 130 138'
- '#histogram 131 145'
- '#histogram 132 140'
- '#histogram 133 131'
- '#histogram 134 139'
- '#histogram 135 165'
- '#histogram 136 170'
- '#histogram 137 180'
- '#histogram 138 143'
- '#histogram 139 151'
- '#histogram 140 138'
- '#histogram 141 162'
- '#histogram 142 203'
- '#histogram 143 160'
- '#histogram 144 191'
- '#histogram 145 212'
- '#histogram 146 215'
- '#histogram 147 191'
- '#histogram 148 198'
- '#histogram 149 208'
- '#histogram 150 188'
- '#histogram 151 200'
- '#histogram 152 213'
- '#histogram 153 215'
- '#histogram 154 215'
- '#histogram 155 190'
- '#histogram 156 187'
- '#histogram 157 211'
- '#histogram 158 231'
- '#histogram 159 213'
- '#histogram 160 205'
- '#histogram 161 226'
- '#histogram 162 214'
- '#histogram 163 216'
- '#histogram 164 248'
- '#histogram 165 241'
- '#histogram 166 239'
- '#histogram 167 240'
- '#histogram 168 215'
- '#histogram 169 230'
- '#histogram 170 241'
- '#histogram 171 217'
- '#histogram 172 252'
- '#histogram 173 253'
- '#histogram 174 253'
- '#histogram 175 247'
- '#histogram 176 271'
- '#histogram 177 260'
- '#histogram 178 242'
- '#histogram 179 263'
- '#histogram 180 356'
- '#histogram 181 307'
- '#histogram 182 245'
- '#histogram 183 267'
- '#histogram 184 296'
- '#histogram 185 275'
- '#histogram 186 259'
- '#histogram 187 305'
- '#histogram 188 275'
- '#histogram 189 326'
- '#histogram 190 334'
- '#histogram 191 347'
- '#histogram 192 284'
- '#histogram 193 296'
- '#histogram 194 302'
- '#histogram 195 302'
- '#histogram 196 268'
- '#histogram 197 290'
- '#histogram 198 301'
- '#histogram 199 291'
- '#histogram 200 267'
- '#histogram 201 321'
- '#histogram 202 365'
- '#histogram 203 345'
- '#histogram 204 372'
- '#histogram 205 375'
- '#histogram 206 342'
- '#histogram 207 330'
- '#histogram 208 304'
- '#histogram 209 326'
- '#histogram 210 342'
- '#histogram 211 301'
- '#histogram 212 369'
- '#histogram 213 377'
- '#histogram 214 326'
- '#histogram 215 364'
- '#histogram 216 381'
- '#histogram 217 373'
- '#histogram 218 343'
- '#histogram 219 342'
- '#histogram 220 380'
- '#histogram 221 374'
- '#histogram 222 371'
- '#histogram 223 326'
- '#histogram 224 367'
- '#histogram 225 358'
- '#histogram 226 330'
- '#histogram 227 343'
- '#histogram 228 314'
- '#histogram 229 359'
- '#histogram 230 362'
- '#histogram 231 321'
- '#histogram 232 365'
- '#histogram 233 391'
- '#histogram 234 411'
- '#histogram 235 396'
- '#histogram 236 415'
- '#histogram 237 403'
- '#histogram 238 350'
- '#histogram 239 370'
- '#histogram 240 345'
- '#histogram 241 369'
- '#histogram 242 373'
- '#histogram 243 424'
- '#histogram 244 448'
- '#histogram 245 413'
- '#histogram 246 359'
- '#histogram 247 357'
- '#histogram 248 348'
- '#histogram 249 355'
- '#histogram 250 371'
- '#histogram 251 430'
- '#histogram 252 353'
- '#histogram 253 394'
- '#histogram 254 351'
- '#histogram 255 391'
- '#histogram 256 401'
- '#histogram 257 350'
- '#histogram 258 356'
- '#histogram 259 382'
- '#histogram 260 362'
- '#histogram 261 417'
- '#histogram 262 441'
- '#histogram 263 437'
- '#histogram 264 440'
- '#histogram 265 384'
- '#histogram 266 410'
- '#histogram 267 410'
- '#histogram 268 442'
- '#histogram 269 408'
- '#histogram 270 411'
- '#histogram 271 439'
- '#histogram 272 432'
- '#histogram 273 398'
- '#histogram 274 474'
- '#histogram 275 441'
- '#histogram 276 423'
- '#histogram 277 487'
- '#histogram 278 435'
- '#histogram 279 402'
- '#histogram 280 431'
- '#histogram 281 446'
- '#histogram 282 399'
- '#histogram 283 371'
- '#histogram 284 374'
- '#histogram 285 396'
- '#histogram 286 407'
- '#histogram 287 441'
- '#histogram 288 406'
- '#histogram 289 435'
- '#histogram 290 403'
- '#histogram 291 400'
- '#histogram 292 389'
- '#histogram 293 429'
- '#histogram 294 419'
- '#histogram 295 373'
- '#histogram 296 422'
- '#histogram 297 401'
- '#histogram 298 409'
- '#histogram 299 438'
- '#histogram 300 440'
- '#histogram 301 450'
- '#histogram 302 491'
- '#histogram 303 475'
- '#histogram 304 471'
- '#histogram 305 457'
- '#histogram 306 444'
- '#histogram 307 493'
- '#histogram 308 425'
- '#histogram 309 405'
- '#histogram 310 397'
- '#histogram 311 404'
- '#histogram 312 416'
- '#histogram 313 406'
- '#histogram 314 393'
- '#histogram 315 439'
- '#histogram 316 409'
- '#histogram 317 384'
- '#histogram 318 367'
- '#histogram 319 416'
- '#histogram 320 414'
- '#histogram 321 371'
- '#histogram 322 377'
- '#histogram 323 375'
- '#histogram 324 398'
- '#histogram 325 380'
- '#histogram 326 394'
- '#histogram 327 440'
- '#histogram 328 442'
- '#histogram 329 453'
- '#histogram 330 466'
- '#histogram 331 377'
- '#histogram 332 406'
- '#histogram 333 449'
- '#histogram 334 437'
- '#histogram 335 434'
- '#histogram 336 419'
- '#histogram 337 485'
- '#histogram 338 434'
- '#histogram 339 451'
- '#histogram 340 438'
- '#histogram 341 381'
- '#histogram 342 350'
- '#histogram 343 387'
- '#histogram 344 424'
- '#histogram 345 401'
- '#histogram 346 464'
- '#histogram 347 388'
- '#histogram 348 427'
- '#histogram 349 448'
- '#histogram 350 422'
- '#histogram 351 415'
- '#histogram 352 391'
- '#histogram 353 398'
- '#histogram 354 418'
- '#histogram 355 353'
- '#histogram 356 409'
- '#histogram 357 333'
- '#histogram 358 373'
- '#histogram 359 425'
- '#histogram 360 426'
- '#histogram 361 429'
- '#histogram 362 377'
- '#histogram 363 376'
- '#histogram 364 364'
- '#histogram 365 347'
- '#histogram 366 393'
- '#histogram 367 418'
- '#histogram 368 339'
- '#histogram 369 396'
- '#histogram 370 368'
- '#histogram 371 402'
- '#histogram 372 397'
- '#histogram 373 381'
- '#histogram 374 392'
- '#histogram 375 424'
- '#histogram 376 391'
- '#histogram 377 363'
- '#histogram 378 345'
- '#histogram 379 389'
- '#histogram 380 319'
- '#histogram 381 364'
- '#histogram 382 357'
- '#histogram 383 391'
- '#histogram 384 360'
- '#histogram 385 377'
- '#histogram 386 367'
- '#histogram 387 356'
- '#histogram 388 396'
- '#histogram 389 364'
- '#histogram 390 398'
- '#histogram 391 375'
- '#histogram 392 399'
- '#histogram 393 370'
- '#histogram 394 401'
- '#histogram 395 360'
- '#histogram 396 371'
- '#histogram 397 375'
- '#histogram 398 398'
- '#histogram 399 369'
- '#histogram 400 339'
- '#histogram 401 346'
- '#histogram 402 321'
- '#histogram 403 374'
- '#histogram 404 358'
- '#histogram 405 369'
- '#histogram 406 373'
- '#histogram 407 322'
- '#histogram 408 375'
- '#histogram 409 316'
- '#histogram 410 340'
- '#histogram 411 358'
- '#histogram 412 359'
- '#histogram 413 365'
- '#histogram 414 385'
- '#histogram 415 393'
- '#histogram 416 337'
- '#histogram 417 313'
- '#histogram 418 318'
- '#histogram 419 311'
- '#histogram 420 292'
- '#histogram 421 311'
- '#histogram 422 341'
- '#histogram 423 358'
- '#histogram 424 358'
- '#histogram 425 345'
- '#histogram 426 345'
- '#histogram 427 297'
- '#histogram 428 306'
- '#histogram 429 272'
- '#histogram 430 293'
- '#histogram 431 305'
- '#histogram 432 285'
- '#histogram 433 270'
- '#histogram 434 271'
- '#histogram 435 266'
- '#histogram 436 257'
- '#histogram 437 292'
- '#histogram 438 288'
- '#histogram 439 272'
- '#histogram 440 267'
- '#histogram 441 266'
- '#histogram 442 279'
- '#histogram 443 301'
- '#histogram 444 301'
- '#histogram 445 267'
- '#histogram 446 277'
- '#histogram 447 293'
- '#histogram 448 301'
- '#histogram 449 321'
- '#histogram 450 315'
- '#histogram 451 251'
- '#histogram 452 306'
- '#histogram 453 276'
- '#histogram 454 298'
- '#histogram 455 305'
- '#histogram 456 308'
- '#histogram 457 281'
- '#histogram 458 296'
- '#histogram 459 270'
- '#histogram 460 272'
- '#histogram 461 282'
- '#histogram 462 252'
- '#histogram 463 262'
- '#histogram 464 247'
- '#histogram 465 258'
- '#histogram 466 261'
- '#histogram 467 278'
- '#histogram 468 280'
- '#histogram 469 268'
- '#histogram 470 261'
- '#histogram 471 274'
- '#histogram 472 251'
- '#histogram 473 250'
- '#histogram 474 240'
- '#histogram 475 264'
- '#histogram 476 269'
- '#histogram 477 276'
- '#histogram 478 267'
- '#histogram 479 259'
- '#histogram 480 272'
- '#histogram 481 263'
- '#histogram 482 276'
- '#histogram 483 268'
- '#histogram 484 260'
- '#histogram 485 272'
- '#histogram 486 235'
- '#histogram 487 226'
- '#histogram 488 229'
- '#histogram 489 246'
- '#histogram 490 228'
- '#histogram 491 206'
- '#histogram 492 210'
- '#histogram 493 233'
- '#histogram 494 219'
- '#histogram 495 210'
- '#histogram 496 220'
- '#histogram 497 240'
- '#histogram 498 211'
- '#histogram 499 236'
- '#histogram 500 184'
- '#histogram 501 203'
- '#histogram 502 207'
- '#histogram 503 227'
- '#histogram 504 227'
- '#histogram 505 221'
- '#histogram 506 249'
- '#histogram 507 252'
- '#histogram 508 222'
- '#histogram 509 187'
- '#histogram 510 205'
- '#histogram 511 231'
- '#histogram 512 196'
- '#histogram 513 210'
- '#histogram 514 230'
- '#histogram 515 222'
- '#histogram 516 190'
- '#histogram 517 196'
- '#histogram 518 206'
- '#histogram 519 196'
- '#histogram 520 228'
- '#histogram 521 225'
- '#histogram 522 215'
- '#histogram 523 226'
- '#histogram 524 243'
- '#histogram 525 198'
- '#histogram 526 220'
- '#histogram 527 201'
- '#histogram 528 202'
- '#histogram 529 208'
- '#histogram 530 174'
- '#histogram 531 172'
- '#histogram 532 188'
- '#histogram 533 181'
- '#histogram 534 162'
- '#histogram 535 185'
- '#histogram 536 199'
- '#histogram 537 206'
- '#histogram 538 182'
- '#histogram 539 189'
- '#histogram 540 200'
- '#histogram 541 179'
- '#histogram 542 193'
- '#histogram 543 183'
- '#histogram 544 236'
- '#histogram 545 220'
- '#histogram 546 194'
- '#histogram 547 177'
- '#histogram 548 201'
- '#histogram 549 157'
- '#histogram 550 173'
- '#histogram 551 163'
- '#histogram 552 154'
- '#histogram 553 176'
- '#histogram 554 169'
- '#histogram 555 180'
- '#histogram 556 148'
- '#histogram 557 158'
- '#histogram 558 191'
- '#histogram 559 170'
- '#histogram 560 160'
- '#histogram 561 159'
- '#histogram 562 179'
- '#histogram 563 159'
- '#histogram 564 146'
- '#histogram 565 136'
- '#histogram 566 162'
- '#histogram 567 182'
- '#histogram 568 159'
- '#histogram 569 175'
- '#histogram 570 166'
- '#histogram 571 166'
- '#histogram 572 156'
- '#histogram 573 158'
- '#histogram 574 185'
- '#histogram 575 140'
- '#histogram 576 146'
- '#histogram 577 127'
- '#histogram 578 146'
- '#histogram 579 150'
- '#histogram 580 128'
- '#histogram 581 168'
- '#histogram 582 145'
- '#histogram 583 151'
- '#histogram 584 106'
- '#histogram 585 130'
- '#histogram 586 117'
- '#histogram 587 122'
- '#histogram 588 122'
- '#histogram 589 116'
- '#histogram 590 128'
- '#histogram 591 120'
- '#histogram 592 216'
- '#histogram 593 146'
- '#histogram 594 117'
- '#histogram 595 124'
- '#histogram 596 140'
- '#histogram 597 143'
- '#histogram 598 130'
- '#histogram 599 122'
- '#histogram 600 113'
- '#histogram 601 154'
- '#histogram 602 136'
- '#histogram 603 124'
- '#histogram 604 117'
- '#histogram 605 128'
- '#histogram 606 116'
- '#histogram 607 99'
- '#histogram 608 112'
- '#histogram 609 126'
- '#histogram 610 98'
- '#histogram 611 100'
- '#histogram 612 104'
- '#histogram 613 99'
- '#histogram 614 106'
- '#histogram 615 98'
- '#histogram 616 97'
- '#histogram 617 106'
- '#histogram 618 85'
- '#histogram 619 116'
- '#histogram 620 116'
- '#histogram 621 104'
- '#histogram 622 83'
- '#histogram 623 143'
- '#histogram 624 104'
- '#histogram 625 118'
- '#histogram 626 89'
- '#histogram 627 119'
- '#histogram 628 80'
- '#histogram 629 115'
- '#histogram 630 104'
- '#histogram 631 84'
- '#histogram 632 83'
- '#histogram 633 97'
- '#histogram 634 73'
- '#histogram 635 95'
- '#histogram 636 101'
- '#histogram 637 88'
- '#histogram 638 84'
- '#histogram 639 84'
- '#histogram 640 72'
- '#histogram 641 93'
- '#histogram 642 96'
- '#histogram 643 94'
- '#histogram 644 83'
- '#histogram 645 113'
- '#histogram 646 80'
- '#histogram 647 117'
- '#histogram 648 97'
- '#histogram 649 87'
- '#histogram 650 83'
- '#histogram 651 93'
- '#histogram 652 98'
- '#histogram 653 93'
- '#histogram 654 76'
- '#histogram 655 76'
- '#histogram 656 91'
- '#histogram 657 72'
- '#histogram 658 97'
- '#histogram 659 86'
- '#histogram 660 91'
- '#histogram 661 91'
- '#histogram 662 89'
- '#histogram 663 86'
- '#histogram 664 92'
- '#histogram 665 95'
- '#histogram 666 87'
- '#histogram 667 60'
- '#histogram 668 94'
- '#histogram 669 72'
- '#histogram 670 81'
- '#histogram 671 73'
- '#histogram 672 74'
- '#histogram 673 72'
- '#histogram 674 69'
- '#histogram 675 71'
- '#histogram 676 76'
- '#histogram 677 87'
- '#histogram 678 80'
- '#histogram 679 81'
- '#histogram 680 49'
- '#histogram 681 51'
- '#histogram 682 67'
- '#histogram 683 49'
- '#histogram 684 71'
- '#histogram 685 71'
- '#histogram 686 60'
- '#histogram 687 69'
- '#histogram 688 53'
- '#histogram 689 73'
- '#histogram 690 75'
- '#histogram 691 64'
- '#histogram 692 58'
- '#histogram 693 60'
- '#histogram 694 54'
- '#histogram 695 56'
- '#histogram 696 63'
- '#histogram 697 73'
- '#histogram 698 85'
- '#histogram 699 74'
- '#histogram 700 75'
- '#histogram 701 69'
- '#histogram 702 64'
- '#histogram 703 51'
- '#histogram 704 66'
- '#histogram 705 60'
- '#histogram 706 53'
- '#histogram 707 46'
- '#histogram 708 56'
- '#histogram 709 49'
- '#histogram 710 55'
- '#histogram 711 47'
- '#histogram 712 55'
- '#histogram 713 57'
- '#histogram 714 66'
- '#histogram 715 62'
- '#histogram 716 55'
- '#histogram 717 55'
- '#histogram 718 49'
- '#histogram 719 56'
- '#histogram 720 34'
- '#histogram 721 56'
- '#histogram 722 28'
- '#histogram 723 43'
- '#histogram 724 43'
- '#histogram 725 49'
- '#histogram 726 33'
- '#histogram 727 30'
- '#histogram 728 37'
- '#histogram 729 50'
- '#histogram 730 47'
- '#histogram 731 31'
- '#histogram 732 42'
- '#histogram 733 40'
- '#histogram 734 33'
- '#histogram 735 50'
- '#histogram 736 35'
- '#histogram 737 41'
- '#histogram 738 40'
- '#histogram 739 32'
- '#histogram 740 52'
- '#histogram 741 45'
- '#histogram 742 42'
- '#histogram 743 38'
- '#histogram 744 42'
- '#histogram 745 34'
- '#histogram 746 22'
- '#histogram 747 30'
- '#histogram 748 32'
- '#histogram 749 43'
- '#histogram 750 30'
- '#histogram 751 45'
- '#histogram 752 32'
- '#histogram 753 25'
- '#histogram 754 26'
- '#histogram 755 33'
- '#histogram 756 46'
- '#histogram 757 46'
- '#histogram 758 30'
- '#histogram 759 26'
- '#histogram 760 37'
- '#histogram 761 31'
- '#histogram 762 47'
- '#histogram 763 30'
- '#histogram 764 32'
- '#histogram 765 53'
- '#histogram 766 27'
- '#histogram 767 29'
- '#histogram 768 29'
- '#histogram 769 20'
- '#histogram 770 39'
- '#histogram 771 36'
- '#histogram 772 31'
- '#histogram 773 28'
- '#histogram 774 30'
- '#histogram 775 29'
- '#histogram 776 43'
- '#histogram 777 24'
- '#histogram 778 42'
- '#histogram 779 27'
- '#histogram 780 21'
- '#histogram 781 27'
- '#histogram 782 23'
- '#histogram 783 15'
- '#histogram 784 26'
- '#histogram 785 20'
- '#histogram 786 33'
- '#histogram 787 26'
- '#histogram 788 28'
- '#histogram 789 24'
- '#histogram 790 30'
- '#histogram 791 25'
- '#histogram 792 29'
- '#histogram 793 29'
- '#histogram 794 11'
- '#histogram 795 13'
- '#histogram 796 27'
- '#histogram 797 22'
- '#histogram 798 24'
- '#histogram 799 35'
- '#histogram 800 34'
- '#histogram 801 16'
- '#histogram 802 10'
- '#histogram 803 17'
- '#histogram 804 15'
- '#histogram 805 24'
- '#histogram 806 21'
- '#histogram 807 11'
- '#histogram 808 9'
- '#histogram 809 17'
- '#histogram 810 8'
- '#histogram 811 17'
- '#histogram 812 13'
- '#histogram 813 12'
- '#histogram 814 17'
- '#histogram 815 17'
- '#histogram 816 25'
- '#histogram 817 28'
- '#histogram 818 15'
- '#histogram 819 16'
- '#histogram 820 19'
- '#histogram 821 14'
- '#histogram 822 8'
- '#histogram 823 19'
- '#histogram 824 20'
- '#histogram 825 16'
- '#histogram 826 15'
- '#histogram 827 10'
- '#histogram 828 18'
- '#histogram 829 14'
- '#histogram 830 8'
- '#histogram 831 24'
- '#histogram 832 19'
- '#histogram 833 16'
- '#histogram 834 22'
- '#histogram 835 15'
- '#histogram 836 28'
- '#histogram 837 18'
- '#histogram 838 18'
- '#histogram 839 22'
- '#histogram 840 33'
- '#histogram 841 20'
- '#histogram 842 17'
- '#histogram 843 20'
- '#histogram 844 10'
- '#histogram 845 18'
- '#histogram 846 15'
- '#histogram 847 13'
- '#histogram 848 18'
- '#histogram 849 21'
- '#histogram 850 19'
- '#histogram 851 21'
- '#histogram 852 20'
- '#histogram 853 19'
- '#histogram 854 17'
- '#histogram 855 8'
- '#histogram 856 8'
- '#histogram 857 10'
- '#histogram 858 9'
- '#histogram 859 8'
- '#histogram 860 13'
- '#histogram 861 14'
- '#histogram 862 11'
- '#histogram 863 13'
- '#histogram 864 9'
- '#histogram 865 14'
- '#histogram 866 15'
- '#histogram 867 21'
- '#histogram 868 9'
- '#histogram 869 18'
- '#histogram 870 17'
- '#histogram 871 6'
- '#histogram 872 10'
- '#histogram 873 8'
- '#histogram 874 8'
- '#histogram 875 10'
- '#histogram 876 5'
- '#histogram 877 14'
- '#histogram 878 10'
- '#histogram 879 8'
- '#histogram 880 9'
- '#histogram 881 10'
- '#histogram 882 9'
- '#histogram 883 4'
- '#histogram 884 10'
- '#histogram 885 18'
- '#histogram 886 18'
- '#histogram 887 15'
- '#histogram 888 14'
- '#histogram 889 12'
- '#histogram 890 14'
- '#histogram 891 8'
- '#histogram 892 9'
- '#histogram 893 12'
- '#histogram 894 9'
- '#histogram 895 8'
- '#histogram 896 15'
- '#histogram 897 7'
- '#histogram 898 12'
- '#histogram 899 13'
- '#histogram 900 13'
- '#histogram 901 8'
- '#histogram 902 7'
- '#histogram 903 8'
- '#histogram 904 5'
- '#histogram 906 10'
- '#histogram 907 7'
- '#histogram 908 9'
- '#histogram 909 6'
- '#histogram 910 19'
- '#histogram 911 9'
- '#histogram 912 5'
- '#histogram 913 12'
- '#histogram 914 5'
- '#histogram 915 3'
- '#histogram 916 10'
- '#histogram 917 9'
- '#histogram 918 5'
- '#histogram 919 7'
- '#histogram 920 9'
- '#histogram 921 9'
- '#histogram 922 9'
- '#histogram 923 6'
- '#histogram 924 7'
- '#histogram 925 8'
- '#histogram 926 8'
- '#histogram 927 16'
- '#histogram 928 11'
- '#histogram 929 15'
- '#histogram 930 12'
- '#histogram 931 5'
- '#histogram 932 5'
- '#histogram 933 8'
- '#histogram 934 4'
- '#histogram 935 5'
- '#histogram 936 5'
- '#histogram 937 9'
- '#histogram 938 7'
- '#histogram 939 6'
- '#histogram 940 7'
- '#histogram 941 2'
- '#histogram 942 4'
- '#histogram 943 4'
- '#histogram 944 9'
- '#histogram 945 12'
- '#histogram 946 4'
- '#histogram 947 5'
- '#histogram 948 5'
- '#histogram 949 4'
- '#histogram 950 3'
- '#histogram 951 8'
- '#histogram 952 6'
- '#histogram 953 3'
- '#histogram 954 3'
- '#histogram 955 6'
- '#histogram 956 3'
- '#histogram 957 1'
- '#histogram 958 5'
- '#histogram 959 2'
- '#histogram 960 2'
- '#histogram 961 1'
- '#histogram 962 2'
- '#histogram 963 7'
- '#histogram 964 8'
- '#histogram 965 3'
- '#histogram 966 1'
- '#histogram 967 3'
- '#histogram 968 2'
- '#histogram 969 1'
- '#histogram 970 1'
- '#histogram 971 1'
- '#histogram 973 1'
- '#histogram 974 2'
- '#histogram 976 3'
- '#histogram 977 2'
- '#histogram 978 3'
- '#histogram 979 2'
- '#histogram 982 1'
- '#histogram 983 1'
- '#histogram 984 3'
- '#histogram 986 2'
- '#histogram 987 11'
- '#histogram 988 11'
- '#histogram 989 3'
- '#histogram 990 2'
- '#histogram 991 3'
- '#histogram 992 1'
- '#histogram 994 2'
- '#histogram 996 2'
- '#histogram 997 1'
- '#histogram 998 3'
- '#histogram 1000 2'
- '#histogram 1002 1'
- '#histogram 1004 1'
- '#histogram 1005 2'
- '#histogram 1007 3'
- '#histogram 1008 2'
- '#histogram 1010 4'
- '#histogram 1011 3'
- '#histogram 1012 4'
- '#histogram 1013 1'
- '#histogram 1014 1'
- '#histogram 1015 1'
- '#histogram 1017 1'
- '#histogram 1018 1'
- '#histogram 1019 3'
- '#histogram 1020 1'
- '#histogram 1022 1'
- '#histogram 1026 2'
- '#histogram 1027 2'
- '#histogram 1028 1'
- '#histogram 1029 3'
- '#histogram 1030 1'
- '#histogram 1031 1'
- '#histogram 1032 1'
- '#histogram 1033 1'
- '#histogram 1034 3'
- '#histogram 1035 1'
- '#histogram 1037 1'
- '#histogram 1038 1'
- '#histogram 1039 5'
- '#histogram 1040 3'
- '#histogram 1043 1'
- '#histogram 1046 1'
- '#histogram 1047 1'
- '#histogram 1048 2'
- '#histogram 1049 3'
- '#histogram 1051 1'
- '#histogram 1052 2'
- '#histogram 1054 2'
- '#histogram 1055 2'
- '#histogram 1056 1'
- '#histogram 1057 2'
- '#histogram 1058 1'
- '#histogram 1060 2'
- '#histogram 1066 1'
- '#histogram 1067 1'
- '#histogram 1068 2'
- '#histogram 1070 1'
- '#histogram 1071 5'
- '#histogram 1072 2'
- '#histogram 1073 1'
- '#histogram 1074 1'
- '#histogram 1075 2'
- '#histogram 1077 2'
- '#histogram 1078 2'
- '#histogram 1080 1'
- '#histogram 1081 1'
- '#histogram 1083 1'
- '#histogram 1090 1'
- '#histogram 1094 1'
- '#histogram 1095 3'
- '#histogram 1097 1'
- '#histogram 1099 1'
- '#histogram 1103 1'
- '#histogram 1104 1'
- '#histogram 1107 2'
- '#histogram 1109 1'
- '#histogram 1112 3'
- '#histogram 1113 3'
- '#histogram 1115 2'
- '#histogram 1117 1'
- '#histogram 1122 1'
- '#histogram 1126 1'
- '#histogram 1128 1'
- '#histogram 1129 1'
- '#histogram 1132 2'
- '#histogram 1134 2'
- '#histogram 1138 2'
- '#histogram 1139 1'
- '#histogram 1141 1'
- '#histogram 1142 2'
- '#histogram 1143 1'
- '#histogram 1144 1'
- '#histogram 1145 1'
- '#histogram 1147 1'
- '#histogram 1153 1'
- '#histogram 1173 2'
- '#histogram 1175 2'
- '#histogram 1176 1'
- '#histogram 1177 1'
- '#histogram 1179 1'
- '#histogram 1183 1'
- '#histogram 1184 1'
- '#histogram 1189 1'
- '#histogram 1190 2'
- '#histogram 1191 1'
- '#histogram 1194 1'
- '#histogram 1195 3'
- '#histogram 1205 1'
- '#histogram 1211 5'
- '#histogram 1212 2'
- '#histogram 1213 4'
- '#histogram 1215 1'
- '#histogram 1216 1'
- '#histogram 1217 2'
- '#histogram 1219 1'
- '#histogram 1222 1'
- '#histogram 1250 1'
- '#histogram 1251 1'
- '#histogram 1325 1'
- '#histogram 1373 1'
- '#histogram 1378 1'
- '#histogram 4999 2'
- ''
