code: 0
data:
  avg_latency: 0.119529
  histogram:
  - - 0
    - 0
  - - 1
    - 45
  - - 2
    - 297
  - - 3
    - 427
  - - 4
    - 544
  - - 5
    - 655
  - - 6
    - 652
  - - 7
    - 721
  - - 8
    - 728
  - - 9
    - 729
  - - 10
    - 807
  - - 11
    - 842
  - - 12
    - 785
  - - 13
    - 865
  - - 14
    - 808
  - - 15
    - 833
  - - 16
    - 879
  - - 17
    - 866
  - - 18
    - 920
  - - 19
    - 850
  - - 20
    - 852
  - - 21
    - 922
  - - 22
    - 928
  - - 23
    - 946
  - - 24
    - 1076
  - - 25
    - 1018
  - - 26
    - 1069
  - - 27
    - 1151
  - - 28
    - 1061
  - - 29
    - 1085
  - - 30
    - 1122
  - - 31
    - 1126
  - - 32
    - 1144
  - - 33
    - 1175
  - - 34
    - 1179
  - - 35
    - 1171
  - - 36
    - 1224
  - - 37
    - 1321
  - - 38
    - 1224
  - - 39
    - 1342
  - - 40
    - 1386
  - - 41
    - 1344
  - - 42
    - 1382
  - - 43
    - 1446
  - - 44
    - 1463
  - - 45
    - 1532
  - - 46
    - 1553
  - - 47
    - 1493
  - - 48
    - 1473
  - - 49
    - 1549
  - - 50
    - 1514
  - - 51
    - 1608
  - - 52
    - 1589
  - - 53
    - 1657
  - - 54
    - 1648
  - - 55
    - 1611
  - - 56
    - 1660
  - - 57
    - 1730
  - - 58
    - 1781
  - - 59
    - 1754
  - - 60
    - 1739
  - - 61
    - 1674
  - - 62
    - 1798
  - - 63
    - 1845
  - - 64
    - 1815
  - - 65
    - 1748
  - - 66
    - 1834
  - - 67
    - 1788
  - - 68
    - 1815
  - - 69
    - 1808
  - - 70
    - 1842
  - - 71
    - 1786
  - - 72
    - 1739
  - - 73
    - 1941
  - - 74
    - 1824
  - - 75
    - 1777
  - - 76
    - 1861
  - - 77
    - 1735
  - - 78
    - 1855
  - - 79
    - 1788
  - - 80
    - 1795
  - - 81
    - 1885
  - - 82
    - 1774
  - - 83
    - 1688
  - - 84
    - 1693
  - - 85
    - 1778
  - - 86
    - 1746
  - - 87
    - 1779
  - - 88
    - 1740
  - - 89
    - 1767
  - - 90
    - 1689
  - - 91
    - 1618
  - - 92
    - 1680
  - - 93
    - 1611
  - - 94
    - 1663
  - - 95
    - 1670
  - - 96
    - 1589
  - - 97
    - 1671
  - - 98
    - 1619
  - - 99
    - 1627
  - - 100
    - 1595
  - - 101
    - 1555
  - - 102
    - 1585
  - - 103
    - 1592
  - - 104
    - 1547
  - - 105
    - 1490
  - - 106
    - 1468
  - - 107
    - 1507
  - - 108
    - 1386
  - - 109
    - 1476
  - - 110
    - 1443
  - - 111
    - 1398
  - - 112
    - 1314
  - - 113
    - 1360
  - - 114
    - 1416
  - - 115
    - 1409
  - - 116
    - 1335
  - - 117
    - 1353
  - - 118
    - 1356
  - - 119
    - 1249
  - - 120
    - 1298
  - - 121
    - 1309
  - - 122
    - 1251
  - - 123
    - 1190
  - - 124
    - 1183
  - - 125
    - 1156
  - - 126
    - 1212
  - - 127
    - 1140
  - - 128
    - 1135
  - - 129
    - 1158
  - - 130
    - 1104
  - - 131
    - 1041
  - - 132
    - 1060
  - - 133
    - 1091
  - - 134
    - 1013
  - - 135
    - 1070
  - - 136
    - 941
  - - 137
    - 987
  - - 138
    - 962
  - - 139
    - 1001
  - - 140
    - 898
  - - 141
    - 945
  - - 142
    - 936
  - - 143
    - 871
  - - 144
    - 875
  - - 145
    - 869
  - - 146
    - 839
  - - 147
    - 867
  - - 148
    - 834
  - - 149
    - 839
  - - 150
    - 841
  - - 151
    - 794
  - - 152
    - 806
  - - 153
    - 752
  - - 154
    - 731
  - - 155
    - 700
  - - 156
    - 714
  - - 157
    - 697
  - - 158
    - 642
  - - 159
    - 656
  - - 160
    - 626
  - - 161
    - 644
  - - 162
    - 624
  - - 163
    - 581
  - - 164
    - 573
  - - 165
    - 620
  - - 166
    - 586
  - - 167
    - 590
  - - 168
    - 582
  - - 169
    - 502
  - - 170
    - 596
  - - 171
    - 504
  - - 172
    - 561
  - - 173
    - 497
  - - 174
    - 534
  - - 175
    - 507
  - - 176
    - 503
  - - 177
    - 470
  - - 178
    - 436
  - - 179
    - 423
  - - 180
    - 454
  - - 181
    - 476
  - - 182
    - 437
  - - 183
    - 396
  - - 184
    - 408
  - - 185
    - 410
  - - 186
    - 412
  - - 187
    - 417
  - - 188
    - 366
  - - 189
    - 389
  - - 190
    - 362
  - - 191
    - 385
  - - 192
    - 353
  - - 193
    - 351
  - - 194
    - 342
  - - 195
    - 327
  - - 196
    - 322
  - - 197
    - 302
  - - 198
    - 297
  - - 199
    - 316
  - - 200
    - 259
  - - 201
    - 284
  - - 202
    - 240
  - - 203
    - 265
  - - 204
    - 263
  - - 205
    - 266
  - - 206
    - 265
  - - 207
    - 248
  - - 208
    - 230
  - - 209
    - 271
  - - 210
    - 251
  - - 211
    - 238
  - - 212
    - 214
  - - 213
    - 278
  - - 214
    - 226
  - - 215
    - 235
  - - 216
    - 219
  - - 217
    - 187
  - - 218
    - 201
  - - 219
    - 225
  - - 220
    - 199
  - - 221
    - 200
  - - 222
    - 185
  - - 223
    - 187
  - - 224
    - 168
  - - 225
    - 162
  - - 226
    - 169
  - - 227
    - 145
  - - 228
    - 182
  - - 229
    - 147
  - - 230
    - 159
  - - 231
    - 168
  - - 232
    - 136
  - - 233
    - 158
  - - 234
    - 140
  - - 235
    - 151
  - - 236
    - 119
  - - 237
    - 139
  - - 238
    - 158
  - - 239
    - 129
  - - 240
    - 133
  - - 241
    - 145
  - - 242
    - 139
  - - 243
    - 117
  - - 244
    - 132
  - - 245
    - 123
  - - 246
    - 123
  - - 247
    - 127
  - - 248
    - 126
  - - 249
    - 100
  - - 250
    - 117
  - - 251
    - 118
  - - 252
    - 118
  - - 253
    - 103
  - - 254
    - 102
  - - 255
    - 96
  - - 256
    - 94
  - - 257
    - 105
  - - 258
    - 101
  - - 259
    - 103
  - - 260
    - 94
  - - 261
    - 83
  - - 262
    - 85
  - - 263
    - 94
  - - 264
    - 89
  - - 265
    - 101
  - - 266
    - 90
  - - 267
    - 91
  - - 268
    - 96
  - - 269
    - 93
  - - 270
    - 94
  - - 271
    - 75
  - - 272
    - 87
  - - 273
    - 71
  - - 274
    - 87
  - - 275
    - 77
  - - 276
    - 87
  - - 277
    - 90
  - - 278
    - 100
  - - 279
    - 58
  - - 280
    - 59
  - - 281
    - 69
  - - 282
    - 88
  - - 283
    - 72
  - - 284
    - 70
  - - 285
    - 87
  - - 286
    - 79
  - - 287
    - 84
  - - 288
    - 69
  - - 289
    - 78
  - - 290
    - 59
  - - 291
    - 69
  - - 292
    - 66
  - - 293
    - 74
  - - 294
    - 80
  - - 295
    - 61
  - - 296
    - 79
  - - 297
    - 66
  - - 298
    - 78
  - - 299
    - 61
  - - 300
    - 64
  - - 301
    - 66
  - - 302
    - 72
  - - 303
    - 68
  - - 304
    - 69
  - - 305
    - 69
  - - 306
    - 60
  - - 307
    - 70
  - - 308
    - 59
  - - 309
    - 69
  - - 310
    - 71
  - - 311
    - 54
  - - 312
    - 73
  - - 313
    - 60
  - - 314
    - 67
  - - 315
    - 63
  - - 316
    - 70
  - - 317
    - 55
  - - 318
    - 72
  - - 319
    - 62
  - - 320
    - 65
  - - 321
    - 61
  - - 322
    - 55
  - - 323
    - 73
  - - 324
    - 59
  - - 325
    - 62
  - - 326
    - 60
  - - 327
    - 52
  - - 328
    - 62
  - - 329
    - 68
  - - 330
    - 54
  - - 331
    - 58
  - - 332
    - 55
  - - 333
    - 55
  - - 334
    - 56
  - - 335
    - 57
  - - 336
    - 74
  - - 337
    - 66
  - - 338
    - 45
  - - 339
    - 51
  - - 340
    - 68
  - - 341
    - 67
  - - 342
    - 56
  - - 343
    - 56
  - - 344
    - 57
  - - 345
    - 63
  - - 346
    - 47
  - - 347
    - 48
  - - 348
    - 43
  - - 349
    - 72
  - - 350
    - 52
  - - 351
    - 51
  - - 352
    - 49
  - - 353
    - 52
  - - 354
    - 67
  - - 355
    - 80
  - - 356
    - 56
  - - 357
    - 73
  - - 358
    - 47
  - - 359
    - 53
  - - 360
    - 60
  - - 361
    - 60
  - - 362
    - 50
  - - 363
    - 43
  - - 364
    - 60
  - - 365
    - 44
  - - 366
    - 55
  - - 367
    - 53
  - - 368
    - 55
  - - 369
    - 59
  - - 370
    - 58
  - - 371
    - 42
  - - 372
    - 45
  - - 373
    - 46
  - - 374
    - 42
  - - 375
    - 40
  - - 376
    - 53
  - - 377
    - 48
  - - 378
    - 62
  - - 379
    - 57
  - - 380
    - 60
  - - 381
    - 57
  - - 382
    - 57
  - - 383
    - 50
  - - 384
    - 54
  - - 385
    - 48
  - - 386
    - 48
  - - 387
    - 63
  - - 388
    - 57
  - - 389
    - 39
  - - 390
    - 55
  - - 391
    - 53
  - - 392
    - 41
  - - 393
    - 37
  - - 394
    - 57
  - - 395
    - 42
  - - 396
    - 35
  - - 397
    - 28
  - - 398
    - 41
  - - 399
    - 53
  - - 400
    - 54
  - - 401
    - 40
  - - 402
    - 35
  - - 403
    - 45
  - - 404
    - 43
  - - 405
    - 53
  - - 406
    - 41
  - - 407
    - 44
  - - 408
    - 53
  - - 409
    - 36
  - - 410
    - 55
  - - 411
    - 45
  - - 412
    - 40
  - - 413
    - 35
  - - 414
    - 56
  - - 415
    - 36
  - - 416
    - 40
  - - 417
    - 38
  - - 418
    - 35
  - - 419
    - 40
  - - 420
    - 47
  - - 421
    - 38
  - - 422
    - 42
  - - 423
    - 50
  - - 424
    - 41
  - - 425
    - 47
  - - 426
    - 40
  - - 427
    - 37
  - - 428
    - 45
  - - 429
    - 28
  - - 430
    - 32
  - - 431
    - 32
  - - 432
    - 29
  - - 433
    - 37
  - - 434
    - 39
  - - 435
    - 36
  - - 436
    - 33
  - - 437
    - 38
  - - 438
    - 43
  - - 439
    - 35
  - - 440
    - 43
  - - 441
    - 32
  - - 442
    - 38
  - - 443
    - 38
  - - 444
    - 40
  - - 445
    - 50
  - - 446
    - 45
  - - 447
    - 39
  - - 448
    - 44
  - - 449
    - 39
  - - 450
    - 37
  - - 451
    - 40
  - - 452
    - 39
  - - 453
    - 37
  - - 454
    - 38
  - - 455
    - 36
  - - 456
    - 34
  - - 457
    - 37
  - - 458
    - 39
  - - 459
    - 35
  - - 460
    - 38
  - - 461
    - 43
  - - 462
    - 33
  - - 463
    - 35
  - - 464
    - 36
  - - 465
    - 36
  - - 466
    - 39
  - - 467
    - 41
  - - 468
    - 42
  - - 469
    - 35
  - - 470
    - 38
  - - 471
    - 29
  - - 472
    - 37
  - - 473
    - 48
  - - 474
    - 35
  - - 475
    - 38
  - - 476
    - 28
  - - 477
    - 40
  - - 478
    - 24
  - - 479
    - 27
  - - 480
    - 34
  - - 481
    - 32
  - - 482
    - 37
  - - 483
    - 43
  - - 484
    - 29
  - - 485
    - 33
  - - 486
    - 27
  - - 487
    - 32
  - - 488
    - 31
  - - 489
    - 33
  - - 490
    - 38
  - - 491
    - 31
  - - 492
    - 38
  - - 493
    - 33
  - - 494
    - 26
  - - 495
    - 35
  - - 496
    - 35
  - - 497
    - 34
  - - 498
    - 33
  - - 499
    - 31
  - - 500
    - 26
  - - 501
    - 29
  - - 502
    - 27
  - - 503
    - 29
  - - 504
    - 35
  - - 505
    - 32
  - - 506
    - 21
  - - 507
    - 37
  - - 508
    - 31
  - - 509
    - 35
  - - 510
    - 31
  - - 511
    - 32
  - - 512
    - 26
  - - 513
    - 26
  - - 514
    - 33
  - - 515
    - 24
  - - 516
    - 37
  - - 517
    - 33
  - - 518
    - 31
  - - 519
    - 29
  - - 520
    - 32
  - - 521
    - 28
  - - 522
    - 25
  - - 523
    - 20
  - - 524
    - 25
  - - 525
    - 27
  - - 526
    - 27
  - - 527
    - 27
  - - 528
    - 26
  - - 529
    - 36
  - - 530
    - 30
  - - 531
    - 32
  - - 532
    - 23
  - - 533
    - 20
  - - 534
    - 34
  - - 535
    - 24
  - - 536
    - 38
  - - 537
    - 25
  - - 538
    - 30
  - - 539
    - 27
  - - 540
    - 31
  - - 541
    - 24
  - - 542
    - 24
  - - 543
    - 26
  - - 544
    - 32
  - - 545
    - 24
  - - 546
    - 22
  - - 547
    - 23
  - - 548
    - 28
  - - 549
    - 32
  - - 550
    - 20
  - - 551
    - 16
  - - 552
    - 23
  - - 553
    - 22
  - - 554
    - 40
  - - 555
    - 24
  - - 556
    - 11
  - - 557
    - 14
  - - 558
    - 22
  - - 559
    - 26
  - - 560
    - 22
  - - 561
    - 26
  - - 562
    - 25
  - - 563
    - 30
  - - 564
    - 15
  - - 565
    - 24
  - - 566
    - 16
  - - 567
    - 16
  - - 568
    - 27
  - - 569
    - 12
  - - 570
    - 26
  - - 571
    - 19
  - - 572
    - 26
  - - 573
    - 28
  - - 574
    - 28
  - - 575
    - 26
  - - 576
    - 20
  - - 577
    - 15
  - - 578
    - 17
  - - 579
    - 23
  - - 580
    - 20
  - - 581
    - 21
  - - 582
    - 23
  - - 583
    - 16
  - - 584
    - 18
  - - 585
    - 23
  - - 586
    - 15
  - - 587
    - 15
  - - 588
    - 17
  - - 589
    - 24
  - - 590
    - 16
  - - 591
    - 28
  - - 592
    - 19
  - - 593
    - 18
  - - 594
    - 14
  - - 595
    - 26
  - - 596
    - 21
  - - 597
    - 21
  - - 598
    - 23
  - - 599
    - 22
  - - 600
    - 14
  - - 601
    - 14
  - - 602
    - 20
  - - 603
    - 16
  - - 604
    - 22
  - - 605
    - 14
  - - 606
    - 24
  - - 607
    - 23
  - - 608
    - 20
  - - 609
    - 10
  - - 610
    - 16
  - - 611
    - 19
  - - 612
    - 16
  - - 613
    - 15
  - - 614
    - 14
  - - 615
    - 15
  - - 616
    - 11
  - - 617
    - 13
  - - 618
    - 10
  - - 619
    - 22
  - - 620
    - 17
  - - 621
    - 19
  - - 622
    - 14
  - - 623
    - 27
  - - 624
    - 17
  - - 625
    - 13
  - - 626
    - 21
  - - 627
    - 21
  - - 628
    - 13
  - - 629
    - 10
  - - 630
    - 17
  - - 631
    - 15
  - - 632
    - 14
  - - 633
    - 19
  - - 634
    - 26
  - - 635
    - 16
  - - 636
    - 15
  - - 637
    - 13
  - - 638
    - 18
  - - 639
    - 14
  - - 640
    - 11
  - - 641
    - 18
  - - 642
    - 18
  - - 643
    - 14
  - - 644
    - 17
  - - 645
    - 13
  - - 646
    - 19
  - - 647
    - 11
  - - 648
    - 4
  - - 649
    - 16
  - - 650
    - 16
  - - 651
    - 14
  - - 652
    - 17
  - - 653
    - 20
  - - 654
    - 20
  - - 655
    - 13
  - - 656
    - 20
  - - 657
    - 12
  - - 658
    - 17
  - - 659
    - 9
  - - 660
    - 16
  - - 661
    - 9
  - - 662
    - 12
  - - 663
    - 18
  - - 664
    - 21
  - - 665
    - 19
  - - 666
    - 16
  - - 667
    - 10
  - - 668
    - 13
  - - 669
    - 13
  - - 670
    - 12
  - - 671
    - 12
  - - 672
    - 13
  - - 673
    - 9
  - - 674
    - 13
  - - 675
    - 6
  - - 676
    - 10
  - - 677
    - 16
  - - 678
    - 9
  - - 679
    - 9
  - - 680
    - 7
  - - 681
    - 8
  - - 682
    - 9
  - - 683
    - 10
  - - 684
    - 8
  - - 685
    - 8
  - - 686
    - 11
  - - 687
    - 7
  - - 688
    - 18
  - - 689
    - 9
  - - 690
    - 14
  - - 691
    - 13
  - - 692
    - 17
  - - 693
    - 9
  - - 694
    - 15
  - - 695
    - 9
  - - 696
    - 17
  - - 697
    - 11
  - - 698
    - 13
  - - 699
    - 9
  - - 700
    - 10
  - - 701
    - 6
  - - 702
    - 15
  - - 703
    - 9
  - - 704
    - 13
  - - 705
    - 9
  - - 706
    - 7
  - - 707
    - 9
  - - 708
    - 13
  - - 709
    - 12
  - - 710
    - 10
  - - 711
    - 16
  - - 712
    - 10
  - - 713
    - 13
  - - 714
    - 14
  - - 715
    - 7
  - - 716
    - 7
  - - 717
    - 14
  - - 718
    - 11
  - - 719
    - 7
  - - 720
    - 5
  - - 721
    - 11
  - - 722
    - 7
  - - 723
    - 8
  - - 724
    - 8
  - - 725
    - 7
  - - 726
    - 5
  - - 727
    - 16
  - - 728
    - 3
  - - 729
    - 5
  - - 730
    - 10
  - - 731
    - 13
  - - 732
    - 8
  - - 733
    - 8
  - - 734
    - 5
  - - 735
    - 10
  - - 736
    - 10
  - - 737
    - 8
  - - 738
    - 6
  - - 739
    - 11
  - - 740
    - 4
  - - 741
    - 8
  - - 742
    - 6
  - - 743
    - 10
  - - 744
    - 7
  - - 745
    - 4
  - - 746
    - 8
  - - 747
    - 5
  - - 748
    - 12
  - - 749
    - 10
  - - 750
    - 9
  - - 751
    - 4
  - - 752
    - 3
  - - 753
    - 9
  - - 754
    - 13
  - - 755
    - 3
  - - 756
    - 7
  - - 757
    - 6
  - - 758
    - 11
  - - 759
    - 14
  - - 760
    - 3
  - - 761
    - 8
  - - 762
    - 7
  - - 763
    - 6
  - - 764
    - 4
  - - 765
    - 1
  - - 766
    - 8
  - - 767
    - 5
  - - 768
    - 9
  - - 769
    - 9
  - - 770
    - 6
  - - 771
    - 6
  - - 772
    - 10
  - - 773
    - 5
  - - 774
    - 3
  - - 775
    - 4
  - - 776
    - 5
  - - 777
    - 8
  - - 778
    - 11
  - - 779
    - 9
  - - 780
    - 4
  - - 781
    - 7
  - - 782
    - 3
  - - 783
    - 3
  - - 784
    - 8
  - - 785
    - 13
  - - 786
    - 10
  - - 787
    - 4
  - - 788
    - 7
  - - 789
    - 4
  - - 790
    - 1
  - - 791
    - 6
  - - 792
    - 9
  - - 793
    - 6
  - - 794
    - 4
  - - 795
    - 6
  - - 796
    - 8
  - - 797
    - 7
  - - 798
    - 6
  - - 799
    - 3
  - - 800
    - 7
  - - 801
    - 1
  - - 802
    - 3
  - - 803
    - 5
  - - 804
    - 4
  - - 805
    - 4
  - - 806
    - 3
  - - 807
    - 5
  - - 808
    - 3
  - - 809
    - 4
  - - 810
    - 4
  - - 811
    - 1
  - - 812
    - 11
  - - 813
    - 7
  - - 814
    - 3
  - - 815
    - 4
  - - 816
    - 3
  - - 817
    - 5
  - - 818
    - 2
  - - 819
    - 2
  - - 820
    - 2
  - - 821
    - 2
  - - 822
    - 3
  - - 824
    - 8
  - - 825
    - 3
  - - 826
    - 5
  - - 827
    - 6
  - - 828
    - 1
  - - 829
    - 6
  - - 830
    - 3
  - - 831
    - 1
  - - 832
    - 7
  - - 833
    - 2
  - - 834
    - 6
  - - 835
    - 5
  - - 836
    - 4
  - - 837
    - 2
  - - 838
    - 6
  - - 839
    - 4
  - - 840
    - 2
  - - 841
    - 3
  - - 843
    - 2
  - - 844
    - 5
  - - 845
    - 6
  - - 846
    - 4
  - - 847
    - 3
  - - 848
    - 1
  - - 849
    - 3
  - - 850
    - 4
  - - 851
    - 1
  - - 852
    - 1
  - - 853
    - 3
  - - 854
    - 3
  - - 855
    - 2
  - - 856
    - 1
  - - 857
    - 3
  - - 858
    - 2
  - - 859
    - 5
  - - 860
    - 1
  - - 861
    - 3
  - - 862
    - 2
  - - 863
    - 5
  - - 864
    - 3
  - - 865
    - 4
  - - 866
    - 5
  - - 868
    - 4
  - - 869
    - 1
  - - 870
    - 6
  - - 871
    - 2
  - - 872
    - 7
  - - 873
    - 1
  - - 874
    - 1
  - - 875
    - 3
  - - 876
    - 3
  - - 877
    - 4
  - - 878
    - 2
  - - 879
    - 2
  - - 880
    - 5
  - - 881
    - 4
  - - 883
    - 1
  - - 884
    - 3
  - - 885
    - 5
  - - 886
    - 3
  - - 888
    - 1
  - - 889
    - 3
  - - 890
    - 3
  - - 891
    - 5
  - - 892
    - 2
  - - 894
    - 2
  - - 895
    - 3
  - - 897
    - 2
  - - 898
    - 3
  - - 899
    - 1
  - - 900
    - 2
  - - 902
    - 3
  - - 903
    - 1
  - - 904
    - 2
  - - 905
    - 5
  - - 906
    - 3
  - - 907
    - 2
  - - 908
    - 3
  - - 909
    - 2
  - - 910
    - 4
  - - 911
    - 2
  - - 913
    - 1
  - - 914
    - 5
  - - 916
    - 3
  - - 917
    - 2
  - - 918
    - 1
  - - 919
    - 2
  - - 920
    - 2
  - - 921
    - 1
  - - 922
    - 3
  - - 923
    - 1
  - - 924
    - 2
  - - 925
    - 3
  - - 926
    - 1
  - - 927
    - 2
  - - 928
    - 2
  - - 929
    - 1
  - - 930
    - 1
  - - 931
    - 3
  - - 932
    - 2
  - - 933
    - 1
  - - 934
    - 1
  - - 935
    - 1
  - - 937
    - 1
  - - 938
    - 1
  - - 939
    - 2
  - - 940
    - 1
  - - 943
    - 2
  - - 944
    - 1
  - - 947
    - 4
  - - 949
    - 2
  - - 950
    - 1
  - - 954
    - 1
  - - 955
    - 1
  - - 956
    - 1
  - - 957
    - 3
  - - 958
    - 5
  - - 961
    - 1
  - - 964
    - 1
  - - 965
    - 1
  - - 966
    - 1
  - - 967
    - 2
  - - 969
    - 2
  - - 971
    - 1
  - - 972
    - 1
  - - 974
    - 2
  - - 975
    - 1
  - - 978
    - 1
  - - 979
    - 1
  - - 980
    - 1
  - - 981
    - 2
  - - 982
    - 1
  - - 985
    - 1
  - - 990
    - 1
  - - 991
    - 3
  - - 993
    - 2
  - - 994
    - 3
  - - 995
    - 1
  - - 996
    - 1
  - - 999
    - 1
  - - 1001
    - 1
  - - 1004
    - 2
  - - 1005
    - 1
  - - 1008
    - 1
  - - 1010
    - 1
  - - 1011
    - 1
  - - 1012
    - 2
  - - 1014
    - 2
  - - 1015
    - 1
  - - 1019
    - 2
  - - 1020
    - 1
  - - 1021
    - 1
  - - 1024
    - 1
  - - 1028
    - 1
  - - 1029
    - 1
  - - 1037
    - 1
  - - 1038
    - 1
  - - 1041
    - 1
  - - 1044
    - 2
  - - 1049
    - 1
  - - 1050
    - 1
  - - 1052
    - 2
  - - 1060
    - 1
  - - 1061
    - 1
  - - 1064
    - 1
  - - 1065
    - 1
  - - 1069
    - 1
  - - 1073
    - 1
  - - 1074
    - 1
  - - 1076
    - 1
  - - 1082
    - 2
  - - 1083
    - 1
  - - 1085
    - 2
  - - 1090
    - 1
  - - 1091
    - 1
  - - 1094
    - 1
  - - 1101
    - 2
  - - 1103
    - 1
  - - 1104
    - 1
  - - 1114
    - 1
  - - 1115
    - 1
  - - 1124
    - 1
  - - 1129
    - 2
  - - 1131
    - 1
  - - 1132
    - 1
  - - 1136
    - 1
  - - 1139
    - 2
  - - 1161
    - 1
  - - 1166
    - 1
  - - 1171
    - 1
  - - 1172
    - 1
  - - 1180
    - 1
  - - 1183
    - 1
  - - 1188
    - 1
  - - 1207
    - 1
  - - 1233
    - 1
  - - 1242
    - 1
  - - 1263
    - 1
  - - 1293
    - 1
  - - 1349
    - 1
  - - 1354
    - 1
  - - 1405
    - 1
  - - 1416
    - 1
  - - 1426
    - 1
  - - 1460
    - 1
  - - 1492
    - 1
  - - 1528
    - 1
  - - 1627
    - 1
  - - 1655
    - 1
  - - 1679
    - 1
  latency_50_percentile: 93.0
  latency_95_percentile: 334.0
  latency_99_5_percentile: 704.0
  latency_99_percentile: 613.0
  max_kubedns_cpu: 741
  max_kubedns_memory: 27
  max_latency: 1.679495
  max_perfserver_cpu: 0
  max_perfserver_memory: 0
  min_latency: 0.001318
  msg: null
  ok: true
  qps: 835.179348
  queries_completed: 250651
  queries_lost: 0
  queries_sent: 250651
  run_time: 300.116377
  stddev_latency: 0.111049
params:
  max_qps: null
  pod_name: dns-perf-client-858fb7568b-fr2ww
  query_file: all-queries.txt
  run_id: 1777677741
  run_length_seconds: 300
  run_subid: 0
stderr:
- ''
stdout:
- DNS Performance Testing Tool
- Nominum Version 2.1.0.0
- ''
- '[Status] Command line: dnsperf -s 10.0.0.10 -l 300 -d /queries/all-queries.txt'
- '[Status] Sending queries (to 10.0.0.10)'
- '[Status] Started at: Fri May  1 23:22:53 2026'
- '[Status] Stopping after 300.000000 seconds'
- '[Status] Testing complete (time limit)'
- ''
- 'Statistics:'
- ''
- '  Queries sent:         250651'
- '  Queries completed:    250651 (100.00%)'
- '  Queries lost:         0 (0.00%)'
- ''
- '  Response codes:       NOERROR 30078 (12.00%), NXDOMAIN 220573 (88.00%)'
- '  Average packet size:  request 38, response 122'
- '  Run time (s):         300.116377'
- '  Queries per second:   835.179348'
- ''
- '  Average Latency (s):  0.119529 (min 0.001318, max 1.679495)'
- '  Latency StdDev (s):   0.111049'
- ''
- '  Latency histogram'
- '#histogram 0 0'
- '#histogram 1 45'
- '#histogram 2 297'
- '#histogram 3 427'
- '#histogram 4 544'
- '#histogram 5 655'
- '#histogram 6 652'
- '#histogram 7 721'
- '#histogram 8 728'
- '#histogram 9 729'
- '#histogram 10 807'
- '#histogram 11 842'
- '#histogram 12 785'
- '#histogram 13 865'
- '#histogram 14 808'
- '#histogram 15 833'
- '#histogram 16 879'
- '#histogram 17 866'
- '#histogram 18 920'
- '#histogram 19 850'
- '#histogram 20 852'
- '#histogram 21 922'
- '#histogram 22 928'
- '#histogram 23 946'
- '#histogram 24 1076'
- '#histogram 25 1018'
- '#histogram 26 1069'
- '#histogram 27 1151'
- '#histogram 28 1061'
- '#histogram 29 1085'
- '#histogram 30 1122'
- '#histogram 31 1126'
- '#histogram 32 1144'
- '#histogram 33 1175'
- '#histogram 34 1179'
- '#histogram 35 1171'
- '#histogram 36 1224'
- '#histogram 37 1321'
- '#histogram 38 1224'
- '#histogram 39 1342'
- '#histogram 40 1386'
- '#histogram 41 1344'
- '#histogram 42 1382'
- '#histogram 43 1446'
- '#histogram 44 1463'
- '#histogram 45 1532'
- '#histogram 46 1553'
- '#histogram 47 1493'
- '#histogram 48 1473'
- '#histogram 49 1549'
- '#histogram 50 1514'
- '#histogram 51 1608'
- '#histogram 52 1589'
- '#histogram 53 1657'
- '#histogram 54 1648'
- '#histogram 55 1611'
- '#histogram 56 1660'
- '#histogram 57 1730'
- '#histogram 58 1781'
- '#histogram 59 1754'
- '#histogram 60 1739'
- '#histogram 61 1674'
- '#histogram 62 1798'
- '#histogram 63 1845'
- '#histogram 64 1815'
- '#histogram 65 1748'
- '#histogram 66 1834'
- '#histogram 67 1788'
- '#histogram 68 1815'
- '#histogram 69 1808'
- '#histogram 70 1842'
- '#histogram 71 1786'
- '#histogram 72 1739'
- '#histogram 73 1941'
- '#histogram 74 1824'
- '#histogram 75 1777'
- '#histogram 76 1861'
- '#histogram 77 1735'
- '#histogram 78 1855'
- '#histogram 79 1788'
- '#histogram 80 1795'
- '#histogram 81 1885'
- '#histogram 82 1774'
- '#histogram 83 1688'
- '#histogram 84 1693'
- '#histogram 85 1778'
- '#histogram 86 1746'
- '#histogram 87 1779'
- '#histogram 88 1740'
- '#histogram 89 1767'
- '#histogram 90 1689'
- '#histogram 91 1618'
- '#histogram 92 1680'
- '#histogram 93 1611'
- '#histogram 94 1663'
- '#histogram 95 1670'
- '#histogram 96 1589'
- '#histogram 97 1671'
- '#histogram 98 1619'
- '#histogram 99 1627'
- '#histogram 100 1595'
- '#histogram 101 1555'
- '#histogram 102 1585'
- '#histogram 103 1592'
- '#histogram 104 1547'
- '#histogram 105 1490'
- '#histogram 106 1468'
- '#histogram 107 1507'
- '#histogram 108 1386'
- '#histogram 109 1476'
- '#histogram 110 1443'
- '#histogram 111 1398'
- '#histogram 112 1314'
- '#histogram 113 1360'
- '#histogram 114 1416'
- '#histogram 115 1409'
- '#histogram 116 1335'
- '#histogram 117 1353'
- '#histogram 118 1356'
- '#histogram 119 1249'
- '#histogram 120 1298'
- '#histogram 121 1309'
- '#histogram 122 1251'
- '#histogram 123 1190'
- '#histogram 124 1183'
- '#histogram 125 1156'
- '#histogram 126 1212'
- '#histogram 127 1140'
- '#histogram 128 1135'
- '#histogram 129 1158'
- '#histogram 130 1104'
- '#histogram 131 1041'
- '#histogram 132 1060'
- '#histogram 133 1091'
- '#histogram 134 1013'
- '#histogram 135 1070'
- '#histogram 136 941'
- '#histogram 137 987'
- '#histogram 138 962'
- '#histogram 139 1001'
- '#histogram 140 898'
- '#histogram 141 945'
- '#histogram 142 936'
- '#histogram 143 871'
- '#histogram 144 875'
- '#histogram 145 869'
- '#histogram 146 839'
- '#histogram 147 867'
- '#histogram 148 834'
- '#histogram 149 839'
- '#histogram 150 841'
- '#histogram 151 794'
- '#histogram 152 806'
- '#histogram 153 752'
- '#histogram 154 731'
- '#histogram 155 700'
- '#histogram 156 714'
- '#histogram 157 697'
- '#histogram 158 642'
- '#histogram 159 656'
- '#histogram 160 626'
- '#histogram 161 644'
- '#histogram 162 624'
- '#histogram 163 581'
- '#histogram 164 573'
- '#histogram 165 620'
- '#histogram 166 586'
- '#histogram 167 590'
- '#histogram 168 582'
- '#histogram 169 502'
- '#histogram 170 596'
- '#histogram 171 504'
- '#histogram 172 561'
- '#histogram 173 497'
- '#histogram 174 534'
- '#histogram 175 507'
- '#histogram 176 503'
- '#histogram 177 470'
- '#histogram 178 436'
- '#histogram 179 423'
- '#histogram 180 454'
- '#histogram 181 476'
- '#histogram 182 437'
- '#histogram 183 396'
- '#histogram 184 408'
- '#histogram 185 410'
- '#histogram 186 412'
- '#histogram 187 417'
- '#histogram 188 366'
- '#histogram 189 389'
- '#histogram 190 362'
- '#histogram 191 385'
- '#histogram 192 353'
- '#histogram 193 351'
- '#histogram 194 342'
- '#histogram 195 327'
- '#histogram 196 322'
- '#histogram 197 302'
- '#histogram 198 297'
- '#histogram 199 316'
- '#histogram 200 259'
- '#histogram 201 284'
- '#histogram 202 240'
- '#histogram 203 265'
- '#histogram 204 263'
- '#histogram 205 266'
- '#histogram 206 265'
- '#histogram 207 248'
- '#histogram 208 230'
- '#histogram 209 271'
- '#histogram 210 251'
- '#histogram 211 238'
- '#histogram 212 214'
- '#histogram 213 278'
- '#histogram 214 226'
- '#histogram 215 235'
- '#histogram 216 219'
- '#histogram 217 187'
- '#histogram 218 201'
- '#histogram 219 225'
- '#histogram 220 199'
- '#histogram 221 200'
- '#histogram 222 185'
- '#histogram 223 187'
- '#histogram 224 168'
- '#histogram 225 162'
- '#histogram 226 169'
- '#histogram 227 145'
- '#histogram 228 182'
- '#histogram 229 147'
- '#histogram 230 159'
- '#histogram 231 168'
- '#histogram 232 136'
- '#histogram 233 158'
- '#histogram 234 140'
- '#histogram 235 151'
- '#histogram 236 119'
- '#histogram 237 139'
- '#histogram 238 158'
- '#histogram 239 129'
- '#histogram 240 133'
- '#histogram 241 145'
- '#histogram 242 139'
- '#histogram 243 117'
- '#histogram 244 132'
- '#histogram 245 123'
- '#histogram 246 123'
- '#histogram 247 127'
- '#histogram 248 126'
- '#histogram 249 100'
- '#histogram 250 117'
- '#histogram 251 118'
- '#histogram 252 118'
- '#histogram 253 103'
- '#histogram 254 102'
- '#histogram 255 96'
- '#histogram 256 94'
- '#histogram 257 105'
- '#histogram 258 101'
- '#histogram 259 103'
- '#histogram 260 94'
- '#histogram 261 83'
- '#histogram 262 85'
- '#histogram 263 94'
- '#histogram 264 89'
- '#histogram 265 101'
- '#histogram 266 90'
- '#histogram 267 91'
- '#histogram 268 96'
- '#histogram 269 93'
- '#histogram 270 94'
- '#histogram 271 75'
- '#histogram 272 87'
- '#histogram 273 71'
- '#histogram 274 87'
- '#histogram 275 77'
- '#histogram 276 87'
- '#histogram 277 90'
- '#histogram 278 100'
- '#histogram 279 58'
- '#histogram 280 59'
- '#histogram 281 69'
- '#histogram 282 88'
- '#histogram 283 72'
- '#histogram 284 70'
- '#histogram 285 87'
- '#histogram 286 79'
- '#histogram 287 84'
- '#histogram 288 69'
- '#histogram 289 78'
- '#histogram 290 59'
- '#histogram 291 69'
- '#histogram 292 66'
- '#histogram 293 74'
- '#histogram 294 80'
- '#histogram 295 61'
- '#histogram 296 79'
- '#histogram 297 66'
- '#histogram 298 78'
- '#histogram 299 61'
- '#histogram 300 64'
- '#histogram 301 66'
- '#histogram 302 72'
- '#histogram 303 68'
- '#histogram 304 69'
- '#histogram 305 69'
- '#histogram 306 60'
- '#histogram 307 70'
- '#histogram 308 59'
- '#histogram 309 69'
- '#histogram 310 71'
- '#histogram 311 54'
- '#histogram 312 73'
- '#histogram 313 60'
- '#histogram 314 67'
- '#histogram 315 63'
- '#histogram 316 70'
- '#histogram 317 55'
- '#histogram 318 72'
- '#histogram 319 62'
- '#histogram 320 65'
- '#histogram 321 61'
- '#histogram 322 55'
- '#histogram 323 73'
- '#histogram 324 59'
- '#histogram 325 62'
- '#histogram 326 60'
- '#histogram 327 52'
- '#histogram 328 62'
- '#histogram 329 68'
- '#histogram 330 54'
- '#histogram 331 58'
- '#histogram 332 55'
- '#histogram 333 55'
- '#histogram 334 56'
- '#histogram 335 57'
- '#histogram 336 74'
- '#histogram 337 66'
- '#histogram 338 45'
- '#histogram 339 51'
- '#histogram 340 68'
- '#histogram 341 67'
- '#histogram 342 56'
- '#histogram 343 56'
- '#histogram 344 57'
- '#histogram 345 63'
- '#histogram 346 47'
- '#histogram 347 48'
- '#histogram 348 43'
- '#histogram 349 72'
- '#histogram 350 52'
- '#histogram 351 51'
- '#histogram 352 49'
- '#histogram 353 52'
- '#histogram 354 67'
- '#histogram 355 80'
- '#histogram 356 56'
- '#histogram 357 73'
- '#histogram 358 47'
- '#histogram 359 53'
- '#histogram 360 60'
- '#histogram 361 60'
- '#histogram 362 50'
- '#histogram 363 43'
- '#histogram 364 60'
- '#histogram 365 44'
- '#histogram 366 55'
- '#histogram 367 53'
- '#histogram 368 55'
- '#histogram 369 59'
- '#histogram 370 58'
- '#histogram 371 42'
- '#histogram 372 45'
- '#histogram 373 46'
- '#histogram 374 42'
- '#histogram 375 40'
- '#histogram 376 53'
- '#histogram 377 48'
- '#histogram 378 62'
- '#histogram 379 57'
- '#histogram 380 60'
- '#histogram 381 57'
- '#histogram 382 57'
- '#histogram 383 50'
- '#histogram 384 54'
- '#histogram 385 48'
- '#histogram 386 48'
- '#histogram 387 63'
- '#histogram 388 57'
- '#histogram 389 39'
- '#histogram 390 55'
- '#histogram 391 53'
- '#histogram 392 41'
- '#histogram 393 37'
- '#histogram 394 57'
- '#histogram 395 42'
- '#histogram 396 35'
- '#histogram 397 28'
- '#histogram 398 41'
- '#histogram 399 53'
- '#histogram 400 54'
- '#histogram 401 40'
- '#histogram 402 35'
- '#histogram 403 45'
- '#histogram 404 43'
- '#histogram 405 53'
- '#histogram 406 41'
- '#histogram 407 44'
- '#histogram 408 53'
- '#histogram 409 36'
- '#histogram 410 55'
- '#histogram 411 45'
- '#histogram 412 40'
- '#histogram 413 35'
- '#histogram 414 56'
- '#histogram 415 36'
- '#histogram 416 40'
- '#histogram 417 38'
- '#histogram 418 35'
- '#histogram 419 40'
- '#histogram 420 47'
- '#histogram 421 38'
- '#histogram 422 42'
- '#histogram 423 50'
- '#histogram 424 41'
- '#histogram 425 47'
- '#histogram 426 40'
- '#histogram 427 37'
- '#histogram 428 45'
- '#histogram 429 28'
- '#histogram 430 32'
- '#histogram 431 32'
- '#histogram 432 29'
- '#histogram 433 37'
- '#histogram 434 39'
- '#histogram 435 36'
- '#histogram 436 33'
- '#histogram 437 38'
- '#histogram 438 43'
- '#histogram 439 35'
- '#histogram 440 43'
- '#histogram 441 32'
- '#histogram 442 38'
- '#histogram 443 38'
- '#histogram 444 40'
- '#histogram 445 50'
- '#histogram 446 45'
- '#histogram 447 39'
- '#histogram 448 44'
- '#histogram 449 39'
- '#histogram 450 37'
- '#histogram 451 40'
- '#histogram 452 39'
- '#histogram 453 37'
- '#histogram 454 38'
- '#histogram 455 36'
- '#histogram 456 34'
- '#histogram 457 37'
- '#histogram 458 39'
- '#histogram 459 35'
- '#histogram 460 38'
- '#histogram 461 43'
- '#histogram 462 33'
- '#histogram 463 35'
- '#histogram 464 36'
- '#histogram 465 36'
- '#histogram 466 39'
- '#histogram 467 41'
- '#histogram 468 42'
- '#histogram 469 35'
- '#histogram 470 38'
- '#histogram 471 29'
- '#histogram 472 37'
- '#histogram 473 48'
- '#histogram 474 35'
- '#histogram 475 38'
- '#histogram 476 28'
- '#histogram 477 40'
- '#histogram 478 24'
- '#histogram 479 27'
- '#histogram 480 34'
- '#histogram 481 32'
- '#histogram 482 37'
- '#histogram 483 43'
- '#histogram 484 29'
- '#histogram 485 33'
- '#histogram 486 27'
- '#histogram 487 32'
- '#histogram 488 31'
- '#histogram 489 33'
- '#histogram 490 38'
- '#histogram 491 31'
- '#histogram 492 38'
- '#histogram 493 33'
- '#histogram 494 26'
- '#histogram 495 35'
- '#histogram 496 35'
- '#histogram 497 34'
- '#histogram 498 33'
- '#histogram 499 31'
- '#histogram 500 26'
- '#histogram 501 29'
- '#histogram 502 27'
- '#histogram 503 29'
- '#histogram 504 35'
- '#histogram 505 32'
- '#histogram 506 21'
- '#histogram 507 37'
- '#histogram 508 31'
- '#histogram 509 35'
- '#histogram 510 31'
- '#histogram 511 32'
- '#histogram 512 26'
- '#histogram 513 26'
- '#histogram 514 33'
- '#histogram 515 24'
- '#histogram 516 37'
- '#histogram 517 33'
- '#histogram 518 31'
- '#histogram 519 29'
- '#histogram 520 32'
- '#histogram 521 28'
- '#histogram 522 25'
- '#histogram 523 20'
- '#histogram 524 25'
- '#histogram 525 27'
- '#histogram 526 27'
- '#histogram 527 27'
- '#histogram 528 26'
- '#histogram 529 36'
- '#histogram 530 30'
- '#histogram 531 32'
- '#histogram 532 23'
- '#histogram 533 20'
- '#histogram 534 34'
- '#histogram 535 24'
- '#histogram 536 38'
- '#histogram 537 25'
- '#histogram 538 30'
- '#histogram 539 27'
- '#histogram 540 31'
- '#histogram 541 24'
- '#histogram 542 24'
- '#histogram 543 26'
- '#histogram 544 32'
- '#histogram 545 24'
- '#histogram 546 22'
- '#histogram 547 23'
- '#histogram 548 28'
- '#histogram 549 32'
- '#histogram 550 20'
- '#histogram 551 16'
- '#histogram 552 23'
- '#histogram 553 22'
- '#histogram 554 40'
- '#histogram 555 24'
- '#histogram 556 11'
- '#histogram 557 14'
- '#histogram 558 22'
- '#histogram 559 26'
- '#histogram 560 22'
- '#histogram 561 26'
- '#histogram 562 25'
- '#histogram 563 30'
- '#histogram 564 15'
- '#histogram 565 24'
- '#histogram 566 16'
- '#histogram 567 16'
- '#histogram 568 27'
- '#histogram 569 12'
- '#histogram 570 26'
- '#histogram 571 19'
- '#histogram 572 26'
- '#histogram 573 28'
- '#histogram 574 28'
- '#histogram 575 26'
- '#histogram 576 20'
- '#histogram 577 15'
- '#histogram 578 17'
- '#histogram 579 23'
- '#histogram 580 20'
- '#histogram 581 21'
- '#histogram 582 23'
- '#histogram 583 16'
- '#histogram 584 18'
- '#histogram 585 23'
- '#histogram 586 15'
- '#histogram 587 15'
- '#histogram 588 17'
- '#histogram 589 24'
- '#histogram 590 16'
- '#histogram 591 28'
- '#histogram 592 19'
- '#histogram 593 18'
- '#histogram 594 14'
- '#histogram 595 26'
- '#histogram 596 21'
- '#histogram 597 21'
- '#histogram 598 23'
- '#histogram 599 22'
- '#histogram 600 14'
- '#histogram 601 14'
- '#histogram 602 20'
- '#histogram 603 16'
- '#histogram 604 22'
- '#histogram 605 14'
- '#histogram 606 24'
- '#histogram 607 23'
- '#histogram 608 20'
- '#histogram 609 10'
- '#histogram 610 16'
- '#histogram 611 19'
- '#histogram 612 16'
- '#histogram 613 15'
- '#histogram 614 14'
- '#histogram 615 15'
- '#histogram 616 11'
- '#histogram 617 13'
- '#histogram 618 10'
- '#histogram 619 22'
- '#histogram 620 17'
- '#histogram 621 19'
- '#histogram 622 14'
- '#histogram 623 27'
- '#histogram 624 17'
- '#histogram 625 13'
- '#histogram 626 21'
- '#histogram 627 21'
- '#histogram 628 13'
- '#histogram 629 10'
- '#histogram 630 17'
- '#histogram 631 15'
- '#histogram 632 14'
- '#histogram 633 19'
- '#histogram 634 26'
- '#histogram 635 16'
- '#histogram 636 15'
- '#histogram 637 13'
- '#histogram 638 18'
- '#histogram 639 14'
- '#histogram 640 11'
- '#histogram 641 18'
- '#histogram 642 18'
- '#histogram 643 14'
- '#histogram 644 17'
- '#histogram 645 13'
- '#histogram 646 19'
- '#histogram 647 11'
- '#histogram 648 4'
- '#histogram 649 16'
- '#histogram 650 16'
- '#histogram 651 14'
- '#histogram 652 17'
- '#histogram 653 20'
- '#histogram 654 20'
- '#histogram 655 13'
- '#histogram 656 20'
- '#histogram 657 12'
- '#histogram 658 17'
- '#histogram 659 9'
- '#histogram 660 16'
- '#histogram 661 9'
- '#histogram 662 12'
- '#histogram 663 18'
- '#histogram 664 21'
- '#histogram 665 19'
- '#histogram 666 16'
- '#histogram 667 10'
- '#histogram 668 13'
- '#histogram 669 13'
- '#histogram 670 12'
- '#histogram 671 12'
- '#histogram 672 13'
- '#histogram 673 9'
- '#histogram 674 13'
- '#histogram 675 6'
- '#histogram 676 10'
- '#histogram 677 16'
- '#histogram 678 9'
- '#histogram 679 9'
- '#histogram 680 7'
- '#histogram 681 8'
- '#histogram 682 9'
- '#histogram 683 10'
- '#histogram 684 8'
- '#histogram 685 8'
- '#histogram 686 11'
- '#histogram 687 7'
- '#histogram 688 18'
- '#histogram 689 9'
- '#histogram 690 14'
- '#histogram 691 13'
- '#histogram 692 17'
- '#histogram 693 9'
- '#histogram 694 15'
- '#histogram 695 9'
- '#histogram 696 17'
- '#histogram 697 11'
- '#histogram 698 13'
- '#histogram 699 9'
- '#histogram 700 10'
- '#histogram 701 6'
- '#histogram 702 15'
- '#histogram 703 9'
- '#histogram 704 13'
- '#histogram 705 9'
- '#histogram 706 7'
- '#histogram 707 9'
- '#histogram 708 13'
- '#histogram 709 12'
- '#histogram 710 10'
- '#histogram 711 16'
- '#histogram 712 10'
- '#histogram 713 13'
- '#histogram 714 14'
- '#histogram 715 7'
- '#histogram 716 7'
- '#histogram 717 14'
- '#histogram 718 11'
- '#histogram 719 7'
- '#histogram 720 5'
- '#histogram 721 11'
- '#histogram 722 7'
- '#histogram 723 8'
- '#histogram 724 8'
- '#histogram 725 7'
- '#histogram 726 5'
- '#histogram 727 16'
- '#histogram 728 3'
- '#histogram 729 5'
- '#histogram 730 10'
- '#histogram 731 13'
- '#histogram 732 8'
- '#histogram 733 8'
- '#histogram 734 5'
- '#histogram 735 10'
- '#histogram 736 10'
- '#histogram 737 8'
- '#histogram 738 6'
- '#histogram 739 11'
- '#histogram 740 4'
- '#histogram 741 8'
- '#histogram 742 6'
- '#histogram 743 10'
- '#histogram 744 7'
- '#histogram 745 4'
- '#histogram 746 8'
- '#histogram 747 5'
- '#histogram 748 12'
- '#histogram 749 10'
- '#histogram 750 9'
- '#histogram 751 4'
- '#histogram 752 3'
- '#histogram 753 9'
- '#histogram 754 13'
- '#histogram 755 3'
- '#histogram 756 7'
- '#histogram 757 6'
- '#histogram 758 11'
- '#histogram 759 14'
- '#histogram 760 3'
- '#histogram 761 8'
- '#histogram 762 7'
- '#histogram 763 6'
- '#histogram 764 4'
- '#histogram 765 1'
- '#histogram 766 8'
- '#histogram 767 5'
- '#histogram 768 9'
- '#histogram 769 9'
- '#histogram 770 6'
- '#histogram 771 6'
- '#histogram 772 10'
- '#histogram 773 5'
- '#histogram 774 3'
- '#histogram 775 4'
- '#histogram 776 5'
- '#histogram 777 8'
- '#histogram 778 11'
- '#histogram 779 9'
- '#histogram 780 4'
- '#histogram 781 7'
- '#histogram 782 3'
- '#histogram 783 3'
- '#histogram 784 8'
- '#histogram 785 13'
- '#histogram 786 10'
- '#histogram 787 4'
- '#histogram 788 7'
- '#histogram 789 4'
- '#histogram 790 1'
- '#histogram 791 6'
- '#histogram 792 9'
- '#histogram 793 6'
- '#histogram 794 4'
- '#histogram 795 6'
- '#histogram 796 8'
- '#histogram 797 7'
- '#histogram 798 6'
- '#histogram 799 3'
- '#histogram 800 7'
- '#histogram 801 1'
- '#histogram 802 3'
- '#histogram 803 5'
- '#histogram 804 4'
- '#histogram 805 4'
- '#histogram 806 3'
- '#histogram 807 5'
- '#histogram 808 3'
- '#histogram 809 4'
- '#histogram 810 4'
- '#histogram 811 1'
- '#histogram 812 11'
- '#histogram 813 7'
- '#histogram 814 3'
- '#histogram 815 4'
- '#histogram 816 3'
- '#histogram 817 5'
- '#histogram 818 2'
- '#histogram 819 2'
- '#histogram 820 2'
- '#histogram 821 2'
- '#histogram 822 3'
- '#histogram 824 8'
- '#histogram 825 3'
- '#histogram 826 5'
- '#histogram 827 6'
- '#histogram 828 1'
- '#histogram 829 6'
- '#histogram 830 3'
- '#histogram 831 1'
- '#histogram 832 7'
- '#histogram 833 2'
- '#histogram 834 6'
- '#histogram 835 5'
- '#histogram 836 4'
- '#histogram 837 2'
- '#histogram 838 6'
- '#histogram 839 4'
- '#histogram 840 2'
- '#histogram 841 3'
- '#histogram 843 2'
- '#histogram 844 5'
- '#histogram 845 6'
- '#histogram 846 4'
- '#histogram 847 3'
- '#histogram 848 1'
- '#histogram 849 3'
- '#histogram 850 4'
- '#histogram 851 1'
- '#histogram 852 1'
- '#histogram 853 3'
- '#histogram 854 3'
- '#histogram 855 2'
- '#histogram 856 1'
- '#histogram 857 3'
- '#histogram 858 2'
- '#histogram 859 5'
- '#histogram 860 1'
- '#histogram 861 3'
- '#histogram 862 2'
- '#histogram 863 5'
- '#histogram 864 3'
- '#histogram 865 4'
- '#histogram 866 5'
- '#histogram 868 4'
- '#histogram 869 1'
- '#histogram 870 6'
- '#histogram 871 2'
- '#histogram 872 7'
- '#histogram 873 1'
- '#histogram 874 1'
- '#histogram 875 3'
- '#histogram 876 3'
- '#histogram 877 4'
- '#histogram 878 2'
- '#histogram 879 2'
- '#histogram 880 5'
- '#histogram 881 4'
- '#histogram 883 1'
- '#histogram 884 3'
- '#histogram 885 5'
- '#histogram 886 3'
- '#histogram 888 1'
- '#histogram 889 3'
- '#histogram 890 3'
- '#histogram 891 5'
- '#histogram 892 2'
- '#histogram 894 2'
- '#histogram 895 3'
- '#histogram 897 2'
- '#histogram 898 3'
- '#histogram 899 1'
- '#histogram 900 2'
- '#histogram 902 3'
- '#histogram 903 1'
- '#histogram 904 2'
- '#histogram 905 5'
- '#histogram 906 3'
- '#histogram 907 2'
- '#histogram 908 3'
- '#histogram 909 2'
- '#histogram 910 4'
- '#histogram 911 2'
- '#histogram 913 1'
- '#histogram 914 5'
- '#histogram 916 3'
- '#histogram 917 2'
- '#histogram 918 1'
- '#histogram 919 2'
- '#histogram 920 2'
- '#histogram 921 1'
- '#histogram 922 3'
- '#histogram 923 1'
- '#histogram 924 2'
- '#histogram 925 3'
- '#histogram 926 1'
- '#histogram 927 2'
- '#histogram 928 2'
- '#histogram 929 1'
- '#histogram 930 1'
- '#histogram 931 3'
- '#histogram 932 2'
- '#histogram 933 1'
- '#histogram 934 1'
- '#histogram 935 1'
- '#histogram 937 1'
- '#histogram 938 1'
- '#histogram 939 2'
- '#histogram 940 1'
- '#histogram 943 2'
- '#histogram 944 1'
- '#histogram 947 4'
- '#histogram 949 2'
- '#histogram 950 1'
- '#histogram 954 1'
- '#histogram 955 1'
- '#histogram 956 1'
- '#histogram 957 3'
- '#histogram 958 5'
- '#histogram 961 1'
- '#histogram 964 1'
- '#histogram 965 1'
- '#histogram 966 1'
- '#histogram 967 2'
- '#histogram 969 2'
- '#histogram 971 1'
- '#histogram 972 1'
- '#histogram 974 2'
- '#histogram 975 1'
- '#histogram 978 1'
- '#histogram 979 1'
- '#histogram 980 1'
- '#histogram 981 2'
- '#histogram 982 1'
- '#histogram 985 1'
- '#histogram 990 1'
- '#histogram 991 3'
- '#histogram 993 2'
- '#histogram 994 3'
- '#histogram 995 1'
- '#histogram 996 1'
- '#histogram 999 1'
- '#histogram 1001 1'
- '#histogram 1004 2'
- '#histogram 1005 1'
- '#histogram 1008 1'
- '#histogram 1010 1'
- '#histogram 1011 1'
- '#histogram 1012 2'
- '#histogram 1014 2'
- '#histogram 1015 1'
- '#histogram 1019 2'
- '#histogram 1020 1'
- '#histogram 1021 1'
- '#histogram 1024 1'
- '#histogram 1028 1'
- '#histogram 1029 1'
- '#histogram 1037 1'
- '#histogram 1038 1'
- '#histogram 1041 1'
- '#histogram 1044 2'
- '#histogram 1049 1'
- '#histogram 1050 1'
- '#histogram 1052 2'
- '#histogram 1060 1'
- '#histogram 1061 1'
- '#histogram 1064 1'
- '#histogram 1065 1'
- '#histogram 1069 1'
- '#histogram 1073 1'
- '#histogram 1074 1'
- '#histogram 1076 1'
- '#histogram 1082 2'
- '#histogram 1083 1'
- '#histogram 1085 2'
- '#histogram 1090 1'
- '#histogram 1091 1'
- '#histogram 1094 1'
- '#histogram 1101 2'
- '#histogram 1103 1'
- '#histogram 1104 1'
- '#histogram 1114 1'
- '#histogram 1115 1'
- '#histogram 1124 1'
- '#histogram 1129 2'
- '#histogram 1131 1'
- '#histogram 1132 1'
- '#histogram 1136 1'
- '#histogram 1139 2'
- '#histogram 1161 1'
- '#histogram 1166 1'
- '#histogram 1171 1'
- '#histogram 1172 1'
- '#histogram 1180 1'
- '#histogram 1183 1'
- '#histogram 1188 1'
- '#histogram 1207 1'
- '#histogram 1233 1'
- '#histogram 1242 1'
- '#histogram 1263 1'
- '#histogram 1293 1'
- '#histogram 1349 1'
- '#histogram 1354 1'
- '#histogram 1405 1'
- '#histogram 1416 1'
- '#histogram 1426 1'
- '#histogram 1460 1'
- '#histogram 1492 1'
- '#histogram 1528 1'
- '#histogram 1627 1'
- '#histogram 1655 1'
- '#histogram 1679 1'
- ''
