code: 0
data:
  avg_latency: 0.119397
  histogram:
  - - 0
    - 0
  - - 1
    - 58
  - - 2
    - 287
  - - 3
    - 485
  - - 4
    - 540
  - - 5
    - 615
  - - 6
    - 686
  - - 7
    - 735
  - - 8
    - 784
  - - 9
    - 794
  - - 10
    - 764
  - - 11
    - 802
  - - 12
    - 769
  - - 13
    - 832
  - - 14
    - 820
  - - 15
    - 819
  - - 16
    - 879
  - - 17
    - 932
  - - 18
    - 892
  - - 19
    - 829
  - - 20
    - 867
  - - 21
    - 927
  - - 22
    - 932
  - - 23
    - 917
  - - 24
    - 996
  - - 25
    - 1008
  - - 26
    - 1062
  - - 27
    - 1065
  - - 28
    - 1088
  - - 29
    - 1135
  - - 30
    - 1074
  - - 31
    - 1201
  - - 32
    - 1180
  - - 33
    - 1167
  - - 34
    - 1237
  - - 35
    - 1201
  - - 36
    - 1266
  - - 37
    - 1327
  - - 38
    - 1311
  - - 39
    - 1306
  - - 40
    - 1346
  - - 41
    - 1414
  - - 42
    - 1358
  - - 43
    - 1430
  - - 44
    - 1452
  - - 45
    - 1513
  - - 46
    - 1486
  - - 47
    - 1532
  - - 48
    - 1632
  - - 49
    - 1494
  - - 50
    - 1536
  - - 51
    - 1598
  - - 52
    - 1676
  - - 53
    - 1565
  - - 54
    - 1662
  - - 55
    - 1707
  - - 56
    - 1664
  - - 57
    - 1654
  - - 58
    - 1678
  - - 59
    - 1693
  - - 60
    - 1756
  - - 61
    - 1750
  - - 62
    - 1759
  - - 63
    - 1778
  - - 64
    - 1787
  - - 65
    - 1766
  - - 66
    - 1819
  - - 67
    - 1853
  - - 68
    - 1817
  - - 69
    - 1851
  - - 70
    - 1801
  - - 71
    - 1729
  - - 72
    - 1811
  - - 73
    - 1745
  - - 74
    - 1856
  - - 75
    - 1898
  - - 76
    - 1787
  - - 77
    - 1838
  - - 78
    - 1822
  - - 79
    - 1756
  - - 80
    - 1878
  - - 81
    - 1708
  - - 82
    - 1710
  - - 83
    - 1753
  - - 84
    - 1831
  - - 85
    - 1705
  - - 86
    - 1749
  - - 87
    - 1763
  - - 88
    - 1706
  - - 89
    - 1799
  - - 90
    - 1774
  - - 91
    - 1685
  - - 92
    - 1690
  - - 93
    - 1604
  - - 94
    - 1648
  - - 95
    - 1676
  - - 96
    - 1684
  - - 97
    - 1681
  - - 98
    - 1495
  - - 99
    - 1746
  - - 100
    - 1590
  - - 101
    - 1478
  - - 102
    - 1599
  - - 103
    - 1625
  - - 104
    - 1596
  - - 105
    - 1547
  - - 106
    - 1534
  - - 107
    - 1460
  - - 108
    - 1504
  - - 109
    - 1464
  - - 110
    - 1394
  - - 111
    - 1452
  - - 112
    - 1411
  - - 113
    - 1398
  - - 114
    - 1374
  - - 115
    - 1359
  - - 116
    - 1304
  - - 117
    - 1306
  - - 118
    - 1282
  - - 119
    - 1265
  - - 120
    - 1308
  - - 121
    - 1237
  - - 122
    - 1244
  - - 123
    - 1238
  - - 124
    - 1211
  - - 125
    - 1213
  - - 126
    - 1150
  - - 127
    - 1124
  - - 128
    - 1085
  - - 129
    - 1108
  - - 130
    - 1093
  - - 131
    - 1077
  - - 132
    - 1031
  - - 133
    - 1128
  - - 134
    - 1052
  - - 135
    - 983
  - - 136
    - 1012
  - - 137
    - 984
  - - 138
    - 960
  - - 139
    - 964
  - - 140
    - 886
  - - 141
    - 941
  - - 142
    - 921
  - - 143
    - 862
  - - 144
    - 914
  - - 145
    - 879
  - - 146
    - 928
  - - 147
    - 779
  - - 148
    - 821
  - - 149
    - 790
  - - 150
    - 763
  - - 151
    - 767
  - - 152
    - 815
  - - 153
    - 684
  - - 154
    - 717
  - - 155
    - 727
  - - 156
    - 690
  - - 157
    - 740
  - - 158
    - 661
  - - 159
    - 658
  - - 160
    - 681
  - - 161
    - 637
  - - 162
    - 666
  - - 163
    - 594
  - - 164
    - 585
  - - 165
    - 695
  - - 166
    - 620
  - - 167
    - 603
  - - 168
    - 607
  - - 169
    - 572
  - - 170
    - 585
  - - 171
    - 588
  - - 172
    - 496
  - - 173
    - 511
  - - 174
    - 478
  - - 175
    - 476
  - - 176
    - 479
  - - 177
    - 462
  - - 178
    - 491
  - - 179
    - 472
  - - 180
    - 474
  - - 181
    - 436
  - - 182
    - 480
  - - 183
    - 444
  - - 184
    - 388
  - - 185
    - 392
  - - 186
    - 369
  - - 187
    - 363
  - - 188
    - 372
  - - 189
    - 365
  - - 190
    - 371
  - - 191
    - 357
  - - 192
    - 365
  - - 193
    - 361
  - - 194
    - 324
  - - 195
    - 338
  - - 196
    - 317
  - - 197
    - 292
  - - 198
    - 293
  - - 199
    - 297
  - - 200
    - 292
  - - 201
    - 288
  - - 202
    - 251
  - - 203
    - 274
  - - 204
    - 277
  - - 205
    - 252
  - - 206
    - 269
  - - 207
    - 253
  - - 208
    - 245
  - - 209
    - 232
  - - 210
    - 254
  - - 211
    - 204
  - - 212
    - 238
  - - 213
    - 199
  - - 214
    - 198
  - - 215
    - 223
  - - 216
    - 176
  - - 217
    - 203
  - - 218
    - 201
  - - 219
    - 191
  - - 220
    - 195
  - - 221
    - 177
  - - 222
    - 199
  - - 223
    - 182
  - - 224
    - 182
  - - 225
    - 179
  - - 226
    - 176
  - - 227
    - 154
  - - 228
    - 155
  - - 229
    - 152
  - - 230
    - 146
  - - 231
    - 147
  - - 232
    - 157
  - - 233
    - 174
  - - 234
    - 172
  - - 235
    - 167
  - - 236
    - 135
  - - 237
    - 137
  - - 238
    - 118
  - - 239
    - 133
  - - 240
    - 131
  - - 241
    - 161
  - - 242
    - 139
  - - 243
    - 122
  - - 244
    - 125
  - - 245
    - 128
  - - 246
    - 123
  - - 247
    - 110
  - - 248
    - 125
  - - 249
    - 125
  - - 250
    - 116
  - - 251
    - 118
  - - 252
    - 103
  - - 253
    - 98
  - - 254
    - 109
  - - 255
    - 92
  - - 256
    - 111
  - - 257
    - 89
  - - 258
    - 90
  - - 259
    - 105
  - - 260
    - 104
  - - 261
    - 86
  - - 262
    - 107
  - - 263
    - 103
  - - 264
    - 90
  - - 265
    - 110
  - - 266
    - 90
  - - 267
    - 80
  - - 268
    - 106
  - - 269
    - 92
  - - 270
    - 90
  - - 271
    - 65
  - - 272
    - 82
  - - 273
    - 79
  - - 274
    - 78
  - - 275
    - 85
  - - 276
    - 78
  - - 277
    - 76
  - - 278
    - 74
  - - 279
    - 97
  - - 280
    - 84
  - - 281
    - 94
  - - 282
    - 91
  - - 283
    - 76
  - - 284
    - 88
  - - 285
    - 72
  - - 286
    - 82
  - - 287
    - 76
  - - 288
    - 70
  - - 289
    - 76
  - - 290
    - 74
  - - 291
    - 66
  - - 292
    - 64
  - - 293
    - 80
  - - 294
    - 55
  - - 295
    - 71
  - - 296
    - 90
  - - 297
    - 74
  - - 298
    - 54
  - - 299
    - 66
  - - 300
    - 63
  - - 301
    - 60
  - - 302
    - 83
  - - 303
    - 65
  - - 304
    - 92
  - - 305
    - 64
  - - 306
    - 63
  - - 307
    - 66
  - - 308
    - 56
  - - 309
    - 66
  - - 310
    - 51
  - - 311
    - 67
  - - 312
    - 56
  - - 313
    - 51
  - - 314
    - 79
  - - 315
    - 47
  - - 316
    - 61
  - - 317
    - 70
  - - 318
    - 58
  - - 319
    - 63
  - - 320
    - 72
  - - 321
    - 62
  - - 322
    - 57
  - - 323
    - 64
  - - 324
    - 61
  - - 325
    - 71
  - - 326
    - 64
  - - 327
    - 62
  - - 328
    - 66
  - - 329
    - 60
  - - 330
    - 59
  - - 331
    - 55
  - - 332
    - 50
  - - 333
    - 49
  - - 334
    - 47
  - - 335
    - 55
  - - 336
    - 51
  - - 337
    - 55
  - - 338
    - 60
  - - 339
    - 54
  - - 340
    - 61
  - - 341
    - 46
  - - 342
    - 64
  - - 343
    - 66
  - - 344
    - 62
  - - 345
    - 56
  - - 346
    - 64
  - - 347
    - 50
  - - 348
    - 69
  - - 349
    - 48
  - - 350
    - 51
  - - 351
    - 51
  - - 352
    - 44
  - - 353
    - 54
  - - 354
    - 55
  - - 355
    - 60
  - - 356
    - 61
  - - 357
    - 47
  - - 358
    - 44
  - - 359
    - 55
  - - 360
    - 66
  - - 361
    - 50
  - - 362
    - 58
  - - 363
    - 53
  - - 364
    - 59
  - - 365
    - 64
  - - 366
    - 51
  - - 367
    - 60
  - - 368
    - 56
  - - 369
    - 48
  - - 370
    - 50
  - - 371
    - 55
  - - 372
    - 58
  - - 373
    - 58
  - - 374
    - 59
  - - 375
    - 46
  - - 376
    - 52
  - - 377
    - 40
  - - 378
    - 55
  - - 379
    - 60
  - - 380
    - 43
  - - 381
    - 37
  - - 382
    - 44
  - - 383
    - 45
  - - 384
    - 48
  - - 385
    - 52
  - - 386
    - 45
  - - 387
    - 46
  - - 388
    - 50
  - - 389
    - 47
  - - 390
    - 42
  - - 391
    - 47
  - - 392
    - 54
  - - 393
    - 52
  - - 394
    - 52
  - - 395
    - 57
  - - 396
    - 51
  - - 397
    - 44
  - - 398
    - 37
  - - 399
    - 44
  - - 400
    - 44
  - - 401
    - 35
  - - 402
    - 46
  - - 403
    - 41
  - - 404
    - 40
  - - 405
    - 43
  - - 406
    - 45
  - - 407
    - 65
  - - 408
    - 43
  - - 409
    - 44
  - - 410
    - 37
  - - 411
    - 51
  - - 412
    - 37
  - - 413
    - 38
  - - 414
    - 41
  - - 415
    - 50
  - - 416
    - 42
  - - 417
    - 32
  - - 418
    - 42
  - - 419
    - 40
  - - 420
    - 45
  - - 421
    - 45
  - - 422
    - 61
  - - 423
    - 51
  - - 424
    - 39
  - - 425
    - 48
  - - 426
    - 40
  - - 427
    - 33
  - - 428
    - 38
  - - 429
    - 44
  - - 430
    - 44
  - - 431
    - 41
  - - 432
    - 44
  - - 433
    - 33
  - - 434
    - 35
  - - 435
    - 40
  - - 436
    - 36
  - - 437
    - 43
  - - 438
    - 40
  - - 439
    - 47
  - - 440
    - 46
  - - 441
    - 49
  - - 442
    - 44
  - - 443
    - 32
  - - 444
    - 40
  - - 445
    - 33
  - - 446
    - 40
  - - 447
    - 30
  - - 448
    - 38
  - - 449
    - 28
  - - 450
    - 51
  - - 451
    - 43
  - - 452
    - 46
  - - 453
    - 45
  - - 454
    - 24
  - - 455
    - 46
  - - 456
    - 33
  - - 457
    - 45
  - - 458
    - 46
  - - 459
    - 35
  - - 460
    - 43
  - - 461
    - 42
  - - 462
    - 35
  - - 463
    - 35
  - - 464
    - 37
  - - 465
    - 38
  - - 466
    - 39
  - - 467
    - 31
  - - 468
    - 28
  - - 469
    - 44
  - - 470
    - 33
  - - 471
    - 32
  - - 472
    - 32
  - - 473
    - 35
  - - 474
    - 41
  - - 475
    - 33
  - - 476
    - 40
  - - 477
    - 34
  - - 478
    - 33
  - - 479
    - 45
  - - 480
    - 39
  - - 481
    - 43
  - - 482
    - 33
  - - 483
    - 29
  - - 484
    - 32
  - - 485
    - 33
  - - 486
    - 36
  - - 487
    - 38
  - - 488
    - 29
  - - 489
    - 31
  - - 490
    - 29
  - - 491
    - 31
  - - 492
    - 29
  - - 493
    - 24
  - - 494
    - 27
  - - 495
    - 25
  - - 496
    - 28
  - - 497
    - 25
  - - 498
    - 34
  - - 499
    - 28
  - - 500
    - 35
  - - 501
    - 35
  - - 502
    - 34
  - - 503
    - 34
  - - 504
    - 43
  - - 505
    - 33
  - - 506
    - 32
  - - 507
    - 32
  - - 508
    - 33
  - - 509
    - 23
  - - 510
    - 33
  - - 511
    - 25
  - - 512
    - 28
  - - 513
    - 23
  - - 514
    - 28
  - - 515
    - 26
  - - 516
    - 27
  - - 517
    - 23
  - - 518
    - 25
  - - 519
    - 17
  - - 520
    - 25
  - - 521
    - 40
  - - 522
    - 29
  - - 523
    - 29
  - - 524
    - 33
  - - 525
    - 36
  - - 526
    - 23
  - - 527
    - 30
  - - 528
    - 23
  - - 529
    - 21
  - - 530
    - 19
  - - 531
    - 33
  - - 532
    - 17
  - - 533
    - 31
  - - 534
    - 21
  - - 535
    - 33
  - - 536
    - 34
  - - 537
    - 22
  - - 538
    - 25
  - - 539
    - 20
  - - 540
    - 26
  - - 541
    - 30
  - - 542
    - 21
  - - 543
    - 26
  - - 544
    - 16
  - - 545
    - 12
  - - 546
    - 29
  - - 547
    - 29
  - - 548
    - 21
  - - 549
    - 22
  - - 550
    - 29
  - - 551
    - 24
  - - 552
    - 21
  - - 553
    - 26
  - - 554
    - 28
  - - 555
    - 28
  - - 556
    - 18
  - - 557
    - 15
  - - 558
    - 24
  - - 559
    - 24
  - - 560
    - 22
  - - 561
    - 14
  - - 562
    - 26
  - - 563
    - 27
  - - 564
    - 20
  - - 565
    - 30
  - - 566
    - 15
  - - 567
    - 23
  - - 568
    - 28
  - - 569
    - 29
  - - 570
    - 19
  - - 571
    - 18
  - - 572
    - 32
  - - 573
    - 28
  - - 574
    - 33
  - - 575
    - 26
  - - 576
    - 25
  - - 577
    - 26
  - - 578
    - 26
  - - 579
    - 26
  - - 580
    - 18
  - - 581
    - 15
  - - 582
    - 27
  - - 583
    - 21
  - - 584
    - 23
  - - 585
    - 18
  - - 586
    - 17
  - - 587
    - 22
  - - 588
    - 21
  - - 589
    - 16
  - - 590
    - 19
  - - 591
    - 20
  - - 592
    - 22
  - - 593
    - 18
  - - 594
    - 13
  - - 595
    - 17
  - - 596
    - 20
  - - 597
    - 18
  - - 598
    - 19
  - - 599
    - 18
  - - 600
    - 19
  - - 601
    - 15
  - - 602
    - 23
  - - 603
    - 26
  - - 604
    - 16
  - - 605
    - 11
  - - 606
    - 14
  - - 607
    - 19
  - - 608
    - 14
  - - 609
    - 13
  - - 610
    - 21
  - - 611
    - 18
  - - 612
    - 13
  - - 613
    - 21
  - - 614
    - 19
  - - 615
    - 16
  - - 616
    - 11
  - - 617
    - 23
  - - 618
    - 14
  - - 619
    - 24
  - - 620
    - 16
  - - 621
    - 20
  - - 622
    - 18
  - - 623
    - 18
  - - 624
    - 11
  - - 625
    - 16
  - - 626
    - 18
  - - 627
    - 14
  - - 628
    - 9
  - - 629
    - 13
  - - 630
    - 15
  - - 631
    - 15
  - - 632
    - 17
  - - 633
    - 16
  - - 634
    - 17
  - - 635
    - 10
  - - 636
    - 17
  - - 637
    - 10
  - - 638
    - 13
  - - 639
    - 11
  - - 640
    - 15
  - - 641
    - 16
  - - 642
    - 13
  - - 643
    - 22
  - - 644
    - 15
  - - 645
    - 11
  - - 646
    - 16
  - - 647
    - 15
  - - 648
    - 9
  - - 649
    - 14
  - - 650
    - 20
  - - 651
    - 22
  - - 652
    - 13
  - - 653
    - 15
  - - 654
    - 18
  - - 655
    - 14
  - - 656
    - 14
  - - 657
    - 8
  - - 658
    - 20
  - - 659
    - 10
  - - 660
    - 17
  - - 661
    - 5
  - - 662
    - 14
  - - 663
    - 13
  - - 664
    - 10
  - - 665
    - 20
  - - 666
    - 11
  - - 667
    - 13
  - - 668
    - 12
  - - 669
    - 14
  - - 670
    - 9
  - - 671
    - 13
  - - 672
    - 15
  - - 673
    - 14
  - - 674
    - 8
  - - 675
    - 13
  - - 676
    - 16
  - - 677
    - 16
  - - 678
    - 8
  - - 679
    - 11
  - - 680
    - 11
  - - 681
    - 9
  - - 682
    - 14
  - - 683
    - 15
  - - 684
    - 12
  - - 685
    - 9
  - - 686
    - 13
  - - 687
    - 16
  - - 688
    - 14
  - - 689
    - 9
  - - 690
    - 14
  - - 691
    - 12
  - - 692
    - 12
  - - 693
    - 9
  - - 694
    - 15
  - - 695
    - 11
  - - 696
    - 9
  - - 697
    - 14
  - - 698
    - 8
  - - 699
    - 13
  - - 700
    - 11
  - - 701
    - 13
  - - 702
    - 10
  - - 703
    - 6
  - - 704
    - 6
  - - 705
    - 5
  - - 706
    - 7
  - - 707
    - 8
  - - 708
    - 9
  - - 709
    - 9
  - - 710
    - 16
  - - 711
    - 16
  - - 712
    - 10
  - - 713
    - 11
  - - 714
    - 12
  - - 715
    - 13
  - - 716
    - 10
  - - 717
    - 5
  - - 718
    - 8
  - - 719
    - 7
  - - 720
    - 9
  - - 721
    - 8
  - - 722
    - 8
  - - 723
    - 6
  - - 724
    - 5
  - - 725
    - 11
  - - 726
    - 13
  - - 727
    - 12
  - - 728
    - 17
  - - 729
    - 10
  - - 730
    - 5
  - - 731
    - 7
  - - 732
    - 8
  - - 733
    - 13
  - - 734
    - 9
  - - 735
    - 9
  - - 736
    - 4
  - - 737
    - 11
  - - 738
    - 10
  - - 739
    - 3
  - - 740
    - 10
  - - 741
    - 12
  - - 742
    - 11
  - - 743
    - 3
  - - 744
    - 7
  - - 745
    - 7
  - - 746
    - 6
  - - 747
    - 11
  - - 748
    - 11
  - - 749
    - 10
  - - 750
    - 6
  - - 751
    - 7
  - - 752
    - 4
  - - 753
    - 6
  - - 754
    - 16
  - - 755
    - 8
  - - 756
    - 6
  - - 757
    - 8
  - - 758
    - 6
  - - 759
    - 10
  - - 760
    - 4
  - - 761
    - 11
  - - 762
    - 5
  - - 763
    - 3
  - - 764
    - 5
  - - 765
    - 6
  - - 766
    - 5
  - - 767
    - 3
  - - 768
    - 7
  - - 769
    - 4
  - - 770
    - 9
  - - 771
    - 5
  - - 772
    - 5
  - - 773
    - 8
  - - 774
    - 6
  - - 775
    - 4
  - - 776
    - 8
  - - 777
    - 9
  - - 778
    - 10
  - - 779
    - 7
  - - 780
    - 8
  - - 781
    - 4
  - - 782
    - 10
  - - 783
    - 3
  - - 784
    - 5
  - - 785
    - 5
  - - 786
    - 6
  - - 787
    - 7
  - - 788
    - 6
  - - 789
    - 4
  - - 790
    - 2
  - - 791
    - 2
  - - 792
    - 4
  - - 794
    - 8
  - - 795
    - 4
  - - 796
    - 7
  - - 797
    - 5
  - - 798
    - 5
  - - 799
    - 3
  - - 800
    - 5
  - - 801
    - 6
  - - 802
    - 4
  - - 803
    - 6
  - - 804
    - 7
  - - 805
    - 5
  - - 806
    - 2
  - - 807
    - 5
  - - 808
    - 2
  - - 809
    - 5
  - - 810
    - 3
  - - 811
    - 5
  - - 812
    - 6
  - - 813
    - 5
  - - 814
    - 4
  - - 815
    - 8
  - - 816
    - 10
  - - 817
    - 3
  - - 818
    - 2
  - - 819
    - 2
  - - 820
    - 6
  - - 821
    - 4
  - - 822
    - 7
  - - 823
    - 5
  - - 824
    - 6
  - - 825
    - 5
  - - 826
    - 2
  - - 827
    - 3
  - - 828
    - 3
  - - 829
    - 1
  - - 830
    - 5
  - - 831
    - 4
  - - 832
    - 12
  - - 833
    - 3
  - - 834
    - 2
  - - 835
    - 2
  - - 836
    - 7
  - - 837
    - 7
  - - 838
    - 3
  - - 839
    - 3
  - - 841
    - 3
  - - 842
    - 3
  - - 843
    - 1
  - - 844
    - 3
  - - 845
    - 2
  - - 846
    - 6
  - - 847
    - 2
  - - 848
    - 4
  - - 849
    - 3
  - - 850
    - 1
  - - 851
    - 2
  - - 852
    - 6
  - - 853
    - 1
  - - 854
    - 2
  - - 855
    - 1
  - - 856
    - 2
  - - 857
    - 3
  - - 858
    - 2
  - - 859
    - 1
  - - 860
    - 3
  - - 861
    - 4
  - - 862
    - 2
  - - 864
    - 2
  - - 865
    - 2
  - - 866
    - 2
  - - 867
    - 5
  - - 868
    - 1
  - - 869
    - 1
  - - 870
    - 2
  - - 871
    - 1
  - - 872
    - 3
  - - 873
    - 2
  - - 874
    - 2
  - - 875
    - 4
  - - 876
    - 2
  - - 877
    - 2
  - - 878
    - 2
  - - 879
    - 1
  - - 880
    - 1
  - - 881
    - 1
  - - 882
    - 2
  - - 883
    - 3
  - - 884
    - 2
  - - 885
    - 3
  - - 887
    - 1
  - - 888
    - 5
  - - 889
    - 2
  - - 890
    - 1
  - - 891
    - 3
  - - 892
    - 2
  - - 893
    - 2
  - - 894
    - 2
  - - 895
    - 4
  - - 896
    - 3
  - - 897
    - 3
  - - 898
    - 7
  - - 899
    - 4
  - - 900
    - 3
  - - 902
    - 1
  - - 903
    - 1
  - - 904
    - 1
  - - 906
    - 1
  - - 907
    - 3
  - - 908
    - 3
  - - 909
    - 2
  - - 910
    - 5
  - - 911
    - 2
  - - 912
    - 6
  - - 913
    - 3
  - - 914
    - 3
  - - 915
    - 2
  - - 916
    - 6
  - - 917
    - 2
  - - 918
    - 1
  - - 919
    - 1
  - - 920
    - 2
  - - 922
    - 3
  - - 923
    - 1
  - - 925
    - 1
  - - 926
    - 1
  - - 929
    - 3
  - - 930
    - 1
  - - 932
    - 1
  - - 934
    - 1
  - - 936
    - 3
  - - 938
    - 2
  - - 939
    - 2
  - - 940
    - 1
  - - 941
    - 2
  - - 942
    - 2
  - - 944
    - 2
  - - 945
    - 2
  - - 948
    - 1
  - - 949
    - 3
  - - 950
    - 1
  - - 951
    - 1
  - - 952
    - 1
  - - 953
    - 2
  - - 955
    - 2
  - - 956
    - 1
  - - 957
    - 1
  - - 958
    - 2
  - - 959
    - 2
  - - 960
    - 1
  - - 961
    - 3
  - - 963
    - 2
  - - 964
    - 2
  - - 965
    - 1
  - - 966
    - 3
  - - 967
    - 1
  - - 968
    - 3
  - - 969
    - 1
  - - 970
    - 1
  - - 971
    - 2
  - - 974
    - 1
  - - 979
    - 1
  - - 980
    - 1
  - - 981
    - 1
  - - 989
    - 1
  - - 990
    - 3
  - - 992
    - 1
  - - 993
    - 4
  - - 994
    - 1
  - - 995
    - 2
  - - 996
    - 2
  - - 998
    - 1
  - - 999
    - 1
  - - 1000
    - 2
  - - 1004
    - 2
  - - 1007
    - 1
  - - 1010
    - 2
  - - 1012
    - 1
  - - 1013
    - 1
  - - 1016
    - 1
  - - 1019
    - 1
  - - 1021
    - 2
  - - 1022
    - 2
  - - 1025
    - 1
  - - 1028
    - 1
  - - 1032
    - 1
  - - 1038
    - 1
  - - 1042
    - 1
  - - 1043
    - 2
  - - 1049
    - 1
  - - 1051
    - 1
  - - 1055
    - 3
  - - 1056
    - 1
  - - 1058
    - 1
  - - 1062
    - 1
  - - 1066
    - 1
  - - 1068
    - 1
  - - 1070
    - 2
  - - 1071
    - 1
  - - 1089
    - 1
  - - 1095
    - 2
  - - 1100
    - 1
  - - 1106
    - 1
  - - 1108
    - 1
  - - 1109
    - 1
  - - 1110
    - 1
  - - 1117
    - 1
  - - 1127
    - 1
  - - 1140
    - 1
  - - 1144
    - 1
  - - 1146
    - 1
  - - 1147
    - 1
  - - 1150
    - 2
  - - 1154
    - 1
  - - 1156
    - 1
  - - 1161
    - 1
  - - 1163
    - 1
  - - 1165
    - 1
  - - 1175
    - 1
  - - 1176
    - 1
  - - 1181
    - 1
  - - 1192
    - 1
  - - 1217
    - 1
  - - 1219
    - 1
  - - 1220
    - 1
  - - 1221
    - 1
  - - 1222
    - 1
  - - 1223
    - 2
  - - 1274
    - 1
  - - 1436
    - 1
  - - 1544
    - 1
  - - 1650
    - 1
  - - 1741
    - 1
  - - 1823
    - 1
  latency_50_percentile: 93.0
  latency_95_percentile: 333.0
  latency_99_5_percentile: 703.0
  latency_99_percentile: 612.0
  max_kubedns_cpu: 741
  max_kubedns_memory: 27
  max_latency: 1.82343
  max_perfserver_cpu: 0
  max_perfserver_memory: 0
  min_latency: 0.00112
  msg: null
  ok: true
  qps: 836.188347
  queries_completed: 250928
  queries_lost: 0
  queries_sent: 250928
  run_time: 300.085502
  stddev_latency: 0.110819
params:
  max_qps: null
  pod_name: dns-perf-client-858fb7568b-vfrm4
  query_file: all-queries.txt
  run_id: 1777677741
  run_length_seconds: 300
  run_subid: 0
stderr:
- ''
stdout:
- DNS Performance Testing Tool
- Nominum Version 2.1.0.0
- ''
- '[Status] Command line: dnsperf -s 10.0.0.10 -l 300 -d /queries/all-queries.txt'
- '[Status] Sending queries (to 10.0.0.10)'
- '[Status] Started at: Fri May  1 23:22:53 2026'
- '[Status] Stopping after 300.000000 seconds'
- '[Status] Testing complete (time limit)'
- ''
- 'Statistics:'
- ''
- '  Queries sent:         250928'
- '  Queries completed:    250928 (100.00%)'
- '  Queries lost:         0 (0.00%)'
- ''
- '  Response codes:       NOERROR 30111 (12.00%), NXDOMAIN 220817 (88.00%)'
- '  Average packet size:  request 38, response 122'
- '  Run time (s):         300.085502'
- '  Queries per second:   836.188347'
- ''
- '  Average Latency (s):  0.119397 (min 0.001120, max 1.823430)'
- '  Latency StdDev (s):   0.110819'
- ''
- '  Latency histogram'
- '#histogram 0 0'
- '#histogram 1 58'
- '#histogram 2 287'
- '#histogram 3 485'
- '#histogram 4 540'
- '#histogram 5 615'
- '#histogram 6 686'
- '#histogram 7 735'
- '#histogram 8 784'
- '#histogram 9 794'
- '#histogram 10 764'
- '#histogram 11 802'
- '#histogram 12 769'
- '#histogram 13 832'
- '#histogram 14 820'
- '#histogram 15 819'
- '#histogram 16 879'
- '#histogram 17 932'
- '#histogram 18 892'
- '#histogram 19 829'
- '#histogram 20 867'
- '#histogram 21 927'
- '#histogram 22 932'
- '#histogram 23 917'
- '#histogram 24 996'
- '#histogram 25 1008'
- '#histogram 26 1062'
- '#histogram 27 1065'
- '#histogram 28 1088'
- '#histogram 29 1135'
- '#histogram 30 1074'
- '#histogram 31 1201'
- '#histogram 32 1180'
- '#histogram 33 1167'
- '#histogram 34 1237'
- '#histogram 35 1201'
- '#histogram 36 1266'
- '#histogram 37 1327'
- '#histogram 38 1311'
- '#histogram 39 1306'
- '#histogram 40 1346'
- '#histogram 41 1414'
- '#histogram 42 1358'
- '#histogram 43 1430'
- '#histogram 44 1452'
- '#histogram 45 1513'
- '#histogram 46 1486'
- '#histogram 47 1532'
- '#histogram 48 1632'
- '#histogram 49 1494'
- '#histogram 50 1536'
- '#histogram 51 1598'
- '#histogram 52 1676'
- '#histogram 53 1565'
- '#histogram 54 1662'
- '#histogram 55 1707'
- '#histogram 56 1664'
- '#histogram 57 1654'
- '#histogram 58 1678'
- '#histogram 59 1693'
- '#histogram 60 1756'
- '#histogram 61 1750'
- '#histogram 62 1759'
- '#histogram 63 1778'
- '#histogram 64 1787'
- '#histogram 65 1766'
- '#histogram 66 1819'
- '#histogram 67 1853'
- '#histogram 68 1817'
- '#histogram 69 1851'
- '#histogram 70 1801'
- '#histogram 71 1729'
- '#histogram 72 1811'
- '#histogram 73 1745'
- '#histogram 74 1856'
- '#histogram 75 1898'
- '#histogram 76 1787'
- '#histogram 77 1838'
- '#histogram 78 1822'
- '#histogram 79 1756'
- '#histogram 80 1878'
- '#histogram 81 1708'
- '#histogram 82 1710'
- '#histogram 83 1753'
- '#histogram 84 1831'
- '#histogram 85 1705'
- '#histogram 86 1749'
- '#histogram 87 1763'
- '#histogram 88 1706'
- '#histogram 89 1799'
- '#histogram 90 1774'
- '#histogram 91 1685'
- '#histogram 92 1690'
- '#histogram 93 1604'
- '#histogram 94 1648'
- '#histogram 95 1676'
- '#histogram 96 1684'
- '#histogram 97 1681'
- '#histogram 98 1495'
- '#histogram 99 1746'
- '#histogram 100 1590'
- '#histogram 101 1478'
- '#histogram 102 1599'
- '#histogram 103 1625'
- '#histogram 104 1596'
- '#histogram 105 1547'
- '#histogram 106 1534'
- '#histogram 107 1460'
- '#histogram 108 1504'
- '#histogram 109 1464'
- '#histogram 110 1394'
- '#histogram 111 1452'
- '#histogram 112 1411'
- '#histogram 113 1398'
- '#histogram 114 1374'
- '#histogram 115 1359'
- '#histogram 116 1304'
- '#histogram 117 1306'
- '#histogram 118 1282'
- '#histogram 119 1265'
- '#histogram 120 1308'
- '#histogram 121 1237'
- '#histogram 122 1244'
- '#histogram 123 1238'
- '#histogram 124 1211'
- '#histogram 125 1213'
- '#histogram 126 1150'
- '#histogram 127 1124'
- '#histogram 128 1085'
- '#histogram 129 1108'
- '#histogram 130 1093'
- '#histogram 131 1077'
- '#histogram 132 1031'
- '#histogram 133 1128'
- '#histogram 134 1052'
- '#histogram 135 983'
- '#histogram 136 1012'
- '#histogram 137 984'
- '#histogram 138 960'
- '#histogram 139 964'
- '#histogram 140 886'
- '#histogram 141 941'
- '#histogram 142 921'
- '#histogram 143 862'
- '#histogram 144 914'
- '#histogram 145 879'
- '#histogram 146 928'
- '#histogram 147 779'
- '#histogram 148 821'
- '#histogram 149 790'
- '#histogram 150 763'
- '#histogram 151 767'
- '#histogram 152 815'
- '#histogram 153 684'
- '#histogram 154 717'
- '#histogram 155 727'
- '#histogram 156 690'
- '#histogram 157 740'
- '#histogram 158 661'
- '#histogram 159 658'
- '#histogram 160 681'
- '#histogram 161 637'
- '#histogram 162 666'
- '#histogram 163 594'
- '#histogram 164 585'
- '#histogram 165 695'
- '#histogram 166 620'
- '#histogram 167 603'
- '#histogram 168 607'
- '#histogram 169 572'
- '#histogram 170 585'
- '#histogram 171 588'
- '#histogram 172 496'
- '#histogram 173 511'
- '#histogram 174 478'
- '#histogram 175 476'
- '#histogram 176 479'
- '#histogram 177 462'
- '#histogram 178 491'
- '#histogram 179 472'
- '#histogram 180 474'
- '#histogram 181 436'
- '#histogram 182 480'
- '#histogram 183 444'
- '#histogram 184 388'
- '#histogram 185 392'
- '#histogram 186 369'
- '#histogram 187 363'
- '#histogram 188 372'
- '#histogram 189 365'
- '#histogram 190 371'
- '#histogram 191 357'
- '#histogram 192 365'
- '#histogram 193 361'
- '#histogram 194 324'
- '#histogram 195 338'
- '#histogram 196 317'
- '#histogram 197 292'
- '#histogram 198 293'
- '#histogram 199 297'
- '#histogram 200 292'
- '#histogram 201 288'
- '#histogram 202 251'
- '#histogram 203 274'
- '#histogram 204 277'
- '#histogram 205 252'
- '#histogram 206 269'
- '#histogram 207 253'
- '#histogram 208 245'
- '#histogram 209 232'
- '#histogram 210 254'
- '#histogram 211 204'
- '#histogram 212 238'
- '#histogram 213 199'
- '#histogram 214 198'
- '#histogram 215 223'
- '#histogram 216 176'
- '#histogram 217 203'
- '#histogram 218 201'
- '#histogram 219 191'
- '#histogram 220 195'
- '#histogram 221 177'
- '#histogram 222 199'
- '#histogram 223 182'
- '#histogram 224 182'
- '#histogram 225 179'
- '#histogram 226 176'
- '#histogram 227 154'
- '#histogram 228 155'
- '#histogram 229 152'
- '#histogram 230 146'
- '#histogram 231 147'
- '#histogram 232 157'
- '#histogram 233 174'
- '#histogram 234 172'
- '#histogram 235 167'
- '#histogram 236 135'
- '#histogram 237 137'
- '#histogram 238 118'
- '#histogram 239 133'
- '#histogram 240 131'
- '#histogram 241 161'
- '#histogram 242 139'
- '#histogram 243 122'
- '#histogram 244 125'
- '#histogram 245 128'
- '#histogram 246 123'
- '#histogram 247 110'
- '#histogram 248 125'
- '#histogram 249 125'
- '#histogram 250 116'
- '#histogram 251 118'
- '#histogram 252 103'
- '#histogram 253 98'
- '#histogram 254 109'
- '#histogram 255 92'
- '#histogram 256 111'
- '#histogram 257 89'
- '#histogram 258 90'
- '#histogram 259 105'
- '#histogram 260 104'
- '#histogram 261 86'
- '#histogram 262 107'
- '#histogram 263 103'
- '#histogram 264 90'
- '#histogram 265 110'
- '#histogram 266 90'
- '#histogram 267 80'
- '#histogram 268 106'
- '#histogram 269 92'
- '#histogram 270 90'
- '#histogram 271 65'
- '#histogram 272 82'
- '#histogram 273 79'
- '#histogram 274 78'
- '#histogram 275 85'
- '#histogram 276 78'
- '#histogram 277 76'
- '#histogram 278 74'
- '#histogram 279 97'
- '#histogram 280 84'
- '#histogram 281 94'
- '#histogram 282 91'
- '#histogram 283 76'
- '#histogram 284 88'
- '#histogram 285 72'
- '#histogram 286 82'
- '#histogram 287 76'
- '#histogram 288 70'
- '#histogram 289 76'
- '#histogram 290 74'
- '#histogram 291 66'
- '#histogram 292 64'
- '#histogram 293 80'
- '#histogram 294 55'
- '#histogram 295 71'
- '#histogram 296 90'
- '#histogram 297 74'
- '#histogram 298 54'
- '#histogram 299 66'
- '#histogram 300 63'
- '#histogram 301 60'
- '#histogram 302 83'
- '#histogram 303 65'
- '#histogram 304 92'
- '#histogram 305 64'
- '#histogram 306 63'
- '#histogram 307 66'
- '#histogram 308 56'
- '#histogram 309 66'
- '#histogram 310 51'
- '#histogram 311 67'
- '#histogram 312 56'
- '#histogram 313 51'
- '#histogram 314 79'
- '#histogram 315 47'
- '#histogram 316 61'
- '#histogram 317 70'
- '#histogram 318 58'
- '#histogram 319 63'
- '#histogram 320 72'
- '#histogram 321 62'
- '#histogram 322 57'
- '#histogram 323 64'
- '#histogram 324 61'
- '#histogram 325 71'
- '#histogram 326 64'
- '#histogram 327 62'
- '#histogram 328 66'
- '#histogram 329 60'
- '#histogram 330 59'
- '#histogram 331 55'
- '#histogram 332 50'
- '#histogram 333 49'
- '#histogram 334 47'
- '#histogram 335 55'
- '#histogram 336 51'
- '#histogram 337 55'
- '#histogram 338 60'
- '#histogram 339 54'
- '#histogram 340 61'
- '#histogram 341 46'
- '#histogram 342 64'
- '#histogram 343 66'
- '#histogram 344 62'
- '#histogram 345 56'
- '#histogram 346 64'
- '#histogram 347 50'
- '#histogram 348 69'
- '#histogram 349 48'
- '#histogram 350 51'
- '#histogram 351 51'
- '#histogram 352 44'
- '#histogram 353 54'
- '#histogram 354 55'
- '#histogram 355 60'
- '#histogram 356 61'
- '#histogram 357 47'
- '#histogram 358 44'
- '#histogram 359 55'
- '#histogram 360 66'
- '#histogram 361 50'
- '#histogram 362 58'
- '#histogram 363 53'
- '#histogram 364 59'
- '#histogram 365 64'
- '#histogram 366 51'
- '#histogram 367 60'
- '#histogram 368 56'
- '#histogram 369 48'
- '#histogram 370 50'
- '#histogram 371 55'
- '#histogram 372 58'
- '#histogram 373 58'
- '#histogram 374 59'
- '#histogram 375 46'
- '#histogram 376 52'
- '#histogram 377 40'
- '#histogram 378 55'
- '#histogram 379 60'
- '#histogram 380 43'
- '#histogram 381 37'
- '#histogram 382 44'
- '#histogram 383 45'
- '#histogram 384 48'
- '#histogram 385 52'
- '#histogram 386 45'
- '#histogram 387 46'
- '#histogram 388 50'
- '#histogram 389 47'
- '#histogram 390 42'
- '#histogram 391 47'
- '#histogram 392 54'
- '#histogram 393 52'
- '#histogram 394 52'
- '#histogram 395 57'
- '#histogram 396 51'
- '#histogram 397 44'
- '#histogram 398 37'
- '#histogram 399 44'
- '#histogram 400 44'
- '#histogram 401 35'
- '#histogram 402 46'
- '#histogram 403 41'
- '#histogram 404 40'
- '#histogram 405 43'
- '#histogram 406 45'
- '#histogram 407 65'
- '#histogram 408 43'
- '#histogram 409 44'
- '#histogram 410 37'
- '#histogram 411 51'
- '#histogram 412 37'
- '#histogram 413 38'
- '#histogram 414 41'
- '#histogram 415 50'
- '#histogram 416 42'
- '#histogram 417 32'
- '#histogram 418 42'
- '#histogram 419 40'
- '#histogram 420 45'
- '#histogram 421 45'
- '#histogram 422 61'
- '#histogram 423 51'
- '#histogram 424 39'
- '#histogram 425 48'
- '#histogram 426 40'
- '#histogram 427 33'
- '#histogram 428 38'
- '#histogram 429 44'
- '#histogram 430 44'
- '#histogram 431 41'
- '#histogram 432 44'
- '#histogram 433 33'
- '#histogram 434 35'
- '#histogram 435 40'
- '#histogram 436 36'
- '#histogram 437 43'
- '#histogram 438 40'
- '#histogram 439 47'
- '#histogram 440 46'
- '#histogram 441 49'
- '#histogram 442 44'
- '#histogram 443 32'
- '#histogram 444 40'
- '#histogram 445 33'
- '#histogram 446 40'
- '#histogram 447 30'
- '#histogram 448 38'
- '#histogram 449 28'
- '#histogram 450 51'
- '#histogram 451 43'
- '#histogram 452 46'
- '#histogram 453 45'
- '#histogram 454 24'
- '#histogram 455 46'
- '#histogram 456 33'
- '#histogram 457 45'
- '#histogram 458 46'
- '#histogram 459 35'
- '#histogram 460 43'
- '#histogram 461 42'
- '#histogram 462 35'
- '#histogram 463 35'
- '#histogram 464 37'
- '#histogram 465 38'
- '#histogram 466 39'
- '#histogram 467 31'
- '#histogram 468 28'
- '#histogram 469 44'
- '#histogram 470 33'
- '#histogram 471 32'
- '#histogram 472 32'
- '#histogram 473 35'
- '#histogram 474 41'
- '#histogram 475 33'
- '#histogram 476 40'
- '#histogram 477 34'
- '#histogram 478 33'
- '#histogram 479 45'
- '#histogram 480 39'
- '#histogram 481 43'
- '#histogram 482 33'
- '#histogram 483 29'
- '#histogram 484 32'
- '#histogram 485 33'
- '#histogram 486 36'
- '#histogram 487 38'
- '#histogram 488 29'
- '#histogram 489 31'
- '#histogram 490 29'
- '#histogram 491 31'
- '#histogram 492 29'
- '#histogram 493 24'
- '#histogram 494 27'
- '#histogram 495 25'
- '#histogram 496 28'
- '#histogram 497 25'
- '#histogram 498 34'
- '#histogram 499 28'
- '#histogram 500 35'
- '#histogram 501 35'
- '#histogram 502 34'
- '#histogram 503 34'
- '#histogram 504 43'
- '#histogram 505 33'
- '#histogram 506 32'
- '#histogram 507 32'
- '#histogram 508 33'
- '#histogram 509 23'
- '#histogram 510 33'
- '#histogram 511 25'
- '#histogram 512 28'
- '#histogram 513 23'
- '#histogram 514 28'
- '#histogram 515 26'
- '#histogram 516 27'
- '#histogram 517 23'
- '#histogram 518 25'
- '#histogram 519 17'
- '#histogram 520 25'
- '#histogram 521 40'
- '#histogram 522 29'
- '#histogram 523 29'
- '#histogram 524 33'
- '#histogram 525 36'
- '#histogram 526 23'
- '#histogram 527 30'
- '#histogram 528 23'
- '#histogram 529 21'
- '#histogram 530 19'
- '#histogram 531 33'
- '#histogram 532 17'
- '#histogram 533 31'
- '#histogram 534 21'
- '#histogram 535 33'
- '#histogram 536 34'
- '#histogram 537 22'
- '#histogram 538 25'
- '#histogram 539 20'
- '#histogram 540 26'
- '#histogram 541 30'
- '#histogram 542 21'
- '#histogram 543 26'
- '#histogram 544 16'
- '#histogram 545 12'
- '#histogram 546 29'
- '#histogram 547 29'
- '#histogram 548 21'
- '#histogram 549 22'
- '#histogram 550 29'
- '#histogram 551 24'
- '#histogram 552 21'
- '#histogram 553 26'
- '#histogram 554 28'
- '#histogram 555 28'
- '#histogram 556 18'
- '#histogram 557 15'
- '#histogram 558 24'
- '#histogram 559 24'
- '#histogram 560 22'
- '#histogram 561 14'
- '#histogram 562 26'
- '#histogram 563 27'
- '#histogram 564 20'
- '#histogram 565 30'
- '#histogram 566 15'
- '#histogram 567 23'
- '#histogram 568 28'
- '#histogram 569 29'
- '#histogram 570 19'
- '#histogram 571 18'
- '#histogram 572 32'
- '#histogram 573 28'
- '#histogram 574 33'
- '#histogram 575 26'
- '#histogram 576 25'
- '#histogram 577 26'
- '#histogram 578 26'
- '#histogram 579 26'
- '#histogram 580 18'
- '#histogram 581 15'
- '#histogram 582 27'
- '#histogram 583 21'
- '#histogram 584 23'
- '#histogram 585 18'
- '#histogram 586 17'
- '#histogram 587 22'
- '#histogram 588 21'
- '#histogram 589 16'
- '#histogram 590 19'
- '#histogram 591 20'
- '#histogram 592 22'
- '#histogram 593 18'
- '#histogram 594 13'
- '#histogram 595 17'
- '#histogram 596 20'
- '#histogram 597 18'
- '#histogram 598 19'
- '#histogram 599 18'
- '#histogram 600 19'
- '#histogram 601 15'
- '#histogram 602 23'
- '#histogram 603 26'
- '#histogram 604 16'
- '#histogram 605 11'
- '#histogram 606 14'
- '#histogram 607 19'
- '#histogram 608 14'
- '#histogram 609 13'
- '#histogram 610 21'
- '#histogram 611 18'
- '#histogram 612 13'
- '#histogram 613 21'
- '#histogram 614 19'
- '#histogram 615 16'
- '#histogram 616 11'
- '#histogram 617 23'
- '#histogram 618 14'
- '#histogram 619 24'
- '#histogram 620 16'
- '#histogram 621 20'
- '#histogram 622 18'
- '#histogram 623 18'
- '#histogram 624 11'
- '#histogram 625 16'
- '#histogram 626 18'
- '#histogram 627 14'
- '#histogram 628 9'
- '#histogram 629 13'
- '#histogram 630 15'
- '#histogram 631 15'
- '#histogram 632 17'
- '#histogram 633 16'
- '#histogram 634 17'
- '#histogram 635 10'
- '#histogram 636 17'
- '#histogram 637 10'
- '#histogram 638 13'
- '#histogram 639 11'
- '#histogram 640 15'
- '#histogram 641 16'
- '#histogram 642 13'
- '#histogram 643 22'
- '#histogram 644 15'
- '#histogram 645 11'
- '#histogram 646 16'
- '#histogram 647 15'
- '#histogram 648 9'
- '#histogram 649 14'
- '#histogram 650 20'
- '#histogram 651 22'
- '#histogram 652 13'
- '#histogram 653 15'
- '#histogram 654 18'
- '#histogram 655 14'
- '#histogram 656 14'
- '#histogram 657 8'
- '#histogram 658 20'
- '#histogram 659 10'
- '#histogram 660 17'
- '#histogram 661 5'
- '#histogram 662 14'
- '#histogram 663 13'
- '#histogram 664 10'
- '#histogram 665 20'
- '#histogram 666 11'
- '#histogram 667 13'
- '#histogram 668 12'
- '#histogram 669 14'
- '#histogram 670 9'
- '#histogram 671 13'
- '#histogram 672 15'
- '#histogram 673 14'
- '#histogram 674 8'
- '#histogram 675 13'
- '#histogram 676 16'
- '#histogram 677 16'
- '#histogram 678 8'
- '#histogram 679 11'
- '#histogram 680 11'
- '#histogram 681 9'
- '#histogram 682 14'
- '#histogram 683 15'
- '#histogram 684 12'
- '#histogram 685 9'
- '#histogram 686 13'
- '#histogram 687 16'
- '#histogram 688 14'
- '#histogram 689 9'
- '#histogram 690 14'
- '#histogram 691 12'
- '#histogram 692 12'
- '#histogram 693 9'
- '#histogram 694 15'
- '#histogram 695 11'
- '#histogram 696 9'
- '#histogram 697 14'
- '#histogram 698 8'
- '#histogram 699 13'
- '#histogram 700 11'
- '#histogram 701 13'
- '#histogram 702 10'
- '#histogram 703 6'
- '#histogram 704 6'
- '#histogram 705 5'
- '#histogram 706 7'
- '#histogram 707 8'
- '#histogram 708 9'
- '#histogram 709 9'
- '#histogram 710 16'
- '#histogram 711 16'
- '#histogram 712 10'
- '#histogram 713 11'
- '#histogram 714 12'
- '#histogram 715 13'
- '#histogram 716 10'
- '#histogram 717 5'
- '#histogram 718 8'
- '#histogram 719 7'
- '#histogram 720 9'
- '#histogram 721 8'
- '#histogram 722 8'
- '#histogram 723 6'
- '#histogram 724 5'
- '#histogram 725 11'
- '#histogram 726 13'
- '#histogram 727 12'
- '#histogram 728 17'
- '#histogram 729 10'
- '#histogram 730 5'
- '#histogram 731 7'
- '#histogram 732 8'
- '#histogram 733 13'
- '#histogram 734 9'
- '#histogram 735 9'
- '#histogram 736 4'
- '#histogram 737 11'
- '#histogram 738 10'
- '#histogram 739 3'
- '#histogram 740 10'
- '#histogram 741 12'
- '#histogram 742 11'
- '#histogram 743 3'
- '#histogram 744 7'
- '#histogram 745 7'
- '#histogram 746 6'
- '#histogram 747 11'
- '#histogram 748 11'
- '#histogram 749 10'
- '#histogram 750 6'
- '#histogram 751 7'
- '#histogram 752 4'
- '#histogram 753 6'
- '#histogram 754 16'
- '#histogram 755 8'
- '#histogram 756 6'
- '#histogram 757 8'
- '#histogram 758 6'
- '#histogram 759 10'
- '#histogram 760 4'
- '#histogram 761 11'
- '#histogram 762 5'
- '#histogram 763 3'
- '#histogram 764 5'
- '#histogram 765 6'
- '#histogram 766 5'
- '#histogram 767 3'
- '#histogram 768 7'
- '#histogram 769 4'
- '#histogram 770 9'
- '#histogram 771 5'
- '#histogram 772 5'
- '#histogram 773 8'
- '#histogram 774 6'
- '#histogram 775 4'
- '#histogram 776 8'
- '#histogram 777 9'
- '#histogram 778 10'
- '#histogram 779 7'
- '#histogram 780 8'
- '#histogram 781 4'
- '#histogram 782 10'
- '#histogram 783 3'
- '#histogram 784 5'
- '#histogram 785 5'
- '#histogram 786 6'
- '#histogram 787 7'
- '#histogram 788 6'
- '#histogram 789 4'
- '#histogram 790 2'
- '#histogram 791 2'
- '#histogram 792 4'
- '#histogram 794 8'
- '#histogram 795 4'
- '#histogram 796 7'
- '#histogram 797 5'
- '#histogram 798 5'
- '#histogram 799 3'
- '#histogram 800 5'
- '#histogram 801 6'
- '#histogram 802 4'
- '#histogram 803 6'
- '#histogram 804 7'
- '#histogram 805 5'
- '#histogram 806 2'
- '#histogram 807 5'
- '#histogram 808 2'
- '#histogram 809 5'
- '#histogram 810 3'
- '#histogram 811 5'
- '#histogram 812 6'
- '#histogram 813 5'
- '#histogram 814 4'
- '#histogram 815 8'
- '#histogram 816 10'
- '#histogram 817 3'
- '#histogram 818 2'
- '#histogram 819 2'
- '#histogram 820 6'
- '#histogram 821 4'
- '#histogram 822 7'
- '#histogram 823 5'
- '#histogram 824 6'
- '#histogram 825 5'
- '#histogram 826 2'
- '#histogram 827 3'
- '#histogram 828 3'
- '#histogram 829 1'
- '#histogram 830 5'
- '#histogram 831 4'
- '#histogram 832 12'
- '#histogram 833 3'
- '#histogram 834 2'
- '#histogram 835 2'
- '#histogram 836 7'
- '#histogram 837 7'
- '#histogram 838 3'
- '#histogram 839 3'
- '#histogram 841 3'
- '#histogram 842 3'
- '#histogram 843 1'
- '#histogram 844 3'
- '#histogram 845 2'
- '#histogram 846 6'
- '#histogram 847 2'
- '#histogram 848 4'
- '#histogram 849 3'
- '#histogram 850 1'
- '#histogram 851 2'
- '#histogram 852 6'
- '#histogram 853 1'
- '#histogram 854 2'
- '#histogram 855 1'
- '#histogram 856 2'
- '#histogram 857 3'
- '#histogram 858 2'
- '#histogram 859 1'
- '#histogram 860 3'
- '#histogram 861 4'
- '#histogram 862 2'
- '#histogram 864 2'
- '#histogram 865 2'
- '#histogram 866 2'
- '#histogram 867 5'
- '#histogram 868 1'
- '#histogram 869 1'
- '#histogram 870 2'
- '#histogram 871 1'
- '#histogram 872 3'
- '#histogram 873 2'
- '#histogram 874 2'
- '#histogram 875 4'
- '#histogram 876 2'
- '#histogram 877 2'
- '#histogram 878 2'
- '#histogram 879 1'
- '#histogram 880 1'
- '#histogram 881 1'
- '#histogram 882 2'
- '#histogram 883 3'
- '#histogram 884 2'
- '#histogram 885 3'
- '#histogram 887 1'
- '#histogram 888 5'
- '#histogram 889 2'
- '#histogram 890 1'
- '#histogram 891 3'
- '#histogram 892 2'
- '#histogram 893 2'
- '#histogram 894 2'
- '#histogram 895 4'
- '#histogram 896 3'
- '#histogram 897 3'
- '#histogram 898 7'
- '#histogram 899 4'
- '#histogram 900 3'
- '#histogram 902 1'
- '#histogram 903 1'
- '#histogram 904 1'
- '#histogram 906 1'
- '#histogram 907 3'
- '#histogram 908 3'
- '#histogram 909 2'
- '#histogram 910 5'
- '#histogram 911 2'
- '#histogram 912 6'
- '#histogram 913 3'
- '#histogram 914 3'
- '#histogram 915 2'
- '#histogram 916 6'
- '#histogram 917 2'
- '#histogram 918 1'
- '#histogram 919 1'
- '#histogram 920 2'
- '#histogram 922 3'
- '#histogram 923 1'
- '#histogram 925 1'
- '#histogram 926 1'
- '#histogram 929 3'
- '#histogram 930 1'
- '#histogram 932 1'
- '#histogram 934 1'
- '#histogram 936 3'
- '#histogram 938 2'
- '#histogram 939 2'
- '#histogram 940 1'
- '#histogram 941 2'
- '#histogram 942 2'
- '#histogram 944 2'
- '#histogram 945 2'
- '#histogram 948 1'
- '#histogram 949 3'
- '#histogram 950 1'
- '#histogram 951 1'
- '#histogram 952 1'
- '#histogram 953 2'
- '#histogram 955 2'
- '#histogram 956 1'
- '#histogram 957 1'
- '#histogram 958 2'
- '#histogram 959 2'
- '#histogram 960 1'
- '#histogram 961 3'
- '#histogram 963 2'
- '#histogram 964 2'
- '#histogram 965 1'
- '#histogram 966 3'
- '#histogram 967 1'
- '#histogram 968 3'
- '#histogram 969 1'
- '#histogram 970 1'
- '#histogram 971 2'
- '#histogram 974 1'
- '#histogram 979 1'
- '#histogram 980 1'
- '#histogram 981 1'
- '#histogram 989 1'
- '#histogram 990 3'
- '#histogram 992 1'
- '#histogram 993 4'
- '#histogram 994 1'
- '#histogram 995 2'
- '#histogram 996 2'
- '#histogram 998 1'
- '#histogram 999 1'
- '#histogram 1000 2'
- '#histogram 1004 2'
- '#histogram 1007 1'
- '#histogram 1010 2'
- '#histogram 1012 1'
- '#histogram 1013 1'
- '#histogram 1016 1'
- '#histogram 1019 1'
- '#histogram 1021 2'
- '#histogram 1022 2'
- '#histogram 1025 1'
- '#histogram 1028 1'
- '#histogram 1032 1'
- '#histogram 1038 1'
- '#histogram 1042 1'
- '#histogram 1043 2'
- '#histogram 1049 1'
- '#histogram 1051 1'
- '#histogram 1055 3'
- '#histogram 1056 1'
- '#histogram 1058 1'
- '#histogram 1062 1'
- '#histogram 1066 1'
- '#histogram 1068 1'
- '#histogram 1070 2'
- '#histogram 1071 1'
- '#histogram 1089 1'
- '#histogram 1095 2'
- '#histogram 1100 1'
- '#histogram 1106 1'
- '#histogram 1108 1'
- '#histogram 1109 1'
- '#histogram 1110 1'
- '#histogram 1117 1'
- '#histogram 1127 1'
- '#histogram 1140 1'
- '#histogram 1144 1'
- '#histogram 1146 1'
- '#histogram 1147 1'
- '#histogram 1150 2'
- '#histogram 1154 1'
- '#histogram 1156 1'
- '#histogram 1161 1'
- '#histogram 1163 1'
- '#histogram 1165 1'
- '#histogram 1175 1'
- '#histogram 1176 1'
- '#histogram 1181 1'
- '#histogram 1192 1'
- '#histogram 1217 1'
- '#histogram 1219 1'
- '#histogram 1220 1'
- '#histogram 1221 1'
- '#histogram 1222 1'
- '#histogram 1223 2'
- '#histogram 1274 1'
- '#histogram 1436 1'
- '#histogram 1544 1'
- '#histogram 1650 1'
- '#histogram 1741 1'
- '#histogram 1823 1'
- ''
