code: 0
data:
  avg_latency: 0.154671
  histogram:
  - - 0
    - 0
  - - 13
    - 2
  - - 14
    - 4
  - - 15
    - 3
  - - 16
    - 1
  - - 17
    - 2
  - - 18
    - 3
  - - 19
    - 3
  - - 20
    - 6
  - - 21
    - 5
  - - 22
    - 3
  - - 23
    - 2
  - - 24
    - 10
  - - 25
    - 8
  - - 26
    - 10
  - - 27
    - 5
  - - 28
    - 8
  - - 29
    - 18
  - - 30
    - 26
  - - 31
    - 12
  - - 32
    - 19
  - - 33
    - 22
  - - 34
    - 11
  - - 35
    - 22
  - - 36
    - 22
  - - 37
    - 24
  - - 38
    - 23
  - - 39
    - 25
  - - 40
    - 29
  - - 41
    - 26
  - - 42
    - 35
  - - 43
    - 26
  - - 44
    - 44
  - - 45
    - 39
  - - 46
    - 49
  - - 47
    - 43
  - - 48
    - 51
  - - 49
    - 58
  - - 50
    - 61
  - - 51
    - 63
  - - 52
    - 59
  - - 53
    - 53
  - - 54
    - 79
  - - 55
    - 87
  - - 56
    - 97
  - - 57
    - 82
  - - 58
    - 115
  - - 59
    - 105
  - - 60
    - 116
  - - 61
    - 109
  - - 62
    - 121
  - - 63
    - 103
  - - 64
    - 114
  - - 65
    - 129
  - - 66
    - 163
  - - 67
    - 169
  - - 68
    - 157
  - - 69
    - 143
  - - 70
    - 153
  - - 71
    - 167
  - - 72
    - 153
  - - 73
    - 177
  - - 74
    - 180
  - - 75
    - 170
  - - 76
    - 198
  - - 77
    - 214
  - - 78
    - 189
  - - 79
    - 244
  - - 80
    - 243
  - - 81
    - 255
  - - 82
    - 278
  - - 83
    - 240
  - - 84
    - 276
  - - 85
    - 234
  - - 86
    - 283
  - - 87
    - 294
  - - 88
    - 302
  - - 89
    - 300
  - - 90
    - 330
  - - 91
    - 310
  - - 92
    - 401
  - - 93
    - 381
  - - 94
    - 359
  - - 95
    - 329
  - - 96
    - 331
  - - 97
    - 401
  - - 98
    - 410
  - - 99
    - 401
  - - 100
    - 388
  - - 101
    - 473
  - - 102
    - 458
  - - 103
    - 407
  - - 104
    - 431
  - - 105
    - 432
  - - 106
    - 394
  - - 107
    - 437
  - - 108
    - 451
  - - 109
    - 462
  - - 110
    - 444
  - - 111
    - 520
  - - 112
    - 480
  - - 113
    - 536
  - - 114
    - 539
  - - 115
    - 548
  - - 116
    - 625
  - - 117
    - 609
  - - 118
    - 586
  - - 119
    - 625
  - - 120
    - 548
  - - 121
    - 575
  - - 122
    - 570
  - - 123
    - 539
  - - 124
    - 633
  - - 125
    - 633
  - - 126
    - 644
  - - 127
    - 595
  - - 128
    - 589
  - - 129
    - 641
  - - 130
    - 656
  - - 131
    - 663
  - - 132
    - 587
  - - 133
    - 625
  - - 134
    - 602
  - - 135
    - 629
  - - 136
    - 572
  - - 137
    - 600
  - - 138
    - 619
  - - 139
    - 644
  - - 140
    - 654
  - - 141
    - 619
  - - 142
    - 660
  - - 143
    - 706
  - - 144
    - 648
  - - 145
    - 603
  - - 146
    - 570
  - - 147
    - 625
  - - 148
    - 666
  - - 149
    - 633
  - - 150
    - 649
  - - 151
    - 620
  - - 152
    - 633
  - - 153
    - 584
  - - 154
    - 592
  - - 155
    - 574
  - - 156
    - 630
  - - 157
    - 587
  - - 158
    - 627
  - - 159
    - 599
  - - 160
    - 612
  - - 161
    - 599
  - - 162
    - 540
  - - 163
    - 575
  - - 164
    - 501
  - - 165
    - 555
  - - 166
    - 562
  - - 167
    - 494
  - - 168
    - 519
  - - 169
    - 506
  - - 170
    - 495
  - - 171
    - 483
  - - 172
    - 462
  - - 173
    - 507
  - - 174
    - 465
  - - 175
    - 465
  - - 176
    - 521
  - - 177
    - 450
  - - 178
    - 449
  - - 179
    - 465
  - - 180
    - 424
  - - 181
    - 399
  - - 182
    - 461
  - - 183
    - 448
  - - 184
    - 430
  - - 185
    - 432
  - - 186
    - 389
  - - 187
    - 378
  - - 188
    - 381
  - - 189
    - 411
  - - 190
    - 386
  - - 191
    - 402
  - - 192
    - 407
  - - 193
    - 381
  - - 194
    - 409
  - - 195
    - 339
  - - 196
    - 325
  - - 197
    - 356
  - - 198
    - 367
  - - 199
    - 351
  - - 200
    - 315
  - - 201
    - 316
  - - 202
    - 287
  - - 203
    - 309
  - - 204
    - 291
  - - 205
    - 268
  - - 206
    - 318
  - - 207
    - 246
  - - 208
    - 260
  - - 209
    - 289
  - - 210
    - 302
  - - 211
    - 255
  - - 212
    - 215
  - - 213
    - 275
  - - 214
    - 233
  - - 215
    - 248
  - - 216
    - 250
  - - 217
    - 225
  - - 218
    - 229
  - - 219
    - 201
  - - 220
    - 193
  - - 221
    - 224
  - - 222
    - 191
  - - 223
    - 199
  - - 224
    - 175
  - - 225
    - 194
  - - 226
    - 202
  - - 227
    - 179
  - - 228
    - 167
  - - 229
    - 145
  - - 230
    - 160
  - - 231
    - 184
  - - 232
    - 151
  - - 233
    - 177
  - - 234
    - 181
  - - 235
    - 158
  - - 236
    - 156
  - - 237
    - 126
  - - 238
    - 147
  - - 239
    - 138
  - - 240
    - 139
  - - 241
    - 119
  - - 242
    - 103
  - - 243
    - 123
  - - 244
    - 117
  - - 245
    - 105
  - - 246
    - 100
  - - 247
    - 114
  - - 248
    - 108
  - - 249
    - 113
  - - 250
    - 108
  - - 251
    - 86
  - - 252
    - 89
  - - 253
    - 104
  - - 254
    - 82
  - - 255
    - 82
  - - 256
    - 99
  - - 257
    - 103
  - - 258
    - 87
  - - 259
    - 71
  - - 260
    - 81
  - - 261
    - 69
  - - 262
    - 111
  - - 263
    - 68
  - - 264
    - 57
  - - 265
    - 71
  - - 266
    - 87
  - - 267
    - 49
  - - 268
    - 58
  - - 269
    - 79
  - - 270
    - 55
  - - 271
    - 46
  - - 272
    - 67
  - - 273
    - 43
  - - 274
    - 70
  - - 275
    - 46
  - - 276
    - 69
  - - 277
    - 45
  - - 278
    - 44
  - - 279
    - 58
  - - 280
    - 44
  - - 281
    - 44
  - - 282
    - 50
  - - 283
    - 42
  - - 284
    - 43
  - - 285
    - 42
  - - 286
    - 42
  - - 287
    - 50
  - - 288
    - 43
  - - 289
    - 31
  - - 290
    - 28
  - - 291
    - 48
  - - 292
    - 44
  - - 293
    - 42
  - - 294
    - 33
  - - 295
    - 36
  - - 296
    - 36
  - - 297
    - 24
  - - 298
    - 30
  - - 299
    - 45
  - - 300
    - 28
  - - 301
    - 26
  - - 302
    - 40
  - - 303
    - 32
  - - 304
    - 42
  - - 305
    - 26
  - - 306
    - 28
  - - 307
    - 24
  - - 308
    - 21
  - - 309
    - 14
  - - 310
    - 18
  - - 311
    - 10
  - - 312
    - 13
  - - 313
    - 16
  - - 314
    - 15
  - - 315
    - 16
  - - 316
    - 16
  - - 317
    - 13
  - - 318
    - 10
  - - 319
    - 16
  - - 320
    - 15
  - - 321
    - 19
  - - 322
    - 17
  - - 323
    - 5
  - - 324
    - 9
  - - 325
    - 14
  - - 326
    - 19
  - - 327
    - 11
  - - 328
    - 22
  - - 329
    - 10
  - - 330
    - 14
  - - 331
    - 12
  - - 332
    - 13
  - - 333
    - 11
  - - 334
    - 12
  - - 335
    - 18
  - - 336
    - 9
  - - 337
    - 13
  - - 338
    - 10
  - - 339
    - 18
  - - 340
    - 11
  - - 341
    - 6
  - - 342
    - 5
  - - 343
    - 3
  - - 344
    - 11
  - - 345
    - 10
  - - 346
    - 11
  - - 347
    - 3
  - - 348
    - 11
  - - 349
    - 8
  - - 350
    - 7
  - - 351
    - 9
  - - 352
    - 9
  - - 353
    - 6
  - - 354
    - 5
  - - 355
    - 3
  - - 356
    - 7
  - - 357
    - 7
  - - 358
    - 2
  - - 359
    - 3
  - - 360
    - 5
  - - 361
    - 9
  - - 362
    - 2
  - - 364
    - 1
  - - 365
    - 3
  - - 366
    - 10
  - - 367
    - 11
  - - 368
    - 8
  - - 369
    - 3
  - - 370
    - 7
  - - 371
    - 6
  - - 372
    - 10
  - - 373
    - 13
  - - 374
    - 6
  - - 375
    - 5
  - - 376
    - 4
  - - 377
    - 7
  - - 378
    - 4
  - - 379
    - 8
  - - 380
    - 3
  - - 381
    - 4
  - - 383
    - 4
  - - 384
    - 3
  - - 385
    - 2
  - - 386
    - 3
  - - 388
    - 1
  - - 389
    - 1
  - - 390
    - 2
  - - 391
    - 4
  - - 392
    - 5
  - - 393
    - 3
  - - 394
    - 2
  - - 395
    - 3
  - - 396
    - 2
  - - 397
    - 2
  - - 398
    - 3
  - - 399
    - 5
  - - 400
    - 2
  - - 401
    - 3
  - - 402
    - 3
  - - 403
    - 1
  - - 404
    - 3
  - - 405
    - 2
  - - 406
    - 4
  - - 407
    - 2
  - - 408
    - 2
  - - 409
    - 1
  - - 410
    - 1
  - - 411
    - 3
  - - 413
    - 1
  - - 417
    - 1
  - - 418
    - 2
  - - 422
    - 2
  - - 425
    - 1
  - - 426
    - 1
  - - 428
    - 2
  - - 429
    - 1
  - - 433
    - 1
  - - 436
    - 1
  - - 437
    - 2
  - - 438
    - 2
  - - 444
    - 1
  - - 450
    - 2
  - - 455
    - 1
  - - 461
    - 3
  - - 462
    - 2
  - - 464
    - 2
  - - 466
    - 1
  - - 469
    - 1
  - - 475
    - 1
  - - 476
    - 1
  - - 478
    - 1
  - - 480
    - 1
  - - 481
    - 1
  - - 482
    - 2
  - - 484
    - 1
  - - 485
    - 1
  - - 490
    - 1
  - - 494
    - 1
  latency_50_percentile: 149.0
  latency_95_percentile: 251.0
  latency_99_5_percentile: 339.0
  latency_99_percentile: 310.0
  max_kubedns_cpu: 840
  max_kubedns_memory: 20
  max_latency: 0.494873
  max_perfserver_cpu: 0
  max_perfserver_memory: 0
  min_latency: 0.013146
  msg: null
  ok: true
  qps: 645.137752
  queries_completed: 77591
  queries_lost: 0
  queries_sent: 77591
  run_time: 120.270438
  stddev_latency: 0.054227
params:
  max_qps: null
  pod_name: dns-perf-client-858fb7568b-5pcpn
  query_file: all-queries.txt
  run_id: 1777614114
  run_length_seconds: 120
  run_subid: 0
stderr:
- ''
stdout:
- DNS Performance Testing Tool
- Nominum Version 2.1.0.0
- ''
- '[Status] Command line: dnsperf -s 10.0.0.10 -l 120 -d /queries/all-queries.txt'
- '[Status] Sending queries (to 10.0.0.10)'
- '[Status] Started at: Fri May  1 05:42:25 2026'
- '[Status] Stopping after 120.000000 seconds'
- '[Status] Testing complete (time limit)'
- ''
- 'Statistics:'
- ''
- '  Queries sent:         77591'
- '  Queries completed:    77591 (100.00%)'
- '  Queries lost:         0 (0.00%)'
- ''
- '  Response codes:       NOERROR 9311 (12.00%), NXDOMAIN 68280 (88.00%)'
- '  Average packet size:  request 39, response 122'
- '  Run time (s):         120.270438'
- '  Queries per second:   645.137752'
- ''
- '  Average Latency (s):  0.154671 (min 0.013146, max 0.494873)'
- '  Latency StdDev (s):   0.054227'
- ''
- '  Latency histogram'
- '#histogram 0 0'
- '#histogram 13 2'
- '#histogram 14 4'
- '#histogram 15 3'
- '#histogram 16 1'
- '#histogram 17 2'
- '#histogram 18 3'
- '#histogram 19 3'
- '#histogram 20 6'
- '#histogram 21 5'
- '#histogram 22 3'
- '#histogram 23 2'
- '#histogram 24 10'
- '#histogram 25 8'
- '#histogram 26 10'
- '#histogram 27 5'
- '#histogram 28 8'
- '#histogram 29 18'
- '#histogram 30 26'
- '#histogram 31 12'
- '#histogram 32 19'
- '#histogram 33 22'
- '#histogram 34 11'
- '#histogram 35 22'
- '#histogram 36 22'
- '#histogram 37 24'
- '#histogram 38 23'
- '#histogram 39 25'
- '#histogram 40 29'
- '#histogram 41 26'
- '#histogram 42 35'
- '#histogram 43 26'
- '#histogram 44 44'
- '#histogram 45 39'
- '#histogram 46 49'
- '#histogram 47 43'
- '#histogram 48 51'
- '#histogram 49 58'
- '#histogram 50 61'
- '#histogram 51 63'
- '#histogram 52 59'
- '#histogram 53 53'
- '#histogram 54 79'
- '#histogram 55 87'
- '#histogram 56 97'
- '#histogram 57 82'
- '#histogram 58 115'
- '#histogram 59 105'
- '#histogram 60 116'
- '#histogram 61 109'
- '#histogram 62 121'
- '#histogram 63 103'
- '#histogram 64 114'
- '#histogram 65 129'
- '#histogram 66 163'
- '#histogram 67 169'
- '#histogram 68 157'
- '#histogram 69 143'
- '#histogram 70 153'
- '#histogram 71 167'
- '#histogram 72 153'
- '#histogram 73 177'
- '#histogram 74 180'
- '#histogram 75 170'
- '#histogram 76 198'
- '#histogram 77 214'
- '#histogram 78 189'
- '#histogram 79 244'
- '#histogram 80 243'
- '#histogram 81 255'
- '#histogram 82 278'
- '#histogram 83 240'
- '#histogram 84 276'
- '#histogram 85 234'
- '#histogram 86 283'
- '#histogram 87 294'
- '#histogram 88 302'
- '#histogram 89 300'
- '#histogram 90 330'
- '#histogram 91 310'
- '#histogram 92 401'
- '#histogram 93 381'
- '#histogram 94 359'
- '#histogram 95 329'
- '#histogram 96 331'
- '#histogram 97 401'
- '#histogram 98 410'
- '#histogram 99 401'
- '#histogram 100 388'
- '#histogram 101 473'
- '#histogram 102 458'
- '#histogram 103 407'
- '#histogram 104 431'
- '#histogram 105 432'
- '#histogram 106 394'
- '#histogram 107 437'
- '#histogram 108 451'
- '#histogram 109 462'
- '#histogram 110 444'
- '#histogram 111 520'
- '#histogram 112 480'
- '#histogram 113 536'
- '#histogram 114 539'
- '#histogram 115 548'
- '#histogram 116 625'
- '#histogram 117 609'
- '#histogram 118 586'
- '#histogram 119 625'
- '#histogram 120 548'
- '#histogram 121 575'
- '#histogram 122 570'
- '#histogram 123 539'
- '#histogram 124 633'
- '#histogram 125 633'
- '#histogram 126 644'
- '#histogram 127 595'
- '#histogram 128 589'
- '#histogram 129 641'
- '#histogram 130 656'
- '#histogram 131 663'
- '#histogram 132 587'
- '#histogram 133 625'
- '#histogram 134 602'
- '#histogram 135 629'
- '#histogram 136 572'
- '#histogram 137 600'
- '#histogram 138 619'
- '#histogram 139 644'
- '#histogram 140 654'
- '#histogram 141 619'
- '#histogram 142 660'
- '#histogram 143 706'
- '#histogram 144 648'
- '#histogram 145 603'
- '#histogram 146 570'
- '#histogram 147 625'
- '#histogram 148 666'
- '#histogram 149 633'
- '#histogram 150 649'
- '#histogram 151 620'
- '#histogram 152 633'
- '#histogram 153 584'
- '#histogram 154 592'
- '#histogram 155 574'
- '#histogram 156 630'
- '#histogram 157 587'
- '#histogram 158 627'
- '#histogram 159 599'
- '#histogram 160 612'
- '#histogram 161 599'
- '#histogram 162 540'
- '#histogram 163 575'
- '#histogram 164 501'
- '#histogram 165 555'
- '#histogram 166 562'
- '#histogram 167 494'
- '#histogram 168 519'
- '#histogram 169 506'
- '#histogram 170 495'
- '#histogram 171 483'
- '#histogram 172 462'
- '#histogram 173 507'
- '#histogram 174 465'
- '#histogram 175 465'
- '#histogram 176 521'
- '#histogram 177 450'
- '#histogram 178 449'
- '#histogram 179 465'
- '#histogram 180 424'
- '#histogram 181 399'
- '#histogram 182 461'
- '#histogram 183 448'
- '#histogram 184 430'
- '#histogram 185 432'
- '#histogram 186 389'
- '#histogram 187 378'
- '#histogram 188 381'
- '#histogram 189 411'
- '#histogram 190 386'
- '#histogram 191 402'
- '#histogram 192 407'
- '#histogram 193 381'
- '#histogram 194 409'
- '#histogram 195 339'
- '#histogram 196 325'
- '#histogram 197 356'
- '#histogram 198 367'
- '#histogram 199 351'
- '#histogram 200 315'
- '#histogram 201 316'
- '#histogram 202 287'
- '#histogram 203 309'
- '#histogram 204 291'
- '#histogram 205 268'
- '#histogram 206 318'
- '#histogram 207 246'
- '#histogram 208 260'
- '#histogram 209 289'
- '#histogram 210 302'
- '#histogram 211 255'
- '#histogram 212 215'
- '#histogram 213 275'
- '#histogram 214 233'
- '#histogram 215 248'
- '#histogram 216 250'
- '#histogram 217 225'
- '#histogram 218 229'
- '#histogram 219 201'
- '#histogram 220 193'
- '#histogram 221 224'
- '#histogram 222 191'
- '#histogram 223 199'
- '#histogram 224 175'
- '#histogram 225 194'
- '#histogram 226 202'
- '#histogram 227 179'
- '#histogram 228 167'
- '#histogram 229 145'
- '#histogram 230 160'
- '#histogram 231 184'
- '#histogram 232 151'
- '#histogram 233 177'
- '#histogram 234 181'
- '#histogram 235 158'
- '#histogram 236 156'
- '#histogram 237 126'
- '#histogram 238 147'
- '#histogram 239 138'
- '#histogram 240 139'
- '#histogram 241 119'
- '#histogram 242 103'
- '#histogram 243 123'
- '#histogram 244 117'
- '#histogram 245 105'
- '#histogram 246 100'
- '#histogram 247 114'
- '#histogram 248 108'
- '#histogram 249 113'
- '#histogram 250 108'
- '#histogram 251 86'
- '#histogram 252 89'
- '#histogram 253 104'
- '#histogram 254 82'
- '#histogram 255 82'
- '#histogram 256 99'
- '#histogram 257 103'
- '#histogram 258 87'
- '#histogram 259 71'
- '#histogram 260 81'
- '#histogram 261 69'
- '#histogram 262 111'
- '#histogram 263 68'
- '#histogram 264 57'
- '#histogram 265 71'
- '#histogram 266 87'
- '#histogram 267 49'
- '#histogram 268 58'
- '#histogram 269 79'
- '#histogram 270 55'
- '#histogram 271 46'
- '#histogram 272 67'
- '#histogram 273 43'
- '#histogram 274 70'
- '#histogram 275 46'
- '#histogram 276 69'
- '#histogram 277 45'
- '#histogram 278 44'
- '#histogram 279 58'
- '#histogram 280 44'
- '#histogram 281 44'
- '#histogram 282 50'
- '#histogram 283 42'
- '#histogram 284 43'
- '#histogram 285 42'
- '#histogram 286 42'
- '#histogram 287 50'
- '#histogram 288 43'
- '#histogram 289 31'
- '#histogram 290 28'
- '#histogram 291 48'
- '#histogram 292 44'
- '#histogram 293 42'
- '#histogram 294 33'
- '#histogram 295 36'
- '#histogram 296 36'
- '#histogram 297 24'
- '#histogram 298 30'
- '#histogram 299 45'
- '#histogram 300 28'
- '#histogram 301 26'
- '#histogram 302 40'
- '#histogram 303 32'
- '#histogram 304 42'
- '#histogram 305 26'
- '#histogram 306 28'
- '#histogram 307 24'
- '#histogram 308 21'
- '#histogram 309 14'
- '#histogram 310 18'
- '#histogram 311 10'
- '#histogram 312 13'
- '#histogram 313 16'
- '#histogram 314 15'
- '#histogram 315 16'
- '#histogram 316 16'
- '#histogram 317 13'
- '#histogram 318 10'
- '#histogram 319 16'
- '#histogram 320 15'
- '#histogram 321 19'
- '#histogram 322 17'
- '#histogram 323 5'
- '#histogram 324 9'
- '#histogram 325 14'
- '#histogram 326 19'
- '#histogram 327 11'
- '#histogram 328 22'
- '#histogram 329 10'
- '#histogram 330 14'
- '#histogram 331 12'
- '#histogram 332 13'
- '#histogram 333 11'
- '#histogram 334 12'
- '#histogram 335 18'
- '#histogram 336 9'
- '#histogram 337 13'
- '#histogram 338 10'
- '#histogram 339 18'
- '#histogram 340 11'
- '#histogram 341 6'
- '#histogram 342 5'
- '#histogram 343 3'
- '#histogram 344 11'
- '#histogram 345 10'
- '#histogram 346 11'
- '#histogram 347 3'
- '#histogram 348 11'
- '#histogram 349 8'
- '#histogram 350 7'
- '#histogram 351 9'
- '#histogram 352 9'
- '#histogram 353 6'
- '#histogram 354 5'
- '#histogram 355 3'
- '#histogram 356 7'
- '#histogram 357 7'
- '#histogram 358 2'
- '#histogram 359 3'
- '#histogram 360 5'
- '#histogram 361 9'
- '#histogram 362 2'
- '#histogram 364 1'
- '#histogram 365 3'
- '#histogram 366 10'
- '#histogram 367 11'
- '#histogram 368 8'
- '#histogram 369 3'
- '#histogram 370 7'
- '#histogram 371 6'
- '#histogram 372 10'
- '#histogram 373 13'
- '#histogram 374 6'
- '#histogram 375 5'
- '#histogram 376 4'
- '#histogram 377 7'
- '#histogram 378 4'
- '#histogram 379 8'
- '#histogram 380 3'
- '#histogram 381 4'
- '#histogram 383 4'
- '#histogram 384 3'
- '#histogram 385 2'
- '#histogram 386 3'
- '#histogram 388 1'
- '#histogram 389 1'
- '#histogram 390 2'
- '#histogram 391 4'
- '#histogram 392 5'
- '#histogram 393 3'
- '#histogram 394 2'
- '#histogram 395 3'
- '#histogram 396 2'
- '#histogram 397 2'
- '#histogram 398 3'
- '#histogram 399 5'
- '#histogram 400 2'
- '#histogram 401 3'
- '#histogram 402 3'
- '#histogram 403 1'
- '#histogram 404 3'
- '#histogram 405 2'
- '#histogram 406 4'
- '#histogram 407 2'
- '#histogram 408 2'
- '#histogram 409 1'
- '#histogram 410 1'
- '#histogram 411 3'
- '#histogram 413 1'
- '#histogram 417 1'
- '#histogram 418 2'
- '#histogram 422 2'
- '#histogram 425 1'
- '#histogram 426 1'
- '#histogram 428 2'
- '#histogram 429 1'
- '#histogram 433 1'
- '#histogram 436 1'
- '#histogram 437 2'
- '#histogram 438 2'
- '#histogram 444 1'
- '#histogram 450 2'
- '#histogram 455 1'
- '#histogram 461 3'
- '#histogram 462 2'
- '#histogram 464 2'
- '#histogram 466 1'
- '#histogram 469 1'
- '#histogram 475 1'
- '#histogram 476 1'
- '#histogram 478 1'
- '#histogram 480 1'
- '#histogram 481 1'
- '#histogram 482 2'
- '#histogram 484 1'
- '#histogram 485 1'
- '#histogram 490 1'
- '#histogram 494 1'
- ''
