code: 0
data:
  avg_latency: 0.117956
  histogram:
  - - 0
    - 0
  - - 1
    - 20
  - - 2
    - 94
  - - 3
    - 137
  - - 4
    - 190
  - - 5
    - 228
  - - 6
    - 260
  - - 7
    - 282
  - - 8
    - 317
  - - 9
    - 287
  - - 10
    - 267
  - - 11
    - 333
  - - 12
    - 289
  - - 13
    - 314
  - - 14
    - 302
  - - 15
    - 296
  - - 16
    - 345
  - - 17
    - 322
  - - 18
    - 338
  - - 19
    - 392
  - - 20
    - 378
  - - 21
    - 363
  - - 22
    - 372
  - - 23
    - 431
  - - 24
    - 431
  - - 25
    - 443
  - - 26
    - 464
  - - 27
    - 446
  - - 28
    - 511
  - - 29
    - 479
  - - 30
    - 485
  - - 31
    - 530
  - - 32
    - 552
  - - 33
    - 576
  - - 34
    - 562
  - - 35
    - 553
  - - 36
    - 592
  - - 37
    - 600
  - - 38
    - 595
  - - 39
    - 628
  - - 40
    - 640
  - - 41
    - 595
  - - 42
    - 628
  - - 43
    - 693
  - - 44
    - 598
  - - 45
    - 659
  - - 46
    - 684
  - - 47
    - 732
  - - 48
    - 667
  - - 49
    - 709
  - - 50
    - 685
  - - 51
    - 726
  - - 52
    - 722
  - - 53
    - 785
  - - 54
    - 709
  - - 55
    - 751
  - - 56
    - 740
  - - 57
    - 793
  - - 58
    - 792
  - - 59
    - 746
  - - 60
    - 753
  - - 61
    - 772
  - - 62
    - 743
  - - 63
    - 850
  - - 64
    - 790
  - - 65
    - 746
  - - 66
    - 740
  - - 67
    - 763
  - - 68
    - 859
  - - 69
    - 820
  - - 70
    - 758
  - - 71
    - 769
  - - 72
    - 821
  - - 73
    - 759
  - - 74
    - 776
  - - 75
    - 798
  - - 76
    - 743
  - - 77
    - 733
  - - 78
    - 823
  - - 79
    - 788
  - - 80
    - 792
  - - 81
    - 738
  - - 82
    - 715
  - - 83
    - 697
  - - 84
    - 755
  - - 85
    - 762
  - - 86
    - 679
  - - 87
    - 764
  - - 88
    - 664
  - - 89
    - 719
  - - 90
    - 715
  - - 91
    - 767
  - - 92
    - 662
  - - 93
    - 673
  - - 94
    - 694
  - - 95
    - 696
  - - 96
    - 661
  - - 97
    - 690
  - - 98
    - 664
  - - 99
    - 645
  - - 100
    - 654
  - - 101
    - 655
  - - 102
    - 629
  - - 103
    - 611
  - - 104
    - 623
  - - 105
    - 598
  - - 106
    - 612
  - - 107
    - 556
  - - 108
    - 585
  - - 109
    - 613
  - - 110
    - 602
  - - 111
    - 556
  - - 112
    - 592
  - - 113
    - 502
  - - 114
    - 505
  - - 115
    - 538
  - - 116
    - 551
  - - 117
    - 519
  - - 118
    - 527
  - - 119
    - 464
  - - 120
    - 461
  - - 121
    - 478
  - - 122
    - 463
  - - 123
    - 468
  - - 124
    - 442
  - - 125
    - 457
  - - 126
    - 430
  - - 127
    - 449
  - - 128
    - 427
  - - 129
    - 417
  - - 130
    - 402
  - - 131
    - 444
  - - 132
    - 388
  - - 133
    - 399
  - - 134
    - 370
  - - 135
    - 342
  - - 136
    - 344
  - - 137
    - 382
  - - 138
    - 332
  - - 139
    - 343
  - - 140
    - 337
  - - 141
    - 334
  - - 142
    - 322
  - - 143
    - 313
  - - 144
    - 325
  - - 145
    - 307
  - - 146
    - 294
  - - 147
    - 285
  - - 148
    - 287
  - - 149
    - 294
  - - 150
    - 261
  - - 151
    - 236
  - - 152
    - 265
  - - 153
    - 235
  - - 154
    - 274
  - - 155
    - 258
  - - 156
    - 233
  - - 157
    - 213
  - - 158
    - 193
  - - 159
    - 246
  - - 160
    - 220
  - - 161
    - 203
  - - 162
    - 198
  - - 163
    - 216
  - - 164
    - 203
  - - 165
    - 217
  - - 166
    - 201
  - - 167
    - 200
  - - 168
    - 210
  - - 169
    - 194
  - - 170
    - 178
  - - 171
    - 171
  - - 172
    - 197
  - - 173
    - 172
  - - 174
    - 173
  - - 175
    - 194
  - - 176
    - 158
  - - 177
    - 147
  - - 178
    - 151
  - - 179
    - 159
  - - 180
    - 156
  - - 181
    - 166
  - - 182
    - 125
  - - 183
    - 145
  - - 184
    - 141
  - - 185
    - 149
  - - 186
    - 140
  - - 187
    - 135
  - - 188
    - 146
  - - 189
    - 106
  - - 190
    - 119
  - - 191
    - 100
  - - 192
    - 106
  - - 193
    - 138
  - - 194
    - 129
  - - 195
    - 116
  - - 196
    - 113
  - - 197
    - 126
  - - 198
    - 117
  - - 199
    - 106
  - - 200
    - 87
  - - 201
    - 93
  - - 202
    - 93
  - - 203
    - 103
  - - 204
    - 84
  - - 205
    - 101
  - - 206
    - 78
  - - 207
    - 90
  - - 208
    - 87
  - - 209
    - 86
  - - 210
    - 76
  - - 211
    - 88
  - - 212
    - 82
  - - 213
    - 97
  - - 214
    - 88
  - - 215
    - 70
  - - 216
    - 79
  - - 217
    - 67
  - - 218
    - 77
  - - 219
    - 75
  - - 220
    - 66
  - - 221
    - 75
  - - 222
    - 67
  - - 223
    - 61
  - - 224
    - 73
  - - 225
    - 63
  - - 226
    - 52
  - - 227
    - 61
  - - 228
    - 52
  - - 229
    - 62
  - - 230
    - 50
  - - 231
    - 52
  - - 232
    - 67
  - - 233
    - 50
  - - 234
    - 51
  - - 235
    - 50
  - - 236
    - 53
  - - 237
    - 53
  - - 238
    - 51
  - - 239
    - 48
  - - 240
    - 55
  - - 241
    - 47
  - - 242
    - 52
  - - 243
    - 59
  - - 244
    - 54
  - - 245
    - 49
  - - 246
    - 46
  - - 247
    - 43
  - - 248
    - 52
  - - 249
    - 47
  - - 250
    - 46
  - - 251
    - 42
  - - 252
    - 49
  - - 253
    - 51
  - - 254
    - 46
  - - 255
    - 46
  - - 256
    - 46
  - - 257
    - 33
  - - 258
    - 35
  - - 259
    - 28
  - - 260
    - 38
  - - 261
    - 33
  - - 262
    - 41
  - - 263
    - 40
  - - 264
    - 31
  - - 265
    - 44
  - - 266
    - 39
  - - 267
    - 41
  - - 268
    - 47
  - - 269
    - 34
  - - 270
    - 41
  - - 271
    - 34
  - - 272
    - 28
  - - 273
    - 28
  - - 274
    - 25
  - - 275
    - 36
  - - 276
    - 26
  - - 277
    - 36
  - - 278
    - 32
  - - 279
    - 31
  - - 280
    - 36
  - - 281
    - 33
  - - 282
    - 40
  - - 283
    - 27
  - - 284
    - 30
  - - 285
    - 38
  - - 286
    - 28
  - - 287
    - 43
  - - 288
    - 21
  - - 289
    - 31
  - - 290
    - 34
  - - 291
    - 44
  - - 292
    - 32
  - - 293
    - 24
  - - 294
    - 26
  - - 295
    - 27
  - - 296
    - 31
  - - 297
    - 20
  - - 298
    - 34
  - - 299
    - 43
  - - 300
    - 31
  - - 301
    - 28
  - - 302
    - 21
  - - 303
    - 22
  - - 304
    - 21
  - - 305
    - 19
  - - 306
    - 28
  - - 307
    - 30
  - - 308
    - 25
  - - 309
    - 25
  - - 310
    - 28
  - - 311
    - 27
  - - 312
    - 28
  - - 313
    - 23
  - - 314
    - 22
  - - 315
    - 30
  - - 316
    - 26
  - - 317
    - 24
  - - 318
    - 26
  - - 319
    - 28
  - - 320
    - 26
  - - 321
    - 28
  - - 322
    - 29
  - - 323
    - 19
  - - 324
    - 25
  - - 325
    - 21
  - - 326
    - 26
  - - 327
    - 28
  - - 328
    - 20
  - - 329
    - 27
  - - 330
    - 30
  - - 331
    - 22
  - - 332
    - 31
  - - 333
    - 25
  - - 334
    - 25
  - - 335
    - 30
  - - 336
    - 14
  - - 337
    - 27
  - - 338
    - 24
  - - 339
    - 28
  - - 340
    - 28
  - - 341
    - 23
  - - 342
    - 28
  - - 343
    - 15
  - - 344
    - 26
  - - 345
    - 27
  - - 346
    - 24
  - - 347
    - 22
  - - 348
    - 16
  - - 349
    - 21
  - - 350
    - 20
  - - 351
    - 25
  - - 352
    - 25
  - - 353
    - 21
  - - 354
    - 23
  - - 355
    - 13
  - - 356
    - 19
  - - 357
    - 28
  - - 358
    - 31
  - - 359
    - 13
  - - 360
    - 21
  - - 361
    - 19
  - - 362
    - 24
  - - 363
    - 12
  - - 364
    - 19
  - - 365
    - 19
  - - 366
    - 28
  - - 367
    - 19
  - - 368
    - 20
  - - 369
    - 15
  - - 370
    - 17
  - - 371
    - 20
  - - 372
    - 19
  - - 373
    - 16
  - - 374
    - 17
  - - 375
    - 28
  - - 376
    - 22
  - - 377
    - 25
  - - 378
    - 16
  - - 379
    - 19
  - - 380
    - 19
  - - 381
    - 17
  - - 382
    - 20
  - - 383
    - 19
  - - 384
    - 18
  - - 385
    - 19
  - - 386
    - 22
  - - 387
    - 22
  - - 388
    - 22
  - - 389
    - 18
  - - 390
    - 14
  - - 391
    - 19
  - - 392
    - 13
  - - 393
    - 24
  - - 394
    - 23
  - - 395
    - 14
  - - 396
    - 23
  - - 397
    - 17
  - - 398
    - 13
  - - 399
    - 17
  - - 400
    - 18
  - - 401
    - 13
  - - 402
    - 21
  - - 403
    - 23
  - - 404
    - 20
  - - 405
    - 19
  - - 406
    - 15
  - - 407
    - 19
  - - 408
    - 17
  - - 409
    - 16
  - - 410
    - 23
  - - 411
    - 9
  - - 412
    - 10
  - - 413
    - 19
  - - 414
    - 21
  - - 415
    - 18
  - - 416
    - 16
  - - 417
    - 18
  - - 418
    - 26
  - - 419
    - 16
  - - 420
    - 16
  - - 421
    - 14
  - - 422
    - 17
  - - 423
    - 17
  - - 424
    - 14
  - - 425
    - 17
  - - 426
    - 21
  - - 427
    - 12
  - - 428
    - 12
  - - 429
    - 14
  - - 430
    - 12
  - - 431
    - 17
  - - 432
    - 15
  - - 433
    - 10
  - - 434
    - 13
  - - 435
    - 11
  - - 436
    - 17
  - - 437
    - 6
  - - 438
    - 12
  - - 439
    - 16
  - - 440
    - 14
  - - 441
    - 14
  - - 442
    - 19
  - - 443
    - 15
  - - 444
    - 16
  - - 445
    - 14
  - - 446
    - 13
  - - 447
    - 14
  - - 448
    - 9
  - - 449
    - 13
  - - 450
    - 13
  - - 451
    - 13
  - - 452
    - 19
  - - 453
    - 18
  - - 454
    - 21
  - - 455
    - 14
  - - 456
    - 11
  - - 457
    - 11
  - - 458
    - 6
  - - 459
    - 15
  - - 460
    - 17
  - - 461
    - 16
  - - 462
    - 11
  - - 463
    - 20
  - - 464
    - 16
  - - 465
    - 17
  - - 466
    - 10
  - - 467
    - 11
  - - 468
    - 8
  - - 469
    - 11
  - - 470
    - 12
  - - 471
    - 9
  - - 472
    - 9
  - - 473
    - 11
  - - 474
    - 13
  - - 475
    - 12
  - - 476
    - 13
  - - 477
    - 17
  - - 478
    - 10
  - - 479
    - 9
  - - 480
    - 16
  - - 481
    - 14
  - - 482
    - 15
  - - 483
    - 10
  - - 484
    - 14
  - - 485
    - 4
  - - 486
    - 13
  - - 487
    - 16
  - - 488
    - 10
  - - 489
    - 10
  - - 490
    - 11
  - - 491
    - 9
  - - 492
    - 12
  - - 493
    - 16
  - - 494
    - 13
  - - 495
    - 5
  - - 496
    - 3
  - - 497
    - 13
  - - 498
    - 15
  - - 499
    - 7
  - - 500
    - 21
  - - 501
    - 8
  - - 502
    - 15
  - - 503
    - 9
  - - 504
    - 9
  - - 505
    - 11
  - - 506
    - 10
  - - 507
    - 23
  - - 508
    - 13
  - - 509
    - 6
  - - 510
    - 9
  - - 511
    - 8
  - - 512
    - 14
  - - 513
    - 10
  - - 514
    - 13
  - - 515
    - 5
  - - 516
    - 7
  - - 517
    - 13
  - - 518
    - 4
  - - 519
    - 7
  - - 520
    - 11
  - - 521
    - 11
  - - 522
    - 14
  - - 523
    - 12
  - - 524
    - 5
  - - 525
    - 13
  - - 526
    - 8
  - - 527
    - 10
  - - 528
    - 5
  - - 529
    - 8
  - - 530
    - 10
  - - 531
    - 11
  - - 532
    - 13
  - - 533
    - 11
  - - 534
    - 9
  - - 535
    - 4
  - - 536
    - 7
  - - 537
    - 6
  - - 538
    - 11
  - - 539
    - 16
  - - 540
    - 11
  - - 541
    - 7
  - - 542
    - 17
  - - 543
    - 5
  - - 544
    - 11
  - - 545
    - 9
  - - 546
    - 9
  - - 547
    - 10
  - - 548
    - 7
  - - 549
    - 10
  - - 550
    - 6
  - - 551
    - 10
  - - 552
    - 10
  - - 553
    - 5
  - - 554
    - 9
  - - 555
    - 8
  - - 556
    - 10
  - - 557
    - 8
  - - 558
    - 10
  - - 559
    - 11
  - - 560
    - 6
  - - 561
    - 13
  - - 562
    - 10
  - - 563
    - 7
  - - 564
    - 9
  - - 565
    - 10
  - - 566
    - 6
  - - 567
    - 7
  - - 568
    - 7
  - - 569
    - 7
  - - 570
    - 11
  - - 571
    - 7
  - - 572
    - 5
  - - 573
    - 11
  - - 574
    - 5
  - - 575
    - 14
  - - 576
    - 11
  - - 577
    - 9
  - - 578
    - 12
  - - 579
    - 8
  - - 580
    - 12
  - - 581
    - 10
  - - 582
    - 7
  - - 583
    - 7
  - - 584
    - 7
  - - 585
    - 3
  - - 586
    - 8
  - - 587
    - 10
  - - 588
    - 3
  - - 589
    - 11
  - - 590
    - 8
  - - 591
    - 8
  - - 592
    - 8
  - - 593
    - 10
  - - 594
    - 8
  - - 595
    - 9
  - - 596
    - 11
  - - 597
    - 6
  - - 598
    - 2
  - - 599
    - 8
  - - 600
    - 6
  - - 601
    - 13
  - - 602
    - 5
  - - 603
    - 5
  - - 604
    - 3
  - - 605
    - 8
  - - 606
    - 5
  - - 607
    - 12
  - - 608
    - 9
  - - 609
    - 13
  - - 610
    - 8
  - - 611
    - 14
  - - 612
    - 10
  - - 613
    - 5
  - - 614
    - 12
  - - 615
    - 6
  - - 616
    - 4
  - - 617
    - 7
  - - 618
    - 4
  - - 619
    - 6
  - - 620
    - 6
  - - 621
    - 9
  - - 622
    - 10
  - - 623
    - 4
  - - 624
    - 8
  - - 625
    - 5
  - - 626
    - 8
  - - 627
    - 12
  - - 628
    - 5
  - - 629
    - 13
  - - 630
    - 7
  - - 631
    - 5
  - - 632
    - 11
  - - 633
    - 8
  - - 634
    - 5
  - - 635
    - 10
  - - 636
    - 4
  - - 637
    - 9
  - - 638
    - 5
  - - 639
    - 5
  - - 640
    - 14
  - - 641
    - 4
  - - 642
    - 10
  - - 643
    - 12
  - - 644
    - 8
  - - 645
    - 6
  - - 646
    - 9
  - - 647
    - 9
  - - 648
    - 7
  - - 649
    - 5
  - - 650
    - 12
  - - 651
    - 10
  - - 652
    - 8
  - - 653
    - 7
  - - 654
    - 7
  - - 655
    - 9
  - - 656
    - 6
  - - 657
    - 8
  - - 658
    - 7
  - - 659
    - 8
  - - 660
    - 10
  - - 661
    - 4
  - - 662
    - 6
  - - 663
    - 7
  - - 664
    - 5
  - - 665
    - 7
  - - 666
    - 6
  - - 667
    - 5
  - - 668
    - 6
  - - 669
    - 9
  - - 670
    - 8
  - - 671
    - 9
  - - 672
    - 6
  - - 673
    - 7
  - - 674
    - 4
  - - 675
    - 5
  - - 676
    - 12
  - - 677
    - 2
  - - 678
    - 9
  - - 679
    - 6
  - - 680
    - 6
  - - 681
    - 7
  - - 682
    - 5
  - - 683
    - 9
  - - 684
    - 5
  - - 685
    - 6
  - - 686
    - 12
  - - 687
    - 7
  - - 688
    - 6
  - - 689
    - 9
  - - 690
    - 6
  - - 691
    - 7
  - - 692
    - 7
  - - 693
    - 5
  - - 694
    - 8
  - - 695
    - 11
  - - 696
    - 14
  - - 697
    - 6
  - - 698
    - 4
  - - 699
    - 3
  - - 700
    - 8
  - - 701
    - 7
  - - 702
    - 9
  - - 703
    - 3
  - - 704
    - 8
  - - 705
    - 8
  - - 706
    - 2
  - - 707
    - 5
  - - 708
    - 8
  - - 709
    - 6
  - - 710
    - 8
  - - 711
    - 7
  - - 712
    - 7
  - - 713
    - 10
  - - 714
    - 6
  - - 715
    - 8
  - - 716
    - 5
  - - 717
    - 17
  - - 718
    - 6
  - - 719
    - 6
  - - 720
    - 3
  - - 721
    - 8
  - - 722
    - 6
  - - 723
    - 4
  - - 724
    - 6
  - - 725
    - 2
  - - 726
    - 5
  - - 727
    - 9
  - - 728
    - 3
  - - 729
    - 7
  - - 730
    - 5
  - - 731
    - 4
  - - 732
    - 6
  - - 733
    - 7
  - - 734
    - 7
  - - 735
    - 5
  - - 736
    - 4
  - - 737
    - 3
  - - 738
    - 1
  - - 739
    - 8
  - - 740
    - 8
  - - 741
    - 6
  - - 742
    - 8
  - - 743
    - 3
  - - 744
    - 8
  - - 745
    - 5
  - - 746
    - 6
  - - 747
    - 3
  - - 748
    - 3
  - - 749
    - 7
  - - 750
    - 2
  - - 751
    - 6
  - - 752
    - 8
  - - 753
    - 7
  - - 754
    - 3
  - - 755
    - 5
  - - 756
    - 7
  - - 757
    - 10
  - - 758
    - 4
  - - 759
    - 4
  - - 760
    - 5
  - - 761
    - 5
  - - 762
    - 5
  - - 763
    - 5
  - - 764
    - 7
  - - 765
    - 2
  - - 766
    - 5
  - - 767
    - 3
  - - 768
    - 7
  - - 769
    - 5
  - - 770
    - 5
  - - 771
    - 4
  - - 772
    - 2
  - - 773
    - 6
  - - 774
    - 6
  - - 775
    - 5
  - - 776
    - 4
  - - 777
    - 4
  - - 778
    - 4
  - - 779
    - 2
  - - 780
    - 6
  - - 781
    - 3
  - - 782
    - 3
  - - 783
    - 9
  - - 784
    - 5
  - - 785
    - 3
  - - 786
    - 3
  - - 787
    - 6
  - - 788
    - 4
  - - 789
    - 1
  - - 790
    - 2
  - - 791
    - 2
  - - 792
    - 3
  - - 793
    - 2
  - - 794
    - 4
  - - 795
    - 4
  - - 796
    - 3
  - - 797
    - 6
  - - 798
    - 1
  - - 799
    - 3
  - - 800
    - 2
  - - 801
    - 3
  - - 802
    - 5
  - - 803
    - 3
  - - 804
    - 2
  - - 805
    - 5
  - - 806
    - 1
  - - 807
    - 5
  - - 808
    - 8
  - - 809
    - 5
  - - 810
    - 3
  - - 811
    - 2
  - - 812
    - 1
  - - 813
    - 1
  - - 814
    - 2
  - - 815
    - 2
  - - 816
    - 2
  - - 819
    - 7
  - - 820
    - 7
  - - 822
    - 2
  - - 823
    - 1
  - - 824
    - 3
  - - 825
    - 1
  - - 828
    - 2
  - - 829
    - 4
  - - 830
    - 2
  - - 831
    - 4
  - - 832
    - 2
  - - 833
    - 4
  - - 834
    - 2
  - - 835
    - 2
  - - 836
    - 2
  - - 837
    - 4
  - - 838
    - 3
  - - 839
    - 2
  - - 840
    - 4
  - - 842
    - 2
  - - 843
    - 2
  - - 846
    - 2
  - - 847
    - 4
  - - 848
    - 2
  - - 849
    - 1
  - - 851
    - 2
  - - 852
    - 3
  - - 853
    - 5
  - - 854
    - 1
  - - 855
    - 2
  - - 856
    - 1
  - - 858
    - 1
  - - 861
    - 1
  - - 862
    - 1
  - - 863
    - 2
  - - 864
    - 2
  - - 865
    - 1
  - - 866
    - 3
  - - 868
    - 3
  - - 870
    - 1
  - - 871
    - 3
  - - 874
    - 2
  - - 876
    - 3
  - - 877
    - 1
  - - 878
    - 2
  - - 879
    - 2
  - - 880
    - 2
  - - 881
    - 1
  - - 884
    - 1
  - - 885
    - 1
  - - 886
    - 1
  - - 888
    - 1
  - - 889
    - 1
  - - 892
    - 1
  - - 894
    - 1
  - - 898
    - 1
  - - 899
    - 1
  - - 900
    - 2
  - - 902
    - 1
  - - 904
    - 1
  - - 905
    - 1
  - - 906
    - 1
  - - 907
    - 1
  - - 908
    - 1
  - - 909
    - 2
  - - 910
    - 1
  - - 911
    - 1
  - - 912
    - 1
  - - 913
    - 1
  - - 917
    - 2
  - - 918
    - 1
  - - 920
    - 1
  - - 922
    - 2
  - - 923
    - 1
  - - 925
    - 1
  - - 926
    - 2
  - - 928
    - 1
  - - 930
    - 2
  - - 933
    - 1
  - - 935
    - 1
  - - 938
    - 1
  - - 939
    - 2
  - - 941
    - 2
  - - 942
    - 1
  - - 943
    - 1
  - - 944
    - 1
  - - 946
    - 2
  - - 949
    - 1
  - - 950
    - 1
  - - 951
    - 1
  - - 954
    - 1
  - - 955
    - 1
  - - 957
    - 2
  - - 958
    - 1
  - - 961
    - 1
  - - 963
    - 1
  - - 966
    - 2
  - - 967
    - 1
  - - 970
    - 2
  - - 971
    - 1
  - - 972
    - 1
  - - 975
    - 2
  - - 982
    - 2
  - - 983
    - 1
  - - 985
    - 1
  - - 988
    - 1
  - - 990
    - 1
  - - 991
    - 2
  - - 993
    - 3
  - - 994
    - 2
  - - 997
    - 1
  - - 998
    - 1
  - - 999
    - 1
  - - 1003
    - 1
  - - 1006
    - 1
  - - 1007
    - 1
  - - 1008
    - 1
  - - 1010
    - 1
  - - 1014
    - 1
  - - 1019
    - 1
  - - 1020
    - 1
  - - 1021
    - 2
  - - 1027
    - 1
  - - 1029
    - 1
  - - 1034
    - 1
  - - 1038
    - 2
  - - 1041
    - 2
  - - 1045
    - 1
  - - 1048
    - 1
  - - 1054
    - 1
  - - 1057
    - 1
  - - 1058
    - 1
  - - 1062
    - 2
  - - 1064
    - 1
  - - 1066
    - 1
  - - 1067
    - 2
  - - 1068
    - 1
  - - 1071
    - 1
  - - 1077
    - 1
  - - 1088
    - 1
  - - 1092
    - 1
  - - 1102
    - 1
  - - 1106
    - 1
  - - 1124
    - 1
  - - 1129
    - 1
  - - 1132
    - 1
  - - 1140
    - 1
  - - 1150
    - 1
  - - 1153
    - 1
  - - 1155
    - 1
  - - 1217
    - 1
  - - 1285
    - 1
  - - 1422
    - 1
  - - 1598
    - 1
  - - 1603
    - 1
  - - 1611
    - 1
  latency_50_percentile: 88.0
  latency_95_percentile: 340.0
  latency_99_5_percentile: 752.0
  latency_99_percentile: 671.4700000000012
  max_kubedns_cpu: 579
  max_kubedns_memory: 30
  max_latency: 1.611936
  max_perfserver_cpu: 0
  max_perfserver_memory: 0
  min_latency: 0.001088
  msg: null
  ok: true
  qps: 846.130368
  queries_completed: 101654
  queries_lost: 0
  queries_sent: 101654
  run_time: 120.139879
  stddev_latency: 0.117537
params:
  max_qps: null
  pod_name: dns-perf-client-858fb7568b-hcp4w
  query_file: all-queries.txt
  run_id: 1777662484
  run_length_seconds: 120
  run_subid: 0
stderr:
- ''
stdout:
- DNS Performance Testing Tool
- Nominum Version 2.1.0.0
- ''
- '[Status] Command line: dnsperf -s 10.0.0.10 -l 120 -d /queries/all-queries.txt'
- '[Status] Sending queries (to 10.0.0.10)'
- '[Status] Started at: Fri May  1 19:08:37 2026'
- '[Status] Stopping after 120.000000 seconds'
- '[Status] Testing complete (time limit)'
- ''
- 'Statistics:'
- ''
- '  Queries sent:         101654'
- '  Queries completed:    101654 (100.00%)'
- '  Queries lost:         0 (0.00%)'
- ''
- '  Response codes:       NOERROR 12198 (12.00%), NXDOMAIN 89456 (88.00%)'
- '  Average packet size:  request 38, response 122'
- '  Run time (s):         120.139879'
- '  Queries per second:   846.130368'
- ''
- '  Average Latency (s):  0.117956 (min 0.001088, max 1.611936)'
- '  Latency StdDev (s):   0.117537'
- ''
- '  Latency histogram'
- '#histogram 0 0'
- '#histogram 1 20'
- '#histogram 2 94'
- '#histogram 3 137'
- '#histogram 4 190'
- '#histogram 5 228'
- '#histogram 6 260'
- '#histogram 7 282'
- '#histogram 8 317'
- '#histogram 9 287'
- '#histogram 10 267'
- '#histogram 11 333'
- '#histogram 12 289'
- '#histogram 13 314'
- '#histogram 14 302'
- '#histogram 15 296'
- '#histogram 16 345'
- '#histogram 17 322'
- '#histogram 18 338'
- '#histogram 19 392'
- '#histogram 20 378'
- '#histogram 21 363'
- '#histogram 22 372'
- '#histogram 23 431'
- '#histogram 24 431'
- '#histogram 25 443'
- '#histogram 26 464'
- '#histogram 27 446'
- '#histogram 28 511'
- '#histogram 29 479'
- '#histogram 30 485'
- '#histogram 31 530'
- '#histogram 32 552'
- '#histogram 33 576'
- '#histogram 34 562'
- '#histogram 35 553'
- '#histogram 36 592'
- '#histogram 37 600'
- '#histogram 38 595'
- '#histogram 39 628'
- '#histogram 40 640'
- '#histogram 41 595'
- '#histogram 42 628'
- '#histogram 43 693'
- '#histogram 44 598'
- '#histogram 45 659'
- '#histogram 46 684'
- '#histogram 47 732'
- '#histogram 48 667'
- '#histogram 49 709'
- '#histogram 50 685'
- '#histogram 51 726'
- '#histogram 52 722'
- '#histogram 53 785'
- '#histogram 54 709'
- '#histogram 55 751'
- '#histogram 56 740'
- '#histogram 57 793'
- '#histogram 58 792'
- '#histogram 59 746'
- '#histogram 60 753'
- '#histogram 61 772'
- '#histogram 62 743'
- '#histogram 63 850'
- '#histogram 64 790'
- '#histogram 65 746'
- '#histogram 66 740'
- '#histogram 67 763'
- '#histogram 68 859'
- '#histogram 69 820'
- '#histogram 70 758'
- '#histogram 71 769'
- '#histogram 72 821'
- '#histogram 73 759'
- '#histogram 74 776'
- '#histogram 75 798'
- '#histogram 76 743'
- '#histogram 77 733'
- '#histogram 78 823'
- '#histogram 79 788'
- '#histogram 80 792'
- '#histogram 81 738'
- '#histogram 82 715'
- '#histogram 83 697'
- '#histogram 84 755'
- '#histogram 85 762'
- '#histogram 86 679'
- '#histogram 87 764'
- '#histogram 88 664'
- '#histogram 89 719'
- '#histogram 90 715'
- '#histogram 91 767'
- '#histogram 92 662'
- '#histogram 93 673'
- '#histogram 94 694'
- '#histogram 95 696'
- '#histogram 96 661'
- '#histogram 97 690'
- '#histogram 98 664'
- '#histogram 99 645'
- '#histogram 100 654'
- '#histogram 101 655'
- '#histogram 102 629'
- '#histogram 103 611'
- '#histogram 104 623'
- '#histogram 105 598'
- '#histogram 106 612'
- '#histogram 107 556'
- '#histogram 108 585'
- '#histogram 109 613'
- '#histogram 110 602'
- '#histogram 111 556'
- '#histogram 112 592'
- '#histogram 113 502'
- '#histogram 114 505'
- '#histogram 115 538'
- '#histogram 116 551'
- '#histogram 117 519'
- '#histogram 118 527'
- '#histogram 119 464'
- '#histogram 120 461'
- '#histogram 121 478'
- '#histogram 122 463'
- '#histogram 123 468'
- '#histogram 124 442'
- '#histogram 125 457'
- '#histogram 126 430'
- '#histogram 127 449'
- '#histogram 128 427'
- '#histogram 129 417'
- '#histogram 130 402'
- '#histogram 131 444'
- '#histogram 132 388'
- '#histogram 133 399'
- '#histogram 134 370'
- '#histogram 135 342'
- '#histogram 136 344'
- '#histogram 137 382'
- '#histogram 138 332'
- '#histogram 139 343'
- '#histogram 140 337'
- '#histogram 141 334'
- '#histogram 142 322'
- '#histogram 143 313'
- '#histogram 144 325'
- '#histogram 145 307'
- '#histogram 146 294'
- '#histogram 147 285'
- '#histogram 148 287'
- '#histogram 149 294'
- '#histogram 150 261'
- '#histogram 151 236'
- '#histogram 152 265'
- '#histogram 153 235'
- '#histogram 154 274'
- '#histogram 155 258'
- '#histogram 156 233'
- '#histogram 157 213'
- '#histogram 158 193'
- '#histogram 159 246'
- '#histogram 160 220'
- '#histogram 161 203'
- '#histogram 162 198'
- '#histogram 163 216'
- '#histogram 164 203'
- '#histogram 165 217'
- '#histogram 166 201'
- '#histogram 167 200'
- '#histogram 168 210'
- '#histogram 169 194'
- '#histogram 170 178'
- '#histogram 171 171'
- '#histogram 172 197'
- '#histogram 173 172'
- '#histogram 174 173'
- '#histogram 175 194'
- '#histogram 176 158'
- '#histogram 177 147'
- '#histogram 178 151'
- '#histogram 179 159'
- '#histogram 180 156'
- '#histogram 181 166'
- '#histogram 182 125'
- '#histogram 183 145'
- '#histogram 184 141'
- '#histogram 185 149'
- '#histogram 186 140'
- '#histogram 187 135'
- '#histogram 188 146'
- '#histogram 189 106'
- '#histogram 190 119'
- '#histogram 191 100'
- '#histogram 192 106'
- '#histogram 193 138'
- '#histogram 194 129'
- '#histogram 195 116'
- '#histogram 196 113'
- '#histogram 197 126'
- '#histogram 198 117'
- '#histogram 199 106'
- '#histogram 200 87'
- '#histogram 201 93'
- '#histogram 202 93'
- '#histogram 203 103'
- '#histogram 204 84'
- '#histogram 205 101'
- '#histogram 206 78'
- '#histogram 207 90'
- '#histogram 208 87'
- '#histogram 209 86'
- '#histogram 210 76'
- '#histogram 211 88'
- '#histogram 212 82'
- '#histogram 213 97'
- '#histogram 214 88'
- '#histogram 215 70'
- '#histogram 216 79'
- '#histogram 217 67'
- '#histogram 218 77'
- '#histogram 219 75'
- '#histogram 220 66'
- '#histogram 221 75'
- '#histogram 222 67'
- '#histogram 223 61'
- '#histogram 224 73'
- '#histogram 225 63'
- '#histogram 226 52'
- '#histogram 227 61'
- '#histogram 228 52'
- '#histogram 229 62'
- '#histogram 230 50'
- '#histogram 231 52'
- '#histogram 232 67'
- '#histogram 233 50'
- '#histogram 234 51'
- '#histogram 235 50'
- '#histogram 236 53'
- '#histogram 237 53'
- '#histogram 238 51'
- '#histogram 239 48'
- '#histogram 240 55'
- '#histogram 241 47'
- '#histogram 242 52'
- '#histogram 243 59'
- '#histogram 244 54'
- '#histogram 245 49'
- '#histogram 246 46'
- '#histogram 247 43'
- '#histogram 248 52'
- '#histogram 249 47'
- '#histogram 250 46'
- '#histogram 251 42'
- '#histogram 252 49'
- '#histogram 253 51'
- '#histogram 254 46'
- '#histogram 255 46'
- '#histogram 256 46'
- '#histogram 257 33'
- '#histogram 258 35'
- '#histogram 259 28'
- '#histogram 260 38'
- '#histogram 261 33'
- '#histogram 262 41'
- '#histogram 263 40'
- '#histogram 264 31'
- '#histogram 265 44'
- '#histogram 266 39'
- '#histogram 267 41'
- '#histogram 268 47'
- '#histogram 269 34'
- '#histogram 270 41'
- '#histogram 271 34'
- '#histogram 272 28'
- '#histogram 273 28'
- '#histogram 274 25'
- '#histogram 275 36'
- '#histogram 276 26'
- '#histogram 277 36'
- '#histogram 278 32'
- '#histogram 279 31'
- '#histogram 280 36'
- '#histogram 281 33'
- '#histogram 282 40'
- '#histogram 283 27'
- '#histogram 284 30'
- '#histogram 285 38'
- '#histogram 286 28'
- '#histogram 287 43'
- '#histogram 288 21'
- '#histogram 289 31'
- '#histogram 290 34'
- '#histogram 291 44'
- '#histogram 292 32'
- '#histogram 293 24'
- '#histogram 294 26'
- '#histogram 295 27'
- '#histogram 296 31'
- '#histogram 297 20'
- '#histogram 298 34'
- '#histogram 299 43'
- '#histogram 300 31'
- '#histogram 301 28'
- '#histogram 302 21'
- '#histogram 303 22'
- '#histogram 304 21'
- '#histogram 305 19'
- '#histogram 306 28'
- '#histogram 307 30'
- '#histogram 308 25'
- '#histogram 309 25'
- '#histogram 310 28'
- '#histogram 311 27'
- '#histogram 312 28'
- '#histogram 313 23'
- '#histogram 314 22'
- '#histogram 315 30'
- '#histogram 316 26'
- '#histogram 317 24'
- '#histogram 318 26'
- '#histogram 319 28'
- '#histogram 320 26'
- '#histogram 321 28'
- '#histogram 322 29'
- '#histogram 323 19'
- '#histogram 324 25'
- '#histogram 325 21'
- '#histogram 326 26'
- '#histogram 327 28'
- '#histogram 328 20'
- '#histogram 329 27'
- '#histogram 330 30'
- '#histogram 331 22'
- '#histogram 332 31'
- '#histogram 333 25'
- '#histogram 334 25'
- '#histogram 335 30'
- '#histogram 336 14'
- '#histogram 337 27'
- '#histogram 338 24'
- '#histogram 339 28'
- '#histogram 340 28'
- '#histogram 341 23'
- '#histogram 342 28'
- '#histogram 343 15'
- '#histogram 344 26'
- '#histogram 345 27'
- '#histogram 346 24'
- '#histogram 347 22'
- '#histogram 348 16'
- '#histogram 349 21'
- '#histogram 350 20'
- '#histogram 351 25'
- '#histogram 352 25'
- '#histogram 353 21'
- '#histogram 354 23'
- '#histogram 355 13'
- '#histogram 356 19'
- '#histogram 357 28'
- '#histogram 358 31'
- '#histogram 359 13'
- '#histogram 360 21'
- '#histogram 361 19'
- '#histogram 362 24'
- '#histogram 363 12'
- '#histogram 364 19'
- '#histogram 365 19'
- '#histogram 366 28'
- '#histogram 367 19'
- '#histogram 368 20'
- '#histogram 369 15'
- '#histogram 370 17'
- '#histogram 371 20'
- '#histogram 372 19'
- '#histogram 373 16'
- '#histogram 374 17'
- '#histogram 375 28'
- '#histogram 376 22'
- '#histogram 377 25'
- '#histogram 378 16'
- '#histogram 379 19'
- '#histogram 380 19'
- '#histogram 381 17'
- '#histogram 382 20'
- '#histogram 383 19'
- '#histogram 384 18'
- '#histogram 385 19'
- '#histogram 386 22'
- '#histogram 387 22'
- '#histogram 388 22'
- '#histogram 389 18'
- '#histogram 390 14'
- '#histogram 391 19'
- '#histogram 392 13'
- '#histogram 393 24'
- '#histogram 394 23'
- '#histogram 395 14'
- '#histogram 396 23'
- '#histogram 397 17'
- '#histogram 398 13'
- '#histogram 399 17'
- '#histogram 400 18'
- '#histogram 401 13'
- '#histogram 402 21'
- '#histogram 403 23'
- '#histogram 404 20'
- '#histogram 405 19'
- '#histogram 406 15'
- '#histogram 407 19'
- '#histogram 408 17'
- '#histogram 409 16'
- '#histogram 410 23'
- '#histogram 411 9'
- '#histogram 412 10'
- '#histogram 413 19'
- '#histogram 414 21'
- '#histogram 415 18'
- '#histogram 416 16'
- '#histogram 417 18'
- '#histogram 418 26'
- '#histogram 419 16'
- '#histogram 420 16'
- '#histogram 421 14'
- '#histogram 422 17'
- '#histogram 423 17'
- '#histogram 424 14'
- '#histogram 425 17'
- '#histogram 426 21'
- '#histogram 427 12'
- '#histogram 428 12'
- '#histogram 429 14'
- '#histogram 430 12'
- '#histogram 431 17'
- '#histogram 432 15'
- '#histogram 433 10'
- '#histogram 434 13'
- '#histogram 435 11'
- '#histogram 436 17'
- '#histogram 437 6'
- '#histogram 438 12'
- '#histogram 439 16'
- '#histogram 440 14'
- '#histogram 441 14'
- '#histogram 442 19'
- '#histogram 443 15'
- '#histogram 444 16'
- '#histogram 445 14'
- '#histogram 446 13'
- '#histogram 447 14'
- '#histogram 448 9'
- '#histogram 449 13'
- '#histogram 450 13'
- '#histogram 451 13'
- '#histogram 452 19'
- '#histogram 453 18'
- '#histogram 454 21'
- '#histogram 455 14'
- '#histogram 456 11'
- '#histogram 457 11'
- '#histogram 458 6'
- '#histogram 459 15'
- '#histogram 460 17'
- '#histogram 461 16'
- '#histogram 462 11'
- '#histogram 463 20'
- '#histogram 464 16'
- '#histogram 465 17'
- '#histogram 466 10'
- '#histogram 467 11'
- '#histogram 468 8'
- '#histogram 469 11'
- '#histogram 470 12'
- '#histogram 471 9'
- '#histogram 472 9'
- '#histogram 473 11'
- '#histogram 474 13'
- '#histogram 475 12'
- '#histogram 476 13'
- '#histogram 477 17'
- '#histogram 478 10'
- '#histogram 479 9'
- '#histogram 480 16'
- '#histogram 481 14'
- '#histogram 482 15'
- '#histogram 483 10'
- '#histogram 484 14'
- '#histogram 485 4'
- '#histogram 486 13'
- '#histogram 487 16'
- '#histogram 488 10'
- '#histogram 489 10'
- '#histogram 490 11'
- '#histogram 491 9'
- '#histogram 492 12'
- '#histogram 493 16'
- '#histogram 494 13'
- '#histogram 495 5'
- '#histogram 496 3'
- '#histogram 497 13'
- '#histogram 498 15'
- '#histogram 499 7'
- '#histogram 500 21'
- '#histogram 501 8'
- '#histogram 502 15'
- '#histogram 503 9'
- '#histogram 504 9'
- '#histogram 505 11'
- '#histogram 506 10'
- '#histogram 507 23'
- '#histogram 508 13'
- '#histogram 509 6'
- '#histogram 510 9'
- '#histogram 511 8'
- '#histogram 512 14'
- '#histogram 513 10'
- '#histogram 514 13'
- '#histogram 515 5'
- '#histogram 516 7'
- '#histogram 517 13'
- '#histogram 518 4'
- '#histogram 519 7'
- '#histogram 520 11'
- '#histogram 521 11'
- '#histogram 522 14'
- '#histogram 523 12'
- '#histogram 524 5'
- '#histogram 525 13'
- '#histogram 526 8'
- '#histogram 527 10'
- '#histogram 528 5'
- '#histogram 529 8'
- '#histogram 530 10'
- '#histogram 531 11'
- '#histogram 532 13'
- '#histogram 533 11'
- '#histogram 534 9'
- '#histogram 535 4'
- '#histogram 536 7'
- '#histogram 537 6'
- '#histogram 538 11'
- '#histogram 539 16'
- '#histogram 540 11'
- '#histogram 541 7'
- '#histogram 542 17'
- '#histogram 543 5'
- '#histogram 544 11'
- '#histogram 545 9'
- '#histogram 546 9'
- '#histogram 547 10'
- '#histogram 548 7'
- '#histogram 549 10'
- '#histogram 550 6'
- '#histogram 551 10'
- '#histogram 552 10'
- '#histogram 553 5'
- '#histogram 554 9'
- '#histogram 555 8'
- '#histogram 556 10'
- '#histogram 557 8'
- '#histogram 558 10'
- '#histogram 559 11'
- '#histogram 560 6'
- '#histogram 561 13'
- '#histogram 562 10'
- '#histogram 563 7'
- '#histogram 564 9'
- '#histogram 565 10'
- '#histogram 566 6'
- '#histogram 567 7'
- '#histogram 568 7'
- '#histogram 569 7'
- '#histogram 570 11'
- '#histogram 571 7'
- '#histogram 572 5'
- '#histogram 573 11'
- '#histogram 574 5'
- '#histogram 575 14'
- '#histogram 576 11'
- '#histogram 577 9'
- '#histogram 578 12'
- '#histogram 579 8'
- '#histogram 580 12'
- '#histogram 581 10'
- '#histogram 582 7'
- '#histogram 583 7'
- '#histogram 584 7'
- '#histogram 585 3'
- '#histogram 586 8'
- '#histogram 587 10'
- '#histogram 588 3'
- '#histogram 589 11'
- '#histogram 590 8'
- '#histogram 591 8'
- '#histogram 592 8'
- '#histogram 593 10'
- '#histogram 594 8'
- '#histogram 595 9'
- '#histogram 596 11'
- '#histogram 597 6'
- '#histogram 598 2'
- '#histogram 599 8'
- '#histogram 600 6'
- '#histogram 601 13'
- '#histogram 602 5'
- '#histogram 603 5'
- '#histogram 604 3'
- '#histogram 605 8'
- '#histogram 606 5'
- '#histogram 607 12'
- '#histogram 608 9'
- '#histogram 609 13'
- '#histogram 610 8'
- '#histogram 611 14'
- '#histogram 612 10'
- '#histogram 613 5'
- '#histogram 614 12'
- '#histogram 615 6'
- '#histogram 616 4'
- '#histogram 617 7'
- '#histogram 618 4'
- '#histogram 619 6'
- '#histogram 620 6'
- '#histogram 621 9'
- '#histogram 622 10'
- '#histogram 623 4'
- '#histogram 624 8'
- '#histogram 625 5'
- '#histogram 626 8'
- '#histogram 627 12'
- '#histogram 628 5'
- '#histogram 629 13'
- '#histogram 630 7'
- '#histogram 631 5'
- '#histogram 632 11'
- '#histogram 633 8'
- '#histogram 634 5'
- '#histogram 635 10'
- '#histogram 636 4'
- '#histogram 637 9'
- '#histogram 638 5'
- '#histogram 639 5'
- '#histogram 640 14'
- '#histogram 641 4'
- '#histogram 642 10'
- '#histogram 643 12'
- '#histogram 644 8'
- '#histogram 645 6'
- '#histogram 646 9'
- '#histogram 647 9'
- '#histogram 648 7'
- '#histogram 649 5'
- '#histogram 650 12'
- '#histogram 651 10'
- '#histogram 652 8'
- '#histogram 653 7'
- '#histogram 654 7'
- '#histogram 655 9'
- '#histogram 656 6'
- '#histogram 657 8'
- '#histogram 658 7'
- '#histogram 659 8'
- '#histogram 660 10'
- '#histogram 661 4'
- '#histogram 662 6'
- '#histogram 663 7'
- '#histogram 664 5'
- '#histogram 665 7'
- '#histogram 666 6'
- '#histogram 667 5'
- '#histogram 668 6'
- '#histogram 669 9'
- '#histogram 670 8'
- '#histogram 671 9'
- '#histogram 672 6'
- '#histogram 673 7'
- '#histogram 674 4'
- '#histogram 675 5'
- '#histogram 676 12'
- '#histogram 677 2'
- '#histogram 678 9'
- '#histogram 679 6'
- '#histogram 680 6'
- '#histogram 681 7'
- '#histogram 682 5'
- '#histogram 683 9'
- '#histogram 684 5'
- '#histogram 685 6'
- '#histogram 686 12'
- '#histogram 687 7'
- '#histogram 688 6'
- '#histogram 689 9'
- '#histogram 690 6'
- '#histogram 691 7'
- '#histogram 692 7'
- '#histogram 693 5'
- '#histogram 694 8'
- '#histogram 695 11'
- '#histogram 696 14'
- '#histogram 697 6'
- '#histogram 698 4'
- '#histogram 699 3'
- '#histogram 700 8'
- '#histogram 701 7'
- '#histogram 702 9'
- '#histogram 703 3'
- '#histogram 704 8'
- '#histogram 705 8'
- '#histogram 706 2'
- '#histogram 707 5'
- '#histogram 708 8'
- '#histogram 709 6'
- '#histogram 710 8'
- '#histogram 711 7'
- '#histogram 712 7'
- '#histogram 713 10'
- '#histogram 714 6'
- '#histogram 715 8'
- '#histogram 716 5'
- '#histogram 717 17'
- '#histogram 718 6'
- '#histogram 719 6'
- '#histogram 720 3'
- '#histogram 721 8'
- '#histogram 722 6'
- '#histogram 723 4'
- '#histogram 724 6'
- '#histogram 725 2'
- '#histogram 726 5'
- '#histogram 727 9'
- '#histogram 728 3'
- '#histogram 729 7'
- '#histogram 730 5'
- '#histogram 731 4'
- '#histogram 732 6'
- '#histogram 733 7'
- '#histogram 734 7'
- '#histogram 735 5'
- '#histogram 736 4'
- '#histogram 737 3'
- '#histogram 738 1'
- '#histogram 739 8'
- '#histogram 740 8'
- '#histogram 741 6'
- '#histogram 742 8'
- '#histogram 743 3'
- '#histogram 744 8'
- '#histogram 745 5'
- '#histogram 746 6'
- '#histogram 747 3'
- '#histogram 748 3'
- '#histogram 749 7'
- '#histogram 750 2'
- '#histogram 751 6'
- '#histogram 752 8'
- '#histogram 753 7'
- '#histogram 754 3'
- '#histogram 755 5'
- '#histogram 756 7'
- '#histogram 757 10'
- '#histogram 758 4'
- '#histogram 759 4'
- '#histogram 760 5'
- '#histogram 761 5'
- '#histogram 762 5'
- '#histogram 763 5'
- '#histogram 764 7'
- '#histogram 765 2'
- '#histogram 766 5'
- '#histogram 767 3'
- '#histogram 768 7'
- '#histogram 769 5'
- '#histogram 770 5'
- '#histogram 771 4'
- '#histogram 772 2'
- '#histogram 773 6'
- '#histogram 774 6'
- '#histogram 775 5'
- '#histogram 776 4'
- '#histogram 777 4'
- '#histogram 778 4'
- '#histogram 779 2'
- '#histogram 780 6'
- '#histogram 781 3'
- '#histogram 782 3'
- '#histogram 783 9'
- '#histogram 784 5'
- '#histogram 785 3'
- '#histogram 786 3'
- '#histogram 787 6'
- '#histogram 788 4'
- '#histogram 789 1'
- '#histogram 790 2'
- '#histogram 791 2'
- '#histogram 792 3'
- '#histogram 793 2'
- '#histogram 794 4'
- '#histogram 795 4'
- '#histogram 796 3'
- '#histogram 797 6'
- '#histogram 798 1'
- '#histogram 799 3'
- '#histogram 800 2'
- '#histogram 801 3'
- '#histogram 802 5'
- '#histogram 803 3'
- '#histogram 804 2'
- '#histogram 805 5'
- '#histogram 806 1'
- '#histogram 807 5'
- '#histogram 808 8'
- '#histogram 809 5'
- '#histogram 810 3'
- '#histogram 811 2'
- '#histogram 812 1'
- '#histogram 813 1'
- '#histogram 814 2'
- '#histogram 815 2'
- '#histogram 816 2'
- '#histogram 819 7'
- '#histogram 820 7'
- '#histogram 822 2'
- '#histogram 823 1'
- '#histogram 824 3'
- '#histogram 825 1'
- '#histogram 828 2'
- '#histogram 829 4'
- '#histogram 830 2'
- '#histogram 831 4'
- '#histogram 832 2'
- '#histogram 833 4'
- '#histogram 834 2'
- '#histogram 835 2'
- '#histogram 836 2'
- '#histogram 837 4'
- '#histogram 838 3'
- '#histogram 839 2'
- '#histogram 840 4'
- '#histogram 842 2'
- '#histogram 843 2'
- '#histogram 846 2'
- '#histogram 847 4'
- '#histogram 848 2'
- '#histogram 849 1'
- '#histogram 851 2'
- '#histogram 852 3'
- '#histogram 853 5'
- '#histogram 854 1'
- '#histogram 855 2'
- '#histogram 856 1'
- '#histogram 858 1'
- '#histogram 861 1'
- '#histogram 862 1'
- '#histogram 863 2'
- '#histogram 864 2'
- '#histogram 865 1'
- '#histogram 866 3'
- '#histogram 868 3'
- '#histogram 870 1'
- '#histogram 871 3'
- '#histogram 874 2'
- '#histogram 876 3'
- '#histogram 877 1'
- '#histogram 878 2'
- '#histogram 879 2'
- '#histogram 880 2'
- '#histogram 881 1'
- '#histogram 884 1'
- '#histogram 885 1'
- '#histogram 886 1'
- '#histogram 888 1'
- '#histogram 889 1'
- '#histogram 892 1'
- '#histogram 894 1'
- '#histogram 898 1'
- '#histogram 899 1'
- '#histogram 900 2'
- '#histogram 902 1'
- '#histogram 904 1'
- '#histogram 905 1'
- '#histogram 906 1'
- '#histogram 907 1'
- '#histogram 908 1'
- '#histogram 909 2'
- '#histogram 910 1'
- '#histogram 911 1'
- '#histogram 912 1'
- '#histogram 913 1'
- '#histogram 917 2'
- '#histogram 918 1'
- '#histogram 920 1'
- '#histogram 922 2'
- '#histogram 923 1'
- '#histogram 925 1'
- '#histogram 926 2'
- '#histogram 928 1'
- '#histogram 930 2'
- '#histogram 933 1'
- '#histogram 935 1'
- '#histogram 938 1'
- '#histogram 939 2'
- '#histogram 941 2'
- '#histogram 942 1'
- '#histogram 943 1'
- '#histogram 944 1'
- '#histogram 946 2'
- '#histogram 949 1'
- '#histogram 950 1'
- '#histogram 951 1'
- '#histogram 954 1'
- '#histogram 955 1'
- '#histogram 957 2'
- '#histogram 958 1'
- '#histogram 961 1'
- '#histogram 963 1'
- '#histogram 966 2'
- '#histogram 967 1'
- '#histogram 970 2'
- '#histogram 971 1'
- '#histogram 972 1'
- '#histogram 975 2'
- '#histogram 982 2'
- '#histogram 983 1'
- '#histogram 985 1'
- '#histogram 988 1'
- '#histogram 990 1'
- '#histogram 991 2'
- '#histogram 993 3'
- '#histogram 994 2'
- '#histogram 997 1'
- '#histogram 998 1'
- '#histogram 999 1'
- '#histogram 1003 1'
- '#histogram 1006 1'
- '#histogram 1007 1'
- '#histogram 1008 1'
- '#histogram 1010 1'
- '#histogram 1014 1'
- '#histogram 1019 1'
- '#histogram 1020 1'
- '#histogram 1021 2'
- '#histogram 1027 1'
- '#histogram 1029 1'
- '#histogram 1034 1'
- '#histogram 1038 2'
- '#histogram 1041 2'
- '#histogram 1045 1'
- '#histogram 1048 1'
- '#histogram 1054 1'
- '#histogram 1057 1'
- '#histogram 1058 1'
- '#histogram 1062 2'
- '#histogram 1064 1'
- '#histogram 1066 1'
- '#histogram 1067 2'
- '#histogram 1068 1'
- '#histogram 1071 1'
- '#histogram 1077 1'
- '#histogram 1088 1'
- '#histogram 1092 1'
- '#histogram 1102 1'
- '#histogram 1106 1'
- '#histogram 1124 1'
- '#histogram 1129 1'
- '#histogram 1132 1'
- '#histogram 1140 1'
- '#histogram 1150 1'
- '#histogram 1153 1'
- '#histogram 1155 1'
- '#histogram 1217 1'
- '#histogram 1285 1'
- '#histogram 1422 1'
- '#histogram 1598 1'
- '#histogram 1603 1'
- '#histogram 1611 1'
- ''
