code: 0
data:
  avg_latency: 0.112967
  histogram:
  - - 0
    - 0
  - - 1
    - 78
  - - 2
    - 359
  - - 3
    - 691
  - - 4
    - 941
  - - 5
    - 1129
  - - 6
    - 1259
  - - 7
    - 1280
  - - 8
    - 1294
  - - 9
    - 1379
  - - 10
    - 1451
  - - 11
    - 1423
  - - 12
    - 1494
  - - 13
    - 1588
  - - 14
    - 1700
  - - 15
    - 1636
  - - 16
    - 1766
  - - 17
    - 1802
  - - 18
    - 1796
  - - 19
    - 1785
  - - 20
    - 1954
  - - 21
    - 2012
  - - 22
    - 2161
  - - 23
    - 2145
  - - 24
    - 2184
  - - 25
    - 2337
  - - 26
    - 2406
  - - 27
    - 2502
  - - 28
    - 2514
  - - 29
    - 2591
  - - 30
    - 2662
  - - 31
    - 2694
  - - 32
    - 2725
  - - 33
    - 2868
  - - 34
    - 2920
  - - 35
    - 2941
  - - 36
    - 3029
  - - 37
    - 3057
  - - 38
    - 3160
  - - 39
    - 3183
  - - 40
    - 3372
  - - 41
    - 3514
  - - 42
    - 3428
  - - 43
    - 3340
  - - 44
    - 3478
  - - 45
    - 3531
  - - 46
    - 3645
  - - 47
    - 3678
  - - 48
    - 3653
  - - 49
    - 3710
  - - 50
    - 3698
  - - 51
    - 3716
  - - 52
    - 3957
  - - 53
    - 3945
  - - 54
    - 3916
  - - 55
    - 3914
  - - 56
    - 3927
  - - 57
    - 3987
  - - 58
    - 4069
  - - 59
    - 4164
  - - 60
    - 4222
  - - 61
    - 4074
  - - 62
    - 4111
  - - 63
    - 4034
  - - 64
    - 4056
  - - 65
    - 4206
  - - 66
    - 4156
  - - 67
    - 4171
  - - 68
    - 4062
  - - 69
    - 4167
  - - 70
    - 4151
  - - 71
    - 4129
  - - 72
    - 4243
  - - 73
    - 4194
  - - 74
    - 4072
  - - 75
    - 4026
  - - 76
    - 4060
  - - 77
    - 4071
  - - 78
    - 3955
  - - 79
    - 4000
  - - 80
    - 3944
  - - 81
    - 4025
  - - 82
    - 4035
  - - 83
    - 3897
  - - 84
    - 3895
  - - 85
    - 3921
  - - 86
    - 3848
  - - 87
    - 3719
  - - 88
    - 3671
  - - 89
    - 3715
  - - 90
    - 3801
  - - 91
    - 3680
  - - 92
    - 3781
  - - 93
    - 3635
  - - 94
    - 3614
  - - 95
    - 3636
  - - 96
    - 3579
  - - 97
    - 3473
  - - 98
    - 3563
  - - 99
    - 3457
  - - 100
    - 3429
  - - 101
    - 3318
  - - 102
    - 3206
  - - 103
    - 3378
  - - 104
    - 3176
  - - 105
    - 3292
  - - 106
    - 3189
  - - 107
    - 3032
  - - 108
    - 3002
  - - 109
    - 3001
  - - 110
    - 2836
  - - 111
    - 2959
  - - 112
    - 2842
  - - 113
    - 2830
  - - 114
    - 2766
  - - 115
    - 2658
  - - 116
    - 2635
  - - 117
    - 2627
  - - 118
    - 2584
  - - 119
    - 2634
  - - 120
    - 2565
  - - 121
    - 2418
  - - 122
    - 2384
  - - 123
    - 2344
  - - 124
    - 2338
  - - 125
    - 2295
  - - 126
    - 2271
  - - 127
    - 2167
  - - 128
    - 2210
  - - 129
    - 2097
  - - 130
    - 2092
  - - 131
    - 2022
  - - 132
    - 1963
  - - 133
    - 1998
  - - 134
    - 1953
  - - 135
    - 1885
  - - 136
    - 1858
  - - 137
    - 1882
  - - 138
    - 1697
  - - 139
    - 1733
  - - 140
    - 1736
  - - 141
    - 1772
  - - 142
    - 1657
  - - 143
    - 1678
  - - 144
    - 1671
  - - 145
    - 1603
  - - 146
    - 1590
  - - 147
    - 1490
  - - 148
    - 1584
  - - 149
    - 1443
  - - 150
    - 1473
  - - 151
    - 1396
  - - 152
    - 1385
  - - 153
    - 1368
  - - 154
    - 1447
  - - 155
    - 1361
  - - 156
    - 1322
  - - 157
    - 1230
  - - 158
    - 1209
  - - 159
    - 1290
  - - 160
    - 1206
  - - 161
    - 1209
  - - 162
    - 1134
  - - 163
    - 1184
  - - 164
    - 1180
  - - 165
    - 1039
  - - 166
    - 1050
  - - 167
    - 1059
  - - 168
    - 1049
  - - 169
    - 1041
  - - 170
    - 936
  - - 171
    - 918
  - - 172
    - 1062
  - - 173
    - 941
  - - 174
    - 894
  - - 175
    - 941
  - - 176
    - 901
  - - 177
    - 891
  - - 178
    - 778
  - - 179
    - 917
  - - 180
    - 760
  - - 181
    - 754
  - - 182
    - 773
  - - 183
    - 759
  - - 184
    - 738
  - - 185
    - 817
  - - 186
    - 722
  - - 187
    - 729
  - - 188
    - 705
  - - 189
    - 697
  - - 190
    - 666
  - - 191
    - 640
  - - 192
    - 676
  - - 193
    - 601
  - - 194
    - 647
  - - 195
    - 597
  - - 196
    - 628
  - - 197
    - 553
  - - 198
    - 620
  - - 199
    - 623
  - - 200
    - 548
  - - 201
    - 524
  - - 202
    - 569
  - - 203
    - 506
  - - 204
    - 568
  - - 205
    - 522
  - - 206
    - 472
  - - 207
    - 501
  - - 208
    - 524
  - - 209
    - 498
  - - 210
    - 496
  - - 211
    - 469
  - - 212
    - 476
  - - 213
    - 433
  - - 214
    - 430
  - - 215
    - 401
  - - 216
    - 411
  - - 217
    - 373
  - - 218
    - 398
  - - 219
    - 402
  - - 220
    - 390
  - - 221
    - 408
  - - 222
    - 340
  - - 223
    - 340
  - - 224
    - 353
  - - 225
    - 374
  - - 226
    - 380
  - - 227
    - 328
  - - 228
    - 334
  - - 229
    - 337
  - - 230
    - 318
  - - 231
    - 304
  - - 232
    - 353
  - - 233
    - 310
  - - 234
    - 305
  - - 235
    - 348
  - - 236
    - 294
  - - 237
    - 313
  - - 238
    - 300
  - - 239
    - 302
  - - 240
    - 290
  - - 241
    - 287
  - - 242
    - 280
  - - 243
    - 276
  - - 244
    - 279
  - - 245
    - 260
  - - 246
    - 269
  - - 247
    - 259
  - - 248
    - 269
  - - 249
    - 266
  - - 250
    - 271
  - - 251
    - 255
  - - 252
    - 247
  - - 253
    - 252
  - - 254
    - 227
  - - 255
    - 237
  - - 256
    - 247
  - - 257
    - 239
  - - 258
    - 229
  - - 259
    - 236
  - - 260
    - 215
  - - 261
    - 227
  - - 262
    - 231
  - - 263
    - 197
  - - 264
    - 224
  - - 265
    - 250
  - - 266
    - 192
  - - 267
    - 187
  - - 268
    - 195
  - - 269
    - 209
  - - 270
    - 164
  - - 271
    - 208
  - - 272
    - 197
  - - 273
    - 204
  - - 274
    - 193
  - - 275
    - 174
  - - 276
    - 180
  - - 277
    - 180
  - - 278
    - 186
  - - 279
    - 179
  - - 280
    - 178
  - - 281
    - 167
  - - 282
    - 188
  - - 283
    - 177
  - - 284
    - 187
  - - 285
    - 186
  - - 286
    - 182
  - - 287
    - 161
  - - 288
    - 155
  - - 289
    - 165
  - - 290
    - 167
  - - 291
    - 157
  - - 292
    - 156
  - - 293
    - 163
  - - 294
    - 187
  - - 295
    - 159
  - - 296
    - 163
  - - 297
    - 157
  - - 298
    - 183
  - - 299
    - 161
  - - 300
    - 132
  - - 301
    - 165
  - - 302
    - 143
  - - 303
    - 186
  - - 304
    - 158
  - - 305
    - 161
  - - 306
    - 157
  - - 307
    - 158
  - - 308
    - 142
  - - 309
    - 134
  - - 310
    - 177
  - - 311
    - 134
  - - 312
    - 118
  - - 313
    - 140
  - - 314
    - 135
  - - 315
    - 117
  - - 316
    - 169
  - - 317
    - 115
  - - 318
    - 144
  - - 319
    - 146
  - - 320
    - 113
  - - 321
    - 130
  - - 322
    - 152
  - - 323
    - 141
  - - 324
    - 139
  - - 325
    - 137
  - - 326
    - 130
  - - 327
    - 141
  - - 328
    - 136
  - - 329
    - 136
  - - 330
    - 148
  - - 331
    - 136
  - - 332
    - 132
  - - 333
    - 115
  - - 334
    - 124
  - - 335
    - 129
  - - 336
    - 132
  - - 337
    - 123
  - - 338
    - 100
  - - 339
    - 127
  - - 340
    - 147
  - - 341
    - 113
  - - 342
    - 118
  - - 343
    - 124
  - - 344
    - 132
  - - 345
    - 140
  - - 346
    - 91
  - - 347
    - 120
  - - 348
    - 123
  - - 349
    - 115
  - - 350
    - 126
  - - 351
    - 115
  - - 352
    - 128
  - - 353
    - 122
  - - 354
    - 137
  - - 355
    - 118
  - - 356
    - 102
  - - 357
    - 107
  - - 358
    - 113
  - - 359
    - 89
  - - 360
    - 121
  - - 361
    - 128
  - - 362
    - 98
  - - 363
    - 94
  - - 364
    - 118
  - - 365
    - 123
  - - 366
    - 132
  - - 367
    - 107
  - - 368
    - 121
  - - 369
    - 124
  - - 370
    - 118
  - - 371
    - 105
  - - 372
    - 99
  - - 373
    - 98
  - - 374
    - 118
  - - 375
    - 110
  - - 376
    - 110
  - - 377
    - 103
  - - 378
    - 106
  - - 379
    - 113
  - - 380
    - 100
  - - 381
    - 111
  - - 382
    - 103
  - - 383
    - 94
  - - 384
    - 86
  - - 385
    - 92
  - - 386
    - 87
  - - 387
    - 102
  - - 388
    - 95
  - - 389
    - 96
  - - 390
    - 98
  - - 391
    - 94
  - - 392
    - 89
  - - 393
    - 101
  - - 394
    - 114
  - - 395
    - 98
  - - 396
    - 118
  - - 397
    - 87
  - - 398
    - 100
  - - 399
    - 98
  - - 400
    - 105
  - - 401
    - 91
  - - 402
    - 95
  - - 403
    - 107
  - - 404
    - 100
  - - 405
    - 94
  - - 406
    - 89
  - - 407
    - 98
  - - 408
    - 92
  - - 409
    - 92
  - - 410
    - 87
  - - 411
    - 94
  - - 412
    - 73
  - - 413
    - 88
  - - 414
    - 91
  - - 415
    - 96
  - - 416
    - 104
  - - 417
    - 79
  - - 418
    - 105
  - - 419
    - 82
  - - 420
    - 83
  - - 421
    - 103
  - - 422
    - 73
  - - 423
    - 108
  - - 424
    - 89
  - - 425
    - 73
  - - 426
    - 70
  - - 427
    - 94
  - - 428
    - 71
  - - 429
    - 78
  - - 430
    - 91
  - - 431
    - 79
  - - 432
    - 87
  - - 433
    - 82
  - - 434
    - 81
  - - 435
    - 62
  - - 436
    - 91
  - - 437
    - 82
  - - 438
    - 92
  - - 439
    - 76
  - - 440
    - 78
  - - 441
    - 77
  - - 442
    - 83
  - - 443
    - 68
  - - 444
    - 96
  - - 445
    - 62
  - - 446
    - 65
  - - 447
    - 79
  - - 448
    - 76
  - - 449
    - 78
  - - 450
    - 83
  - - 451
    - 56
  - - 452
    - 67
  - - 453
    - 83
  - - 454
    - 70
  - - 455
    - 80
  - - 456
    - 76
  - - 457
    - 67
  - - 458
    - 76
  - - 459
    - 79
  - - 460
    - 79
  - - 461
    - 69
  - - 462
    - 63
  - - 463
    - 66
  - - 464
    - 79
  - - 465
    - 80
  - - 466
    - 69
  - - 467
    - 64
  - - 468
    - 66
  - - 469
    - 70
  - - 470
    - 63
  - - 471
    - 67
  - - 472
    - 63
  - - 473
    - 73
  - - 474
    - 54
  - - 475
    - 51
  - - 476
    - 79
  - - 477
    - 67
  - - 478
    - 59
  - - 479
    - 73
  - - 480
    - 51
  - - 481
    - 61
  - - 482
    - 61
  - - 483
    - 50
  - - 484
    - 56
  - - 485
    - 58
  - - 486
    - 55
  - - 487
    - 59
  - - 488
    - 48
  - - 489
    - 69
  - - 490
    - 59
  - - 491
    - 62
  - - 492
    - 68
  - - 493
    - 46
  - - 494
    - 61
  - - 495
    - 65
  - - 496
    - 61
  - - 497
    - 64
  - - 498
    - 54
  - - 499
    - 49
  - - 500
    - 56
  - - 501
    - 55
  - - 502
    - 63
  - - 503
    - 45
  - - 504
    - 56
  - - 505
    - 56
  - - 506
    - 54
  - - 507
    - 63
  - - 508
    - 54
  - - 509
    - 52
  - - 510
    - 61
  - - 511
    - 42
  - - 512
    - 41
  - - 513
    - 46
  - - 514
    - 54
  - - 515
    - 41
  - - 516
    - 39
  - - 517
    - 52
  - - 518
    - 54
  - - 519
    - 47
  - - 520
    - 47
  - - 521
    - 46
  - - 522
    - 50
  - - 523
    - 40
  - - 524
    - 49
  - - 525
    - 43
  - - 526
    - 51
  - - 527
    - 42
  - - 528
    - 47
  - - 529
    - 46
  - - 530
    - 35
  - - 531
    - 46
  - - 532
    - 35
  - - 533
    - 45
  - - 534
    - 45
  - - 535
    - 33
  - - 536
    - 45
  - - 537
    - 46
  - - 538
    - 42
  - - 539
    - 45
  - - 540
    - 46
  - - 541
    - 52
  - - 542
    - 49
  - - 543
    - 45
  - - 544
    - 24
  - - 545
    - 40
  - - 546
    - 47
  - - 547
    - 31
  - - 548
    - 30
  - - 549
    - 30
  - - 550
    - 42
  - - 551
    - 45
  - - 552
    - 39
  - - 553
    - 51
  - - 554
    - 51
  - - 555
    - 43
  - - 556
    - 38
  - - 557
    - 45
  - - 558
    - 35
  - - 559
    - 42
  - - 560
    - 36
  - - 561
    - 31
  - - 562
    - 34
  - - 563
    - 23
  - - 564
    - 34
  - - 565
    - 38
  - - 566
    - 39
  - - 567
    - 23
  - - 568
    - 35
  - - 569
    - 30
  - - 570
    - 46
  - - 571
    - 32
  - - 572
    - 32
  - - 573
    - 31
  - - 574
    - 34
  - - 575
    - 34
  - - 576
    - 36
  - - 577
    - 29
  - - 578
    - 23
  - - 579
    - 28
  - - 580
    - 30
  - - 581
    - 31
  - - 582
    - 32
  - - 583
    - 31
  - - 584
    - 38
  - - 585
    - 22
  - - 586
    - 25
  - - 587
    - 37
  - - 588
    - 44
  - - 589
    - 28
  - - 590
    - 33
  - - 591
    - 34
  - - 592
    - 29
  - - 593
    - 26
  - - 594
    - 31
  - - 595
    - 23
  - - 596
    - 31
  - - 597
    - 29
  - - 598
    - 33
  - - 599
    - 28
  - - 600
    - 33
  - - 601
    - 23
  - - 602
    - 23
  - - 603
    - 33
  - - 604
    - 27
  - - 605
    - 23
  - - 606
    - 25
  - - 607
    - 22
  - - 608
    - 27
  - - 609
    - 33
  - - 610
    - 16
  - - 611
    - 29
  - - 612
    - 20
  - - 613
    - 33
  - - 614
    - 30
  - - 615
    - 29
  - - 616
    - 25
  - - 617
    - 38
  - - 618
    - 41
  - - 619
    - 37
  - - 620
    - 28
  - - 621
    - 20
  - - 622
    - 25
  - - 623
    - 32
  - - 624
    - 30
  - - 625
    - 23
  - - 626
    - 26
  - - 627
    - 30
  - - 628
    - 29
  - - 629
    - 26
  - - 630
    - 32
  - - 631
    - 31
  - - 632
    - 24
  - - 633
    - 27
  - - 634
    - 21
  - - 635
    - 18
  - - 636
    - 31
  - - 637
    - 18
  - - 638
    - 25
  - - 639
    - 28
  - - 640
    - 21
  - - 641
    - 12
  - - 642
    - 24
  - - 643
    - 18
  - - 644
    - 30
  - - 645
    - 13
  - - 646
    - 18
  - - 647
    - 21
  - - 648
    - 17
  - - 649
    - 28
  - - 650
    - 16
  - - 651
    - 22
  - - 652
    - 22
  - - 653
    - 24
  - - 654
    - 18
  - - 655
    - 21
  - - 656
    - 24
  - - 657
    - 12
  - - 658
    - 19
  - - 659
    - 24
  - - 660
    - 14
  - - 661
    - 25
  - - 662
    - 17
  - - 663
    - 21
  - - 664
    - 18
  - - 665
    - 18
  - - 666
    - 17
  - - 667
    - 17
  - - 668
    - 14
  - - 669
    - 14
  - - 670
    - 25
  - - 671
    - 22
  - - 672
    - 15
  - - 673
    - 29
  - - 674
    - 22
  - - 675
    - 13
  - - 676
    - 16
  - - 677
    - 17
  - - 678
    - 17
  - - 679
    - 22
  - - 680
    - 28
  - - 681
    - 11
  - - 682
    - 17
  - - 683
    - 17
  - - 684
    - 27
  - - 685
    - 11
  - - 686
    - 13
  - - 687
    - 12
  - - 688
    - 12
  - - 689
    - 12
  - - 690
    - 9
  - - 691
    - 17
  - - 692
    - 12
  - - 693
    - 20
  - - 694
    - 18
  - - 695
    - 17
  - - 696
    - 14
  - - 697
    - 10
  - - 698
    - 14
  - - 699
    - 16
  - - 700
    - 12
  - - 701
    - 12
  - - 702
    - 9
  - - 703
    - 14
  - - 704
    - 18
  - - 705
    - 19
  - - 706
    - 17
  - - 707
    - 23
  - - 708
    - 11
  - - 709
    - 15
  - - 710
    - 8
  - - 711
    - 15
  - - 712
    - 11
  - - 713
    - 16
  - - 714
    - 13
  - - 715
    - 10
  - - 716
    - 17
  - - 717
    - 17
  - - 718
    - 17
  - - 719
    - 13
  - - 720
    - 11
  - - 721
    - 12
  - - 722
    - 12
  - - 723
    - 9
  - - 724
    - 13
  - - 725
    - 14
  - - 726
    - 16
  - - 727
    - 10
  - - 728
    - 16
  - - 729
    - 22
  - - 730
    - 6
  - - 731
    - 9
  - - 732
    - 11
  - - 733
    - 14
  - - 734
    - 17
  - - 735
    - 8
  - - 736
    - 14
  - - 737
    - 13
  - - 738
    - 9
  - - 739
    - 13
  - - 740
    - 11
  - - 741
    - 8
  - - 742
    - 12
  - - 743
    - 12
  - - 744
    - 10
  - - 745
    - 13
  - - 746
    - 7
  - - 747
    - 18
  - - 748
    - 9
  - - 749
    - 12
  - - 750
    - 8
  - - 751
    - 8
  - - 752
    - 9
  - - 753
    - 8
  - - 754
    - 9
  - - 755
    - 5
  - - 756
    - 11
  - - 757
    - 11
  - - 758
    - 8
  - - 759
    - 10
  - - 760
    - 6
  - - 761
    - 5
  - - 762
    - 15
  - - 763
    - 10
  - - 764
    - 9
  - - 765
    - 6
  - - 766
    - 6
  - - 767
    - 14
  - - 768
    - 15
  - - 769
    - 7
  - - 770
    - 6
  - - 771
    - 13
  - - 772
    - 11
  - - 773
    - 13
  - - 774
    - 9
  - - 775
    - 11
  - - 776
    - 13
  - - 777
    - 9
  - - 778
    - 8
  - - 779
    - 3
  - - 780
    - 8
  - - 781
    - 12
  - - 782
    - 6
  - - 783
    - 6
  - - 784
    - 6
  - - 785
    - 8
  - - 786
    - 7
  - - 787
    - 7
  - - 788
    - 8
  - - 789
    - 8
  - - 790
    - 8
  - - 791
    - 5
  - - 792
    - 9
  - - 793
    - 9
  - - 794
    - 11
  - - 795
    - 8
  - - 796
    - 5
  - - 797
    - 5
  - - 798
    - 2
  - - 799
    - 13
  - - 800
    - 9
  - - 801
    - 7
  - - 802
    - 7
  - - 803
    - 8
  - - 804
    - 6
  - - 805
    - 5
  - - 806
    - 9
  - - 807
    - 4
  - - 808
    - 10
  - - 809
    - 3
  - - 810
    - 2
  - - 811
    - 6
  - - 812
    - 2
  - - 813
    - 5
  - - 815
    - 6
  - - 816
    - 9
  - - 817
    - 3
  - - 818
    - 3
  - - 819
    - 4
  - - 820
    - 5
  - - 821
    - 5
  - - 822
    - 4
  - - 823
    - 5
  - - 824
    - 8
  - - 825
    - 4
  - - 826
    - 5
  - - 827
    - 3
  - - 828
    - 6
  - - 829
    - 4
  - - 830
    - 3
  - - 831
    - 6
  - - 832
    - 5
  - - 833
    - 3
  - - 834
    - 5
  - - 835
    - 6
  - - 836
    - 5
  - - 837
    - 6
  - - 838
    - 6
  - - 839
    - 1
  - - 840
    - 5
  - - 841
    - 3
  - - 842
    - 5
  - - 843
    - 2
  - - 844
    - 4
  - - 845
    - 7
  - - 846
    - 2
  - - 847
    - 3
  - - 848
    - 3
  - - 849
    - 5
  - - 850
    - 4
  - - 851
    - 7
  - - 852
    - 6
  - - 853
    - 2
  - - 854
    - 1
  - - 855
    - 3
  - - 856
    - 8
  - - 857
    - 3
  - - 858
    - 4
  - - 859
    - 3
  - - 860
    - 1
  - - 861
    - 11
  - - 862
    - 4
  - - 863
    - 3
  - - 864
    - 5
  - - 865
    - 4
  - - 866
    - 3
  - - 867
    - 1
  - - 868
    - 5
  - - 869
    - 2
  - - 870
    - 1
  - - 871
    - 3
  - - 873
    - 4
  - - 874
    - 4
  - - 875
    - 2
  - - 876
    - 3
  - - 877
    - 4
  - - 878
    - 2
  - - 880
    - 3
  - - 881
    - 3
  - - 882
    - 1
  - - 883
    - 4
  - - 884
    - 2
  - - 885
    - 5
  - - 886
    - 4
  - - 887
    - 1
  - - 888
    - 2
  - - 889
    - 2
  - - 890
    - 3
  - - 891
    - 1
  - - 892
    - 3
  - - 893
    - 2
  - - 894
    - 2
  - - 895
    - 3
  - - 896
    - 3
  - - 897
    - 2
  - - 898
    - 2
  - - 899
    - 1
  - - 900
    - 5
  - - 901
    - 3
  - - 902
    - 2
  - - 903
    - 1
  - - 904
    - 1
  - - 906
    - 1
  - - 907
    - 1
  - - 908
    - 2
  - - 909
    - 1
  - - 910
    - 3
  - - 911
    - 2
  - - 912
    - 2
  - - 914
    - 3
  - - 917
    - 4
  - - 918
    - 1
  - - 919
    - 1
  - - 920
    - 3
  - - 921
    - 1
  - - 922
    - 1
  - - 923
    - 1
  - - 926
    - 2
  - - 927
    - 2
  - - 929
    - 2
  - - 931
    - 1
  - - 932
    - 1
  - - 933
    - 1
  - - 934
    - 1
  - - 937
    - 2
  - - 938
    - 1
  - - 941
    - 1
  - - 943
    - 1
  - - 944
    - 2
  - - 945
    - 1
  - - 947
    - 2
  - - 951
    - 2
  - - 952
    - 2
  - - 954
    - 1
  - - 956
    - 1
  - - 957
    - 1
  - - 964
    - 1
  - - 966
    - 1
  - - 972
    - 1
  - - 974
    - 2
  - - 976
    - 1
  - - 977
    - 1
  - - 979
    - 1
  - - 981
    - 2
  - - 982
    - 1
  - - 983
    - 1
  - - 986
    - 1
  - - 988
    - 1
  - - 989
    - 1
  - - 994
    - 2
  - - 999
    - 1
  - - 1002
    - 1
  - - 1006
    - 1
  - - 1007
    - 1
  - - 1008
    - 2
  - - 1011
    - 1
  - - 1013
    - 1
  - - 1014
    - 1
  - - 1015
    - 1
  - - 1017
    - 2
  - - 1019
    - 1
  - - 1020
    - 1
  - - 1022
    - 1
  - - 1024
    - 1
  - - 1025
    - 1
  - - 1026
    - 1
  - - 1032
    - 1
  - - 1041
    - 1
  - - 1043
    - 1
  - - 1044
    - 2
  - - 1056
    - 1
  - - 1066
    - 1
  - - 1068
    - 1
  - - 1073
    - 1
  - - 1074
    - 1
  - - 1077
    - 1
  - - 1079
    - 1
  - - 1081
    - 1
  - - 1082
    - 1
  - - 1083
    - 2
  - - 1090
    - 1
  - - 1093
    - 1
  - - 1094
    - 1
  - - 1097
    - 1
  - - 1099
    - 1
  - - 1120
    - 1
  - - 1123
    - 1
  - - 1132
    - 1
  - - 1142
    - 1
  - - 1165
    - 1
  - - 1191
    - 2
  - - 1192
    - 1
  - - 1199
    - 1
  - - 1213
    - 1
  - - 1216
    - 1
  - - 1239
    - 1
  - - 1240
    - 1
  - - 1243
    - 1
  - - 1267
    - 1
  - - 1269
    - 1
  - - 1279
    - 1
  - - 1284
    - 1
  - - 1286
    - 1
  - - 1296
    - 1
  - - 1306
    - 1
  - - 1315
    - 1
  - - 1330
    - 2
  - - 1344
    - 1
  - - 1350
    - 1
  - - 1354
    - 1
  - - 1386
    - 1
  - - 1401
    - 1
  - - 1404
    - 1
  - - 1449
    - 1
  - - 1485
    - 1
  - - 1518
    - 1
  - - 1521
    - 1
  - - 4999
    - 6
  latency_50_percentile: 88.0
  latency_95_percentile: 306.0
  latency_99_5_percentile: 643.0
  latency_99_percentile: 554.0
  max_kubedns_cpu: 519
  max_kubedns_memory: 30
  max_latency: 1.521416
  max_perfserver_cpu: 0
  max_perfserver_memory: 0
  min_latency: 0.001131
  msg: null
  ok: true
  qps: 883.35945
  queries_completed: 530186
  queries_lost: 6
  queries_sent: 530192
  run_time: 600.192821
  stddev_latency: 0.101176
params:
  max_qps: null
  pod_name: dns-perf-client-858fb7568b-5546c
  query_file: all-queries.txt
  run_id: 1777615870
  run_length_seconds: 600
  run_subid: 0
stderr:
- ''
stdout:
- DNS Performance Testing Tool
- Nominum Version 2.1.0.0
- ''
- '[Status] Command line: dnsperf -s 10.0.0.10 -l 600 -d /queries/all-queries.txt'
- '[Status] Sending queries (to 10.0.0.10)'
- '[Status] Started at: Fri May  1 06:11:53 2026'
- '[Status] Stopping after 600.000000 seconds'
- '[Timeout] Query timed out: msg id 26880'
- '[Timeout] Query timed out: msg id 33340'
- '[Timeout] Query timed out: msg id 63810'
- '[Timeout] Query timed out: msg id 9103'
- '[Timeout] Query timed out: msg id 38056'
- '[Timeout] Query timed out: msg id 51332'
- '[Status] Testing complete (time limit)'
- ''
- 'Statistics:'
- ''
- '  Queries sent:         530192'
- '  Queries completed:    530186 (100.00%)'
- '  Queries lost:         6 (0.00%)'
- ''
- '  Response codes:       NOERROR 63622 (12.00%), NXDOMAIN 466564 (88.00%)'
- '  Average packet size:  request 39, response 122'
- '  Run time (s):         600.192821'
- '  Queries per second:   883.359450'
- ''
- '  Average Latency (s):  0.112967 (min 0.001131, max 1.521416)'
- '  Latency StdDev (s):   0.101176'
- ''
- '  Latency histogram'
- '#histogram 0 0'
- '#histogram 1 78'
- '#histogram 2 359'
- '#histogram 3 691'
- '#histogram 4 941'
- '#histogram 5 1129'
- '#histogram 6 1259'
- '#histogram 7 1280'
- '#histogram 8 1294'
- '#histogram 9 1379'
- '#histogram 10 1451'
- '#histogram 11 1423'
- '#histogram 12 1494'
- '#histogram 13 1588'
- '#histogram 14 1700'
- '#histogram 15 1636'
- '#histogram 16 1766'
- '#histogram 17 1802'
- '#histogram 18 1796'
- '#histogram 19 1785'
- '#histogram 20 1954'
- '#histogram 21 2012'
- '#histogram 22 2161'
- '#histogram 23 2145'
- '#histogram 24 2184'
- '#histogram 25 2337'
- '#histogram 26 2406'
- '#histogram 27 2502'
- '#histogram 28 2514'
- '#histogram 29 2591'
- '#histogram 30 2662'
- '#histogram 31 2694'
- '#histogram 32 2725'
- '#histogram 33 2868'
- '#histogram 34 2920'
- '#histogram 35 2941'
- '#histogram 36 3029'
- '#histogram 37 3057'
- '#histogram 38 3160'
- '#histogram 39 3183'
- '#histogram 40 3372'
- '#histogram 41 3514'
- '#histogram 42 3428'
- '#histogram 43 3340'
- '#histogram 44 3478'
- '#histogram 45 3531'
- '#histogram 46 3645'
- '#histogram 47 3678'
- '#histogram 48 3653'
- '#histogram 49 3710'
- '#histogram 50 3698'
- '#histogram 51 3716'
- '#histogram 52 3957'
- '#histogram 53 3945'
- '#histogram 54 3916'
- '#histogram 55 3914'
- '#histogram 56 3927'
- '#histogram 57 3987'
- '#histogram 58 4069'
- '#histogram 59 4164'
- '#histogram 60 4222'
- '#histogram 61 4074'
- '#histogram 62 4111'
- '#histogram 63 4034'
- '#histogram 64 4056'
- '#histogram 65 4206'
- '#histogram 66 4156'
- '#histogram 67 4171'
- '#histogram 68 4062'
- '#histogram 69 4167'
- '#histogram 70 4151'
- '#histogram 71 4129'
- '#histogram 72 4243'
- '#histogram 73 4194'
- '#histogram 74 4072'
- '#histogram 75 4026'
- '#histogram 76 4060'
- '#histogram 77 4071'
- '#histogram 78 3955'
- '#histogram 79 4000'
- '#histogram 80 3944'
- '#histogram 81 4025'
- '#histogram 82 4035'
- '#histogram 83 3897'
- '#histogram 84 3895'
- '#histogram 85 3921'
- '#histogram 86 3848'
- '#histogram 87 3719'
- '#histogram 88 3671'
- '#histogram 89 3715'
- '#histogram 90 3801'
- '#histogram 91 3680'
- '#histogram 92 3781'
- '#histogram 93 3635'
- '#histogram 94 3614'
- '#histogram 95 3636'
- '#histogram 96 3579'
- '#histogram 97 3473'
- '#histogram 98 3563'
- '#histogram 99 3457'
- '#histogram 100 3429'
- '#histogram 101 3318'
- '#histogram 102 3206'
- '#histogram 103 3378'
- '#histogram 104 3176'
- '#histogram 105 3292'
- '#histogram 106 3189'
- '#histogram 107 3032'
- '#histogram 108 3002'
- '#histogram 109 3001'
- '#histogram 110 2836'
- '#histogram 111 2959'
- '#histogram 112 2842'
- '#histogram 113 2830'
- '#histogram 114 2766'
- '#histogram 115 2658'
- '#histogram 116 2635'
- '#histogram 117 2627'
- '#histogram 118 2584'
- '#histogram 119 2634'
- '#histogram 120 2565'
- '#histogram 121 2418'
- '#histogram 122 2384'
- '#histogram 123 2344'
- '#histogram 124 2338'
- '#histogram 125 2295'
- '#histogram 126 2271'
- '#histogram 127 2167'
- '#histogram 128 2210'
- '#histogram 129 2097'
- '#histogram 130 2092'
- '#histogram 131 2022'
- '#histogram 132 1963'
- '#histogram 133 1998'
- '#histogram 134 1953'
- '#histogram 135 1885'
- '#histogram 136 1858'
- '#histogram 137 1882'
- '#histogram 138 1697'
- '#histogram 139 1733'
- '#histogram 140 1736'
- '#histogram 141 1772'
- '#histogram 142 1657'
- '#histogram 143 1678'
- '#histogram 144 1671'
- '#histogram 145 1603'
- '#histogram 146 1590'
- '#histogram 147 1490'
- '#histogram 148 1584'
- '#histogram 149 1443'
- '#histogram 150 1473'
- '#histogram 151 1396'
- '#histogram 152 1385'
- '#histogram 153 1368'
- '#histogram 154 1447'
- '#histogram 155 1361'
- '#histogram 156 1322'
- '#histogram 157 1230'
- '#histogram 158 1209'
- '#histogram 159 1290'
- '#histogram 160 1206'
- '#histogram 161 1209'
- '#histogram 162 1134'
- '#histogram 163 1184'
- '#histogram 164 1180'
- '#histogram 165 1039'
- '#histogram 166 1050'
- '#histogram 167 1059'
- '#histogram 168 1049'
- '#histogram 169 1041'
- '#histogram 170 936'
- '#histogram 171 918'
- '#histogram 172 1062'
- '#histogram 173 941'
- '#histogram 174 894'
- '#histogram 175 941'
- '#histogram 176 901'
- '#histogram 177 891'
- '#histogram 178 778'
- '#histogram 179 917'
- '#histogram 180 760'
- '#histogram 181 754'
- '#histogram 182 773'
- '#histogram 183 759'
- '#histogram 184 738'
- '#histogram 185 817'
- '#histogram 186 722'
- '#histogram 187 729'
- '#histogram 188 705'
- '#histogram 189 697'
- '#histogram 190 666'
- '#histogram 191 640'
- '#histogram 192 676'
- '#histogram 193 601'
- '#histogram 194 647'
- '#histogram 195 597'
- '#histogram 196 628'
- '#histogram 197 553'
- '#histogram 198 620'
- '#histogram 199 623'
- '#histogram 200 548'
- '#histogram 201 524'
- '#histogram 202 569'
- '#histogram 203 506'
- '#histogram 204 568'
- '#histogram 205 522'
- '#histogram 206 472'
- '#histogram 207 501'
- '#histogram 208 524'
- '#histogram 209 498'
- '#histogram 210 496'
- '#histogram 211 469'
- '#histogram 212 476'
- '#histogram 213 433'
- '#histogram 214 430'
- '#histogram 215 401'
- '#histogram 216 411'
- '#histogram 217 373'
- '#histogram 218 398'
- '#histogram 219 402'
- '#histogram 220 390'
- '#histogram 221 408'
- '#histogram 222 340'
- '#histogram 223 340'
- '#histogram 224 353'
- '#histogram 225 374'
- '#histogram 226 380'
- '#histogram 227 328'
- '#histogram 228 334'
- '#histogram 229 337'
- '#histogram 230 318'
- '#histogram 231 304'
- '#histogram 232 353'
- '#histogram 233 310'
- '#histogram 234 305'
- '#histogram 235 348'
- '#histogram 236 294'
- '#histogram 237 313'
- '#histogram 238 300'
- '#histogram 239 302'
- '#histogram 240 290'
- '#histogram 241 287'
- '#histogram 242 280'
- '#histogram 243 276'
- '#histogram 244 279'
- '#histogram 245 260'
- '#histogram 246 269'
- '#histogram 247 259'
- '#histogram 248 269'
- '#histogram 249 266'
- '#histogram 250 271'
- '#histogram 251 255'
- '#histogram 252 247'
- '#histogram 253 252'
- '#histogram 254 227'
- '#histogram 255 237'
- '#histogram 256 247'
- '#histogram 257 239'
- '#histogram 258 229'
- '#histogram 259 236'
- '#histogram 260 215'
- '#histogram 261 227'
- '#histogram 262 231'
- '#histogram 263 197'
- '#histogram 264 224'
- '#histogram 265 250'
- '#histogram 266 192'
- '#histogram 267 187'
- '#histogram 268 195'
- '#histogram 269 209'
- '#histogram 270 164'
- '#histogram 271 208'
- '#histogram 272 197'
- '#histogram 273 204'
- '#histogram 274 193'
- '#histogram 275 174'
- '#histogram 276 180'
- '#histogram 277 180'
- '#histogram 278 186'
- '#histogram 279 179'
- '#histogram 280 178'
- '#histogram 281 167'
- '#histogram 282 188'
- '#histogram 283 177'
- '#histogram 284 187'
- '#histogram 285 186'
- '#histogram 286 182'
- '#histogram 287 161'
- '#histogram 288 155'
- '#histogram 289 165'
- '#histogram 290 167'
- '#histogram 291 157'
- '#histogram 292 156'
- '#histogram 293 163'
- '#histogram 294 187'
- '#histogram 295 159'
- '#histogram 296 163'
- '#histogram 297 157'
- '#histogram 298 183'
- '#histogram 299 161'
- '#histogram 300 132'
- '#histogram 301 165'
- '#histogram 302 143'
- '#histogram 303 186'
- '#histogram 304 158'
- '#histogram 305 161'
- '#histogram 306 157'
- '#histogram 307 158'
- '#histogram 308 142'
- '#histogram 309 134'
- '#histogram 310 177'
- '#histogram 311 134'
- '#histogram 312 118'
- '#histogram 313 140'
- '#histogram 314 135'
- '#histogram 315 117'
- '#histogram 316 169'
- '#histogram 317 115'
- '#histogram 318 144'
- '#histogram 319 146'
- '#histogram 320 113'
- '#histogram 321 130'
- '#histogram 322 152'
- '#histogram 323 141'
- '#histogram 324 139'
- '#histogram 325 137'
- '#histogram 326 130'
- '#histogram 327 141'
- '#histogram 328 136'
- '#histogram 329 136'
- '#histogram 330 148'
- '#histogram 331 136'
- '#histogram 332 132'
- '#histogram 333 115'
- '#histogram 334 124'
- '#histogram 335 129'
- '#histogram 336 132'
- '#histogram 337 123'
- '#histogram 338 100'
- '#histogram 339 127'
- '#histogram 340 147'
- '#histogram 341 113'
- '#histogram 342 118'
- '#histogram 343 124'
- '#histogram 344 132'
- '#histogram 345 140'
- '#histogram 346 91'
- '#histogram 347 120'
- '#histogram 348 123'
- '#histogram 349 115'
- '#histogram 350 126'
- '#histogram 351 115'
- '#histogram 352 128'
- '#histogram 353 122'
- '#histogram 354 137'
- '#histogram 355 118'
- '#histogram 356 102'
- '#histogram 357 107'
- '#histogram 358 113'
- '#histogram 359 89'
- '#histogram 360 121'
- '#histogram 361 128'
- '#histogram 362 98'
- '#histogram 363 94'
- '#histogram 364 118'
- '#histogram 365 123'
- '#histogram 366 132'
- '#histogram 367 107'
- '#histogram 368 121'
- '#histogram 369 124'
- '#histogram 370 118'
- '#histogram 371 105'
- '#histogram 372 99'
- '#histogram 373 98'
- '#histogram 374 118'
- '#histogram 375 110'
- '#histogram 376 110'
- '#histogram 377 103'
- '#histogram 378 106'
- '#histogram 379 113'
- '#histogram 380 100'
- '#histogram 381 111'
- '#histogram 382 103'
- '#histogram 383 94'
- '#histogram 384 86'
- '#histogram 385 92'
- '#histogram 386 87'
- '#histogram 387 102'
- '#histogram 388 95'
- '#histogram 389 96'
- '#histogram 390 98'
- '#histogram 391 94'
- '#histogram 392 89'
- '#histogram 393 101'
- '#histogram 394 114'
- '#histogram 395 98'
- '#histogram 396 118'
- '#histogram 397 87'
- '#histogram 398 100'
- '#histogram 399 98'
- '#histogram 400 105'
- '#histogram 401 91'
- '#histogram 402 95'
- '#histogram 403 107'
- '#histogram 404 100'
- '#histogram 405 94'
- '#histogram 406 89'
- '#histogram 407 98'
- '#histogram 408 92'
- '#histogram 409 92'
- '#histogram 410 87'
- '#histogram 411 94'
- '#histogram 412 73'
- '#histogram 413 88'
- '#histogram 414 91'
- '#histogram 415 96'
- '#histogram 416 104'
- '#histogram 417 79'
- '#histogram 418 105'
- '#histogram 419 82'
- '#histogram 420 83'
- '#histogram 421 103'
- '#histogram 422 73'
- '#histogram 423 108'
- '#histogram 424 89'
- '#histogram 425 73'
- '#histogram 426 70'
- '#histogram 427 94'
- '#histogram 428 71'
- '#histogram 429 78'
- '#histogram 430 91'
- '#histogram 431 79'
- '#histogram 432 87'
- '#histogram 433 82'
- '#histogram 434 81'
- '#histogram 435 62'
- '#histogram 436 91'
- '#histogram 437 82'
- '#histogram 438 92'
- '#histogram 439 76'
- '#histogram 440 78'
- '#histogram 441 77'
- '#histogram 442 83'
- '#histogram 443 68'
- '#histogram 444 96'
- '#histogram 445 62'
- '#histogram 446 65'
- '#histogram 447 79'
- '#histogram 448 76'
- '#histogram 449 78'
- '#histogram 450 83'
- '#histogram 451 56'
- '#histogram 452 67'
- '#histogram 453 83'
- '#histogram 454 70'
- '#histogram 455 80'
- '#histogram 456 76'
- '#histogram 457 67'
- '#histogram 458 76'
- '#histogram 459 79'
- '#histogram 460 79'
- '#histogram 461 69'
- '#histogram 462 63'
- '#histogram 463 66'
- '#histogram 464 79'
- '#histogram 465 80'
- '#histogram 466 69'
- '#histogram 467 64'
- '#histogram 468 66'
- '#histogram 469 70'
- '#histogram 470 63'
- '#histogram 471 67'
- '#histogram 472 63'
- '#histogram 473 73'
- '#histogram 474 54'
- '#histogram 475 51'
- '#histogram 476 79'
- '#histogram 477 67'
- '#histogram 478 59'
- '#histogram 479 73'
- '#histogram 480 51'
- '#histogram 481 61'
- '#histogram 482 61'
- '#histogram 483 50'
- '#histogram 484 56'
- '#histogram 485 58'
- '#histogram 486 55'
- '#histogram 487 59'
- '#histogram 488 48'
- '#histogram 489 69'
- '#histogram 490 59'
- '#histogram 491 62'
- '#histogram 492 68'
- '#histogram 493 46'
- '#histogram 494 61'
- '#histogram 495 65'
- '#histogram 496 61'
- '#histogram 497 64'
- '#histogram 498 54'
- '#histogram 499 49'
- '#histogram 500 56'
- '#histogram 501 55'
- '#histogram 502 63'
- '#histogram 503 45'
- '#histogram 504 56'
- '#histogram 505 56'
- '#histogram 506 54'
- '#histogram 507 63'
- '#histogram 508 54'
- '#histogram 509 52'
- '#histogram 510 61'
- '#histogram 511 42'
- '#histogram 512 41'
- '#histogram 513 46'
- '#histogram 514 54'
- '#histogram 515 41'
- '#histogram 516 39'
- '#histogram 517 52'
- '#histogram 518 54'
- '#histogram 519 47'
- '#histogram 520 47'
- '#histogram 521 46'
- '#histogram 522 50'
- '#histogram 523 40'
- '#histogram 524 49'
- '#histogram 525 43'
- '#histogram 526 51'
- '#histogram 527 42'
- '#histogram 528 47'
- '#histogram 529 46'
- '#histogram 530 35'
- '#histogram 531 46'
- '#histogram 532 35'
- '#histogram 533 45'
- '#histogram 534 45'
- '#histogram 535 33'
- '#histogram 536 45'
- '#histogram 537 46'
- '#histogram 538 42'
- '#histogram 539 45'
- '#histogram 540 46'
- '#histogram 541 52'
- '#histogram 542 49'
- '#histogram 543 45'
- '#histogram 544 24'
- '#histogram 545 40'
- '#histogram 546 47'
- '#histogram 547 31'
- '#histogram 548 30'
- '#histogram 549 30'
- '#histogram 550 42'
- '#histogram 551 45'
- '#histogram 552 39'
- '#histogram 553 51'
- '#histogram 554 51'
- '#histogram 555 43'
- '#histogram 556 38'
- '#histogram 557 45'
- '#histogram 558 35'
- '#histogram 559 42'
- '#histogram 560 36'
- '#histogram 561 31'
- '#histogram 562 34'
- '#histogram 563 23'
- '#histogram 564 34'
- '#histogram 565 38'
- '#histogram 566 39'
- '#histogram 567 23'
- '#histogram 568 35'
- '#histogram 569 30'
- '#histogram 570 46'
- '#histogram 571 32'
- '#histogram 572 32'
- '#histogram 573 31'
- '#histogram 574 34'
- '#histogram 575 34'
- '#histogram 576 36'
- '#histogram 577 29'
- '#histogram 578 23'
- '#histogram 579 28'
- '#histogram 580 30'
- '#histogram 581 31'
- '#histogram 582 32'
- '#histogram 583 31'
- '#histogram 584 38'
- '#histogram 585 22'
- '#histogram 586 25'
- '#histogram 587 37'
- '#histogram 588 44'
- '#histogram 589 28'
- '#histogram 590 33'
- '#histogram 591 34'
- '#histogram 592 29'
- '#histogram 593 26'
- '#histogram 594 31'
- '#histogram 595 23'
- '#histogram 596 31'
- '#histogram 597 29'
- '#histogram 598 33'
- '#histogram 599 28'
- '#histogram 600 33'
- '#histogram 601 23'
- '#histogram 602 23'
- '#histogram 603 33'
- '#histogram 604 27'
- '#histogram 605 23'
- '#histogram 606 25'
- '#histogram 607 22'
- '#histogram 608 27'
- '#histogram 609 33'
- '#histogram 610 16'
- '#histogram 611 29'
- '#histogram 612 20'
- '#histogram 613 33'
- '#histogram 614 30'
- '#histogram 615 29'
- '#histogram 616 25'
- '#histogram 617 38'
- '#histogram 618 41'
- '#histogram 619 37'
- '#histogram 620 28'
- '#histogram 621 20'
- '#histogram 622 25'
- '#histogram 623 32'
- '#histogram 624 30'
- '#histogram 625 23'
- '#histogram 626 26'
- '#histogram 627 30'
- '#histogram 628 29'
- '#histogram 629 26'
- '#histogram 630 32'
- '#histogram 631 31'
- '#histogram 632 24'
- '#histogram 633 27'
- '#histogram 634 21'
- '#histogram 635 18'
- '#histogram 636 31'
- '#histogram 637 18'
- '#histogram 638 25'
- '#histogram 639 28'
- '#histogram 640 21'
- '#histogram 641 12'
- '#histogram 642 24'
- '#histogram 643 18'
- '#histogram 644 30'
- '#histogram 645 13'
- '#histogram 646 18'
- '#histogram 647 21'
- '#histogram 648 17'
- '#histogram 649 28'
- '#histogram 650 16'
- '#histogram 651 22'
- '#histogram 652 22'
- '#histogram 653 24'
- '#histogram 654 18'
- '#histogram 655 21'
- '#histogram 656 24'
- '#histogram 657 12'
- '#histogram 658 19'
- '#histogram 659 24'
- '#histogram 660 14'
- '#histogram 661 25'
- '#histogram 662 17'
- '#histogram 663 21'
- '#histogram 664 18'
- '#histogram 665 18'
- '#histogram 666 17'
- '#histogram 667 17'
- '#histogram 668 14'
- '#histogram 669 14'
- '#histogram 670 25'
- '#histogram 671 22'
- '#histogram 672 15'
- '#histogram 673 29'
- '#histogram 674 22'
- '#histogram 675 13'
- '#histogram 676 16'
- '#histogram 677 17'
- '#histogram 678 17'
- '#histogram 679 22'
- '#histogram 680 28'
- '#histogram 681 11'
- '#histogram 682 17'
- '#histogram 683 17'
- '#histogram 684 27'
- '#histogram 685 11'
- '#histogram 686 13'
- '#histogram 687 12'
- '#histogram 688 12'
- '#histogram 689 12'
- '#histogram 690 9'
- '#histogram 691 17'
- '#histogram 692 12'
- '#histogram 693 20'
- '#histogram 694 18'
- '#histogram 695 17'
- '#histogram 696 14'
- '#histogram 697 10'
- '#histogram 698 14'
- '#histogram 699 16'
- '#histogram 700 12'
- '#histogram 701 12'
- '#histogram 702 9'
- '#histogram 703 14'
- '#histogram 704 18'
- '#histogram 705 19'
- '#histogram 706 17'
- '#histogram 707 23'
- '#histogram 708 11'
- '#histogram 709 15'
- '#histogram 710 8'
- '#histogram 711 15'
- '#histogram 712 11'
- '#histogram 713 16'
- '#histogram 714 13'
- '#histogram 715 10'
- '#histogram 716 17'
- '#histogram 717 17'
- '#histogram 718 17'
- '#histogram 719 13'
- '#histogram 720 11'
- '#histogram 721 12'
- '#histogram 722 12'
- '#histogram 723 9'
- '#histogram 724 13'
- '#histogram 725 14'
- '#histogram 726 16'
- '#histogram 727 10'
- '#histogram 728 16'
- '#histogram 729 22'
- '#histogram 730 6'
- '#histogram 731 9'
- '#histogram 732 11'
- '#histogram 733 14'
- '#histogram 734 17'
- '#histogram 735 8'
- '#histogram 736 14'
- '#histogram 737 13'
- '#histogram 738 9'
- '#histogram 739 13'
- '#histogram 740 11'
- '#histogram 741 8'
- '#histogram 742 12'
- '#histogram 743 12'
- '#histogram 744 10'
- '#histogram 745 13'
- '#histogram 746 7'
- '#histogram 747 18'
- '#histogram 748 9'
- '#histogram 749 12'
- '#histogram 750 8'
- '#histogram 751 8'
- '#histogram 752 9'
- '#histogram 753 8'
- '#histogram 754 9'
- '#histogram 755 5'
- '#histogram 756 11'
- '#histogram 757 11'
- '#histogram 758 8'
- '#histogram 759 10'
- '#histogram 760 6'
- '#histogram 761 5'
- '#histogram 762 15'
- '#histogram 763 10'
- '#histogram 764 9'
- '#histogram 765 6'
- '#histogram 766 6'
- '#histogram 767 14'
- '#histogram 768 15'
- '#histogram 769 7'
- '#histogram 770 6'
- '#histogram 771 13'
- '#histogram 772 11'
- '#histogram 773 13'
- '#histogram 774 9'
- '#histogram 775 11'
- '#histogram 776 13'
- '#histogram 777 9'
- '#histogram 778 8'
- '#histogram 779 3'
- '#histogram 780 8'
- '#histogram 781 12'
- '#histogram 782 6'
- '#histogram 783 6'
- '#histogram 784 6'
- '#histogram 785 8'
- '#histogram 786 7'
- '#histogram 787 7'
- '#histogram 788 8'
- '#histogram 789 8'
- '#histogram 790 8'
- '#histogram 791 5'
- '#histogram 792 9'
- '#histogram 793 9'
- '#histogram 794 11'
- '#histogram 795 8'
- '#histogram 796 5'
- '#histogram 797 5'
- '#histogram 798 2'
- '#histogram 799 13'
- '#histogram 800 9'
- '#histogram 801 7'
- '#histogram 802 7'
- '#histogram 803 8'
- '#histogram 804 6'
- '#histogram 805 5'
- '#histogram 806 9'
- '#histogram 807 4'
- '#histogram 808 10'
- '#histogram 809 3'
- '#histogram 810 2'
- '#histogram 811 6'
- '#histogram 812 2'
- '#histogram 813 5'
- '#histogram 815 6'
- '#histogram 816 9'
- '#histogram 817 3'
- '#histogram 818 3'
- '#histogram 819 4'
- '#histogram 820 5'
- '#histogram 821 5'
- '#histogram 822 4'
- '#histogram 823 5'
- '#histogram 824 8'
- '#histogram 825 4'
- '#histogram 826 5'
- '#histogram 827 3'
- '#histogram 828 6'
- '#histogram 829 4'
- '#histogram 830 3'
- '#histogram 831 6'
- '#histogram 832 5'
- '#histogram 833 3'
- '#histogram 834 5'
- '#histogram 835 6'
- '#histogram 836 5'
- '#histogram 837 6'
- '#histogram 838 6'
- '#histogram 839 1'
- '#histogram 840 5'
- '#histogram 841 3'
- '#histogram 842 5'
- '#histogram 843 2'
- '#histogram 844 4'
- '#histogram 845 7'
- '#histogram 846 2'
- '#histogram 847 3'
- '#histogram 848 3'
- '#histogram 849 5'
- '#histogram 850 4'
- '#histogram 851 7'
- '#histogram 852 6'
- '#histogram 853 2'
- '#histogram 854 1'
- '#histogram 855 3'
- '#histogram 856 8'
- '#histogram 857 3'
- '#histogram 858 4'
- '#histogram 859 3'
- '#histogram 860 1'
- '#histogram 861 11'
- '#histogram 862 4'
- '#histogram 863 3'
- '#histogram 864 5'
- '#histogram 865 4'
- '#histogram 866 3'
- '#histogram 867 1'
- '#histogram 868 5'
- '#histogram 869 2'
- '#histogram 870 1'
- '#histogram 871 3'
- '#histogram 873 4'
- '#histogram 874 4'
- '#histogram 875 2'
- '#histogram 876 3'
- '#histogram 877 4'
- '#histogram 878 2'
- '#histogram 880 3'
- '#histogram 881 3'
- '#histogram 882 1'
- '#histogram 883 4'
- '#histogram 884 2'
- '#histogram 885 5'
- '#histogram 886 4'
- '#histogram 887 1'
- '#histogram 888 2'
- '#histogram 889 2'
- '#histogram 890 3'
- '#histogram 891 1'
- '#histogram 892 3'
- '#histogram 893 2'
- '#histogram 894 2'
- '#histogram 895 3'
- '#histogram 896 3'
- '#histogram 897 2'
- '#histogram 898 2'
- '#histogram 899 1'
- '#histogram 900 5'
- '#histogram 901 3'
- '#histogram 902 2'
- '#histogram 903 1'
- '#histogram 904 1'
- '#histogram 906 1'
- '#histogram 907 1'
- '#histogram 908 2'
- '#histogram 909 1'
- '#histogram 910 3'
- '#histogram 911 2'
- '#histogram 912 2'
- '#histogram 914 3'
- '#histogram 917 4'
- '#histogram 918 1'
- '#histogram 919 1'
- '#histogram 920 3'
- '#histogram 921 1'
- '#histogram 922 1'
- '#histogram 923 1'
- '#histogram 926 2'
- '#histogram 927 2'
- '#histogram 929 2'
- '#histogram 931 1'
- '#histogram 932 1'
- '#histogram 933 1'
- '#histogram 934 1'
- '#histogram 937 2'
- '#histogram 938 1'
- '#histogram 941 1'
- '#histogram 943 1'
- '#histogram 944 2'
- '#histogram 945 1'
- '#histogram 947 2'
- '#histogram 951 2'
- '#histogram 952 2'
- '#histogram 954 1'
- '#histogram 956 1'
- '#histogram 957 1'
- '#histogram 964 1'
- '#histogram 966 1'
- '#histogram 972 1'
- '#histogram 974 2'
- '#histogram 976 1'
- '#histogram 977 1'
- '#histogram 979 1'
- '#histogram 981 2'
- '#histogram 982 1'
- '#histogram 983 1'
- '#histogram 986 1'
- '#histogram 988 1'
- '#histogram 989 1'
- '#histogram 994 2'
- '#histogram 999 1'
- '#histogram 1002 1'
- '#histogram 1006 1'
- '#histogram 1007 1'
- '#histogram 1008 2'
- '#histogram 1011 1'
- '#histogram 1013 1'
- '#histogram 1014 1'
- '#histogram 1015 1'
- '#histogram 1017 2'
- '#histogram 1019 1'
- '#histogram 1020 1'
- '#histogram 1022 1'
- '#histogram 1024 1'
- '#histogram 1025 1'
- '#histogram 1026 1'
- '#histogram 1032 1'
- '#histogram 1041 1'
- '#histogram 1043 1'
- '#histogram 1044 2'
- '#histogram 1056 1'
- '#histogram 1066 1'
- '#histogram 1068 1'
- '#histogram 1073 1'
- '#histogram 1074 1'
- '#histogram 1077 1'
- '#histogram 1079 1'
- '#histogram 1081 1'
- '#histogram 1082 1'
- '#histogram 1083 2'
- '#histogram 1090 1'
- '#histogram 1093 1'
- '#histogram 1094 1'
- '#histogram 1097 1'
- '#histogram 1099 1'
- '#histogram 1120 1'
- '#histogram 1123 1'
- '#histogram 1132 1'
- '#histogram 1142 1'
- '#histogram 1165 1'
- '#histogram 1191 2'
- '#histogram 1192 1'
- '#histogram 1199 1'
- '#histogram 1213 1'
- '#histogram 1216 1'
- '#histogram 1239 1'
- '#histogram 1240 1'
- '#histogram 1243 1'
- '#histogram 1267 1'
- '#histogram 1269 1'
- '#histogram 1279 1'
- '#histogram 1284 1'
- '#histogram 1286 1'
- '#histogram 1296 1'
- '#histogram 1306 1'
- '#histogram 1315 1'
- '#histogram 1330 2'
- '#histogram 1344 1'
- '#histogram 1350 1'
- '#histogram 1354 1'
- '#histogram 1386 1'
- '#histogram 1401 1'
- '#histogram 1404 1'
- '#histogram 1449 1'
- '#histogram 1485 1'
- '#histogram 1518 1'
- '#histogram 1521 1'
- '#histogram 4999 6'
- ''
