code: 0
data:
  avg_latency: 0.113298
  histogram:
  - - 0
    - 0
  - - 1
    - 23
  - - 2
    - 72
  - - 3
    - 115
  - - 4
    - 134
  - - 5
    - 165
  - - 6
    - 191
  - - 7
    - 211
  - - 8
    - 234
  - - 9
    - 241
  - - 10
    - 271
  - - 11
    - 218
  - - 12
    - 256
  - - 13
    - 250
  - - 14
    - 273
  - - 15
    - 297
  - - 16
    - 303
  - - 17
    - 323
  - - 18
    - 295
  - - 19
    - 303
  - - 20
    - 355
  - - 21
    - 372
  - - 22
    - 331
  - - 23
    - 386
  - - 24
    - 387
  - - 25
    - 408
  - - 26
    - 437
  - - 27
    - 478
  - - 28
    - 467
  - - 29
    - 491
  - - 30
    - 475
  - - 31
    - 496
  - - 32
    - 560
  - - 33
    - 545
  - - 34
    - 523
  - - 35
    - 571
  - - 36
    - 593
  - - 37
    - 564
  - - 38
    - 614
  - - 39
    - 632
  - - 40
    - 626
  - - 41
    - 649
  - - 42
    - 717
  - - 43
    - 690
  - - 44
    - 639
  - - 45
    - 682
  - - 46
    - 715
  - - 47
    - 687
  - - 48
    - 726
  - - 49
    - 714
  - - 50
    - 736
  - - 51
    - 762
  - - 52
    - 836
  - - 53
    - 750
  - - 54
    - 775
  - - 55
    - 813
  - - 56
    - 850
  - - 57
    - 792
  - - 58
    - 817
  - - 59
    - 829
  - - 60
    - 861
  - - 61
    - 862
  - - 62
    - 827
  - - 63
    - 843
  - - 64
    - 852
  - - 65
    - 868
  - - 66
    - 843
  - - 67
    - 834
  - - 68
    - 841
  - - 69
    - 850
  - - 70
    - 900
  - - 71
    - 877
  - - 72
    - 926
  - - 73
    - 882
  - - 74
    - 920
  - - 75
    - 861
  - - 76
    - 866
  - - 77
    - 847
  - - 78
    - 839
  - - 79
    - 890
  - - 80
    - 867
  - - 81
    - 793
  - - 82
    - 857
  - - 83
    - 832
  - - 84
    - 812
  - - 85
    - 825
  - - 86
    - 819
  - - 87
    - 839
  - - 88
    - 818
  - - 89
    - 807
  - - 90
    - 789
  - - 91
    - 728
  - - 92
    - 794
  - - 93
    - 770
  - - 94
    - 764
  - - 95
    - 759
  - - 96
    - 761
  - - 97
    - 732
  - - 98
    - 783
  - - 99
    - 675
  - - 100
    - 689
  - - 101
    - 685
  - - 102
    - 753
  - - 103
    - 670
  - - 104
    - 703
  - - 105
    - 675
  - - 106
    - 632
  - - 107
    - 691
  - - 108
    - 665
  - - 109
    - 640
  - - 110
    - 603
  - - 111
    - 609
  - - 112
    - 611
  - - 113
    - 561
  - - 114
    - 593
  - - 115
    - 557
  - - 116
    - 569
  - - 117
    - 511
  - - 118
    - 516
  - - 119
    - 479
  - - 120
    - 501
  - - 121
    - 514
  - - 122
    - 502
  - - 123
    - 497
  - - 124
    - 489
  - - 125
    - 476
  - - 126
    - 508
  - - 127
    - 479
  - - 128
    - 453
  - - 129
    - 488
  - - 130
    - 429
  - - 131
    - 425
  - - 132
    - 425
  - - 133
    - 404
  - - 134
    - 375
  - - 135
    - 394
  - - 136
    - 402
  - - 137
    - 367
  - - 138
    - 388
  - - 139
    - 341
  - - 140
    - 356
  - - 141
    - 338
  - - 142
    - 381
  - - 143
    - 312
  - - 144
    - 297
  - - 145
    - 324
  - - 146
    - 310
  - - 147
    - 318
  - - 148
    - 277
  - - 149
    - 285
  - - 150
    - 256
  - - 151
    - 289
  - - 152
    - 290
  - - 153
    - 298
  - - 154
    - 251
  - - 155
    - 259
  - - 156
    - 238
  - - 157
    - 236
  - - 158
    - 245
  - - 159
    - 189
  - - 160
    - 223
  - - 161
    - 207
  - - 162
    - 258
  - - 163
    - 216
  - - 164
    - 200
  - - 165
    - 248
  - - 166
    - 216
  - - 167
    - 204
  - - 168
    - 211
  - - 169
    - 212
  - - 170
    - 161
  - - 171
    - 198
  - - 172
    - 217
  - - 173
    - 164
  - - 174
    - 158
  - - 175
    - 161
  - - 176
    - 163
  - - 177
    - 149
  - - 178
    - 165
  - - 179
    - 129
  - - 180
    - 150
  - - 181
    - 158
  - - 182
    - 137
  - - 183
    - 134
  - - 184
    - 150
  - - 185
    - 132
  - - 186
    - 122
  - - 187
    - 127
  - - 188
    - 115
  - - 189
    - 137
  - - 190
    - 126
  - - 191
    - 107
  - - 192
    - 130
  - - 193
    - 120
  - - 194
    - 117
  - - 195
    - 119
  - - 196
    - 109
  - - 197
    - 98
  - - 198
    - 105
  - - 199
    - 81
  - - 200
    - 103
  - - 201
    - 97
  - - 202
    - 100
  - - 203
    - 93
  - - 204
    - 94
  - - 205
    - 91
  - - 206
    - 85
  - - 207
    - 79
  - - 208
    - 86
  - - 209
    - 80
  - - 210
    - 85
  - - 211
    - 75
  - - 212
    - 66
  - - 213
    - 84
  - - 214
    - 56
  - - 215
    - 77
  - - 216
    - 72
  - - 217
    - 80
  - - 218
    - 83
  - - 219
    - 51
  - - 220
    - 59
  - - 221
    - 73
  - - 222
    - 64
  - - 223
    - 65
  - - 224
    - 58
  - - 225
    - 57
  - - 226
    - 55
  - - 227
    - 45
  - - 228
    - 69
  - - 229
    - 50
  - - 230
    - 55
  - - 231
    - 78
  - - 232
    - 58
  - - 233
    - 48
  - - 234
    - 59
  - - 235
    - 46
  - - 236
    - 56
  - - 237
    - 65
  - - 238
    - 46
  - - 239
    - 59
  - - 240
    - 41
  - - 241
    - 52
  - - 242
    - 54
  - - 243
    - 48
  - - 244
    - 40
  - - 245
    - 44
  - - 246
    - 49
  - - 247
    - 48
  - - 248
    - 39
  - - 249
    - 44
  - - 250
    - 41
  - - 251
    - 41
  - - 252
    - 50
  - - 253
    - 45
  - - 254
    - 41
  - - 255
    - 41
  - - 256
    - 37
  - - 257
    - 39
  - - 258
    - 41
  - - 259
    - 48
  - - 260
    - 45
  - - 261
    - 51
  - - 262
    - 37
  - - 263
    - 49
  - - 264
    - 36
  - - 265
    - 37
  - - 266
    - 38
  - - 267
    - 39
  - - 268
    - 43
  - - 269
    - 46
  - - 270
    - 44
  - - 271
    - 38
  - - 272
    - 35
  - - 273
    - 38
  - - 274
    - 37
  - - 275
    - 34
  - - 276
    - 35
  - - 277
    - 26
  - - 278
    - 34
  - - 279
    - 24
  - - 280
    - 29
  - - 281
    - 38
  - - 282
    - 29
  - - 283
    - 31
  - - 284
    - 38
  - - 285
    - 21
  - - 286
    - 27
  - - 287
    - 35
  - - 288
    - 32
  - - 289
    - 29
  - - 290
    - 34
  - - 291
    - 26
  - - 292
    - 38
  - - 293
    - 37
  - - 294
    - 21
  - - 295
    - 33
  - - 296
    - 34
  - - 297
    - 35
  - - 298
    - 27
  - - 299
    - 29
  - - 300
    - 33
  - - 301
    - 32
  - - 302
    - 26
  - - 303
    - 22
  - - 304
    - 31
  - - 305
    - 25
  - - 306
    - 23
  - - 307
    - 33
  - - 308
    - 28
  - - 309
    - 32
  - - 310
    - 24
  - - 311
    - 30
  - - 312
    - 23
  - - 313
    - 32
  - - 314
    - 25
  - - 315
    - 31
  - - 316
    - 23
  - - 317
    - 23
  - - 318
    - 32
  - - 319
    - 23
  - - 320
    - 19
  - - 321
    - 32
  - - 322
    - 32
  - - 323
    - 29
  - - 324
    - 22
  - - 325
    - 34
  - - 326
    - 23
  - - 327
    - 17
  - - 328
    - 32
  - - 329
    - 23
  - - 330
    - 21
  - - 331
    - 21
  - - 332
    - 16
  - - 333
    - 28
  - - 334
    - 21
  - - 335
    - 26
  - - 336
    - 24
  - - 337
    - 28
  - - 338
    - 28
  - - 339
    - 27
  - - 340
    - 29
  - - 341
    - 19
  - - 342
    - 27
  - - 343
    - 23
  - - 344
    - 26
  - - 345
    - 17
  - - 346
    - 20
  - - 347
    - 21
  - - 348
    - 21
  - - 349
    - 25
  - - 350
    - 23
  - - 351
    - 23
  - - 352
    - 20
  - - 353
    - 28
  - - 354
    - 22
  - - 355
    - 22
  - - 356
    - 23
  - - 357
    - 21
  - - 358
    - 24
  - - 359
    - 25
  - - 360
    - 22
  - - 361
    - 14
  - - 362
    - 30
  - - 363
    - 22
  - - 364
    - 37
  - - 365
    - 28
  - - 366
    - 21
  - - 367
    - 19
  - - 368
    - 25
  - - 369
    - 15
  - - 370
    - 20
  - - 371
    - 18
  - - 372
    - 19
  - - 373
    - 28
  - - 374
    - 22
  - - 375
    - 16
  - - 376
    - 22
  - - 377
    - 27
  - - 378
    - 22
  - - 379
    - 21
  - - 380
    - 18
  - - 381
    - 30
  - - 382
    - 21
  - - 383
    - 24
  - - 384
    - 16
  - - 385
    - 27
  - - 386
    - 37
  - - 387
    - 19
  - - 388
    - 19
  - - 389
    - 21
  - - 390
    - 27
  - - 391
    - 15
  - - 392
    - 20
  - - 393
    - 21
  - - 394
    - 22
  - - 395
    - 20
  - - 396
    - 26
  - - 397
    - 23
  - - 398
    - 31
  - - 399
    - 18
  - - 400
    - 20
  - - 401
    - 23
  - - 402
    - 20
  - - 403
    - 23
  - - 404
    - 21
  - - 405
    - 17
  - - 406
    - 25
  - - 407
    - 15
  - - 408
    - 16
  - - 409
    - 22
  - - 410
    - 24
  - - 411
    - 15
  - - 412
    - 17
  - - 413
    - 27
  - - 414
    - 15
  - - 415
    - 21
  - - 416
    - 21
  - - 417
    - 23
  - - 418
    - 18
  - - 419
    - 20
  - - 420
    - 19
  - - 421
    - 17
  - - 422
    - 24
  - - 423
    - 18
  - - 424
    - 25
  - - 425
    - 13
  - - 426
    - 20
  - - 427
    - 11
  - - 428
    - 8
  - - 429
    - 18
  - - 430
    - 23
  - - 431
    - 15
  - - 432
    - 17
  - - 433
    - 17
  - - 434
    - 11
  - - 435
    - 18
  - - 436
    - 14
  - - 437
    - 16
  - - 438
    - 16
  - - 439
    - 12
  - - 440
    - 22
  - - 441
    - 13
  - - 442
    - 8
  - - 443
    - 20
  - - 444
    - 11
  - - 445
    - 16
  - - 446
    - 16
  - - 447
    - 17
  - - 448
    - 16
  - - 449
    - 26
  - - 450
    - 15
  - - 451
    - 5
  - - 452
    - 18
  - - 453
    - 20
  - - 454
    - 10
  - - 455
    - 17
  - - 456
    - 10
  - - 457
    - 18
  - - 458
    - 14
  - - 459
    - 16
  - - 460
    - 14
  - - 461
    - 15
  - - 462
    - 18
  - - 463
    - 19
  - - 464
    - 14
  - - 465
    - 16
  - - 466
    - 15
  - - 467
    - 13
  - - 468
    - 12
  - - 469
    - 11
  - - 470
    - 14
  - - 471
    - 15
  - - 472
    - 14
  - - 473
    - 8
  - - 474
    - 13
  - - 475
    - 11
  - - 476
    - 15
  - - 477
    - 14
  - - 478
    - 8
  - - 479
    - 11
  - - 480
    - 13
  - - 481
    - 7
  - - 482
    - 11
  - - 483
    - 10
  - - 484
    - 11
  - - 485
    - 5
  - - 486
    - 15
  - - 487
    - 12
  - - 488
    - 17
  - - 489
    - 10
  - - 490
    - 6
  - - 491
    - 13
  - - 492
    - 9
  - - 493
    - 11
  - - 494
    - 17
  - - 495
    - 10
  - - 496
    - 12
  - - 497
    - 12
  - - 498
    - 20
  - - 499
    - 17
  - - 500
    - 7
  - - 501
    - 8
  - - 502
    - 13
  - - 503
    - 14
  - - 504
    - 9
  - - 505
    - 14
  - - 506
    - 13
  - - 507
    - 7
  - - 508
    - 5
  - - 509
    - 8
  - - 510
    - 15
  - - 511
    - 9
  - - 512
    - 6
  - - 513
    - 9
  - - 514
    - 6
  - - 515
    - 6
  - - 516
    - 4
  - - 517
    - 10
  - - 518
    - 15
  - - 519
    - 13
  - - 520
    - 9
  - - 521
    - 17
  - - 522
    - 8
  - - 523
    - 10
  - - 524
    - 13
  - - 525
    - 12
  - - 526
    - 12
  - - 527
    - 6
  - - 528
    - 9
  - - 529
    - 7
  - - 530
    - 2
  - - 531
    - 9
  - - 532
    - 9
  - - 533
    - 9
  - - 534
    - 9
  - - 535
    - 12
  - - 536
    - 10
  - - 537
    - 14
  - - 538
    - 6
  - - 539
    - 6
  - - 540
    - 6
  - - 541
    - 9
  - - 542
    - 11
  - - 543
    - 3
  - - 544
    - 14
  - - 545
    - 12
  - - 546
    - 11
  - - 547
    - 5
  - - 548
    - 7
  - - 549
    - 12
  - - 550
    - 4
  - - 551
    - 11
  - - 552
    - 7
  - - 553
    - 9
  - - 554
    - 9
  - - 555
    - 13
  - - 556
    - 4
  - - 557
    - 7
  - - 558
    - 7
  - - 559
    - 8
  - - 560
    - 6
  - - 561
    - 6
  - - 562
    - 4
  - - 563
    - 11
  - - 564
    - 11
  - - 565
    - 6
  - - 566
    - 6
  - - 567
    - 10
  - - 568
    - 10
  - - 569
    - 5
  - - 570
    - 14
  - - 571
    - 11
  - - 572
    - 3
  - - 573
    - 9
  - - 574
    - 5
  - - 575
    - 2
  - - 576
    - 4
  - - 577
    - 7
  - - 578
    - 17
  - - 579
    - 6
  - - 580
    - 5
  - - 581
    - 7
  - - 582
    - 8
  - - 583
    - 3
  - - 584
    - 5
  - - 585
    - 9
  - - 586
    - 5
  - - 587
    - 9
  - - 588
    - 9
  - - 589
    - 7
  - - 590
    - 2
  - - 591
    - 7
  - - 592
    - 5
  - - 593
    - 6
  - - 594
    - 4
  - - 595
    - 7
  - - 596
    - 8
  - - 597
    - 6
  - - 598
    - 2
  - - 599
    - 9
  - - 600
    - 5
  - - 601
    - 5
  - - 602
    - 7
  - - 603
    - 4
  - - 604
    - 2
  - - 605
    - 4
  - - 606
    - 5
  - - 607
    - 6
  - - 608
    - 6
  - - 609
    - 1
  - - 610
    - 6
  - - 611
    - 3
  - - 612
    - 6
  - - 613
    - 5
  - - 614
    - 4
  - - 615
    - 4
  - - 616
    - 6
  - - 617
    - 13
  - - 618
    - 2
  - - 619
    - 1
  - - 620
    - 8
  - - 621
    - 5
  - - 622
    - 2
  - - 623
    - 2
  - - 624
    - 3
  - - 625
    - 7
  - - 626
    - 8
  - - 627
    - 3
  - - 628
    - 5
  - - 629
    - 2
  - - 630
    - 5
  - - 631
    - 3
  - - 632
    - 4
  - - 633
    - 5
  - - 634
    - 6
  - - 635
    - 4
  - - 636
    - 6
  - - 637
    - 4
  - - 638
    - 1
  - - 639
    - 3
  - - 641
    - 6
  - - 642
    - 5
  - - 643
    - 2
  - - 644
    - 1
  - - 645
    - 3
  - - 646
    - 2
  - - 647
    - 1
  - - 648
    - 1
  - - 649
    - 10
  - - 650
    - 8
  - - 651
    - 4
  - - 652
    - 2
  - - 653
    - 9
  - - 654
    - 3
  - - 655
    - 3
  - - 656
    - 10
  - - 657
    - 3
  - - 658
    - 1
  - - 659
    - 5
  - - 660
    - 4
  - - 661
    - 3
  - - 662
    - 2
  - - 663
    - 5
  - - 664
    - 7
  - - 666
    - 2
  - - 667
    - 3
  - - 668
    - 6
  - - 669
    - 2
  - - 670
    - 2
  - - 671
    - 6
  - - 672
    - 3
  - - 673
    - 2
  - - 674
    - 3
  - - 675
    - 5
  - - 676
    - 3
  - - 677
    - 3
  - - 678
    - 7
  - - 679
    - 1
  - - 680
    - 5
  - - 681
    - 3
  - - 682
    - 1
  - - 684
    - 3
  - - 685
    - 5
  - - 686
    - 4
  - - 687
    - 4
  - - 688
    - 1
  - - 689
    - 3
  - - 690
    - 2
  - - 691
    - 2
  - - 692
    - 4
  - - 693
    - 4
  - - 694
    - 1
  - - 695
    - 2
  - - 696
    - 2
  - - 697
    - 2
  - - 698
    - 3
  - - 699
    - 4
  - - 700
    - 2
  - - 701
    - 2
  - - 702
    - 2
  - - 703
    - 3
  - - 704
    - 2
  - - 706
    - 3
  - - 707
    - 2
  - - 708
    - 4
  - - 709
    - 3
  - - 710
    - 2
  - - 711
    - 3
  - - 712
    - 1
  - - 713
    - 3
  - - 714
    - 3
  - - 715
    - 3
  - - 716
    - 4
  - - 717
    - 4
  - - 718
    - 1
  - - 721
    - 2
  - - 722
    - 4
  - - 723
    - 3
  - - 724
    - 2
  - - 725
    - 1
  - - 726
    - 2
  - - 727
    - 2
  - - 728
    - 4
  - - 729
    - 4
  - - 730
    - 3
  - - 731
    - 2
  - - 732
    - 2
  - - 733
    - 1
  - - 734
    - 3
  - - 735
    - 4
  - - 736
    - 6
  - - 737
    - 3
  - - 738
    - 2
  - - 739
    - 1
  - - 740
    - 1
  - - 741
    - 2
  - - 742
    - 3
  - - 743
    - 2
  - - 744
    - 2
  - - 745
    - 1
  - - 746
    - 3
  - - 747
    - 4
  - - 748
    - 2
  - - 749
    - 2
  - - 750
    - 6
  - - 751
    - 1
  - - 752
    - 3
  - - 753
    - 4
  - - 754
    - 2
  - - 756
    - 2
  - - 757
    - 7
  - - 758
    - 2
  - - 759
    - 1
  - - 760
    - 2
  - - 761
    - 2
  - - 762
    - 2
  - - 763
    - 3
  - - 764
    - 1
  - - 767
    - 2
  - - 768
    - 4
  - - 769
    - 3
  - - 770
    - 5
  - - 771
    - 1
  - - 772
    - 3
  - - 775
    - 2
  - - 777
    - 3
  - - 780
    - 3
  - - 781
    - 5
  - - 782
    - 1
  - - 783
    - 4
  - - 784
    - 6
  - - 785
    - 3
  - - 786
    - 1
  - - 787
    - 1
  - - 788
    - 1
  - - 789
    - 2
  - - 790
    - 1
  - - 791
    - 1
  - - 792
    - 2
  - - 793
    - 2
  - - 795
    - 1
  - - 796
    - 2
  - - 797
    - 3
  - - 798
    - 1
  - - 799
    - 3
  - - 800
    - 1
  - - 803
    - 2
  - - 805
    - 1
  - - 807
    - 1
  - - 808
    - 2
  - - 809
    - 3
  - - 810
    - 3
  - - 811
    - 2
  - - 812
    - 4
  - - 813
    - 1
  - - 816
    - 3
  - - 817
    - 1
  - - 818
    - 1
  - - 819
    - 1
  - - 820
    - 3
  - - 821
    - 2
  - - 822
    - 2
  - - 823
    - 2
  - - 824
    - 5
  - - 825
    - 2
  - - 826
    - 2
  - - 828
    - 1
  - - 829
    - 1
  - - 830
    - 1
  - - 831
    - 1
  - - 832
    - 1
  - - 834
    - 1
  - - 836
    - 1
  - - 837
    - 3
  - - 840
    - 1
  - - 842
    - 1
  - - 843
    - 1
  - - 845
    - 1
  - - 846
    - 1
  - - 847
    - 1
  - - 849
    - 5
  - - 850
    - 1
  - - 852
    - 1
  - - 853
    - 1
  - - 855
    - 1
  - - 856
    - 2
  - - 857
    - 3
  - - 858
    - 3
  - - 860
    - 1
  - - 863
    - 1
  - - 864
    - 1
  - - 867
    - 1
  - - 870
    - 1
  - - 871
    - 1
  - - 872
    - 2
  - - 873
    - 1
  - - 874
    - 1
  - - 875
    - 2
  - - 876
    - 1
  - - 879
    - 2
  - - 880
    - 1
  - - 883
    - 1
  - - 884
    - 1
  - - 885
    - 1
  - - 887
    - 2
  - - 890
    - 1
  - - 891
    - 2
  - - 892
    - 1
  - - 894
    - 1
  - - 895
    - 2
  - - 896
    - 1
  - - 897
    - 1
  - - 898
    - 2
  - - 899
    - 2
  - - 900
    - 2
  - - 904
    - 2
  - - 905
    - 1
  - - 906
    - 1
  - - 907
    - 2
  - - 908
    - 1
  - - 909
    - 2
  - - 913
    - 1
  - - 914
    - 1
  - - 916
    - 1
  - - 917
    - 2
  - - 919
    - 1
  - - 920
    - 2
  - - 921
    - 1
  - - 926
    - 1
  - - 931
    - 1
  - - 932
    - 2
  - - 934
    - 1
  - - 936
    - 1
  - - 941
    - 1
  - - 943
    - 2
  - - 952
    - 1
  - - 953
    - 1
  - - 954
    - 3
  - - 955
    - 1
  - - 956
    - 1
  - - 957
    - 3
  - - 959
    - 2
  - - 960
    - 1
  - - 964
    - 1
  - - 965
    - 1
  - - 975
    - 2
  - - 981
    - 1
  - - 984
    - 1
  - - 987
    - 1
  - - 993
    - 1
  - - 995
    - 1
  - - 996
    - 1
  - - 998
    - 1
  - - 1000
    - 1
  - - 1008
    - 3
  - - 1010
    - 1
  - - 1012
    - 1
  - - 1060
    - 1
  - - 1061
    - 1
  - - 1089
    - 1
  - - 1152
    - 1
  - - 1386
    - 1
  - - 1534
    - 1
  - - 1592
    - 1
  latency_50_percentile: 88.0
  latency_95_percentile: 310.0
  latency_99_5_percentile: 659.0
  latency_99_percentile: 560.0
  max_kubedns_cpu: 758
  max_kubedns_memory: 30
  max_latency: 1.59222
  max_perfserver_cpu: 0
  max_perfserver_memory: 0
  min_latency: 0.00132
  msg: null
  ok: true
  qps: 880.882606
  queries_completed: 105781
  queries_lost: 0
  queries_sent: 105781
  run_time: 120.085241
  stddev_latency: 0.102143
params:
  max_qps: null
  pod_name: dns-perf-client-858fb7568b-cmmmc
  query_file: all-queries.txt
  run_id: 1777662296
  run_length_seconds: 120
  run_subid: 0
stderr:
- ''
stdout:
- DNS Performance Testing Tool
- Nominum Version 2.1.0.0
- ''
- '[Status] Command line: dnsperf -s 10.0.0.10 -l 120 -d /queries/all-queries.txt'
- '[Status] Sending queries (to 10.0.0.10)'
- '[Status] Started at: Fri May  1 19:05:35 2026'
- '[Status] Stopping after 120.000000 seconds'
- '[Status] Testing complete (time limit)'
- ''
- 'Statistics:'
- ''
- '  Queries sent:         105781'
- '  Queries completed:    105781 (100.00%)'
- '  Queries lost:         0 (0.00%)'
- ''
- '  Response codes:       NOERROR 12693 (12.00%), NXDOMAIN 93088 (88.00%)'
- '  Average packet size:  request 38, response 122'
- '  Run time (s):         120.085241'
- '  Queries per second:   880.882606'
- ''
- '  Average Latency (s):  0.113298 (min 0.001320, max 1.592220)'
- '  Latency StdDev (s):   0.102143'
- ''
- '  Latency histogram'
- '#histogram 0 0'
- '#histogram 1 23'
- '#histogram 2 72'
- '#histogram 3 115'
- '#histogram 4 134'
- '#histogram 5 165'
- '#histogram 6 191'
- '#histogram 7 211'
- '#histogram 8 234'
- '#histogram 9 241'
- '#histogram 10 271'
- '#histogram 11 218'
- '#histogram 12 256'
- '#histogram 13 250'
- '#histogram 14 273'
- '#histogram 15 297'
- '#histogram 16 303'
- '#histogram 17 323'
- '#histogram 18 295'
- '#histogram 19 303'
- '#histogram 20 355'
- '#histogram 21 372'
- '#histogram 22 331'
- '#histogram 23 386'
- '#histogram 24 387'
- '#histogram 25 408'
- '#histogram 26 437'
- '#histogram 27 478'
- '#histogram 28 467'
- '#histogram 29 491'
- '#histogram 30 475'
- '#histogram 31 496'
- '#histogram 32 560'
- '#histogram 33 545'
- '#histogram 34 523'
- '#histogram 35 571'
- '#histogram 36 593'
- '#histogram 37 564'
- '#histogram 38 614'
- '#histogram 39 632'
- '#histogram 40 626'
- '#histogram 41 649'
- '#histogram 42 717'
- '#histogram 43 690'
- '#histogram 44 639'
- '#histogram 45 682'
- '#histogram 46 715'
- '#histogram 47 687'
- '#histogram 48 726'
- '#histogram 49 714'
- '#histogram 50 736'
- '#histogram 51 762'
- '#histogram 52 836'
- '#histogram 53 750'
- '#histogram 54 775'
- '#histogram 55 813'
- '#histogram 56 850'
- '#histogram 57 792'
- '#histogram 58 817'
- '#histogram 59 829'
- '#histogram 60 861'
- '#histogram 61 862'
- '#histogram 62 827'
- '#histogram 63 843'
- '#histogram 64 852'
- '#histogram 65 868'
- '#histogram 66 843'
- '#histogram 67 834'
- '#histogram 68 841'
- '#histogram 69 850'
- '#histogram 70 900'
- '#histogram 71 877'
- '#histogram 72 926'
- '#histogram 73 882'
- '#histogram 74 920'
- '#histogram 75 861'
- '#histogram 76 866'
- '#histogram 77 847'
- '#histogram 78 839'
- '#histogram 79 890'
- '#histogram 80 867'
- '#histogram 81 793'
- '#histogram 82 857'
- '#histogram 83 832'
- '#histogram 84 812'
- '#histogram 85 825'
- '#histogram 86 819'
- '#histogram 87 839'
- '#histogram 88 818'
- '#histogram 89 807'
- '#histogram 90 789'
- '#histogram 91 728'
- '#histogram 92 794'
- '#histogram 93 770'
- '#histogram 94 764'
- '#histogram 95 759'
- '#histogram 96 761'
- '#histogram 97 732'
- '#histogram 98 783'
- '#histogram 99 675'
- '#histogram 100 689'
- '#histogram 101 685'
- '#histogram 102 753'
- '#histogram 103 670'
- '#histogram 104 703'
- '#histogram 105 675'
- '#histogram 106 632'
- '#histogram 107 691'
- '#histogram 108 665'
- '#histogram 109 640'
- '#histogram 110 603'
- '#histogram 111 609'
- '#histogram 112 611'
- '#histogram 113 561'
- '#histogram 114 593'
- '#histogram 115 557'
- '#histogram 116 569'
- '#histogram 117 511'
- '#histogram 118 516'
- '#histogram 119 479'
- '#histogram 120 501'
- '#histogram 121 514'
- '#histogram 122 502'
- '#histogram 123 497'
- '#histogram 124 489'
- '#histogram 125 476'
- '#histogram 126 508'
- '#histogram 127 479'
- '#histogram 128 453'
- '#histogram 129 488'
- '#histogram 130 429'
- '#histogram 131 425'
- '#histogram 132 425'
- '#histogram 133 404'
- '#histogram 134 375'
- '#histogram 135 394'
- '#histogram 136 402'
- '#histogram 137 367'
- '#histogram 138 388'
- '#histogram 139 341'
- '#histogram 140 356'
- '#histogram 141 338'
- '#histogram 142 381'
- '#histogram 143 312'
- '#histogram 144 297'
- '#histogram 145 324'
- '#histogram 146 310'
- '#histogram 147 318'
- '#histogram 148 277'
- '#histogram 149 285'
- '#histogram 150 256'
- '#histogram 151 289'
- '#histogram 152 290'
- '#histogram 153 298'
- '#histogram 154 251'
- '#histogram 155 259'
- '#histogram 156 238'
- '#histogram 157 236'
- '#histogram 158 245'
- '#histogram 159 189'
- '#histogram 160 223'
- '#histogram 161 207'
- '#histogram 162 258'
- '#histogram 163 216'
- '#histogram 164 200'
- '#histogram 165 248'
- '#histogram 166 216'
- '#histogram 167 204'
- '#histogram 168 211'
- '#histogram 169 212'
- '#histogram 170 161'
- '#histogram 171 198'
- '#histogram 172 217'
- '#histogram 173 164'
- '#histogram 174 158'
- '#histogram 175 161'
- '#histogram 176 163'
- '#histogram 177 149'
- '#histogram 178 165'
- '#histogram 179 129'
- '#histogram 180 150'
- '#histogram 181 158'
- '#histogram 182 137'
- '#histogram 183 134'
- '#histogram 184 150'
- '#histogram 185 132'
- '#histogram 186 122'
- '#histogram 187 127'
- '#histogram 188 115'
- '#histogram 189 137'
- '#histogram 190 126'
- '#histogram 191 107'
- '#histogram 192 130'
- '#histogram 193 120'
- '#histogram 194 117'
- '#histogram 195 119'
- '#histogram 196 109'
- '#histogram 197 98'
- '#histogram 198 105'
- '#histogram 199 81'
- '#histogram 200 103'
- '#histogram 201 97'
- '#histogram 202 100'
- '#histogram 203 93'
- '#histogram 204 94'
- '#histogram 205 91'
- '#histogram 206 85'
- '#histogram 207 79'
- '#histogram 208 86'
- '#histogram 209 80'
- '#histogram 210 85'
- '#histogram 211 75'
- '#histogram 212 66'
- '#histogram 213 84'
- '#histogram 214 56'
- '#histogram 215 77'
- '#histogram 216 72'
- '#histogram 217 80'
- '#histogram 218 83'
- '#histogram 219 51'
- '#histogram 220 59'
- '#histogram 221 73'
- '#histogram 222 64'
- '#histogram 223 65'
- '#histogram 224 58'
- '#histogram 225 57'
- '#histogram 226 55'
- '#histogram 227 45'
- '#histogram 228 69'
- '#histogram 229 50'
- '#histogram 230 55'
- '#histogram 231 78'
- '#histogram 232 58'
- '#histogram 233 48'
- '#histogram 234 59'
- '#histogram 235 46'
- '#histogram 236 56'
- '#histogram 237 65'
- '#histogram 238 46'
- '#histogram 239 59'
- '#histogram 240 41'
- '#histogram 241 52'
- '#histogram 242 54'
- '#histogram 243 48'
- '#histogram 244 40'
- '#histogram 245 44'
- '#histogram 246 49'
- '#histogram 247 48'
- '#histogram 248 39'
- '#histogram 249 44'
- '#histogram 250 41'
- '#histogram 251 41'
- '#histogram 252 50'
- '#histogram 253 45'
- '#histogram 254 41'
- '#histogram 255 41'
- '#histogram 256 37'
- '#histogram 257 39'
- '#histogram 258 41'
- '#histogram 259 48'
- '#histogram 260 45'
- '#histogram 261 51'
- '#histogram 262 37'
- '#histogram 263 49'
- '#histogram 264 36'
- '#histogram 265 37'
- '#histogram 266 38'
- '#histogram 267 39'
- '#histogram 268 43'
- '#histogram 269 46'
- '#histogram 270 44'
- '#histogram 271 38'
- '#histogram 272 35'
- '#histogram 273 38'
- '#histogram 274 37'
- '#histogram 275 34'
- '#histogram 276 35'
- '#histogram 277 26'
- '#histogram 278 34'
- '#histogram 279 24'
- '#histogram 280 29'
- '#histogram 281 38'
- '#histogram 282 29'
- '#histogram 283 31'
- '#histogram 284 38'
- '#histogram 285 21'
- '#histogram 286 27'
- '#histogram 287 35'
- '#histogram 288 32'
- '#histogram 289 29'
- '#histogram 290 34'
- '#histogram 291 26'
- '#histogram 292 38'
- '#histogram 293 37'
- '#histogram 294 21'
- '#histogram 295 33'
- '#histogram 296 34'
- '#histogram 297 35'
- '#histogram 298 27'
- '#histogram 299 29'
- '#histogram 300 33'
- '#histogram 301 32'
- '#histogram 302 26'
- '#histogram 303 22'
- '#histogram 304 31'
- '#histogram 305 25'
- '#histogram 306 23'
- '#histogram 307 33'
- '#histogram 308 28'
- '#histogram 309 32'
- '#histogram 310 24'
- '#histogram 311 30'
- '#histogram 312 23'
- '#histogram 313 32'
- '#histogram 314 25'
- '#histogram 315 31'
- '#histogram 316 23'
- '#histogram 317 23'
- '#histogram 318 32'
- '#histogram 319 23'
- '#histogram 320 19'
- '#histogram 321 32'
- '#histogram 322 32'
- '#histogram 323 29'
- '#histogram 324 22'
- '#histogram 325 34'
- '#histogram 326 23'
- '#histogram 327 17'
- '#histogram 328 32'
- '#histogram 329 23'
- '#histogram 330 21'
- '#histogram 331 21'
- '#histogram 332 16'
- '#histogram 333 28'
- '#histogram 334 21'
- '#histogram 335 26'
- '#histogram 336 24'
- '#histogram 337 28'
- '#histogram 338 28'
- '#histogram 339 27'
- '#histogram 340 29'
- '#histogram 341 19'
- '#histogram 342 27'
- '#histogram 343 23'
- '#histogram 344 26'
- '#histogram 345 17'
- '#histogram 346 20'
- '#histogram 347 21'
- '#histogram 348 21'
- '#histogram 349 25'
- '#histogram 350 23'
- '#histogram 351 23'
- '#histogram 352 20'
- '#histogram 353 28'
- '#histogram 354 22'
- '#histogram 355 22'
- '#histogram 356 23'
- '#histogram 357 21'
- '#histogram 358 24'
- '#histogram 359 25'
- '#histogram 360 22'
- '#histogram 361 14'
- '#histogram 362 30'
- '#histogram 363 22'
- '#histogram 364 37'
- '#histogram 365 28'
- '#histogram 366 21'
- '#histogram 367 19'
- '#histogram 368 25'
- '#histogram 369 15'
- '#histogram 370 20'
- '#histogram 371 18'
- '#histogram 372 19'
- '#histogram 373 28'
- '#histogram 374 22'
- '#histogram 375 16'
- '#histogram 376 22'
- '#histogram 377 27'
- '#histogram 378 22'
- '#histogram 379 21'
- '#histogram 380 18'
- '#histogram 381 30'
- '#histogram 382 21'
- '#histogram 383 24'
- '#histogram 384 16'
- '#histogram 385 27'
- '#histogram 386 37'
- '#histogram 387 19'
- '#histogram 388 19'
- '#histogram 389 21'
- '#histogram 390 27'
- '#histogram 391 15'
- '#histogram 392 20'
- '#histogram 393 21'
- '#histogram 394 22'
- '#histogram 395 20'
- '#histogram 396 26'
- '#histogram 397 23'
- '#histogram 398 31'
- '#histogram 399 18'
- '#histogram 400 20'
- '#histogram 401 23'
- '#histogram 402 20'
- '#histogram 403 23'
- '#histogram 404 21'
- '#histogram 405 17'
- '#histogram 406 25'
- '#histogram 407 15'
- '#histogram 408 16'
- '#histogram 409 22'
- '#histogram 410 24'
- '#histogram 411 15'
- '#histogram 412 17'
- '#histogram 413 27'
- '#histogram 414 15'
- '#histogram 415 21'
- '#histogram 416 21'
- '#histogram 417 23'
- '#histogram 418 18'
- '#histogram 419 20'
- '#histogram 420 19'
- '#histogram 421 17'
- '#histogram 422 24'
- '#histogram 423 18'
- '#histogram 424 25'
- '#histogram 425 13'
- '#histogram 426 20'
- '#histogram 427 11'
- '#histogram 428 8'
- '#histogram 429 18'
- '#histogram 430 23'
- '#histogram 431 15'
- '#histogram 432 17'
- '#histogram 433 17'
- '#histogram 434 11'
- '#histogram 435 18'
- '#histogram 436 14'
- '#histogram 437 16'
- '#histogram 438 16'
- '#histogram 439 12'
- '#histogram 440 22'
- '#histogram 441 13'
- '#histogram 442 8'
- '#histogram 443 20'
- '#histogram 444 11'
- '#histogram 445 16'
- '#histogram 446 16'
- '#histogram 447 17'
- '#histogram 448 16'
- '#histogram 449 26'
- '#histogram 450 15'
- '#histogram 451 5'
- '#histogram 452 18'
- '#histogram 453 20'
- '#histogram 454 10'
- '#histogram 455 17'
- '#histogram 456 10'
- '#histogram 457 18'
- '#histogram 458 14'
- '#histogram 459 16'
- '#histogram 460 14'
- '#histogram 461 15'
- '#histogram 462 18'
- '#histogram 463 19'
- '#histogram 464 14'
- '#histogram 465 16'
- '#histogram 466 15'
- '#histogram 467 13'
- '#histogram 468 12'
- '#histogram 469 11'
- '#histogram 470 14'
- '#histogram 471 15'
- '#histogram 472 14'
- '#histogram 473 8'
- '#histogram 474 13'
- '#histogram 475 11'
- '#histogram 476 15'
- '#histogram 477 14'
- '#histogram 478 8'
- '#histogram 479 11'
- '#histogram 480 13'
- '#histogram 481 7'
- '#histogram 482 11'
- '#histogram 483 10'
- '#histogram 484 11'
- '#histogram 485 5'
- '#histogram 486 15'
- '#histogram 487 12'
- '#histogram 488 17'
- '#histogram 489 10'
- '#histogram 490 6'
- '#histogram 491 13'
- '#histogram 492 9'
- '#histogram 493 11'
- '#histogram 494 17'
- '#histogram 495 10'
- '#histogram 496 12'
- '#histogram 497 12'
- '#histogram 498 20'
- '#histogram 499 17'
- '#histogram 500 7'
- '#histogram 501 8'
- '#histogram 502 13'
- '#histogram 503 14'
- '#histogram 504 9'
- '#histogram 505 14'
- '#histogram 506 13'
- '#histogram 507 7'
- '#histogram 508 5'
- '#histogram 509 8'
- '#histogram 510 15'
- '#histogram 511 9'
- '#histogram 512 6'
- '#histogram 513 9'
- '#histogram 514 6'
- '#histogram 515 6'
- '#histogram 516 4'
- '#histogram 517 10'
- '#histogram 518 15'
- '#histogram 519 13'
- '#histogram 520 9'
- '#histogram 521 17'
- '#histogram 522 8'
- '#histogram 523 10'
- '#histogram 524 13'
- '#histogram 525 12'
- '#histogram 526 12'
- '#histogram 527 6'
- '#histogram 528 9'
- '#histogram 529 7'
- '#histogram 530 2'
- '#histogram 531 9'
- '#histogram 532 9'
- '#histogram 533 9'
- '#histogram 534 9'
- '#histogram 535 12'
- '#histogram 536 10'
- '#histogram 537 14'
- '#histogram 538 6'
- '#histogram 539 6'
- '#histogram 540 6'
- '#histogram 541 9'
- '#histogram 542 11'
- '#histogram 543 3'
- '#histogram 544 14'
- '#histogram 545 12'
- '#histogram 546 11'
- '#histogram 547 5'
- '#histogram 548 7'
- '#histogram 549 12'
- '#histogram 550 4'
- '#histogram 551 11'
- '#histogram 552 7'
- '#histogram 553 9'
- '#histogram 554 9'
- '#histogram 555 13'
- '#histogram 556 4'
- '#histogram 557 7'
- '#histogram 558 7'
- '#histogram 559 8'
- '#histogram 560 6'
- '#histogram 561 6'
- '#histogram 562 4'
- '#histogram 563 11'
- '#histogram 564 11'
- '#histogram 565 6'
- '#histogram 566 6'
- '#histogram 567 10'
- '#histogram 568 10'
- '#histogram 569 5'
- '#histogram 570 14'
- '#histogram 571 11'
- '#histogram 572 3'
- '#histogram 573 9'
- '#histogram 574 5'
- '#histogram 575 2'
- '#histogram 576 4'
- '#histogram 577 7'
- '#histogram 578 17'
- '#histogram 579 6'
- '#histogram 580 5'
- '#histogram 581 7'
- '#histogram 582 8'
- '#histogram 583 3'
- '#histogram 584 5'
- '#histogram 585 9'
- '#histogram 586 5'
- '#histogram 587 9'
- '#histogram 588 9'
- '#histogram 589 7'
- '#histogram 590 2'
- '#histogram 591 7'
- '#histogram 592 5'
- '#histogram 593 6'
- '#histogram 594 4'
- '#histogram 595 7'
- '#histogram 596 8'
- '#histogram 597 6'
- '#histogram 598 2'
- '#histogram 599 9'
- '#histogram 600 5'
- '#histogram 601 5'
- '#histogram 602 7'
- '#histogram 603 4'
- '#histogram 604 2'
- '#histogram 605 4'
- '#histogram 606 5'
- '#histogram 607 6'
- '#histogram 608 6'
- '#histogram 609 1'
- '#histogram 610 6'
- '#histogram 611 3'
- '#histogram 612 6'
- '#histogram 613 5'
- '#histogram 614 4'
- '#histogram 615 4'
- '#histogram 616 6'
- '#histogram 617 13'
- '#histogram 618 2'
- '#histogram 619 1'
- '#histogram 620 8'
- '#histogram 621 5'
- '#histogram 622 2'
- '#histogram 623 2'
- '#histogram 624 3'
- '#histogram 625 7'
- '#histogram 626 8'
- '#histogram 627 3'
- '#histogram 628 5'
- '#histogram 629 2'
- '#histogram 630 5'
- '#histogram 631 3'
- '#histogram 632 4'
- '#histogram 633 5'
- '#histogram 634 6'
- '#histogram 635 4'
- '#histogram 636 6'
- '#histogram 637 4'
- '#histogram 638 1'
- '#histogram 639 3'
- '#histogram 641 6'
- '#histogram 642 5'
- '#histogram 643 2'
- '#histogram 644 1'
- '#histogram 645 3'
- '#histogram 646 2'
- '#histogram 647 1'
- '#histogram 648 1'
- '#histogram 649 10'
- '#histogram 650 8'
- '#histogram 651 4'
- '#histogram 652 2'
- '#histogram 653 9'
- '#histogram 654 3'
- '#histogram 655 3'
- '#histogram 656 10'
- '#histogram 657 3'
- '#histogram 658 1'
- '#histogram 659 5'
- '#histogram 660 4'
- '#histogram 661 3'
- '#histogram 662 2'
- '#histogram 663 5'
- '#histogram 664 7'
- '#histogram 666 2'
- '#histogram 667 3'
- '#histogram 668 6'
- '#histogram 669 2'
- '#histogram 670 2'
- '#histogram 671 6'
- '#histogram 672 3'
- '#histogram 673 2'
- '#histogram 674 3'
- '#histogram 675 5'
- '#histogram 676 3'
- '#histogram 677 3'
- '#histogram 678 7'
- '#histogram 679 1'
- '#histogram 680 5'
- '#histogram 681 3'
- '#histogram 682 1'
- '#histogram 684 3'
- '#histogram 685 5'
- '#histogram 686 4'
- '#histogram 687 4'
- '#histogram 688 1'
- '#histogram 689 3'
- '#histogram 690 2'
- '#histogram 691 2'
- '#histogram 692 4'
- '#histogram 693 4'
- '#histogram 694 1'
- '#histogram 695 2'
- '#histogram 696 2'
- '#histogram 697 2'
- '#histogram 698 3'
- '#histogram 699 4'
- '#histogram 700 2'
- '#histogram 701 2'
- '#histogram 702 2'
- '#histogram 703 3'
- '#histogram 704 2'
- '#histogram 706 3'
- '#histogram 707 2'
- '#histogram 708 4'
- '#histogram 709 3'
- '#histogram 710 2'
- '#histogram 711 3'
- '#histogram 712 1'
- '#histogram 713 3'
- '#histogram 714 3'
- '#histogram 715 3'
- '#histogram 716 4'
- '#histogram 717 4'
- '#histogram 718 1'
- '#histogram 721 2'
- '#histogram 722 4'
- '#histogram 723 3'
- '#histogram 724 2'
- '#histogram 725 1'
- '#histogram 726 2'
- '#histogram 727 2'
- '#histogram 728 4'
- '#histogram 729 4'
- '#histogram 730 3'
- '#histogram 731 2'
- '#histogram 732 2'
- '#histogram 733 1'
- '#histogram 734 3'
- '#histogram 735 4'
- '#histogram 736 6'
- '#histogram 737 3'
- '#histogram 738 2'
- '#histogram 739 1'
- '#histogram 740 1'
- '#histogram 741 2'
- '#histogram 742 3'
- '#histogram 743 2'
- '#histogram 744 2'
- '#histogram 745 1'
- '#histogram 746 3'
- '#histogram 747 4'
- '#histogram 748 2'
- '#histogram 749 2'
- '#histogram 750 6'
- '#histogram 751 1'
- '#histogram 752 3'
- '#histogram 753 4'
- '#histogram 754 2'
- '#histogram 756 2'
- '#histogram 757 7'
- '#histogram 758 2'
- '#histogram 759 1'
- '#histogram 760 2'
- '#histogram 761 2'
- '#histogram 762 2'
- '#histogram 763 3'
- '#histogram 764 1'
- '#histogram 767 2'
- '#histogram 768 4'
- '#histogram 769 3'
- '#histogram 770 5'
- '#histogram 771 1'
- '#histogram 772 3'
- '#histogram 775 2'
- '#histogram 777 3'
- '#histogram 780 3'
- '#histogram 781 5'
- '#histogram 782 1'
- '#histogram 783 4'
- '#histogram 784 6'
- '#histogram 785 3'
- '#histogram 786 1'
- '#histogram 787 1'
- '#histogram 788 1'
- '#histogram 789 2'
- '#histogram 790 1'
- '#histogram 791 1'
- '#histogram 792 2'
- '#histogram 793 2'
- '#histogram 795 1'
- '#histogram 796 2'
- '#histogram 797 3'
- '#histogram 798 1'
- '#histogram 799 3'
- '#histogram 800 1'
- '#histogram 803 2'
- '#histogram 805 1'
- '#histogram 807 1'
- '#histogram 808 2'
- '#histogram 809 3'
- '#histogram 810 3'
- '#histogram 811 2'
- '#histogram 812 4'
- '#histogram 813 1'
- '#histogram 816 3'
- '#histogram 817 1'
- '#histogram 818 1'
- '#histogram 819 1'
- '#histogram 820 3'
- '#histogram 821 2'
- '#histogram 822 2'
- '#histogram 823 2'
- '#histogram 824 5'
- '#histogram 825 2'
- '#histogram 826 2'
- '#histogram 828 1'
- '#histogram 829 1'
- '#histogram 830 1'
- '#histogram 831 1'
- '#histogram 832 1'
- '#histogram 834 1'
- '#histogram 836 1'
- '#histogram 837 3'
- '#histogram 840 1'
- '#histogram 842 1'
- '#histogram 843 1'
- '#histogram 845 1'
- '#histogram 846 1'
- '#histogram 847 1'
- '#histogram 849 5'
- '#histogram 850 1'
- '#histogram 852 1'
- '#histogram 853 1'
- '#histogram 855 1'
- '#histogram 856 2'
- '#histogram 857 3'
- '#histogram 858 3'
- '#histogram 860 1'
- '#histogram 863 1'
- '#histogram 864 1'
- '#histogram 867 1'
- '#histogram 870 1'
- '#histogram 871 1'
- '#histogram 872 2'
- '#histogram 873 1'
- '#histogram 874 1'
- '#histogram 875 2'
- '#histogram 876 1'
- '#histogram 879 2'
- '#histogram 880 1'
- '#histogram 883 1'
- '#histogram 884 1'
- '#histogram 885 1'
- '#histogram 887 2'
- '#histogram 890 1'
- '#histogram 891 2'
- '#histogram 892 1'
- '#histogram 894 1'
- '#histogram 895 2'
- '#histogram 896 1'
- '#histogram 897 1'
- '#histogram 898 2'
- '#histogram 899 2'
- '#histogram 900 2'
- '#histogram 904 2'
- '#histogram 905 1'
- '#histogram 906 1'
- '#histogram 907 2'
- '#histogram 908 1'
- '#histogram 909 2'
- '#histogram 913 1'
- '#histogram 914 1'
- '#histogram 916 1'
- '#histogram 917 2'
- '#histogram 919 1'
- '#histogram 920 2'
- '#histogram 921 1'
- '#histogram 926 1'
- '#histogram 931 1'
- '#histogram 932 2'
- '#histogram 934 1'
- '#histogram 936 1'
- '#histogram 941 1'
- '#histogram 943 2'
- '#histogram 952 1'
- '#histogram 953 1'
- '#histogram 954 3'
- '#histogram 955 1'
- '#histogram 956 1'
- '#histogram 957 3'
- '#histogram 959 2'
- '#histogram 960 1'
- '#histogram 964 1'
- '#histogram 965 1'
- '#histogram 975 2'
- '#histogram 981 1'
- '#histogram 984 1'
- '#histogram 987 1'
- '#histogram 993 1'
- '#histogram 995 1'
- '#histogram 996 1'
- '#histogram 998 1'
- '#histogram 1000 1'
- '#histogram 1008 3'
- '#histogram 1010 1'
- '#histogram 1012 1'
- '#histogram 1060 1'
- '#histogram 1061 1'
- '#histogram 1089 1'
- '#histogram 1152 1'
- '#histogram 1386 1'
- '#histogram 1534 1'
- '#histogram 1592 1'
- ''
