code: 0
data:
  avg_latency: 0.11279
  histogram:
  - - 0
    - 0
  - - 1
    - 24
  - - 2
    - 94
  - - 3
    - 124
  - - 4
    - 148
  - - 5
    - 158
  - - 6
    - 161
  - - 7
    - 243
  - - 8
    - 224
  - - 9
    - 265
  - - 10
    - 245
  - - 11
    - 242
  - - 12
    - 254
  - - 13
    - 281
  - - 14
    - 275
  - - 15
    - 265
  - - 16
    - 310
  - - 17
    - 300
  - - 18
    - 323
  - - 19
    - 357
  - - 20
    - 357
  - - 21
    - 344
  - - 22
    - 441
  - - 23
    - 412
  - - 24
    - 420
  - - 25
    - 403
  - - 26
    - 435
  - - 27
    - 440
  - - 28
    - 474
  - - 29
    - 513
  - - 30
    - 475
  - - 31
    - 482
  - - 32
    - 581
  - - 33
    - 516
  - - 34
    - 536
  - - 35
    - 552
  - - 36
    - 613
  - - 37
    - 612
  - - 38
    - 628
  - - 39
    - 637
  - - 40
    - 626
  - - 41
    - 646
  - - 42
    - 694
  - - 43
    - 670
  - - 44
    - 683
  - - 45
    - 714
  - - 46
    - 735
  - - 47
    - 670
  - - 48
    - 685
  - - 49
    - 763
  - - 50
    - 721
  - - 51
    - 749
  - - 52
    - 782
  - - 53
    - 846
  - - 54
    - 778
  - - 55
    - 775
  - - 56
    - 848
  - - 57
    - 839
  - - 58
    - 857
  - - 59
    - 832
  - - 60
    - 815
  - - 61
    - 896
  - - 62
    - 792
  - - 63
    - 867
  - - 64
    - 893
  - - 65
    - 876
  - - 66
    - 821
  - - 67
    - 840
  - - 68
    - 907
  - - 69
    - 871
  - - 70
    - 837
  - - 71
    - 893
  - - 72
    - 805
  - - 73
    - 964
  - - 74
    - 827
  - - 75
    - 873
  - - 76
    - 840
  - - 77
    - 857
  - - 78
    - 866
  - - 79
    - 848
  - - 80
    - 800
  - - 81
    - 772
  - - 82
    - 814
  - - 83
    - 847
  - - 84
    - 837
  - - 85
    - 829
  - - 86
    - 849
  - - 87
    - 849
  - - 88
    - 822
  - - 89
    - 812
  - - 90
    - 831
  - - 91
    - 823
  - - 92
    - 815
  - - 93
    - 769
  - - 94
    - 733
  - - 95
    - 770
  - - 96
    - 767
  - - 97
    - 756
  - - 98
    - 742
  - - 99
    - 820
  - - 100
    - 690
  - - 101
    - 720
  - - 102
    - 669
  - - 103
    - 706
  - - 104
    - 671
  - - 105
    - 671
  - - 106
    - 676
  - - 107
    - 656
  - - 108
    - 652
  - - 109
    - 601
  - - 110
    - 617
  - - 111
    - 618
  - - 112
    - 602
  - - 113
    - 571
  - - 114
    - 579
  - - 115
    - 547
  - - 116
    - 554
  - - 117
    - 533
  - - 118
    - 516
  - - 119
    - 533
  - - 120
    - 550
  - - 121
    - 499
  - - 122
    - 508
  - - 123
    - 500
  - - 124
    - 532
  - - 125
    - 477
  - - 126
    - 471
  - - 127
    - 433
  - - 128
    - 469
  - - 129
    - 462
  - - 130
    - 433
  - - 131
    - 401
  - - 132
    - 413
  - - 133
    - 420
  - - 134
    - 375
  - - 135
    - 394
  - - 136
    - 389
  - - 137
    - 379
  - - 138
    - 356
  - - 139
    - 352
  - - 140
    - 342
  - - 141
    - 346
  - - 142
    - 326
  - - 143
    - 350
  - - 144
    - 345
  - - 145
    - 305
  - - 146
    - 317
  - - 147
    - 309
  - - 148
    - 293
  - - 149
    - 315
  - - 150
    - 296
  - - 151
    - 292
  - - 152
    - 279
  - - 153
    - 237
  - - 154
    - 254
  - - 155
    - 264
  - - 156
    - 254
  - - 157
    - 269
  - - 158
    - 274
  - - 159
    - 241
  - - 160
    - 229
  - - 161
    - 213
  - - 162
    - 231
  - - 163
    - 192
  - - 164
    - 220
  - - 165
    - 203
  - - 166
    - 216
  - - 167
    - 208
  - - 168
    - 204
  - - 169
    - 214
  - - 170
    - 190
  - - 171
    - 192
  - - 172
    - 177
  - - 173
    - 215
  - - 174
    - 178
  - - 175
    - 170
  - - 176
    - 171
  - - 177
    - 167
  - - 178
    - 187
  - - 179
    - 171
  - - 180
    - 160
  - - 181
    - 169
  - - 182
    - 148
  - - 183
    - 139
  - - 184
    - 123
  - - 185
    - 137
  - - 186
    - 120
  - - 187
    - 135
  - - 188
    - 138
  - - 189
    - 157
  - - 190
    - 117
  - - 191
    - 116
  - - 192
    - 115
  - - 193
    - 90
  - - 194
    - 111
  - - 195
    - 105
  - - 196
    - 88
  - - 197
    - 103
  - - 198
    - 98
  - - 199
    - 93
  - - 200
    - 115
  - - 201
    - 99
  - - 202
    - 94
  - - 203
    - 88
  - - 204
    - 95
  - - 205
    - 90
  - - 206
    - 73
  - - 207
    - 97
  - - 208
    - 71
  - - 209
    - 72
  - - 210
    - 83
  - - 211
    - 84
  - - 212
    - 52
  - - 213
    - 67
  - - 214
    - 67
  - - 215
    - 71
  - - 216
    - 66
  - - 217
    - 79
  - - 218
    - 68
  - - 219
    - 70
  - - 220
    - 59
  - - 221
    - 58
  - - 222
    - 69
  - - 223
    - 55
  - - 224
    - 64
  - - 225
    - 85
  - - 226
    - 54
  - - 227
    - 49
  - - 228
    - 48
  - - 229
    - 63
  - - 230
    - 62
  - - 231
    - 56
  - - 232
    - 51
  - - 233
    - 59
  - - 234
    - 67
  - - 235
    - 48
  - - 236
    - 62
  - - 237
    - 56
  - - 238
    - 41
  - - 239
    - 52
  - - 240
    - 42
  - - 241
    - 39
  - - 242
    - 46
  - - 243
    - 55
  - - 244
    - 42
  - - 245
    - 57
  - - 246
    - 45
  - - 247
    - 45
  - - 248
    - 39
  - - 249
    - 54
  - - 250
    - 50
  - - 251
    - 40
  - - 252
    - 35
  - - 253
    - 37
  - - 254
    - 49
  - - 255
    - 35
  - - 256
    - 35
  - - 257
    - 38
  - - 258
    - 30
  - - 259
    - 47
  - - 260
    - 46
  - - 261
    - 40
  - - 262
    - 40
  - - 263
    - 30
  - - 264
    - 34
  - - 265
    - 48
  - - 266
    - 53
  - - 267
    - 32
  - - 268
    - 38
  - - 269
    - 30
  - - 270
    - 31
  - - 271
    - 39
  - - 272
    - 39
  - - 273
    - 31
  - - 274
    - 23
  - - 275
    - 37
  - - 276
    - 25
  - - 277
    - 37
  - - 278
    - 31
  - - 279
    - 26
  - - 280
    - 20
  - - 281
    - 32
  - - 282
    - 30
  - - 283
    - 33
  - - 284
    - 36
  - - 285
    - 28
  - - 286
    - 27
  - - 287
    - 24
  - - 288
    - 34
  - - 289
    - 37
  - - 290
    - 36
  - - 291
    - 26
  - - 292
    - 26
  - - 293
    - 31
  - - 294
    - 31
  - - 295
    - 31
  - - 296
    - 27
  - - 297
    - 17
  - - 298
    - 24
  - - 299
    - 23
  - - 300
    - 37
  - - 301
    - 23
  - - 302
    - 24
  - - 303
    - 25
  - - 304
    - 24
  - - 305
    - 25
  - - 306
    - 22
  - - 307
    - 22
  - - 308
    - 32
  - - 309
    - 19
  - - 310
    - 23
  - - 311
    - 31
  - - 312
    - 16
  - - 313
    - 25
  - - 314
    - 31
  - - 315
    - 23
  - - 316
    - 23
  - - 317
    - 18
  - - 318
    - 31
  - - 319
    - 24
  - - 320
    - 31
  - - 321
    - 20
  - - 322
    - 35
  - - 323
    - 32
  - - 324
    - 14
  - - 325
    - 30
  - - 326
    - 28
  - - 327
    - 30
  - - 328
    - 20
  - - 329
    - 23
  - - 330
    - 24
  - - 331
    - 16
  - - 332
    - 27
  - - 333
    - 27
  - - 334
    - 20
  - - 335
    - 23
  - - 336
    - 23
  - - 337
    - 31
  - - 338
    - 27
  - - 339
    - 19
  - - 340
    - 25
  - - 341
    - 22
  - - 342
    - 30
  - - 343
    - 20
  - - 344
    - 18
  - - 345
    - 19
  - - 346
    - 23
  - - 347
    - 25
  - - 348
    - 22
  - - 349
    - 18
  - - 350
    - 30
  - - 351
    - 27
  - - 352
    - 30
  - - 353
    - 30
  - - 354
    - 28
  - - 355
    - 29
  - - 356
    - 26
  - - 357
    - 18
  - - 358
    - 21
  - - 359
    - 29
  - - 360
    - 25
  - - 361
    - 20
  - - 362
    - 23
  - - 363
    - 23
  - - 364
    - 15
  - - 365
    - 16
  - - 366
    - 27
  - - 367
    - 33
  - - 368
    - 26
  - - 369
    - 16
  - - 370
    - 23
  - - 371
    - 29
  - - 372
    - 21
  - - 373
    - 17
  - - 374
    - 27
  - - 375
    - 19
  - - 376
    - 14
  - - 377
    - 19
  - - 378
    - 28
  - - 379
    - 28
  - - 380
    - 19
  - - 381
    - 21
  - - 382
    - 23
  - - 383
    - 29
  - - 384
    - 31
  - - 385
    - 31
  - - 386
    - 23
  - - 387
    - 18
  - - 388
    - 17
  - - 389
    - 26
  - - 390
    - 23
  - - 391
    - 20
  - - 392
    - 29
  - - 393
    - 21
  - - 394
    - 18
  - - 395
    - 21
  - - 396
    - 20
  - - 397
    - 21
  - - 398
    - 21
  - - 399
    - 21
  - - 400
    - 25
  - - 401
    - 13
  - - 402
    - 13
  - - 403
    - 25
  - - 404
    - 24
  - - 405
    - 21
  - - 406
    - 19
  - - 407
    - 19
  - - 408
    - 23
  - - 409
    - 28
  - - 410
    - 21
  - - 411
    - 13
  - - 412
    - 22
  - - 413
    - 23
  - - 414
    - 14
  - - 415
    - 16
  - - 416
    - 12
  - - 417
    - 19
  - - 418
    - 17
  - - 419
    - 17
  - - 420
    - 21
  - - 421
    - 14
  - - 422
    - 19
  - - 423
    - 20
  - - 424
    - 10
  - - 425
    - 10
  - - 426
    - 12
  - - 427
    - 16
  - - 428
    - 15
  - - 429
    - 13
  - - 430
    - 24
  - - 431
    - 19
  - - 432
    - 14
  - - 433
    - 22
  - - 434
    - 19
  - - 435
    - 16
  - - 436
    - 13
  - - 437
    - 19
  - - 438
    - 21
  - - 439
    - 23
  - - 440
    - 17
  - - 441
    - 7
  - - 442
    - 12
  - - 443
    - 11
  - - 444
    - 12
  - - 445
    - 22
  - - 446
    - 7
  - - 447
    - 19
  - - 448
    - 15
  - - 449
    - 13
  - - 450
    - 18
  - - 451
    - 11
  - - 452
    - 20
  - - 453
    - 11
  - - 454
    - 12
  - - 455
    - 14
  - - 456
    - 14
  - - 457
    - 12
  - - 458
    - 15
  - - 459
    - 17
  - - 460
    - 16
  - - 461
    - 18
  - - 462
    - 16
  - - 463
    - 12
  - - 464
    - 13
  - - 465
    - 20
  - - 466
    - 23
  - - 467
    - 9
  - - 468
    - 17
  - - 469
    - 20
  - - 470
    - 17
  - - 471
    - 15
  - - 472
    - 10
  - - 473
    - 13
  - - 474
    - 15
  - - 475
    - 16
  - - 476
    - 12
  - - 477
    - 12
  - - 478
    - 16
  - - 479
    - 12
  - - 480
    - 16
  - - 481
    - 11
  - - 482
    - 13
  - - 483
    - 13
  - - 484
    - 15
  - - 485
    - 20
  - - 486
    - 17
  - - 487
    - 16
  - - 488
    - 16
  - - 489
    - 14
  - - 490
    - 13
  - - 491
    - 9
  - - 492
    - 10
  - - 493
    - 6
  - - 494
    - 13
  - - 495
    - 10
  - - 496
    - 17
  - - 497
    - 10
  - - 498
    - 10
  - - 499
    - 13
  - - 500
    - 10
  - - 501
    - 7
  - - 502
    - 10
  - - 503
    - 9
  - - 504
    - 13
  - - 505
    - 9
  - - 506
    - 13
  - - 507
    - 9
  - - 508
    - 10
  - - 509
    - 9
  - - 510
    - 8
  - - 511
    - 9
  - - 512
    - 12
  - - 513
    - 13
  - - 514
    - 9
  - - 515
    - 8
  - - 516
    - 14
  - - 517
    - 12
  - - 518
    - 14
  - - 519
    - 6
  - - 520
    - 12
  - - 521
    - 9
  - - 522
    - 9
  - - 523
    - 6
  - - 524
    - 8
  - - 525
    - 15
  - - 526
    - 8
  - - 527
    - 10
  - - 528
    - 7
  - - 529
    - 4
  - - 530
    - 8
  - - 531
    - 3
  - - 532
    - 11
  - - 533
    - 14
  - - 534
    - 6
  - - 535
    - 6
  - - 536
    - 12
  - - 537
    - 10
  - - 538
    - 4
  - - 539
    - 12
  - - 540
    - 6
  - - 541
    - 7
  - - 542
    - 8
  - - 543
    - 11
  - - 544
    - 8
  - - 545
    - 7
  - - 546
    - 6
  - - 547
    - 8
  - - 548
    - 4
  - - 549
    - 11
  - - 550
    - 11
  - - 551
    - 5
  - - 552
    - 7
  - - 553
    - 9
  - - 554
    - 8
  - - 555
    - 10
  - - 556
    - 14
  - - 557
    - 5
  - - 558
    - 10
  - - 559
    - 6
  - - 560
    - 11
  - - 561
    - 9
  - - 562
    - 6
  - - 563
    - 5
  - - 564
    - 7
  - - 565
    - 4
  - - 566
    - 11
  - - 567
    - 4
  - - 568
    - 7
  - - 569
    - 9
  - - 570
    - 9
  - - 571
    - 9
  - - 572
    - 5
  - - 573
    - 6
  - - 574
    - 5
  - - 575
    - 8
  - - 576
    - 8
  - - 577
    - 8
  - - 578
    - 4
  - - 579
    - 3
  - - 580
    - 9
  - - 581
    - 8
  - - 582
    - 7
  - - 583
    - 6
  - - 584
    - 4
  - - 585
    - 2
  - - 586
    - 7
  - - 587
    - 6
  - - 588
    - 5
  - - 589
    - 4
  - - 590
    - 3
  - - 591
    - 6
  - - 592
    - 8
  - - 593
    - 8
  - - 594
    - 5
  - - 595
    - 6
  - - 596
    - 9
  - - 597
    - 3
  - - 598
    - 11
  - - 599
    - 5
  - - 600
    - 6
  - - 601
    - 5
  - - 602
    - 8
  - - 603
    - 5
  - - 604
    - 3
  - - 605
    - 3
  - - 606
    - 3
  - - 607
    - 4
  - - 608
    - 7
  - - 609
    - 2
  - - 610
    - 7
  - - 611
    - 7
  - - 612
    - 3
  - - 613
    - 9
  - - 614
    - 3
  - - 615
    - 6
  - - 616
    - 7
  - - 617
    - 7
  - - 618
    - 9
  - - 619
    - 6
  - - 620
    - 5
  - - 621
    - 7
  - - 622
    - 6
  - - 623
    - 6
  - - 624
    - 2
  - - 625
    - 5
  - - 626
    - 4
  - - 627
    - 5
  - - 628
    - 5
  - - 629
    - 3
  - - 630
    - 1
  - - 631
    - 2
  - - 632
    - 3
  - - 633
    - 8
  - - 634
    - 4
  - - 635
    - 6
  - - 636
    - 1
  - - 637
    - 3
  - - 638
    - 1
  - - 639
    - 4
  - - 640
    - 2
  - - 641
    - 8
  - - 642
    - 5
  - - 643
    - 8
  - - 644
    - 3
  - - 645
    - 2
  - - 646
    - 6
  - - 647
    - 5
  - - 648
    - 1
  - - 649
    - 4
  - - 650
    - 7
  - - 651
    - 4
  - - 652
    - 7
  - - 654
    - 2
  - - 655
    - 3
  - - 656
    - 2
  - - 658
    - 4
  - - 659
    - 4
  - - 661
    - 4
  - - 662
    - 4
  - - 663
    - 2
  - - 664
    - 4
  - - 665
    - 2
  - - 666
    - 2
  - - 667
    - 7
  - - 669
    - 3
  - - 670
    - 5
  - - 671
    - 3
  - - 672
    - 3
  - - 673
    - 4
  - - 674
    - 4
  - - 675
    - 3
  - - 676
    - 1
  - - 677
    - 3
  - - 678
    - 1
  - - 679
    - 3
  - - 680
    - 1
  - - 681
    - 1
  - - 682
    - 3
  - - 683
    - 2
  - - 684
    - 2
  - - 685
    - 3
  - - 686
    - 4
  - - 687
    - 2
  - - 688
    - 6
  - - 689
    - 5
  - - 690
    - 2
  - - 691
    - 4
  - - 692
    - 2
  - - 693
    - 5
  - - 694
    - 4
  - - 695
    - 3
  - - 696
    - 2
  - - 697
    - 9
  - - 698
    - 5
  - - 699
    - 1
  - - 700
    - 3
  - - 701
    - 1
  - - 702
    - 2
  - - 704
    - 1
  - - 705
    - 1
  - - 706
    - 2
  - - 707
    - 5
  - - 708
    - 2
  - - 709
    - 1
  - - 710
    - 2
  - - 711
    - 3
  - - 712
    - 6
  - - 713
    - 1
  - - 714
    - 1
  - - 715
    - 1
  - - 716
    - 6
  - - 717
    - 1
  - - 718
    - 4
  - - 719
    - 3
  - - 720
    - 3
  - - 721
    - 4
  - - 722
    - 3
  - - 723
    - 4
  - - 724
    - 3
  - - 725
    - 2
  - - 726
    - 6
  - - 727
    - 5
  - - 728
    - 1
  - - 729
    - 4
  - - 730
    - 4
  - - 731
    - 3
  - - 732
    - 1
  - - 733
    - 1
  - - 734
    - 4
  - - 736
    - 1
  - - 737
    - 1
  - - 738
    - 2
  - - 739
    - 2
  - - 740
    - 4
  - - 742
    - 3
  - - 743
    - 2
  - - 744
    - 3
  - - 745
    - 1
  - - 746
    - 1
  - - 747
    - 2
  - - 748
    - 3
  - - 749
    - 4
  - - 750
    - 2
  - - 751
    - 5
  - - 752
    - 2
  - - 753
    - 1
  - - 754
    - 3
  - - 755
    - 3
  - - 756
    - 3
  - - 757
    - 4
  - - 758
    - 2
  - - 759
    - 3
  - - 760
    - 2
  - - 761
    - 5
  - - 762
    - 4
  - - 763
    - 5
  - - 764
    - 3
  - - 765
    - 1
  - - 766
    - 3
  - - 767
    - 4
  - - 768
    - 1
  - - 769
    - 2
  - - 770
    - 1
  - - 771
    - 1
  - - 772
    - 2
  - - 773
    - 4
  - - 775
    - 2
  - - 776
    - 4
  - - 777
    - 2
  - - 778
    - 1
  - - 779
    - 2
  - - 780
    - 1
  - - 782
    - 3
  - - 783
    - 1
  - - 784
    - 2
  - - 785
    - 3
  - - 786
    - 2
  - - 788
    - 4
  - - 789
    - 2
  - - 790
    - 2
  - - 791
    - 2
  - - 792
    - 2
  - - 793
    - 1
  - - 794
    - 3
  - - 795
    - 1
  - - 796
    - 2
  - - 797
    - 2
  - - 798
    - 1
  - - 800
    - 1
  - - 801
    - 2
  - - 802
    - 1
  - - 804
    - 1
  - - 805
    - 1
  - - 806
    - 1
  - - 807
    - 1
  - - 808
    - 2
  - - 809
    - 1
  - - 812
    - 1
  - - 814
    - 2
  - - 815
    - 2
  - - 819
    - 3
  - - 820
    - 1
  - - 821
    - 2
  - - 823
    - 1
  - - 824
    - 1
  - - 825
    - 2
  - - 826
    - 1
  - - 827
    - 3
  - - 828
    - 2
  - - 831
    - 1
  - - 832
    - 2
  - - 833
    - 3
  - - 834
    - 2
  - - 836
    - 2
  - - 837
    - 2
  - - 841
    - 2
  - - 842
    - 2
  - - 845
    - 1
  - - 847
    - 1
  - - 848
    - 1
  - - 849
    - 1
  - - 851
    - 1
  - - 853
    - 1
  - - 854
    - 1
  - - 855
    - 1
  - - 857
    - 1
  - - 858
    - 2
  - - 859
    - 2
  - - 860
    - 1
  - - 861
    - 1
  - - 862
    - 1
  - - 863
    - 2
  - - 864
    - 1
  - - 867
    - 2
  - - 868
    - 2
  - - 869
    - 3
  - - 870
    - 3
  - - 871
    - 1
  - - 873
    - 2
  - - 874
    - 2
  - - 875
    - 1
  - - 876
    - 1
  - - 878
    - 1
  - - 879
    - 2
  - - 881
    - 4
  - - 883
    - 2
  - - 884
    - 2
  - - 885
    - 3
  - - 887
    - 1
  - - 889
    - 1
  - - 890
    - 1
  - - 893
    - 1
  - - 897
    - 1
  - - 898
    - 2
  - - 899
    - 1
  - - 901
    - 1
  - - 902
    - 2
  - - 903
    - 2
  - - 907
    - 2
  - - 909
    - 1
  - - 910
    - 1
  - - 912
    - 1
  - - 913
    - 1
  - - 917
    - 2
  - - 918
    - 1
  - - 919
    - 2
  - - 923
    - 2
  - - 924
    - 2
  - - 929
    - 1
  - - 931
    - 2
  - - 932
    - 1
  - - 933
    - 1
  - - 934
    - 1
  - - 935
    - 1
  - - 938
    - 1
  - - 940
    - 1
  - - 943
    - 1
  - - 945
    - 1
  - - 946
    - 1
  - - 947
    - 1
  - - 949
    - 2
  - - 950
    - 1
  - - 952
    - 1
  - - 956
    - 1
  - - 958
    - 1
  - - 961
    - 1
  - - 969
    - 1
  - - 971
    - 1
  - - 976
    - 1
  - - 977
    - 1
  - - 987
    - 1
  - - 988
    - 1
  - - 992
    - 2
  - - 994
    - 2
  - - 1015
    - 1
  - - 1029
    - 1
  - - 1031
    - 1
  - - 1042
    - 1
  - - 1064
    - 1
  - - 1071
    - 1
  - - 1147
    - 1
  - - 1230
    - 1
  - - 1265
    - 1
  - - 2060
    - 1
  latency_50_percentile: 88.0
  latency_95_percentile: 308.0
  latency_99_5_percentile: 657.1600000000035
  latency_99_percentile: 558.0
  max_kubedns_cpu: 758
  max_kubedns_memory: 30
  max_latency: 2.06098
  max_perfserver_cpu: 0
  max_perfserver_memory: 0
  min_latency: 0.001202
  msg: null
  ok: true
  qps: 885.042501
  queries_completed: 106285
  queries_lost: 0
  queries_sent: 106285
  run_time: 120.090278
  stddev_latency: 0.101748
params:
  max_qps: null
  pod_name: dns-perf-client-858fb7568b-f97ft
  query_file: all-queries.txt
  run_id: 1777662296
  run_length_seconds: 120
  run_subid: 0
stderr:
- ''
stdout:
- DNS Performance Testing Tool
- Nominum Version 2.1.0.0
- ''
- '[Status] Command line: dnsperf -s 10.0.0.10 -l 120 -d /queries/all-queries.txt'
- '[Status] Sending queries (to 10.0.0.10)'
- '[Status] Started at: Fri May  1 19:05:35 2026'
- '[Status] Stopping after 120.000000 seconds'
- '[Status] Testing complete (time limit)'
- ''
- 'Statistics:'
- ''
- '  Queries sent:         106285'
- '  Queries completed:    106285 (100.00%)'
- '  Queries lost:         0 (0.00%)'
- ''
- '  Response codes:       NOERROR 12753 (12.00%), NXDOMAIN 93532 (88.00%)'
- '  Average packet size:  request 38, response 122'
- '  Run time (s):         120.090278'
- '  Queries per second:   885.042501'
- ''
- '  Average Latency (s):  0.112790 (min 0.001202, max 2.060980)'
- '  Latency StdDev (s):   0.101748'
- ''
- '  Latency histogram'
- '#histogram 0 0'
- '#histogram 1 24'
- '#histogram 2 94'
- '#histogram 3 124'
- '#histogram 4 148'
- '#histogram 5 158'
- '#histogram 6 161'
- '#histogram 7 243'
- '#histogram 8 224'
- '#histogram 9 265'
- '#histogram 10 245'
- '#histogram 11 242'
- '#histogram 12 254'
- '#histogram 13 281'
- '#histogram 14 275'
- '#histogram 15 265'
- '#histogram 16 310'
- '#histogram 17 300'
- '#histogram 18 323'
- '#histogram 19 357'
- '#histogram 20 357'
- '#histogram 21 344'
- '#histogram 22 441'
- '#histogram 23 412'
- '#histogram 24 420'
- '#histogram 25 403'
- '#histogram 26 435'
- '#histogram 27 440'
- '#histogram 28 474'
- '#histogram 29 513'
- '#histogram 30 475'
- '#histogram 31 482'
- '#histogram 32 581'
- '#histogram 33 516'
- '#histogram 34 536'
- '#histogram 35 552'
- '#histogram 36 613'
- '#histogram 37 612'
- '#histogram 38 628'
- '#histogram 39 637'
- '#histogram 40 626'
- '#histogram 41 646'
- '#histogram 42 694'
- '#histogram 43 670'
- '#histogram 44 683'
- '#histogram 45 714'
- '#histogram 46 735'
- '#histogram 47 670'
- '#histogram 48 685'
- '#histogram 49 763'
- '#histogram 50 721'
- '#histogram 51 749'
- '#histogram 52 782'
- '#histogram 53 846'
- '#histogram 54 778'
- '#histogram 55 775'
- '#histogram 56 848'
- '#histogram 57 839'
- '#histogram 58 857'
- '#histogram 59 832'
- '#histogram 60 815'
- '#histogram 61 896'
- '#histogram 62 792'
- '#histogram 63 867'
- '#histogram 64 893'
- '#histogram 65 876'
- '#histogram 66 821'
- '#histogram 67 840'
- '#histogram 68 907'
- '#histogram 69 871'
- '#histogram 70 837'
- '#histogram 71 893'
- '#histogram 72 805'
- '#histogram 73 964'
- '#histogram 74 827'
- '#histogram 75 873'
- '#histogram 76 840'
- '#histogram 77 857'
- '#histogram 78 866'
- '#histogram 79 848'
- '#histogram 80 800'
- '#histogram 81 772'
- '#histogram 82 814'
- '#histogram 83 847'
- '#histogram 84 837'
- '#histogram 85 829'
- '#histogram 86 849'
- '#histogram 87 849'
- '#histogram 88 822'
- '#histogram 89 812'
- '#histogram 90 831'
- '#histogram 91 823'
- '#histogram 92 815'
- '#histogram 93 769'
- '#histogram 94 733'
- '#histogram 95 770'
- '#histogram 96 767'
- '#histogram 97 756'
- '#histogram 98 742'
- '#histogram 99 820'
- '#histogram 100 690'
- '#histogram 101 720'
- '#histogram 102 669'
- '#histogram 103 706'
- '#histogram 104 671'
- '#histogram 105 671'
- '#histogram 106 676'
- '#histogram 107 656'
- '#histogram 108 652'
- '#histogram 109 601'
- '#histogram 110 617'
- '#histogram 111 618'
- '#histogram 112 602'
- '#histogram 113 571'
- '#histogram 114 579'
- '#histogram 115 547'
- '#histogram 116 554'
- '#histogram 117 533'
- '#histogram 118 516'
- '#histogram 119 533'
- '#histogram 120 550'
- '#histogram 121 499'
- '#histogram 122 508'
- '#histogram 123 500'
- '#histogram 124 532'
- '#histogram 125 477'
- '#histogram 126 471'
- '#histogram 127 433'
- '#histogram 128 469'
- '#histogram 129 462'
- '#histogram 130 433'
- '#histogram 131 401'
- '#histogram 132 413'
- '#histogram 133 420'
- '#histogram 134 375'
- '#histogram 135 394'
- '#histogram 136 389'
- '#histogram 137 379'
- '#histogram 138 356'
- '#histogram 139 352'
- '#histogram 140 342'
- '#histogram 141 346'
- '#histogram 142 326'
- '#histogram 143 350'
- '#histogram 144 345'
- '#histogram 145 305'
- '#histogram 146 317'
- '#histogram 147 309'
- '#histogram 148 293'
- '#histogram 149 315'
- '#histogram 150 296'
- '#histogram 151 292'
- '#histogram 152 279'
- '#histogram 153 237'
- '#histogram 154 254'
- '#histogram 155 264'
- '#histogram 156 254'
- '#histogram 157 269'
- '#histogram 158 274'
- '#histogram 159 241'
- '#histogram 160 229'
- '#histogram 161 213'
- '#histogram 162 231'
- '#histogram 163 192'
- '#histogram 164 220'
- '#histogram 165 203'
- '#histogram 166 216'
- '#histogram 167 208'
- '#histogram 168 204'
- '#histogram 169 214'
- '#histogram 170 190'
- '#histogram 171 192'
- '#histogram 172 177'
- '#histogram 173 215'
- '#histogram 174 178'
- '#histogram 175 170'
- '#histogram 176 171'
- '#histogram 177 167'
- '#histogram 178 187'
- '#histogram 179 171'
- '#histogram 180 160'
- '#histogram 181 169'
- '#histogram 182 148'
- '#histogram 183 139'
- '#histogram 184 123'
- '#histogram 185 137'
- '#histogram 186 120'
- '#histogram 187 135'
- '#histogram 188 138'
- '#histogram 189 157'
- '#histogram 190 117'
- '#histogram 191 116'
- '#histogram 192 115'
- '#histogram 193 90'
- '#histogram 194 111'
- '#histogram 195 105'
- '#histogram 196 88'
- '#histogram 197 103'
- '#histogram 198 98'
- '#histogram 199 93'
- '#histogram 200 115'
- '#histogram 201 99'
- '#histogram 202 94'
- '#histogram 203 88'
- '#histogram 204 95'
- '#histogram 205 90'
- '#histogram 206 73'
- '#histogram 207 97'
- '#histogram 208 71'
- '#histogram 209 72'
- '#histogram 210 83'
- '#histogram 211 84'
- '#histogram 212 52'
- '#histogram 213 67'
- '#histogram 214 67'
- '#histogram 215 71'
- '#histogram 216 66'
- '#histogram 217 79'
- '#histogram 218 68'
- '#histogram 219 70'
- '#histogram 220 59'
- '#histogram 221 58'
- '#histogram 222 69'
- '#histogram 223 55'
- '#histogram 224 64'
- '#histogram 225 85'
- '#histogram 226 54'
- '#histogram 227 49'
- '#histogram 228 48'
- '#histogram 229 63'
- '#histogram 230 62'
- '#histogram 231 56'
- '#histogram 232 51'
- '#histogram 233 59'
- '#histogram 234 67'
- '#histogram 235 48'
- '#histogram 236 62'
- '#histogram 237 56'
- '#histogram 238 41'
- '#histogram 239 52'
- '#histogram 240 42'
- '#histogram 241 39'
- '#histogram 242 46'
- '#histogram 243 55'
- '#histogram 244 42'
- '#histogram 245 57'
- '#histogram 246 45'
- '#histogram 247 45'
- '#histogram 248 39'
- '#histogram 249 54'
- '#histogram 250 50'
- '#histogram 251 40'
- '#histogram 252 35'
- '#histogram 253 37'
- '#histogram 254 49'
- '#histogram 255 35'
- '#histogram 256 35'
- '#histogram 257 38'
- '#histogram 258 30'
- '#histogram 259 47'
- '#histogram 260 46'
- '#histogram 261 40'
- '#histogram 262 40'
- '#histogram 263 30'
- '#histogram 264 34'
- '#histogram 265 48'
- '#histogram 266 53'
- '#histogram 267 32'
- '#histogram 268 38'
- '#histogram 269 30'
- '#histogram 270 31'
- '#histogram 271 39'
- '#histogram 272 39'
- '#histogram 273 31'
- '#histogram 274 23'
- '#histogram 275 37'
- '#histogram 276 25'
- '#histogram 277 37'
- '#histogram 278 31'
- '#histogram 279 26'
- '#histogram 280 20'
- '#histogram 281 32'
- '#histogram 282 30'
- '#histogram 283 33'
- '#histogram 284 36'
- '#histogram 285 28'
- '#histogram 286 27'
- '#histogram 287 24'
- '#histogram 288 34'
- '#histogram 289 37'
- '#histogram 290 36'
- '#histogram 291 26'
- '#histogram 292 26'
- '#histogram 293 31'
- '#histogram 294 31'
- '#histogram 295 31'
- '#histogram 296 27'
- '#histogram 297 17'
- '#histogram 298 24'
- '#histogram 299 23'
- '#histogram 300 37'
- '#histogram 301 23'
- '#histogram 302 24'
- '#histogram 303 25'
- '#histogram 304 24'
- '#histogram 305 25'
- '#histogram 306 22'
- '#histogram 307 22'
- '#histogram 308 32'
- '#histogram 309 19'
- '#histogram 310 23'
- '#histogram 311 31'
- '#histogram 312 16'
- '#histogram 313 25'
- '#histogram 314 31'
- '#histogram 315 23'
- '#histogram 316 23'
- '#histogram 317 18'
- '#histogram 318 31'
- '#histogram 319 24'
- '#histogram 320 31'
- '#histogram 321 20'
- '#histogram 322 35'
- '#histogram 323 32'
- '#histogram 324 14'
- '#histogram 325 30'
- '#histogram 326 28'
- '#histogram 327 30'
- '#histogram 328 20'
- '#histogram 329 23'
- '#histogram 330 24'
- '#histogram 331 16'
- '#histogram 332 27'
- '#histogram 333 27'
- '#histogram 334 20'
- '#histogram 335 23'
- '#histogram 336 23'
- '#histogram 337 31'
- '#histogram 338 27'
- '#histogram 339 19'
- '#histogram 340 25'
- '#histogram 341 22'
- '#histogram 342 30'
- '#histogram 343 20'
- '#histogram 344 18'
- '#histogram 345 19'
- '#histogram 346 23'
- '#histogram 347 25'
- '#histogram 348 22'
- '#histogram 349 18'
- '#histogram 350 30'
- '#histogram 351 27'
- '#histogram 352 30'
- '#histogram 353 30'
- '#histogram 354 28'
- '#histogram 355 29'
- '#histogram 356 26'
- '#histogram 357 18'
- '#histogram 358 21'
- '#histogram 359 29'
- '#histogram 360 25'
- '#histogram 361 20'
- '#histogram 362 23'
- '#histogram 363 23'
- '#histogram 364 15'
- '#histogram 365 16'
- '#histogram 366 27'
- '#histogram 367 33'
- '#histogram 368 26'
- '#histogram 369 16'
- '#histogram 370 23'
- '#histogram 371 29'
- '#histogram 372 21'
- '#histogram 373 17'
- '#histogram 374 27'
- '#histogram 375 19'
- '#histogram 376 14'
- '#histogram 377 19'
- '#histogram 378 28'
- '#histogram 379 28'
- '#histogram 380 19'
- '#histogram 381 21'
- '#histogram 382 23'
- '#histogram 383 29'
- '#histogram 384 31'
- '#histogram 385 31'
- '#histogram 386 23'
- '#histogram 387 18'
- '#histogram 388 17'
- '#histogram 389 26'
- '#histogram 390 23'
- '#histogram 391 20'
- '#histogram 392 29'
- '#histogram 393 21'
- '#histogram 394 18'
- '#histogram 395 21'
- '#histogram 396 20'
- '#histogram 397 21'
- '#histogram 398 21'
- '#histogram 399 21'
- '#histogram 400 25'
- '#histogram 401 13'
- '#histogram 402 13'
- '#histogram 403 25'
- '#histogram 404 24'
- '#histogram 405 21'
- '#histogram 406 19'
- '#histogram 407 19'
- '#histogram 408 23'
- '#histogram 409 28'
- '#histogram 410 21'
- '#histogram 411 13'
- '#histogram 412 22'
- '#histogram 413 23'
- '#histogram 414 14'
- '#histogram 415 16'
- '#histogram 416 12'
- '#histogram 417 19'
- '#histogram 418 17'
- '#histogram 419 17'
- '#histogram 420 21'
- '#histogram 421 14'
- '#histogram 422 19'
- '#histogram 423 20'
- '#histogram 424 10'
- '#histogram 425 10'
- '#histogram 426 12'
- '#histogram 427 16'
- '#histogram 428 15'
- '#histogram 429 13'
- '#histogram 430 24'
- '#histogram 431 19'
- '#histogram 432 14'
- '#histogram 433 22'
- '#histogram 434 19'
- '#histogram 435 16'
- '#histogram 436 13'
- '#histogram 437 19'
- '#histogram 438 21'
- '#histogram 439 23'
- '#histogram 440 17'
- '#histogram 441 7'
- '#histogram 442 12'
- '#histogram 443 11'
- '#histogram 444 12'
- '#histogram 445 22'
- '#histogram 446 7'
- '#histogram 447 19'
- '#histogram 448 15'
- '#histogram 449 13'
- '#histogram 450 18'
- '#histogram 451 11'
- '#histogram 452 20'
- '#histogram 453 11'
- '#histogram 454 12'
- '#histogram 455 14'
- '#histogram 456 14'
- '#histogram 457 12'
- '#histogram 458 15'
- '#histogram 459 17'
- '#histogram 460 16'
- '#histogram 461 18'
- '#histogram 462 16'
- '#histogram 463 12'
- '#histogram 464 13'
- '#histogram 465 20'
- '#histogram 466 23'
- '#histogram 467 9'
- '#histogram 468 17'
- '#histogram 469 20'
- '#histogram 470 17'
- '#histogram 471 15'
- '#histogram 472 10'
- '#histogram 473 13'
- '#histogram 474 15'
- '#histogram 475 16'
- '#histogram 476 12'
- '#histogram 477 12'
- '#histogram 478 16'
- '#histogram 479 12'
- '#histogram 480 16'
- '#histogram 481 11'
- '#histogram 482 13'
- '#histogram 483 13'
- '#histogram 484 15'
- '#histogram 485 20'
- '#histogram 486 17'
- '#histogram 487 16'
- '#histogram 488 16'
- '#histogram 489 14'
- '#histogram 490 13'
- '#histogram 491 9'
- '#histogram 492 10'
- '#histogram 493 6'
- '#histogram 494 13'
- '#histogram 495 10'
- '#histogram 496 17'
- '#histogram 497 10'
- '#histogram 498 10'
- '#histogram 499 13'
- '#histogram 500 10'
- '#histogram 501 7'
- '#histogram 502 10'
- '#histogram 503 9'
- '#histogram 504 13'
- '#histogram 505 9'
- '#histogram 506 13'
- '#histogram 507 9'
- '#histogram 508 10'
- '#histogram 509 9'
- '#histogram 510 8'
- '#histogram 511 9'
- '#histogram 512 12'
- '#histogram 513 13'
- '#histogram 514 9'
- '#histogram 515 8'
- '#histogram 516 14'
- '#histogram 517 12'
- '#histogram 518 14'
- '#histogram 519 6'
- '#histogram 520 12'
- '#histogram 521 9'
- '#histogram 522 9'
- '#histogram 523 6'
- '#histogram 524 8'
- '#histogram 525 15'
- '#histogram 526 8'
- '#histogram 527 10'
- '#histogram 528 7'
- '#histogram 529 4'
- '#histogram 530 8'
- '#histogram 531 3'
- '#histogram 532 11'
- '#histogram 533 14'
- '#histogram 534 6'
- '#histogram 535 6'
- '#histogram 536 12'
- '#histogram 537 10'
- '#histogram 538 4'
- '#histogram 539 12'
- '#histogram 540 6'
- '#histogram 541 7'
- '#histogram 542 8'
- '#histogram 543 11'
- '#histogram 544 8'
- '#histogram 545 7'
- '#histogram 546 6'
- '#histogram 547 8'
- '#histogram 548 4'
- '#histogram 549 11'
- '#histogram 550 11'
- '#histogram 551 5'
- '#histogram 552 7'
- '#histogram 553 9'
- '#histogram 554 8'
- '#histogram 555 10'
- '#histogram 556 14'
- '#histogram 557 5'
- '#histogram 558 10'
- '#histogram 559 6'
- '#histogram 560 11'
- '#histogram 561 9'
- '#histogram 562 6'
- '#histogram 563 5'
- '#histogram 564 7'
- '#histogram 565 4'
- '#histogram 566 11'
- '#histogram 567 4'
- '#histogram 568 7'
- '#histogram 569 9'
- '#histogram 570 9'
- '#histogram 571 9'
- '#histogram 572 5'
- '#histogram 573 6'
- '#histogram 574 5'
- '#histogram 575 8'
- '#histogram 576 8'
- '#histogram 577 8'
- '#histogram 578 4'
- '#histogram 579 3'
- '#histogram 580 9'
- '#histogram 581 8'
- '#histogram 582 7'
- '#histogram 583 6'
- '#histogram 584 4'
- '#histogram 585 2'
- '#histogram 586 7'
- '#histogram 587 6'
- '#histogram 588 5'
- '#histogram 589 4'
- '#histogram 590 3'
- '#histogram 591 6'
- '#histogram 592 8'
- '#histogram 593 8'
- '#histogram 594 5'
- '#histogram 595 6'
- '#histogram 596 9'
- '#histogram 597 3'
- '#histogram 598 11'
- '#histogram 599 5'
- '#histogram 600 6'
- '#histogram 601 5'
- '#histogram 602 8'
- '#histogram 603 5'
- '#histogram 604 3'
- '#histogram 605 3'
- '#histogram 606 3'
- '#histogram 607 4'
- '#histogram 608 7'
- '#histogram 609 2'
- '#histogram 610 7'
- '#histogram 611 7'
- '#histogram 612 3'
- '#histogram 613 9'
- '#histogram 614 3'
- '#histogram 615 6'
- '#histogram 616 7'
- '#histogram 617 7'
- '#histogram 618 9'
- '#histogram 619 6'
- '#histogram 620 5'
- '#histogram 621 7'
- '#histogram 622 6'
- '#histogram 623 6'
- '#histogram 624 2'
- '#histogram 625 5'
- '#histogram 626 4'
- '#histogram 627 5'
- '#histogram 628 5'
- '#histogram 629 3'
- '#histogram 630 1'
- '#histogram 631 2'
- '#histogram 632 3'
- '#histogram 633 8'
- '#histogram 634 4'
- '#histogram 635 6'
- '#histogram 636 1'
- '#histogram 637 3'
- '#histogram 638 1'
- '#histogram 639 4'
- '#histogram 640 2'
- '#histogram 641 8'
- '#histogram 642 5'
- '#histogram 643 8'
- '#histogram 644 3'
- '#histogram 645 2'
- '#histogram 646 6'
- '#histogram 647 5'
- '#histogram 648 1'
- '#histogram 649 4'
- '#histogram 650 7'
- '#histogram 651 4'
- '#histogram 652 7'
- '#histogram 654 2'
- '#histogram 655 3'
- '#histogram 656 2'
- '#histogram 658 4'
- '#histogram 659 4'
- '#histogram 661 4'
- '#histogram 662 4'
- '#histogram 663 2'
- '#histogram 664 4'
- '#histogram 665 2'
- '#histogram 666 2'
- '#histogram 667 7'
- '#histogram 669 3'
- '#histogram 670 5'
- '#histogram 671 3'
- '#histogram 672 3'
- '#histogram 673 4'
- '#histogram 674 4'
- '#histogram 675 3'
- '#histogram 676 1'
- '#histogram 677 3'
- '#histogram 678 1'
- '#histogram 679 3'
- '#histogram 680 1'
- '#histogram 681 1'
- '#histogram 682 3'
- '#histogram 683 2'
- '#histogram 684 2'
- '#histogram 685 3'
- '#histogram 686 4'
- '#histogram 687 2'
- '#histogram 688 6'
- '#histogram 689 5'
- '#histogram 690 2'
- '#histogram 691 4'
- '#histogram 692 2'
- '#histogram 693 5'
- '#histogram 694 4'
- '#histogram 695 3'
- '#histogram 696 2'
- '#histogram 697 9'
- '#histogram 698 5'
- '#histogram 699 1'
- '#histogram 700 3'
- '#histogram 701 1'
- '#histogram 702 2'
- '#histogram 704 1'
- '#histogram 705 1'
- '#histogram 706 2'
- '#histogram 707 5'
- '#histogram 708 2'
- '#histogram 709 1'
- '#histogram 710 2'
- '#histogram 711 3'
- '#histogram 712 6'
- '#histogram 713 1'
- '#histogram 714 1'
- '#histogram 715 1'
- '#histogram 716 6'
- '#histogram 717 1'
- '#histogram 718 4'
- '#histogram 719 3'
- '#histogram 720 3'
- '#histogram 721 4'
- '#histogram 722 3'
- '#histogram 723 4'
- '#histogram 724 3'
- '#histogram 725 2'
- '#histogram 726 6'
- '#histogram 727 5'
- '#histogram 728 1'
- '#histogram 729 4'
- '#histogram 730 4'
- '#histogram 731 3'
- '#histogram 732 1'
- '#histogram 733 1'
- '#histogram 734 4'
- '#histogram 736 1'
- '#histogram 737 1'
- '#histogram 738 2'
- '#histogram 739 2'
- '#histogram 740 4'
- '#histogram 742 3'
- '#histogram 743 2'
- '#histogram 744 3'
- '#histogram 745 1'
- '#histogram 746 1'
- '#histogram 747 2'
- '#histogram 748 3'
- '#histogram 749 4'
- '#histogram 750 2'
- '#histogram 751 5'
- '#histogram 752 2'
- '#histogram 753 1'
- '#histogram 754 3'
- '#histogram 755 3'
- '#histogram 756 3'
- '#histogram 757 4'
- '#histogram 758 2'
- '#histogram 759 3'
- '#histogram 760 2'
- '#histogram 761 5'
- '#histogram 762 4'
- '#histogram 763 5'
- '#histogram 764 3'
- '#histogram 765 1'
- '#histogram 766 3'
- '#histogram 767 4'
- '#histogram 768 1'
- '#histogram 769 2'
- '#histogram 770 1'
- '#histogram 771 1'
- '#histogram 772 2'
- '#histogram 773 4'
- '#histogram 775 2'
- '#histogram 776 4'
- '#histogram 777 2'
- '#histogram 778 1'
- '#histogram 779 2'
- '#histogram 780 1'
- '#histogram 782 3'
- '#histogram 783 1'
- '#histogram 784 2'
- '#histogram 785 3'
- '#histogram 786 2'
- '#histogram 788 4'
- '#histogram 789 2'
- '#histogram 790 2'
- '#histogram 791 2'
- '#histogram 792 2'
- '#histogram 793 1'
- '#histogram 794 3'
- '#histogram 795 1'
- '#histogram 796 2'
- '#histogram 797 2'
- '#histogram 798 1'
- '#histogram 800 1'
- '#histogram 801 2'
- '#histogram 802 1'
- '#histogram 804 1'
- '#histogram 805 1'
- '#histogram 806 1'
- '#histogram 807 1'
- '#histogram 808 2'
- '#histogram 809 1'
- '#histogram 812 1'
- '#histogram 814 2'
- '#histogram 815 2'
- '#histogram 819 3'
- '#histogram 820 1'
- '#histogram 821 2'
- '#histogram 823 1'
- '#histogram 824 1'
- '#histogram 825 2'
- '#histogram 826 1'
- '#histogram 827 3'
- '#histogram 828 2'
- '#histogram 831 1'
- '#histogram 832 2'
- '#histogram 833 3'
- '#histogram 834 2'
- '#histogram 836 2'
- '#histogram 837 2'
- '#histogram 841 2'
- '#histogram 842 2'
- '#histogram 845 1'
- '#histogram 847 1'
- '#histogram 848 1'
- '#histogram 849 1'
- '#histogram 851 1'
- '#histogram 853 1'
- '#histogram 854 1'
- '#histogram 855 1'
- '#histogram 857 1'
- '#histogram 858 2'
- '#histogram 859 2'
- '#histogram 860 1'
- '#histogram 861 1'
- '#histogram 862 1'
- '#histogram 863 2'
- '#histogram 864 1'
- '#histogram 867 2'
- '#histogram 868 2'
- '#histogram 869 3'
- '#histogram 870 3'
- '#histogram 871 1'
- '#histogram 873 2'
- '#histogram 874 2'
- '#histogram 875 1'
- '#histogram 876 1'
- '#histogram 878 1'
- '#histogram 879 2'
- '#histogram 881 4'
- '#histogram 883 2'
- '#histogram 884 2'
- '#histogram 885 3'
- '#histogram 887 1'
- '#histogram 889 1'
- '#histogram 890 1'
- '#histogram 893 1'
- '#histogram 897 1'
- '#histogram 898 2'
- '#histogram 899 1'
- '#histogram 901 1'
- '#histogram 902 2'
- '#histogram 903 2'
- '#histogram 907 2'
- '#histogram 909 1'
- '#histogram 910 1'
- '#histogram 912 1'
- '#histogram 913 1'
- '#histogram 917 2'
- '#histogram 918 1'
- '#histogram 919 2'
- '#histogram 923 2'
- '#histogram 924 2'
- '#histogram 929 1'
- '#histogram 931 2'
- '#histogram 932 1'
- '#histogram 933 1'
- '#histogram 934 1'
- '#histogram 935 1'
- '#histogram 938 1'
- '#histogram 940 1'
- '#histogram 943 1'
- '#histogram 945 1'
- '#histogram 946 1'
- '#histogram 947 1'
- '#histogram 949 2'
- '#histogram 950 1'
- '#histogram 952 1'
- '#histogram 956 1'
- '#histogram 958 1'
- '#histogram 961 1'
- '#histogram 969 1'
- '#histogram 971 1'
- '#histogram 976 1'
- '#histogram 977 1'
- '#histogram 987 1'
- '#histogram 988 1'
- '#histogram 992 2'
- '#histogram 994 2'
- '#histogram 1015 1'
- '#histogram 1029 1'
- '#histogram 1031 1'
- '#histogram 1042 1'
- '#histogram 1064 1'
- '#histogram 1071 1'
- '#histogram 1147 1'
- '#histogram 1230 1'
- '#histogram 1265 1'
- '#histogram 2060 1'
- ''
