code: 0
data:
  avg_latency: 0.130861
  histogram:
  - - 0
    - 0
  - - 6
    - 1
  - - 7
    - 2
  - - 8
    - 2
  - - 9
    - 3
  - - 10
    - 1
  - - 11
    - 2
  - - 12
    - 3
  - - 13
    - 3
  - - 14
    - 3
  - - 15
    - 5
  - - 16
    - 5
  - - 17
    - 6
  - - 18
    - 9
  - - 19
    - 10
  - - 20
    - 10
  - - 21
    - 14
  - - 22
    - 27
  - - 23
    - 25
  - - 24
    - 21
  - - 25
    - 28
  - - 26
    - 38
  - - 27
    - 34
  - - 28
    - 60
  - - 29
    - 64
  - - 30
    - 59
  - - 31
    - 98
  - - 32
    - 86
  - - 33
    - 97
  - - 34
    - 90
  - - 35
    - 104
  - - 36
    - 139
  - - 37
    - 110
  - - 38
    - 156
  - - 39
    - 168
  - - 40
    - 164
  - - 41
    - 204
  - - 42
    - 205
  - - 43
    - 178
  - - 44
    - 203
  - - 45
    - 274
  - - 46
    - 241
  - - 47
    - 304
  - - 48
    - 291
  - - 49
    - 317
  - - 50
    - 340
  - - 51
    - 320
  - - 52
    - 365
  - - 53
    - 402
  - - 54
    - 401
  - - 55
    - 414
  - - 56
    - 426
  - - 57
    - 443
  - - 58
    - 501
  - - 59
    - 478
  - - 60
    - 460
  - - 61
    - 520
  - - 62
    - 546
  - - 63
    - 531
  - - 64
    - 647
  - - 65
    - 647
  - - 66
    - 621
  - - 67
    - 581
  - - 68
    - 643
  - - 69
    - 676
  - - 70
    - 611
  - - 71
    - 687
  - - 72
    - 648
  - - 73
    - 644
  - - 74
    - 753
  - - 75
    - 746
  - - 76
    - 713
  - - 77
    - 683
  - - 78
    - 710
  - - 79
    - 696
  - - 80
    - 697
  - - 81
    - 677
  - - 82
    - 740
  - - 83
    - 747
  - - 84
    - 764
  - - 85
    - 752
  - - 86
    - 769
  - - 87
    - 762
  - - 88
    - 880
  - - 89
    - 799
  - - 90
    - 832
  - - 91
    - 810
  - - 92
    - 817
  - - 93
    - 820
  - - 94
    - 800
  - - 95
    - 777
  - - 96
    - 811
  - - 97
    - 775
  - - 98
    - 839
  - - 99
    - 808
  - - 100
    - 784
  - - 101
    - 756
  - - 102
    - 706
  - - 103
    - 898
  - - 104
    - 737
  - - 105
    - 709
  - - 106
    - 804
  - - 107
    - 700
  - - 108
    - 676
  - - 109
    - 704
  - - 110
    - 706
  - - 111
    - 693
  - - 112
    - 705
  - - 113
    - 680
  - - 114
    - 665
  - - 115
    - 649
  - - 116
    - 636
  - - 117
    - 622
  - - 118
    - 616
  - - 119
    - 646
  - - 120
    - 618
  - - 121
    - 575
  - - 122
    - 590
  - - 123
    - 671
  - - 124
    - 610
  - - 125
    - 549
  - - 126
    - 553
  - - 127
    - 573
  - - 128
    - 504
  - - 129
    - 528
  - - 130
    - 449
  - - 131
    - 489
  - - 132
    - 506
  - - 133
    - 490
  - - 134
    - 509
  - - 135
    - 441
  - - 136
    - 465
  - - 137
    - 447
  - - 138
    - 441
  - - 139
    - 453
  - - 140
    - 472
  - - 141
    - 459
  - - 142
    - 441
  - - 143
    - 470
  - - 144
    - 447
  - - 145
    - 445
  - - 146
    - 435
  - - 147
    - 437
  - - 148
    - 390
  - - 149
    - 392
  - - 150
    - 390
  - - 151
    - 396
  - - 152
    - 396
  - - 153
    - 394
  - - 154
    - 414
  - - 155
    - 404
  - - 156
    - 348
  - - 157
    - 353
  - - 158
    - 302
  - - 159
    - 346
  - - 160
    - 269
  - - 161
    - 297
  - - 162
    - 336
  - - 163
    - 322
  - - 164
    - 318
  - - 165
    - 321
  - - 166
    - 294
  - - 167
    - 296
  - - 168
    - 256
  - - 169
    - 281
  - - 170
    - 253
  - - 171
    - 279
  - - 172
    - 260
  - - 173
    - 247
  - - 174
    - 244
  - - 175
    - 248
  - - 176
    - 254
  - - 177
    - 239
  - - 178
    - 258
  - - 179
    - 291
  - - 180
    - 220
  - - 181
    - 243
  - - 182
    - 209
  - - 183
    - 233
  - - 184
    - 212
  - - 185
    - 208
  - - 186
    - 231
  - - 187
    - 258
  - - 188
    - 233
  - - 189
    - 209
  - - 190
    - 221
  - - 191
    - 213
  - - 192
    - 221
  - - 193
    - 202
  - - 194
    - 254
  - - 195
    - 186
  - - 196
    - 207
  - - 197
    - 185
  - - 198
    - 185
  - - 199
    - 173
  - - 200
    - 180
  - - 201
    - 183
  - - 202
    - 152
  - - 203
    - 192
  - - 204
    - 226
  - - 205
    - 159
  - - 206
    - 193
  - - 207
    - 188
  - - 208
    - 197
  - - 209
    - 181
  - - 210
    - 213
  - - 211
    - 172
  - - 212
    - 176
  - - 213
    - 159
  - - 214
    - 141
  - - 215
    - 123
  - - 216
    - 124
  - - 217
    - 140
  - - 218
    - 119
  - - 219
    - 134
  - - 220
    - 129
  - - 221
    - 111
  - - 222
    - 124
  - - 223
    - 92
  - - 224
    - 109
  - - 225
    - 93
  - - 226
    - 111
  - - 227
    - 115
  - - 228
    - 114
  - - 229
    - 110
  - - 230
    - 123
  - - 231
    - 107
  - - 232
    - 103
  - - 233
    - 120
  - - 234
    - 99
  - - 235
    - 110
  - - 236
    - 115
  - - 237
    - 102
  - - 238
    - 98
  - - 239
    - 101
  - - 240
    - 118
  - - 241
    - 84
  - - 242
    - 87
  - - 243
    - 91
  - - 244
    - 80
  - - 245
    - 103
  - - 246
    - 95
  - - 247
    - 68
  - - 248
    - 77
  - - 249
    - 79
  - - 250
    - 92
  - - 251
    - 92
  - - 252
    - 77
  - - 253
    - 76
  - - 254
    - 82
  - - 255
    - 81
  - - 256
    - 74
  - - 257
    - 77
  - - 258
    - 71
  - - 259
    - 77
  - - 260
    - 60
  - - 261
    - 78
  - - 262
    - 69
  - - 263
    - 66
  - - 264
    - 62
  - - 265
    - 77
  - - 266
    - 78
  - - 267
    - 74
  - - 268
    - 90
  - - 269
    - 68
  - - 270
    - 59
  - - 271
    - 71
  - - 272
    - 70
  - - 273
    - 59
  - - 274
    - 58
  - - 275
    - 65
  - - 276
    - 60
  - - 277
    - 62
  - - 278
    - 52
  - - 279
    - 52
  - - 280
    - 49
  - - 281
    - 41
  - - 282
    - 38
  - - 283
    - 41
  - - 284
    - 42
  - - 285
    - 44
  - - 286
    - 58
  - - 287
    - 64
  - - 288
    - 43
  - - 289
    - 36
  - - 290
    - 44
  - - 291
    - 32
  - - 292
    - 42
  - - 293
    - 42
  - - 294
    - 43
  - - 295
    - 42
  - - 296
    - 33
  - - 297
    - 48
  - - 298
    - 45
  - - 299
    - 44
  - - 300
    - 48
  - - 301
    - 44
  - - 302
    - 46
  - - 303
    - 45
  - - 304
    - 40
  - - 305
    - 35
  - - 306
    - 38
  - - 307
    - 45
  - - 308
    - 34
  - - 309
    - 35
  - - 310
    - 38
  - - 311
    - 37
  - - 312
    - 41
  - - 313
    - 43
  - - 314
    - 39
  - - 315
    - 39
  - - 316
    - 34
  - - 317
    - 34
  - - 318
    - 47
  - - 319
    - 29
  - - 320
    - 35
  - - 321
    - 29
  - - 322
    - 41
  - - 323
    - 33
  - - 324
    - 32
  - - 325
    - 34
  - - 326
    - 37
  - - 327
    - 27
  - - 328
    - 38
  - - 329
    - 36
  - - 330
    - 25
  - - 331
    - 44
  - - 332
    - 33
  - - 333
    - 28
  - - 334
    - 35
  - - 335
    - 24
  - - 336
    - 19
  - - 337
    - 38
  - - 338
    - 28
  - - 339
    - 48
  - - 340
    - 30
  - - 341
    - 19
  - - 342
    - 29
  - - 343
    - 27
  - - 344
    - 18
  - - 345
    - 21
  - - 346
    - 12
  - - 347
    - 17
  - - 348
    - 21
  - - 349
    - 21
  - - 350
    - 27
  - - 351
    - 18
  - - 352
    - 33
  - - 353
    - 20
  - - 354
    - 26
  - - 355
    - 23
  - - 356
    - 28
  - - 357
    - 23
  - - 358
    - 12
  - - 359
    - 24
  - - 360
    - 27
  - - 361
    - 29
  - - 362
    - 20
  - - 363
    - 23
  - - 364
    - 29
  - - 365
    - 24
  - - 366
    - 18
  - - 367
    - 8
  - - 368
    - 19
  - - 369
    - 13
  - - 370
    - 20
  - - 371
    - 20
  - - 372
    - 16
  - - 373
    - 24
  - - 374
    - 17
  - - 375
    - 20
  - - 376
    - 15
  - - 377
    - 12
  - - 378
    - 22
  - - 379
    - 15
  - - 380
    - 20
  - - 381
    - 12
  - - 382
    - 16
  - - 383
    - 23
  - - 384
    - 27
  - - 385
    - 13
  - - 386
    - 19
  - - 387
    - 11
  - - 388
    - 11
  - - 389
    - 16
  - - 390
    - 12
  - - 391
    - 12
  - - 392
    - 10
  - - 393
    - 9
  - - 394
    - 12
  - - 395
    - 9
  - - 396
    - 12
  - - 397
    - 7
  - - 398
    - 7
  - - 399
    - 12
  - - 400
    - 9
  - - 401
    - 15
  - - 402
    - 8
  - - 403
    - 8
  - - 404
    - 13
  - - 405
    - 12
  - - 406
    - 14
  - - 407
    - 6
  - - 408
    - 12
  - - 409
    - 10
  - - 410
    - 9
  - - 411
    - 12
  - - 412
    - 9
  - - 413
    - 7
  - - 414
    - 8
  - - 415
    - 6
  - - 416
    - 12
  - - 417
    - 7
  - - 418
    - 2
  - - 419
    - 9
  - - 420
    - 6
  - - 421
    - 6
  - - 422
    - 4
  - - 423
    - 9
  - - 424
    - 11
  - - 425
    - 8
  - - 426
    - 6
  - - 427
    - 6
  - - 428
    - 13
  - - 429
    - 10
  - - 430
    - 14
  - - 431
    - 7
  - - 432
    - 13
  - - 433
    - 16
  - - 434
    - 9
  - - 435
    - 14
  - - 436
    - 7
  - - 437
    - 11
  - - 438
    - 5
  - - 439
    - 12
  - - 440
    - 5
  - - 441
    - 8
  - - 442
    - 8
  - - 443
    - 5
  - - 444
    - 7
  - - 445
    - 2
  - - 446
    - 2
  - - 447
    - 2
  - - 448
    - 6
  - - 449
    - 5
  - - 450
    - 9
  - - 451
    - 7
  - - 452
    - 6
  - - 453
    - 4
  - - 454
    - 8
  - - 455
    - 5
  - - 456
    - 4
  - - 457
    - 6
  - - 458
    - 7
  - - 459
    - 7
  - - 460
    - 9
  - - 461
    - 4
  - - 462
    - 6
  - - 463
    - 7
  - - 464
    - 2
  - - 465
    - 9
  - - 466
    - 8
  - - 468
    - 1
  - - 469
    - 2
  - - 470
    - 2
  - - 471
    - 4
  - - 472
    - 3
  - - 473
    - 3
  - - 474
    - 3
  - - 475
    - 3
  - - 476
    - 2
  - - 477
    - 4
  - - 478
    - 1
  - - 479
    - 4
  - - 481
    - 4
  - - 482
    - 2
  - - 483
    - 2
  - - 484
    - 3
  - - 486
    - 4
  - - 487
    - 1
  - - 488
    - 1
  - - 489
    - 4
  - - 490
    - 3
  - - 491
    - 2
  - - 492
    - 5
  - - 493
    - 5
  - - 494
    - 1
  - - 495
    - 1
  - - 496
    - 2
  - - 497
    - 1
  - - 498
    - 2
  - - 499
    - 2
  - - 500
    - 4
  - - 501
    - 5
  - - 503
    - 2
  - - 504
    - 1
  - - 505
    - 1
  - - 506
    - 2
  - - 507
    - 2
  - - 508
    - 2
  - - 509
    - 2
  - - 510
    - 3
  - - 511
    - 1
  - - 513
    - 2
  - - 514
    - 1
  - - 515
    - 2
  - - 516
    - 1
  - - 517
    - 1
  - - 518
    - 1
  - - 519
    - 1
  - - 520
    - 1
  - - 522
    - 2
  - - 523
    - 2
  - - 525
    - 2
  - - 526
    - 3
  - - 530
    - 2
  - - 531
    - 3
  - - 533
    - 1
  - - 536
    - 1
  - - 537
    - 1
  - - 538
    - 2
  - - 539
    - 1
  - - 541
    - 2
  - - 543
    - 1
  - - 545
    - 1
  - - 546
    - 1
  - - 547
    - 1
  - - 548
    - 1
  - - 560
    - 1
  - - 561
    - 2
  - - 563
    - 1
  - - 565
    - 1
  - - 567
    - 2
  - - 570
    - 1
  - - 574
    - 1
  - - 581
    - 2
  - - 584
    - 1
  - - 587
    - 1
  - - 589
    - 1
  - - 590
    - 1
  - - 591
    - 2
  - - 594
    - 1
  - - 602
    - 1
  - - 608
    - 1
  - - 617
    - 1
  - - 623
    - 1
  - - 642
    - 1
  - - 671
    - 2
  - - 847
    - 1
  latency_50_percentile: 112.0
  latency_95_percentile: 272.0
  latency_99_5_percentile: 427.0
  latency_99_percentile: 383.0
  max_kubedns_cpu: 944
  max_kubedns_memory: 33
  max_latency: 0.847011
  max_perfserver_cpu: 0
  max_perfserver_memory: 0
  min_latency: 0.006786
  msg: null
  ok: true
  qps: 762.105676
  queries_completed: 91626
  queries_lost: 0
  queries_sent: 91626
  run_time: 120.227421
  stddev_latency: 0.070984
params:
  max_qps: null
  pod_name: dns-perf-client-858fb7568b-475f8
  query_file: all-queries.txt
  run_id: 1777667009
  run_length_seconds: 120
  run_subid: 0
stderr:
- ''
stdout:
- DNS Performance Testing Tool
- Nominum Version 2.1.0.0
- ''
- '[Status] Command line: dnsperf -s 10.0.0.10 -l 120 -d /queries/all-queries.txt'
- '[Status] Sending queries (to 10.0.0.10)'
- '[Status] Started at: Fri May  1 20:24:00 2026'
- '[Status] Stopping after 120.000000 seconds'
- '[Status] Testing complete (time limit)'
- ''
- 'Statistics:'
- ''
- '  Queries sent:         91626'
- '  Queries completed:    91626 (100.00%)'
- '  Queries lost:         0 (0.00%)'
- ''
- '  Response codes:       NOERROR 10995 (12.00%), NXDOMAIN 80631 (88.00%)'
- '  Average packet size:  request 38, response 122'
- '  Run time (s):         120.227421'
- '  Queries per second:   762.105676'
- ''
- '  Average Latency (s):  0.130861 (min 0.006786, max 0.847011)'
- '  Latency StdDev (s):   0.070984'
- ''
- '  Latency histogram'
- '#histogram 0 0'
- '#histogram 6 1'
- '#histogram 7 2'
- '#histogram 8 2'
- '#histogram 9 3'
- '#histogram 10 1'
- '#histogram 11 2'
- '#histogram 12 3'
- '#histogram 13 3'
- '#histogram 14 3'
- '#histogram 15 5'
- '#histogram 16 5'
- '#histogram 17 6'
- '#histogram 18 9'
- '#histogram 19 10'
- '#histogram 20 10'
- '#histogram 21 14'
- '#histogram 22 27'
- '#histogram 23 25'
- '#histogram 24 21'
- '#histogram 25 28'
- '#histogram 26 38'
- '#histogram 27 34'
- '#histogram 28 60'
- '#histogram 29 64'
- '#histogram 30 59'
- '#histogram 31 98'
- '#histogram 32 86'
- '#histogram 33 97'
- '#histogram 34 90'
- '#histogram 35 104'
- '#histogram 36 139'
- '#histogram 37 110'
- '#histogram 38 156'
- '#histogram 39 168'
- '#histogram 40 164'
- '#histogram 41 204'
- '#histogram 42 205'
- '#histogram 43 178'
- '#histogram 44 203'
- '#histogram 45 274'
- '#histogram 46 241'
- '#histogram 47 304'
- '#histogram 48 291'
- '#histogram 49 317'
- '#histogram 50 340'
- '#histogram 51 320'
- '#histogram 52 365'
- '#histogram 53 402'
- '#histogram 54 401'
- '#histogram 55 414'
- '#histogram 56 426'
- '#histogram 57 443'
- '#histogram 58 501'
- '#histogram 59 478'
- '#histogram 60 460'
- '#histogram 61 520'
- '#histogram 62 546'
- '#histogram 63 531'
- '#histogram 64 647'
- '#histogram 65 647'
- '#histogram 66 621'
- '#histogram 67 581'
- '#histogram 68 643'
- '#histogram 69 676'
- '#histogram 70 611'
- '#histogram 71 687'
- '#histogram 72 648'
- '#histogram 73 644'
- '#histogram 74 753'
- '#histogram 75 746'
- '#histogram 76 713'
- '#histogram 77 683'
- '#histogram 78 710'
- '#histogram 79 696'
- '#histogram 80 697'
- '#histogram 81 677'
- '#histogram 82 740'
- '#histogram 83 747'
- '#histogram 84 764'
- '#histogram 85 752'
- '#histogram 86 769'
- '#histogram 87 762'
- '#histogram 88 880'
- '#histogram 89 799'
- '#histogram 90 832'
- '#histogram 91 810'
- '#histogram 92 817'
- '#histogram 93 820'
- '#histogram 94 800'
- '#histogram 95 777'
- '#histogram 96 811'
- '#histogram 97 775'
- '#histogram 98 839'
- '#histogram 99 808'
- '#histogram 100 784'
- '#histogram 101 756'
- '#histogram 102 706'
- '#histogram 103 898'
- '#histogram 104 737'
- '#histogram 105 709'
- '#histogram 106 804'
- '#histogram 107 700'
- '#histogram 108 676'
- '#histogram 109 704'
- '#histogram 110 706'
- '#histogram 111 693'
- '#histogram 112 705'
- '#histogram 113 680'
- '#histogram 114 665'
- '#histogram 115 649'
- '#histogram 116 636'
- '#histogram 117 622'
- '#histogram 118 616'
- '#histogram 119 646'
- '#histogram 120 618'
- '#histogram 121 575'
- '#histogram 122 590'
- '#histogram 123 671'
- '#histogram 124 610'
- '#histogram 125 549'
- '#histogram 126 553'
- '#histogram 127 573'
- '#histogram 128 504'
- '#histogram 129 528'
- '#histogram 130 449'
- '#histogram 131 489'
- '#histogram 132 506'
- '#histogram 133 490'
- '#histogram 134 509'
- '#histogram 135 441'
- '#histogram 136 465'
- '#histogram 137 447'
- '#histogram 138 441'
- '#histogram 139 453'
- '#histogram 140 472'
- '#histogram 141 459'
- '#histogram 142 441'
- '#histogram 143 470'
- '#histogram 144 447'
- '#histogram 145 445'
- '#histogram 146 435'
- '#histogram 147 437'
- '#histogram 148 390'
- '#histogram 149 392'
- '#histogram 150 390'
- '#histogram 151 396'
- '#histogram 152 396'
- '#histogram 153 394'
- '#histogram 154 414'
- '#histogram 155 404'
- '#histogram 156 348'
- '#histogram 157 353'
- '#histogram 158 302'
- '#histogram 159 346'
- '#histogram 160 269'
- '#histogram 161 297'
- '#histogram 162 336'
- '#histogram 163 322'
- '#histogram 164 318'
- '#histogram 165 321'
- '#histogram 166 294'
- '#histogram 167 296'
- '#histogram 168 256'
- '#histogram 169 281'
- '#histogram 170 253'
- '#histogram 171 279'
- '#histogram 172 260'
- '#histogram 173 247'
- '#histogram 174 244'
- '#histogram 175 248'
- '#histogram 176 254'
- '#histogram 177 239'
- '#histogram 178 258'
- '#histogram 179 291'
- '#histogram 180 220'
- '#histogram 181 243'
- '#histogram 182 209'
- '#histogram 183 233'
- '#histogram 184 212'
- '#histogram 185 208'
- '#histogram 186 231'
- '#histogram 187 258'
- '#histogram 188 233'
- '#histogram 189 209'
- '#histogram 190 221'
- '#histogram 191 213'
- '#histogram 192 221'
- '#histogram 193 202'
- '#histogram 194 254'
- '#histogram 195 186'
- '#histogram 196 207'
- '#histogram 197 185'
- '#histogram 198 185'
- '#histogram 199 173'
- '#histogram 200 180'
- '#histogram 201 183'
- '#histogram 202 152'
- '#histogram 203 192'
- '#histogram 204 226'
- '#histogram 205 159'
- '#histogram 206 193'
- '#histogram 207 188'
- '#histogram 208 197'
- '#histogram 209 181'
- '#histogram 210 213'
- '#histogram 211 172'
- '#histogram 212 176'
- '#histogram 213 159'
- '#histogram 214 141'
- '#histogram 215 123'
- '#histogram 216 124'
- '#histogram 217 140'
- '#histogram 218 119'
- '#histogram 219 134'
- '#histogram 220 129'
- '#histogram 221 111'
- '#histogram 222 124'
- '#histogram 223 92'
- '#histogram 224 109'
- '#histogram 225 93'
- '#histogram 226 111'
- '#histogram 227 115'
- '#histogram 228 114'
- '#histogram 229 110'
- '#histogram 230 123'
- '#histogram 231 107'
- '#histogram 232 103'
- '#histogram 233 120'
- '#histogram 234 99'
- '#histogram 235 110'
- '#histogram 236 115'
- '#histogram 237 102'
- '#histogram 238 98'
- '#histogram 239 101'
- '#histogram 240 118'
- '#histogram 241 84'
- '#histogram 242 87'
- '#histogram 243 91'
- '#histogram 244 80'
- '#histogram 245 103'
- '#histogram 246 95'
- '#histogram 247 68'
- '#histogram 248 77'
- '#histogram 249 79'
- '#histogram 250 92'
- '#histogram 251 92'
- '#histogram 252 77'
- '#histogram 253 76'
- '#histogram 254 82'
- '#histogram 255 81'
- '#histogram 256 74'
- '#histogram 257 77'
- '#histogram 258 71'
- '#histogram 259 77'
- '#histogram 260 60'
- '#histogram 261 78'
- '#histogram 262 69'
- '#histogram 263 66'
- '#histogram 264 62'
- '#histogram 265 77'
- '#histogram 266 78'
- '#histogram 267 74'
- '#histogram 268 90'
- '#histogram 269 68'
- '#histogram 270 59'
- '#histogram 271 71'
- '#histogram 272 70'
- '#histogram 273 59'
- '#histogram 274 58'
- '#histogram 275 65'
- '#histogram 276 60'
- '#histogram 277 62'
- '#histogram 278 52'
- '#histogram 279 52'
- '#histogram 280 49'
- '#histogram 281 41'
- '#histogram 282 38'
- '#histogram 283 41'
- '#histogram 284 42'
- '#histogram 285 44'
- '#histogram 286 58'
- '#histogram 287 64'
- '#histogram 288 43'
- '#histogram 289 36'
- '#histogram 290 44'
- '#histogram 291 32'
- '#histogram 292 42'
- '#histogram 293 42'
- '#histogram 294 43'
- '#histogram 295 42'
- '#histogram 296 33'
- '#histogram 297 48'
- '#histogram 298 45'
- '#histogram 299 44'
- '#histogram 300 48'
- '#histogram 301 44'
- '#histogram 302 46'
- '#histogram 303 45'
- '#histogram 304 40'
- '#histogram 305 35'
- '#histogram 306 38'
- '#histogram 307 45'
- '#histogram 308 34'
- '#histogram 309 35'
- '#histogram 310 38'
- '#histogram 311 37'
- '#histogram 312 41'
- '#histogram 313 43'
- '#histogram 314 39'
- '#histogram 315 39'
- '#histogram 316 34'
- '#histogram 317 34'
- '#histogram 318 47'
- '#histogram 319 29'
- '#histogram 320 35'
- '#histogram 321 29'
- '#histogram 322 41'
- '#histogram 323 33'
- '#histogram 324 32'
- '#histogram 325 34'
- '#histogram 326 37'
- '#histogram 327 27'
- '#histogram 328 38'
- '#histogram 329 36'
- '#histogram 330 25'
- '#histogram 331 44'
- '#histogram 332 33'
- '#histogram 333 28'
- '#histogram 334 35'
- '#histogram 335 24'
- '#histogram 336 19'
- '#histogram 337 38'
- '#histogram 338 28'
- '#histogram 339 48'
- '#histogram 340 30'
- '#histogram 341 19'
- '#histogram 342 29'
- '#histogram 343 27'
- '#histogram 344 18'
- '#histogram 345 21'
- '#histogram 346 12'
- '#histogram 347 17'
- '#histogram 348 21'
- '#histogram 349 21'
- '#histogram 350 27'
- '#histogram 351 18'
- '#histogram 352 33'
- '#histogram 353 20'
- '#histogram 354 26'
- '#histogram 355 23'
- '#histogram 356 28'
- '#histogram 357 23'
- '#histogram 358 12'
- '#histogram 359 24'
- '#histogram 360 27'
- '#histogram 361 29'
- '#histogram 362 20'
- '#histogram 363 23'
- '#histogram 364 29'
- '#histogram 365 24'
- '#histogram 366 18'
- '#histogram 367 8'
- '#histogram 368 19'
- '#histogram 369 13'
- '#histogram 370 20'
- '#histogram 371 20'
- '#histogram 372 16'
- '#histogram 373 24'
- '#histogram 374 17'
- '#histogram 375 20'
- '#histogram 376 15'
- '#histogram 377 12'
- '#histogram 378 22'
- '#histogram 379 15'
- '#histogram 380 20'
- '#histogram 381 12'
- '#histogram 382 16'
- '#histogram 383 23'
- '#histogram 384 27'
- '#histogram 385 13'
- '#histogram 386 19'
- '#histogram 387 11'
- '#histogram 388 11'
- '#histogram 389 16'
- '#histogram 390 12'
- '#histogram 391 12'
- '#histogram 392 10'
- '#histogram 393 9'
- '#histogram 394 12'
- '#histogram 395 9'
- '#histogram 396 12'
- '#histogram 397 7'
- '#histogram 398 7'
- '#histogram 399 12'
- '#histogram 400 9'
- '#histogram 401 15'
- '#histogram 402 8'
- '#histogram 403 8'
- '#histogram 404 13'
- '#histogram 405 12'
- '#histogram 406 14'
- '#histogram 407 6'
- '#histogram 408 12'
- '#histogram 409 10'
- '#histogram 410 9'
- '#histogram 411 12'
- '#histogram 412 9'
- '#histogram 413 7'
- '#histogram 414 8'
- '#histogram 415 6'
- '#histogram 416 12'
- '#histogram 417 7'
- '#histogram 418 2'
- '#histogram 419 9'
- '#histogram 420 6'
- '#histogram 421 6'
- '#histogram 422 4'
- '#histogram 423 9'
- '#histogram 424 11'
- '#histogram 425 8'
- '#histogram 426 6'
- '#histogram 427 6'
- '#histogram 428 13'
- '#histogram 429 10'
- '#histogram 430 14'
- '#histogram 431 7'
- '#histogram 432 13'
- '#histogram 433 16'
- '#histogram 434 9'
- '#histogram 435 14'
- '#histogram 436 7'
- '#histogram 437 11'
- '#histogram 438 5'
- '#histogram 439 12'
- '#histogram 440 5'
- '#histogram 441 8'
- '#histogram 442 8'
- '#histogram 443 5'
- '#histogram 444 7'
- '#histogram 445 2'
- '#histogram 446 2'
- '#histogram 447 2'
- '#histogram 448 6'
- '#histogram 449 5'
- '#histogram 450 9'
- '#histogram 451 7'
- '#histogram 452 6'
- '#histogram 453 4'
- '#histogram 454 8'
- '#histogram 455 5'
- '#histogram 456 4'
- '#histogram 457 6'
- '#histogram 458 7'
- '#histogram 459 7'
- '#histogram 460 9'
- '#histogram 461 4'
- '#histogram 462 6'
- '#histogram 463 7'
- '#histogram 464 2'
- '#histogram 465 9'
- '#histogram 466 8'
- '#histogram 468 1'
- '#histogram 469 2'
- '#histogram 470 2'
- '#histogram 471 4'
- '#histogram 472 3'
- '#histogram 473 3'
- '#histogram 474 3'
- '#histogram 475 3'
- '#histogram 476 2'
- '#histogram 477 4'
- '#histogram 478 1'
- '#histogram 479 4'
- '#histogram 481 4'
- '#histogram 482 2'
- '#histogram 483 2'
- '#histogram 484 3'
- '#histogram 486 4'
- '#histogram 487 1'
- '#histogram 488 1'
- '#histogram 489 4'
- '#histogram 490 3'
- '#histogram 491 2'
- '#histogram 492 5'
- '#histogram 493 5'
- '#histogram 494 1'
- '#histogram 495 1'
- '#histogram 496 2'
- '#histogram 497 1'
- '#histogram 498 2'
- '#histogram 499 2'
- '#histogram 500 4'
- '#histogram 501 5'
- '#histogram 503 2'
- '#histogram 504 1'
- '#histogram 505 1'
- '#histogram 506 2'
- '#histogram 507 2'
- '#histogram 508 2'
- '#histogram 509 2'
- '#histogram 510 3'
- '#histogram 511 1'
- '#histogram 513 2'
- '#histogram 514 1'
- '#histogram 515 2'
- '#histogram 516 1'
- '#histogram 517 1'
- '#histogram 518 1'
- '#histogram 519 1'
- '#histogram 520 1'
- '#histogram 522 2'
- '#histogram 523 2'
- '#histogram 525 2'
- '#histogram 526 3'
- '#histogram 530 2'
- '#histogram 531 3'
- '#histogram 533 1'
- '#histogram 536 1'
- '#histogram 537 1'
- '#histogram 538 2'
- '#histogram 539 1'
- '#histogram 541 2'
- '#histogram 543 1'
- '#histogram 545 1'
- '#histogram 546 1'
- '#histogram 547 1'
- '#histogram 548 1'
- '#histogram 560 1'
- '#histogram 561 2'
- '#histogram 563 1'
- '#histogram 565 1'
- '#histogram 567 2'
- '#histogram 570 1'
- '#histogram 574 1'
- '#histogram 581 2'
- '#histogram 584 1'
- '#histogram 587 1'
- '#histogram 589 1'
- '#histogram 590 1'
- '#histogram 591 2'
- '#histogram 594 1'
- '#histogram 602 1'
- '#histogram 608 1'
- '#histogram 617 1'
- '#histogram 623 1'
- '#histogram 642 1'
- '#histogram 671 2'
- '#histogram 847 1'
- ''
