code: 0
data:
  avg_latency: 0.14313
  histogram:
  - - 0
    - 0
  - - 1
    - 23
  - - 2
    - 98
  - - 3
    - 129
  - - 4
    - 179
  - - 5
    - 190
  - - 6
    - 225
  - - 7
    - 222
  - - 8
    - 241
  - - 9
    - 232
  - - 10
    - 239
  - - 11
    - 201
  - - 12
    - 203
  - - 13
    - 198
  - - 14
    - 223
  - - 15
    - 220
  - - 16
    - 236
  - - 17
    - 214
  - - 18
    - 246
  - - 19
    - 259
  - - 20
    - 253
  - - 21
    - 220
  - - 22
    - 258
  - - 23
    - 232
  - - 24
    - 236
  - - 25
    - 261
  - - 26
    - 249
  - - 27
    - 252
  - - 28
    - 267
  - - 29
    - 297
  - - 30
    - 289
  - - 31
    - 308
  - - 32
    - 312
  - - 33
    - 301
  - - 34
    - 279
  - - 35
    - 323
  - - 36
    - 323
  - - 37
    - 358
  - - 38
    - 337
  - - 39
    - 321
  - - 40
    - 329
  - - 41
    - 381
  - - 42
    - 362
  - - 43
    - 383
  - - 44
    - 398
  - - 45
    - 399
  - - 46
    - 417
  - - 47
    - 383
  - - 48
    - 415
  - - 49
    - 403
  - - 50
    - 446
  - - 51
    - 464
  - - 52
    - 426
  - - 53
    - 468
  - - 54
    - 458
  - - 55
    - 451
  - - 56
    - 492
  - - 57
    - 440
  - - 58
    - 522
  - - 59
    - 475
  - - 60
    - 459
  - - 61
    - 520
  - - 62
    - 517
  - - 63
    - 502
  - - 64
    - 505
  - - 65
    - 553
  - - 66
    - 528
  - - 67
    - 502
  - - 68
    - 501
  - - 69
    - 516
  - - 70
    - 569
  - - 71
    - 510
  - - 72
    - 555
  - - 73
    - 516
  - - 74
    - 541
  - - 75
    - 511
  - - 76
    - 543
  - - 77
    - 555
  - - 78
    - 525
  - - 79
    - 543
  - - 80
    - 572
  - - 81
    - 562
  - - 82
    - 542
  - - 83
    - 539
  - - 84
    - 563
  - - 85
    - 539
  - - 86
    - 607
  - - 87
    - 581
  - - 88
    - 524
  - - 89
    - 551
  - - 90
    - 541
  - - 91
    - 557
  - - 92
    - 547
  - - 93
    - 516
  - - 94
    - 519
  - - 95
    - 571
  - - 96
    - 518
  - - 97
    - 512
  - - 98
    - 532
  - - 99
    - 552
  - - 100
    - 500
  - - 101
    - 511
  - - 102
    - 494
  - - 103
    - 483
  - - 104
    - 521
  - - 105
    - 512
  - - 106
    - 500
  - - 107
    - 469
  - - 108
    - 487
  - - 109
    - 500
  - - 110
    - 490
  - - 111
    - 487
  - - 112
    - 489
  - - 113
    - 483
  - - 114
    - 451
  - - 115
    - 464
  - - 116
    - 457
  - - 117
    - 466
  - - 118
    - 452
  - - 119
    - 468
  - - 120
    - 444
  - - 121
    - 431
  - - 122
    - 446
  - - 123
    - 428
  - - 124
    - 456
  - - 125
    - 400
  - - 126
    - 406
  - - 127
    - 358
  - - 128
    - 381
  - - 129
    - 368
  - - 130
    - 410
  - - 131
    - 423
  - - 132
    - 369
  - - 133
    - 371
  - - 134
    - 386
  - - 135
    - 400
  - - 136
    - 362
  - - 137
    - 343
  - - 138
    - 336
  - - 139
    - 357
  - - 140
    - 324
  - - 141
    - 360
  - - 142
    - 318
  - - 143
    - 325
  - - 144
    - 334
  - - 145
    - 316
  - - 146
    - 320
  - - 147
    - 322
  - - 148
    - 324
  - - 149
    - 288
  - - 150
    - 301
  - - 151
    - 288
  - - 152
    - 285
  - - 153
    - 259
  - - 154
    - 263
  - - 155
    - 297
  - - 156
    - 264
  - - 157
    - 247
  - - 158
    - 266
  - - 159
    - 273
  - - 160
    - 278
  - - 161
    - 296
  - - 162
    - 261
  - - 163
    - 255
  - - 164
    - 270
  - - 165
    - 242
  - - 166
    - 240
  - - 167
    - 232
  - - 168
    - 215
  - - 169
    - 223
  - - 170
    - 240
  - - 171
    - 252
  - - 172
    - 214
  - - 173
    - 223
  - - 174
    - 204
  - - 175
    - 206
  - - 176
    - 188
  - - 177
    - 198
  - - 178
    - 204
  - - 179
    - 171
  - - 180
    - 188
  - - 181
    - 179
  - - 182
    - 173
  - - 183
    - 187
  - - 184
    - 181
  - - 185
    - 165
  - - 186
    - 194
  - - 187
    - 152
  - - 188
    - 141
  - - 189
    - 146
  - - 190
    - 180
  - - 191
    - 154
  - - 192
    - 160
  - - 193
    - 161
  - - 194
    - 141
  - - 195
    - 152
  - - 196
    - 137
  - - 197
    - 138
  - - 198
    - 122
  - - 199
    - 140
  - - 200
    - 140
  - - 201
    - 127
  - - 202
    - 132
  - - 203
    - 116
  - - 204
    - 134
  - - 205
    - 107
  - - 206
    - 123
  - - 207
    - 99
  - - 208
    - 112
  - - 209
    - 106
  - - 210
    - 118
  - - 211
    - 117
  - - 212
    - 93
  - - 213
    - 109
  - - 214
    - 114
  - - 215
    - 88
  - - 216
    - 93
  - - 217
    - 76
  - - 218
    - 76
  - - 219
    - 84
  - - 220
    - 90
  - - 221
    - 109
  - - 222
    - 86
  - - 223
    - 89
  - - 224
    - 110
  - - 225
    - 83
  - - 226
    - 100
  - - 227
    - 87
  - - 228
    - 78
  - - 229
    - 88
  - - 230
    - 73
  - - 231
    - 67
  - - 232
    - 61
  - - 233
    - 61
  - - 234
    - 73
  - - 235
    - 73
  - - 236
    - 50
  - - 237
    - 75
  - - 238
    - 52
  - - 239
    - 66
  - - 240
    - 68
  - - 241
    - 46
  - - 242
    - 45
  - - 243
    - 60
  - - 244
    - 75
  - - 245
    - 66
  - - 246
    - 58
  - - 247
    - 48
  - - 248
    - 62
  - - 249
    - 59
  - - 250
    - 44
  - - 251
    - 59
  - - 252
    - 42
  - - 253
    - 53
  - - 254
    - 47
  - - 255
    - 58
  - - 256
    - 54
  - - 257
    - 55
  - - 258
    - 52
  - - 259
    - 38
  - - 260
    - 55
  - - 261
    - 40
  - - 262
    - 41
  - - 263
    - 44
  - - 264
    - 47
  - - 265
    - 42
  - - 266
    - 40
  - - 267
    - 43
  - - 268
    - 38
  - - 269
    - 40
  - - 270
    - 46
  - - 271
    - 31
  - - 272
    - 29
  - - 273
    - 38
  - - 274
    - 37
  - - 275
    - 33
  - - 276
    - 39
  - - 277
    - 35
  - - 278
    - 43
  - - 279
    - 41
  - - 280
    - 44
  - - 281
    - 31
  - - 282
    - 39
  - - 283
    - 24
  - - 284
    - 25
  - - 285
    - 39
  - - 286
    - 34
  - - 287
    - 30
  - - 288
    - 27
  - - 289
    - 32
  - - 290
    - 33
  - - 291
    - 33
  - - 292
    - 33
  - - 293
    - 31
  - - 294
    - 34
  - - 295
    - 29
  - - 296
    - 30
  - - 297
    - 34
  - - 298
    - 29
  - - 299
    - 27
  - - 300
    - 33
  - - 301
    - 21
  - - 302
    - 25
  - - 303
    - 25
  - - 304
    - 23
  - - 305
    - 25
  - - 306
    - 31
  - - 307
    - 21
  - - 308
    - 32
  - - 309
    - 32
  - - 310
    - 28
  - - 311
    - 29
  - - 312
    - 29
  - - 313
    - 24
  - - 314
    - 21
  - - 315
    - 27
  - - 316
    - 18
  - - 317
    - 27
  - - 318
    - 26
  - - 319
    - 26
  - - 320
    - 29
  - - 321
    - 21
  - - 322
    - 24
  - - 323
    - 31
  - - 324
    - 13
  - - 325
    - 18
  - - 326
    - 22
  - - 327
    - 22
  - - 328
    - 30
  - - 329
    - 27
  - - 330
    - 19
  - - 331
    - 14
  - - 332
    - 22
  - - 333
    - 25
  - - 334
    - 23
  - - 335
    - 20
  - - 336
    - 23
  - - 337
    - 22
  - - 338
    - 20
  - - 339
    - 12
  - - 340
    - 19
  - - 341
    - 22
  - - 342
    - 16
  - - 343
    - 23
  - - 344
    - 22
  - - 345
    - 26
  - - 346
    - 28
  - - 347
    - 19
  - - 348
    - 9
  - - 349
    - 22
  - - 350
    - 19
  - - 351
    - 16
  - - 352
    - 15
  - - 353
    - 20
  - - 354
    - 24
  - - 355
    - 17
  - - 356
    - 19
  - - 357
    - 18
  - - 358
    - 24
  - - 359
    - 16
  - - 360
    - 21
  - - 361
    - 19
  - - 362
    - 13
  - - 363
    - 22
  - - 364
    - 20
  - - 365
    - 16
  - - 366
    - 22
  - - 367
    - 14
  - - 368
    - 26
  - - 369
    - 19
  - - 370
    - 20
  - - 371
    - 16
  - - 372
    - 15
  - - 373
    - 15
  - - 374
    - 19
  - - 375
    - 14
  - - 376
    - 17
  - - 377
    - 12
  - - 378
    - 18
  - - 379
    - 18
  - - 380
    - 14
  - - 381
    - 17
  - - 382
    - 15
  - - 383
    - 14
  - - 384
    - 12
  - - 385
    - 22
  - - 386
    - 19
  - - 387
    - 17
  - - 388
    - 20
  - - 389
    - 20
  - - 390
    - 8
  - - 391
    - 12
  - - 392
    - 14
  - - 393
    - 9
  - - 394
    - 9
  - - 395
    - 19
  - - 396
    - 12
  - - 397
    - 8
  - - 398
    - 13
  - - 399
    - 12
  - - 400
    - 13
  - - 401
    - 16
  - - 402
    - 17
  - - 403
    - 13
  - - 404
    - 15
  - - 405
    - 17
  - - 406
    - 12
  - - 407
    - 13
  - - 408
    - 24
  - - 409
    - 18
  - - 410
    - 16
  - - 411
    - 17
  - - 412
    - 15
  - - 413
    - 19
  - - 414
    - 11
  - - 415
    - 20
  - - 416
    - 19
  - - 417
    - 19
  - - 418
    - 15
  - - 419
    - 15
  - - 420
    - 14
  - - 421
    - 9
  - - 422
    - 18
  - - 423
    - 12
  - - 424
    - 7
  - - 425
    - 13
  - - 426
    - 18
  - - 427
    - 17
  - - 428
    - 12
  - - 429
    - 15
  - - 430
    - 14
  - - 431
    - 11
  - - 432
    - 24
  - - 433
    - 12
  - - 434
    - 9
  - - 435
    - 14
  - - 436
    - 13
  - - 437
    - 24
  - - 438
    - 17
  - - 439
    - 15
  - - 440
    - 17
  - - 441
    - 9
  - - 442
    - 15
  - - 443
    - 13
  - - 444
    - 11
  - - 445
    - 14
  - - 446
    - 14
  - - 447
    - 17
  - - 448
    - 13
  - - 449
    - 11
  - - 450
    - 12
  - - 451
    - 15
  - - 452
    - 20
  - - 453
    - 10
  - - 454
    - 15
  - - 455
    - 5
  - - 456
    - 16
  - - 457
    - 15
  - - 458
    - 16
  - - 459
    - 21
  - - 460
    - 15
  - - 461
    - 18
  - - 462
    - 12
  - - 463
    - 20
  - - 464
    - 11
  - - 465
    - 13
  - - 466
    - 8
  - - 467
    - 16
  - - 468
    - 9
  - - 469
    - 11
  - - 470
    - 19
  - - 471
    - 8
  - - 472
    - 15
  - - 473
    - 18
  - - 474
    - 10
  - - 475
    - 20
  - - 476
    - 11
  - - 477
    - 13
  - - 478
    - 20
  - - 479
    - 15
  - - 480
    - 13
  - - 481
    - 16
  - - 482
    - 8
  - - 483
    - 14
  - - 484
    - 11
  - - 485
    - 12
  - - 486
    - 16
  - - 487
    - 11
  - - 488
    - 12
  - - 489
    - 9
  - - 490
    - 14
  - - 491
    - 18
  - - 492
    - 10
  - - 493
    - 12
  - - 494
    - 10
  - - 495
    - 9
  - - 496
    - 15
  - - 497
    - 10
  - - 498
    - 12
  - - 499
    - 12
  - - 500
    - 10
  - - 501
    - 13
  - - 502
    - 14
  - - 503
    - 10
  - - 504
    - 10
  - - 505
    - 10
  - - 506
    - 8
  - - 507
    - 8
  - - 508
    - 18
  - - 509
    - 13
  - - 510
    - 8
  - - 511
    - 18
  - - 512
    - 15
  - - 513
    - 22
  - - 514
    - 10
  - - 515
    - 10
  - - 516
    - 8
  - - 517
    - 10
  - - 518
    - 9
  - - 519
    - 10
  - - 520
    - 12
  - - 521
    - 17
  - - 522
    - 11
  - - 523
    - 11
  - - 524
    - 12
  - - 525
    - 5
  - - 526
    - 7
  - - 527
    - 5
  - - 528
    - 4
  - - 529
    - 14
  - - 530
    - 9
  - - 531
    - 8
  - - 532
    - 11
  - - 533
    - 12
  - - 534
    - 11
  - - 535
    - 4
  - - 536
    - 15
  - - 537
    - 12
  - - 538
    - 6
  - - 539
    - 6
  - - 540
    - 10
  - - 541
    - 4
  - - 542
    - 19
  - - 543
    - 19
  - - 544
    - 11
  - - 545
    - 8
  - - 546
    - 12
  - - 547
    - 12
  - - 548
    - 15
  - - 549
    - 19
  - - 550
    - 9
  - - 551
    - 9
  - - 552
    - 11
  - - 553
    - 8
  - - 554
    - 16
  - - 555
    - 13
  - - 556
    - 10
  - - 557
    - 13
  - - 558
    - 5
  - - 559
    - 15
  - - 560
    - 11
  - - 561
    - 8
  - - 562
    - 10
  - - 563
    - 3
  - - 564
    - 12
  - - 565
    - 12
  - - 566
    - 5
  - - 567
    - 9
  - - 568
    - 13
  - - 569
    - 6
  - - 570
    - 8
  - - 571
    - 9
  - - 572
    - 10
  - - 573
    - 11
  - - 574
    - 6
  - - 575
    - 14
  - - 576
    - 5
  - - 577
    - 9
  - - 578
    - 10
  - - 579
    - 16
  - - 580
    - 6
  - - 581
    - 11
  - - 582
    - 7
  - - 583
    - 8
  - - 584
    - 9
  - - 585
    - 9
  - - 586
    - 8
  - - 587
    - 9
  - - 588
    - 11
  - - 589
    - 4
  - - 590
    - 13
  - - 591
    - 9
  - - 592
    - 13
  - - 593
    - 12
  - - 594
    - 15
  - - 595
    - 15
  - - 596
    - 6
  - - 597
    - 6
  - - 598
    - 10
  - - 599
    - 9
  - - 600
    - 8
  - - 601
    - 10
  - - 602
    - 3
  - - 603
    - 11
  - - 604
    - 7
  - - 605
    - 6
  - - 606
    - 6
  - - 607
    - 9
  - - 608
    - 4
  - - 609
    - 12
  - - 610
    - 7
  - - 611
    - 9
  - - 612
    - 9
  - - 613
    - 10
  - - 614
    - 8
  - - 615
    - 7
  - - 616
    - 7
  - - 617
    - 7
  - - 618
    - 9
  - - 619
    - 5
  - - 620
    - 13
  - - 621
    - 10
  - - 622
    - 6
  - - 623
    - 11
  - - 624
    - 11
  - - 625
    - 7
  - - 626
    - 8
  - - 627
    - 16
  - - 628
    - 7
  - - 629
    - 6
  - - 630
    - 10
  - - 631
    - 13
  - - 632
    - 7
  - - 633
    - 9
  - - 634
    - 11
  - - 635
    - 5
  - - 636
    - 8
  - - 637
    - 6
  - - 638
    - 7
  - - 639
    - 7
  - - 640
    - 12
  - - 641
    - 6
  - - 642
    - 11
  - - 643
    - 4
  - - 644
    - 6
  - - 645
    - 16
  - - 646
    - 4
  - - 647
    - 7
  - - 648
    - 7
  - - 649
    - 8
  - - 650
    - 8
  - - 651
    - 6
  - - 652
    - 9
  - - 653
    - 7
  - - 654
    - 11
  - - 655
    - 13
  - - 656
    - 5
  - - 657
    - 9
  - - 658
    - 9
  - - 659
    - 3
  - - 660
    - 5
  - - 661
    - 6
  - - 662
    - 11
  - - 663
    - 6
  - - 664
    - 10
  - - 665
    - 11
  - - 666
    - 9
  - - 667
    - 11
  - - 668
    - 3
  - - 669
    - 4
  - - 670
    - 7
  - - 671
    - 7
  - - 672
    - 8
  - - 673
    - 5
  - - 674
    - 5
  - - 675
    - 5
  - - 676
    - 12
  - - 677
    - 6
  - - 678
    - 12
  - - 679
    - 11
  - - 680
    - 10
  - - 681
    - 9
  - - 682
    - 5
  - - 683
    - 9
  - - 684
    - 7
  - - 685
    - 9
  - - 686
    - 7
  - - 688
    - 5
  - - 689
    - 6
  - - 690
    - 4
  - - 691
    - 8
  - - 692
    - 8
  - - 693
    - 4
  - - 694
    - 6
  - - 695
    - 7
  - - 696
    - 14
  - - 697
    - 9
  - - 698
    - 7
  - - 699
    - 4
  - - 700
    - 6
  - - 701
    - 2
  - - 702
    - 4
  - - 703
    - 5
  - - 704
    - 10
  - - 705
    - 8
  - - 706
    - 10
  - - 707
    - 4
  - - 708
    - 4
  - - 709
    - 12
  - - 710
    - 9
  - - 711
    - 11
  - - 712
    - 7
  - - 713
    - 7
  - - 714
    - 5
  - - 715
    - 6
  - - 716
    - 9
  - - 717
    - 5
  - - 718
    - 8
  - - 719
    - 10
  - - 720
    - 7
  - - 721
    - 9
  - - 722
    - 4
  - - 723
    - 6
  - - 724
    - 8
  - - 725
    - 4
  - - 726
    - 12
  - - 727
    - 1
  - - 728
    - 5
  - - 729
    - 4
  - - 730
    - 9
  - - 731
    - 6
  - - 732
    - 7
  - - 733
    - 7
  - - 734
    - 5
  - - 735
    - 10
  - - 736
    - 7
  - - 737
    - 1
  - - 738
    - 10
  - - 739
    - 4
  - - 740
    - 4
  - - 741
    - 8
  - - 742
    - 4
  - - 743
    - 6
  - - 744
    - 5
  - - 745
    - 7
  - - 746
    - 3
  - - 747
    - 4
  - - 748
    - 4
  - - 749
    - 5
  - - 750
    - 4
  - - 751
    - 9
  - - 752
    - 8
  - - 753
    - 10
  - - 754
    - 12
  - - 755
    - 2
  - - 756
    - 4
  - - 757
    - 6
  - - 758
    - 4
  - - 759
    - 7
  - - 760
    - 5
  - - 761
    - 5
  - - 762
    - 2
  - - 763
    - 2
  - - 764
    - 5
  - - 765
    - 7
  - - 766
    - 4
  - - 767
    - 5
  - - 768
    - 6
  - - 769
    - 3
  - - 770
    - 4
  - - 771
    - 7
  - - 772
    - 7
  - - 773
    - 3
  - - 774
    - 6
  - - 775
    - 8
  - - 776
    - 4
  - - 777
    - 7
  - - 778
    - 8
  - - 779
    - 9
  - - 780
    - 3
  - - 781
    - 8
  - - 782
    - 6
  - - 783
    - 4
  - - 784
    - 3
  - - 785
    - 3
  - - 786
    - 9
  - - 787
    - 3
  - - 788
    - 5
  - - 789
    - 6
  - - 790
    - 6
  - - 791
    - 2
  - - 792
    - 6
  - - 793
    - 6
  - - 794
    - 5
  - - 795
    - 6
  - - 796
    - 3
  - - 797
    - 2
  - - 798
    - 5
  - - 799
    - 6
  - - 800
    - 4
  - - 801
    - 5
  - - 802
    - 5
  - - 803
    - 7
  - - 804
    - 2
  - - 805
    - 3
  - - 806
    - 9
  - - 807
    - 2
  - - 808
    - 4
  - - 809
    - 5
  - - 810
    - 6
  - - 811
    - 6
  - - 812
    - 6
  - - 813
    - 10
  - - 814
    - 4
  - - 815
    - 4
  - - 816
    - 5
  - - 817
    - 3
  - - 818
    - 5
  - - 819
    - 3
  - - 820
    - 6
  - - 821
    - 2
  - - 822
    - 4
  - - 823
    - 3
  - - 824
    - 7
  - - 825
    - 6
  - - 826
    - 2
  - - 827
    - 4
  - - 828
    - 5
  - - 829
    - 5
  - - 830
    - 3
  - - 831
    - 1
  - - 832
    - 2
  - - 833
    - 3
  - - 834
    - 5
  - - 835
    - 5
  - - 836
    - 2
  - - 837
    - 1
  - - 838
    - 2
  - - 839
    - 3
  - - 840
    - 4
  - - 841
    - 6
  - - 842
    - 2
  - - 843
    - 2
  - - 844
    - 7
  - - 845
    - 5
  - - 846
    - 2
  - - 847
    - 10
  - - 848
    - 3
  - - 849
    - 6
  - - 850
    - 2
  - - 851
    - 3
  - - 852
    - 1
  - - 853
    - 2
  - - 854
    - 6
  - - 855
    - 4
  - - 856
    - 7
  - - 857
    - 2
  - - 858
    - 2
  - - 859
    - 3
  - - 860
    - 4
  - - 861
    - 8
  - - 862
    - 2
  - - 863
    - 4
  - - 864
    - 7
  - - 866
    - 1
  - - 867
    - 3
  - - 868
    - 2
  - - 869
    - 6
  - - 870
    - 2
  - - 871
    - 4
  - - 872
    - 3
  - - 873
    - 4
  - - 874
    - 3
  - - 875
    - 4
  - - 876
    - 3
  - - 877
    - 5
  - - 878
    - 4
  - - 879
    - 6
  - - 880
    - 6
  - - 881
    - 4
  - - 882
    - 5
  - - 883
    - 3
  - - 884
    - 5
  - - 885
    - 8
  - - 886
    - 5
  - - 887
    - 3
  - - 888
    - 6
  - - 889
    - 1
  - - 890
    - 4
  - - 891
    - 4
  - - 892
    - 3
  - - 893
    - 2
  - - 894
    - 3
  - - 895
    - 1
  - - 896
    - 2
  - - 897
    - 7
  - - 898
    - 2
  - - 899
    - 2
  - - 900
    - 6
  - - 901
    - 10
  - - 902
    - 2
  - - 903
    - 3
  - - 904
    - 4
  - - 905
    - 5
  - - 906
    - 1
  - - 907
    - 7
  - - 908
    - 2
  - - 909
    - 4
  - - 910
    - 2
  - - 911
    - 5
  - - 912
    - 1
  - - 913
    - 2
  - - 914
    - 5
  - - 915
    - 4
  - - 916
    - 2
  - - 917
    - 3
  - - 918
    - 6
  - - 919
    - 9
  - - 920
    - 1
  - - 921
    - 4
  - - 922
    - 4
  - - 923
    - 5
  - - 924
    - 4
  - - 925
    - 4
  - - 926
    - 1
  - - 927
    - 6
  - - 928
    - 5
  - - 929
    - 1
  - - 930
    - 1
  - - 931
    - 4
  - - 932
    - 4
  - - 933
    - 1
  - - 934
    - 1
  - - 935
    - 1
  - - 936
    - 3
  - - 937
    - 4
  - - 938
    - 2
  - - 939
    - 4
  - - 941
    - 2
  - - 942
    - 2
  - - 943
    - 3
  - - 944
    - 7
  - - 945
    - 2
  - - 946
    - 4
  - - 947
    - 3
  - - 948
    - 1
  - - 949
    - 3
  - - 950
    - 6
  - - 951
    - 4
  - - 952
    - 2
  - - 953
    - 1
  - - 954
    - 2
  - - 955
    - 3
  - - 956
    - 4
  - - 957
    - 3
  - - 958
    - 1
  - - 959
    - 2
  - - 960
    - 4
  - - 961
    - 3
  - - 962
    - 3
  - - 963
    - 3
  - - 965
    - 1
  - - 966
    - 1
  - - 967
    - 2
  - - 969
    - 4
  - - 970
    - 4
  - - 971
    - 3
  - - 972
    - 2
  - - 973
    - 5
  - - 974
    - 3
  - - 975
    - 1
  - - 976
    - 2
  - - 978
    - 2
  - - 979
    - 1
  - - 980
    - 2
  - - 981
    - 1
  - - 982
    - 5
  - - 983
    - 2
  - - 984
    - 4
  - - 985
    - 1
  - - 986
    - 1
  - - 987
    - 3
  - - 988
    - 3
  - - 989
    - 1
  - - 990
    - 3
  - - 991
    - 1
  - - 992
    - 1
  - - 993
    - 3
  - - 994
    - 3
  - - 995
    - 2
  - - 996
    - 3
  - - 997
    - 2
  - - 998
    - 3
  - - 999
    - 1
  - - 1000
    - 2
  - - 1001
    - 3
  - - 1002
    - 4
  - - 1003
    - 4
  - - 1004
    - 5
  - - 1005
    - 4
  - - 1006
    - 2
  - - 1009
    - 2
  - - 1010
    - 1
  - - 1012
    - 2
  - - 1013
    - 4
  - - 1014
    - 1
  - - 1015
    - 1
  - - 1016
    - 1
  - - 1017
    - 1
  - - 1018
    - 1
  - - 1019
    - 3
  - - 1020
    - 1
  - - 1022
    - 2
  - - 1023
    - 2
  - - 1025
    - 1
  - - 1026
    - 2
  - - 1028
    - 3
  - - 1030
    - 4
  - - 1031
    - 2
  - - 1032
    - 2
  - - 1034
    - 2
  - - 1035
    - 4
  - - 1036
    - 1
  - - 1037
    - 4
  - - 1038
    - 3
  - - 1039
    - 4
  - - 1040
    - 2
  - - 1042
    - 3
  - - 1043
    - 1
  - - 1044
    - 2
  - - 1045
    - 2
  - - 1048
    - 1
  - - 1049
    - 2
  - - 1050
    - 2
  - - 1051
    - 1
  - - 1052
    - 1
  - - 1053
    - 1
  - - 1054
    - 5
  - - 1055
    - 2
  - - 1056
    - 2
  - - 1058
    - 2
  - - 1060
    - 1
  - - 1063
    - 3
  - - 1064
    - 2
  - - 1066
    - 1
  - - 1067
    - 2
  - - 1068
    - 1
  - - 1070
    - 2
  - - 1071
    - 1
  - - 1073
    - 1
  - - 1075
    - 1
  - - 1076
    - 1
  - - 1077
    - 1
  - - 1078
    - 3
  - - 1079
    - 2
  - - 1081
    - 2
  - - 1082
    - 1
  - - 1083
    - 2
  - - 1084
    - 1
  - - 1085
    - 4
  - - 1086
    - 1
  - - 1087
    - 2
  - - 1088
    - 1
  - - 1089
    - 1
  - - 1090
    - 2
  - - 1091
    - 1
  - - 1092
    - 2
  - - 1093
    - 3
  - - 1094
    - 2
  - - 1095
    - 2
  - - 1096
    - 1
  - - 1098
    - 1
  - - 1099
    - 3
  - - 1100
    - 1
  - - 1101
    - 3
  - - 1102
    - 3
  - - 1103
    - 1
  - - 1107
    - 1
  - - 1108
    - 2
  - - 1109
    - 2
  - - 1110
    - 1
  - - 1111
    - 1
  - - 1114
    - 2
  - - 1115
    - 3
  - - 1119
    - 2
  - - 1120
    - 1
  - - 1123
    - 3
  - - 1124
    - 3
  - - 1125
    - 1
  - - 1127
    - 2
  - - 1128
    - 2
  - - 1129
    - 3
  - - 1132
    - 1
  - - 1134
    - 1
  - - 1138
    - 1
  - - 1139
    - 1
  - - 1141
    - 1
  - - 1144
    - 2
  - - 1146
    - 1
  - - 1148
    - 2
  - - 1149
    - 1
  - - 1150
    - 1
  - - 1151
    - 2
  - - 1153
    - 3
  - - 1158
    - 2
  - - 1159
    - 1
  - - 1161
    - 1
  - - 1166
    - 3
  - - 1171
    - 2
  - - 1173
    - 1
  - - 1174
    - 2
  - - 1177
    - 3
  - - 1178
    - 2
  - - 1181
    - 3
  - - 1182
    - 2
  - - 1183
    - 1
  - - 1189
    - 1
  - - 1190
    - 2
  - - 1192
    - 1
  - - 1193
    - 3
  - - 1194
    - 1
  - - 1195
    - 1
  - - 1196
    - 2
  - - 1197
    - 1
  - - 1198
    - 1
  - - 1199
    - 1
  - - 1202
    - 2
  - - 1203
    - 3
  - - 1204
    - 1
  - - 1206
    - 3
  - - 1208
    - 2
  - - 1210
    - 1
  - - 1211
    - 1
  - - 1212
    - 1
  - - 1215
    - 3
  - - 1218
    - 1
  - - 1225
    - 1
  - - 1226
    - 1
  - - 1227
    - 1
  - - 1228
    - 1
  - - 1239
    - 1
  - - 1245
    - 2
  - - 1258
    - 1
  - - 1287
    - 1
  - - 1291
    - 3
  - - 1306
    - 1
  - - 1311
    - 1
  - - 1347
    - 1
  - - 1390
    - 1
  - - 1396
    - 1
  - - 1415
    - 1
  - - 1504
    - 1
  - - 1575
    - 1
  - - 1630
    - 1
  - - 1645
    - 1
  - - 1721
    - 1
  - - 1796
    - 1
  - - 1818
    - 1
  latency_50_percentile: 105.0
  latency_95_percentile: 440.0
  latency_99_5_percentile: 946.054999999993
  latency_99_percentile: 830.0
  max_kubedns_cpu: 620
  max_kubedns_memory: 31
  max_latency: 1.818262
  max_perfserver_cpu: 0
  max_perfserver_memory: 0
  min_latency: 0.001351
  msg: null
  ok: true
  qps: 697.436075
  queries_completed: 83790
  queries_lost: 0
  queries_sent: 83790
  run_time: 120.140043
  stddev_latency: 0.148605
params:
  max_qps: null
  pod_name: dns-perf-client-858fb7568b-wcpnj
  query_file: all-queries.txt
  run_id: 1777665100
  run_length_seconds: 120
  run_subid: 0
stderr:
- ''
stdout:
- DNS Performance Testing Tool
- Nominum Version 2.1.0.0
- ''
- '[Status] Command line: dnsperf -s 10.0.0.10 -l 120 -d /queries/all-queries.txt'
- '[Status] Sending queries (to 10.0.0.10)'
- '[Status] Started at: Fri May  1 19:52:11 2026'
- '[Status] Stopping after 120.000000 seconds'
- '[Status] Testing complete (time limit)'
- ''
- 'Statistics:'
- ''
- '  Queries sent:         83790'
- '  Queries completed:    83790 (100.00%)'
- '  Queries lost:         0 (0.00%)'
- ''
- '  Response codes:       NOERROR 10054 (12.00%), NXDOMAIN 73736 (88.00%)'
- '  Average packet size:  request 39, response 122'
- '  Run time (s):         120.140043'
- '  Queries per second:   697.436075'
- ''
- '  Average Latency (s):  0.143130 (min 0.001351, max 1.818262)'
- '  Latency StdDev (s):   0.148605'
- ''
- '  Latency histogram'
- '#histogram 0 0'
- '#histogram 1 23'
- '#histogram 2 98'
- '#histogram 3 129'
- '#histogram 4 179'
- '#histogram 5 190'
- '#histogram 6 225'
- '#histogram 7 222'
- '#histogram 8 241'
- '#histogram 9 232'
- '#histogram 10 239'
- '#histogram 11 201'
- '#histogram 12 203'
- '#histogram 13 198'
- '#histogram 14 223'
- '#histogram 15 220'
- '#histogram 16 236'
- '#histogram 17 214'
- '#histogram 18 246'
- '#histogram 19 259'
- '#histogram 20 253'
- '#histogram 21 220'
- '#histogram 22 258'
- '#histogram 23 232'
- '#histogram 24 236'
- '#histogram 25 261'
- '#histogram 26 249'
- '#histogram 27 252'
- '#histogram 28 267'
- '#histogram 29 297'
- '#histogram 30 289'
- '#histogram 31 308'
- '#histogram 32 312'
- '#histogram 33 301'
- '#histogram 34 279'
- '#histogram 35 323'
- '#histogram 36 323'
- '#histogram 37 358'
- '#histogram 38 337'
- '#histogram 39 321'
- '#histogram 40 329'
- '#histogram 41 381'
- '#histogram 42 362'
- '#histogram 43 383'
- '#histogram 44 398'
- '#histogram 45 399'
- '#histogram 46 417'
- '#histogram 47 383'
- '#histogram 48 415'
- '#histogram 49 403'
- '#histogram 50 446'
- '#histogram 51 464'
- '#histogram 52 426'
- '#histogram 53 468'
- '#histogram 54 458'
- '#histogram 55 451'
- '#histogram 56 492'
- '#histogram 57 440'
- '#histogram 58 522'
- '#histogram 59 475'
- '#histogram 60 459'
- '#histogram 61 520'
- '#histogram 62 517'
- '#histogram 63 502'
- '#histogram 64 505'
- '#histogram 65 553'
- '#histogram 66 528'
- '#histogram 67 502'
- '#histogram 68 501'
- '#histogram 69 516'
- '#histogram 70 569'
- '#histogram 71 510'
- '#histogram 72 555'
- '#histogram 73 516'
- '#histogram 74 541'
- '#histogram 75 511'
- '#histogram 76 543'
- '#histogram 77 555'
- '#histogram 78 525'
- '#histogram 79 543'
- '#histogram 80 572'
- '#histogram 81 562'
- '#histogram 82 542'
- '#histogram 83 539'
- '#histogram 84 563'
- '#histogram 85 539'
- '#histogram 86 607'
- '#histogram 87 581'
- '#histogram 88 524'
- '#histogram 89 551'
- '#histogram 90 541'
- '#histogram 91 557'
- '#histogram 92 547'
- '#histogram 93 516'
- '#histogram 94 519'
- '#histogram 95 571'
- '#histogram 96 518'
- '#histogram 97 512'
- '#histogram 98 532'
- '#histogram 99 552'
- '#histogram 100 500'
- '#histogram 101 511'
- '#histogram 102 494'
- '#histogram 103 483'
- '#histogram 104 521'
- '#histogram 105 512'
- '#histogram 106 500'
- '#histogram 107 469'
- '#histogram 108 487'
- '#histogram 109 500'
- '#histogram 110 490'
- '#histogram 111 487'
- '#histogram 112 489'
- '#histogram 113 483'
- '#histogram 114 451'
- '#histogram 115 464'
- '#histogram 116 457'
- '#histogram 117 466'
- '#histogram 118 452'
- '#histogram 119 468'
- '#histogram 120 444'
- '#histogram 121 431'
- '#histogram 122 446'
- '#histogram 123 428'
- '#histogram 124 456'
- '#histogram 125 400'
- '#histogram 126 406'
- '#histogram 127 358'
- '#histogram 128 381'
- '#histogram 129 368'
- '#histogram 130 410'
- '#histogram 131 423'
- '#histogram 132 369'
- '#histogram 133 371'
- '#histogram 134 386'
- '#histogram 135 400'
- '#histogram 136 362'
- '#histogram 137 343'
- '#histogram 138 336'
- '#histogram 139 357'
- '#histogram 140 324'
- '#histogram 141 360'
- '#histogram 142 318'
- '#histogram 143 325'
- '#histogram 144 334'
- '#histogram 145 316'
- '#histogram 146 320'
- '#histogram 147 322'
- '#histogram 148 324'
- '#histogram 149 288'
- '#histogram 150 301'
- '#histogram 151 288'
- '#histogram 152 285'
- '#histogram 153 259'
- '#histogram 154 263'
- '#histogram 155 297'
- '#histogram 156 264'
- '#histogram 157 247'
- '#histogram 158 266'
- '#histogram 159 273'
- '#histogram 160 278'
- '#histogram 161 296'
- '#histogram 162 261'
- '#histogram 163 255'
- '#histogram 164 270'
- '#histogram 165 242'
- '#histogram 166 240'
- '#histogram 167 232'
- '#histogram 168 215'
- '#histogram 169 223'
- '#histogram 170 240'
- '#histogram 171 252'
- '#histogram 172 214'
- '#histogram 173 223'
- '#histogram 174 204'
- '#histogram 175 206'
- '#histogram 176 188'
- '#histogram 177 198'
- '#histogram 178 204'
- '#histogram 179 171'
- '#histogram 180 188'
- '#histogram 181 179'
- '#histogram 182 173'
- '#histogram 183 187'
- '#histogram 184 181'
- '#histogram 185 165'
- '#histogram 186 194'
- '#histogram 187 152'
- '#histogram 188 141'
- '#histogram 189 146'
- '#histogram 190 180'
- '#histogram 191 154'
- '#histogram 192 160'
- '#histogram 193 161'
- '#histogram 194 141'
- '#histogram 195 152'
- '#histogram 196 137'
- '#histogram 197 138'
- '#histogram 198 122'
- '#histogram 199 140'
- '#histogram 200 140'
- '#histogram 201 127'
- '#histogram 202 132'
- '#histogram 203 116'
- '#histogram 204 134'
- '#histogram 205 107'
- '#histogram 206 123'
- '#histogram 207 99'
- '#histogram 208 112'
- '#histogram 209 106'
- '#histogram 210 118'
- '#histogram 211 117'
- '#histogram 212 93'
- '#histogram 213 109'
- '#histogram 214 114'
- '#histogram 215 88'
- '#histogram 216 93'
- '#histogram 217 76'
- '#histogram 218 76'
- '#histogram 219 84'
- '#histogram 220 90'
- '#histogram 221 109'
- '#histogram 222 86'
- '#histogram 223 89'
- '#histogram 224 110'
- '#histogram 225 83'
- '#histogram 226 100'
- '#histogram 227 87'
- '#histogram 228 78'
- '#histogram 229 88'
- '#histogram 230 73'
- '#histogram 231 67'
- '#histogram 232 61'
- '#histogram 233 61'
- '#histogram 234 73'
- '#histogram 235 73'
- '#histogram 236 50'
- '#histogram 237 75'
- '#histogram 238 52'
- '#histogram 239 66'
- '#histogram 240 68'
- '#histogram 241 46'
- '#histogram 242 45'
- '#histogram 243 60'
- '#histogram 244 75'
- '#histogram 245 66'
- '#histogram 246 58'
- '#histogram 247 48'
- '#histogram 248 62'
- '#histogram 249 59'
- '#histogram 250 44'
- '#histogram 251 59'
- '#histogram 252 42'
- '#histogram 253 53'
- '#histogram 254 47'
- '#histogram 255 58'
- '#histogram 256 54'
- '#histogram 257 55'
- '#histogram 258 52'
- '#histogram 259 38'
- '#histogram 260 55'
- '#histogram 261 40'
- '#histogram 262 41'
- '#histogram 263 44'
- '#histogram 264 47'
- '#histogram 265 42'
- '#histogram 266 40'
- '#histogram 267 43'
- '#histogram 268 38'
- '#histogram 269 40'
- '#histogram 270 46'
- '#histogram 271 31'
- '#histogram 272 29'
- '#histogram 273 38'
- '#histogram 274 37'
- '#histogram 275 33'
- '#histogram 276 39'
- '#histogram 277 35'
- '#histogram 278 43'
- '#histogram 279 41'
- '#histogram 280 44'
- '#histogram 281 31'
- '#histogram 282 39'
- '#histogram 283 24'
- '#histogram 284 25'
- '#histogram 285 39'
- '#histogram 286 34'
- '#histogram 287 30'
- '#histogram 288 27'
- '#histogram 289 32'
- '#histogram 290 33'
- '#histogram 291 33'
- '#histogram 292 33'
- '#histogram 293 31'
- '#histogram 294 34'
- '#histogram 295 29'
- '#histogram 296 30'
- '#histogram 297 34'
- '#histogram 298 29'
- '#histogram 299 27'
- '#histogram 300 33'
- '#histogram 301 21'
- '#histogram 302 25'
- '#histogram 303 25'
- '#histogram 304 23'
- '#histogram 305 25'
- '#histogram 306 31'
- '#histogram 307 21'
- '#histogram 308 32'
- '#histogram 309 32'
- '#histogram 310 28'
- '#histogram 311 29'
- '#histogram 312 29'
- '#histogram 313 24'
- '#histogram 314 21'
- '#histogram 315 27'
- '#histogram 316 18'
- '#histogram 317 27'
- '#histogram 318 26'
- '#histogram 319 26'
- '#histogram 320 29'
- '#histogram 321 21'
- '#histogram 322 24'
- '#histogram 323 31'
- '#histogram 324 13'
- '#histogram 325 18'
- '#histogram 326 22'
- '#histogram 327 22'
- '#histogram 328 30'
- '#histogram 329 27'
- '#histogram 330 19'
- '#histogram 331 14'
- '#histogram 332 22'
- '#histogram 333 25'
- '#histogram 334 23'
- '#histogram 335 20'
- '#histogram 336 23'
- '#histogram 337 22'
- '#histogram 338 20'
- '#histogram 339 12'
- '#histogram 340 19'
- '#histogram 341 22'
- '#histogram 342 16'
- '#histogram 343 23'
- '#histogram 344 22'
- '#histogram 345 26'
- '#histogram 346 28'
- '#histogram 347 19'
- '#histogram 348 9'
- '#histogram 349 22'
- '#histogram 350 19'
- '#histogram 351 16'
- '#histogram 352 15'
- '#histogram 353 20'
- '#histogram 354 24'
- '#histogram 355 17'
- '#histogram 356 19'
- '#histogram 357 18'
- '#histogram 358 24'
- '#histogram 359 16'
- '#histogram 360 21'
- '#histogram 361 19'
- '#histogram 362 13'
- '#histogram 363 22'
- '#histogram 364 20'
- '#histogram 365 16'
- '#histogram 366 22'
- '#histogram 367 14'
- '#histogram 368 26'
- '#histogram 369 19'
- '#histogram 370 20'
- '#histogram 371 16'
- '#histogram 372 15'
- '#histogram 373 15'
- '#histogram 374 19'
- '#histogram 375 14'
- '#histogram 376 17'
- '#histogram 377 12'
- '#histogram 378 18'
- '#histogram 379 18'
- '#histogram 380 14'
- '#histogram 381 17'
- '#histogram 382 15'
- '#histogram 383 14'
- '#histogram 384 12'
- '#histogram 385 22'
- '#histogram 386 19'
- '#histogram 387 17'
- '#histogram 388 20'
- '#histogram 389 20'
- '#histogram 390 8'
- '#histogram 391 12'
- '#histogram 392 14'
- '#histogram 393 9'
- '#histogram 394 9'
- '#histogram 395 19'
- '#histogram 396 12'
- '#histogram 397 8'
- '#histogram 398 13'
- '#histogram 399 12'
- '#histogram 400 13'
- '#histogram 401 16'
- '#histogram 402 17'
- '#histogram 403 13'
- '#histogram 404 15'
- '#histogram 405 17'
- '#histogram 406 12'
- '#histogram 407 13'
- '#histogram 408 24'
- '#histogram 409 18'
- '#histogram 410 16'
- '#histogram 411 17'
- '#histogram 412 15'
- '#histogram 413 19'
- '#histogram 414 11'
- '#histogram 415 20'
- '#histogram 416 19'
- '#histogram 417 19'
- '#histogram 418 15'
- '#histogram 419 15'
- '#histogram 420 14'
- '#histogram 421 9'
- '#histogram 422 18'
- '#histogram 423 12'
- '#histogram 424 7'
- '#histogram 425 13'
- '#histogram 426 18'
- '#histogram 427 17'
- '#histogram 428 12'
- '#histogram 429 15'
- '#histogram 430 14'
- '#histogram 431 11'
- '#histogram 432 24'
- '#histogram 433 12'
- '#histogram 434 9'
- '#histogram 435 14'
- '#histogram 436 13'
- '#histogram 437 24'
- '#histogram 438 17'
- '#histogram 439 15'
- '#histogram 440 17'
- '#histogram 441 9'
- '#histogram 442 15'
- '#histogram 443 13'
- '#histogram 444 11'
- '#histogram 445 14'
- '#histogram 446 14'
- '#histogram 447 17'
- '#histogram 448 13'
- '#histogram 449 11'
- '#histogram 450 12'
- '#histogram 451 15'
- '#histogram 452 20'
- '#histogram 453 10'
- '#histogram 454 15'
- '#histogram 455 5'
- '#histogram 456 16'
- '#histogram 457 15'
- '#histogram 458 16'
- '#histogram 459 21'
- '#histogram 460 15'
- '#histogram 461 18'
- '#histogram 462 12'
- '#histogram 463 20'
- '#histogram 464 11'
- '#histogram 465 13'
- '#histogram 466 8'
- '#histogram 467 16'
- '#histogram 468 9'
- '#histogram 469 11'
- '#histogram 470 19'
- '#histogram 471 8'
- '#histogram 472 15'
- '#histogram 473 18'
- '#histogram 474 10'
- '#histogram 475 20'
- '#histogram 476 11'
- '#histogram 477 13'
- '#histogram 478 20'
- '#histogram 479 15'
- '#histogram 480 13'
- '#histogram 481 16'
- '#histogram 482 8'
- '#histogram 483 14'
- '#histogram 484 11'
- '#histogram 485 12'
- '#histogram 486 16'
- '#histogram 487 11'
- '#histogram 488 12'
- '#histogram 489 9'
- '#histogram 490 14'
- '#histogram 491 18'
- '#histogram 492 10'
- '#histogram 493 12'
- '#histogram 494 10'
- '#histogram 495 9'
- '#histogram 496 15'
- '#histogram 497 10'
- '#histogram 498 12'
- '#histogram 499 12'
- '#histogram 500 10'
- '#histogram 501 13'
- '#histogram 502 14'
- '#histogram 503 10'
- '#histogram 504 10'
- '#histogram 505 10'
- '#histogram 506 8'
- '#histogram 507 8'
- '#histogram 508 18'
- '#histogram 509 13'
- '#histogram 510 8'
- '#histogram 511 18'
- '#histogram 512 15'
- '#histogram 513 22'
- '#histogram 514 10'
- '#histogram 515 10'
- '#histogram 516 8'
- '#histogram 517 10'
- '#histogram 518 9'
- '#histogram 519 10'
- '#histogram 520 12'
- '#histogram 521 17'
- '#histogram 522 11'
- '#histogram 523 11'
- '#histogram 524 12'
- '#histogram 525 5'
- '#histogram 526 7'
- '#histogram 527 5'
- '#histogram 528 4'
- '#histogram 529 14'
- '#histogram 530 9'
- '#histogram 531 8'
- '#histogram 532 11'
- '#histogram 533 12'
- '#histogram 534 11'
- '#histogram 535 4'
- '#histogram 536 15'
- '#histogram 537 12'
- '#histogram 538 6'
- '#histogram 539 6'
- '#histogram 540 10'
- '#histogram 541 4'
- '#histogram 542 19'
- '#histogram 543 19'
- '#histogram 544 11'
- '#histogram 545 8'
- '#histogram 546 12'
- '#histogram 547 12'
- '#histogram 548 15'
- '#histogram 549 19'
- '#histogram 550 9'
- '#histogram 551 9'
- '#histogram 552 11'
- '#histogram 553 8'
- '#histogram 554 16'
- '#histogram 555 13'
- '#histogram 556 10'
- '#histogram 557 13'
- '#histogram 558 5'
- '#histogram 559 15'
- '#histogram 560 11'
- '#histogram 561 8'
- '#histogram 562 10'
- '#histogram 563 3'
- '#histogram 564 12'
- '#histogram 565 12'
- '#histogram 566 5'
- '#histogram 567 9'
- '#histogram 568 13'
- '#histogram 569 6'
- '#histogram 570 8'
- '#histogram 571 9'
- '#histogram 572 10'
- '#histogram 573 11'
- '#histogram 574 6'
- '#histogram 575 14'
- '#histogram 576 5'
- '#histogram 577 9'
- '#histogram 578 10'
- '#histogram 579 16'
- '#histogram 580 6'
- '#histogram 581 11'
- '#histogram 582 7'
- '#histogram 583 8'
- '#histogram 584 9'
- '#histogram 585 9'
- '#histogram 586 8'
- '#histogram 587 9'
- '#histogram 588 11'
- '#histogram 589 4'
- '#histogram 590 13'
- '#histogram 591 9'
- '#histogram 592 13'
- '#histogram 593 12'
- '#histogram 594 15'
- '#histogram 595 15'
- '#histogram 596 6'
- '#histogram 597 6'
- '#histogram 598 10'
- '#histogram 599 9'
- '#histogram 600 8'
- '#histogram 601 10'
- '#histogram 602 3'
- '#histogram 603 11'
- '#histogram 604 7'
- '#histogram 605 6'
- '#histogram 606 6'
- '#histogram 607 9'
- '#histogram 608 4'
- '#histogram 609 12'
- '#histogram 610 7'
- '#histogram 611 9'
- '#histogram 612 9'
- '#histogram 613 10'
- '#histogram 614 8'
- '#histogram 615 7'
- '#histogram 616 7'
- '#histogram 617 7'
- '#histogram 618 9'
- '#histogram 619 5'
- '#histogram 620 13'
- '#histogram 621 10'
- '#histogram 622 6'
- '#histogram 623 11'
- '#histogram 624 11'
- '#histogram 625 7'
- '#histogram 626 8'
- '#histogram 627 16'
- '#histogram 628 7'
- '#histogram 629 6'
- '#histogram 630 10'
- '#histogram 631 13'
- '#histogram 632 7'
- '#histogram 633 9'
- '#histogram 634 11'
- '#histogram 635 5'
- '#histogram 636 8'
- '#histogram 637 6'
- '#histogram 638 7'
- '#histogram 639 7'
- '#histogram 640 12'
- '#histogram 641 6'
- '#histogram 642 11'
- '#histogram 643 4'
- '#histogram 644 6'
- '#histogram 645 16'
- '#histogram 646 4'
- '#histogram 647 7'
- '#histogram 648 7'
- '#histogram 649 8'
- '#histogram 650 8'
- '#histogram 651 6'
- '#histogram 652 9'
- '#histogram 653 7'
- '#histogram 654 11'
- '#histogram 655 13'
- '#histogram 656 5'
- '#histogram 657 9'
- '#histogram 658 9'
- '#histogram 659 3'
- '#histogram 660 5'
- '#histogram 661 6'
- '#histogram 662 11'
- '#histogram 663 6'
- '#histogram 664 10'
- '#histogram 665 11'
- '#histogram 666 9'
- '#histogram 667 11'
- '#histogram 668 3'
- '#histogram 669 4'
- '#histogram 670 7'
- '#histogram 671 7'
- '#histogram 672 8'
- '#histogram 673 5'
- '#histogram 674 5'
- '#histogram 675 5'
- '#histogram 676 12'
- '#histogram 677 6'
- '#histogram 678 12'
- '#histogram 679 11'
- '#histogram 680 10'
- '#histogram 681 9'
- '#histogram 682 5'
- '#histogram 683 9'
- '#histogram 684 7'
- '#histogram 685 9'
- '#histogram 686 7'
- '#histogram 688 5'
- '#histogram 689 6'
- '#histogram 690 4'
- '#histogram 691 8'
- '#histogram 692 8'
- '#histogram 693 4'
- '#histogram 694 6'
- '#histogram 695 7'
- '#histogram 696 14'
- '#histogram 697 9'
- '#histogram 698 7'
- '#histogram 699 4'
- '#histogram 700 6'
- '#histogram 701 2'
- '#histogram 702 4'
- '#histogram 703 5'
- '#histogram 704 10'
- '#histogram 705 8'
- '#histogram 706 10'
- '#histogram 707 4'
- '#histogram 708 4'
- '#histogram 709 12'
- '#histogram 710 9'
- '#histogram 711 11'
- '#histogram 712 7'
- '#histogram 713 7'
- '#histogram 714 5'
- '#histogram 715 6'
- '#histogram 716 9'
- '#histogram 717 5'
- '#histogram 718 8'
- '#histogram 719 10'
- '#histogram 720 7'
- '#histogram 721 9'
- '#histogram 722 4'
- '#histogram 723 6'
- '#histogram 724 8'
- '#histogram 725 4'
- '#histogram 726 12'
- '#histogram 727 1'
- '#histogram 728 5'
- '#histogram 729 4'
- '#histogram 730 9'
- '#histogram 731 6'
- '#histogram 732 7'
- '#histogram 733 7'
- '#histogram 734 5'
- '#histogram 735 10'
- '#histogram 736 7'
- '#histogram 737 1'
- '#histogram 738 10'
- '#histogram 739 4'
- '#histogram 740 4'
- '#histogram 741 8'
- '#histogram 742 4'
- '#histogram 743 6'
- '#histogram 744 5'
- '#histogram 745 7'
- '#histogram 746 3'
- '#histogram 747 4'
- '#histogram 748 4'
- '#histogram 749 5'
- '#histogram 750 4'
- '#histogram 751 9'
- '#histogram 752 8'
- '#histogram 753 10'
- '#histogram 754 12'
- '#histogram 755 2'
- '#histogram 756 4'
- '#histogram 757 6'
- '#histogram 758 4'
- '#histogram 759 7'
- '#histogram 760 5'
- '#histogram 761 5'
- '#histogram 762 2'
- '#histogram 763 2'
- '#histogram 764 5'
- '#histogram 765 7'
- '#histogram 766 4'
- '#histogram 767 5'
- '#histogram 768 6'
- '#histogram 769 3'
- '#histogram 770 4'
- '#histogram 771 7'
- '#histogram 772 7'
- '#histogram 773 3'
- '#histogram 774 6'
- '#histogram 775 8'
- '#histogram 776 4'
- '#histogram 777 7'
- '#histogram 778 8'
- '#histogram 779 9'
- '#histogram 780 3'
- '#histogram 781 8'
- '#histogram 782 6'
- '#histogram 783 4'
- '#histogram 784 3'
- '#histogram 785 3'
- '#histogram 786 9'
- '#histogram 787 3'
- '#histogram 788 5'
- '#histogram 789 6'
- '#histogram 790 6'
- '#histogram 791 2'
- '#histogram 792 6'
- '#histogram 793 6'
- '#histogram 794 5'
- '#histogram 795 6'
- '#histogram 796 3'
- '#histogram 797 2'
- '#histogram 798 5'
- '#histogram 799 6'
- '#histogram 800 4'
- '#histogram 801 5'
- '#histogram 802 5'
- '#histogram 803 7'
- '#histogram 804 2'
- '#histogram 805 3'
- '#histogram 806 9'
- '#histogram 807 2'
- '#histogram 808 4'
- '#histogram 809 5'
- '#histogram 810 6'
- '#histogram 811 6'
- '#histogram 812 6'
- '#histogram 813 10'
- '#histogram 814 4'
- '#histogram 815 4'
- '#histogram 816 5'
- '#histogram 817 3'
- '#histogram 818 5'
- '#histogram 819 3'
- '#histogram 820 6'
- '#histogram 821 2'
- '#histogram 822 4'
- '#histogram 823 3'
- '#histogram 824 7'
- '#histogram 825 6'
- '#histogram 826 2'
- '#histogram 827 4'
- '#histogram 828 5'
- '#histogram 829 5'
- '#histogram 830 3'
- '#histogram 831 1'
- '#histogram 832 2'
- '#histogram 833 3'
- '#histogram 834 5'
- '#histogram 835 5'
- '#histogram 836 2'
- '#histogram 837 1'
- '#histogram 838 2'
- '#histogram 839 3'
- '#histogram 840 4'
- '#histogram 841 6'
- '#histogram 842 2'
- '#histogram 843 2'
- '#histogram 844 7'
- '#histogram 845 5'
- '#histogram 846 2'
- '#histogram 847 10'
- '#histogram 848 3'
- '#histogram 849 6'
- '#histogram 850 2'
- '#histogram 851 3'
- '#histogram 852 1'
- '#histogram 853 2'
- '#histogram 854 6'
- '#histogram 855 4'
- '#histogram 856 7'
- '#histogram 857 2'
- '#histogram 858 2'
- '#histogram 859 3'
- '#histogram 860 4'
- '#histogram 861 8'
- '#histogram 862 2'
- '#histogram 863 4'
- '#histogram 864 7'
- '#histogram 866 1'
- '#histogram 867 3'
- '#histogram 868 2'
- '#histogram 869 6'
- '#histogram 870 2'
- '#histogram 871 4'
- '#histogram 872 3'
- '#histogram 873 4'
- '#histogram 874 3'
- '#histogram 875 4'
- '#histogram 876 3'
- '#histogram 877 5'
- '#histogram 878 4'
- '#histogram 879 6'
- '#histogram 880 6'
- '#histogram 881 4'
- '#histogram 882 5'
- '#histogram 883 3'
- '#histogram 884 5'
- '#histogram 885 8'
- '#histogram 886 5'
- '#histogram 887 3'
- '#histogram 888 6'
- '#histogram 889 1'
- '#histogram 890 4'
- '#histogram 891 4'
- '#histogram 892 3'
- '#histogram 893 2'
- '#histogram 894 3'
- '#histogram 895 1'
- '#histogram 896 2'
- '#histogram 897 7'
- '#histogram 898 2'
- '#histogram 899 2'
- '#histogram 900 6'
- '#histogram 901 10'
- '#histogram 902 2'
- '#histogram 903 3'
- '#histogram 904 4'
- '#histogram 905 5'
- '#histogram 906 1'
- '#histogram 907 7'
- '#histogram 908 2'
- '#histogram 909 4'
- '#histogram 910 2'
- '#histogram 911 5'
- '#histogram 912 1'
- '#histogram 913 2'
- '#histogram 914 5'
- '#histogram 915 4'
- '#histogram 916 2'
- '#histogram 917 3'
- '#histogram 918 6'
- '#histogram 919 9'
- '#histogram 920 1'
- '#histogram 921 4'
- '#histogram 922 4'
- '#histogram 923 5'
- '#histogram 924 4'
- '#histogram 925 4'
- '#histogram 926 1'
- '#histogram 927 6'
- '#histogram 928 5'
- '#histogram 929 1'
- '#histogram 930 1'
- '#histogram 931 4'
- '#histogram 932 4'
- '#histogram 933 1'
- '#histogram 934 1'
- '#histogram 935 1'
- '#histogram 936 3'
- '#histogram 937 4'
- '#histogram 938 2'
- '#histogram 939 4'
- '#histogram 941 2'
- '#histogram 942 2'
- '#histogram 943 3'
- '#histogram 944 7'
- '#histogram 945 2'
- '#histogram 946 4'
- '#histogram 947 3'
- '#histogram 948 1'
- '#histogram 949 3'
- '#histogram 950 6'
- '#histogram 951 4'
- '#histogram 952 2'
- '#histogram 953 1'
- '#histogram 954 2'
- '#histogram 955 3'
- '#histogram 956 4'
- '#histogram 957 3'
- '#histogram 958 1'
- '#histogram 959 2'
- '#histogram 960 4'
- '#histogram 961 3'
- '#histogram 962 3'
- '#histogram 963 3'
- '#histogram 965 1'
- '#histogram 966 1'
- '#histogram 967 2'
- '#histogram 969 4'
- '#histogram 970 4'
- '#histogram 971 3'
- '#histogram 972 2'
- '#histogram 973 5'
- '#histogram 974 3'
- '#histogram 975 1'
- '#histogram 976 2'
- '#histogram 978 2'
- '#histogram 979 1'
- '#histogram 980 2'
- '#histogram 981 1'
- '#histogram 982 5'
- '#histogram 983 2'
- '#histogram 984 4'
- '#histogram 985 1'
- '#histogram 986 1'
- '#histogram 987 3'
- '#histogram 988 3'
- '#histogram 989 1'
- '#histogram 990 3'
- '#histogram 991 1'
- '#histogram 992 1'
- '#histogram 993 3'
- '#histogram 994 3'
- '#histogram 995 2'
- '#histogram 996 3'
- '#histogram 997 2'
- '#histogram 998 3'
- '#histogram 999 1'
- '#histogram 1000 2'
- '#histogram 1001 3'
- '#histogram 1002 4'
- '#histogram 1003 4'
- '#histogram 1004 5'
- '#histogram 1005 4'
- '#histogram 1006 2'
- '#histogram 1009 2'
- '#histogram 1010 1'
- '#histogram 1012 2'
- '#histogram 1013 4'
- '#histogram 1014 1'
- '#histogram 1015 1'
- '#histogram 1016 1'
- '#histogram 1017 1'
- '#histogram 1018 1'
- '#histogram 1019 3'
- '#histogram 1020 1'
- '#histogram 1022 2'
- '#histogram 1023 2'
- '#histogram 1025 1'
- '#histogram 1026 2'
- '#histogram 1028 3'
- '#histogram 1030 4'
- '#histogram 1031 2'
- '#histogram 1032 2'
- '#histogram 1034 2'
- '#histogram 1035 4'
- '#histogram 1036 1'
- '#histogram 1037 4'
- '#histogram 1038 3'
- '#histogram 1039 4'
- '#histogram 1040 2'
- '#histogram 1042 3'
- '#histogram 1043 1'
- '#histogram 1044 2'
- '#histogram 1045 2'
- '#histogram 1048 1'
- '#histogram 1049 2'
- '#histogram 1050 2'
- '#histogram 1051 1'
- '#histogram 1052 1'
- '#histogram 1053 1'
- '#histogram 1054 5'
- '#histogram 1055 2'
- '#histogram 1056 2'
- '#histogram 1058 2'
- '#histogram 1060 1'
- '#histogram 1063 3'
- '#histogram 1064 2'
- '#histogram 1066 1'
- '#histogram 1067 2'
- '#histogram 1068 1'
- '#histogram 1070 2'
- '#histogram 1071 1'
- '#histogram 1073 1'
- '#histogram 1075 1'
- '#histogram 1076 1'
- '#histogram 1077 1'
- '#histogram 1078 3'
- '#histogram 1079 2'
- '#histogram 1081 2'
- '#histogram 1082 1'
- '#histogram 1083 2'
- '#histogram 1084 1'
- '#histogram 1085 4'
- '#histogram 1086 1'
- '#histogram 1087 2'
- '#histogram 1088 1'
- '#histogram 1089 1'
- '#histogram 1090 2'
- '#histogram 1091 1'
- '#histogram 1092 2'
- '#histogram 1093 3'
- '#histogram 1094 2'
- '#histogram 1095 2'
- '#histogram 1096 1'
- '#histogram 1098 1'
- '#histogram 1099 3'
- '#histogram 1100 1'
- '#histogram 1101 3'
- '#histogram 1102 3'
- '#histogram 1103 1'
- '#histogram 1107 1'
- '#histogram 1108 2'
- '#histogram 1109 2'
- '#histogram 1110 1'
- '#histogram 1111 1'
- '#histogram 1114 2'
- '#histogram 1115 3'
- '#histogram 1119 2'
- '#histogram 1120 1'
- '#histogram 1123 3'
- '#histogram 1124 3'
- '#histogram 1125 1'
- '#histogram 1127 2'
- '#histogram 1128 2'
- '#histogram 1129 3'
- '#histogram 1132 1'
- '#histogram 1134 1'
- '#histogram 1138 1'
- '#histogram 1139 1'
- '#histogram 1141 1'
- '#histogram 1144 2'
- '#histogram 1146 1'
- '#histogram 1148 2'
- '#histogram 1149 1'
- '#histogram 1150 1'
- '#histogram 1151 2'
- '#histogram 1153 3'
- '#histogram 1158 2'
- '#histogram 1159 1'
- '#histogram 1161 1'
- '#histogram 1166 3'
- '#histogram 1171 2'
- '#histogram 1173 1'
- '#histogram 1174 2'
- '#histogram 1177 3'
- '#histogram 1178 2'
- '#histogram 1181 3'
- '#histogram 1182 2'
- '#histogram 1183 1'
- '#histogram 1189 1'
- '#histogram 1190 2'
- '#histogram 1192 1'
- '#histogram 1193 3'
- '#histogram 1194 1'
- '#histogram 1195 1'
- '#histogram 1196 2'
- '#histogram 1197 1'
- '#histogram 1198 1'
- '#histogram 1199 1'
- '#histogram 1202 2'
- '#histogram 1203 3'
- '#histogram 1204 1'
- '#histogram 1206 3'
- '#histogram 1208 2'
- '#histogram 1210 1'
- '#histogram 1211 1'
- '#histogram 1212 1'
- '#histogram 1215 3'
- '#histogram 1218 1'
- '#histogram 1225 1'
- '#histogram 1226 1'
- '#histogram 1227 1'
- '#histogram 1228 1'
- '#histogram 1239 1'
- '#histogram 1245 2'
- '#histogram 1258 1'
- '#histogram 1287 1'
- '#histogram 1291 3'
- '#histogram 1306 1'
- '#histogram 1311 1'
- '#histogram 1347 1'
- '#histogram 1390 1'
- '#histogram 1396 1'
- '#histogram 1415 1'
- '#histogram 1504 1'
- '#histogram 1575 1'
- '#histogram 1630 1'
- '#histogram 1645 1'
- '#histogram 1721 1'
- '#histogram 1796 1'
- '#histogram 1818 1'
- ''
