code: 0
data:
  avg_latency: 0.140722
  histogram:
  - - 0
    - 0
  - - 1
    - 21
  - - 2
    - 109
  - - 3
    - 155
  - - 4
    - 216
  - - 5
    - 225
  - - 6
    - 206
  - - 7
    - 210
  - - 8
    - 227
  - - 9
    - 221
  - - 10
    - 224
  - - 11
    - 230
  - - 12
    - 225
  - - 13
    - 245
  - - 14
    - 227
  - - 15
    - 235
  - - 16
    - 222
  - - 17
    - 236
  - - 18
    - 243
  - - 19
    - 232
  - - 20
    - 236
  - - 21
    - 251
  - - 22
    - 267
  - - 23
    - 283
  - - 24
    - 286
  - - 25
    - 270
  - - 26
    - 274
  - - 27
    - 284
  - - 28
    - 291
  - - 29
    - 310
  - - 30
    - 315
  - - 31
    - 330
  - - 32
    - 290
  - - 33
    - 340
  - - 34
    - 310
  - - 35
    - 348
  - - 36
    - 354
  - - 37
    - 358
  - - 38
    - 395
  - - 39
    - 393
  - - 40
    - 399
  - - 41
    - 377
  - - 42
    - 382
  - - 43
    - 345
  - - 44
    - 378
  - - 45
    - 405
  - - 46
    - 449
  - - 47
    - 442
  - - 48
    - 416
  - - 49
    - 411
  - - 50
    - 441
  - - 51
    - 475
  - - 52
    - 456
  - - 53
    - 460
  - - 54
    - 450
  - - 55
    - 527
  - - 56
    - 528
  - - 57
    - 508
  - - 58
    - 502
  - - 59
    - 525
  - - 60
    - 487
  - - 61
    - 491
  - - 62
    - 514
  - - 63
    - 544
  - - 64
    - 508
  - - 65
    - 542
  - - 66
    - 526
  - - 67
    - 526
  - - 68
    - 538
  - - 69
    - 569
  - - 70
    - 573
  - - 71
    - 544
  - - 72
    - 505
  - - 73
    - 525
  - - 74
    - 532
  - - 75
    - 550
  - - 76
    - 545
  - - 77
    - 550
  - - 78
    - 552
  - - 79
    - 579
  - - 80
    - 540
  - - 81
    - 560
  - - 82
    - 561
  - - 83
    - 565
  - - 84
    - 591
  - - 85
    - 517
  - - 86
    - 573
  - - 87
    - 512
  - - 88
    - 527
  - - 89
    - 525
  - - 90
    - 526
  - - 91
    - 562
  - - 92
    - 533
  - - 93
    - 533
  - - 94
    - 562
  - - 95
    - 555
  - - 96
    - 559
  - - 97
    - 509
  - - 98
    - 530
  - - 99
    - 522
  - - 100
    - 519
  - - 101
    - 512
  - - 102
    - 531
  - - 103
    - 493
  - - 104
    - 517
  - - 105
    - 487
  - - 106
    - 532
  - - 107
    - 494
  - - 108
    - 519
  - - 109
    - 503
  - - 110
    - 506
  - - 111
    - 493
  - - 112
    - 499
  - - 113
    - 437
  - - 114
    - 459
  - - 115
    - 503
  - - 116
    - 442
  - - 117
    - 467
  - - 118
    - 430
  - - 119
    - 417
  - - 120
    - 451
  - - 121
    - 398
  - - 122
    - 415
  - - 123
    - 419
  - - 124
    - 436
  - - 125
    - 422
  - - 126
    - 404
  - - 127
    - 384
  - - 128
    - 405
  - - 129
    - 403
  - - 130
    - 398
  - - 131
    - 420
  - - 132
    - 394
  - - 133
    - 394
  - - 134
    - 427
  - - 135
    - 387
  - - 136
    - 353
  - - 137
    - 394
  - - 138
    - 343
  - - 139
    - 380
  - - 140
    - 348
  - - 141
    - 313
  - - 142
    - 330
  - - 143
    - 361
  - - 144
    - 324
  - - 145
    - 343
  - - 146
    - 303
  - - 147
    - 335
  - - 148
    - 303
  - - 149
    - 305
  - - 150
    - 284
  - - 151
    - 298
  - - 152
    - 292
  - - 153
    - 288
  - - 154
    - 290
  - - 155
    - 277
  - - 156
    - 281
  - - 157
    - 269
  - - 158
    - 262
  - - 159
    - 265
  - - 160
    - 232
  - - 161
    - 296
  - - 162
    - 248
  - - 163
    - 222
  - - 164
    - 235
  - - 165
    - 253
  - - 166
    - 246
  - - 167
    - 244
  - - 168
    - 260
  - - 169
    - 230
  - - 170
    - 257
  - - 171
    - 229
  - - 172
    - 243
  - - 173
    - 224
  - - 174
    - 226
  - - 175
    - 230
  - - 176
    - 201
  - - 177
    - 211
  - - 178
    - 219
  - - 179
    - 204
  - - 180
    - 179
  - - 181
    - 203
  - - 182
    - 177
  - - 183
    - 163
  - - 184
    - 164
  - - 185
    - 170
  - - 186
    - 185
  - - 187
    - 143
  - - 188
    - 158
  - - 189
    - 182
  - - 190
    - 135
  - - 191
    - 164
  - - 192
    - 152
  - - 193
    - 156
  - - 194
    - 144
  - - 195
    - 130
  - - 196
    - 136
  - - 197
    - 126
  - - 198
    - 135
  - - 199
    - 142
  - - 200
    - 145
  - - 201
    - 142
  - - 202
    - 123
  - - 203
    - 105
  - - 204
    - 130
  - - 205
    - 116
  - - 206
    - 106
  - - 207
    - 125
  - - 208
    - 108
  - - 209
    - 120
  - - 210
    - 107
  - - 211
    - 116
  - - 212
    - 109
  - - 213
    - 112
  - - 214
    - 106
  - - 215
    - 88
  - - 216
    - 91
  - - 217
    - 88
  - - 218
    - 95
  - - 219
    - 100
  - - 220
    - 101
  - - 221
    - 87
  - - 222
    - 105
  - - 223
    - 90
  - - 224
    - 70
  - - 225
    - 87
  - - 226
    - 83
  - - 227
    - 93
  - - 228
    - 91
  - - 229
    - 63
  - - 230
    - 71
  - - 231
    - 89
  - - 232
    - 63
  - - 233
    - 95
  - - 234
    - 74
  - - 235
    - 74
  - - 236
    - 80
  - - 237
    - 61
  - - 238
    - 66
  - - 239
    - 75
  - - 240
    - 58
  - - 241
    - 69
  - - 242
    - 75
  - - 243
    - 62
  - - 244
    - 62
  - - 245
    - 69
  - - 246
    - 44
  - - 247
    - 60
  - - 248
    - 49
  - - 249
    - 50
  - - 250
    - 57
  - - 251
    - 55
  - - 252
    - 58
  - - 253
    - 55
  - - 254
    - 55
  - - 255
    - 68
  - - 256
    - 54
  - - 257
    - 51
  - - 258
    - 62
  - - 259
    - 34
  - - 260
    - 48
  - - 261
    - 56
  - - 262
    - 30
  - - 263
    - 52
  - - 264
    - 42
  - - 265
    - 52
  - - 266
    - 44
  - - 267
    - 39
  - - 268
    - 39
  - - 269
    - 35
  - - 270
    - 46
  - - 271
    - 39
  - - 272
    - 35
  - - 273
    - 36
  - - 274
    - 38
  - - 275
    - 38
  - - 276
    - 28
  - - 277
    - 29
  - - 278
    - 39
  - - 279
    - 27
  - - 280
    - 33
  - - 281
    - 37
  - - 282
    - 31
  - - 283
    - 31
  - - 284
    - 37
  - - 285
    - 29
  - - 286
    - 36
  - - 287
    - 32
  - - 288
    - 38
  - - 289
    - 26
  - - 290
    - 34
  - - 291
    - 36
  - - 292
    - 23
  - - 293
    - 26
  - - 294
    - 29
  - - 295
    - 29
  - - 296
    - 24
  - - 297
    - 23
  - - 298
    - 25
  - - 299
    - 33
  - - 300
    - 21
  - - 301
    - 38
  - - 302
    - 33
  - - 303
    - 18
  - - 304
    - 26
  - - 305
    - 27
  - - 306
    - 26
  - - 307
    - 31
  - - 308
    - 25
  - - 309
    - 27
  - - 310
    - 26
  - - 311
    - 21
  - - 312
    - 25
  - - 313
    - 22
  - - 314
    - 25
  - - 315
    - 29
  - - 316
    - 24
  - - 317
    - 32
  - - 318
    - 20
  - - 319
    - 21
  - - 320
    - 17
  - - 321
    - 17
  - - 322
    - 21
  - - 323
    - 20
  - - 324
    - 26
  - - 325
    - 17
  - - 326
    - 19
  - - 327
    - 16
  - - 328
    - 19
  - - 329
    - 24
  - - 330
    - 17
  - - 331
    - 25
  - - 332
    - 21
  - - 333
    - 15
  - - 334
    - 22
  - - 335
    - 23
  - - 336
    - 20
  - - 337
    - 20
  - - 338
    - 24
  - - 339
    - 19
  - - 340
    - 24
  - - 341
    - 25
  - - 342
    - 27
  - - 343
    - 26
  - - 344
    - 21
  - - 345
    - 16
  - - 346
    - 15
  - - 347
    - 24
  - - 348
    - 14
  - - 349
    - 12
  - - 350
    - 23
  - - 351
    - 13
  - - 352
    - 19
  - - 353
    - 19
  - - 354
    - 18
  - - 355
    - 19
  - - 356
    - 15
  - - 357
    - 28
  - - 358
    - 15
  - - 359
    - 13
  - - 360
    - 17
  - - 361
    - 18
  - - 362
    - 29
  - - 363
    - 14
  - - 364
    - 18
  - - 365
    - 23
  - - 366
    - 16
  - - 367
    - 15
  - - 368
    - 15
  - - 369
    - 16
  - - 370
    - 17
  - - 371
    - 16
  - - 372
    - 13
  - - 373
    - 14
  - - 374
    - 23
  - - 375
    - 16
  - - 376
    - 33
  - - 377
    - 9
  - - 378
    - 13
  - - 379
    - 22
  - - 380
    - 17
  - - 381
    - 22
  - - 382
    - 12
  - - 383
    - 15
  - - 384
    - 13
  - - 385
    - 17
  - - 386
    - 18
  - - 387
    - 21
  - - 388
    - 23
  - - 389
    - 28
  - - 390
    - 13
  - - 391
    - 11
  - - 392
    - 13
  - - 393
    - 12
  - - 394
    - 16
  - - 395
    - 11
  - - 396
    - 19
  - - 397
    - 18
  - - 398
    - 16
  - - 399
    - 14
  - - 400
    - 22
  - - 401
    - 31
  - - 402
    - 15
  - - 403
    - 18
  - - 404
    - 27
  - - 405
    - 20
  - - 406
    - 17
  - - 407
    - 18
  - - 408
    - 20
  - - 409
    - 16
  - - 410
    - 15
  - - 411
    - 12
  - - 412
    - 10
  - - 413
    - 23
  - - 414
    - 14
  - - 415
    - 13
  - - 416
    - 10
  - - 417
    - 11
  - - 418
    - 12
  - - 419
    - 17
  - - 420
    - 7
  - - 421
    - 18
  - - 422
    - 7
  - - 423
    - 19
  - - 424
    - 14
  - - 425
    - 9
  - - 426
    - 12
  - - 427
    - 18
  - - 428
    - 14
  - - 429
    - 10
  - - 430
    - 12
  - - 431
    - 9
  - - 432
    - 16
  - - 433
    - 15
  - - 434
    - 10
  - - 435
    - 13
  - - 436
    - 13
  - - 437
    - 16
  - - 438
    - 13
  - - 439
    - 17
  - - 440
    - 10
  - - 441
    - 17
  - - 442
    - 13
  - - 443
    - 14
  - - 444
    - 20
  - - 445
    - 13
  - - 446
    - 15
  - - 447
    - 16
  - - 448
    - 6
  - - 449
    - 16
  - - 450
    - 12
  - - 451
    - 11
  - - 452
    - 12
  - - 453
    - 15
  - - 454
    - 18
  - - 455
    - 15
  - - 456
    - 15
  - - 457
    - 12
  - - 458
    - 16
  - - 459
    - 14
  - - 460
    - 20
  - - 461
    - 18
  - - 462
    - 10
  - - 463
    - 15
  - - 464
    - 9
  - - 465
    - 9
  - - 466
    - 11
  - - 467
    - 9
  - - 468
    - 19
  - - 469
    - 15
  - - 470
    - 5
  - - 471
    - 16
  - - 472
    - 14
  - - 473
    - 9
  - - 474
    - 23
  - - 475
    - 15
  - - 476
    - 16
  - - 477
    - 10
  - - 478
    - 8
  - - 479
    - 12
  - - 480
    - 11
  - - 481
    - 15
  - - 482
    - 14
  - - 483
    - 14
  - - 484
    - 10
  - - 485
    - 11
  - - 486
    - 16
  - - 487
    - 9
  - - 488
    - 14
  - - 489
    - 11
  - - 490
    - 18
  - - 491
    - 20
  - - 492
    - 15
  - - 493
    - 18
  - - 494
    - 14
  - - 495
    - 9
  - - 496
    - 14
  - - 497
    - 11
  - - 498
    - 12
  - - 499
    - 11
  - - 500
    - 11
  - - 501
    - 8
  - - 502
    - 19
  - - 503
    - 13
  - - 504
    - 20
  - - 505
    - 13
  - - 506
    - 8
  - - 507
    - 16
  - - 508
    - 12
  - - 509
    - 10
  - - 510
    - 16
  - - 511
    - 3
  - - 512
    - 9
  - - 513
    - 8
  - - 514
    - 13
  - - 515
    - 11
  - - 516
    - 7
  - - 517
    - 14
  - - 518
    - 10
  - - 519
    - 9
  - - 520
    - 11
  - - 521
    - 8
  - - 522
    - 11
  - - 523
    - 9
  - - 524
    - 7
  - - 525
    - 7
  - - 526
    - 16
  - - 527
    - 6
  - - 528
    - 19
  - - 529
    - 7
  - - 530
    - 13
  - - 531
    - 11
  - - 532
    - 16
  - - 533
    - 12
  - - 534
    - 9
  - - 535
    - 10
  - - 536
    - 15
  - - 537
    - 18
  - - 538
    - 16
  - - 539
    - 9
  - - 540
    - 11
  - - 541
    - 13
  - - 542
    - 14
  - - 543
    - 8
  - - 544
    - 12
  - - 545
    - 6
  - - 546
    - 15
  - - 547
    - 11
  - - 548
    - 12
  - - 549
    - 12
  - - 550
    - 7
  - - 551
    - 9
  - - 552
    - 14
  - - 553
    - 9
  - - 554
    - 13
  - - 555
    - 11
  - - 556
    - 12
  - - 557
    - 15
  - - 558
    - 11
  - - 559
    - 13
  - - 560
    - 11
  - - 561
    - 7
  - - 562
    - 10
  - - 563
    - 16
  - - 564
    - 11
  - - 565
    - 7
  - - 566
    - 6
  - - 567
    - 4
  - - 568
    - 9
  - - 569
    - 12
  - - 570
    - 16
  - - 571
    - 9
  - - 572
    - 18
  - - 573
    - 15
  - - 574
    - 8
  - - 575
    - 8
  - - 576
    - 9
  - - 577
    - 6
  - - 578
    - 18
  - - 579
    - 7
  - - 580
    - 12
  - - 581
    - 10
  - - 582
    - 9
  - - 583
    - 12
  - - 584
    - 9
  - - 585
    - 15
  - - 586
    - 9
  - - 587
    - 12
  - - 588
    - 7
  - - 589
    - 7
  - - 590
    - 9
  - - 591
    - 4
  - - 592
    - 9
  - - 593
    - 5
  - - 594
    - 4
  - - 595
    - 8
  - - 596
    - 7
  - - 597
    - 10
  - - 598
    - 11
  - - 599
    - 8
  - - 600
    - 7
  - - 601
    - 6
  - - 602
    - 9
  - - 603
    - 9
  - - 604
    - 11
  - - 605
    - 9
  - - 606
    - 9
  - - 607
    - 9
  - - 608
    - 9
  - - 609
    - 10
  - - 610
    - 9
  - - 611
    - 13
  - - 612
    - 8
  - - 613
    - 6
  - - 614
    - 5
  - - 615
    - 6
  - - 616
    - 8
  - - 617
    - 6
  - - 618
    - 11
  - - 619
    - 9
  - - 620
    - 10
  - - 621
    - 10
  - - 622
    - 11
  - - 623
    - 4
  - - 624
    - 7
  - - 625
    - 7
  - - 626
    - 13
  - - 627
    - 9
  - - 628
    - 2
  - - 629
    - 13
  - - 630
    - 8
  - - 631
    - 7
  - - 632
    - 4
  - - 633
    - 8
  - - 634
    - 11
  - - 635
    - 11
  - - 636
    - 10
  - - 637
    - 3
  - - 638
    - 5
  - - 639
    - 13
  - - 640
    - 8
  - - 641
    - 6
  - - 642
    - 8
  - - 643
    - 7
  - - 644
    - 12
  - - 645
    - 6
  - - 646
    - 5
  - - 647
    - 6
  - - 648
    - 4
  - - 649
    - 9
  - - 650
    - 8
  - - 651
    - 6
  - - 652
    - 7
  - - 653
    - 5
  - - 654
    - 9
  - - 655
    - 11
  - - 656
    - 9
  - - 657
    - 11
  - - 658
    - 5
  - - 659
    - 4
  - - 660
    - 11
  - - 661
    - 10
  - - 662
    - 4
  - - 663
    - 5
  - - 664
    - 4
  - - 666
    - 4
  - - 667
    - 13
  - - 668
    - 7
  - - 669
    - 7
  - - 670
    - 5
  - - 671
    - 9
  - - 672
    - 5
  - - 673
    - 10
  - - 674
    - 4
  - - 675
    - 5
  - - 676
    - 5
  - - 677
    - 6
  - - 678
    - 6
  - - 679
    - 7
  - - 680
    - 7
  - - 681
    - 5
  - - 682
    - 7
  - - 683
    - 2
  - - 684
    - 1
  - - 685
    - 8
  - - 686
    - 3
  - - 687
    - 6
  - - 688
    - 13
  - - 689
    - 4
  - - 690
    - 7
  - - 691
    - 4
  - - 692
    - 7
  - - 693
    - 4
  - - 694
    - 7
  - - 695
    - 7
  - - 696
    - 7
  - - 697
    - 4
  - - 698
    - 7
  - - 699
    - 10
  - - 700
    - 5
  - - 701
    - 7
  - - 702
    - 5
  - - 703
    - 3
  - - 704
    - 5
  - - 705
    - 2
  - - 706
    - 7
  - - 707
    - 2
  - - 708
    - 5
  - - 709
    - 6
  - - 710
    - 9
  - - 711
    - 5
  - - 712
    - 3
  - - 713
    - 7
  - - 714
    - 3
  - - 715
    - 3
  - - 716
    - 7
  - - 717
    - 5
  - - 718
    - 4
  - - 719
    - 5
  - - 720
    - 4
  - - 721
    - 4
  - - 722
    - 4
  - - 723
    - 6
  - - 724
    - 1
  - - 725
    - 5
  - - 726
    - 7
  - - 727
    - 5
  - - 728
    - 11
  - - 729
    - 2
  - - 730
    - 9
  - - 731
    - 4
  - - 732
    - 8
  - - 733
    - 7
  - - 734
    - 5
  - - 735
    - 9
  - - 736
    - 7
  - - 737
    - 3
  - - 738
    - 5
  - - 739
    - 5
  - - 740
    - 4
  - - 741
    - 7
  - - 742
    - 9
  - - 743
    - 7
  - - 744
    - 3
  - - 745
    - 6
  - - 746
    - 9
  - - 747
    - 6
  - - 748
    - 6
  - - 749
    - 4
  - - 750
    - 3
  - - 751
    - 7
  - - 752
    - 4
  - - 753
    - 4
  - - 754
    - 6
  - - 755
    - 7
  - - 756
    - 3
  - - 757
    - 1
  - - 758
    - 4
  - - 759
    - 2
  - - 760
    - 7
  - - 761
    - 3
  - - 762
    - 3
  - - 763
    - 4
  - - 764
    - 4
  - - 765
    - 4
  - - 766
    - 7
  - - 767
    - 7
  - - 768
    - 3
  - - 769
    - 4
  - - 770
    - 5
  - - 771
    - 4
  - - 772
    - 2
  - - 773
    - 4
  - - 774
    - 3
  - - 776
    - 5
  - - 777
    - 2
  - - 778
    - 7
  - - 779
    - 8
  - - 780
    - 3
  - - 781
    - 5
  - - 782
    - 7
  - - 783
    - 8
  - - 784
    - 6
  - - 785
    - 5
  - - 786
    - 3
  - - 787
    - 4
  - - 788
    - 12
  - - 789
    - 3
  - - 790
    - 3
  - - 791
    - 2
  - - 792
    - 4
  - - 793
    - 1
  - - 794
    - 7
  - - 795
    - 7
  - - 796
    - 6
  - - 797
    - 3
  - - 798
    - 3
  - - 799
    - 2
  - - 800
    - 4
  - - 801
    - 7
  - - 802
    - 3
  - - 803
    - 2
  - - 804
    - 4
  - - 805
    - 3
  - - 806
    - 4
  - - 807
    - 2
  - - 808
    - 6
  - - 809
    - 2
  - - 810
    - 2
  - - 811
    - 5
  - - 812
    - 5
  - - 813
    - 4
  - - 814
    - 5
  - - 815
    - 2
  - - 816
    - 3
  - - 817
    - 3
  - - 818
    - 2
  - - 819
    - 3
  - - 820
    - 5
  - - 821
    - 2
  - - 822
    - 7
  - - 823
    - 1
  - - 824
    - 1
  - - 825
    - 4
  - - 826
    - 4
  - - 827
    - 2
  - - 828
    - 3
  - - 829
    - 2
  - - 830
    - 7
  - - 831
    - 2
  - - 832
    - 5
  - - 833
    - 2
  - - 834
    - 3
  - - 835
    - 9
  - - 836
    - 2
  - - 837
    - 2
  - - 838
    - 3
  - - 839
    - 7
  - - 840
    - 3
  - - 841
    - 5
  - - 843
    - 2
  - - 844
    - 4
  - - 845
    - 2
  - - 846
    - 6
  - - 847
    - 5
  - - 848
    - 4
  - - 849
    - 3
  - - 850
    - 7
  - - 851
    - 6
  - - 852
    - 2
  - - 853
    - 3
  - - 854
    - 1
  - - 855
    - 2
  - - 856
    - 4
  - - 857
    - 4
  - - 858
    - 2
  - - 859
    - 1
  - - 860
    - 4
  - - 861
    - 4
  - - 862
    - 2
  - - 863
    - 4
  - - 864
    - 6
  - - 865
    - 2
  - - 866
    - 1
  - - 867
    - 1
  - - 868
    - 6
  - - 869
    - 2
  - - 871
    - 4
  - - 872
    - 5
  - - 873
    - 1
  - - 874
    - 4
  - - 875
    - 2
  - - 876
    - 5
  - - 877
    - 3
  - - 878
    - 9
  - - 879
    - 2
  - - 880
    - 3
  - - 881
    - 4
  - - 882
    - 2
  - - 883
    - 8
  - - 884
    - 6
  - - 885
    - 3
  - - 886
    - 1
  - - 887
    - 2
  - - 888
    - 7
  - - 889
    - 2
  - - 890
    - 5
  - - 891
    - 3
  - - 892
    - 6
  - - 893
    - 1
  - - 894
    - 1
  - - 895
    - 1
  - - 896
    - 2
  - - 897
    - 3
  - - 898
    - 2
  - - 899
    - 3
  - - 900
    - 1
  - - 901
    - 1
  - - 902
    - 1
  - - 903
    - 1
  - - 904
    - 2
  - - 905
    - 4
  - - 906
    - 3
  - - 907
    - 4
  - - 909
    - 3
  - - 910
    - 3
  - - 911
    - 2
  - - 912
    - 3
  - - 913
    - 2
  - - 914
    - 2
  - - 915
    - 6
  - - 917
    - 2
  - - 918
    - 1
  - - 919
    - 3
  - - 920
    - 5
  - - 922
    - 1
  - - 923
    - 2
  - - 925
    - 3
  - - 926
    - 2
  - - 928
    - 1
  - - 929
    - 4
  - - 930
    - 2
  - - 931
    - 2
  - - 932
    - 1
  - - 933
    - 2
  - - 935
    - 2
  - - 936
    - 1
  - - 937
    - 2
  - - 938
    - 3
  - - 939
    - 1
  - - 940
    - 1
  - - 941
    - 2
  - - 942
    - 1
  - - 943
    - 1
  - - 944
    - 2
  - - 946
    - 3
  - - 947
    - 3
  - - 948
    - 2
  - - 949
    - 5
  - - 950
    - 1
  - - 953
    - 1
  - - 954
    - 2
  - - 955
    - 1
  - - 956
    - 3
  - - 957
    - 3
  - - 958
    - 3
  - - 959
    - 1
  - - 960
    - 3
  - - 961
    - 1
  - - 962
    - 1
  - - 963
    - 1
  - - 964
    - 3
  - - 967
    - 2
  - - 968
    - 1
  - - 970
    - 3
  - - 971
    - 4
  - - 972
    - 3
  - - 973
    - 3
  - - 975
    - 2
  - - 976
    - 1
  - - 977
    - 1
  - - 978
    - 2
  - - 979
    - 4
  - - 980
    - 2
  - - 982
    - 3
  - - 983
    - 2
  - - 984
    - 5
  - - 985
    - 1
  - - 988
    - 2
  - - 989
    - 4
  - - 990
    - 1
  - - 991
    - 2
  - - 992
    - 3
  - - 993
    - 1
  - - 995
    - 1
  - - 996
    - 2
  - - 997
    - 1
  - - 998
    - 1
  - - 1000
    - 2
  - - 1002
    - 5
  - - 1003
    - 3
  - - 1004
    - 1
  - - 1005
    - 3
  - - 1006
    - 1
  - - 1007
    - 3
  - - 1008
    - 1
  - - 1009
    - 1
  - - 1010
    - 4
  - - 1012
    - 2
  - - 1013
    - 3
  - - 1014
    - 1
  - - 1015
    - 3
  - - 1016
    - 2
  - - 1017
    - 1
  - - 1018
    - 3
  - - 1019
    - 1
  - - 1020
    - 4
  - - 1021
    - 2
  - - 1022
    - 1
  - - 1023
    - 1
  - - 1025
    - 1
  - - 1027
    - 2
  - - 1028
    - 2
  - - 1031
    - 1
  - - 1032
    - 2
  - - 1033
    - 5
  - - 1034
    - 1
  - - 1035
    - 1
  - - 1036
    - 3
  - - 1038
    - 1
  - - 1039
    - 3
  - - 1040
    - 2
  - - 1042
    - 2
  - - 1043
    - 3
  - - 1044
    - 1
  - - 1046
    - 1
  - - 1047
    - 1
  - - 1048
    - 5
  - - 1049
    - 2
  - - 1050
    - 3
  - - 1051
    - 1
  - - 1052
    - 1
  - - 1053
    - 2
  - - 1054
    - 1
  - - 1055
    - 2
  - - 1057
    - 4
  - - 1058
    - 2
  - - 1061
    - 2
  - - 1062
    - 3
  - - 1063
    - 3
  - - 1064
    - 2
  - - 1068
    - 3
  - - 1069
    - 3
  - - 1072
    - 2
  - - 1073
    - 2
  - - 1074
    - 2
  - - 1077
    - 1
  - - 1078
    - 1
  - - 1081
    - 1
  - - 1082
    - 1
  - - 1083
    - 2
  - - 1084
    - 1
  - - 1086
    - 1
  - - 1088
    - 2
  - - 1089
    - 2
  - - 1091
    - 1
  - - 1092
    - 2
  - - 1094
    - 2
  - - 1095
    - 3
  - - 1096
    - 3
  - - 1098
    - 1
  - - 1099
    - 2
  - - 1102
    - 1
  - - 1105
    - 1
  - - 1108
    - 1
  - - 1109
    - 1
  - - 1111
    - 1
  - - 1112
    - 1
  - - 1113
    - 1
  - - 1114
    - 2
  - - 1115
    - 3
  - - 1117
    - 1
  - - 1118
    - 3
  - - 1119
    - 1
  - - 1121
    - 1
  - - 1122
    - 2
  - - 1124
    - 1
  - - 1125
    - 1
  - - 1126
    - 1
  - - 1127
    - 1
  - - 1131
    - 4
  - - 1132
    - 1
  - - 1134
    - 4
  - - 1135
    - 1
  - - 1136
    - 1
  - - 1137
    - 1
  - - 1138
    - 1
  - - 1139
    - 2
  - - 1140
    - 2
  - - 1141
    - 1
  - - 1142
    - 1
  - - 1147
    - 3
  - - 1149
    - 1
  - - 1151
    - 2
  - - 1152
    - 1
  - - 1153
    - 1
  - - 1154
    - 3
  - - 1157
    - 1
  - - 1159
    - 1
  - - 1163
    - 1
  - - 1165
    - 1
  - - 1166
    - 2
  - - 1167
    - 1
  - - 1168
    - 1
  - - 1169
    - 2
  - - 1170
    - 1
  - - 1172
    - 1
  - - 1175
    - 1
  - - 1178
    - 2
  - - 1180
    - 1
  - - 1181
    - 3
  - - 1182
    - 1
  - - 1183
    - 1
  - - 1184
    - 1
  - - 1191
    - 1
  - - 1192
    - 1
  - - 1193
    - 1
  - - 1194
    - 2
  - - 1195
    - 1
  - - 1196
    - 2
  - - 1199
    - 1
  - - 1200
    - 1
  - - 1201
    - 1
  - - 1204
    - 1
  - - 1205
    - 1
  - - 1206
    - 1
  - - 1208
    - 2
  - - 1209
    - 2
  - - 1210
    - 1
  - - 1212
    - 1
  - - 1214
    - 2
  - - 1216
    - 1
  - - 1217
    - 3
  - - 1219
    - 1
  - - 1220
    - 1
  - - 1221
    - 1
  - - 1223
    - 1
  - - 1224
    - 2
  - - 1225
    - 1
  - - 1227
    - 1
  - - 1228
    - 1
  - - 1230
    - 1
  - - 1234
    - 1
  - - 1237
    - 2
  - - 1240
    - 1
  - - 1241
    - 1
  - - 1242
    - 2
  - - 1243
    - 1
  - - 1244
    - 1
  - - 1246
    - 1
  - - 1251
    - 1
  - - 1255
    - 2
  - - 1256
    - 1
  - - 1257
    - 1
  - - 1259
    - 2
  - - 1262
    - 1
  - - 1263
    - 2
  - - 1271
    - 1
  - - 1276
    - 2
  - - 1277
    - 2
  - - 1280
    - 1
  - - 1281
    - 2
  - - 1285
    - 3
  - - 1286
    - 2
  - - 1289
    - 2
  - - 1292
    - 1
  - - 1295
    - 1
  - - 1296
    - 1
  - - 1297
    - 1
  - - 1300
    - 1
  - - 1302
    - 1
  - - 1305
    - 1
  - - 1308
    - 1
  - - 1312
    - 2
  - - 1313
    - 1
  - - 1314
    - 1
  - - 1319
    - 1
  - - 1320
    - 1
  - - 1321
    - 1
  - - 1324
    - 1
  - - 1325
    - 1
  - - 1326
    - 1
  - - 1329
    - 1
  - - 1332
    - 2
  - - 1334
    - 1
  - - 1343
    - 1
  - - 1350
    - 1
  - - 1351
    - 1
  - - 1352
    - 2
  - - 1356
    - 1
  - - 1357
    - 2
  - - 1359
    - 1
  - - 1364
    - 1
  - - 1366
    - 1
  - - 1367
    - 1
  - - 1374
    - 1
  - - 1378
    - 1
  - - 1379
    - 1
  - - 1382
    - 1
  - - 1383
    - 1
  - - 1387
    - 1
  - - 1388
    - 1
  - - 1392
    - 1
  - - 1400
    - 1
  - - 1409
    - 2
  - - 1410
    - 1
  - - 1417
    - 3
  - - 1428
    - 1
  - - 1430
    - 1
  - - 1432
    - 1
  - - 1434
    - 2
  - - 1448
    - 1
  - - 1449
    - 1
  - - 1451
    - 1
  - - 1465
    - 1
  - - 1489
    - 1
  - - 1495
    - 1
  - - 1496
    - 1
  - - 1502
    - 1
  - - 1506
    - 1
  - - 1551
    - 1
  - - 1571
    - 1
  - - 1580
    - 1
  - - 1595
    - 1
  - - 1609
    - 1
  - - 1648
    - 1
  - - 1682
    - 1
  - - 1708
    - 1
  - - 1713
    - 1
  - - 1787
    - 1
  - - 1878
    - 1
  - - 2016
    - 1
  - - 2077
    - 1
  - - 2124
    - 1
  - - 2183
    - 1
  - - 2255
    - 1
  latency_50_percentile: 104.0
  latency_95_percentile: 419.0
  latency_99_5_percentile: 971.0
  latency_99_percentile: 812.0
  max_kubedns_cpu: 618
  max_kubedns_memory: 31
  max_latency: 2.255037
  max_perfserver_cpu: 0
  max_perfserver_memory: 0
  min_latency: 0.001227
  msg: null
  ok: true
  qps: 709.154292
  queries_completed: 85238
  queries_lost: 0
  queries_sent: 85238
  run_time: 120.196692
  stddev_latency: 0.147847
params:
  max_qps: null
  pod_name: dns-perf-client-858fb7568b-9l9h2
  query_file: all-queries.txt
  run_id: 1777665280
  run_length_seconds: 120
  run_subid: 0
stderr:
- ''
stdout:
- DNS Performance Testing Tool
- Nominum Version 2.1.0.0
- ''
- '[Status] Command line: dnsperf -s 10.0.0.10 -l 120 -d /queries/all-queries.txt'
- '[Status] Sending queries (to 10.0.0.10)'
- '[Status] Started at: Fri May  1 19:55:23 2026'
- '[Status] Stopping after 120.000000 seconds'
- '[Status] Testing complete (time limit)'
- ''
- 'Statistics:'
- ''
- '  Queries sent:         85238'
- '  Queries completed:    85238 (100.00%)'
- '  Queries lost:         0 (0.00%)'
- ''
- '  Response codes:       NOERROR 10227 (12.00%), NXDOMAIN 75011 (88.00%)'
- '  Average packet size:  request 39, response 122'
- '  Run time (s):         120.196692'
- '  Queries per second:   709.154292'
- ''
- '  Average Latency (s):  0.140722 (min 0.001227, max 2.255037)'
- '  Latency StdDev (s):   0.147847'
- ''
- '  Latency histogram'
- '#histogram 0 0'
- '#histogram 1 21'
- '#histogram 2 109'
- '#histogram 3 155'
- '#histogram 4 216'
- '#histogram 5 225'
- '#histogram 6 206'
- '#histogram 7 210'
- '#histogram 8 227'
- '#histogram 9 221'
- '#histogram 10 224'
- '#histogram 11 230'
- '#histogram 12 225'
- '#histogram 13 245'
- '#histogram 14 227'
- '#histogram 15 235'
- '#histogram 16 222'
- '#histogram 17 236'
- '#histogram 18 243'
- '#histogram 19 232'
- '#histogram 20 236'
- '#histogram 21 251'
- '#histogram 22 267'
- '#histogram 23 283'
- '#histogram 24 286'
- '#histogram 25 270'
- '#histogram 26 274'
- '#histogram 27 284'
- '#histogram 28 291'
- '#histogram 29 310'
- '#histogram 30 315'
- '#histogram 31 330'
- '#histogram 32 290'
- '#histogram 33 340'
- '#histogram 34 310'
- '#histogram 35 348'
- '#histogram 36 354'
- '#histogram 37 358'
- '#histogram 38 395'
- '#histogram 39 393'
- '#histogram 40 399'
- '#histogram 41 377'
- '#histogram 42 382'
- '#histogram 43 345'
- '#histogram 44 378'
- '#histogram 45 405'
- '#histogram 46 449'
- '#histogram 47 442'
- '#histogram 48 416'
- '#histogram 49 411'
- '#histogram 50 441'
- '#histogram 51 475'
- '#histogram 52 456'
- '#histogram 53 460'
- '#histogram 54 450'
- '#histogram 55 527'
- '#histogram 56 528'
- '#histogram 57 508'
- '#histogram 58 502'
- '#histogram 59 525'
- '#histogram 60 487'
- '#histogram 61 491'
- '#histogram 62 514'
- '#histogram 63 544'
- '#histogram 64 508'
- '#histogram 65 542'
- '#histogram 66 526'
- '#histogram 67 526'
- '#histogram 68 538'
- '#histogram 69 569'
- '#histogram 70 573'
- '#histogram 71 544'
- '#histogram 72 505'
- '#histogram 73 525'
- '#histogram 74 532'
- '#histogram 75 550'
- '#histogram 76 545'
- '#histogram 77 550'
- '#histogram 78 552'
- '#histogram 79 579'
- '#histogram 80 540'
- '#histogram 81 560'
- '#histogram 82 561'
- '#histogram 83 565'
- '#histogram 84 591'
- '#histogram 85 517'
- '#histogram 86 573'
- '#histogram 87 512'
- '#histogram 88 527'
- '#histogram 89 525'
- '#histogram 90 526'
- '#histogram 91 562'
- '#histogram 92 533'
- '#histogram 93 533'
- '#histogram 94 562'
- '#histogram 95 555'
- '#histogram 96 559'
- '#histogram 97 509'
- '#histogram 98 530'
- '#histogram 99 522'
- '#histogram 100 519'
- '#histogram 101 512'
- '#histogram 102 531'
- '#histogram 103 493'
- '#histogram 104 517'
- '#histogram 105 487'
- '#histogram 106 532'
- '#histogram 107 494'
- '#histogram 108 519'
- '#histogram 109 503'
- '#histogram 110 506'
- '#histogram 111 493'
- '#histogram 112 499'
- '#histogram 113 437'
- '#histogram 114 459'
- '#histogram 115 503'
- '#histogram 116 442'
- '#histogram 117 467'
- '#histogram 118 430'
- '#histogram 119 417'
- '#histogram 120 451'
- '#histogram 121 398'
- '#histogram 122 415'
- '#histogram 123 419'
- '#histogram 124 436'
- '#histogram 125 422'
- '#histogram 126 404'
- '#histogram 127 384'
- '#histogram 128 405'
- '#histogram 129 403'
- '#histogram 130 398'
- '#histogram 131 420'
- '#histogram 132 394'
- '#histogram 133 394'
- '#histogram 134 427'
- '#histogram 135 387'
- '#histogram 136 353'
- '#histogram 137 394'
- '#histogram 138 343'
- '#histogram 139 380'
- '#histogram 140 348'
- '#histogram 141 313'
- '#histogram 142 330'
- '#histogram 143 361'
- '#histogram 144 324'
- '#histogram 145 343'
- '#histogram 146 303'
- '#histogram 147 335'
- '#histogram 148 303'
- '#histogram 149 305'
- '#histogram 150 284'
- '#histogram 151 298'
- '#histogram 152 292'
- '#histogram 153 288'
- '#histogram 154 290'
- '#histogram 155 277'
- '#histogram 156 281'
- '#histogram 157 269'
- '#histogram 158 262'
- '#histogram 159 265'
- '#histogram 160 232'
- '#histogram 161 296'
- '#histogram 162 248'
- '#histogram 163 222'
- '#histogram 164 235'
- '#histogram 165 253'
- '#histogram 166 246'
- '#histogram 167 244'
- '#histogram 168 260'
- '#histogram 169 230'
- '#histogram 170 257'
- '#histogram 171 229'
- '#histogram 172 243'
- '#histogram 173 224'
- '#histogram 174 226'
- '#histogram 175 230'
- '#histogram 176 201'
- '#histogram 177 211'
- '#histogram 178 219'
- '#histogram 179 204'
- '#histogram 180 179'
- '#histogram 181 203'
- '#histogram 182 177'
- '#histogram 183 163'
- '#histogram 184 164'
- '#histogram 185 170'
- '#histogram 186 185'
- '#histogram 187 143'
- '#histogram 188 158'
- '#histogram 189 182'
- '#histogram 190 135'
- '#histogram 191 164'
- '#histogram 192 152'
- '#histogram 193 156'
- '#histogram 194 144'
- '#histogram 195 130'
- '#histogram 196 136'
- '#histogram 197 126'
- '#histogram 198 135'
- '#histogram 199 142'
- '#histogram 200 145'
- '#histogram 201 142'
- '#histogram 202 123'
- '#histogram 203 105'
- '#histogram 204 130'
- '#histogram 205 116'
- '#histogram 206 106'
- '#histogram 207 125'
- '#histogram 208 108'
- '#histogram 209 120'
- '#histogram 210 107'
- '#histogram 211 116'
- '#histogram 212 109'
- '#histogram 213 112'
- '#histogram 214 106'
- '#histogram 215 88'
- '#histogram 216 91'
- '#histogram 217 88'
- '#histogram 218 95'
- '#histogram 219 100'
- '#histogram 220 101'
- '#histogram 221 87'
- '#histogram 222 105'
- '#histogram 223 90'
- '#histogram 224 70'
- '#histogram 225 87'
- '#histogram 226 83'
- '#histogram 227 93'
- '#histogram 228 91'
- '#histogram 229 63'
- '#histogram 230 71'
- '#histogram 231 89'
- '#histogram 232 63'
- '#histogram 233 95'
- '#histogram 234 74'
- '#histogram 235 74'
- '#histogram 236 80'
- '#histogram 237 61'
- '#histogram 238 66'
- '#histogram 239 75'
- '#histogram 240 58'
- '#histogram 241 69'
- '#histogram 242 75'
- '#histogram 243 62'
- '#histogram 244 62'
- '#histogram 245 69'
- '#histogram 246 44'
- '#histogram 247 60'
- '#histogram 248 49'
- '#histogram 249 50'
- '#histogram 250 57'
- '#histogram 251 55'
- '#histogram 252 58'
- '#histogram 253 55'
- '#histogram 254 55'
- '#histogram 255 68'
- '#histogram 256 54'
- '#histogram 257 51'
- '#histogram 258 62'
- '#histogram 259 34'
- '#histogram 260 48'
- '#histogram 261 56'
- '#histogram 262 30'
- '#histogram 263 52'
- '#histogram 264 42'
- '#histogram 265 52'
- '#histogram 266 44'
- '#histogram 267 39'
- '#histogram 268 39'
- '#histogram 269 35'
- '#histogram 270 46'
- '#histogram 271 39'
- '#histogram 272 35'
- '#histogram 273 36'
- '#histogram 274 38'
- '#histogram 275 38'
- '#histogram 276 28'
- '#histogram 277 29'
- '#histogram 278 39'
- '#histogram 279 27'
- '#histogram 280 33'
- '#histogram 281 37'
- '#histogram 282 31'
- '#histogram 283 31'
- '#histogram 284 37'
- '#histogram 285 29'
- '#histogram 286 36'
- '#histogram 287 32'
- '#histogram 288 38'
- '#histogram 289 26'
- '#histogram 290 34'
- '#histogram 291 36'
- '#histogram 292 23'
- '#histogram 293 26'
- '#histogram 294 29'
- '#histogram 295 29'
- '#histogram 296 24'
- '#histogram 297 23'
- '#histogram 298 25'
- '#histogram 299 33'
- '#histogram 300 21'
- '#histogram 301 38'
- '#histogram 302 33'
- '#histogram 303 18'
- '#histogram 304 26'
- '#histogram 305 27'
- '#histogram 306 26'
- '#histogram 307 31'
- '#histogram 308 25'
- '#histogram 309 27'
- '#histogram 310 26'
- '#histogram 311 21'
- '#histogram 312 25'
- '#histogram 313 22'
- '#histogram 314 25'
- '#histogram 315 29'
- '#histogram 316 24'
- '#histogram 317 32'
- '#histogram 318 20'
- '#histogram 319 21'
- '#histogram 320 17'
- '#histogram 321 17'
- '#histogram 322 21'
- '#histogram 323 20'
- '#histogram 324 26'
- '#histogram 325 17'
- '#histogram 326 19'
- '#histogram 327 16'
- '#histogram 328 19'
- '#histogram 329 24'
- '#histogram 330 17'
- '#histogram 331 25'
- '#histogram 332 21'
- '#histogram 333 15'
- '#histogram 334 22'
- '#histogram 335 23'
- '#histogram 336 20'
- '#histogram 337 20'
- '#histogram 338 24'
- '#histogram 339 19'
- '#histogram 340 24'
- '#histogram 341 25'
- '#histogram 342 27'
- '#histogram 343 26'
- '#histogram 344 21'
- '#histogram 345 16'
- '#histogram 346 15'
- '#histogram 347 24'
- '#histogram 348 14'
- '#histogram 349 12'
- '#histogram 350 23'
- '#histogram 351 13'
- '#histogram 352 19'
- '#histogram 353 19'
- '#histogram 354 18'
- '#histogram 355 19'
- '#histogram 356 15'
- '#histogram 357 28'
- '#histogram 358 15'
- '#histogram 359 13'
- '#histogram 360 17'
- '#histogram 361 18'
- '#histogram 362 29'
- '#histogram 363 14'
- '#histogram 364 18'
- '#histogram 365 23'
- '#histogram 366 16'
- '#histogram 367 15'
- '#histogram 368 15'
- '#histogram 369 16'
- '#histogram 370 17'
- '#histogram 371 16'
- '#histogram 372 13'
- '#histogram 373 14'
- '#histogram 374 23'
- '#histogram 375 16'
- '#histogram 376 33'
- '#histogram 377 9'
- '#histogram 378 13'
- '#histogram 379 22'
- '#histogram 380 17'
- '#histogram 381 22'
- '#histogram 382 12'
- '#histogram 383 15'
- '#histogram 384 13'
- '#histogram 385 17'
- '#histogram 386 18'
- '#histogram 387 21'
- '#histogram 388 23'
- '#histogram 389 28'
- '#histogram 390 13'
- '#histogram 391 11'
- '#histogram 392 13'
- '#histogram 393 12'
- '#histogram 394 16'
- '#histogram 395 11'
- '#histogram 396 19'
- '#histogram 397 18'
- '#histogram 398 16'
- '#histogram 399 14'
- '#histogram 400 22'
- '#histogram 401 31'
- '#histogram 402 15'
- '#histogram 403 18'
- '#histogram 404 27'
- '#histogram 405 20'
- '#histogram 406 17'
- '#histogram 407 18'
- '#histogram 408 20'
- '#histogram 409 16'
- '#histogram 410 15'
- '#histogram 411 12'
- '#histogram 412 10'
- '#histogram 413 23'
- '#histogram 414 14'
- '#histogram 415 13'
- '#histogram 416 10'
- '#histogram 417 11'
- '#histogram 418 12'
- '#histogram 419 17'
- '#histogram 420 7'
- '#histogram 421 18'
- '#histogram 422 7'
- '#histogram 423 19'
- '#histogram 424 14'
- '#histogram 425 9'
- '#histogram 426 12'
- '#histogram 427 18'
- '#histogram 428 14'
- '#histogram 429 10'
- '#histogram 430 12'
- '#histogram 431 9'
- '#histogram 432 16'
- '#histogram 433 15'
- '#histogram 434 10'
- '#histogram 435 13'
- '#histogram 436 13'
- '#histogram 437 16'
- '#histogram 438 13'
- '#histogram 439 17'
- '#histogram 440 10'
- '#histogram 441 17'
- '#histogram 442 13'
- '#histogram 443 14'
- '#histogram 444 20'
- '#histogram 445 13'
- '#histogram 446 15'
- '#histogram 447 16'
- '#histogram 448 6'
- '#histogram 449 16'
- '#histogram 450 12'
- '#histogram 451 11'
- '#histogram 452 12'
- '#histogram 453 15'
- '#histogram 454 18'
- '#histogram 455 15'
- '#histogram 456 15'
- '#histogram 457 12'
- '#histogram 458 16'
- '#histogram 459 14'
- '#histogram 460 20'
- '#histogram 461 18'
- '#histogram 462 10'
- '#histogram 463 15'
- '#histogram 464 9'
- '#histogram 465 9'
- '#histogram 466 11'
- '#histogram 467 9'
- '#histogram 468 19'
- '#histogram 469 15'
- '#histogram 470 5'
- '#histogram 471 16'
- '#histogram 472 14'
- '#histogram 473 9'
- '#histogram 474 23'
- '#histogram 475 15'
- '#histogram 476 16'
- '#histogram 477 10'
- '#histogram 478 8'
- '#histogram 479 12'
- '#histogram 480 11'
- '#histogram 481 15'
- '#histogram 482 14'
- '#histogram 483 14'
- '#histogram 484 10'
- '#histogram 485 11'
- '#histogram 486 16'
- '#histogram 487 9'
- '#histogram 488 14'
- '#histogram 489 11'
- '#histogram 490 18'
- '#histogram 491 20'
- '#histogram 492 15'
- '#histogram 493 18'
- '#histogram 494 14'
- '#histogram 495 9'
- '#histogram 496 14'
- '#histogram 497 11'
- '#histogram 498 12'
- '#histogram 499 11'
- '#histogram 500 11'
- '#histogram 501 8'
- '#histogram 502 19'
- '#histogram 503 13'
- '#histogram 504 20'
- '#histogram 505 13'
- '#histogram 506 8'
- '#histogram 507 16'
- '#histogram 508 12'
- '#histogram 509 10'
- '#histogram 510 16'
- '#histogram 511 3'
- '#histogram 512 9'
- '#histogram 513 8'
- '#histogram 514 13'
- '#histogram 515 11'
- '#histogram 516 7'
- '#histogram 517 14'
- '#histogram 518 10'
- '#histogram 519 9'
- '#histogram 520 11'
- '#histogram 521 8'
- '#histogram 522 11'
- '#histogram 523 9'
- '#histogram 524 7'
- '#histogram 525 7'
- '#histogram 526 16'
- '#histogram 527 6'
- '#histogram 528 19'
- '#histogram 529 7'
- '#histogram 530 13'
- '#histogram 531 11'
- '#histogram 532 16'
- '#histogram 533 12'
- '#histogram 534 9'
- '#histogram 535 10'
- '#histogram 536 15'
- '#histogram 537 18'
- '#histogram 538 16'
- '#histogram 539 9'
- '#histogram 540 11'
- '#histogram 541 13'
- '#histogram 542 14'
- '#histogram 543 8'
- '#histogram 544 12'
- '#histogram 545 6'
- '#histogram 546 15'
- '#histogram 547 11'
- '#histogram 548 12'
- '#histogram 549 12'
- '#histogram 550 7'
- '#histogram 551 9'
- '#histogram 552 14'
- '#histogram 553 9'
- '#histogram 554 13'
- '#histogram 555 11'
- '#histogram 556 12'
- '#histogram 557 15'
- '#histogram 558 11'
- '#histogram 559 13'
- '#histogram 560 11'
- '#histogram 561 7'
- '#histogram 562 10'
- '#histogram 563 16'
- '#histogram 564 11'
- '#histogram 565 7'
- '#histogram 566 6'
- '#histogram 567 4'
- '#histogram 568 9'
- '#histogram 569 12'
- '#histogram 570 16'
- '#histogram 571 9'
- '#histogram 572 18'
- '#histogram 573 15'
- '#histogram 574 8'
- '#histogram 575 8'
- '#histogram 576 9'
- '#histogram 577 6'
- '#histogram 578 18'
- '#histogram 579 7'
- '#histogram 580 12'
- '#histogram 581 10'
- '#histogram 582 9'
- '#histogram 583 12'
- '#histogram 584 9'
- '#histogram 585 15'
- '#histogram 586 9'
- '#histogram 587 12'
- '#histogram 588 7'
- '#histogram 589 7'
- '#histogram 590 9'
- '#histogram 591 4'
- '#histogram 592 9'
- '#histogram 593 5'
- '#histogram 594 4'
- '#histogram 595 8'
- '#histogram 596 7'
- '#histogram 597 10'
- '#histogram 598 11'
- '#histogram 599 8'
- '#histogram 600 7'
- '#histogram 601 6'
- '#histogram 602 9'
- '#histogram 603 9'
- '#histogram 604 11'
- '#histogram 605 9'
- '#histogram 606 9'
- '#histogram 607 9'
- '#histogram 608 9'
- '#histogram 609 10'
- '#histogram 610 9'
- '#histogram 611 13'
- '#histogram 612 8'
- '#histogram 613 6'
- '#histogram 614 5'
- '#histogram 615 6'
- '#histogram 616 8'
- '#histogram 617 6'
- '#histogram 618 11'
- '#histogram 619 9'
- '#histogram 620 10'
- '#histogram 621 10'
- '#histogram 622 11'
- '#histogram 623 4'
- '#histogram 624 7'
- '#histogram 625 7'
- '#histogram 626 13'
- '#histogram 627 9'
- '#histogram 628 2'
- '#histogram 629 13'
- '#histogram 630 8'
- '#histogram 631 7'
- '#histogram 632 4'
- '#histogram 633 8'
- '#histogram 634 11'
- '#histogram 635 11'
- '#histogram 636 10'
- '#histogram 637 3'
- '#histogram 638 5'
- '#histogram 639 13'
- '#histogram 640 8'
- '#histogram 641 6'
- '#histogram 642 8'
- '#histogram 643 7'
- '#histogram 644 12'
- '#histogram 645 6'
- '#histogram 646 5'
- '#histogram 647 6'
- '#histogram 648 4'
- '#histogram 649 9'
- '#histogram 650 8'
- '#histogram 651 6'
- '#histogram 652 7'
- '#histogram 653 5'
- '#histogram 654 9'
- '#histogram 655 11'
- '#histogram 656 9'
- '#histogram 657 11'
- '#histogram 658 5'
- '#histogram 659 4'
- '#histogram 660 11'
- '#histogram 661 10'
- '#histogram 662 4'
- '#histogram 663 5'
- '#histogram 664 4'
- '#histogram 666 4'
- '#histogram 667 13'
- '#histogram 668 7'
- '#histogram 669 7'
- '#histogram 670 5'
- '#histogram 671 9'
- '#histogram 672 5'
- '#histogram 673 10'
- '#histogram 674 4'
- '#histogram 675 5'
- '#histogram 676 5'
- '#histogram 677 6'
- '#histogram 678 6'
- '#histogram 679 7'
- '#histogram 680 7'
- '#histogram 681 5'
- '#histogram 682 7'
- '#histogram 683 2'
- '#histogram 684 1'
- '#histogram 685 8'
- '#histogram 686 3'
- '#histogram 687 6'
- '#histogram 688 13'
- '#histogram 689 4'
- '#histogram 690 7'
- '#histogram 691 4'
- '#histogram 692 7'
- '#histogram 693 4'
- '#histogram 694 7'
- '#histogram 695 7'
- '#histogram 696 7'
- '#histogram 697 4'
- '#histogram 698 7'
- '#histogram 699 10'
- '#histogram 700 5'
- '#histogram 701 7'
- '#histogram 702 5'
- '#histogram 703 3'
- '#histogram 704 5'
- '#histogram 705 2'
- '#histogram 706 7'
- '#histogram 707 2'
- '#histogram 708 5'
- '#histogram 709 6'
- '#histogram 710 9'
- '#histogram 711 5'
- '#histogram 712 3'
- '#histogram 713 7'
- '#histogram 714 3'
- '#histogram 715 3'
- '#histogram 716 7'
- '#histogram 717 5'
- '#histogram 718 4'
- '#histogram 719 5'
- '#histogram 720 4'
- '#histogram 721 4'
- '#histogram 722 4'
- '#histogram 723 6'
- '#histogram 724 1'
- '#histogram 725 5'
- '#histogram 726 7'
- '#histogram 727 5'
- '#histogram 728 11'
- '#histogram 729 2'
- '#histogram 730 9'
- '#histogram 731 4'
- '#histogram 732 8'
- '#histogram 733 7'
- '#histogram 734 5'
- '#histogram 735 9'
- '#histogram 736 7'
- '#histogram 737 3'
- '#histogram 738 5'
- '#histogram 739 5'
- '#histogram 740 4'
- '#histogram 741 7'
- '#histogram 742 9'
- '#histogram 743 7'
- '#histogram 744 3'
- '#histogram 745 6'
- '#histogram 746 9'
- '#histogram 747 6'
- '#histogram 748 6'
- '#histogram 749 4'
- '#histogram 750 3'
- '#histogram 751 7'
- '#histogram 752 4'
- '#histogram 753 4'
- '#histogram 754 6'
- '#histogram 755 7'
- '#histogram 756 3'
- '#histogram 757 1'
- '#histogram 758 4'
- '#histogram 759 2'
- '#histogram 760 7'
- '#histogram 761 3'
- '#histogram 762 3'
- '#histogram 763 4'
- '#histogram 764 4'
- '#histogram 765 4'
- '#histogram 766 7'
- '#histogram 767 7'
- '#histogram 768 3'
- '#histogram 769 4'
- '#histogram 770 5'
- '#histogram 771 4'
- '#histogram 772 2'
- '#histogram 773 4'
- '#histogram 774 3'
- '#histogram 776 5'
- '#histogram 777 2'
- '#histogram 778 7'
- '#histogram 779 8'
- '#histogram 780 3'
- '#histogram 781 5'
- '#histogram 782 7'
- '#histogram 783 8'
- '#histogram 784 6'
- '#histogram 785 5'
- '#histogram 786 3'
- '#histogram 787 4'
- '#histogram 788 12'
- '#histogram 789 3'
- '#histogram 790 3'
- '#histogram 791 2'
- '#histogram 792 4'
- '#histogram 793 1'
- '#histogram 794 7'
- '#histogram 795 7'
- '#histogram 796 6'
- '#histogram 797 3'
- '#histogram 798 3'
- '#histogram 799 2'
- '#histogram 800 4'
- '#histogram 801 7'
- '#histogram 802 3'
- '#histogram 803 2'
- '#histogram 804 4'
- '#histogram 805 3'
- '#histogram 806 4'
- '#histogram 807 2'
- '#histogram 808 6'
- '#histogram 809 2'
- '#histogram 810 2'
- '#histogram 811 5'
- '#histogram 812 5'
- '#histogram 813 4'
- '#histogram 814 5'
- '#histogram 815 2'
- '#histogram 816 3'
- '#histogram 817 3'
- '#histogram 818 2'
- '#histogram 819 3'
- '#histogram 820 5'
- '#histogram 821 2'
- '#histogram 822 7'
- '#histogram 823 1'
- '#histogram 824 1'
- '#histogram 825 4'
- '#histogram 826 4'
- '#histogram 827 2'
- '#histogram 828 3'
- '#histogram 829 2'
- '#histogram 830 7'
- '#histogram 831 2'
- '#histogram 832 5'
- '#histogram 833 2'
- '#histogram 834 3'
- '#histogram 835 9'
- '#histogram 836 2'
- '#histogram 837 2'
- '#histogram 838 3'
- '#histogram 839 7'
- '#histogram 840 3'
- '#histogram 841 5'
- '#histogram 843 2'
- '#histogram 844 4'
- '#histogram 845 2'
- '#histogram 846 6'
- '#histogram 847 5'
- '#histogram 848 4'
- '#histogram 849 3'
- '#histogram 850 7'
- '#histogram 851 6'
- '#histogram 852 2'
- '#histogram 853 3'
- '#histogram 854 1'
- '#histogram 855 2'
- '#histogram 856 4'
- '#histogram 857 4'
- '#histogram 858 2'
- '#histogram 859 1'
- '#histogram 860 4'
- '#histogram 861 4'
- '#histogram 862 2'
- '#histogram 863 4'
- '#histogram 864 6'
- '#histogram 865 2'
- '#histogram 866 1'
- '#histogram 867 1'
- '#histogram 868 6'
- '#histogram 869 2'
- '#histogram 871 4'
- '#histogram 872 5'
- '#histogram 873 1'
- '#histogram 874 4'
- '#histogram 875 2'
- '#histogram 876 5'
- '#histogram 877 3'
- '#histogram 878 9'
- '#histogram 879 2'
- '#histogram 880 3'
- '#histogram 881 4'
- '#histogram 882 2'
- '#histogram 883 8'
- '#histogram 884 6'
- '#histogram 885 3'
- '#histogram 886 1'
- '#histogram 887 2'
- '#histogram 888 7'
- '#histogram 889 2'
- '#histogram 890 5'
- '#histogram 891 3'
- '#histogram 892 6'
- '#histogram 893 1'
- '#histogram 894 1'
- '#histogram 895 1'
- '#histogram 896 2'
- '#histogram 897 3'
- '#histogram 898 2'
- '#histogram 899 3'
- '#histogram 900 1'
- '#histogram 901 1'
- '#histogram 902 1'
- '#histogram 903 1'
- '#histogram 904 2'
- '#histogram 905 4'
- '#histogram 906 3'
- '#histogram 907 4'
- '#histogram 909 3'
- '#histogram 910 3'
- '#histogram 911 2'
- '#histogram 912 3'
- '#histogram 913 2'
- '#histogram 914 2'
- '#histogram 915 6'
- '#histogram 917 2'
- '#histogram 918 1'
- '#histogram 919 3'
- '#histogram 920 5'
- '#histogram 922 1'
- '#histogram 923 2'
- '#histogram 925 3'
- '#histogram 926 2'
- '#histogram 928 1'
- '#histogram 929 4'
- '#histogram 930 2'
- '#histogram 931 2'
- '#histogram 932 1'
- '#histogram 933 2'
- '#histogram 935 2'
- '#histogram 936 1'
- '#histogram 937 2'
- '#histogram 938 3'
- '#histogram 939 1'
- '#histogram 940 1'
- '#histogram 941 2'
- '#histogram 942 1'
- '#histogram 943 1'
- '#histogram 944 2'
- '#histogram 946 3'
- '#histogram 947 3'
- '#histogram 948 2'
- '#histogram 949 5'
- '#histogram 950 1'
- '#histogram 953 1'
- '#histogram 954 2'
- '#histogram 955 1'
- '#histogram 956 3'
- '#histogram 957 3'
- '#histogram 958 3'
- '#histogram 959 1'
- '#histogram 960 3'
- '#histogram 961 1'
- '#histogram 962 1'
- '#histogram 963 1'
- '#histogram 964 3'
- '#histogram 967 2'
- '#histogram 968 1'
- '#histogram 970 3'
- '#histogram 971 4'
- '#histogram 972 3'
- '#histogram 973 3'
- '#histogram 975 2'
- '#histogram 976 1'
- '#histogram 977 1'
- '#histogram 978 2'
- '#histogram 979 4'
- '#histogram 980 2'
- '#histogram 982 3'
- '#histogram 983 2'
- '#histogram 984 5'
- '#histogram 985 1'
- '#histogram 988 2'
- '#histogram 989 4'
- '#histogram 990 1'
- '#histogram 991 2'
- '#histogram 992 3'
- '#histogram 993 1'
- '#histogram 995 1'
- '#histogram 996 2'
- '#histogram 997 1'
- '#histogram 998 1'
- '#histogram 1000 2'
- '#histogram 1002 5'
- '#histogram 1003 3'
- '#histogram 1004 1'
- '#histogram 1005 3'
- '#histogram 1006 1'
- '#histogram 1007 3'
- '#histogram 1008 1'
- '#histogram 1009 1'
- '#histogram 1010 4'
- '#histogram 1012 2'
- '#histogram 1013 3'
- '#histogram 1014 1'
- '#histogram 1015 3'
- '#histogram 1016 2'
- '#histogram 1017 1'
- '#histogram 1018 3'
- '#histogram 1019 1'
- '#histogram 1020 4'
- '#histogram 1021 2'
- '#histogram 1022 1'
- '#histogram 1023 1'
- '#histogram 1025 1'
- '#histogram 1027 2'
- '#histogram 1028 2'
- '#histogram 1031 1'
- '#histogram 1032 2'
- '#histogram 1033 5'
- '#histogram 1034 1'
- '#histogram 1035 1'
- '#histogram 1036 3'
- '#histogram 1038 1'
- '#histogram 1039 3'
- '#histogram 1040 2'
- '#histogram 1042 2'
- '#histogram 1043 3'
- '#histogram 1044 1'
- '#histogram 1046 1'
- '#histogram 1047 1'
- '#histogram 1048 5'
- '#histogram 1049 2'
- '#histogram 1050 3'
- '#histogram 1051 1'
- '#histogram 1052 1'
- '#histogram 1053 2'
- '#histogram 1054 1'
- '#histogram 1055 2'
- '#histogram 1057 4'
- '#histogram 1058 2'
- '#histogram 1061 2'
- '#histogram 1062 3'
- '#histogram 1063 3'
- '#histogram 1064 2'
- '#histogram 1068 3'
- '#histogram 1069 3'
- '#histogram 1072 2'
- '#histogram 1073 2'
- '#histogram 1074 2'
- '#histogram 1077 1'
- '#histogram 1078 1'
- '#histogram 1081 1'
- '#histogram 1082 1'
- '#histogram 1083 2'
- '#histogram 1084 1'
- '#histogram 1086 1'
- '#histogram 1088 2'
- '#histogram 1089 2'
- '#histogram 1091 1'
- '#histogram 1092 2'
- '#histogram 1094 2'
- '#histogram 1095 3'
- '#histogram 1096 3'
- '#histogram 1098 1'
- '#histogram 1099 2'
- '#histogram 1102 1'
- '#histogram 1105 1'
- '#histogram 1108 1'
- '#histogram 1109 1'
- '#histogram 1111 1'
- '#histogram 1112 1'
- '#histogram 1113 1'
- '#histogram 1114 2'
- '#histogram 1115 3'
- '#histogram 1117 1'
- '#histogram 1118 3'
- '#histogram 1119 1'
- '#histogram 1121 1'
- '#histogram 1122 2'
- '#histogram 1124 1'
- '#histogram 1125 1'
- '#histogram 1126 1'
- '#histogram 1127 1'
- '#histogram 1131 4'
- '#histogram 1132 1'
- '#histogram 1134 4'
- '#histogram 1135 1'
- '#histogram 1136 1'
- '#histogram 1137 1'
- '#histogram 1138 1'
- '#histogram 1139 2'
- '#histogram 1140 2'
- '#histogram 1141 1'
- '#histogram 1142 1'
- '#histogram 1147 3'
- '#histogram 1149 1'
- '#histogram 1151 2'
- '#histogram 1152 1'
- '#histogram 1153 1'
- '#histogram 1154 3'
- '#histogram 1157 1'
- '#histogram 1159 1'
- '#histogram 1163 1'
- '#histogram 1165 1'
- '#histogram 1166 2'
- '#histogram 1167 1'
- '#histogram 1168 1'
- '#histogram 1169 2'
- '#histogram 1170 1'
- '#histogram 1172 1'
- '#histogram 1175 1'
- '#histogram 1178 2'
- '#histogram 1180 1'
- '#histogram 1181 3'
- '#histogram 1182 1'
- '#histogram 1183 1'
- '#histogram 1184 1'
- '#histogram 1191 1'
- '#histogram 1192 1'
- '#histogram 1193 1'
- '#histogram 1194 2'
- '#histogram 1195 1'
- '#histogram 1196 2'
- '#histogram 1199 1'
- '#histogram 1200 1'
- '#histogram 1201 1'
- '#histogram 1204 1'
- '#histogram 1205 1'
- '#histogram 1206 1'
- '#histogram 1208 2'
- '#histogram 1209 2'
- '#histogram 1210 1'
- '#histogram 1212 1'
- '#histogram 1214 2'
- '#histogram 1216 1'
- '#histogram 1217 3'
- '#histogram 1219 1'
- '#histogram 1220 1'
- '#histogram 1221 1'
- '#histogram 1223 1'
- '#histogram 1224 2'
- '#histogram 1225 1'
- '#histogram 1227 1'
- '#histogram 1228 1'
- '#histogram 1230 1'
- '#histogram 1234 1'
- '#histogram 1237 2'
- '#histogram 1240 1'
- '#histogram 1241 1'
- '#histogram 1242 2'
- '#histogram 1243 1'
- '#histogram 1244 1'
- '#histogram 1246 1'
- '#histogram 1251 1'
- '#histogram 1255 2'
- '#histogram 1256 1'
- '#histogram 1257 1'
- '#histogram 1259 2'
- '#histogram 1262 1'
- '#histogram 1263 2'
- '#histogram 1271 1'
- '#histogram 1276 2'
- '#histogram 1277 2'
- '#histogram 1280 1'
- '#histogram 1281 2'
- '#histogram 1285 3'
- '#histogram 1286 2'
- '#histogram 1289 2'
- '#histogram 1292 1'
- '#histogram 1295 1'
- '#histogram 1296 1'
- '#histogram 1297 1'
- '#histogram 1300 1'
- '#histogram 1302 1'
- '#histogram 1305 1'
- '#histogram 1308 1'
- '#histogram 1312 2'
- '#histogram 1313 1'
- '#histogram 1314 1'
- '#histogram 1319 1'
- '#histogram 1320 1'
- '#histogram 1321 1'
- '#histogram 1324 1'
- '#histogram 1325 1'
- '#histogram 1326 1'
- '#histogram 1329 1'
- '#histogram 1332 2'
- '#histogram 1334 1'
- '#histogram 1343 1'
- '#histogram 1350 1'
- '#histogram 1351 1'
- '#histogram 1352 2'
- '#histogram 1356 1'
- '#histogram 1357 2'
- '#histogram 1359 1'
- '#histogram 1364 1'
- '#histogram 1366 1'
- '#histogram 1367 1'
- '#histogram 1374 1'
- '#histogram 1378 1'
- '#histogram 1379 1'
- '#histogram 1382 1'
- '#histogram 1383 1'
- '#histogram 1387 1'
- '#histogram 1388 1'
- '#histogram 1392 1'
- '#histogram 1400 1'
- '#histogram 1409 2'
- '#histogram 1410 1'
- '#histogram 1417 3'
- '#histogram 1428 1'
- '#histogram 1430 1'
- '#histogram 1432 1'
- '#histogram 1434 2'
- '#histogram 1448 1'
- '#histogram 1449 1'
- '#histogram 1451 1'
- '#histogram 1465 1'
- '#histogram 1489 1'
- '#histogram 1495 1'
- '#histogram 1496 1'
- '#histogram 1502 1'
- '#histogram 1506 1'
- '#histogram 1551 1'
- '#histogram 1571 1'
- '#histogram 1580 1'
- '#histogram 1595 1'
- '#histogram 1609 1'
- '#histogram 1648 1'
- '#histogram 1682 1'
- '#histogram 1708 1'
- '#histogram 1713 1'
- '#histogram 1787 1'
- '#histogram 1878 1'
- '#histogram 2016 1'
- '#histogram 2077 1'
- '#histogram 2124 1'
- '#histogram 2183 1'
- '#histogram 2255 1'
- ''
