code: 0
data:
  avg_latency: 0.110022
  histogram:
  - - 0
    - 0
  - - 1
    - 18
  - - 2
    - 110
  - - 3
    - 198
  - - 4
    - 207
  - - 5
    - 259
  - - 6
    - 271
  - - 7
    - 296
  - - 8
    - 285
  - - 9
    - 297
  - - 10
    - 306
  - - 11
    - 313
  - - 12
    - 306
  - - 13
    - 338
  - - 14
    - 362
  - - 15
    - 358
  - - 16
    - 337
  - - 17
    - 368
  - - 18
    - 372
  - - 19
    - 412
  - - 20
    - 411
  - - 21
    - 426
  - - 22
    - 428
  - - 23
    - 459
  - - 24
    - 421
  - - 25
    - 456
  - - 26
    - 519
  - - 27
    - 497
  - - 28
    - 492
  - - 29
    - 560
  - - 30
    - 550
  - - 31
    - 532
  - - 32
    - 526
  - - 33
    - 607
  - - 34
    - 590
  - - 35
    - 590
  - - 36
    - 631
  - - 37
    - 607
  - - 38
    - 682
  - - 39
    - 682
  - - 40
    - 736
  - - 41
    - 687
  - - 42
    - 689
  - - 43
    - 765
  - - 44
    - 729
  - - 45
    - 763
  - - 46
    - 765
  - - 47
    - 823
  - - 48
    - 799
  - - 49
    - 822
  - - 50
    - 765
  - - 51
    - 790
  - - 52
    - 794
  - - 53
    - 861
  - - 54
    - 878
  - - 55
    - 816
  - - 56
    - 828
  - - 57
    - 839
  - - 58
    - 796
  - - 59
    - 819
  - - 60
    - 821
  - - 61
    - 846
  - - 62
    - 857
  - - 63
    - 849
  - - 64
    - 893
  - - 65
    - 906
  - - 66
    - 869
  - - 67
    - 831
  - - 68
    - 782
  - - 69
    - 891
  - - 70
    - 872
  - - 71
    - 871
  - - 72
    - 906
  - - 73
    - 844
  - - 74
    - 847
  - - 75
    - 849
  - - 76
    - 881
  - - 77
    - 891
  - - 78
    - 888
  - - 79
    - 858
  - - 80
    - 875
  - - 81
    - 836
  - - 82
    - 828
  - - 83
    - 893
  - - 84
    - 837
  - - 85
    - 816
  - - 86
    - 841
  - - 87
    - 798
  - - 88
    - 813
  - - 89
    - 816
  - - 90
    - 803
  - - 91
    - 779
  - - 92
    - 802
  - - 93
    - 759
  - - 94
    - 778
  - - 95
    - 703
  - - 96
    - 740
  - - 97
    - 731
  - - 98
    - 749
  - - 99
    - 672
  - - 100
    - 697
  - - 101
    - 686
  - - 102
    - 714
  - - 103
    - 685
  - - 104
    - 614
  - - 105
    - 634
  - - 106
    - 640
  - - 107
    - 640
  - - 108
    - 605
  - - 109
    - 684
  - - 110
    - 622
  - - 111
    - 643
  - - 112
    - 596
  - - 113
    - 585
  - - 114
    - 584
  - - 115
    - 547
  - - 116
    - 580
  - - 117
    - 560
  - - 118
    - 519
  - - 119
    - 490
  - - 120
    - 472
  - - 121
    - 481
  - - 122
    - 464
  - - 123
    - 462
  - - 124
    - 475
  - - 125
    - 480
  - - 126
    - 475
  - - 127
    - 421
  - - 128
    - 444
  - - 129
    - 442
  - - 130
    - 403
  - - 131
    - 446
  - - 132
    - 414
  - - 133
    - 380
  - - 134
    - 380
  - - 135
    - 354
  - - 136
    - 364
  - - 137
    - 381
  - - 138
    - 340
  - - 139
    - 343
  - - 140
    - 349
  - - 141
    - 362
  - - 142
    - 313
  - - 143
    - 300
  - - 144
    - 278
  - - 145
    - 337
  - - 146
    - 323
  - - 147
    - 276
  - - 148
    - 286
  - - 149
    - 267
  - - 150
    - 275
  - - 151
    - 250
  - - 152
    - 242
  - - 153
    - 245
  - - 154
    - 279
  - - 155
    - 264
  - - 156
    - 260
  - - 157
    - 274
  - - 158
    - 262
  - - 159
    - 227
  - - 160
    - 209
  - - 161
    - 225
  - - 162
    - 223
  - - 163
    - 234
  - - 164
    - 200
  - - 165
    - 208
  - - 166
    - 205
  - - 167
    - 171
  - - 168
    - 208
  - - 169
    - 205
  - - 170
    - 201
  - - 171
    - 174
  - - 172
    - 206
  - - 173
    - 179
  - - 174
    - 177
  - - 175
    - 157
  - - 176
    - 179
  - - 177
    - 152
  - - 178
    - 179
  - - 179
    - 146
  - - 180
    - 140
  - - 181
    - 161
  - - 182
    - 150
  - - 183
    - 149
  - - 184
    - 138
  - - 185
    - 149
  - - 186
    - 145
  - - 187
    - 121
  - - 188
    - 133
  - - 189
    - 114
  - - 190
    - 132
  - - 191
    - 126
  - - 192
    - 117
  - - 193
    - 116
  - - 194
    - 132
  - - 195
    - 139
  - - 196
    - 126
  - - 197
    - 118
  - - 198
    - 123
  - - 199
    - 99
  - - 200
    - 101
  - - 201
    - 114
  - - 202
    - 126
  - - 203
    - 134
  - - 204
    - 85
  - - 205
    - 107
  - - 206
    - 117
  - - 207
    - 109
  - - 208
    - 103
  - - 209
    - 101
  - - 210
    - 100
  - - 211
    - 90
  - - 212
    - 73
  - - 213
    - 83
  - - 214
    - 64
  - - 215
    - 84
  - - 216
    - 81
  - - 217
    - 74
  - - 218
    - 72
  - - 219
    - 74
  - - 220
    - 86
  - - 221
    - 91
  - - 222
    - 75
  - - 223
    - 62
  - - 224
    - 80
  - - 225
    - 74
  - - 226
    - 72
  - - 227
    - 63
  - - 228
    - 63
  - - 229
    - 61
  - - 230
    - 64
  - - 231
    - 66
  - - 232
    - 75
  - - 233
    - 61
  - - 234
    - 61
  - - 235
    - 65
  - - 236
    - 57
  - - 237
    - 72
  - - 238
    - 61
  - - 239
    - 49
  - - 240
    - 80
  - - 241
    - 50
  - - 242
    - 57
  - - 243
    - 61
  - - 244
    - 54
  - - 245
    - 61
  - - 246
    - 63
  - - 247
    - 47
  - - 248
    - 46
  - - 249
    - 61
  - - 250
    - 52
  - - 251
    - 38
  - - 252
    - 43
  - - 253
    - 69
  - - 254
    - 51
  - - 255
    - 51
  - - 256
    - 46
  - - 257
    - 47
  - - 258
    - 37
  - - 259
    - 45
  - - 260
    - 51
  - - 261
    - 34
  - - 262
    - 37
  - - 263
    - 41
  - - 264
    - 32
  - - 265
    - 40
  - - 266
    - 36
  - - 267
    - 42
  - - 268
    - 55
  - - 269
    - 30
  - - 270
    - 46
  - - 271
    - 47
  - - 272
    - 35
  - - 273
    - 42
  - - 274
    - 47
  - - 275
    - 45
  - - 276
    - 36
  - - 277
    - 38
  - - 278
    - 31
  - - 279
    - 45
  - - 280
    - 47
  - - 281
    - 37
  - - 282
    - 39
  - - 283
    - 40
  - - 284
    - 37
  - - 285
    - 38
  - - 286
    - 37
  - - 287
    - 38
  - - 288
    - 38
  - - 289
    - 36
  - - 290
    - 24
  - - 291
    - 28
  - - 292
    - 36
  - - 293
    - 47
  - - 294
    - 40
  - - 295
    - 42
  - - 296
    - 35
  - - 297
    - 41
  - - 298
    - 34
  - - 299
    - 27
  - - 300
    - 35
  - - 301
    - 26
  - - 302
    - 28
  - - 303
    - 29
  - - 304
    - 32
  - - 305
    - 33
  - - 306
    - 29
  - - 307
    - 34
  - - 308
    - 37
  - - 309
    - 23
  - - 310
    - 30
  - - 311
    - 27
  - - 312
    - 33
  - - 313
    - 25
  - - 314
    - 25
  - - 315
    - 25
  - - 316
    - 35
  - - 317
    - 19
  - - 318
    - 34
  - - 319
    - 22
  - - 320
    - 33
  - - 321
    - 34
  - - 322
    - 34
  - - 323
    - 31
  - - 324
    - 38
  - - 325
    - 22
  - - 326
    - 27
  - - 327
    - 29
  - - 328
    - 28
  - - 329
    - 27
  - - 330
    - 19
  - - 331
    - 28
  - - 332
    - 24
  - - 333
    - 25
  - - 334
    - 24
  - - 335
    - 25
  - - 336
    - 19
  - - 337
    - 21
  - - 338
    - 32
  - - 339
    - 27
  - - 340
    - 25
  - - 341
    - 23
  - - 342
    - 29
  - - 343
    - 26
  - - 344
    - 24
  - - 345
    - 29
  - - 346
    - 25
  - - 347
    - 20
  - - 348
    - 29
  - - 349
    - 24
  - - 350
    - 29
  - - 351
    - 18
  - - 352
    - 18
  - - 353
    - 25
  - - 354
    - 12
  - - 355
    - 22
  - - 356
    - 31
  - - 357
    - 20
  - - 358
    - 25
  - - 359
    - 24
  - - 360
    - 17
  - - 361
    - 28
  - - 362
    - 29
  - - 363
    - 19
  - - 364
    - 20
  - - 365
    - 19
  - - 366
    - 24
  - - 367
    - 24
  - - 368
    - 26
  - - 369
    - 25
  - - 370
    - 19
  - - 371
    - 22
  - - 372
    - 17
  - - 373
    - 24
  - - 374
    - 22
  - - 375
    - 20
  - - 376
    - 24
  - - 377
    - 18
  - - 378
    - 18
  - - 379
    - 21
  - - 380
    - 17
  - - 381
    - 18
  - - 382
    - 20
  - - 383
    - 12
  - - 384
    - 26
  - - 385
    - 20
  - - 386
    - 23
  - - 387
    - 14
  - - 388
    - 25
  - - 389
    - 22
  - - 390
    - 18
  - - 391
    - 15
  - - 392
    - 19
  - - 393
    - 17
  - - 394
    - 12
  - - 395
    - 12
  - - 396
    - 19
  - - 397
    - 16
  - - 398
    - 16
  - - 399
    - 11
  - - 400
    - 17
  - - 401
    - 18
  - - 402
    - 20
  - - 403
    - 22
  - - 404
    - 17
  - - 405
    - 17
  - - 406
    - 12
  - - 407
    - 19
  - - 408
    - 14
  - - 409
    - 16
  - - 410
    - 22
  - - 411
    - 17
  - - 412
    - 15
  - - 413
    - 10
  - - 414
    - 23
  - - 415
    - 13
  - - 416
    - 14
  - - 417
    - 21
  - - 418
    - 10
  - - 419
    - 11
  - - 420
    - 18
  - - 421
    - 20
  - - 422
    - 15
  - - 423
    - 19
  - - 424
    - 17
  - - 425
    - 15
  - - 426
    - 10
  - - 427
    - 19
  - - 428
    - 17
  - - 429
    - 12
  - - 430
    - 8
  - - 431
    - 10
  - - 432
    - 11
  - - 433
    - 16
  - - 434
    - 14
  - - 435
    - 11
  - - 436
    - 10
  - - 437
    - 12
  - - 438
    - 21
  - - 439
    - 16
  - - 440
    - 13
  - - 441
    - 14
  - - 442
    - 15
  - - 443
    - 15
  - - 444
    - 9
  - - 445
    - 13
  - - 446
    - 5
  - - 447
    - 14
  - - 448
    - 15
  - - 449
    - 12
  - - 450
    - 12
  - - 451
    - 12
  - - 452
    - 16
  - - 453
    - 16
  - - 454
    - 15
  - - 455
    - 10
  - - 456
    - 12
  - - 457
    - 12
  - - 458
    - 14
  - - 459
    - 17
  - - 460
    - 14
  - - 461
    - 17
  - - 462
    - 10
  - - 463
    - 17
  - - 464
    - 13
  - - 465
    - 11
  - - 466
    - 17
  - - 467
    - 10
  - - 468
    - 9
  - - 469
    - 14
  - - 470
    - 9
  - - 471
    - 5
  - - 472
    - 17
  - - 473
    - 19
  - - 474
    - 20
  - - 475
    - 11
  - - 476
    - 14
  - - 477
    - 12
  - - 478
    - 12
  - - 479
    - 17
  - - 480
    - 12
  - - 481
    - 13
  - - 482
    - 14
  - - 483
    - 15
  - - 484
    - 17
  - - 485
    - 8
  - - 486
    - 11
  - - 487
    - 13
  - - 488
    - 13
  - - 489
    - 11
  - - 490
    - 11
  - - 491
    - 4
  - - 492
    - 10
  - - 493
    - 10
  - - 494
    - 10
  - - 495
    - 15
  - - 496
    - 17
  - - 497
    - 9
  - - 498
    - 9
  - - 499
    - 15
  - - 500
    - 10
  - - 501
    - 22
  - - 502
    - 16
  - - 503
    - 6
  - - 504
    - 11
  - - 505
    - 8
  - - 506
    - 9
  - - 507
    - 10
  - - 508
    - 11
  - - 509
    - 9
  - - 510
    - 12
  - - 511
    - 9
  - - 512
    - 6
  - - 513
    - 10
  - - 514
    - 6
  - - 515
    - 9
  - - 516
    - 4
  - - 517
    - 11
  - - 518
    - 9
  - - 519
    - 10
  - - 520
    - 7
  - - 521
    - 5
  - - 522
    - 6
  - - 523
    - 10
  - - 524
    - 7
  - - 525
    - 12
  - - 526
    - 7
  - - 527
    - 9
  - - 528
    - 11
  - - 529
    - 8
  - - 530
    - 6
  - - 531
    - 2
  - - 532
    - 8
  - - 533
    - 10
  - - 534
    - 10
  - - 535
    - 6
  - - 536
    - 9
  - - 537
    - 9
  - - 538
    - 3
  - - 539
    - 11
  - - 540
    - 6
  - - 541
    - 10
  - - 542
    - 13
  - - 543
    - 6
  - - 544
    - 4
  - - 545
    - 8
  - - 546
    - 8
  - - 547
    - 8
  - - 548
    - 10
  - - 549
    - 10
  - - 550
    - 7
  - - 551
    - 8
  - - 552
    - 9
  - - 553
    - 9
  - - 555
    - 5
  - - 556
    - 6
  - - 557
    - 8
  - - 558
    - 6
  - - 559
    - 7
  - - 560
    - 9
  - - 561
    - 5
  - - 562
    - 7
  - - 563
    - 12
  - - 564
    - 5
  - - 565
    - 6
  - - 566
    - 5
  - - 567
    - 7
  - - 568
    - 12
  - - 569
    - 3
  - - 570
    - 2
  - - 571
    - 6
  - - 572
    - 9
  - - 573
    - 4
  - - 574
    - 6
  - - 575
    - 9
  - - 576
    - 4
  - - 577
    - 6
  - - 578
    - 7
  - - 579
    - 5
  - - 580
    - 8
  - - 581
    - 8
  - - 582
    - 5
  - - 583
    - 7
  - - 584
    - 4
  - - 585
    - 7
  - - 586
    - 6
  - - 587
    - 4
  - - 588
    - 3
  - - 589
    - 8
  - - 590
    - 2
  - - 591
    - 9
  - - 592
    - 3
  - - 593
    - 3
  - - 594
    - 2
  - - 595
    - 4
  - - 596
    - 4
  - - 597
    - 9
  - - 598
    - 5
  - - 599
    - 9
  - - 600
    - 4
  - - 601
    - 6
  - - 602
    - 7
  - - 603
    - 3
  - - 604
    - 4
  - - 605
    - 5
  - - 606
    - 6
  - - 607
    - 6
  - - 608
    - 6
  - - 609
    - 5
  - - 610
    - 6
  - - 611
    - 3
  - - 612
    - 5
  - - 613
    - 4
  - - 614
    - 7
  - - 615
    - 2
  - - 616
    - 4
  - - 617
    - 7
  - - 618
    - 4
  - - 619
    - 3
  - - 620
    - 2
  - - 621
    - 6
  - - 622
    - 2
  - - 623
    - 4
  - - 624
    - 6
  - - 625
    - 2
  - - 626
    - 4
  - - 627
    - 6
  - - 628
    - 3
  - - 629
    - 5
  - - 630
    - 5
  - - 631
    - 8
  - - 632
    - 6
  - - 633
    - 7
  - - 634
    - 7
  - - 635
    - 3
  - - 636
    - 2
  - - 637
    - 5
  - - 638
    - 4
  - - 639
    - 6
  - - 640
    - 5
  - - 641
    - 8
  - - 642
    - 3
  - - 643
    - 5
  - - 644
    - 2
  - - 645
    - 5
  - - 646
    - 4
  - - 647
    - 3
  - - 648
    - 4
  - - 649
    - 2
  - - 650
    - 1
  - - 651
    - 2
  - - 653
    - 7
  - - 654
    - 2
  - - 655
    - 2
  - - 656
    - 2
  - - 658
    - 2
  - - 660
    - 5
  - - 661
    - 5
  - - 662
    - 4
  - - 663
    - 1
  - - 664
    - 4
  - - 665
    - 3
  - - 666
    - 2
  - - 667
    - 3
  - - 668
    - 1
  - - 669
    - 2
  - - 670
    - 2
  - - 671
    - 5
  - - 672
    - 3
  - - 673
    - 5
  - - 674
    - 4
  - - 675
    - 4
  - - 676
    - 7
  - - 677
    - 1
  - - 678
    - 2
  - - 679
    - 4
  - - 680
    - 8
  - - 681
    - 2
  - - 682
    - 1
  - - 683
    - 3
  - - 684
    - 10
  - - 685
    - 9
  - - 686
    - 1
  - - 687
    - 1
  - - 688
    - 2
  - - 689
    - 3
  - - 690
    - 1
  - - 691
    - 3
  - - 692
    - 5
  - - 693
    - 2
  - - 695
    - 2
  - - 696
    - 3
  - - 697
    - 7
  - - 698
    - 3
  - - 699
    - 5
  - - 700
    - 5
  - - 701
    - 5
  - - 702
    - 3
  - - 703
    - 1
  - - 704
    - 2
  - - 705
    - 5
  - - 706
    - 1
  - - 707
    - 2
  - - 708
    - 5
  - - 709
    - 2
  - - 710
    - 5
  - - 711
    - 3
  - - 712
    - 7
  - - 714
    - 3
  - - 715
    - 7
  - - 716
    - 2
  - - 717
    - 2
  - - 718
    - 1
  - - 719
    - 3
  - - 720
    - 2
  - - 721
    - 5
  - - 722
    - 2
  - - 723
    - 1
  - - 724
    - 2
  - - 725
    - 2
  - - 726
    - 1
  - - 727
    - 3
  - - 728
    - 1
  - - 729
    - 4
  - - 730
    - 3
  - - 731
    - 4
  - - 732
    - 3
  - - 733
    - 2
  - - 734
    - 1
  - - 735
    - 4
  - - 736
    - 2
  - - 737
    - 2
  - - 738
    - 3
  - - 741
    - 2
  - - 742
    - 2
  - - 743
    - 2
  - - 744
    - 4
  - - 745
    - 2
  - - 746
    - 1
  - - 747
    - 2
  - - 748
    - 3
  - - 749
    - 3
  - - 750
    - 4
  - - 751
    - 3
  - - 752
    - 3
  - - 753
    - 1
  - - 754
    - 2
  - - 755
    - 1
  - - 756
    - 1
  - - 758
    - 3
  - - 759
    - 4
  - - 760
    - 2
  - - 762
    - 2
  - - 764
    - 1
  - - 765
    - 3
  - - 766
    - 2
  - - 767
    - 3
  - - 768
    - 3
  - - 769
    - 2
  - - 770
    - 4
  - - 771
    - 1
  - - 772
    - 2
  - - 773
    - 2
  - - 774
    - 1
  - - 777
    - 1
  - - 778
    - 1
  - - 779
    - 2
  - - 782
    - 2
  - - 783
    - 5
  - - 784
    - 3
  - - 785
    - 1
  - - 786
    - 2
  - - 787
    - 5
  - - 789
    - 2
  - - 791
    - 1
  - - 792
    - 2
  - - 793
    - 5
  - - 794
    - 1
  - - 795
    - 2
  - - 796
    - 2
  - - 797
    - 1
  - - 799
    - 3
  - - 800
    - 1
  - - 801
    - 1
  - - 802
    - 4
  - - 805
    - 1
  - - 806
    - 1
  - - 807
    - 2
  - - 808
    - 2
  - - 809
    - 2
  - - 810
    - 1
  - - 811
    - 1
  - - 812
    - 1
  - - 813
    - 1
  - - 816
    - 2
  - - 818
    - 1
  - - 823
    - 2
  - - 824
    - 1
  - - 825
    - 1
  - - 826
    - 1
  - - 827
    - 1
  - - 831
    - 1
  - - 832
    - 1
  - - 833
    - 1
  - - 834
    - 1
  - - 837
    - 1
  - - 838
    - 1
  - - 842
    - 1
  - - 845
    - 1
  - - 850
    - 3
  - - 851
    - 2
  - - 855
    - 1
  - - 856
    - 1
  - - 857
    - 1
  - - 859
    - 1
  - - 861
    - 1
  - - 863
    - 1
  - - 868
    - 1
  - - 875
    - 1
  - - 880
    - 1
  - - 881
    - 1
  - - 883
    - 1
  - - 884
    - 1
  - - 890
    - 1
  - - 921
    - 2
  - - 932
    - 1
  - - 940
    - 1
  - - 941
    - 1
  - - 944
    - 1
  - - 946
    - 1
  - - 952
    - 1
  - - 975
    - 1
  - - 976
    - 1
  - - 986
    - 1
  - - 996
    - 1
  - - 1008
    - 1
  - - 1051
    - 1
  - - 1128
    - 1
  - - 1337
    - 1
  - - 1411
    - 1
  latency_50_percentile: 86.0
  latency_95_percentile: 293.0
  latency_99_5_percentile: 629.0
  latency_99_percentile: 536.9599999999919
  max_kubedns_cpu: 618
  max_kubedns_memory: 31
  max_latency: 1.411246
  max_perfserver_cpu: 0
  max_perfserver_memory: 0
  min_latency: 0.001429
  msg: null
  ok: true
  qps: 907.189957
  queries_completed: 108905
  queries_lost: 0
  queries_sent: 108905
  run_time: 120.046523
  stddev_latency: 0.097413
params:
  max_qps: null
  pod_name: dns-perf-client-858fb7568b-km997
  query_file: all-queries.txt
  run_id: 1777665280
  run_length_seconds: 120
  run_subid: 0
stderr:
- ''
stdout:
- DNS Performance Testing Tool
- Nominum Version 2.1.0.0
- ''
- '[Status] Command line: dnsperf -s 10.0.0.10 -l 120 -d /queries/all-queries.txt'
- '[Status] Sending queries (to 10.0.0.10)'
- '[Status] Started at: Fri May  1 19:55:23 2026'
- '[Status] Stopping after 120.000000 seconds'
- '[Status] Testing complete (time limit)'
- ''
- 'Statistics:'
- ''
- '  Queries sent:         108905'
- '  Queries completed:    108905 (100.00%)'
- '  Queries lost:         0 (0.00%)'
- ''
- '  Response codes:       NOERROR 13068 (12.00%), NXDOMAIN 95837 (88.00%)'
- '  Average packet size:  request 38, response 122'
- '  Run time (s):         120.046523'
- '  Queries per second:   907.189957'
- ''
- '  Average Latency (s):  0.110022 (min 0.001429, max 1.411246)'
- '  Latency StdDev (s):   0.097413'
- ''
- '  Latency histogram'
- '#histogram 0 0'
- '#histogram 1 18'
- '#histogram 2 110'
- '#histogram 3 198'
- '#histogram 4 207'
- '#histogram 5 259'
- '#histogram 6 271'
- '#histogram 7 296'
- '#histogram 8 285'
- '#histogram 9 297'
- '#histogram 10 306'
- '#histogram 11 313'
- '#histogram 12 306'
- '#histogram 13 338'
- '#histogram 14 362'
- '#histogram 15 358'
- '#histogram 16 337'
- '#histogram 17 368'
- '#histogram 18 372'
- '#histogram 19 412'
- '#histogram 20 411'
- '#histogram 21 426'
- '#histogram 22 428'
- '#histogram 23 459'
- '#histogram 24 421'
- '#histogram 25 456'
- '#histogram 26 519'
- '#histogram 27 497'
- '#histogram 28 492'
- '#histogram 29 560'
- '#histogram 30 550'
- '#histogram 31 532'
- '#histogram 32 526'
- '#histogram 33 607'
- '#histogram 34 590'
- '#histogram 35 590'
- '#histogram 36 631'
- '#histogram 37 607'
- '#histogram 38 682'
- '#histogram 39 682'
- '#histogram 40 736'
- '#histogram 41 687'
- '#histogram 42 689'
- '#histogram 43 765'
- '#histogram 44 729'
- '#histogram 45 763'
- '#histogram 46 765'
- '#histogram 47 823'
- '#histogram 48 799'
- '#histogram 49 822'
- '#histogram 50 765'
- '#histogram 51 790'
- '#histogram 52 794'
- '#histogram 53 861'
- '#histogram 54 878'
- '#histogram 55 816'
- '#histogram 56 828'
- '#histogram 57 839'
- '#histogram 58 796'
- '#histogram 59 819'
- '#histogram 60 821'
- '#histogram 61 846'
- '#histogram 62 857'
- '#histogram 63 849'
- '#histogram 64 893'
- '#histogram 65 906'
- '#histogram 66 869'
- '#histogram 67 831'
- '#histogram 68 782'
- '#histogram 69 891'
- '#histogram 70 872'
- '#histogram 71 871'
- '#histogram 72 906'
- '#histogram 73 844'
- '#histogram 74 847'
- '#histogram 75 849'
- '#histogram 76 881'
- '#histogram 77 891'
- '#histogram 78 888'
- '#histogram 79 858'
- '#histogram 80 875'
- '#histogram 81 836'
- '#histogram 82 828'
- '#histogram 83 893'
- '#histogram 84 837'
- '#histogram 85 816'
- '#histogram 86 841'
- '#histogram 87 798'
- '#histogram 88 813'
- '#histogram 89 816'
- '#histogram 90 803'
- '#histogram 91 779'
- '#histogram 92 802'
- '#histogram 93 759'
- '#histogram 94 778'
- '#histogram 95 703'
- '#histogram 96 740'
- '#histogram 97 731'
- '#histogram 98 749'
- '#histogram 99 672'
- '#histogram 100 697'
- '#histogram 101 686'
- '#histogram 102 714'
- '#histogram 103 685'
- '#histogram 104 614'
- '#histogram 105 634'
- '#histogram 106 640'
- '#histogram 107 640'
- '#histogram 108 605'
- '#histogram 109 684'
- '#histogram 110 622'
- '#histogram 111 643'
- '#histogram 112 596'
- '#histogram 113 585'
- '#histogram 114 584'
- '#histogram 115 547'
- '#histogram 116 580'
- '#histogram 117 560'
- '#histogram 118 519'
- '#histogram 119 490'
- '#histogram 120 472'
- '#histogram 121 481'
- '#histogram 122 464'
- '#histogram 123 462'
- '#histogram 124 475'
- '#histogram 125 480'
- '#histogram 126 475'
- '#histogram 127 421'
- '#histogram 128 444'
- '#histogram 129 442'
- '#histogram 130 403'
- '#histogram 131 446'
- '#histogram 132 414'
- '#histogram 133 380'
- '#histogram 134 380'
- '#histogram 135 354'
- '#histogram 136 364'
- '#histogram 137 381'
- '#histogram 138 340'
- '#histogram 139 343'
- '#histogram 140 349'
- '#histogram 141 362'
- '#histogram 142 313'
- '#histogram 143 300'
- '#histogram 144 278'
- '#histogram 145 337'
- '#histogram 146 323'
- '#histogram 147 276'
- '#histogram 148 286'
- '#histogram 149 267'
- '#histogram 150 275'
- '#histogram 151 250'
- '#histogram 152 242'
- '#histogram 153 245'
- '#histogram 154 279'
- '#histogram 155 264'
- '#histogram 156 260'
- '#histogram 157 274'
- '#histogram 158 262'
- '#histogram 159 227'
- '#histogram 160 209'
- '#histogram 161 225'
- '#histogram 162 223'
- '#histogram 163 234'
- '#histogram 164 200'
- '#histogram 165 208'
- '#histogram 166 205'
- '#histogram 167 171'
- '#histogram 168 208'
- '#histogram 169 205'
- '#histogram 170 201'
- '#histogram 171 174'
- '#histogram 172 206'
- '#histogram 173 179'
- '#histogram 174 177'
- '#histogram 175 157'
- '#histogram 176 179'
- '#histogram 177 152'
- '#histogram 178 179'
- '#histogram 179 146'
- '#histogram 180 140'
- '#histogram 181 161'
- '#histogram 182 150'
- '#histogram 183 149'
- '#histogram 184 138'
- '#histogram 185 149'
- '#histogram 186 145'
- '#histogram 187 121'
- '#histogram 188 133'
- '#histogram 189 114'
- '#histogram 190 132'
- '#histogram 191 126'
- '#histogram 192 117'
- '#histogram 193 116'
- '#histogram 194 132'
- '#histogram 195 139'
- '#histogram 196 126'
- '#histogram 197 118'
- '#histogram 198 123'
- '#histogram 199 99'
- '#histogram 200 101'
- '#histogram 201 114'
- '#histogram 202 126'
- '#histogram 203 134'
- '#histogram 204 85'
- '#histogram 205 107'
- '#histogram 206 117'
- '#histogram 207 109'
- '#histogram 208 103'
- '#histogram 209 101'
- '#histogram 210 100'
- '#histogram 211 90'
- '#histogram 212 73'
- '#histogram 213 83'
- '#histogram 214 64'
- '#histogram 215 84'
- '#histogram 216 81'
- '#histogram 217 74'
- '#histogram 218 72'
- '#histogram 219 74'
- '#histogram 220 86'
- '#histogram 221 91'
- '#histogram 222 75'
- '#histogram 223 62'
- '#histogram 224 80'
- '#histogram 225 74'
- '#histogram 226 72'
- '#histogram 227 63'
- '#histogram 228 63'
- '#histogram 229 61'
- '#histogram 230 64'
- '#histogram 231 66'
- '#histogram 232 75'
- '#histogram 233 61'
- '#histogram 234 61'
- '#histogram 235 65'
- '#histogram 236 57'
- '#histogram 237 72'
- '#histogram 238 61'
- '#histogram 239 49'
- '#histogram 240 80'
- '#histogram 241 50'
- '#histogram 242 57'
- '#histogram 243 61'
- '#histogram 244 54'
- '#histogram 245 61'
- '#histogram 246 63'
- '#histogram 247 47'
- '#histogram 248 46'
- '#histogram 249 61'
- '#histogram 250 52'
- '#histogram 251 38'
- '#histogram 252 43'
- '#histogram 253 69'
- '#histogram 254 51'
- '#histogram 255 51'
- '#histogram 256 46'
- '#histogram 257 47'
- '#histogram 258 37'
- '#histogram 259 45'
- '#histogram 260 51'
- '#histogram 261 34'
- '#histogram 262 37'
- '#histogram 263 41'
- '#histogram 264 32'
- '#histogram 265 40'
- '#histogram 266 36'
- '#histogram 267 42'
- '#histogram 268 55'
- '#histogram 269 30'
- '#histogram 270 46'
- '#histogram 271 47'
- '#histogram 272 35'
- '#histogram 273 42'
- '#histogram 274 47'
- '#histogram 275 45'
- '#histogram 276 36'
- '#histogram 277 38'
- '#histogram 278 31'
- '#histogram 279 45'
- '#histogram 280 47'
- '#histogram 281 37'
- '#histogram 282 39'
- '#histogram 283 40'
- '#histogram 284 37'
- '#histogram 285 38'
- '#histogram 286 37'
- '#histogram 287 38'
- '#histogram 288 38'
- '#histogram 289 36'
- '#histogram 290 24'
- '#histogram 291 28'
- '#histogram 292 36'
- '#histogram 293 47'
- '#histogram 294 40'
- '#histogram 295 42'
- '#histogram 296 35'
- '#histogram 297 41'
- '#histogram 298 34'
- '#histogram 299 27'
- '#histogram 300 35'
- '#histogram 301 26'
- '#histogram 302 28'
- '#histogram 303 29'
- '#histogram 304 32'
- '#histogram 305 33'
- '#histogram 306 29'
- '#histogram 307 34'
- '#histogram 308 37'
- '#histogram 309 23'
- '#histogram 310 30'
- '#histogram 311 27'
- '#histogram 312 33'
- '#histogram 313 25'
- '#histogram 314 25'
- '#histogram 315 25'
- '#histogram 316 35'
- '#histogram 317 19'
- '#histogram 318 34'
- '#histogram 319 22'
- '#histogram 320 33'
- '#histogram 321 34'
- '#histogram 322 34'
- '#histogram 323 31'
- '#histogram 324 38'
- '#histogram 325 22'
- '#histogram 326 27'
- '#histogram 327 29'
- '#histogram 328 28'
- '#histogram 329 27'
- '#histogram 330 19'
- '#histogram 331 28'
- '#histogram 332 24'
- '#histogram 333 25'
- '#histogram 334 24'
- '#histogram 335 25'
- '#histogram 336 19'
- '#histogram 337 21'
- '#histogram 338 32'
- '#histogram 339 27'
- '#histogram 340 25'
- '#histogram 341 23'
- '#histogram 342 29'
- '#histogram 343 26'
- '#histogram 344 24'
- '#histogram 345 29'
- '#histogram 346 25'
- '#histogram 347 20'
- '#histogram 348 29'
- '#histogram 349 24'
- '#histogram 350 29'
- '#histogram 351 18'
- '#histogram 352 18'
- '#histogram 353 25'
- '#histogram 354 12'
- '#histogram 355 22'
- '#histogram 356 31'
- '#histogram 357 20'
- '#histogram 358 25'
- '#histogram 359 24'
- '#histogram 360 17'
- '#histogram 361 28'
- '#histogram 362 29'
- '#histogram 363 19'
- '#histogram 364 20'
- '#histogram 365 19'
- '#histogram 366 24'
- '#histogram 367 24'
- '#histogram 368 26'
- '#histogram 369 25'
- '#histogram 370 19'
- '#histogram 371 22'
- '#histogram 372 17'
- '#histogram 373 24'
- '#histogram 374 22'
- '#histogram 375 20'
- '#histogram 376 24'
- '#histogram 377 18'
- '#histogram 378 18'
- '#histogram 379 21'
- '#histogram 380 17'
- '#histogram 381 18'
- '#histogram 382 20'
- '#histogram 383 12'
- '#histogram 384 26'
- '#histogram 385 20'
- '#histogram 386 23'
- '#histogram 387 14'
- '#histogram 388 25'
- '#histogram 389 22'
- '#histogram 390 18'
- '#histogram 391 15'
- '#histogram 392 19'
- '#histogram 393 17'
- '#histogram 394 12'
- '#histogram 395 12'
- '#histogram 396 19'
- '#histogram 397 16'
- '#histogram 398 16'
- '#histogram 399 11'
- '#histogram 400 17'
- '#histogram 401 18'
- '#histogram 402 20'
- '#histogram 403 22'
- '#histogram 404 17'
- '#histogram 405 17'
- '#histogram 406 12'
- '#histogram 407 19'
- '#histogram 408 14'
- '#histogram 409 16'
- '#histogram 410 22'
- '#histogram 411 17'
- '#histogram 412 15'
- '#histogram 413 10'
- '#histogram 414 23'
- '#histogram 415 13'
- '#histogram 416 14'
- '#histogram 417 21'
- '#histogram 418 10'
- '#histogram 419 11'
- '#histogram 420 18'
- '#histogram 421 20'
- '#histogram 422 15'
- '#histogram 423 19'
- '#histogram 424 17'
- '#histogram 425 15'
- '#histogram 426 10'
- '#histogram 427 19'
- '#histogram 428 17'
- '#histogram 429 12'
- '#histogram 430 8'
- '#histogram 431 10'
- '#histogram 432 11'
- '#histogram 433 16'
- '#histogram 434 14'
- '#histogram 435 11'
- '#histogram 436 10'
- '#histogram 437 12'
- '#histogram 438 21'
- '#histogram 439 16'
- '#histogram 440 13'
- '#histogram 441 14'
- '#histogram 442 15'
- '#histogram 443 15'
- '#histogram 444 9'
- '#histogram 445 13'
- '#histogram 446 5'
- '#histogram 447 14'
- '#histogram 448 15'
- '#histogram 449 12'
- '#histogram 450 12'
- '#histogram 451 12'
- '#histogram 452 16'
- '#histogram 453 16'
- '#histogram 454 15'
- '#histogram 455 10'
- '#histogram 456 12'
- '#histogram 457 12'
- '#histogram 458 14'
- '#histogram 459 17'
- '#histogram 460 14'
- '#histogram 461 17'
- '#histogram 462 10'
- '#histogram 463 17'
- '#histogram 464 13'
- '#histogram 465 11'
- '#histogram 466 17'
- '#histogram 467 10'
- '#histogram 468 9'
- '#histogram 469 14'
- '#histogram 470 9'
- '#histogram 471 5'
- '#histogram 472 17'
- '#histogram 473 19'
- '#histogram 474 20'
- '#histogram 475 11'
- '#histogram 476 14'
- '#histogram 477 12'
- '#histogram 478 12'
- '#histogram 479 17'
- '#histogram 480 12'
- '#histogram 481 13'
- '#histogram 482 14'
- '#histogram 483 15'
- '#histogram 484 17'
- '#histogram 485 8'
- '#histogram 486 11'
- '#histogram 487 13'
- '#histogram 488 13'
- '#histogram 489 11'
- '#histogram 490 11'
- '#histogram 491 4'
- '#histogram 492 10'
- '#histogram 493 10'
- '#histogram 494 10'
- '#histogram 495 15'
- '#histogram 496 17'
- '#histogram 497 9'
- '#histogram 498 9'
- '#histogram 499 15'
- '#histogram 500 10'
- '#histogram 501 22'
- '#histogram 502 16'
- '#histogram 503 6'
- '#histogram 504 11'
- '#histogram 505 8'
- '#histogram 506 9'
- '#histogram 507 10'
- '#histogram 508 11'
- '#histogram 509 9'
- '#histogram 510 12'
- '#histogram 511 9'
- '#histogram 512 6'
- '#histogram 513 10'
- '#histogram 514 6'
- '#histogram 515 9'
- '#histogram 516 4'
- '#histogram 517 11'
- '#histogram 518 9'
- '#histogram 519 10'
- '#histogram 520 7'
- '#histogram 521 5'
- '#histogram 522 6'
- '#histogram 523 10'
- '#histogram 524 7'
- '#histogram 525 12'
- '#histogram 526 7'
- '#histogram 527 9'
- '#histogram 528 11'
- '#histogram 529 8'
- '#histogram 530 6'
- '#histogram 531 2'
- '#histogram 532 8'
- '#histogram 533 10'
- '#histogram 534 10'
- '#histogram 535 6'
- '#histogram 536 9'
- '#histogram 537 9'
- '#histogram 538 3'
- '#histogram 539 11'
- '#histogram 540 6'
- '#histogram 541 10'
- '#histogram 542 13'
- '#histogram 543 6'
- '#histogram 544 4'
- '#histogram 545 8'
- '#histogram 546 8'
- '#histogram 547 8'
- '#histogram 548 10'
- '#histogram 549 10'
- '#histogram 550 7'
- '#histogram 551 8'
- '#histogram 552 9'
- '#histogram 553 9'
- '#histogram 555 5'
- '#histogram 556 6'
- '#histogram 557 8'
- '#histogram 558 6'
- '#histogram 559 7'
- '#histogram 560 9'
- '#histogram 561 5'
- '#histogram 562 7'
- '#histogram 563 12'
- '#histogram 564 5'
- '#histogram 565 6'
- '#histogram 566 5'
- '#histogram 567 7'
- '#histogram 568 12'
- '#histogram 569 3'
- '#histogram 570 2'
- '#histogram 571 6'
- '#histogram 572 9'
- '#histogram 573 4'
- '#histogram 574 6'
- '#histogram 575 9'
- '#histogram 576 4'
- '#histogram 577 6'
- '#histogram 578 7'
- '#histogram 579 5'
- '#histogram 580 8'
- '#histogram 581 8'
- '#histogram 582 5'
- '#histogram 583 7'
- '#histogram 584 4'
- '#histogram 585 7'
- '#histogram 586 6'
- '#histogram 587 4'
- '#histogram 588 3'
- '#histogram 589 8'
- '#histogram 590 2'
- '#histogram 591 9'
- '#histogram 592 3'
- '#histogram 593 3'
- '#histogram 594 2'
- '#histogram 595 4'
- '#histogram 596 4'
- '#histogram 597 9'
- '#histogram 598 5'
- '#histogram 599 9'
- '#histogram 600 4'
- '#histogram 601 6'
- '#histogram 602 7'
- '#histogram 603 3'
- '#histogram 604 4'
- '#histogram 605 5'
- '#histogram 606 6'
- '#histogram 607 6'
- '#histogram 608 6'
- '#histogram 609 5'
- '#histogram 610 6'
- '#histogram 611 3'
- '#histogram 612 5'
- '#histogram 613 4'
- '#histogram 614 7'
- '#histogram 615 2'
- '#histogram 616 4'
- '#histogram 617 7'
- '#histogram 618 4'
- '#histogram 619 3'
- '#histogram 620 2'
- '#histogram 621 6'
- '#histogram 622 2'
- '#histogram 623 4'
- '#histogram 624 6'
- '#histogram 625 2'
- '#histogram 626 4'
- '#histogram 627 6'
- '#histogram 628 3'
- '#histogram 629 5'
- '#histogram 630 5'
- '#histogram 631 8'
- '#histogram 632 6'
- '#histogram 633 7'
- '#histogram 634 7'
- '#histogram 635 3'
- '#histogram 636 2'
- '#histogram 637 5'
- '#histogram 638 4'
- '#histogram 639 6'
- '#histogram 640 5'
- '#histogram 641 8'
- '#histogram 642 3'
- '#histogram 643 5'
- '#histogram 644 2'
- '#histogram 645 5'
- '#histogram 646 4'
- '#histogram 647 3'
- '#histogram 648 4'
- '#histogram 649 2'
- '#histogram 650 1'
- '#histogram 651 2'
- '#histogram 653 7'
- '#histogram 654 2'
- '#histogram 655 2'
- '#histogram 656 2'
- '#histogram 658 2'
- '#histogram 660 5'
- '#histogram 661 5'
- '#histogram 662 4'
- '#histogram 663 1'
- '#histogram 664 4'
- '#histogram 665 3'
- '#histogram 666 2'
- '#histogram 667 3'
- '#histogram 668 1'
- '#histogram 669 2'
- '#histogram 670 2'
- '#histogram 671 5'
- '#histogram 672 3'
- '#histogram 673 5'
- '#histogram 674 4'
- '#histogram 675 4'
- '#histogram 676 7'
- '#histogram 677 1'
- '#histogram 678 2'
- '#histogram 679 4'
- '#histogram 680 8'
- '#histogram 681 2'
- '#histogram 682 1'
- '#histogram 683 3'
- '#histogram 684 10'
- '#histogram 685 9'
- '#histogram 686 1'
- '#histogram 687 1'
- '#histogram 688 2'
- '#histogram 689 3'
- '#histogram 690 1'
- '#histogram 691 3'
- '#histogram 692 5'
- '#histogram 693 2'
- '#histogram 695 2'
- '#histogram 696 3'
- '#histogram 697 7'
- '#histogram 698 3'
- '#histogram 699 5'
- '#histogram 700 5'
- '#histogram 701 5'
- '#histogram 702 3'
- '#histogram 703 1'
- '#histogram 704 2'
- '#histogram 705 5'
- '#histogram 706 1'
- '#histogram 707 2'
- '#histogram 708 5'
- '#histogram 709 2'
- '#histogram 710 5'
- '#histogram 711 3'
- '#histogram 712 7'
- '#histogram 714 3'
- '#histogram 715 7'
- '#histogram 716 2'
- '#histogram 717 2'
- '#histogram 718 1'
- '#histogram 719 3'
- '#histogram 720 2'
- '#histogram 721 5'
- '#histogram 722 2'
- '#histogram 723 1'
- '#histogram 724 2'
- '#histogram 725 2'
- '#histogram 726 1'
- '#histogram 727 3'
- '#histogram 728 1'
- '#histogram 729 4'
- '#histogram 730 3'
- '#histogram 731 4'
- '#histogram 732 3'
- '#histogram 733 2'
- '#histogram 734 1'
- '#histogram 735 4'
- '#histogram 736 2'
- '#histogram 737 2'
- '#histogram 738 3'
- '#histogram 741 2'
- '#histogram 742 2'
- '#histogram 743 2'
- '#histogram 744 4'
- '#histogram 745 2'
- '#histogram 746 1'
- '#histogram 747 2'
- '#histogram 748 3'
- '#histogram 749 3'
- '#histogram 750 4'
- '#histogram 751 3'
- '#histogram 752 3'
- '#histogram 753 1'
- '#histogram 754 2'
- '#histogram 755 1'
- '#histogram 756 1'
- '#histogram 758 3'
- '#histogram 759 4'
- '#histogram 760 2'
- '#histogram 762 2'
- '#histogram 764 1'
- '#histogram 765 3'
- '#histogram 766 2'
- '#histogram 767 3'
- '#histogram 768 3'
- '#histogram 769 2'
- '#histogram 770 4'
- '#histogram 771 1'
- '#histogram 772 2'
- '#histogram 773 2'
- '#histogram 774 1'
- '#histogram 777 1'
- '#histogram 778 1'
- '#histogram 779 2'
- '#histogram 782 2'
- '#histogram 783 5'
- '#histogram 784 3'
- '#histogram 785 1'
- '#histogram 786 2'
- '#histogram 787 5'
- '#histogram 789 2'
- '#histogram 791 1'
- '#histogram 792 2'
- '#histogram 793 5'
- '#histogram 794 1'
- '#histogram 795 2'
- '#histogram 796 2'
- '#histogram 797 1'
- '#histogram 799 3'
- '#histogram 800 1'
- '#histogram 801 1'
- '#histogram 802 4'
- '#histogram 805 1'
- '#histogram 806 1'
- '#histogram 807 2'
- '#histogram 808 2'
- '#histogram 809 2'
- '#histogram 810 1'
- '#histogram 811 1'
- '#histogram 812 1'
- '#histogram 813 1'
- '#histogram 816 2'
- '#histogram 818 1'
- '#histogram 823 2'
- '#histogram 824 1'
- '#histogram 825 1'
- '#histogram 826 1'
- '#histogram 827 1'
- '#histogram 831 1'
- '#histogram 832 1'
- '#histogram 833 1'
- '#histogram 834 1'
- '#histogram 837 1'
- '#histogram 838 1'
- '#histogram 842 1'
- '#histogram 845 1'
- '#histogram 850 3'
- '#histogram 851 2'
- '#histogram 855 1'
- '#histogram 856 1'
- '#histogram 857 1'
- '#histogram 859 1'
- '#histogram 861 1'
- '#histogram 863 1'
- '#histogram 868 1'
- '#histogram 875 1'
- '#histogram 880 1'
- '#histogram 881 1'
- '#histogram 883 1'
- '#histogram 884 1'
- '#histogram 890 1'
- '#histogram 921 2'
- '#histogram 932 1'
- '#histogram 940 1'
- '#histogram 941 1'
- '#histogram 944 1'
- '#histogram 946 1'
- '#histogram 952 1'
- '#histogram 975 1'
- '#histogram 976 1'
- '#histogram 986 1'
- '#histogram 996 1'
- '#histogram 1008 1'
- '#histogram 1051 1'
- '#histogram 1128 1'
- '#histogram 1337 1'
- '#histogram 1411 1'
- ''
