code: 0
data:
  avg_latency: 0.14135
  histogram:
  - - 0
    - 4
  - - 1
    - 73
  - - 2
    - 110
  - - 3
    - 178
  - - 4
    - 156
  - - 5
    - 161
  - - 6
    - 189
  - - 7
    - 177
  - - 8
    - 211
  - - 9
    - 231
  - - 10
    - 222
  - - 11
    - 217
  - - 12
    - 212
  - - 13
    - 177
  - - 14
    - 213
  - - 15
    - 222
  - - 16
    - 224
  - - 17
    - 199
  - - 18
    - 240
  - - 19
    - 225
  - - 20
    - 245
  - - 21
    - 236
  - - 22
    - 260
  - - 23
    - 256
  - - 24
    - 257
  - - 25
    - 272
  - - 26
    - 298
  - - 27
    - 266
  - - 28
    - 299
  - - 29
    - 339
  - - 30
    - 307
  - - 31
    - 287
  - - 32
    - 329
  - - 33
    - 325
  - - 34
    - 323
  - - 35
    - 311
  - - 36
    - 340
  - - 37
    - 337
  - - 38
    - 361
  - - 39
    - 343
  - - 40
    - 399
  - - 41
    - 373
  - - 42
    - 365
  - - 43
    - 377
  - - 44
    - 391
  - - 45
    - 426
  - - 46
    - 393
  - - 47
    - 404
  - - 48
    - 413
  - - 49
    - 424
  - - 50
    - 439
  - - 51
    - 510
  - - 52
    - 476
  - - 53
    - 460
  - - 54
    - 452
  - - 55
    - 460
  - - 56
    - 485
  - - 57
    - 465
  - - 58
    - 453
  - - 59
    - 468
  - - 60
    - 464
  - - 61
    - 503
  - - 62
    - 518
  - - 63
    - 495
  - - 64
    - 533
  - - 65
    - 558
  - - 66
    - 519
  - - 67
    - 543
  - - 68
    - 541
  - - 69
    - 535
  - - 70
    - 543
  - - 71
    - 573
  - - 72
    - 538
  - - 73
    - 537
  - - 74
    - 555
  - - 75
    - 502
  - - 76
    - 554
  - - 77
    - 564
  - - 78
    - 559
  - - 79
    - 565
  - - 80
    - 560
  - - 81
    - 597
  - - 82
    - 533
  - - 83
    - 585
  - - 84
    - 576
  - - 85
    - 622
  - - 86
    - 557
  - - 87
    - 589
  - - 88
    - 551
  - - 89
    - 517
  - - 90
    - 554
  - - 91
    - 519
  - - 92
    - 530
  - - 93
    - 535
  - - 94
    - 484
  - - 95
    - 478
  - - 96
    - 559
  - - 97
    - 474
  - - 98
    - 491
  - - 99
    - 530
  - - 100
    - 510
  - - 101
    - 544
  - - 102
    - 498
  - - 103
    - 523
  - - 104
    - 517
  - - 105
    - 559
  - - 106
    - 516
  - - 107
    - 501
  - - 108
    - 509
  - - 109
    - 478
  - - 110
    - 530
  - - 111
    - 514
  - - 112
    - 480
  - - 113
    - 501
  - - 114
    - 487
  - - 115
    - 502
  - - 116
    - 512
  - - 117
    - 469
  - - 118
    - 417
  - - 119
    - 484
  - - 120
    - 449
  - - 121
    - 444
  - - 122
    - 426
  - - 123
    - 440
  - - 124
    - 403
  - - 125
    - 424
  - - 126
    - 403
  - - 127
    - 422
  - - 128
    - 407
  - - 129
    - 382
  - - 130
    - 387
  - - 131
    - 404
  - - 132
    - 380
  - - 133
    - 428
  - - 134
    - 379
  - - 135
    - 376
  - - 136
    - 351
  - - 137
    - 376
  - - 138
    - 370
  - - 139
    - 373
  - - 140
    - 352
  - - 141
    - 320
  - - 142
    - 366
  - - 143
    - 343
  - - 144
    - 288
  - - 145
    - 331
  - - 146
    - 327
  - - 147
    - 321
  - - 148
    - 335
  - - 149
    - 312
  - - 150
    - 310
  - - 151
    - 285
  - - 152
    - 302
  - - 153
    - 283
  - - 154
    - 312
  - - 155
    - 300
  - - 156
    - 257
  - - 157
    - 249
  - - 158
    - 279
  - - 159
    - 258
  - - 160
    - 248
  - - 161
    - 270
  - - 162
    - 264
  - - 163
    - 275
  - - 164
    - 266
  - - 165
    - 242
  - - 166
    - 227
  - - 167
    - 269
  - - 168
    - 218
  - - 169
    - 252
  - - 170
    - 229
  - - 171
    - 263
  - - 172
    - 223
  - - 173
    - 186
  - - 174
    - 200
  - - 175
    - 201
  - - 176
    - 219
  - - 177
    - 190
  - - 178
    - 205
  - - 179
    - 192
  - - 180
    - 196
  - - 181
    - 217
  - - 182
    - 189
  - - 183
    - 157
  - - 184
    - 180
  - - 185
    - 156
  - - 186
    - 150
  - - 187
    - 155
  - - 188
    - 178
  - - 189
    - 180
  - - 190
    - 160
  - - 191
    - 169
  - - 192
    - 155
  - - 193
    - 154
  - - 194
    - 139
  - - 195
    - 127
  - - 196
    - 143
  - - 197
    - 139
  - - 198
    - 145
  - - 199
    - 123
  - - 200
    - 140
  - - 201
    - 129
  - - 202
    - 140
  - - 203
    - 140
  - - 204
    - 121
  - - 205
    - 130
  - - 206
    - 121
  - - 207
    - 92
  - - 208
    - 137
  - - 209
    - 119
  - - 210
    - 109
  - - 211
    - 122
  - - 212
    - 111
  - - 213
    - 85
  - - 214
    - 102
  - - 215
    - 103
  - - 216
    - 95
  - - 217
    - 89
  - - 218
    - 67
  - - 219
    - 104
  - - 220
    - 90
  - - 221
    - 91
  - - 222
    - 91
  - - 223
    - 74
  - - 224
    - 93
  - - 225
    - 108
  - - 226
    - 87
  - - 227
    - 97
  - - 228
    - 93
  - - 229
    - 80
  - - 230
    - 96
  - - 231
    - 91
  - - 232
    - 61
  - - 233
    - 70
  - - 234
    - 80
  - - 235
    - 78
  - - 236
    - 65
  - - 237
    - 71
  - - 238
    - 66
  - - 239
    - 66
  - - 240
    - 71
  - - 241
    - 77
  - - 242
    - 64
  - - 243
    - 72
  - - 244
    - 62
  - - 245
    - 67
  - - 246
    - 52
  - - 247
    - 73
  - - 248
    - 87
  - - 249
    - 63
  - - 250
    - 48
  - - 251
    - 54
  - - 252
    - 59
  - - 253
    - 63
  - - 254
    - 52
  - - 255
    - 54
  - - 256
    - 58
  - - 257
    - 59
  - - 258
    - 66
  - - 259
    - 57
  - - 260
    - 48
  - - 261
    - 48
  - - 262
    - 31
  - - 263
    - 51
  - - 264
    - 38
  - - 265
    - 42
  - - 266
    - 27
  - - 267
    - 38
  - - 268
    - 38
  - - 269
    - 43
  - - 270
    - 43
  - - 271
    - 43
  - - 272
    - 39
  - - 273
    - 43
  - - 274
    - 32
  - - 275
    - 28
  - - 276
    - 48
  - - 277
    - 34
  - - 278
    - 28
  - - 279
    - 31
  - - 280
    - 30
  - - 281
    - 38
  - - 282
    - 20
  - - 283
    - 34
  - - 284
    - 40
  - - 285
    - 36
  - - 286
    - 44
  - - 287
    - 30
  - - 288
    - 25
  - - 289
    - 32
  - - 290
    - 32
  - - 291
    - 35
  - - 292
    - 30
  - - 293
    - 21
  - - 294
    - 30
  - - 295
    - 29
  - - 296
    - 28
  - - 297
    - 26
  - - 298
    - 23
  - - 299
    - 35
  - - 300
    - 33
  - - 301
    - 19
  - - 302
    - 28
  - - 303
    - 29
  - - 304
    - 28
  - - 305
    - 29
  - - 306
    - 31
  - - 307
    - 27
  - - 308
    - 24
  - - 309
    - 22
  - - 310
    - 19
  - - 311
    - 20
  - - 312
    - 32
  - - 313
    - 25
  - - 314
    - 24
  - - 315
    - 31
  - - 316
    - 23
  - - 317
    - 22
  - - 318
    - 30
  - - 319
    - 15
  - - 320
    - 26
  - - 321
    - 19
  - - 322
    - 24
  - - 323
    - 12
  - - 324
    - 22
  - - 325
    - 26
  - - 326
    - 16
  - - 327
    - 14
  - - 328
    - 16
  - - 329
    - 19
  - - 330
    - 28
  - - 331
    - 16
  - - 332
    - 12
  - - 333
    - 22
  - - 334
    - 19
  - - 335
    - 20
  - - 336
    - 28
  - - 337
    - 15
  - - 338
    - 18
  - - 339
    - 18
  - - 340
    - 16
  - - 341
    - 15
  - - 342
    - 13
  - - 343
    - 22
  - - 344
    - 22
  - - 345
    - 20
  - - 346
    - 23
  - - 347
    - 17
  - - 348
    - 20
  - - 349
    - 14
  - - 350
    - 18
  - - 351
    - 20
  - - 352
    - 17
  - - 353
    - 20
  - - 354
    - 23
  - - 355
    - 16
  - - 356
    - 19
  - - 357
    - 16
  - - 358
    - 8
  - - 359
    - 29
  - - 360
    - 18
  - - 361
    - 16
  - - 362
    - 14
  - - 363
    - 16
  - - 364
    - 14
  - - 365
    - 27
  - - 366
    - 17
  - - 367
    - 22
  - - 368
    - 10
  - - 369
    - 21
  - - 370
    - 10
  - - 371
    - 16
  - - 372
    - 16
  - - 373
    - 13
  - - 374
    - 20
  - - 375
    - 11
  - - 376
    - 8
  - - 377
    - 23
  - - 378
    - 18
  - - 379
    - 8
  - - 380
    - 24
  - - 381
    - 16
  - - 382
    - 10
  - - 383
    - 16
  - - 384
    - 18
  - - 385
    - 6
  - - 386
    - 19
  - - 387
    - 17
  - - 388
    - 9
  - - 389
    - 18
  - - 390
    - 16
  - - 391
    - 17
  - - 392
    - 15
  - - 393
    - 17
  - - 394
    - 12
  - - 395
    - 14
  - - 396
    - 13
  - - 397
    - 19
  - - 398
    - 19
  - - 399
    - 16
  - - 400
    - 20
  - - 401
    - 13
  - - 402
    - 14
  - - 403
    - 14
  - - 404
    - 13
  - - 405
    - 18
  - - 406
    - 16
  - - 407
    - 15
  - - 408
    - 10
  - - 409
    - 15
  - - 410
    - 17
  - - 411
    - 17
  - - 412
    - 12
  - - 413
    - 14
  - - 414
    - 22
  - - 415
    - 13
  - - 416
    - 15
  - - 417
    - 8
  - - 418
    - 10
  - - 419
    - 19
  - - 420
    - 17
  - - 421
    - 12
  - - 422
    - 11
  - - 423
    - 15
  - - 424
    - 17
  - - 425
    - 15
  - - 426
    - 14
  - - 427
    - 21
  - - 428
    - 16
  - - 429
    - 22
  - - 430
    - 12
  - - 431
    - 11
  - - 432
    - 8
  - - 433
    - 15
  - - 434
    - 7
  - - 435
    - 13
  - - 436
    - 14
  - - 437
    - 11
  - - 438
    - 11
  - - 439
    - 14
  - - 440
    - 8
  - - 441
    - 17
  - - 442
    - 18
  - - 443
    - 14
  - - 444
    - 16
  - - 445
    - 14
  - - 446
    - 18
  - - 447
    - 6
  - - 448
    - 18
  - - 449
    - 12
  - - 450
    - 11
  - - 451
    - 18
  - - 452
    - 13
  - - 453
    - 10
  - - 454
    - 16
  - - 455
    - 16
  - - 456
    - 13
  - - 457
    - 10
  - - 458
    - 11
  - - 459
    - 16
  - - 460
    - 15
  - - 461
    - 15
  - - 462
    - 16
  - - 463
    - 8
  - - 464
    - 21
  - - 465
    - 17
  - - 466
    - 12
  - - 467
    - 13
  - - 468
    - 11
  - - 469
    - 10
  - - 470
    - 13
  - - 471
    - 13
  - - 472
    - 21
  - - 473
    - 17
  - - 474
    - 13
  - - 475
    - 11
  - - 476
    - 9
  - - 477
    - 18
  - - 478
    - 14
  - - 479
    - 16
  - - 480
    - 13
  - - 481
    - 15
  - - 482
    - 14
  - - 483
    - 9
  - - 484
    - 9
  - - 485
    - 16
  - - 486
    - 13
  - - 487
    - 16
  - - 488
    - 11
  - - 489
    - 8
  - - 490
    - 14
  - - 491
    - 12
  - - 492
    - 8
  - - 493
    - 10
  - - 494
    - 9
  - - 495
    - 7
  - - 496
    - 14
  - - 497
    - 10
  - - 498
    - 15
  - - 499
    - 6
  - - 500
    - 10
  - - 501
    - 3
  - - 502
    - 9
  - - 503
    - 11
  - - 504
    - 14
  - - 505
    - 13
  - - 506
    - 10
  - - 507
    - 16
  - - 508
    - 11
  - - 509
    - 8
  - - 510
    - 15
  - - 511
    - 9
  - - 512
    - 8
  - - 513
    - 11
  - - 514
    - 18
  - - 515
    - 14
  - - 516
    - 9
  - - 517
    - 13
  - - 518
    - 9
  - - 519
    - 14
  - - 520
    - 9
  - - 521
    - 22
  - - 522
    - 18
  - - 523
    - 20
  - - 524
    - 11
  - - 525
    - 13
  - - 526
    - 15
  - - 527
    - 12
  - - 528
    - 12
  - - 529
    - 7
  - - 530
    - 9
  - - 531
    - 12
  - - 532
    - 15
  - - 533
    - 7
  - - 534
    - 14
  - - 535
    - 6
  - - 536
    - 8
  - - 537
    - 16
  - - 538
    - 9
  - - 539
    - 17
  - - 540
    - 12
  - - 541
    - 7
  - - 542
    - 14
  - - 543
    - 10
  - - 544
    - 11
  - - 545
    - 11
  - - 546
    - 6
  - - 547
    - 15
  - - 548
    - 13
  - - 549
    - 10
  - - 550
    - 15
  - - 551
    - 13
  - - 552
    - 11
  - - 553
    - 14
  - - 554
    - 14
  - - 555
    - 9
  - - 556
    - 13
  - - 557
    - 10
  - - 558
    - 11
  - - 559
    - 12
  - - 560
    - 8
  - - 561
    - 8
  - - 562
    - 13
  - - 563
    - 7
  - - 564
    - 9
  - - 565
    - 7
  - - 566
    - 16
  - - 567
    - 6
  - - 568
    - 11
  - - 569
    - 14
  - - 570
    - 15
  - - 571
    - 10
  - - 572
    - 17
  - - 573
    - 13
  - - 574
    - 10
  - - 575
    - 9
  - - 576
    - 11
  - - 577
    - 13
  - - 578
    - 13
  - - 579
    - 13
  - - 580
    - 10
  - - 581
    - 12
  - - 582
    - 12
  - - 583
    - 13
  - - 584
    - 10
  - - 585
    - 10
  - - 586
    - 7
  - - 587
    - 6
  - - 588
    - 8
  - - 589
    - 8
  - - 590
    - 9
  - - 591
    - 5
  - - 592
    - 13
  - - 593
    - 7
  - - 594
    - 11
  - - 595
    - 10
  - - 596
    - 12
  - - 597
    - 10
  - - 598
    - 10
  - - 599
    - 10
  - - 600
    - 6
  - - 601
    - 9
  - - 602
    - 7
  - - 603
    - 11
  - - 604
    - 9
  - - 605
    - 3
  - - 606
    - 5
  - - 607
    - 8
  - - 608
    - 6
  - - 609
    - 6
  - - 610
    - 7
  - - 611
    - 8
  - - 612
    - 8
  - - 613
    - 5
  - - 614
    - 12
  - - 615
    - 6
  - - 616
    - 6
  - - 617
    - 8
  - - 618
    - 5
  - - 619
    - 9
  - - 620
    - 10
  - - 621
    - 6
  - - 622
    - 5
  - - 623
    - 10
  - - 624
    - 5
  - - 625
    - 10
  - - 626
    - 6
  - - 627
    - 7
  - - 628
    - 7
  - - 629
    - 9
  - - 630
    - 13
  - - 631
    - 5
  - - 632
    - 8
  - - 633
    - 8
  - - 634
    - 8
  - - 635
    - 7
  - - 636
    - 9
  - - 637
    - 9
  - - 638
    - 10
  - - 639
    - 7
  - - 640
    - 7
  - - 641
    - 4
  - - 642
    - 7
  - - 643
    - 5
  - - 644
    - 8
  - - 645
    - 6
  - - 646
    - 9
  - - 647
    - 7
  - - 648
    - 10
  - - 649
    - 4
  - - 650
    - 11
  - - 651
    - 8
  - - 652
    - 12
  - - 653
    - 8
  - - 654
    - 7
  - - 655
    - 5
  - - 656
    - 3
  - - 657
    - 7
  - - 658
    - 7
  - - 659
    - 7
  - - 660
    - 4
  - - 661
    - 5
  - - 662
    - 8
  - - 663
    - 4
  - - 664
    - 8
  - - 665
    - 4
  - - 666
    - 6
  - - 667
    - 7
  - - 668
    - 5
  - - 669
    - 7
  - - 670
    - 6
  - - 671
    - 6
  - - 672
    - 9
  - - 673
    - 6
  - - 674
    - 7
  - - 675
    - 7
  - - 676
    - 6
  - - 677
    - 8
  - - 678
    - 5
  - - 679
    - 5
  - - 680
    - 4
  - - 681
    - 8
  - - 682
    - 7
  - - 683
    - 6
  - - 684
    - 4
  - - 685
    - 6
  - - 686
    - 11
  - - 687
    - 9
  - - 688
    - 12
  - - 689
    - 2
  - - 690
    - 4
  - - 691
    - 4
  - - 692
    - 10
  - - 693
    - 6
  - - 694
    - 5
  - - 695
    - 6
  - - 696
    - 7
  - - 697
    - 8
  - - 698
    - 10
  - - 699
    - 13
  - - 700
    - 9
  - - 701
    - 2
  - - 702
    - 4
  - - 703
    - 8
  - - 704
    - 3
  - - 705
    - 5
  - - 706
    - 3
  - - 707
    - 5
  - - 708
    - 6
  - - 709
    - 8
  - - 710
    - 8
  - - 711
    - 6
  - - 712
    - 3
  - - 713
    - 8
  - - 714
    - 9
  - - 715
    - 4
  - - 716
    - 2
  - - 717
    - 7
  - - 719
    - 8
  - - 720
    - 3
  - - 721
    - 1
  - - 722
    - 10
  - - 723
    - 10
  - - 724
    - 4
  - - 725
    - 6
  - - 726
    - 6
  - - 727
    - 7
  - - 728
    - 6
  - - 729
    - 7
  - - 730
    - 6
  - - 731
    - 5
  - - 732
    - 3
  - - 733
    - 7
  - - 734
    - 2
  - - 735
    - 4
  - - 736
    - 5
  - - 737
    - 8
  - - 738
    - 2
  - - 739
    - 7
  - - 740
    - 5
  - - 741
    - 5
  - - 742
    - 6
  - - 743
    - 7
  - - 744
    - 2
  - - 745
    - 9
  - - 746
    - 6
  - - 747
    - 3
  - - 748
    - 6
  - - 749
    - 3
  - - 750
    - 8
  - - 751
    - 8
  - - 752
    - 7
  - - 753
    - 3
  - - 754
    - 3
  - - 755
    - 2
  - - 756
    - 2
  - - 757
    - 1
  - - 758
    - 5
  - - 759
    - 8
  - - 760
    - 2
  - - 761
    - 1
  - - 762
    - 3
  - - 763
    - 1
  - - 764
    - 6
  - - 765
    - 3
  - - 766
    - 5
  - - 767
    - 4
  - - 768
    - 3
  - - 769
    - 6
  - - 770
    - 3
  - - 771
    - 2
  - - 772
    - 4
  - - 773
    - 8
  - - 774
    - 4
  - - 775
    - 6
  - - 776
    - 3
  - - 777
    - 5
  - - 778
    - 5
  - - 779
    - 4
  - - 780
    - 5
  - - 781
    - 4
  - - 782
    - 9
  - - 783
    - 4
  - - 784
    - 3
  - - 785
    - 3
  - - 786
    - 5
  - - 787
    - 2
  - - 788
    - 6
  - - 789
    - 8
  - - 790
    - 7
  - - 791
    - 1
  - - 792
    - 6
  - - 793
    - 7
  - - 794
    - 3
  - - 795
    - 5
  - - 796
    - 7
  - - 797
    - 3
  - - 798
    - 7
  - - 799
    - 5
  - - 800
    - 3
  - - 801
    - 8
  - - 802
    - 5
  - - 803
    - 3
  - - 804
    - 3
  - - 805
    - 2
  - - 806
    - 1
  - - 807
    - 1
  - - 808
    - 2
  - - 809
    - 6
  - - 810
    - 4
  - - 811
    - 5
  - - 812
    - 4
  - - 813
    - 4
  - - 814
    - 3
  - - 815
    - 2
  - - 816
    - 3
  - - 817
    - 6
  - - 818
    - 6
  - - 819
    - 7
  - - 820
    - 3
  - - 821
    - 3
  - - 822
    - 3
  - - 823
    - 2
  - - 824
    - 5
  - - 825
    - 2
  - - 826
    - 1
  - - 827
    - 5
  - - 828
    - 3
  - - 829
    - 5
  - - 830
    - 2
  - - 831
    - 1
  - - 832
    - 2
  - - 833
    - 3
  - - 834
    - 7
  - - 835
    - 1
  - - 836
    - 2
  - - 837
    - 4
  - - 838
    - 9
  - - 839
    - 6
  - - 840
    - 2
  - - 841
    - 3
  - - 842
    - 1
  - - 843
    - 3
  - - 844
    - 2
  - - 845
    - 5
  - - 846
    - 3
  - - 847
    - 6
  - - 848
    - 3
  - - 849
    - 2
  - - 850
    - 5
  - - 851
    - 2
  - - 852
    - 3
  - - 853
    - 2
  - - 854
    - 2
  - - 855
    - 2
  - - 856
    - 6
  - - 857
    - 1
  - - 858
    - 3
  - - 859
    - 2
  - - 860
    - 1
  - - 861
    - 2
  - - 862
    - 6
  - - 863
    - 3
  - - 864
    - 2
  - - 865
    - 5
  - - 866
    - 2
  - - 867
    - 2
  - - 868
    - 2
  - - 869
    - 4
  - - 870
    - 4
  - - 872
    - 3
  - - 873
    - 6
  - - 874
    - 4
  - - 875
    - 2
  - - 876
    - 1
  - - 877
    - 1
  - - 878
    - 3
  - - 879
    - 1
  - - 880
    - 8
  - - 881
    - 3
  - - 882
    - 7
  - - 883
    - 2
  - - 884
    - 4
  - - 885
    - 4
  - - 886
    - 6
  - - 887
    - 4
  - - 888
    - 5
  - - 889
    - 4
  - - 890
    - 3
  - - 891
    - 1
  - - 892
    - 1
  - - 893
    - 3
  - - 894
    - 1
  - - 895
    - 1
  - - 896
    - 1
  - - 897
    - 4
  - - 898
    - 3
  - - 899
    - 6
  - - 901
    - 1
  - - 902
    - 1
  - - 903
    - 3
  - - 904
    - 3
  - - 906
    - 4
  - - 907
    - 3
  - - 908
    - 2
  - - 909
    - 6
  - - 910
    - 6
  - - 911
    - 2
  - - 912
    - 2
  - - 913
    - 2
  - - 914
    - 6
  - - 915
    - 3
  - - 916
    - 5
  - - 917
    - 5
  - - 918
    - 2
  - - 919
    - 2
  - - 920
    - 4
  - - 921
    - 6
  - - 922
    - 1
  - - 923
    - 1
  - - 924
    - 3
  - - 925
    - 1
  - - 926
    - 2
  - - 927
    - 1
  - - 928
    - 5
  - - 929
    - 3
  - - 930
    - 4
  - - 931
    - 2
  - - 932
    - 2
  - - 933
    - 3
  - - 934
    - 2
  - - 935
    - 4
  - - 936
    - 3
  - - 937
    - 5
  - - 939
    - 1
  - - 941
    - 1
  - - 942
    - 2
  - - 944
    - 1
  - - 945
    - 3
  - - 946
    - 1
  - - 947
    - 3
  - - 948
    - 3
  - - 949
    - 3
  - - 950
    - 4
  - - 953
    - 4
  - - 954
    - 1
  - - 955
    - 2
  - - 956
    - 1
  - - 957
    - 2
  - - 958
    - 5
  - - 959
    - 1
  - - 960
    - 4
  - - 961
    - 1
  - - 962
    - 4
  - - 963
    - 2
  - - 964
    - 4
  - - 965
    - 2
  - - 966
    - 2
  - - 967
    - 1
  - - 968
    - 3
  - - 969
    - 3
  - - 970
    - 2
  - - 971
    - 3
  - - 972
    - 3
  - - 973
    - 2
  - - 975
    - 4
  - - 976
    - 1
  - - 977
    - 3
  - - 981
    - 2
  - - 982
    - 4
  - - 983
    - 1
  - - 984
    - 1
  - - 985
    - 2
  - - 986
    - 1
  - - 987
    - 1
  - - 988
    - 2
  - - 989
    - 2
  - - 990
    - 1
  - - 991
    - 1
  - - 992
    - 2
  - - 993
    - 1
  - - 995
    - 2
  - - 996
    - 1
  - - 997
    - 3
  - - 998
    - 1
  - - 999
    - 3
  - - 1002
    - 2
  - - 1003
    - 3
  - - 1004
    - 2
  - - 1005
    - 2
  - - 1007
    - 2
  - - 1008
    - 4
  - - 1009
    - 3
  - - 1011
    - 1
  - - 1012
    - 1
  - - 1013
    - 5
  - - 1014
    - 1
  - - 1015
    - 2
  - - 1016
    - 2
  - - 1018
    - 1
  - - 1020
    - 1
  - - 1022
    - 2
  - - 1024
    - 2
  - - 1029
    - 1
  - - 1030
    - 1
  - - 1031
    - 2
  - - 1032
    - 2
  - - 1033
    - 2
  - - 1034
    - 1
  - - 1035
    - 1
  - - 1036
    - 3
  - - 1037
    - 1
  - - 1038
    - 2
  - - 1040
    - 1
  - - 1041
    - 3
  - - 1042
    - 1
  - - 1043
    - 4
  - - 1044
    - 2
  - - 1045
    - 1
  - - 1048
    - 1
  - - 1049
    - 1
  - - 1050
    - 1
  - - 1053
    - 2
  - - 1054
    - 3
  - - 1055
    - 1
  - - 1057
    - 2
  - - 1058
    - 3
  - - 1059
    - 1
  - - 1060
    - 2
  - - 1061
    - 3
  - - 1062
    - 1
  - - 1063
    - 1
  - - 1064
    - 2
  - - 1065
    - 2
  - - 1066
    - 2
  - - 1067
    - 1
  - - 1068
    - 1
  - - 1069
    - 1
  - - 1070
    - 2
  - - 1072
    - 2
  - - 1073
    - 2
  - - 1074
    - 2
  - - 1075
    - 2
  - - 1076
    - 2
  - - 1078
    - 2
  - - 1079
    - 1
  - - 1080
    - 2
  - - 1081
    - 4
  - - 1082
    - 1
  - - 1084
    - 1
  - - 1085
    - 2
  - - 1086
    - 1
  - - 1087
    - 4
  - - 1089
    - 3
  - - 1090
    - 2
  - - 1091
    - 2
  - - 1093
    - 1
  - - 1094
    - 1
  - - 1095
    - 3
  - - 1096
    - 3
  - - 1097
    - 1
  - - 1099
    - 1
  - - 1100
    - 2
  - - 1101
    - 1
  - - 1103
    - 2
  - - 1107
    - 2
  - - 1108
    - 1
  - - 1112
    - 1
  - - 1114
    - 2
  - - 1115
    - 2
  - - 1117
    - 1
  - - 1118
    - 2
  - - 1119
    - 1
  - - 1120
    - 2
  - - 1121
    - 2
  - - 1122
    - 4
  - - 1123
    - 1
  - - 1124
    - 2
  - - 1125
    - 1
  - - 1126
    - 1
  - - 1127
    - 1
  - - 1128
    - 2
  - - 1129
    - 2
  - - 1131
    - 2
  - - 1134
    - 1
  - - 1136
    - 1
  - - 1137
    - 1
  - - 1140
    - 4
  - - 1141
    - 1
  - - 1142
    - 2
  - - 1143
    - 1
  - - 1144
    - 1
  - - 1145
    - 2
  - - 1146
    - 2
  - - 1147
    - 2
  - - 1148
    - 1
  - - 1153
    - 2
  - - 1157
    - 1
  - - 1160
    - 1
  - - 1161
    - 1
  - - 1164
    - 2
  - - 1169
    - 1
  - - 1171
    - 3
  - - 1172
    - 1
  - - 1174
    - 1
  - - 1176
    - 1
  - - 1180
    - 2
  - - 1181
    - 1
  - - 1182
    - 2
  - - 1184
    - 1
  - - 1185
    - 1
  - - 1186
    - 1
  - - 1187
    - 2
  - - 1189
    - 1
  - - 1191
    - 1
  - - 1196
    - 2
  - - 1197
    - 1
  - - 1198
    - 1
  - - 1199
    - 1
  - - 1203
    - 1
  - - 1205
    - 1
  - - 1206
    - 1
  - - 1207
    - 2
  - - 1208
    - 1
  - - 1209
    - 2
  - - 1211
    - 1
  - - 1212
    - 1
  - - 1213
    - 2
  - - 1214
    - 1
  - - 1218
    - 2
  - - 1219
    - 1
  - - 1221
    - 1
  - - 1223
    - 1
  - - 1225
    - 1
  - - 1226
    - 1
  - - 1228
    - 1
  - - 1230
    - 2
  - - 1231
    - 1
  - - 1232
    - 2
  - - 1235
    - 1
  - - 1237
    - 2
  - - 1238
    - 1
  - - 1243
    - 2
  - - 1244
    - 3
  - - 1246
    - 2
  - - 1251
    - 2
  - - 1252
    - 2
  - - 1253
    - 1
  - - 1254
    - 2
  - - 1256
    - 1
  - - 1259
    - 1
  - - 1261
    - 1
  - - 1262
    - 2
  - - 1263
    - 1
  - - 1265
    - 1
  - - 1266
    - 1
  - - 1267
    - 2
  - - 1271
    - 1
  - - 1273
    - 1
  - - 1274
    - 1
  - - 1277
    - 1
  - - 1278
    - 1
  - - 1280
    - 1
  - - 1282
    - 2
  - - 1283
    - 2
  - - 1284
    - 1
  - - 1288
    - 1
  - - 1291
    - 1
  - - 1293
    - 1
  - - 1297
    - 2
  - - 1300
    - 5
  - - 1301
    - 1
  - - 1303
    - 2
  - - 1304
    - 1
  - - 1305
    - 2
  - - 1308
    - 1
  - - 1310
    - 1
  - - 1311
    - 1
  - - 1313
    - 1
  - - 1314
    - 1
  - - 1316
    - 1
  - - 1317
    - 1
  - - 1319
    - 1
  - - 1325
    - 1
  - - 1326
    - 1
  - - 1328
    - 1
  - - 1332
    - 1
  - - 1340
    - 1
  - - 1346
    - 1
  - - 1353
    - 1
  - - 1354
    - 1
  - - 1360
    - 2
  - - 1364
    - 1
  - - 1365
    - 1
  - - 1380
    - 1
  - - 1390
    - 1
  - - 1395
    - 1
  - - 1397
    - 1
  - - 1408
    - 1
  - - 1410
    - 1
  - - 1411
    - 1
  - - 1420
    - 1
  - - 1446
    - 1
  - - 1450
    - 1
  - - 1464
    - 1
  - - 1486
    - 1
  - - 1489
    - 1
  - - 1509
    - 1
  - - 1514
    - 1
  - - 1522
    - 1
  - - 1532
    - 1
  - - 1534
    - 1
  - - 1547
    - 1
  - - 1934
    - 1
  - - 2152
    - 1
  - - 2202
    - 1
  latency_50_percentile: 105.0
  latency_95_percentile: 423.0
  latency_99_5_percentile: 960.0
  latency_99_percentile: 815.0
  max_kubedns_cpu: 618
  max_kubedns_memory: 31
  max_latency: 2.202812
  max_perfserver_cpu: 0
  max_perfserver_memory: 0
  min_latency: 0.00082
  msg: null
  ok: true
  qps: 706.059333
  queries_completed: 84903
  queries_lost: 0
  queries_sent: 84903
  run_time: 120.249101
  stddev_latency: 0.146763
params:
  max_qps: null
  pod_name: dns-perf-client-858fb7568b-hqq6m
  query_file: all-queries.txt
  run_id: 1777665280
  run_length_seconds: 120
  run_subid: 0
stderr:
- ''
stdout:
- DNS Performance Testing Tool
- Nominum Version 2.1.0.0
- ''
- '[Status] Command line: dnsperf -s 10.0.0.10 -l 120 -d /queries/all-queries.txt'
- '[Status] Sending queries (to 10.0.0.10)'
- '[Status] Started at: Fri May  1 19:55:23 2026'
- '[Status] Stopping after 120.000000 seconds'
- '[Status] Testing complete (time limit)'
- ''
- 'Statistics:'
- ''
- '  Queries sent:         84903'
- '  Queries completed:    84903 (100.00%)'
- '  Queries lost:         0 (0.00%)'
- ''
- '  Response codes:       NOERROR 10188 (12.00%), NXDOMAIN 74715 (88.00%)'
- '  Average packet size:  request 38, response 122'
- '  Run time (s):         120.249101'
- '  Queries per second:   706.059333'
- ''
- '  Average Latency (s):  0.141350 (min 0.000820, max 2.202812)'
- '  Latency StdDev (s):   0.146763'
- ''
- '  Latency histogram'
- '#histogram 0 4'
- '#histogram 1 73'
- '#histogram 2 110'
- '#histogram 3 178'
- '#histogram 4 156'
- '#histogram 5 161'
- '#histogram 6 189'
- '#histogram 7 177'
- '#histogram 8 211'
- '#histogram 9 231'
- '#histogram 10 222'
- '#histogram 11 217'
- '#histogram 12 212'
- '#histogram 13 177'
- '#histogram 14 213'
- '#histogram 15 222'
- '#histogram 16 224'
- '#histogram 17 199'
- '#histogram 18 240'
- '#histogram 19 225'
- '#histogram 20 245'
- '#histogram 21 236'
- '#histogram 22 260'
- '#histogram 23 256'
- '#histogram 24 257'
- '#histogram 25 272'
- '#histogram 26 298'
- '#histogram 27 266'
- '#histogram 28 299'
- '#histogram 29 339'
- '#histogram 30 307'
- '#histogram 31 287'
- '#histogram 32 329'
- '#histogram 33 325'
- '#histogram 34 323'
- '#histogram 35 311'
- '#histogram 36 340'
- '#histogram 37 337'
- '#histogram 38 361'
- '#histogram 39 343'
- '#histogram 40 399'
- '#histogram 41 373'
- '#histogram 42 365'
- '#histogram 43 377'
- '#histogram 44 391'
- '#histogram 45 426'
- '#histogram 46 393'
- '#histogram 47 404'
- '#histogram 48 413'
- '#histogram 49 424'
- '#histogram 50 439'
- '#histogram 51 510'
- '#histogram 52 476'
- '#histogram 53 460'
- '#histogram 54 452'
- '#histogram 55 460'
- '#histogram 56 485'
- '#histogram 57 465'
- '#histogram 58 453'
- '#histogram 59 468'
- '#histogram 60 464'
- '#histogram 61 503'
- '#histogram 62 518'
- '#histogram 63 495'
- '#histogram 64 533'
- '#histogram 65 558'
- '#histogram 66 519'
- '#histogram 67 543'
- '#histogram 68 541'
- '#histogram 69 535'
- '#histogram 70 543'
- '#histogram 71 573'
- '#histogram 72 538'
- '#histogram 73 537'
- '#histogram 74 555'
- '#histogram 75 502'
- '#histogram 76 554'
- '#histogram 77 564'
- '#histogram 78 559'
- '#histogram 79 565'
- '#histogram 80 560'
- '#histogram 81 597'
- '#histogram 82 533'
- '#histogram 83 585'
- '#histogram 84 576'
- '#histogram 85 622'
- '#histogram 86 557'
- '#histogram 87 589'
- '#histogram 88 551'
- '#histogram 89 517'
- '#histogram 90 554'
- '#histogram 91 519'
- '#histogram 92 530'
- '#histogram 93 535'
- '#histogram 94 484'
- '#histogram 95 478'
- '#histogram 96 559'
- '#histogram 97 474'
- '#histogram 98 491'
- '#histogram 99 530'
- '#histogram 100 510'
- '#histogram 101 544'
- '#histogram 102 498'
- '#histogram 103 523'
- '#histogram 104 517'
- '#histogram 105 559'
- '#histogram 106 516'
- '#histogram 107 501'
- '#histogram 108 509'
- '#histogram 109 478'
- '#histogram 110 530'
- '#histogram 111 514'
- '#histogram 112 480'
- '#histogram 113 501'
- '#histogram 114 487'
- '#histogram 115 502'
- '#histogram 116 512'
- '#histogram 117 469'
- '#histogram 118 417'
- '#histogram 119 484'
- '#histogram 120 449'
- '#histogram 121 444'
- '#histogram 122 426'
- '#histogram 123 440'
- '#histogram 124 403'
- '#histogram 125 424'
- '#histogram 126 403'
- '#histogram 127 422'
- '#histogram 128 407'
- '#histogram 129 382'
- '#histogram 130 387'
- '#histogram 131 404'
- '#histogram 132 380'
- '#histogram 133 428'
- '#histogram 134 379'
- '#histogram 135 376'
- '#histogram 136 351'
- '#histogram 137 376'
- '#histogram 138 370'
- '#histogram 139 373'
- '#histogram 140 352'
- '#histogram 141 320'
- '#histogram 142 366'
- '#histogram 143 343'
- '#histogram 144 288'
- '#histogram 145 331'
- '#histogram 146 327'
- '#histogram 147 321'
- '#histogram 148 335'
- '#histogram 149 312'
- '#histogram 150 310'
- '#histogram 151 285'
- '#histogram 152 302'
- '#histogram 153 283'
- '#histogram 154 312'
- '#histogram 155 300'
- '#histogram 156 257'
- '#histogram 157 249'
- '#histogram 158 279'
- '#histogram 159 258'
- '#histogram 160 248'
- '#histogram 161 270'
- '#histogram 162 264'
- '#histogram 163 275'
- '#histogram 164 266'
- '#histogram 165 242'
- '#histogram 166 227'
- '#histogram 167 269'
- '#histogram 168 218'
- '#histogram 169 252'
- '#histogram 170 229'
- '#histogram 171 263'
- '#histogram 172 223'
- '#histogram 173 186'
- '#histogram 174 200'
- '#histogram 175 201'
- '#histogram 176 219'
- '#histogram 177 190'
- '#histogram 178 205'
- '#histogram 179 192'
- '#histogram 180 196'
- '#histogram 181 217'
- '#histogram 182 189'
- '#histogram 183 157'
- '#histogram 184 180'
- '#histogram 185 156'
- '#histogram 186 150'
- '#histogram 187 155'
- '#histogram 188 178'
- '#histogram 189 180'
- '#histogram 190 160'
- '#histogram 191 169'
- '#histogram 192 155'
- '#histogram 193 154'
- '#histogram 194 139'
- '#histogram 195 127'
- '#histogram 196 143'
- '#histogram 197 139'
- '#histogram 198 145'
- '#histogram 199 123'
- '#histogram 200 140'
- '#histogram 201 129'
- '#histogram 202 140'
- '#histogram 203 140'
- '#histogram 204 121'
- '#histogram 205 130'
- '#histogram 206 121'
- '#histogram 207 92'
- '#histogram 208 137'
- '#histogram 209 119'
- '#histogram 210 109'
- '#histogram 211 122'
- '#histogram 212 111'
- '#histogram 213 85'
- '#histogram 214 102'
- '#histogram 215 103'
- '#histogram 216 95'
- '#histogram 217 89'
- '#histogram 218 67'
- '#histogram 219 104'
- '#histogram 220 90'
- '#histogram 221 91'
- '#histogram 222 91'
- '#histogram 223 74'
- '#histogram 224 93'
- '#histogram 225 108'
- '#histogram 226 87'
- '#histogram 227 97'
- '#histogram 228 93'
- '#histogram 229 80'
- '#histogram 230 96'
- '#histogram 231 91'
- '#histogram 232 61'
- '#histogram 233 70'
- '#histogram 234 80'
- '#histogram 235 78'
- '#histogram 236 65'
- '#histogram 237 71'
- '#histogram 238 66'
- '#histogram 239 66'
- '#histogram 240 71'
- '#histogram 241 77'
- '#histogram 242 64'
- '#histogram 243 72'
- '#histogram 244 62'
- '#histogram 245 67'
- '#histogram 246 52'
- '#histogram 247 73'
- '#histogram 248 87'
- '#histogram 249 63'
- '#histogram 250 48'
- '#histogram 251 54'
- '#histogram 252 59'
- '#histogram 253 63'
- '#histogram 254 52'
- '#histogram 255 54'
- '#histogram 256 58'
- '#histogram 257 59'
- '#histogram 258 66'
- '#histogram 259 57'
- '#histogram 260 48'
- '#histogram 261 48'
- '#histogram 262 31'
- '#histogram 263 51'
- '#histogram 264 38'
- '#histogram 265 42'
- '#histogram 266 27'
- '#histogram 267 38'
- '#histogram 268 38'
- '#histogram 269 43'
- '#histogram 270 43'
- '#histogram 271 43'
- '#histogram 272 39'
- '#histogram 273 43'
- '#histogram 274 32'
- '#histogram 275 28'
- '#histogram 276 48'
- '#histogram 277 34'
- '#histogram 278 28'
- '#histogram 279 31'
- '#histogram 280 30'
- '#histogram 281 38'
- '#histogram 282 20'
- '#histogram 283 34'
- '#histogram 284 40'
- '#histogram 285 36'
- '#histogram 286 44'
- '#histogram 287 30'
- '#histogram 288 25'
- '#histogram 289 32'
- '#histogram 290 32'
- '#histogram 291 35'
- '#histogram 292 30'
- '#histogram 293 21'
- '#histogram 294 30'
- '#histogram 295 29'
- '#histogram 296 28'
- '#histogram 297 26'
- '#histogram 298 23'
- '#histogram 299 35'
- '#histogram 300 33'
- '#histogram 301 19'
- '#histogram 302 28'
- '#histogram 303 29'
- '#histogram 304 28'
- '#histogram 305 29'
- '#histogram 306 31'
- '#histogram 307 27'
- '#histogram 308 24'
- '#histogram 309 22'
- '#histogram 310 19'
- '#histogram 311 20'
- '#histogram 312 32'
- '#histogram 313 25'
- '#histogram 314 24'
- '#histogram 315 31'
- '#histogram 316 23'
- '#histogram 317 22'
- '#histogram 318 30'
- '#histogram 319 15'
- '#histogram 320 26'
- '#histogram 321 19'
- '#histogram 322 24'
- '#histogram 323 12'
- '#histogram 324 22'
- '#histogram 325 26'
- '#histogram 326 16'
- '#histogram 327 14'
- '#histogram 328 16'
- '#histogram 329 19'
- '#histogram 330 28'
- '#histogram 331 16'
- '#histogram 332 12'
- '#histogram 333 22'
- '#histogram 334 19'
- '#histogram 335 20'
- '#histogram 336 28'
- '#histogram 337 15'
- '#histogram 338 18'
- '#histogram 339 18'
- '#histogram 340 16'
- '#histogram 341 15'
- '#histogram 342 13'
- '#histogram 343 22'
- '#histogram 344 22'
- '#histogram 345 20'
- '#histogram 346 23'
- '#histogram 347 17'
- '#histogram 348 20'
- '#histogram 349 14'
- '#histogram 350 18'
- '#histogram 351 20'
- '#histogram 352 17'
- '#histogram 353 20'
- '#histogram 354 23'
- '#histogram 355 16'
- '#histogram 356 19'
- '#histogram 357 16'
- '#histogram 358 8'
- '#histogram 359 29'
- '#histogram 360 18'
- '#histogram 361 16'
- '#histogram 362 14'
- '#histogram 363 16'
- '#histogram 364 14'
- '#histogram 365 27'
- '#histogram 366 17'
- '#histogram 367 22'
- '#histogram 368 10'
- '#histogram 369 21'
- '#histogram 370 10'
- '#histogram 371 16'
- '#histogram 372 16'
- '#histogram 373 13'
- '#histogram 374 20'
- '#histogram 375 11'
- '#histogram 376 8'
- '#histogram 377 23'
- '#histogram 378 18'
- '#histogram 379 8'
- '#histogram 380 24'
- '#histogram 381 16'
- '#histogram 382 10'
- '#histogram 383 16'
- '#histogram 384 18'
- '#histogram 385 6'
- '#histogram 386 19'
- '#histogram 387 17'
- '#histogram 388 9'
- '#histogram 389 18'
- '#histogram 390 16'
- '#histogram 391 17'
- '#histogram 392 15'
- '#histogram 393 17'
- '#histogram 394 12'
- '#histogram 395 14'
- '#histogram 396 13'
- '#histogram 397 19'
- '#histogram 398 19'
- '#histogram 399 16'
- '#histogram 400 20'
- '#histogram 401 13'
- '#histogram 402 14'
- '#histogram 403 14'
- '#histogram 404 13'
- '#histogram 405 18'
- '#histogram 406 16'
- '#histogram 407 15'
- '#histogram 408 10'
- '#histogram 409 15'
- '#histogram 410 17'
- '#histogram 411 17'
- '#histogram 412 12'
- '#histogram 413 14'
- '#histogram 414 22'
- '#histogram 415 13'
- '#histogram 416 15'
- '#histogram 417 8'
- '#histogram 418 10'
- '#histogram 419 19'
- '#histogram 420 17'
- '#histogram 421 12'
- '#histogram 422 11'
- '#histogram 423 15'
- '#histogram 424 17'
- '#histogram 425 15'
- '#histogram 426 14'
- '#histogram 427 21'
- '#histogram 428 16'
- '#histogram 429 22'
- '#histogram 430 12'
- '#histogram 431 11'
- '#histogram 432 8'
- '#histogram 433 15'
- '#histogram 434 7'
- '#histogram 435 13'
- '#histogram 436 14'
- '#histogram 437 11'
- '#histogram 438 11'
- '#histogram 439 14'
- '#histogram 440 8'
- '#histogram 441 17'
- '#histogram 442 18'
- '#histogram 443 14'
- '#histogram 444 16'
- '#histogram 445 14'
- '#histogram 446 18'
- '#histogram 447 6'
- '#histogram 448 18'
- '#histogram 449 12'
- '#histogram 450 11'
- '#histogram 451 18'
- '#histogram 452 13'
- '#histogram 453 10'
- '#histogram 454 16'
- '#histogram 455 16'
- '#histogram 456 13'
- '#histogram 457 10'
- '#histogram 458 11'
- '#histogram 459 16'
- '#histogram 460 15'
- '#histogram 461 15'
- '#histogram 462 16'
- '#histogram 463 8'
- '#histogram 464 21'
- '#histogram 465 17'
- '#histogram 466 12'
- '#histogram 467 13'
- '#histogram 468 11'
- '#histogram 469 10'
- '#histogram 470 13'
- '#histogram 471 13'
- '#histogram 472 21'
- '#histogram 473 17'
- '#histogram 474 13'
- '#histogram 475 11'
- '#histogram 476 9'
- '#histogram 477 18'
- '#histogram 478 14'
- '#histogram 479 16'
- '#histogram 480 13'
- '#histogram 481 15'
- '#histogram 482 14'
- '#histogram 483 9'
- '#histogram 484 9'
- '#histogram 485 16'
- '#histogram 486 13'
- '#histogram 487 16'
- '#histogram 488 11'
- '#histogram 489 8'
- '#histogram 490 14'
- '#histogram 491 12'
- '#histogram 492 8'
- '#histogram 493 10'
- '#histogram 494 9'
- '#histogram 495 7'
- '#histogram 496 14'
- '#histogram 497 10'
- '#histogram 498 15'
- '#histogram 499 6'
- '#histogram 500 10'
- '#histogram 501 3'
- '#histogram 502 9'
- '#histogram 503 11'
- '#histogram 504 14'
- '#histogram 505 13'
- '#histogram 506 10'
- '#histogram 507 16'
- '#histogram 508 11'
- '#histogram 509 8'
- '#histogram 510 15'
- '#histogram 511 9'
- '#histogram 512 8'
- '#histogram 513 11'
- '#histogram 514 18'
- '#histogram 515 14'
- '#histogram 516 9'
- '#histogram 517 13'
- '#histogram 518 9'
- '#histogram 519 14'
- '#histogram 520 9'
- '#histogram 521 22'
- '#histogram 522 18'
- '#histogram 523 20'
- '#histogram 524 11'
- '#histogram 525 13'
- '#histogram 526 15'
- '#histogram 527 12'
- '#histogram 528 12'
- '#histogram 529 7'
- '#histogram 530 9'
- '#histogram 531 12'
- '#histogram 532 15'
- '#histogram 533 7'
- '#histogram 534 14'
- '#histogram 535 6'
- '#histogram 536 8'
- '#histogram 537 16'
- '#histogram 538 9'
- '#histogram 539 17'
- '#histogram 540 12'
- '#histogram 541 7'
- '#histogram 542 14'
- '#histogram 543 10'
- '#histogram 544 11'
- '#histogram 545 11'
- '#histogram 546 6'
- '#histogram 547 15'
- '#histogram 548 13'
- '#histogram 549 10'
- '#histogram 550 15'
- '#histogram 551 13'
- '#histogram 552 11'
- '#histogram 553 14'
- '#histogram 554 14'
- '#histogram 555 9'
- '#histogram 556 13'
- '#histogram 557 10'
- '#histogram 558 11'
- '#histogram 559 12'
- '#histogram 560 8'
- '#histogram 561 8'
- '#histogram 562 13'
- '#histogram 563 7'
- '#histogram 564 9'
- '#histogram 565 7'
- '#histogram 566 16'
- '#histogram 567 6'
- '#histogram 568 11'
- '#histogram 569 14'
- '#histogram 570 15'
- '#histogram 571 10'
- '#histogram 572 17'
- '#histogram 573 13'
- '#histogram 574 10'
- '#histogram 575 9'
- '#histogram 576 11'
- '#histogram 577 13'
- '#histogram 578 13'
- '#histogram 579 13'
- '#histogram 580 10'
- '#histogram 581 12'
- '#histogram 582 12'
- '#histogram 583 13'
- '#histogram 584 10'
- '#histogram 585 10'
- '#histogram 586 7'
- '#histogram 587 6'
- '#histogram 588 8'
- '#histogram 589 8'
- '#histogram 590 9'
- '#histogram 591 5'
- '#histogram 592 13'
- '#histogram 593 7'
- '#histogram 594 11'
- '#histogram 595 10'
- '#histogram 596 12'
- '#histogram 597 10'
- '#histogram 598 10'
- '#histogram 599 10'
- '#histogram 600 6'
- '#histogram 601 9'
- '#histogram 602 7'
- '#histogram 603 11'
- '#histogram 604 9'
- '#histogram 605 3'
- '#histogram 606 5'
- '#histogram 607 8'
- '#histogram 608 6'
- '#histogram 609 6'
- '#histogram 610 7'
- '#histogram 611 8'
- '#histogram 612 8'
- '#histogram 613 5'
- '#histogram 614 12'
- '#histogram 615 6'
- '#histogram 616 6'
- '#histogram 617 8'
- '#histogram 618 5'
- '#histogram 619 9'
- '#histogram 620 10'
- '#histogram 621 6'
- '#histogram 622 5'
- '#histogram 623 10'
- '#histogram 624 5'
- '#histogram 625 10'
- '#histogram 626 6'
- '#histogram 627 7'
- '#histogram 628 7'
- '#histogram 629 9'
- '#histogram 630 13'
- '#histogram 631 5'
- '#histogram 632 8'
- '#histogram 633 8'
- '#histogram 634 8'
- '#histogram 635 7'
- '#histogram 636 9'
- '#histogram 637 9'
- '#histogram 638 10'
- '#histogram 639 7'
- '#histogram 640 7'
- '#histogram 641 4'
- '#histogram 642 7'
- '#histogram 643 5'
- '#histogram 644 8'
- '#histogram 645 6'
- '#histogram 646 9'
- '#histogram 647 7'
- '#histogram 648 10'
- '#histogram 649 4'
- '#histogram 650 11'
- '#histogram 651 8'
- '#histogram 652 12'
- '#histogram 653 8'
- '#histogram 654 7'
- '#histogram 655 5'
- '#histogram 656 3'
- '#histogram 657 7'
- '#histogram 658 7'
- '#histogram 659 7'
- '#histogram 660 4'
- '#histogram 661 5'
- '#histogram 662 8'
- '#histogram 663 4'
- '#histogram 664 8'
- '#histogram 665 4'
- '#histogram 666 6'
- '#histogram 667 7'
- '#histogram 668 5'
- '#histogram 669 7'
- '#histogram 670 6'
- '#histogram 671 6'
- '#histogram 672 9'
- '#histogram 673 6'
- '#histogram 674 7'
- '#histogram 675 7'
- '#histogram 676 6'
- '#histogram 677 8'
- '#histogram 678 5'
- '#histogram 679 5'
- '#histogram 680 4'
- '#histogram 681 8'
- '#histogram 682 7'
- '#histogram 683 6'
- '#histogram 684 4'
- '#histogram 685 6'
- '#histogram 686 11'
- '#histogram 687 9'
- '#histogram 688 12'
- '#histogram 689 2'
- '#histogram 690 4'
- '#histogram 691 4'
- '#histogram 692 10'
- '#histogram 693 6'
- '#histogram 694 5'
- '#histogram 695 6'
- '#histogram 696 7'
- '#histogram 697 8'
- '#histogram 698 10'
- '#histogram 699 13'
- '#histogram 700 9'
- '#histogram 701 2'
- '#histogram 702 4'
- '#histogram 703 8'
- '#histogram 704 3'
- '#histogram 705 5'
- '#histogram 706 3'
- '#histogram 707 5'
- '#histogram 708 6'
- '#histogram 709 8'
- '#histogram 710 8'
- '#histogram 711 6'
- '#histogram 712 3'
- '#histogram 713 8'
- '#histogram 714 9'
- '#histogram 715 4'
- '#histogram 716 2'
- '#histogram 717 7'
- '#histogram 719 8'
- '#histogram 720 3'
- '#histogram 721 1'
- '#histogram 722 10'
- '#histogram 723 10'
- '#histogram 724 4'
- '#histogram 725 6'
- '#histogram 726 6'
- '#histogram 727 7'
- '#histogram 728 6'
- '#histogram 729 7'
- '#histogram 730 6'
- '#histogram 731 5'
- '#histogram 732 3'
- '#histogram 733 7'
- '#histogram 734 2'
- '#histogram 735 4'
- '#histogram 736 5'
- '#histogram 737 8'
- '#histogram 738 2'
- '#histogram 739 7'
- '#histogram 740 5'
- '#histogram 741 5'
- '#histogram 742 6'
- '#histogram 743 7'
- '#histogram 744 2'
- '#histogram 745 9'
- '#histogram 746 6'
- '#histogram 747 3'
- '#histogram 748 6'
- '#histogram 749 3'
- '#histogram 750 8'
- '#histogram 751 8'
- '#histogram 752 7'
- '#histogram 753 3'
- '#histogram 754 3'
- '#histogram 755 2'
- '#histogram 756 2'
- '#histogram 757 1'
- '#histogram 758 5'
- '#histogram 759 8'
- '#histogram 760 2'
- '#histogram 761 1'
- '#histogram 762 3'
- '#histogram 763 1'
- '#histogram 764 6'
- '#histogram 765 3'
- '#histogram 766 5'
- '#histogram 767 4'
- '#histogram 768 3'
- '#histogram 769 6'
- '#histogram 770 3'
- '#histogram 771 2'
- '#histogram 772 4'
- '#histogram 773 8'
- '#histogram 774 4'
- '#histogram 775 6'
- '#histogram 776 3'
- '#histogram 777 5'
- '#histogram 778 5'
- '#histogram 779 4'
- '#histogram 780 5'
- '#histogram 781 4'
- '#histogram 782 9'
- '#histogram 783 4'
- '#histogram 784 3'
- '#histogram 785 3'
- '#histogram 786 5'
- '#histogram 787 2'
- '#histogram 788 6'
- '#histogram 789 8'
- '#histogram 790 7'
- '#histogram 791 1'
- '#histogram 792 6'
- '#histogram 793 7'
- '#histogram 794 3'
- '#histogram 795 5'
- '#histogram 796 7'
- '#histogram 797 3'
- '#histogram 798 7'
- '#histogram 799 5'
- '#histogram 800 3'
- '#histogram 801 8'
- '#histogram 802 5'
- '#histogram 803 3'
- '#histogram 804 3'
- '#histogram 805 2'
- '#histogram 806 1'
- '#histogram 807 1'
- '#histogram 808 2'
- '#histogram 809 6'
- '#histogram 810 4'
- '#histogram 811 5'
- '#histogram 812 4'
- '#histogram 813 4'
- '#histogram 814 3'
- '#histogram 815 2'
- '#histogram 816 3'
- '#histogram 817 6'
- '#histogram 818 6'
- '#histogram 819 7'
- '#histogram 820 3'
- '#histogram 821 3'
- '#histogram 822 3'
- '#histogram 823 2'
- '#histogram 824 5'
- '#histogram 825 2'
- '#histogram 826 1'
- '#histogram 827 5'
- '#histogram 828 3'
- '#histogram 829 5'
- '#histogram 830 2'
- '#histogram 831 1'
- '#histogram 832 2'
- '#histogram 833 3'
- '#histogram 834 7'
- '#histogram 835 1'
- '#histogram 836 2'
- '#histogram 837 4'
- '#histogram 838 9'
- '#histogram 839 6'
- '#histogram 840 2'
- '#histogram 841 3'
- '#histogram 842 1'
- '#histogram 843 3'
- '#histogram 844 2'
- '#histogram 845 5'
- '#histogram 846 3'
- '#histogram 847 6'
- '#histogram 848 3'
- '#histogram 849 2'
- '#histogram 850 5'
- '#histogram 851 2'
- '#histogram 852 3'
- '#histogram 853 2'
- '#histogram 854 2'
- '#histogram 855 2'
- '#histogram 856 6'
- '#histogram 857 1'
- '#histogram 858 3'
- '#histogram 859 2'
- '#histogram 860 1'
- '#histogram 861 2'
- '#histogram 862 6'
- '#histogram 863 3'
- '#histogram 864 2'
- '#histogram 865 5'
- '#histogram 866 2'
- '#histogram 867 2'
- '#histogram 868 2'
- '#histogram 869 4'
- '#histogram 870 4'
- '#histogram 872 3'
- '#histogram 873 6'
- '#histogram 874 4'
- '#histogram 875 2'
- '#histogram 876 1'
- '#histogram 877 1'
- '#histogram 878 3'
- '#histogram 879 1'
- '#histogram 880 8'
- '#histogram 881 3'
- '#histogram 882 7'
- '#histogram 883 2'
- '#histogram 884 4'
- '#histogram 885 4'
- '#histogram 886 6'
- '#histogram 887 4'
- '#histogram 888 5'
- '#histogram 889 4'
- '#histogram 890 3'
- '#histogram 891 1'
- '#histogram 892 1'
- '#histogram 893 3'
- '#histogram 894 1'
- '#histogram 895 1'
- '#histogram 896 1'
- '#histogram 897 4'
- '#histogram 898 3'
- '#histogram 899 6'
- '#histogram 901 1'
- '#histogram 902 1'
- '#histogram 903 3'
- '#histogram 904 3'
- '#histogram 906 4'
- '#histogram 907 3'
- '#histogram 908 2'
- '#histogram 909 6'
- '#histogram 910 6'
- '#histogram 911 2'
- '#histogram 912 2'
- '#histogram 913 2'
- '#histogram 914 6'
- '#histogram 915 3'
- '#histogram 916 5'
- '#histogram 917 5'
- '#histogram 918 2'
- '#histogram 919 2'
- '#histogram 920 4'
- '#histogram 921 6'
- '#histogram 922 1'
- '#histogram 923 1'
- '#histogram 924 3'
- '#histogram 925 1'
- '#histogram 926 2'
- '#histogram 927 1'
- '#histogram 928 5'
- '#histogram 929 3'
- '#histogram 930 4'
- '#histogram 931 2'
- '#histogram 932 2'
- '#histogram 933 3'
- '#histogram 934 2'
- '#histogram 935 4'
- '#histogram 936 3'
- '#histogram 937 5'
- '#histogram 939 1'
- '#histogram 941 1'
- '#histogram 942 2'
- '#histogram 944 1'
- '#histogram 945 3'
- '#histogram 946 1'
- '#histogram 947 3'
- '#histogram 948 3'
- '#histogram 949 3'
- '#histogram 950 4'
- '#histogram 953 4'
- '#histogram 954 1'
- '#histogram 955 2'
- '#histogram 956 1'
- '#histogram 957 2'
- '#histogram 958 5'
- '#histogram 959 1'
- '#histogram 960 4'
- '#histogram 961 1'
- '#histogram 962 4'
- '#histogram 963 2'
- '#histogram 964 4'
- '#histogram 965 2'
- '#histogram 966 2'
- '#histogram 967 1'
- '#histogram 968 3'
- '#histogram 969 3'
- '#histogram 970 2'
- '#histogram 971 3'
- '#histogram 972 3'
- '#histogram 973 2'
- '#histogram 975 4'
- '#histogram 976 1'
- '#histogram 977 3'
- '#histogram 981 2'
- '#histogram 982 4'
- '#histogram 983 1'
- '#histogram 984 1'
- '#histogram 985 2'
- '#histogram 986 1'
- '#histogram 987 1'
- '#histogram 988 2'
- '#histogram 989 2'
- '#histogram 990 1'
- '#histogram 991 1'
- '#histogram 992 2'
- '#histogram 993 1'
- '#histogram 995 2'
- '#histogram 996 1'
- '#histogram 997 3'
- '#histogram 998 1'
- '#histogram 999 3'
- '#histogram 1002 2'
- '#histogram 1003 3'
- '#histogram 1004 2'
- '#histogram 1005 2'
- '#histogram 1007 2'
- '#histogram 1008 4'
- '#histogram 1009 3'
- '#histogram 1011 1'
- '#histogram 1012 1'
- '#histogram 1013 5'
- '#histogram 1014 1'
- '#histogram 1015 2'
- '#histogram 1016 2'
- '#histogram 1018 1'
- '#histogram 1020 1'
- '#histogram 1022 2'
- '#histogram 1024 2'
- '#histogram 1029 1'
- '#histogram 1030 1'
- '#histogram 1031 2'
- '#histogram 1032 2'
- '#histogram 1033 2'
- '#histogram 1034 1'
- '#histogram 1035 1'
- '#histogram 1036 3'
- '#histogram 1037 1'
- '#histogram 1038 2'
- '#histogram 1040 1'
- '#histogram 1041 3'
- '#histogram 1042 1'
- '#histogram 1043 4'
- '#histogram 1044 2'
- '#histogram 1045 1'
- '#histogram 1048 1'
- '#histogram 1049 1'
- '#histogram 1050 1'
- '#histogram 1053 2'
- '#histogram 1054 3'
- '#histogram 1055 1'
- '#histogram 1057 2'
- '#histogram 1058 3'
- '#histogram 1059 1'
- '#histogram 1060 2'
- '#histogram 1061 3'
- '#histogram 1062 1'
- '#histogram 1063 1'
- '#histogram 1064 2'
- '#histogram 1065 2'
- '#histogram 1066 2'
- '#histogram 1067 1'
- '#histogram 1068 1'
- '#histogram 1069 1'
- '#histogram 1070 2'
- '#histogram 1072 2'
- '#histogram 1073 2'
- '#histogram 1074 2'
- '#histogram 1075 2'
- '#histogram 1076 2'
- '#histogram 1078 2'
- '#histogram 1079 1'
- '#histogram 1080 2'
- '#histogram 1081 4'
- '#histogram 1082 1'
- '#histogram 1084 1'
- '#histogram 1085 2'
- '#histogram 1086 1'
- '#histogram 1087 4'
- '#histogram 1089 3'
- '#histogram 1090 2'
- '#histogram 1091 2'
- '#histogram 1093 1'
- '#histogram 1094 1'
- '#histogram 1095 3'
- '#histogram 1096 3'
- '#histogram 1097 1'
- '#histogram 1099 1'
- '#histogram 1100 2'
- '#histogram 1101 1'
- '#histogram 1103 2'
- '#histogram 1107 2'
- '#histogram 1108 1'
- '#histogram 1112 1'
- '#histogram 1114 2'
- '#histogram 1115 2'
- '#histogram 1117 1'
- '#histogram 1118 2'
- '#histogram 1119 1'
- '#histogram 1120 2'
- '#histogram 1121 2'
- '#histogram 1122 4'
- '#histogram 1123 1'
- '#histogram 1124 2'
- '#histogram 1125 1'
- '#histogram 1126 1'
- '#histogram 1127 1'
- '#histogram 1128 2'
- '#histogram 1129 2'
- '#histogram 1131 2'
- '#histogram 1134 1'
- '#histogram 1136 1'
- '#histogram 1137 1'
- '#histogram 1140 4'
- '#histogram 1141 1'
- '#histogram 1142 2'
- '#histogram 1143 1'
- '#histogram 1144 1'
- '#histogram 1145 2'
- '#histogram 1146 2'
- '#histogram 1147 2'
- '#histogram 1148 1'
- '#histogram 1153 2'
- '#histogram 1157 1'
- '#histogram 1160 1'
- '#histogram 1161 1'
- '#histogram 1164 2'
- '#histogram 1169 1'
- '#histogram 1171 3'
- '#histogram 1172 1'
- '#histogram 1174 1'
- '#histogram 1176 1'
- '#histogram 1180 2'
- '#histogram 1181 1'
- '#histogram 1182 2'
- '#histogram 1184 1'
- '#histogram 1185 1'
- '#histogram 1186 1'
- '#histogram 1187 2'
- '#histogram 1189 1'
- '#histogram 1191 1'
- '#histogram 1196 2'
- '#histogram 1197 1'
- '#histogram 1198 1'
- '#histogram 1199 1'
- '#histogram 1203 1'
- '#histogram 1205 1'
- '#histogram 1206 1'
- '#histogram 1207 2'
- '#histogram 1208 1'
- '#histogram 1209 2'
- '#histogram 1211 1'
- '#histogram 1212 1'
- '#histogram 1213 2'
- '#histogram 1214 1'
- '#histogram 1218 2'
- '#histogram 1219 1'
- '#histogram 1221 1'
- '#histogram 1223 1'
- '#histogram 1225 1'
- '#histogram 1226 1'
- '#histogram 1228 1'
- '#histogram 1230 2'
- '#histogram 1231 1'
- '#histogram 1232 2'
- '#histogram 1235 1'
- '#histogram 1237 2'
- '#histogram 1238 1'
- '#histogram 1243 2'
- '#histogram 1244 3'
- '#histogram 1246 2'
- '#histogram 1251 2'
- '#histogram 1252 2'
- '#histogram 1253 1'
- '#histogram 1254 2'
- '#histogram 1256 1'
- '#histogram 1259 1'
- '#histogram 1261 1'
- '#histogram 1262 2'
- '#histogram 1263 1'
- '#histogram 1265 1'
- '#histogram 1266 1'
- '#histogram 1267 2'
- '#histogram 1271 1'
- '#histogram 1273 1'
- '#histogram 1274 1'
- '#histogram 1277 1'
- '#histogram 1278 1'
- '#histogram 1280 1'
- '#histogram 1282 2'
- '#histogram 1283 2'
- '#histogram 1284 1'
- '#histogram 1288 1'
- '#histogram 1291 1'
- '#histogram 1293 1'
- '#histogram 1297 2'
- '#histogram 1300 5'
- '#histogram 1301 1'
- '#histogram 1303 2'
- '#histogram 1304 1'
- '#histogram 1305 2'
- '#histogram 1308 1'
- '#histogram 1310 1'
- '#histogram 1311 1'
- '#histogram 1313 1'
- '#histogram 1314 1'
- '#histogram 1316 1'
- '#histogram 1317 1'
- '#histogram 1319 1'
- '#histogram 1325 1'
- '#histogram 1326 1'
- '#histogram 1328 1'
- '#histogram 1332 1'
- '#histogram 1340 1'
- '#histogram 1346 1'
- '#histogram 1353 1'
- '#histogram 1354 1'
- '#histogram 1360 2'
- '#histogram 1364 1'
- '#histogram 1365 1'
- '#histogram 1380 1'
- '#histogram 1390 1'
- '#histogram 1395 1'
- '#histogram 1397 1'
- '#histogram 1408 1'
- '#histogram 1410 1'
- '#histogram 1411 1'
- '#histogram 1420 1'
- '#histogram 1446 1'
- '#histogram 1450 1'
- '#histogram 1464 1'
- '#histogram 1486 1'
- '#histogram 1489 1'
- '#histogram 1509 1'
- '#histogram 1514 1'
- '#histogram 1522 1'
- '#histogram 1532 1'
- '#histogram 1534 1'
- '#histogram 1547 1'
- '#histogram 1934 1'
- '#histogram 2152 1'
- '#histogram 2202 1'
- ''
