code: 0
data:
  avg_latency: 0.063352
  histogram:
  - - 0
    - 0
  - - 1
    - 29
  - - 2
    - 178
  - - 3
    - 315
  - - 4
    - 440
  - - 5
    - 519
  - - 6
    - 609
  - - 7
    - 712
  - - 8
    - 731
  - - 9
    - 833
  - - 10
    - 851
  - - 11
    - 932
  - - 12
    - 983
  - - 13
    - 991
  - - 14
    - 1046
  - - 15
    - 1029
  - - 16
    - 1220
  - - 17
    - 1295
  - - 18
    - 1390
  - - 19
    - 1350
  - - 20
    - 1458
  - - 21
    - 1497
  - - 22
    - 1653
  - - 23
    - 1680
  - - 24
    - 1831
  - - 25
    - 1856
  - - 26
    - 1839
  - - 27
    - 1890
  - - 28
    - 1978
  - - 29
    - 2026
  - - 30
    - 2041
  - - 31
    - 2161
  - - 32
    - 2165
  - - 33
    - 2265
  - - 34
    - 2260
  - - 35
    - 2281
  - - 36
    - 2260
  - - 37
    - 2356
  - - 38
    - 2433
  - - 39
    - 2424
  - - 40
    - 2502
  - - 41
    - 2452
  - - 42
    - 2433
  - - 43
    - 2499
  - - 44
    - 2470
  - - 45
    - 2504
  - - 46
    - 2425
  - - 47
    - 2425
  - - 48
    - 2365
  - - 49
    - 2391
  - - 50
    - 2385
  - - 51
    - 2301
  - - 52
    - 2354
  - - 53
    - 2341
  - - 54
    - 2321
  - - 55
    - 2281
  - - 56
    - 2286
  - - 57
    - 2216
  - - 58
    - 2290
  - - 59
    - 2231
  - - 60
    - 2154
  - - 61
    - 2200
  - - 62
    - 2066
  - - 63
    - 1958
  - - 64
    - 2092
  - - 65
    - 2076
  - - 66
    - 1945
  - - 67
    - 1924
  - - 68
    - 1863
  - - 69
    - 1815
  - - 70
    - 1782
  - - 71
    - 1816
  - - 72
    - 1747
  - - 73
    - 1683
  - - 74
    - 1708
  - - 75
    - 1638
  - - 76
    - 1523
  - - 77
    - 1469
  - - 78
    - 1532
  - - 79
    - 1450
  - - 80
    - 1348
  - - 81
    - 1289
  - - 82
    - 1301
  - - 83
    - 1285
  - - 84
    - 1221
  - - 85
    - 1296
  - - 86
    - 1167
  - - 87
    - 1217
  - - 88
    - 1135
  - - 89
    - 1046
  - - 90
    - 1047
  - - 91
    - 1003
  - - 92
    - 940
  - - 93
    - 968
  - - 94
    - 912
  - - 95
    - 929
  - - 96
    - 848
  - - 97
    - 891
  - - 98
    - 815
  - - 99
    - 769
  - - 100
    - 750
  - - 101
    - 747
  - - 102
    - 711
  - - 103
    - 742
  - - 104
    - 649
  - - 105
    - 635
  - - 106
    - 638
  - - 107
    - 680
  - - 108
    - 557
  - - 109
    - 572
  - - 110
    - 569
  - - 111
    - 566
  - - 112
    - 554
  - - 113
    - 548
  - - 114
    - 500
  - - 115
    - 493
  - - 116
    - 478
  - - 117
    - 452
  - - 118
    - 428
  - - 119
    - 422
  - - 120
    - 400
  - - 121
    - 381
  - - 122
    - 369
  - - 123
    - 390
  - - 124
    - 329
  - - 125
    - 363
  - - 126
    - 311
  - - 127
    - 322
  - - 128
    - 304
  - - 129
    - 311
  - - 130
    - 328
  - - 131
    - 289
  - - 132
    - 280
  - - 133
    - 277
  - - 134
    - 292
  - - 135
    - 258
  - - 136
    - 233
  - - 137
    - 244
  - - 138
    - 230
  - - 139
    - 222
  - - 140
    - 224
  - - 141
    - 230
  - - 142
    - 193
  - - 143
    - 206
  - - 144
    - 225
  - - 145
    - 193
  - - 146
    - 172
  - - 147
    - 154
  - - 148
    - 193
  - - 149
    - 185
  - - 150
    - 172
  - - 151
    - 160
  - - 152
    - 181
  - - 153
    - 152
  - - 154
    - 148
  - - 155
    - 168
  - - 156
    - 125
  - - 157
    - 143
  - - 158
    - 129
  - - 159
    - 130
  - - 160
    - 125
  - - 161
    - 139
  - - 162
    - 123
  - - 163
    - 98
  - - 164
    - 111
  - - 165
    - 136
  - - 166
    - 137
  - - 167
    - 80
  - - 168
    - 104
  - - 169
    - 113
  - - 170
    - 85
  - - 171
    - 86
  - - 172
    - 92
  - - 173
    - 105
  - - 174
    - 81
  - - 175
    - 87
  - - 176
    - 86
  - - 177
    - 73
  - - 178
    - 72
  - - 179
    - 79
  - - 180
    - 83
  - - 181
    - 51
  - - 182
    - 80
  - - 183
    - 62
  - - 184
    - 62
  - - 185
    - 73
  - - 186
    - 55
  - - 187
    - 60
  - - 188
    - 52
  - - 189
    - 72
  - - 190
    - 63
  - - 191
    - 59
  - - 192
    - 49
  - - 193
    - 47
  - - 194
    - 65
  - - 195
    - 43
  - - 196
    - 53
  - - 197
    - 58
  - - 198
    - 47
  - - 199
    - 44
  - - 200
    - 50
  - - 201
    - 49
  - - 202
    - 53
  - - 203
    - 54
  - - 204
    - 42
  - - 205
    - 39
  - - 206
    - 41
  - - 207
    - 41
  - - 208
    - 41
  - - 209
    - 30
  - - 210
    - 24
  - - 211
    - 28
  - - 212
    - 40
  - - 213
    - 36
  - - 214
    - 33
  - - 215
    - 42
  - - 216
    - 27
  - - 217
    - 45
  - - 218
    - 24
  - - 219
    - 21
  - - 220
    - 18
  - - 221
    - 26
  - - 222
    - 26
  - - 223
    - 23
  - - 224
    - 19
  - - 225
    - 18
  - - 226
    - 22
  - - 227
    - 22
  - - 228
    - 26
  - - 229
    - 24
  - - 230
    - 26
  - - 231
    - 24
  - - 232
    - 18
  - - 233
    - 22
  - - 234
    - 22
  - - 235
    - 11
  - - 236
    - 23
  - - 237
    - 21
  - - 238
    - 17
  - - 239
    - 13
  - - 240
    - 22
  - - 241
    - 21
  - - 242
    - 15
  - - 243
    - 21
  - - 244
    - 14
  - - 245
    - 16
  - - 246
    - 17
  - - 247
    - 14
  - - 248
    - 5
  - - 249
    - 17
  - - 250
    - 16
  - - 251
    - 14
  - - 252
    - 12
  - - 253
    - 16
  - - 254
    - 19
  - - 255
    - 10
  - - 256
    - 8
  - - 257
    - 15
  - - 258
    - 17
  - - 259
    - 10
  - - 260
    - 14
  - - 261
    - 11
  - - 262
    - 12
  - - 263
    - 7
  - - 264
    - 10
  - - 265
    - 10
  - - 266
    - 14
  - - 267
    - 15
  - - 268
    - 12
  - - 269
    - 6
  - - 270
    - 11
  - - 271
    - 12
  - - 272
    - 11
  - - 273
    - 15
  - - 274
    - 6
  - - 275
    - 11
  - - 276
    - 20
  - - 277
    - 12
  - - 278
    - 12
  - - 279
    - 14
  - - 280
    - 3
  - - 281
    - 11
  - - 282
    - 7
  - - 283
    - 3
  - - 284
    - 3
  - - 285
    - 3
  - - 286
    - 10
  - - 287
    - 8
  - - 288
    - 3
  - - 289
    - 3
  - - 290
    - 14
  - - 291
    - 5
  - - 292
    - 4
  - - 293
    - 3
  - - 294
    - 6
  - - 295
    - 8
  - - 296
    - 3
  - - 297
    - 2
  - - 298
    - 5
  - - 299
    - 6
  - - 300
    - 7
  - - 301
    - 5
  - - 302
    - 4
  - - 303
    - 5
  - - 304
    - 5
  - - 305
    - 5
  - - 306
    - 3
  - - 307
    - 2
  - - 308
    - 1
  - - 309
    - 5
  - - 310
    - 1
  - - 311
    - 2
  - - 312
    - 5
  - - 313
    - 6
  - - 314
    - 5
  - - 315
    - 5
  - - 316
    - 1
  - - 317
    - 3
  - - 318
    - 2
  - - 319
    - 3
  - - 320
    - 5
  - - 321
    - 5
  - - 322
    - 2
  - - 324
    - 3
  - - 325
    - 3
  - - 326
    - 2
  - - 327
    - 6
  - - 328
    - 4
  - - 329
    - 3
  - - 330
    - 2
  - - 331
    - 2
  - - 332
    - 3
  - - 333
    - 2
  - - 334
    - 1
  - - 335
    - 1
  - - 337
    - 4
  - - 338
    - 1
  - - 339
    - 4
  - - 340
    - 1
  - - 341
    - 3
  - - 343
    - 1
  - - 344
    - 5
  - - 345
    - 1
  - - 348
    - 1
  - - 349
    - 3
  - - 350
    - 1
  - - 351
    - 4
  - - 352
    - 1
  - - 353
    - 1
  - - 354
    - 1
  - - 355
    - 2
  - - 356
    - 3
  - - 357
    - 4
  - - 358
    - 1
  - - 359
    - 2
  - - 360
    - 2
  - - 361
    - 2
  - - 362
    - 1
  - - 363
    - 2
  - - 364
    - 2
  - - 365
    - 3
  - - 366
    - 1
  - - 368
    - 1
  - - 369
    - 2
  - - 370
    - 1
  - - 371
    - 1
  - - 373
    - 3
  - - 376
    - 1
  - - 378
    - 4
  - - 379
    - 1
  - - 380
    - 2
  - - 382
    - 1
  - - 383
    - 1
  - - 385
    - 1
  - - 386
    - 1
  - - 388
    - 1
  - - 391
    - 4
  - - 392
    - 3
  - - 393
    - 1
  - - 394
    - 1
  - - 395
    - 2
  - - 397
    - 1
  - - 398
    - 1
  - - 401
    - 1
  - - 405
    - 2
  - - 410
    - 1
  - - 412
    - 1
  - - 413
    - 1
  - - 418
    - 1
  - - 424
    - 1
  - - 439
    - 1
  - - 4999
    - 15
  latency_50_percentile: 55.0
  latency_95_percentile: 137.0
  latency_99_5_percentile: 236.0
  latency_99_percentile: 203.0
  max_kubedns_cpu: 770
  max_kubedns_memory: 30
  max_latency: 0.439971
  max_perfserver_cpu: 0
  max_perfserver_memory: 0
  min_latency: 0.001214
  msg: null
  ok: true
  qps: 1563.613922
  queries_completed: 187688
  queries_lost: 15
  queries_sent: 187703
  run_time: 120.034746
  stddev_latency: 0.039996
params:
  max_qps: null
  pod_name: dns-perf-client-858fb7568b-ztxtv
  query_file: all-queries.txt
  run_id: 1777671643
  run_length_seconds: 120
  run_subid: 0
stderr:
- ''
stdout:
- DNS Performance Testing Tool
- Nominum Version 2.1.0.0
- ''
- '[Status] Command line: dnsperf -s 10.0.0.10 -l 120 -d /queries/all-queries.txt'
- '[Status] Sending queries (to 10.0.0.10)'
- '[Status] Started at: Fri May  1 21:41:17 2026'
- '[Status] Stopping after 120.000000 seconds'
- '[Timeout] Query timed out: msg id 17844'
- '[Timeout] Query timed out: msg id 18253'
- '[Timeout] Query timed out: msg id 25009'
- '[Timeout] Query timed out: msg id 32006'
- '[Timeout] Query timed out: msg id 53579'
- '[Timeout] Query timed out: msg id 54708'
- '[Timeout] Query timed out: msg id 4602'
- '[Timeout] Query timed out: msg id 5930'
- '[Timeout] Query timed out: msg id 17118'
- '[Timeout] Query timed out: msg id 31920'
- '[Timeout] Query timed out: msg id 53166'
- '[Timeout] Query timed out: msg id 2346'
- '[Timeout] Query timed out: msg id 6875'
- '[Timeout] Query timed out: msg id 20768'
- '[Timeout] Query timed out: msg id 52912'
- '[Status] Testing complete (time limit)'
- ''
- 'Statistics:'
- ''
- '  Queries sent:         187703'
- '  Queries completed:    187688 (99.99%)'
- '  Queries lost:         15 (0.01%)'
- ''
- '  Response codes:       NOERROR 22522 (12.00%), NXDOMAIN 165166 (88.00%)'
- '  Average packet size:  request 38, response 122'
- '  Run time (s):         120.034746'
- '  Queries per second:   1563.613922'
- ''
- '  Average Latency (s):  0.063352 (min 0.001214, max 0.439971)'
- '  Latency StdDev (s):   0.039996'
- ''
- '  Latency histogram'
- '#histogram 0 0'
- '#histogram 1 29'
- '#histogram 2 178'
- '#histogram 3 315'
- '#histogram 4 440'
- '#histogram 5 519'
- '#histogram 6 609'
- '#histogram 7 712'
- '#histogram 8 731'
- '#histogram 9 833'
- '#histogram 10 851'
- '#histogram 11 932'
- '#histogram 12 983'
- '#histogram 13 991'
- '#histogram 14 1046'
- '#histogram 15 1029'
- '#histogram 16 1220'
- '#histogram 17 1295'
- '#histogram 18 1390'
- '#histogram 19 1350'
- '#histogram 20 1458'
- '#histogram 21 1497'
- '#histogram 22 1653'
- '#histogram 23 1680'
- '#histogram 24 1831'
- '#histogram 25 1856'
- '#histogram 26 1839'
- '#histogram 27 1890'
- '#histogram 28 1978'
- '#histogram 29 2026'
- '#histogram 30 2041'
- '#histogram 31 2161'
- '#histogram 32 2165'
- '#histogram 33 2265'
- '#histogram 34 2260'
- '#histogram 35 2281'
- '#histogram 36 2260'
- '#histogram 37 2356'
- '#histogram 38 2433'
- '#histogram 39 2424'
- '#histogram 40 2502'
- '#histogram 41 2452'
- '#histogram 42 2433'
- '#histogram 43 2499'
- '#histogram 44 2470'
- '#histogram 45 2504'
- '#histogram 46 2425'
- '#histogram 47 2425'
- '#histogram 48 2365'
- '#histogram 49 2391'
- '#histogram 50 2385'
- '#histogram 51 2301'
- '#histogram 52 2354'
- '#histogram 53 2341'
- '#histogram 54 2321'
- '#histogram 55 2281'
- '#histogram 56 2286'
- '#histogram 57 2216'
- '#histogram 58 2290'
- '#histogram 59 2231'
- '#histogram 60 2154'
- '#histogram 61 2200'
- '#histogram 62 2066'
- '#histogram 63 1958'
- '#histogram 64 2092'
- '#histogram 65 2076'
- '#histogram 66 1945'
- '#histogram 67 1924'
- '#histogram 68 1863'
- '#histogram 69 1815'
- '#histogram 70 1782'
- '#histogram 71 1816'
- '#histogram 72 1747'
- '#histogram 73 1683'
- '#histogram 74 1708'
- '#histogram 75 1638'
- '#histogram 76 1523'
- '#histogram 77 1469'
- '#histogram 78 1532'
- '#histogram 79 1450'
- '#histogram 80 1348'
- '#histogram 81 1289'
- '#histogram 82 1301'
- '#histogram 83 1285'
- '#histogram 84 1221'
- '#histogram 85 1296'
- '#histogram 86 1167'
- '#histogram 87 1217'
- '#histogram 88 1135'
- '#histogram 89 1046'
- '#histogram 90 1047'
- '#histogram 91 1003'
- '#histogram 92 940'
- '#histogram 93 968'
- '#histogram 94 912'
- '#histogram 95 929'
- '#histogram 96 848'
- '#histogram 97 891'
- '#histogram 98 815'
- '#histogram 99 769'
- '#histogram 100 750'
- '#histogram 101 747'
- '#histogram 102 711'
- '#histogram 103 742'
- '#histogram 104 649'
- '#histogram 105 635'
- '#histogram 106 638'
- '#histogram 107 680'
- '#histogram 108 557'
- '#histogram 109 572'
- '#histogram 110 569'
- '#histogram 111 566'
- '#histogram 112 554'
- '#histogram 113 548'
- '#histogram 114 500'
- '#histogram 115 493'
- '#histogram 116 478'
- '#histogram 117 452'
- '#histogram 118 428'
- '#histogram 119 422'
- '#histogram 120 400'
- '#histogram 121 381'
- '#histogram 122 369'
- '#histogram 123 390'
- '#histogram 124 329'
- '#histogram 125 363'
- '#histogram 126 311'
- '#histogram 127 322'
- '#histogram 128 304'
- '#histogram 129 311'
- '#histogram 130 328'
- '#histogram 131 289'
- '#histogram 132 280'
- '#histogram 133 277'
- '#histogram 134 292'
- '#histogram 135 258'
- '#histogram 136 233'
- '#histogram 137 244'
- '#histogram 138 230'
- '#histogram 139 222'
- '#histogram 140 224'
- '#histogram 141 230'
- '#histogram 142 193'
- '#histogram 143 206'
- '#histogram 144 225'
- '#histogram 145 193'
- '#histogram 146 172'
- '#histogram 147 154'
- '#histogram 148 193'
- '#histogram 149 185'
- '#histogram 150 172'
- '#histogram 151 160'
- '#histogram 152 181'
- '#histogram 153 152'
- '#histogram 154 148'
- '#histogram 155 168'
- '#histogram 156 125'
- '#histogram 157 143'
- '#histogram 158 129'
- '#histogram 159 130'
- '#histogram 160 125'
- '#histogram 161 139'
- '#histogram 162 123'
- '#histogram 163 98'
- '#histogram 164 111'
- '#histogram 165 136'
- '#histogram 166 137'
- '#histogram 167 80'
- '#histogram 168 104'
- '#histogram 169 113'
- '#histogram 170 85'
- '#histogram 171 86'
- '#histogram 172 92'
- '#histogram 173 105'
- '#histogram 174 81'
- '#histogram 175 87'
- '#histogram 176 86'
- '#histogram 177 73'
- '#histogram 178 72'
- '#histogram 179 79'
- '#histogram 180 83'
- '#histogram 181 51'
- '#histogram 182 80'
- '#histogram 183 62'
- '#histogram 184 62'
- '#histogram 185 73'
- '#histogram 186 55'
- '#histogram 187 60'
- '#histogram 188 52'
- '#histogram 189 72'
- '#histogram 190 63'
- '#histogram 191 59'
- '#histogram 192 49'
- '#histogram 193 47'
- '#histogram 194 65'
- '#histogram 195 43'
- '#histogram 196 53'
- '#histogram 197 58'
- '#histogram 198 47'
- '#histogram 199 44'
- '#histogram 200 50'
- '#histogram 201 49'
- '#histogram 202 53'
- '#histogram 203 54'
- '#histogram 204 42'
- '#histogram 205 39'
- '#histogram 206 41'
- '#histogram 207 41'
- '#histogram 208 41'
- '#histogram 209 30'
- '#histogram 210 24'
- '#histogram 211 28'
- '#histogram 212 40'
- '#histogram 213 36'
- '#histogram 214 33'
- '#histogram 215 42'
- '#histogram 216 27'
- '#histogram 217 45'
- '#histogram 218 24'
- '#histogram 219 21'
- '#histogram 220 18'
- '#histogram 221 26'
- '#histogram 222 26'
- '#histogram 223 23'
- '#histogram 224 19'
- '#histogram 225 18'
- '#histogram 226 22'
- '#histogram 227 22'
- '#histogram 228 26'
- '#histogram 229 24'
- '#histogram 230 26'
- '#histogram 231 24'
- '#histogram 232 18'
- '#histogram 233 22'
- '#histogram 234 22'
- '#histogram 235 11'
- '#histogram 236 23'
- '#histogram 237 21'
- '#histogram 238 17'
- '#histogram 239 13'
- '#histogram 240 22'
- '#histogram 241 21'
- '#histogram 242 15'
- '#histogram 243 21'
- '#histogram 244 14'
- '#histogram 245 16'
- '#histogram 246 17'
- '#histogram 247 14'
- '#histogram 248 5'
- '#histogram 249 17'
- '#histogram 250 16'
- '#histogram 251 14'
- '#histogram 252 12'
- '#histogram 253 16'
- '#histogram 254 19'
- '#histogram 255 10'
- '#histogram 256 8'
- '#histogram 257 15'
- '#histogram 258 17'
- '#histogram 259 10'
- '#histogram 260 14'
- '#histogram 261 11'
- '#histogram 262 12'
- '#histogram 263 7'
- '#histogram 264 10'
- '#histogram 265 10'
- '#histogram 266 14'
- '#histogram 267 15'
- '#histogram 268 12'
- '#histogram 269 6'
- '#histogram 270 11'
- '#histogram 271 12'
- '#histogram 272 11'
- '#histogram 273 15'
- '#histogram 274 6'
- '#histogram 275 11'
- '#histogram 276 20'
- '#histogram 277 12'
- '#histogram 278 12'
- '#histogram 279 14'
- '#histogram 280 3'
- '#histogram 281 11'
- '#histogram 282 7'
- '#histogram 283 3'
- '#histogram 284 3'
- '#histogram 285 3'
- '#histogram 286 10'
- '#histogram 287 8'
- '#histogram 288 3'
- '#histogram 289 3'
- '#histogram 290 14'
- '#histogram 291 5'
- '#histogram 292 4'
- '#histogram 293 3'
- '#histogram 294 6'
- '#histogram 295 8'
- '#histogram 296 3'
- '#histogram 297 2'
- '#histogram 298 5'
- '#histogram 299 6'
- '#histogram 300 7'
- '#histogram 301 5'
- '#histogram 302 4'
- '#histogram 303 5'
- '#histogram 304 5'
- '#histogram 305 5'
- '#histogram 306 3'
- '#histogram 307 2'
- '#histogram 308 1'
- '#histogram 309 5'
- '#histogram 310 1'
- '#histogram 311 2'
- '#histogram 312 5'
- '#histogram 313 6'
- '#histogram 314 5'
- '#histogram 315 5'
- '#histogram 316 1'
- '#histogram 317 3'
- '#histogram 318 2'
- '#histogram 319 3'
- '#histogram 320 5'
- '#histogram 321 5'
- '#histogram 322 2'
- '#histogram 324 3'
- '#histogram 325 3'
- '#histogram 326 2'
- '#histogram 327 6'
- '#histogram 328 4'
- '#histogram 329 3'
- '#histogram 330 2'
- '#histogram 331 2'
- '#histogram 332 3'
- '#histogram 333 2'
- '#histogram 334 1'
- '#histogram 335 1'
- '#histogram 337 4'
- '#histogram 338 1'
- '#histogram 339 4'
- '#histogram 340 1'
- '#histogram 341 3'
- '#histogram 343 1'
- '#histogram 344 5'
- '#histogram 345 1'
- '#histogram 348 1'
- '#histogram 349 3'
- '#histogram 350 1'
- '#histogram 351 4'
- '#histogram 352 1'
- '#histogram 353 1'
- '#histogram 354 1'
- '#histogram 355 2'
- '#histogram 356 3'
- '#histogram 357 4'
- '#histogram 358 1'
- '#histogram 359 2'
- '#histogram 360 2'
- '#histogram 361 2'
- '#histogram 362 1'
- '#histogram 363 2'
- '#histogram 364 2'
- '#histogram 365 3'
- '#histogram 366 1'
- '#histogram 368 1'
- '#histogram 369 2'
- '#histogram 370 1'
- '#histogram 371 1'
- '#histogram 373 3'
- '#histogram 376 1'
- '#histogram 378 4'
- '#histogram 379 1'
- '#histogram 380 2'
- '#histogram 382 1'
- '#histogram 383 1'
- '#histogram 385 1'
- '#histogram 386 1'
- '#histogram 388 1'
- '#histogram 391 4'
- '#histogram 392 3'
- '#histogram 393 1'
- '#histogram 394 1'
- '#histogram 395 2'
- '#histogram 397 1'
- '#histogram 398 1'
- '#histogram 401 1'
- '#histogram 405 2'
- '#histogram 410 1'
- '#histogram 412 1'
- '#histogram 413 1'
- '#histogram 418 1'
- '#histogram 424 1'
- '#histogram 439 1'
- '#histogram 4999 15'
- ''
