code: 0
data:
  avg_latency: 0.157718
  histogram:
  - - 0
    - 0
  - - 1
    - 20
  - - 2
    - 81
  - - 3
    - 126
  - - 4
    - 152
  - - 5
    - 157
  - - 6
    - 168
  - - 7
    - 178
  - - 8
    - 186
  - - 9
    - 175
  - - 10
    - 180
  - - 11
    - 211
  - - 12
    - 195
  - - 13
    - 186
  - - 14
    - 207
  - - 15
    - 234
  - - 16
    - 203
  - - 17
    - 249
  - - 18
    - 207
  - - 19
    - 260
  - - 20
    - 236
  - - 21
    - 262
  - - 22
    - 275
  - - 23
    - 279
  - - 24
    - 271
  - - 25
    - 273
  - - 26
    - 315
  - - 27
    - 298
  - - 28
    - 344
  - - 29
    - 343
  - - 30
    - 340
  - - 31
    - 335
  - - 32
    - 368
  - - 33
    - 345
  - - 34
    - 356
  - - 35
    - 361
  - - 36
    - 398
  - - 37
    - 383
  - - 38
    - 398
  - - 39
    - 429
  - - 40
    - 384
  - - 41
    - 414
  - - 42
    - 469
  - - 43
    - 488
  - - 44
    - 462
  - - 45
    - 491
  - - 46
    - 442
  - - 47
    - 460
  - - 48
    - 498
  - - 49
    - 506
  - - 50
    - 503
  - - 51
    - 538
  - - 52
    - 535
  - - 53
    - 507
  - - 54
    - 570
  - - 55
    - 526
  - - 56
    - 520
  - - 57
    - 548
  - - 58
    - 560
  - - 59
    - 487
  - - 60
    - 536
  - - 61
    - 544
  - - 62
    - 559
  - - 63
    - 546
  - - 64
    - 559
  - - 65
    - 560
  - - 66
    - 602
  - - 67
    - 528
  - - 68
    - 557
  - - 69
    - 584
  - - 70
    - 572
  - - 71
    - 548
  - - 72
    - 582
  - - 73
    - 537
  - - 74
    - 583
  - - 75
    - 577
  - - 76
    - 543
  - - 77
    - 576
  - - 78
    - 566
  - - 79
    - 530
  - - 80
    - 514
  - - 81
    - 586
  - - 82
    - 528
  - - 83
    - 528
  - - 84
    - 570
  - - 85
    - 503
  - - 86
    - 499
  - - 87
    - 486
  - - 88
    - 499
  - - 89
    - 543
  - - 90
    - 484
  - - 91
    - 518
  - - 92
    - 543
  - - 93
    - 482
  - - 94
    - 501
  - - 95
    - 489
  - - 96
    - 464
  - - 97
    - 479
  - - 98
    - 494
  - - 99
    - 494
  - - 100
    - 522
  - - 101
    - 469
  - - 102
    - 472
  - - 103
    - 473
  - - 104
    - 410
  - - 105
    - 500
  - - 106
    - 418
  - - 107
    - 433
  - - 108
    - 411
  - - 109
    - 392
  - - 110
    - 421
  - - 111
    - 421
  - - 112
    - 378
  - - 113
    - 402
  - - 114
    - 374
  - - 115
    - 390
  - - 116
    - 369
  - - 117
    - 383
  - - 118
    - 373
  - - 119
    - 364
  - - 120
    - 370
  - - 121
    - 351
  - - 122
    - 306
  - - 123
    - 336
  - - 124
    - 350
  - - 125
    - 316
  - - 126
    - 343
  - - 127
    - 344
  - - 128
    - 270
  - - 129
    - 315
  - - 130
    - 321
  - - 131
    - 283
  - - 132
    - 291
  - - 133
    - 308
  - - 134
    - 304
  - - 135
    - 311
  - - 136
    - 283
  - - 137
    - 274
  - - 138
    - 253
  - - 139
    - 252
  - - 140
    - 266
  - - 141
    - 263
  - - 142
    - 270
  - - 143
    - 245
  - - 144
    - 251
  - - 145
    - 241
  - - 146
    - 273
  - - 147
    - 236
  - - 148
    - 196
  - - 149
    - 215
  - - 150
    - 236
  - - 151
    - 209
  - - 152
    - 205
  - - 153
    - 200
  - - 154
    - 202
  - - 155
    - 190
  - - 156
    - 201
  - - 157
    - 182
  - - 158
    - 177
  - - 159
    - 164
  - - 160
    - 176
  - - 161
    - 182
  - - 162
    - 174
  - - 163
    - 172
  - - 164
    - 187
  - - 165
    - 165
  - - 166
    - 165
  - - 167
    - 182
  - - 168
    - 155
  - - 169
    - 151
  - - 170
    - 159
  - - 171
    - 150
  - - 172
    - 137
  - - 173
    - 139
  - - 174
    - 166
  - - 175
    - 151
  - - 176
    - 133
  - - 177
    - 124
  - - 178
    - 131
  - - 179
    - 123
  - - 180
    - 124
  - - 181
    - 133
  - - 182
    - 127
  - - 183
    - 129
  - - 184
    - 129
  - - 185
    - 103
  - - 186
    - 110
  - - 187
    - 108
  - - 188
    - 117
  - - 189
    - 94
  - - 190
    - 87
  - - 191
    - 105
  - - 192
    - 115
  - - 193
    - 102
  - - 194
    - 90
  - - 195
    - 101
  - - 196
    - 79
  - - 197
    - 82
  - - 198
    - 95
  - - 199
    - 83
  - - 200
    - 84
  - - 201
    - 76
  - - 202
    - 70
  - - 203
    - 87
  - - 204
    - 74
  - - 205
    - 72
  - - 206
    - 63
  - - 207
    - 66
  - - 208
    - 80
  - - 209
    - 88
  - - 210
    - 75
  - - 211
    - 60
  - - 212
    - 65
  - - 213
    - 65
  - - 214
    - 62
  - - 215
    - 64
  - - 216
    - 73
  - - 217
    - 81
  - - 218
    - 47
  - - 219
    - 56
  - - 220
    - 43
  - - 221
    - 57
  - - 222
    - 51
  - - 223
    - 64
  - - 224
    - 46
  - - 225
    - 53
  - - 226
    - 53
  - - 227
    - 40
  - - 228
    - 41
  - - 229
    - 46
  - - 230
    - 41
  - - 231
    - 54
  - - 232
    - 47
  - - 233
    - 46
  - - 234
    - 34
  - - 235
    - 36
  - - 236
    - 38
  - - 237
    - 47
  - - 238
    - 37
  - - 239
    - 42
  - - 240
    - 36
  - - 241
    - 39
  - - 242
    - 41
  - - 243
    - 36
  - - 244
    - 31
  - - 245
    - 32
  - - 246
    - 35
  - - 247
    - 30
  - - 248
    - 33
  - - 249
    - 25
  - - 250
    - 38
  - - 251
    - 33
  - - 252
    - 26
  - - 253
    - 30
  - - 254
    - 25
  - - 255
    - 21
  - - 256
    - 18
  - - 257
    - 28
  - - 258
    - 33
  - - 259
    - 22
  - - 260
    - 24
  - - 261
    - 35
  - - 262
    - 25
  - - 263
    - 25
  - - 264
    - 21
  - - 265
    - 28
  - - 266
    - 28
  - - 267
    - 19
  - - 268
    - 27
  - - 269
    - 19
  - - 270
    - 17
  - - 271
    - 23
  - - 272
    - 17
  - - 273
    - 21
  - - 274
    - 22
  - - 275
    - 19
  - - 276
    - 21
  - - 277
    - 20
  - - 278
    - 22
  - - 279
    - 19
  - - 280
    - 18
  - - 281
    - 19
  - - 282
    - 20
  - - 283
    - 26
  - - 284
    - 21
  - - 285
    - 14
  - - 286
    - 15
  - - 287
    - 21
  - - 288
    - 14
  - - 289
    - 16
  - - 290
    - 16
  - - 291
    - 14
  - - 292
    - 26
  - - 293
    - 19
  - - 294
    - 12
  - - 295
    - 11
  - - 296
    - 13
  - - 297
    - 17
  - - 298
    - 16
  - - 299
    - 10
  - - 300
    - 9
  - - 301
    - 23
  - - 302
    - 20
  - - 303
    - 15
  - - 304
    - 12
  - - 305
    - 13
  - - 306
    - 19
  - - 307
    - 11
  - - 308
    - 15
  - - 309
    - 13
  - - 310
    - 15
  - - 311
    - 15
  - - 312
    - 13
  - - 313
    - 9
  - - 314
    - 19
  - - 315
    - 14
  - - 316
    - 14
  - - 317
    - 14
  - - 318
    - 15
  - - 319
    - 14
  - - 320
    - 11
  - - 321
    - 7
  - - 322
    - 14
  - - 323
    - 9
  - - 324
    - 13
  - - 325
    - 5
  - - 326
    - 11
  - - 327
    - 7
  - - 328
    - 12
  - - 329
    - 9
  - - 330
    - 4
  - - 331
    - 11
  - - 332
    - 6
  - - 333
    - 8
  - - 334
    - 9
  - - 335
    - 11
  - - 336
    - 9
  - - 337
    - 17
  - - 338
    - 13
  - - 339
    - 14
  - - 340
    - 4
  - - 341
    - 4
  - - 342
    - 13
  - - 343
    - 7
  - - 344
    - 10
  - - 345
    - 11
  - - 346
    - 6
  - - 347
    - 6
  - - 348
    - 10
  - - 349
    - 8
  - - 350
    - 9
  - - 351
    - 12
  - - 352
    - 13
  - - 353
    - 8
  - - 354
    - 10
  - - 355
    - 11
  - - 356
    - 7
  - - 357
    - 14
  - - 358
    - 7
  - - 359
    - 10
  - - 360
    - 7
  - - 361
    - 8
  - - 362
    - 4
  - - 363
    - 9
  - - 364
    - 9
  - - 365
    - 13
  - - 366
    - 4
  - - 367
    - 9
  - - 368
    - 10
  - - 369
    - 11
  - - 370
    - 7
  - - 371
    - 7
  - - 372
    - 6
  - - 373
    - 10
  - - 374
    - 12
  - - 375
    - 7
  - - 376
    - 13
  - - 377
    - 11
  - - 378
    - 5
  - - 379
    - 6
  - - 380
    - 5
  - - 381
    - 12
  - - 382
    - 12
  - - 383
    - 10
  - - 384
    - 5
  - - 385
    - 6
  - - 386
    - 6
  - - 387
    - 12
  - - 388
    - 6
  - - 389
    - 9
  - - 390
    - 9
  - - 391
    - 6
  - - 392
    - 10
  - - 393
    - 11
  - - 394
    - 7
  - - 395
    - 12
  - - 396
    - 7
  - - 397
    - 6
  - - 398
    - 6
  - - 399
    - 4
  - - 400
    - 4
  - - 401
    - 10
  - - 402
    - 8
  - - 403
    - 5
  - - 404
    - 11
  - - 405
    - 5
  - - 406
    - 7
  - - 407
    - 8
  - - 408
    - 5
  - - 409
    - 8
  - - 410
    - 9
  - - 411
    - 8
  - - 412
    - 7
  - - 413
    - 16
  - - 414
    - 4
  - - 415
    - 6
  - - 416
    - 12
  - - 417
    - 12
  - - 418
    - 7
  - - 419
    - 4
  - - 420
    - 6
  - - 421
    - 2
  - - 422
    - 5
  - - 423
    - 9
  - - 424
    - 9
  - - 425
    - 12
  - - 426
    - 10
  - - 427
    - 9
  - - 428
    - 2
  - - 429
    - 7
  - - 430
    - 8
  - - 431
    - 6
  - - 432
    - 8
  - - 433
    - 5
  - - 434
    - 9
  - - 435
    - 6
  - - 436
    - 9
  - - 437
    - 6
  - - 438
    - 12
  - - 439
    - 4
  - - 440
    - 9
  - - 441
    - 10
  - - 442
    - 5
  - - 443
    - 3
  - - 444
    - 6
  - - 445
    - 8
  - - 446
    - 10
  - - 447
    - 9
  - - 448
    - 5
  - - 449
    - 7
  - - 450
    - 8
  - - 451
    - 4
  - - 452
    - 6
  - - 453
    - 17
  - - 454
    - 7
  - - 455
    - 7
  - - 456
    - 5
  - - 457
    - 2
  - - 458
    - 7
  - - 459
    - 2
  - - 460
    - 8
  - - 461
    - 14
  - - 462
    - 5
  - - 463
    - 10
  - - 464
    - 10
  - - 465
    - 10
  - - 466
    - 2
  - - 467
    - 11
  - - 468
    - 4
  - - 469
    - 7
  - - 470
    - 9
  - - 471
    - 9
  - - 472
    - 5
  - - 473
    - 4
  - - 474
    - 7
  - - 475
    - 10
  - - 476
    - 9
  - - 477
    - 2
  - - 478
    - 4
  - - 479
    - 9
  - - 480
    - 9
  - - 481
    - 5
  - - 482
    - 5
  - - 483
    - 13
  - - 484
    - 9
  - - 485
    - 4
  - - 486
    - 9
  - - 487
    - 6
  - - 488
    - 7
  - - 489
    - 5
  - - 490
    - 15
  - - 491
    - 7
  - - 492
    - 6
  - - 493
    - 6
  - - 494
    - 8
  - - 495
    - 5
  - - 496
    - 8
  - - 497
    - 6
  - - 498
    - 5
  - - 499
    - 8
  - - 500
    - 9
  - - 501
    - 8
  - - 502
    - 12
  - - 503
    - 12
  - - 504
    - 1
  - - 505
    - 11
  - - 506
    - 4
  - - 507
    - 9
  - - 508
    - 9
  - - 509
    - 7
  - - 510
    - 7
  - - 511
    - 10
  - - 512
    - 4
  - - 513
    - 7
  - - 514
    - 5
  - - 515
    - 11
  - - 516
    - 14
  - - 517
    - 6
  - - 518
    - 6
  - - 519
    - 9
  - - 520
    - 9
  - - 521
    - 6
  - - 522
    - 8
  - - 523
    - 3
  - - 524
    - 7
  - - 525
    - 11
  - - 526
    - 5
  - - 527
    - 7
  - - 528
    - 8
  - - 529
    - 6
  - - 530
    - 9
  - - 531
    - 6
  - - 532
    - 3
  - - 533
    - 7
  - - 534
    - 16
  - - 535
    - 4
  - - 536
    - 11
  - - 537
    - 8
  - - 538
    - 5
  - - 539
    - 3
  - - 540
    - 7
  - - 541
    - 4
  - - 542
    - 5
  - - 543
    - 5
  - - 544
    - 9
  - - 545
    - 6
  - - 546
    - 5
  - - 547
    - 13
  - - 548
    - 5
  - - 549
    - 3
  - - 550
    - 8
  - - 551
    - 7
  - - 552
    - 6
  - - 553
    - 3
  - - 554
    - 5
  - - 555
    - 3
  - - 556
    - 4
  - - 557
    - 2
  - - 558
    - 1
  - - 559
    - 7
  - - 560
    - 4
  - - 561
    - 4
  - - 562
    - 7
  - - 563
    - 7
  - - 564
    - 7
  - - 565
    - 4
  - - 566
    - 3
  - - 567
    - 6
  - - 568
    - 4
  - - 569
    - 9
  - - 570
    - 3
  - - 571
    - 5
  - - 572
    - 4
  - - 573
    - 4
  - - 574
    - 7
  - - 575
    - 4
  - - 576
    - 1
  - - 577
    - 8
  - - 578
    - 5
  - - 579
    - 7
  - - 580
    - 5
  - - 581
    - 7
  - - 582
    - 2
  - - 583
    - 7
  - - 584
    - 16
  - - 585
    - 5
  - - 586
    - 9
  - - 587
    - 4
  - - 588
    - 5
  - - 589
    - 5
  - - 590
    - 8
  - - 591
    - 11
  - - 592
    - 8
  - - 593
    - 9
  - - 594
    - 4
  - - 595
    - 9
  - - 596
    - 6
  - - 597
    - 6
  - - 598
    - 4
  - - 599
    - 9
  - - 600
    - 7
  - - 601
    - 5
  - - 602
    - 5
  - - 603
    - 4
  - - 604
    - 8
  - - 605
    - 4
  - - 606
    - 4
  - - 607
    - 7
  - - 608
    - 6
  - - 609
    - 6
  - - 610
    - 8
  - - 611
    - 6
  - - 612
    - 9
  - - 613
    - 6
  - - 614
    - 5
  - - 615
    - 2
  - - 616
    - 6
  - - 617
    - 4
  - - 618
    - 5
  - - 619
    - 4
  - - 620
    - 2
  - - 621
    - 3
  - - 622
    - 4
  - - 623
    - 4
  - - 624
    - 8
  - - 625
    - 8
  - - 626
    - 8
  - - 627
    - 4
  - - 628
    - 1
  - - 629
    - 10
  - - 630
    - 3
  - - 631
    - 5
  - - 632
    - 6
  - - 633
    - 6
  - - 634
    - 7
  - - 635
    - 6
  - - 637
    - 3
  - - 638
    - 6
  - - 639
    - 5
  - - 640
    - 6
  - - 641
    - 5
  - - 642
    - 10
  - - 643
    - 5
  - - 644
    - 6
  - - 645
    - 10
  - - 646
    - 7
  - - 647
    - 9
  - - 648
    - 10
  - - 649
    - 6
  - - 650
    - 7
  - - 651
    - 9
  - - 652
    - 7
  - - 653
    - 6
  - - 654
    - 5
  - - 655
    - 6
  - - 656
    - 13
  - - 657
    - 5
  - - 658
    - 6
  - - 659
    - 13
  - - 660
    - 7
  - - 662
    - 5
  - - 663
    - 1
  - - 664
    - 8
  - - 665
    - 7
  - - 666
    - 5
  - - 667
    - 7
  - - 668
    - 3
  - - 669
    - 9
  - - 670
    - 6
  - - 671
    - 10
  - - 672
    - 5
  - - 673
    - 5
  - - 674
    - 3
  - - 675
    - 7
  - - 676
    - 9
  - - 677
    - 4
  - - 678
    - 7
  - - 679
    - 3
  - - 680
    - 4
  - - 681
    - 6
  - - 682
    - 2
  - - 683
    - 5
  - - 684
    - 6
  - - 685
    - 5
  - - 686
    - 7
  - - 687
    - 8
  - - 688
    - 3
  - - 689
    - 8
  - - 690
    - 3
  - - 691
    - 8
  - - 692
    - 6
  - - 693
    - 9
  - - 694
    - 9
  - - 695
    - 4
  - - 696
    - 10
  - - 697
    - 9
  - - 698
    - 5
  - - 699
    - 7
  - - 700
    - 7
  - - 701
    - 9
  - - 702
    - 5
  - - 703
    - 8
  - - 704
    - 4
  - - 705
    - 9
  - - 706
    - 5
  - - 707
    - 6
  - - 708
    - 10
  - - 709
    - 15
  - - 710
    - 5
  - - 711
    - 6
  - - 712
    - 5
  - - 713
    - 10
  - - 714
    - 6
  - - 715
    - 5
  - - 716
    - 6
  - - 717
    - 5
  - - 718
    - 7
  - - 719
    - 11
  - - 720
    - 11
  - - 721
    - 6
  - - 722
    - 5
  - - 723
    - 9
  - - 724
    - 6
  - - 725
    - 9
  - - 726
    - 10
  - - 727
    - 10
  - - 728
    - 11
  - - 729
    - 10
  - - 730
    - 11
  - - 731
    - 4
  - - 732
    - 9
  - - 733
    - 7
  - - 734
    - 9
  - - 735
    - 6
  - - 736
    - 8
  - - 737
    - 5
  - - 738
    - 8
  - - 739
    - 8
  - - 740
    - 7
  - - 741
    - 11
  - - 742
    - 9
  - - 743
    - 9
  - - 744
    - 6
  - - 745
    - 5
  - - 746
    - 4
  - - 747
    - 10
  - - 748
    - 5
  - - 749
    - 9
  - - 750
    - 5
  - - 751
    - 11
  - - 752
    - 5
  - - 753
    - 7
  - - 754
    - 6
  - - 755
    - 7
  - - 756
    - 6
  - - 757
    - 7
  - - 758
    - 10
  - - 759
    - 6
  - - 760
    - 7
  - - 761
    - 6
  - - 762
    - 5
  - - 763
    - 4
  - - 764
    - 12
  - - 765
    - 3
  - - 766
    - 9
  - - 767
    - 11
  - - 768
    - 7
  - - 769
    - 6
  - - 770
    - 6
  - - 771
    - 5
  - - 772
    - 7
  - - 773
    - 7
  - - 774
    - 4
  - - 775
    - 8
  - - 776
    - 8
  - - 777
    - 14
  - - 778
    - 12
  - - 779
    - 11
  - - 780
    - 7
  - - 781
    - 9
  - - 782
    - 8
  - - 783
    - 10
  - - 784
    - 9
  - - 785
    - 7
  - - 786
    - 8
  - - 787
    - 10
  - - 788
    - 7
  - - 789
    - 15
  - - 790
    - 19
  - - 791
    - 5
  - - 792
    - 5
  - - 793
    - 9
  - - 794
    - 12
  - - 795
    - 11
  - - 796
    - 8
  - - 797
    - 5
  - - 798
    - 8
  - - 799
    - 10
  - - 800
    - 9
  - - 801
    - 9
  - - 802
    - 7
  - - 803
    - 8
  - - 804
    - 12
  - - 805
    - 8
  - - 806
    - 4
  - - 807
    - 6
  - - 808
    - 4
  - - 809
    - 7
  - - 810
    - 4
  - - 811
    - 4
  - - 812
    - 8
  - - 813
    - 9
  - - 814
    - 15
  - - 815
    - 6
  - - 816
    - 14
  - - 817
    - 10
  - - 818
    - 13
  - - 819
    - 10
  - - 820
    - 12
  - - 821
    - 4
  - - 822
    - 9
  - - 823
    - 5
  - - 824
    - 9
  - - 825
    - 9
  - - 826
    - 10
  - - 827
    - 7
  - - 828
    - 3
  - - 829
    - 8
  - - 830
    - 9
  - - 831
    - 5
  - - 832
    - 7
  - - 833
    - 7
  - - 834
    - 10
  - - 835
    - 12
  - - 836
    - 6
  - - 837
    - 10
  - - 838
    - 9
  - - 839
    - 11
  - - 840
    - 13
  - - 841
    - 11
  - - 842
    - 6
  - - 843
    - 8
  - - 844
    - 4
  - - 845
    - 5
  - - 846
    - 8
  - - 847
    - 4
  - - 848
    - 5
  - - 849
    - 7
  - - 850
    - 7
  - - 851
    - 14
  - - 852
    - 7
  - - 853
    - 5
  - - 854
    - 5
  - - 855
    - 8
  - - 856
    - 11
  - - 857
    - 10
  - - 858
    - 9
  - - 859
    - 9
  - - 860
    - 7
  - - 861
    - 13
  - - 862
    - 12
  - - 863
    - 6
  - - 864
    - 11
  - - 865
    - 8
  - - 866
    - 13
  - - 867
    - 9
  - - 868
    - 4
  - - 869
    - 11
  - - 870
    - 7
  - - 871
    - 6
  - - 872
    - 13
  - - 873
    - 3
  - - 874
    - 10
  - - 875
    - 12
  - - 876
    - 10
  - - 877
    - 11
  - - 878
    - 8
  - - 879
    - 10
  - - 880
    - 9
  - - 881
    - 14
  - - 882
    - 13
  - - 883
    - 7
  - - 884
    - 5
  - - 885
    - 11
  - - 886
    - 9
  - - 887
    - 12
  - - 888
    - 5
  - - 889
    - 14
  - - 890
    - 7
  - - 891
    - 9
  - - 892
    - 7
  - - 893
    - 11
  - - 894
    - 4
  - - 895
    - 9
  - - 896
    - 6
  - - 897
    - 5
  - - 898
    - 9
  - - 899
    - 13
  - - 900
    - 14
  - - 901
    - 6
  - - 902
    - 5
  - - 903
    - 7
  - - 904
    - 10
  - - 905
    - 9
  - - 906
    - 16
  - - 907
    - 10
  - - 908
    - 7
  - - 909
    - 7
  - - 910
    - 10
  - - 911
    - 8
  - - 912
    - 10
  - - 913
    - 12
  - - 914
    - 10
  - - 915
    - 7
  - - 916
    - 11
  - - 917
    - 7
  - - 918
    - 14
  - - 919
    - 17
  - - 920
    - 5
  - - 921
    - 3
  - - 922
    - 6
  - - 923
    - 12
  - - 924
    - 8
  - - 925
    - 3
  - - 926
    - 7
  - - 927
    - 12
  - - 928
    - 5
  - - 929
    - 4
  - - 930
    - 13
  - - 931
    - 7
  - - 932
    - 9
  - - 933
    - 9
  - - 934
    - 10
  - - 935
    - 10
  - - 936
    - 13
  - - 937
    - 13
  - - 938
    - 6
  - - 939
    - 14
  - - 940
    - 12
  - - 941
    - 10
  - - 942
    - 14
  - - 943
    - 10
  - - 944
    - 12
  - - 945
    - 8
  - - 946
    - 14
  - - 947
    - 6
  - - 948
    - 9
  - - 949
    - 13
  - - 950
    - 11
  - - 951
    - 11
  - - 952
    - 13
  - - 953
    - 4
  - - 954
    - 5
  - - 955
    - 5
  - - 956
    - 5
  - - 957
    - 7
  - - 958
    - 8
  - - 959
    - 11
  - - 960
    - 8
  - - 961
    - 7
  - - 962
    - 16
  - - 963
    - 2
  - - 964
    - 13
  - - 965
    - 13
  - - 966
    - 14
  - - 967
    - 5
  - - 968
    - 10
  - - 969
    - 7
  - - 970
    - 6
  - - 971
    - 6
  - - 972
    - 7
  - - 973
    - 9
  - - 974
    - 7
  - - 975
    - 11
  - - 976
    - 5
  - - 977
    - 7
  - - 978
    - 12
  - - 979
    - 10
  - - 980
    - 11
  - - 981
    - 12
  - - 982
    - 12
  - - 983
    - 10
  - - 984
    - 10
  - - 985
    - 10
  - - 986
    - 10
  - - 987
    - 9
  - - 988
    - 18
  - - 989
    - 10
  - - 990
    - 12
  - - 991
    - 7
  - - 992
    - 5
  - - 993
    - 8
  - - 994
    - 7
  - - 995
    - 8
  - - 996
    - 15
  - - 997
    - 13
  - - 998
    - 9
  - - 999
    - 8
  - - 1000
    - 13
  - - 1001
    - 11
  - - 1002
    - 13
  - - 1003
    - 1
  - - 1004
    - 7
  - - 1005
    - 8
  - - 1006
    - 7
  - - 1007
    - 6
  - - 1008
    - 12
  - - 1009
    - 16
  - - 1010
    - 12
  - - 1011
    - 6
  - - 1012
    - 14
  - - 1013
    - 14
  - - 1014
    - 8
  - - 1015
    - 7
  - - 1016
    - 6
  - - 1017
    - 8
  - - 1018
    - 11
  - - 1019
    - 9
  - - 1020
    - 7
  - - 1021
    - 9
  - - 1022
    - 7
  - - 1023
    - 11
  - - 1024
    - 5
  - - 1025
    - 15
  - - 1026
    - 8
  - - 1027
    - 7
  - - 1028
    - 5
  - - 1029
    - 13
  - - 1030
    - 9
  - - 1031
    - 7
  - - 1032
    - 6
  - - 1033
    - 6
  - - 1034
    - 5
  - - 1035
    - 8
  - - 1036
    - 7
  - - 1037
    - 8
  - - 1038
    - 7
  - - 1039
    - 5
  - - 1040
    - 7
  - - 1041
    - 6
  - - 1042
    - 6
  - - 1043
    - 4
  - - 1044
    - 5
  - - 1045
    - 3
  - - 1046
    - 11
  - - 1047
    - 17
  - - 1048
    - 4
  - - 1049
    - 12
  - - 1050
    - 7
  - - 1051
    - 11
  - - 1052
    - 8
  - - 1053
    - 12
  - - 1054
    - 12
  - - 1055
    - 10
  - - 1056
    - 10
  - - 1057
    - 11
  - - 1058
    - 5
  - - 1059
    - 2
  - - 1060
    - 11
  - - 1061
    - 12
  - - 1062
    - 7
  - - 1063
    - 8
  - - 1064
    - 5
  - - 1065
    - 7
  - - 1066
    - 6
  - - 1067
    - 11
  - - 1068
    - 6
  - - 1069
    - 9
  - - 1070
    - 4
  - - 1071
    - 5
  - - 1072
    - 9
  - - 1073
    - 8
  - - 1074
    - 7
  - - 1075
    - 2
  - - 1076
    - 7
  - - 1077
    - 11
  - - 1078
    - 9
  - - 1079
    - 6
  - - 1080
    - 8
  - - 1081
    - 5
  - - 1082
    - 7
  - - 1083
    - 4
  - - 1084
    - 5
  - - 1085
    - 5
  - - 1086
    - 7
  - - 1087
    - 6
  - - 1088
    - 4
  - - 1089
    - 4
  - - 1090
    - 7
  - - 1091
    - 4
  - - 1092
    - 8
  - - 1093
    - 4
  - - 1094
    - 8
  - - 1095
    - 11
  - - 1096
    - 5
  - - 1097
    - 8
  - - 1098
    - 5
  - - 1099
    - 7
  - - 1100
    - 10
  - - 1101
    - 3
  - - 1102
    - 12
  - - 1103
    - 8
  - - 1104
    - 6
  - - 1105
    - 3
  - - 1106
    - 3
  - - 1107
    - 4
  - - 1108
    - 3
  - - 1109
    - 7
  - - 1110
    - 4
  - - 1111
    - 3
  - - 1112
    - 3
  - - 1113
    - 4
  - - 1114
    - 10
  - - 1115
    - 3
  - - 1116
    - 6
  - - 1117
    - 1
  - - 1118
    - 2
  - - 1119
    - 5
  - - 1120
    - 6
  - - 1121
    - 7
  - - 1122
    - 6
  - - 1123
    - 5
  - - 1124
    - 4
  - - 1125
    - 2
  - - 1126
    - 7
  - - 1127
    - 9
  - - 1128
    - 4
  - - 1129
    - 14
  - - 1130
    - 2
  - - 1131
    - 3
  - - 1132
    - 5
  - - 1133
    - 5
  - - 1134
    - 5
  - - 1135
    - 3
  - - 1136
    - 5
  - - 1137
    - 6
  - - 1138
    - 4
  - - 1139
    - 4
  - - 1140
    - 6
  - - 1141
    - 2
  - - 1142
    - 3
  - - 1143
    - 5
  - - 1144
    - 3
  - - 1145
    - 8
  - - 1146
    - 2
  - - 1147
    - 2
  - - 1148
    - 6
  - - 1149
    - 4
  - - 1150
    - 10
  - - 1151
    - 3
  - - 1152
    - 4
  - - 1153
    - 3
  - - 1154
    - 2
  - - 1155
    - 2
  - - 1156
    - 4
  - - 1157
    - 3
  - - 1158
    - 6
  - - 1159
    - 2
  - - 1160
    - 3
  - - 1161
    - 4
  - - 1162
    - 2
  - - 1163
    - 3
  - - 1164
    - 2
  - - 1165
    - 4
  - - 1166
    - 6
  - - 1167
    - 2
  - - 1168
    - 5
  - - 1169
    - 6
  - - 1170
    - 3
  - - 1171
    - 7
  - - 1172
    - 4
  - - 1173
    - 3
  - - 1174
    - 1
  - - 1175
    - 5
  - - 1176
    - 6
  - - 1177
    - 2
  - - 1178
    - 3
  - - 1179
    - 3
  - - 1180
    - 1
  - - 1181
    - 3
  - - 1182
    - 2
  - - 1183
    - 3
  - - 1184
    - 5
  - - 1185
    - 3
  - - 1186
    - 1
  - - 1187
    - 3
  - - 1188
    - 1
  - - 1189
    - 7
  - - 1190
    - 1
  - - 1191
    - 2
  - - 1192
    - 2
  - - 1193
    - 2
  - - 1194
    - 1
  - - 1196
    - 3
  - - 1197
    - 3
  - - 1198
    - 3
  - - 1199
    - 2
  - - 1200
    - 3
  - - 1201
    - 3
  - - 1202
    - 2
  - - 1203
    - 2
  - - 1204
    - 3
  - - 1205
    - 3
  - - 1206
    - 4
  - - 1207
    - 1
  - - 1208
    - 4
  - - 1209
    - 3
  - - 1210
    - 2
  - - 1211
    - 1
  - - 1212
    - 1
  - - 1213
    - 2
  - - 1214
    - 4
  - - 1215
    - 4
  - - 1216
    - 1
  - - 1217
    - 4
  - - 1218
    - 1
  - - 1219
    - 2
  - - 1220
    - 2
  - - 1221
    - 2
  - - 1223
    - 4
  - - 1224
    - 1
  - - 1225
    - 2
  - - 1226
    - 3
  - - 1227
    - 1
  - - 1228
    - 2
  - - 1229
    - 3
  - - 1230
    - 3
  - - 1231
    - 2
  - - 1232
    - 1
  - - 1233
    - 2
  - - 1234
    - 1
  - - 1235
    - 1
  - - 1236
    - 6
  - - 1237
    - 1
  - - 1238
    - 3
  - - 1239
    - 2
  - - 1240
    - 2
  - - 1241
    - 2
  - - 1242
    - 1
  - - 1243
    - 2
  - - 1244
    - 4
  - - 1245
    - 3
  - - 1246
    - 1
  - - 1247
    - 5
  - - 1248
    - 1
  - - 1249
    - 1
  - - 1250
    - 1
  - - 1253
    - 1
  - - 1256
    - 2
  - - 1257
    - 3
  - - 1258
    - 1
  - - 1259
    - 2
  - - 1260
    - 3
  - - 1261
    - 3
  - - 1262
    - 1
  - - 1263
    - 3
  - - 1264
    - 3
  - - 1265
    - 1
  - - 1266
    - 1
  - - 1267
    - 3
  - - 1268
    - 2
  - - 1269
    - 2
  - - 1272
    - 2
  - - 1273
    - 2
  - - 1274
    - 4
  - - 1275
    - 1
  - - 1277
    - 2
  - - 1279
    - 2
  - - 1280
    - 1
  - - 1281
    - 4
  - - 1282
    - 1
  - - 1283
    - 1
  - - 1285
    - 2
  - - 1288
    - 1
  - - 1289
    - 1
  - - 1290
    - 1
  - - 1293
    - 2
  - - 1296
    - 1
  - - 1297
    - 2
  - - 1298
    - 1
  - - 1299
    - 2
  - - 1300
    - 2
  - - 1301
    - 1
  - - 1302
    - 1
  - - 1303
    - 2
  - - 1307
    - 1
  - - 1309
    - 2
  - - 1313
    - 2
  - - 1314
    - 1
  - - 1315
    - 3
  - - 1317
    - 1
  - - 1318
    - 3
  - - 1319
    - 1
  - - 1320
    - 1
  - - 1322
    - 1
  - - 1324
    - 2
  - - 1328
    - 2
  - - 1329
    - 2
  - - 1330
    - 1
  - - 1331
    - 1
  - - 1332
    - 1
  - - 1333
    - 2
  - - 1334
    - 3
  - - 1335
    - 2
  - - 1337
    - 2
  - - 1343
    - 1
  - - 1345
    - 1
  - - 1346
    - 2
  - - 1347
    - 1
  - - 1351
    - 1
  - - 1353
    - 2
  - - 1354
    - 1
  - - 1355
    - 1
  - - 1356
    - 2
  - - 1357
    - 1
  - - 1360
    - 1
  - - 1362
    - 1
  - - 1372
    - 1
  - - 1373
    - 1
  - - 1376
    - 1
  - - 1378
    - 2
  - - 1382
    - 1
  - - 1384
    - 1
  - - 1385
    - 1
  - - 1386
    - 1
  - - 1390
    - 1
  - - 1391
    - 1
  - - 1392
    - 1
  - - 1393
    - 1
  - - 1398
    - 1
  - - 1403
    - 1
  - - 1408
    - 1
  - - 1413
    - 2
  - - 1414
    - 1
  - - 1415
    - 1
  - - 1421
    - 2
  - - 1423
    - 1
  - - 1427
    - 1
  - - 1430
    - 2
  - - 1432
    - 1
  - - 1436
    - 1
  - - 1437
    - 2
  - - 1438
    - 1
  - - 1446
    - 1
  - - 1448
    - 1
  - - 1449
    - 2
  - - 1452
    - 1
  - - 1454
    - 1
  - - 1469
    - 1
  - - 1470
    - 1
  - - 1473
    - 1
  - - 1475
    - 1
  - - 1501
    - 1
  - - 1503
    - 1
  - - 1505
    - 1
  - - 1507
    - 1
  - - 1516
    - 1
  - - 1523
    - 1
  - - 1534
    - 1
  - - 1535
    - 1
  - - 1539
    - 2
  - - 1554
    - 1
  - - 1567
    - 1
  - - 1568
    - 1
  - - 1570
    - 1
  - - 1573
    - 1
  - - 1581
    - 1
  - - 1586
    - 1
  - - 1587
    - 1
  - - 1588
    - 1
  - - 1596
    - 1
  - - 1599
    - 1
  - - 1607
    - 1
  - - 1613
    - 1
  - - 1616
    - 1
  - - 1617
    - 1
  - - 1618
    - 3
  - - 1621
    - 1
  - - 1622
    - 1
  - - 1623
    - 1
  - - 1637
    - 1
  - - 1639
    - 1
  - - 1644
    - 1
  - - 1645
    - 2
  - - 1646
    - 1
  - - 1648
    - 1
  - - 1652
    - 1
  - - 1661
    - 3
  - - 1664
    - 1
  - - 1668
    - 1
  - - 1671
    - 1
  - - 1674
    - 1
  - - 1676
    - 1
  - - 1678
    - 1
  - - 1683
    - 1
  - - 1685
    - 2
  - - 1692
    - 2
  - - 1693
    - 1
  - - 1695
    - 1
  - - 1696
    - 1
  - - 1703
    - 1
  - - 1705
    - 1
  - - 1706
    - 1
  - - 1712
    - 1
  - - 1714
    - 1
  - - 1717
    - 1
  - - 1718
    - 1
  - - 1723
    - 1
  - - 1728
    - 1
  - - 1732
    - 1
  - - 1733
    - 3
  - - 1742
    - 2
  - - 1751
    - 1
  - - 1755
    - 1
  - - 1766
    - 1
  - - 1772
    - 1
  - - 1777
    - 1
  - - 1779
    - 1
  - - 1783
    - 1
  - - 1789
    - 1
  - - 1791
    - 1
  - - 1802
    - 1
  - - 1821
    - 1
  - - 1834
    - 1
  - - 1843
    - 1
  - - 1847
    - 1
  - - 1857
    - 1
  - - 1875
    - 1
  - - 1890
    - 1
  - - 1893
    - 1
  - - 1906
    - 1
  - - 2320
    - 1
  - - 2605
    - 1
  - - 2715
    - 1
  latency_50_percentile: 93.0
  latency_95_percentile: 739.0
  latency_99_5_percentile: 1192.3699999999953
  latency_99_percentile: 1101.0
  max_kubedns_cpu: 683
  max_kubedns_memory: 25
  max_latency: 2.715955
  max_perfserver_cpu: 0
  max_perfserver_memory: 0
  min_latency: 0.001291
  msg: null
  ok: true
  qps: 630.349562
  queries_completed: 76327
  queries_lost: 0
  queries_sent: 76327
  run_time: 121.086782
  stddev_latency: 0.219766
params:
  max_qps: null
  pod_name: dns-perf-client-858fb7568b-lwxvr
  query_file: all-queries.txt
  run_id: 1777612510
  run_length_seconds: 120
  run_subid: 0
stderr:
- ''
stdout:
- DNS Performance Testing Tool
- Nominum Version 2.1.0.0
- ''
- '[Status] Command line: dnsperf -s 10.0.0.10 -l 120 -d /queries/all-queries.txt'
- '[Status] Sending queries (to 10.0.0.10)'
- '[Status] Started at: Fri May  1 05:15:53 2026'
- '[Status] Stopping after 120.000000 seconds'
- '[Status] Testing complete (time limit)'
- ''
- 'Statistics:'
- ''
- '  Queries sent:         76327'
- '  Queries completed:    76327 (100.00%)'
- '  Queries lost:         0 (0.00%)'
- ''
- '  Response codes:       NOERROR 9159 (12.00%), NXDOMAIN 67168 (88.00%)'
- '  Average packet size:  request 38, response 122'
- '  Run time (s):         121.086782'
- '  Queries per second:   630.349562'
- ''
- '  Average Latency (s):  0.157718 (min 0.001291, max 2.715955)'
- '  Latency StdDev (s):   0.219766'
- ''
- '  Latency histogram'
- '#histogram 0 0'
- '#histogram 1 20'
- '#histogram 2 81'
- '#histogram 3 126'
- '#histogram 4 152'
- '#histogram 5 157'
- '#histogram 6 168'
- '#histogram 7 178'
- '#histogram 8 186'
- '#histogram 9 175'
- '#histogram 10 180'
- '#histogram 11 211'
- '#histogram 12 195'
- '#histogram 13 186'
- '#histogram 14 207'
- '#histogram 15 234'
- '#histogram 16 203'
- '#histogram 17 249'
- '#histogram 18 207'
- '#histogram 19 260'
- '#histogram 20 236'
- '#histogram 21 262'
- '#histogram 22 275'
- '#histogram 23 279'
- '#histogram 24 271'
- '#histogram 25 273'
- '#histogram 26 315'
- '#histogram 27 298'
- '#histogram 28 344'
- '#histogram 29 343'
- '#histogram 30 340'
- '#histogram 31 335'
- '#histogram 32 368'
- '#histogram 33 345'
- '#histogram 34 356'
- '#histogram 35 361'
- '#histogram 36 398'
- '#histogram 37 383'
- '#histogram 38 398'
- '#histogram 39 429'
- '#histogram 40 384'
- '#histogram 41 414'
- '#histogram 42 469'
- '#histogram 43 488'
- '#histogram 44 462'
- '#histogram 45 491'
- '#histogram 46 442'
- '#histogram 47 460'
- '#histogram 48 498'
- '#histogram 49 506'
- '#histogram 50 503'
- '#histogram 51 538'
- '#histogram 52 535'
- '#histogram 53 507'
- '#histogram 54 570'
- '#histogram 55 526'
- '#histogram 56 520'
- '#histogram 57 548'
- '#histogram 58 560'
- '#histogram 59 487'
- '#histogram 60 536'
- '#histogram 61 544'
- '#histogram 62 559'
- '#histogram 63 546'
- '#histogram 64 559'
- '#histogram 65 560'
- '#histogram 66 602'
- '#histogram 67 528'
- '#histogram 68 557'
- '#histogram 69 584'
- '#histogram 70 572'
- '#histogram 71 548'
- '#histogram 72 582'
- '#histogram 73 537'
- '#histogram 74 583'
- '#histogram 75 577'
- '#histogram 76 543'
- '#histogram 77 576'
- '#histogram 78 566'
- '#histogram 79 530'
- '#histogram 80 514'
- '#histogram 81 586'
- '#histogram 82 528'
- '#histogram 83 528'
- '#histogram 84 570'
- '#histogram 85 503'
- '#histogram 86 499'
- '#histogram 87 486'
- '#histogram 88 499'
- '#histogram 89 543'
- '#histogram 90 484'
- '#histogram 91 518'
- '#histogram 92 543'
- '#histogram 93 482'
- '#histogram 94 501'
- '#histogram 95 489'
- '#histogram 96 464'
- '#histogram 97 479'
- '#histogram 98 494'
- '#histogram 99 494'
- '#histogram 100 522'
- '#histogram 101 469'
- '#histogram 102 472'
- '#histogram 103 473'
- '#histogram 104 410'
- '#histogram 105 500'
- '#histogram 106 418'
- '#histogram 107 433'
- '#histogram 108 411'
- '#histogram 109 392'
- '#histogram 110 421'
- '#histogram 111 421'
- '#histogram 112 378'
- '#histogram 113 402'
- '#histogram 114 374'
- '#histogram 115 390'
- '#histogram 116 369'
- '#histogram 117 383'
- '#histogram 118 373'
- '#histogram 119 364'
- '#histogram 120 370'
- '#histogram 121 351'
- '#histogram 122 306'
- '#histogram 123 336'
- '#histogram 124 350'
- '#histogram 125 316'
- '#histogram 126 343'
- '#histogram 127 344'
- '#histogram 128 270'
- '#histogram 129 315'
- '#histogram 130 321'
- '#histogram 131 283'
- '#histogram 132 291'
- '#histogram 133 308'
- '#histogram 134 304'
- '#histogram 135 311'
- '#histogram 136 283'
- '#histogram 137 274'
- '#histogram 138 253'
- '#histogram 139 252'
- '#histogram 140 266'
- '#histogram 141 263'
- '#histogram 142 270'
- '#histogram 143 245'
- '#histogram 144 251'
- '#histogram 145 241'
- '#histogram 146 273'
- '#histogram 147 236'
- '#histogram 148 196'
- '#histogram 149 215'
- '#histogram 150 236'
- '#histogram 151 209'
- '#histogram 152 205'
- '#histogram 153 200'
- '#histogram 154 202'
- '#histogram 155 190'
- '#histogram 156 201'
- '#histogram 157 182'
- '#histogram 158 177'
- '#histogram 159 164'
- '#histogram 160 176'
- '#histogram 161 182'
- '#histogram 162 174'
- '#histogram 163 172'
- '#histogram 164 187'
- '#histogram 165 165'
- '#histogram 166 165'
- '#histogram 167 182'
- '#histogram 168 155'
- '#histogram 169 151'
- '#histogram 170 159'
- '#histogram 171 150'
- '#histogram 172 137'
- '#histogram 173 139'
- '#histogram 174 166'
- '#histogram 175 151'
- '#histogram 176 133'
- '#histogram 177 124'
- '#histogram 178 131'
- '#histogram 179 123'
- '#histogram 180 124'
- '#histogram 181 133'
- '#histogram 182 127'
- '#histogram 183 129'
- '#histogram 184 129'
- '#histogram 185 103'
- '#histogram 186 110'
- '#histogram 187 108'
- '#histogram 188 117'
- '#histogram 189 94'
- '#histogram 190 87'
- '#histogram 191 105'
- '#histogram 192 115'
- '#histogram 193 102'
- '#histogram 194 90'
- '#histogram 195 101'
- '#histogram 196 79'
- '#histogram 197 82'
- '#histogram 198 95'
- '#histogram 199 83'
- '#histogram 200 84'
- '#histogram 201 76'
- '#histogram 202 70'
- '#histogram 203 87'
- '#histogram 204 74'
- '#histogram 205 72'
- '#histogram 206 63'
- '#histogram 207 66'
- '#histogram 208 80'
- '#histogram 209 88'
- '#histogram 210 75'
- '#histogram 211 60'
- '#histogram 212 65'
- '#histogram 213 65'
- '#histogram 214 62'
- '#histogram 215 64'
- '#histogram 216 73'
- '#histogram 217 81'
- '#histogram 218 47'
- '#histogram 219 56'
- '#histogram 220 43'
- '#histogram 221 57'
- '#histogram 222 51'
- '#histogram 223 64'
- '#histogram 224 46'
- '#histogram 225 53'
- '#histogram 226 53'
- '#histogram 227 40'
- '#histogram 228 41'
- '#histogram 229 46'
- '#histogram 230 41'
- '#histogram 231 54'
- '#histogram 232 47'
- '#histogram 233 46'
- '#histogram 234 34'
- '#histogram 235 36'
- '#histogram 236 38'
- '#histogram 237 47'
- '#histogram 238 37'
- '#histogram 239 42'
- '#histogram 240 36'
- '#histogram 241 39'
- '#histogram 242 41'
- '#histogram 243 36'
- '#histogram 244 31'
- '#histogram 245 32'
- '#histogram 246 35'
- '#histogram 247 30'
- '#histogram 248 33'
- '#histogram 249 25'
- '#histogram 250 38'
- '#histogram 251 33'
- '#histogram 252 26'
- '#histogram 253 30'
- '#histogram 254 25'
- '#histogram 255 21'
- '#histogram 256 18'
- '#histogram 257 28'
- '#histogram 258 33'
- '#histogram 259 22'
- '#histogram 260 24'
- '#histogram 261 35'
- '#histogram 262 25'
- '#histogram 263 25'
- '#histogram 264 21'
- '#histogram 265 28'
- '#histogram 266 28'
- '#histogram 267 19'
- '#histogram 268 27'
- '#histogram 269 19'
- '#histogram 270 17'
- '#histogram 271 23'
- '#histogram 272 17'
- '#histogram 273 21'
- '#histogram 274 22'
- '#histogram 275 19'
- '#histogram 276 21'
- '#histogram 277 20'
- '#histogram 278 22'
- '#histogram 279 19'
- '#histogram 280 18'
- '#histogram 281 19'
- '#histogram 282 20'
- '#histogram 283 26'
- '#histogram 284 21'
- '#histogram 285 14'
- '#histogram 286 15'
- '#histogram 287 21'
- '#histogram 288 14'
- '#histogram 289 16'
- '#histogram 290 16'
- '#histogram 291 14'
- '#histogram 292 26'
- '#histogram 293 19'
- '#histogram 294 12'
- '#histogram 295 11'
- '#histogram 296 13'
- '#histogram 297 17'
- '#histogram 298 16'
- '#histogram 299 10'
- '#histogram 300 9'
- '#histogram 301 23'
- '#histogram 302 20'
- '#histogram 303 15'
- '#histogram 304 12'
- '#histogram 305 13'
- '#histogram 306 19'
- '#histogram 307 11'
- '#histogram 308 15'
- '#histogram 309 13'
- '#histogram 310 15'
- '#histogram 311 15'
- '#histogram 312 13'
- '#histogram 313 9'
- '#histogram 314 19'
- '#histogram 315 14'
- '#histogram 316 14'
- '#histogram 317 14'
- '#histogram 318 15'
- '#histogram 319 14'
- '#histogram 320 11'
- '#histogram 321 7'
- '#histogram 322 14'
- '#histogram 323 9'
- '#histogram 324 13'
- '#histogram 325 5'
- '#histogram 326 11'
- '#histogram 327 7'
- '#histogram 328 12'
- '#histogram 329 9'
- '#histogram 330 4'
- '#histogram 331 11'
- '#histogram 332 6'
- '#histogram 333 8'
- '#histogram 334 9'
- '#histogram 335 11'
- '#histogram 336 9'
- '#histogram 337 17'
- '#histogram 338 13'
- '#histogram 339 14'
- '#histogram 340 4'
- '#histogram 341 4'
- '#histogram 342 13'
- '#histogram 343 7'
- '#histogram 344 10'
- '#histogram 345 11'
- '#histogram 346 6'
- '#histogram 347 6'
- '#histogram 348 10'
- '#histogram 349 8'
- '#histogram 350 9'
- '#histogram 351 12'
- '#histogram 352 13'
- '#histogram 353 8'
- '#histogram 354 10'
- '#histogram 355 11'
- '#histogram 356 7'
- '#histogram 357 14'
- '#histogram 358 7'
- '#histogram 359 10'
- '#histogram 360 7'
- '#histogram 361 8'
- '#histogram 362 4'
- '#histogram 363 9'
- '#histogram 364 9'
- '#histogram 365 13'
- '#histogram 366 4'
- '#histogram 367 9'
- '#histogram 368 10'
- '#histogram 369 11'
- '#histogram 370 7'
- '#histogram 371 7'
- '#histogram 372 6'
- '#histogram 373 10'
- '#histogram 374 12'
- '#histogram 375 7'
- '#histogram 376 13'
- '#histogram 377 11'
- '#histogram 378 5'
- '#histogram 379 6'
- '#histogram 380 5'
- '#histogram 381 12'
- '#histogram 382 12'
- '#histogram 383 10'
- '#histogram 384 5'
- '#histogram 385 6'
- '#histogram 386 6'
- '#histogram 387 12'
- '#histogram 388 6'
- '#histogram 389 9'
- '#histogram 390 9'
- '#histogram 391 6'
- '#histogram 392 10'
- '#histogram 393 11'
- '#histogram 394 7'
- '#histogram 395 12'
- '#histogram 396 7'
- '#histogram 397 6'
- '#histogram 398 6'
- '#histogram 399 4'
- '#histogram 400 4'
- '#histogram 401 10'
- '#histogram 402 8'
- '#histogram 403 5'
- '#histogram 404 11'
- '#histogram 405 5'
- '#histogram 406 7'
- '#histogram 407 8'
- '#histogram 408 5'
- '#histogram 409 8'
- '#histogram 410 9'
- '#histogram 411 8'
- '#histogram 412 7'
- '#histogram 413 16'
- '#histogram 414 4'
- '#histogram 415 6'
- '#histogram 416 12'
- '#histogram 417 12'
- '#histogram 418 7'
- '#histogram 419 4'
- '#histogram 420 6'
- '#histogram 421 2'
- '#histogram 422 5'
- '#histogram 423 9'
- '#histogram 424 9'
- '#histogram 425 12'
- '#histogram 426 10'
- '#histogram 427 9'
- '#histogram 428 2'
- '#histogram 429 7'
- '#histogram 430 8'
- '#histogram 431 6'
- '#histogram 432 8'
- '#histogram 433 5'
- '#histogram 434 9'
- '#histogram 435 6'
- '#histogram 436 9'
- '#histogram 437 6'
- '#histogram 438 12'
- '#histogram 439 4'
- '#histogram 440 9'
- '#histogram 441 10'
- '#histogram 442 5'
- '#histogram 443 3'
- '#histogram 444 6'
- '#histogram 445 8'
- '#histogram 446 10'
- '#histogram 447 9'
- '#histogram 448 5'
- '#histogram 449 7'
- '#histogram 450 8'
- '#histogram 451 4'
- '#histogram 452 6'
- '#histogram 453 17'
- '#histogram 454 7'
- '#histogram 455 7'
- '#histogram 456 5'
- '#histogram 457 2'
- '#histogram 458 7'
- '#histogram 459 2'
- '#histogram 460 8'
- '#histogram 461 14'
- '#histogram 462 5'
- '#histogram 463 10'
- '#histogram 464 10'
- '#histogram 465 10'
- '#histogram 466 2'
- '#histogram 467 11'
- '#histogram 468 4'
- '#histogram 469 7'
- '#histogram 470 9'
- '#histogram 471 9'
- '#histogram 472 5'
- '#histogram 473 4'
- '#histogram 474 7'
- '#histogram 475 10'
- '#histogram 476 9'
- '#histogram 477 2'
- '#histogram 478 4'
- '#histogram 479 9'
- '#histogram 480 9'
- '#histogram 481 5'
- '#histogram 482 5'
- '#histogram 483 13'
- '#histogram 484 9'
- '#histogram 485 4'
- '#histogram 486 9'
- '#histogram 487 6'
- '#histogram 488 7'
- '#histogram 489 5'
- '#histogram 490 15'
- '#histogram 491 7'
- '#histogram 492 6'
- '#histogram 493 6'
- '#histogram 494 8'
- '#histogram 495 5'
- '#histogram 496 8'
- '#histogram 497 6'
- '#histogram 498 5'
- '#histogram 499 8'
- '#histogram 500 9'
- '#histogram 501 8'
- '#histogram 502 12'
- '#histogram 503 12'
- '#histogram 504 1'
- '#histogram 505 11'
- '#histogram 506 4'
- '#histogram 507 9'
- '#histogram 508 9'
- '#histogram 509 7'
- '#histogram 510 7'
- '#histogram 511 10'
- '#histogram 512 4'
- '#histogram 513 7'
- '#histogram 514 5'
- '#histogram 515 11'
- '#histogram 516 14'
- '#histogram 517 6'
- '#histogram 518 6'
- '#histogram 519 9'
- '#histogram 520 9'
- '#histogram 521 6'
- '#histogram 522 8'
- '#histogram 523 3'
- '#histogram 524 7'
- '#histogram 525 11'
- '#histogram 526 5'
- '#histogram 527 7'
- '#histogram 528 8'
- '#histogram 529 6'
- '#histogram 530 9'
- '#histogram 531 6'
- '#histogram 532 3'
- '#histogram 533 7'
- '#histogram 534 16'
- '#histogram 535 4'
- '#histogram 536 11'
- '#histogram 537 8'
- '#histogram 538 5'
- '#histogram 539 3'
- '#histogram 540 7'
- '#histogram 541 4'
- '#histogram 542 5'
- '#histogram 543 5'
- '#histogram 544 9'
- '#histogram 545 6'
- '#histogram 546 5'
- '#histogram 547 13'
- '#histogram 548 5'
- '#histogram 549 3'
- '#histogram 550 8'
- '#histogram 551 7'
- '#histogram 552 6'
- '#histogram 553 3'
- '#histogram 554 5'
- '#histogram 555 3'
- '#histogram 556 4'
- '#histogram 557 2'
- '#histogram 558 1'
- '#histogram 559 7'
- '#histogram 560 4'
- '#histogram 561 4'
- '#histogram 562 7'
- '#histogram 563 7'
- '#histogram 564 7'
- '#histogram 565 4'
- '#histogram 566 3'
- '#histogram 567 6'
- '#histogram 568 4'
- '#histogram 569 9'
- '#histogram 570 3'
- '#histogram 571 5'
- '#histogram 572 4'
- '#histogram 573 4'
- '#histogram 574 7'
- '#histogram 575 4'
- '#histogram 576 1'
- '#histogram 577 8'
- '#histogram 578 5'
- '#histogram 579 7'
- '#histogram 580 5'
- '#histogram 581 7'
- '#histogram 582 2'
- '#histogram 583 7'
- '#histogram 584 16'
- '#histogram 585 5'
- '#histogram 586 9'
- '#histogram 587 4'
- '#histogram 588 5'
- '#histogram 589 5'
- '#histogram 590 8'
- '#histogram 591 11'
- '#histogram 592 8'
- '#histogram 593 9'
- '#histogram 594 4'
- '#histogram 595 9'
- '#histogram 596 6'
- '#histogram 597 6'
- '#histogram 598 4'
- '#histogram 599 9'
- '#histogram 600 7'
- '#histogram 601 5'
- '#histogram 602 5'
- '#histogram 603 4'
- '#histogram 604 8'
- '#histogram 605 4'
- '#histogram 606 4'
- '#histogram 607 7'
- '#histogram 608 6'
- '#histogram 609 6'
- '#histogram 610 8'
- '#histogram 611 6'
- '#histogram 612 9'
- '#histogram 613 6'
- '#histogram 614 5'
- '#histogram 615 2'
- '#histogram 616 6'
- '#histogram 617 4'
- '#histogram 618 5'
- '#histogram 619 4'
- '#histogram 620 2'
- '#histogram 621 3'
- '#histogram 622 4'
- '#histogram 623 4'
- '#histogram 624 8'
- '#histogram 625 8'
- '#histogram 626 8'
- '#histogram 627 4'
- '#histogram 628 1'
- '#histogram 629 10'
- '#histogram 630 3'
- '#histogram 631 5'
- '#histogram 632 6'
- '#histogram 633 6'
- '#histogram 634 7'
- '#histogram 635 6'
- '#histogram 637 3'
- '#histogram 638 6'
- '#histogram 639 5'
- '#histogram 640 6'
- '#histogram 641 5'
- '#histogram 642 10'
- '#histogram 643 5'
- '#histogram 644 6'
- '#histogram 645 10'
- '#histogram 646 7'
- '#histogram 647 9'
- '#histogram 648 10'
- '#histogram 649 6'
- '#histogram 650 7'
- '#histogram 651 9'
- '#histogram 652 7'
- '#histogram 653 6'
- '#histogram 654 5'
- '#histogram 655 6'
- '#histogram 656 13'
- '#histogram 657 5'
- '#histogram 658 6'
- '#histogram 659 13'
- '#histogram 660 7'
- '#histogram 662 5'
- '#histogram 663 1'
- '#histogram 664 8'
- '#histogram 665 7'
- '#histogram 666 5'
- '#histogram 667 7'
- '#histogram 668 3'
- '#histogram 669 9'
- '#histogram 670 6'
- '#histogram 671 10'
- '#histogram 672 5'
- '#histogram 673 5'
- '#histogram 674 3'
- '#histogram 675 7'
- '#histogram 676 9'
- '#histogram 677 4'
- '#histogram 678 7'
- '#histogram 679 3'
- '#histogram 680 4'
- '#histogram 681 6'
- '#histogram 682 2'
- '#histogram 683 5'
- '#histogram 684 6'
- '#histogram 685 5'
- '#histogram 686 7'
- '#histogram 687 8'
- '#histogram 688 3'
- '#histogram 689 8'
- '#histogram 690 3'
- '#histogram 691 8'
- '#histogram 692 6'
- '#histogram 693 9'
- '#histogram 694 9'
- '#histogram 695 4'
- '#histogram 696 10'
- '#histogram 697 9'
- '#histogram 698 5'
- '#histogram 699 7'
- '#histogram 700 7'
- '#histogram 701 9'
- '#histogram 702 5'
- '#histogram 703 8'
- '#histogram 704 4'
- '#histogram 705 9'
- '#histogram 706 5'
- '#histogram 707 6'
- '#histogram 708 10'
- '#histogram 709 15'
- '#histogram 710 5'
- '#histogram 711 6'
- '#histogram 712 5'
- '#histogram 713 10'
- '#histogram 714 6'
- '#histogram 715 5'
- '#histogram 716 6'
- '#histogram 717 5'
- '#histogram 718 7'
- '#histogram 719 11'
- '#histogram 720 11'
- '#histogram 721 6'
- '#histogram 722 5'
- '#histogram 723 9'
- '#histogram 724 6'
- '#histogram 725 9'
- '#histogram 726 10'
- '#histogram 727 10'
- '#histogram 728 11'
- '#histogram 729 10'
- '#histogram 730 11'
- '#histogram 731 4'
- '#histogram 732 9'
- '#histogram 733 7'
- '#histogram 734 9'
- '#histogram 735 6'
- '#histogram 736 8'
- '#histogram 737 5'
- '#histogram 738 8'
- '#histogram 739 8'
- '#histogram 740 7'
- '#histogram 741 11'
- '#histogram 742 9'
- '#histogram 743 9'
- '#histogram 744 6'
- '#histogram 745 5'
- '#histogram 746 4'
- '#histogram 747 10'
- '#histogram 748 5'
- '#histogram 749 9'
- '#histogram 750 5'
- '#histogram 751 11'
- '#histogram 752 5'
- '#histogram 753 7'
- '#histogram 754 6'
- '#histogram 755 7'
- '#histogram 756 6'
- '#histogram 757 7'
- '#histogram 758 10'
- '#histogram 759 6'
- '#histogram 760 7'
- '#histogram 761 6'
- '#histogram 762 5'
- '#histogram 763 4'
- '#histogram 764 12'
- '#histogram 765 3'
- '#histogram 766 9'
- '#histogram 767 11'
- '#histogram 768 7'
- '#histogram 769 6'
- '#histogram 770 6'
- '#histogram 771 5'
- '#histogram 772 7'
- '#histogram 773 7'
- '#histogram 774 4'
- '#histogram 775 8'
- '#histogram 776 8'
- '#histogram 777 14'
- '#histogram 778 12'
- '#histogram 779 11'
- '#histogram 780 7'
- '#histogram 781 9'
- '#histogram 782 8'
- '#histogram 783 10'
- '#histogram 784 9'
- '#histogram 785 7'
- '#histogram 786 8'
- '#histogram 787 10'
- '#histogram 788 7'
- '#histogram 789 15'
- '#histogram 790 19'
- '#histogram 791 5'
- '#histogram 792 5'
- '#histogram 793 9'
- '#histogram 794 12'
- '#histogram 795 11'
- '#histogram 796 8'
- '#histogram 797 5'
- '#histogram 798 8'
- '#histogram 799 10'
- '#histogram 800 9'
- '#histogram 801 9'
- '#histogram 802 7'
- '#histogram 803 8'
- '#histogram 804 12'
- '#histogram 805 8'
- '#histogram 806 4'
- '#histogram 807 6'
- '#histogram 808 4'
- '#histogram 809 7'
- '#histogram 810 4'
- '#histogram 811 4'
- '#histogram 812 8'
- '#histogram 813 9'
- '#histogram 814 15'
- '#histogram 815 6'
- '#histogram 816 14'
- '#histogram 817 10'
- '#histogram 818 13'
- '#histogram 819 10'
- '#histogram 820 12'
- '#histogram 821 4'
- '#histogram 822 9'
- '#histogram 823 5'
- '#histogram 824 9'
- '#histogram 825 9'
- '#histogram 826 10'
- '#histogram 827 7'
- '#histogram 828 3'
- '#histogram 829 8'
- '#histogram 830 9'
- '#histogram 831 5'
- '#histogram 832 7'
- '#histogram 833 7'
- '#histogram 834 10'
- '#histogram 835 12'
- '#histogram 836 6'
- '#histogram 837 10'
- '#histogram 838 9'
- '#histogram 839 11'
- '#histogram 840 13'
- '#histogram 841 11'
- '#histogram 842 6'
- '#histogram 843 8'
- '#histogram 844 4'
- '#histogram 845 5'
- '#histogram 846 8'
- '#histogram 847 4'
- '#histogram 848 5'
- '#histogram 849 7'
- '#histogram 850 7'
- '#histogram 851 14'
- '#histogram 852 7'
- '#histogram 853 5'
- '#histogram 854 5'
- '#histogram 855 8'
- '#histogram 856 11'
- '#histogram 857 10'
- '#histogram 858 9'
- '#histogram 859 9'
- '#histogram 860 7'
- '#histogram 861 13'
- '#histogram 862 12'
- '#histogram 863 6'
- '#histogram 864 11'
- '#histogram 865 8'
- '#histogram 866 13'
- '#histogram 867 9'
- '#histogram 868 4'
- '#histogram 869 11'
- '#histogram 870 7'
- '#histogram 871 6'
- '#histogram 872 13'
- '#histogram 873 3'
- '#histogram 874 10'
- '#histogram 875 12'
- '#histogram 876 10'
- '#histogram 877 11'
- '#histogram 878 8'
- '#histogram 879 10'
- '#histogram 880 9'
- '#histogram 881 14'
- '#histogram 882 13'
- '#histogram 883 7'
- '#histogram 884 5'
- '#histogram 885 11'
- '#histogram 886 9'
- '#histogram 887 12'
- '#histogram 888 5'
- '#histogram 889 14'
- '#histogram 890 7'
- '#histogram 891 9'
- '#histogram 892 7'
- '#histogram 893 11'
- '#histogram 894 4'
- '#histogram 895 9'
- '#histogram 896 6'
- '#histogram 897 5'
- '#histogram 898 9'
- '#histogram 899 13'
- '#histogram 900 14'
- '#histogram 901 6'
- '#histogram 902 5'
- '#histogram 903 7'
- '#histogram 904 10'
- '#histogram 905 9'
- '#histogram 906 16'
- '#histogram 907 10'
- '#histogram 908 7'
- '#histogram 909 7'
- '#histogram 910 10'
- '#histogram 911 8'
- '#histogram 912 10'
- '#histogram 913 12'
- '#histogram 914 10'
- '#histogram 915 7'
- '#histogram 916 11'
- '#histogram 917 7'
- '#histogram 918 14'
- '#histogram 919 17'
- '#histogram 920 5'
- '#histogram 921 3'
- '#histogram 922 6'
- '#histogram 923 12'
- '#histogram 924 8'
- '#histogram 925 3'
- '#histogram 926 7'
- '#histogram 927 12'
- '#histogram 928 5'
- '#histogram 929 4'
- '#histogram 930 13'
- '#histogram 931 7'
- '#histogram 932 9'
- '#histogram 933 9'
- '#histogram 934 10'
- '#histogram 935 10'
- '#histogram 936 13'
- '#histogram 937 13'
- '#histogram 938 6'
- '#histogram 939 14'
- '#histogram 940 12'
- '#histogram 941 10'
- '#histogram 942 14'
- '#histogram 943 10'
- '#histogram 944 12'
- '#histogram 945 8'
- '#histogram 946 14'
- '#histogram 947 6'
- '#histogram 948 9'
- '#histogram 949 13'
- '#histogram 950 11'
- '#histogram 951 11'
- '#histogram 952 13'
- '#histogram 953 4'
- '#histogram 954 5'
- '#histogram 955 5'
- '#histogram 956 5'
- '#histogram 957 7'
- '#histogram 958 8'
- '#histogram 959 11'
- '#histogram 960 8'
- '#histogram 961 7'
- '#histogram 962 16'
- '#histogram 963 2'
- '#histogram 964 13'
- '#histogram 965 13'
- '#histogram 966 14'
- '#histogram 967 5'
- '#histogram 968 10'
- '#histogram 969 7'
- '#histogram 970 6'
- '#histogram 971 6'
- '#histogram 972 7'
- '#histogram 973 9'
- '#histogram 974 7'
- '#histogram 975 11'
- '#histogram 976 5'
- '#histogram 977 7'
- '#histogram 978 12'
- '#histogram 979 10'
- '#histogram 980 11'
- '#histogram 981 12'
- '#histogram 982 12'
- '#histogram 983 10'
- '#histogram 984 10'
- '#histogram 985 10'
- '#histogram 986 10'
- '#histogram 987 9'
- '#histogram 988 18'
- '#histogram 989 10'
- '#histogram 990 12'
- '#histogram 991 7'
- '#histogram 992 5'
- '#histogram 993 8'
- '#histogram 994 7'
- '#histogram 995 8'
- '#histogram 996 15'
- '#histogram 997 13'
- '#histogram 998 9'
- '#histogram 999 8'
- '#histogram 1000 13'
- '#histogram 1001 11'
- '#histogram 1002 13'
- '#histogram 1003 1'
- '#histogram 1004 7'
- '#histogram 1005 8'
- '#histogram 1006 7'
- '#histogram 1007 6'
- '#histogram 1008 12'
- '#histogram 1009 16'
- '#histogram 1010 12'
- '#histogram 1011 6'
- '#histogram 1012 14'
- '#histogram 1013 14'
- '#histogram 1014 8'
- '#histogram 1015 7'
- '#histogram 1016 6'
- '#histogram 1017 8'
- '#histogram 1018 11'
- '#histogram 1019 9'
- '#histogram 1020 7'
- '#histogram 1021 9'
- '#histogram 1022 7'
- '#histogram 1023 11'
- '#histogram 1024 5'
- '#histogram 1025 15'
- '#histogram 1026 8'
- '#histogram 1027 7'
- '#histogram 1028 5'
- '#histogram 1029 13'
- '#histogram 1030 9'
- '#histogram 1031 7'
- '#histogram 1032 6'
- '#histogram 1033 6'
- '#histogram 1034 5'
- '#histogram 1035 8'
- '#histogram 1036 7'
- '#histogram 1037 8'
- '#histogram 1038 7'
- '#histogram 1039 5'
- '#histogram 1040 7'
- '#histogram 1041 6'
- '#histogram 1042 6'
- '#histogram 1043 4'
- '#histogram 1044 5'
- '#histogram 1045 3'
- '#histogram 1046 11'
- '#histogram 1047 17'
- '#histogram 1048 4'
- '#histogram 1049 12'
- '#histogram 1050 7'
- '#histogram 1051 11'
- '#histogram 1052 8'
- '#histogram 1053 12'
- '#histogram 1054 12'
- '#histogram 1055 10'
- '#histogram 1056 10'
- '#histogram 1057 11'
- '#histogram 1058 5'
- '#histogram 1059 2'
- '#histogram 1060 11'
- '#histogram 1061 12'
- '#histogram 1062 7'
- '#histogram 1063 8'
- '#histogram 1064 5'
- '#histogram 1065 7'
- '#histogram 1066 6'
- '#histogram 1067 11'
- '#histogram 1068 6'
- '#histogram 1069 9'
- '#histogram 1070 4'
- '#histogram 1071 5'
- '#histogram 1072 9'
- '#histogram 1073 8'
- '#histogram 1074 7'
- '#histogram 1075 2'
- '#histogram 1076 7'
- '#histogram 1077 11'
- '#histogram 1078 9'
- '#histogram 1079 6'
- '#histogram 1080 8'
- '#histogram 1081 5'
- '#histogram 1082 7'
- '#histogram 1083 4'
- '#histogram 1084 5'
- '#histogram 1085 5'
- '#histogram 1086 7'
- '#histogram 1087 6'
- '#histogram 1088 4'
- '#histogram 1089 4'
- '#histogram 1090 7'
- '#histogram 1091 4'
- '#histogram 1092 8'
- '#histogram 1093 4'
- '#histogram 1094 8'
- '#histogram 1095 11'
- '#histogram 1096 5'
- '#histogram 1097 8'
- '#histogram 1098 5'
- '#histogram 1099 7'
- '#histogram 1100 10'
- '#histogram 1101 3'
- '#histogram 1102 12'
- '#histogram 1103 8'
- '#histogram 1104 6'
- '#histogram 1105 3'
- '#histogram 1106 3'
- '#histogram 1107 4'
- '#histogram 1108 3'
- '#histogram 1109 7'
- '#histogram 1110 4'
- '#histogram 1111 3'
- '#histogram 1112 3'
- '#histogram 1113 4'
- '#histogram 1114 10'
- '#histogram 1115 3'
- '#histogram 1116 6'
- '#histogram 1117 1'
- '#histogram 1118 2'
- '#histogram 1119 5'
- '#histogram 1120 6'
- '#histogram 1121 7'
- '#histogram 1122 6'
- '#histogram 1123 5'
- '#histogram 1124 4'
- '#histogram 1125 2'
- '#histogram 1126 7'
- '#histogram 1127 9'
- '#histogram 1128 4'
- '#histogram 1129 14'
- '#histogram 1130 2'
- '#histogram 1131 3'
- '#histogram 1132 5'
- '#histogram 1133 5'
- '#histogram 1134 5'
- '#histogram 1135 3'
- '#histogram 1136 5'
- '#histogram 1137 6'
- '#histogram 1138 4'
- '#histogram 1139 4'
- '#histogram 1140 6'
- '#histogram 1141 2'
- '#histogram 1142 3'
- '#histogram 1143 5'
- '#histogram 1144 3'
- '#histogram 1145 8'
- '#histogram 1146 2'
- '#histogram 1147 2'
- '#histogram 1148 6'
- '#histogram 1149 4'
- '#histogram 1150 10'
- '#histogram 1151 3'
- '#histogram 1152 4'
- '#histogram 1153 3'
- '#histogram 1154 2'
- '#histogram 1155 2'
- '#histogram 1156 4'
- '#histogram 1157 3'
- '#histogram 1158 6'
- '#histogram 1159 2'
- '#histogram 1160 3'
- '#histogram 1161 4'
- '#histogram 1162 2'
- '#histogram 1163 3'
- '#histogram 1164 2'
- '#histogram 1165 4'
- '#histogram 1166 6'
- '#histogram 1167 2'
- '#histogram 1168 5'
- '#histogram 1169 6'
- '#histogram 1170 3'
- '#histogram 1171 7'
- '#histogram 1172 4'
- '#histogram 1173 3'
- '#histogram 1174 1'
- '#histogram 1175 5'
- '#histogram 1176 6'
- '#histogram 1177 2'
- '#histogram 1178 3'
- '#histogram 1179 3'
- '#histogram 1180 1'
- '#histogram 1181 3'
- '#histogram 1182 2'
- '#histogram 1183 3'
- '#histogram 1184 5'
- '#histogram 1185 3'
- '#histogram 1186 1'
- '#histogram 1187 3'
- '#histogram 1188 1'
- '#histogram 1189 7'
- '#histogram 1190 1'
- '#histogram 1191 2'
- '#histogram 1192 2'
- '#histogram 1193 2'
- '#histogram 1194 1'
- '#histogram 1196 3'
- '#histogram 1197 3'
- '#histogram 1198 3'
- '#histogram 1199 2'
- '#histogram 1200 3'
- '#histogram 1201 3'
- '#histogram 1202 2'
- '#histogram 1203 2'
- '#histogram 1204 3'
- '#histogram 1205 3'
- '#histogram 1206 4'
- '#histogram 1207 1'
- '#histogram 1208 4'
- '#histogram 1209 3'
- '#histogram 1210 2'
- '#histogram 1211 1'
- '#histogram 1212 1'
- '#histogram 1213 2'
- '#histogram 1214 4'
- '#histogram 1215 4'
- '#histogram 1216 1'
- '#histogram 1217 4'
- '#histogram 1218 1'
- '#histogram 1219 2'
- '#histogram 1220 2'
- '#histogram 1221 2'
- '#histogram 1223 4'
- '#histogram 1224 1'
- '#histogram 1225 2'
- '#histogram 1226 3'
- '#histogram 1227 1'
- '#histogram 1228 2'
- '#histogram 1229 3'
- '#histogram 1230 3'
- '#histogram 1231 2'
- '#histogram 1232 1'
- '#histogram 1233 2'
- '#histogram 1234 1'
- '#histogram 1235 1'
- '#histogram 1236 6'
- '#histogram 1237 1'
- '#histogram 1238 3'
- '#histogram 1239 2'
- '#histogram 1240 2'
- '#histogram 1241 2'
- '#histogram 1242 1'
- '#histogram 1243 2'
- '#histogram 1244 4'
- '#histogram 1245 3'
- '#histogram 1246 1'
- '#histogram 1247 5'
- '#histogram 1248 1'
- '#histogram 1249 1'
- '#histogram 1250 1'
- '#histogram 1253 1'
- '#histogram 1256 2'
- '#histogram 1257 3'
- '#histogram 1258 1'
- '#histogram 1259 2'
- '#histogram 1260 3'
- '#histogram 1261 3'
- '#histogram 1262 1'
- '#histogram 1263 3'
- '#histogram 1264 3'
- '#histogram 1265 1'
- '#histogram 1266 1'
- '#histogram 1267 3'
- '#histogram 1268 2'
- '#histogram 1269 2'
- '#histogram 1272 2'
- '#histogram 1273 2'
- '#histogram 1274 4'
- '#histogram 1275 1'
- '#histogram 1277 2'
- '#histogram 1279 2'
- '#histogram 1280 1'
- '#histogram 1281 4'
- '#histogram 1282 1'
- '#histogram 1283 1'
- '#histogram 1285 2'
- '#histogram 1288 1'
- '#histogram 1289 1'
- '#histogram 1290 1'
- '#histogram 1293 2'
- '#histogram 1296 1'
- '#histogram 1297 2'
- '#histogram 1298 1'
- '#histogram 1299 2'
- '#histogram 1300 2'
- '#histogram 1301 1'
- '#histogram 1302 1'
- '#histogram 1303 2'
- '#histogram 1307 1'
- '#histogram 1309 2'
- '#histogram 1313 2'
- '#histogram 1314 1'
- '#histogram 1315 3'
- '#histogram 1317 1'
- '#histogram 1318 3'
- '#histogram 1319 1'
- '#histogram 1320 1'
- '#histogram 1322 1'
- '#histogram 1324 2'
- '#histogram 1328 2'
- '#histogram 1329 2'
- '#histogram 1330 1'
- '#histogram 1331 1'
- '#histogram 1332 1'
- '#histogram 1333 2'
- '#histogram 1334 3'
- '#histogram 1335 2'
- '#histogram 1337 2'
- '#histogram 1343 1'
- '#histogram 1345 1'
- '#histogram 1346 2'
- '#histogram 1347 1'
- '#histogram 1351 1'
- '#histogram 1353 2'
- '#histogram 1354 1'
- '#histogram 1355 1'
- '#histogram 1356 2'
- '#histogram 1357 1'
- '#histogram 1360 1'
- '#histogram 1362 1'
- '#histogram 1372 1'
- '#histogram 1373 1'
- '#histogram 1376 1'
- '#histogram 1378 2'
- '#histogram 1382 1'
- '#histogram 1384 1'
- '#histogram 1385 1'
- '#histogram 1386 1'
- '#histogram 1390 1'
- '#histogram 1391 1'
- '#histogram 1392 1'
- '#histogram 1393 1'
- '#histogram 1398 1'
- '#histogram 1403 1'
- '#histogram 1408 1'
- '#histogram 1413 2'
- '#histogram 1414 1'
- '#histogram 1415 1'
- '#histogram 1421 2'
- '#histogram 1423 1'
- '#histogram 1427 1'
- '#histogram 1430 2'
- '#histogram 1432 1'
- '#histogram 1436 1'
- '#histogram 1437 2'
- '#histogram 1438 1'
- '#histogram 1446 1'
- '#histogram 1448 1'
- '#histogram 1449 2'
- '#histogram 1452 1'
- '#histogram 1454 1'
- '#histogram 1469 1'
- '#histogram 1470 1'
- '#histogram 1473 1'
- '#histogram 1475 1'
- '#histogram 1501 1'
- '#histogram 1503 1'
- '#histogram 1505 1'
- '#histogram 1507 1'
- '#histogram 1516 1'
- '#histogram 1523 1'
- '#histogram 1534 1'
- '#histogram 1535 1'
- '#histogram 1539 2'
- '#histogram 1554 1'
- '#histogram 1567 1'
- '#histogram 1568 1'
- '#histogram 1570 1'
- '#histogram 1573 1'
- '#histogram 1581 1'
- '#histogram 1586 1'
- '#histogram 1587 1'
- '#histogram 1588 1'
- '#histogram 1596 1'
- '#histogram 1599 1'
- '#histogram 1607 1'
- '#histogram 1613 1'
- '#histogram 1616 1'
- '#histogram 1617 1'
- '#histogram 1618 3'
- '#histogram 1621 1'
- '#histogram 1622 1'
- '#histogram 1623 1'
- '#histogram 1637 1'
- '#histogram 1639 1'
- '#histogram 1644 1'
- '#histogram 1645 2'
- '#histogram 1646 1'
- '#histogram 1648 1'
- '#histogram 1652 1'
- '#histogram 1661 3'
- '#histogram 1664 1'
- '#histogram 1668 1'
- '#histogram 1671 1'
- '#histogram 1674 1'
- '#histogram 1676 1'
- '#histogram 1678 1'
- '#histogram 1683 1'
- '#histogram 1685 2'
- '#histogram 1692 2'
- '#histogram 1693 1'
- '#histogram 1695 1'
- '#histogram 1696 1'
- '#histogram 1703 1'
- '#histogram 1705 1'
- '#histogram 1706 1'
- '#histogram 1712 1'
- '#histogram 1714 1'
- '#histogram 1717 1'
- '#histogram 1718 1'
- '#histogram 1723 1'
- '#histogram 1728 1'
- '#histogram 1732 1'
- '#histogram 1733 3'
- '#histogram 1742 2'
- '#histogram 1751 1'
- '#histogram 1755 1'
- '#histogram 1766 1'
- '#histogram 1772 1'
- '#histogram 1777 1'
- '#histogram 1779 1'
- '#histogram 1783 1'
- '#histogram 1789 1'
- '#histogram 1791 1'
- '#histogram 1802 1'
- '#histogram 1821 1'
- '#histogram 1834 1'
- '#histogram 1843 1'
- '#histogram 1847 1'
- '#histogram 1857 1'
- '#histogram 1875 1'
- '#histogram 1890 1'
- '#histogram 1893 1'
- '#histogram 1906 1'
- '#histogram 2320 1'
- '#histogram 2605 1'
- '#histogram 2715 1'
- ''
