code: 0
data:
  avg_latency: 0.033746
  histogram:
  - - 0
    - 49345
  - - 1
    - 33113
  - - 2
    - 26726
  - - 3
    - 21188
  - - 4
    - 15285
  - - 5
    - 11479
  - - 6
    - 9021
  - - 7
    - 7333
  - - 8
    - 6092
  - - 9
    - 4898
  - - 10
    - 4674
  - - 11
    - 4472
  - - 12
    - 3858
  - - 13
    - 3869
  - - 14
    - 3956
  - - 15
    - 4704
  - - 16
    - 5094
  - - 17
    - 6058
  - - 18
    - 6954
  - - 19
    - 8250
  - - 20
    - 9752
  - - 21
    - 12501
  - - 22
    - 16527
  - - 23
    - 22409
  - - 24
    - 30162
  - - 25
    - 43091
  - - 26
    - 59177
  - - 27
    - 74328
  - - 28
    - 84810
  - - 29
    - 90439
  - - 30
    - 90225
  - - 31
    - 84163
  - - 32
    - 79473
  - - 33
    - 72765
  - - 34
    - 66093
  - - 35
    - 59364
  - - 36
    - 53665
  - - 37
    - 47165
  - - 38
    - 41909
  - - 39
    - 38054
  - - 40
    - 34327
  - - 41
    - 30213
  - - 42
    - 27065
  - - 43
    - 24126
  - - 44
    - 21368
  - - 45
    - 19290
  - - 46
    - 17466
  - - 47
    - 15714
  - - 48
    - 14672
  - - 49
    - 13596
  - - 50
    - 13112
  - - 51
    - 12341
  - - 52
    - 12017
  - - 53
    - 11852
  - - 54
    - 11368
  - - 55
    - 10956
  - - 56
    - 10797
  - - 57
    - 10590
  - - 58
    - 10247
  - - 59
    - 9478
  - - 60
    - 9025
  - - 61
    - 8365
  - - 62
    - 7517
  - - 63
    - 7118
  - - 64
    - 6368
  - - 65
    - 5721
  - - 66
    - 5020
  - - 67
    - 4431
  - - 68
    - 3919
  - - 69
    - 3548
  - - 70
    - 3420
  - - 71
    - 3113
  - - 72
    - 2760
  - - 73
    - 2546
  - - 74
    - 2513
  - - 75
    - 2279
  - - 76
    - 2131
  - - 77
    - 2075
  - - 78
    - 2061
  - - 79
    - 1900
  - - 80
    - 1905
  - - 81
    - 1692
  - - 82
    - 1718
  - - 83
    - 1664
  - - 84
    - 1583
  - - 85
    - 1527
  - - 86
    - 1382
  - - 87
    - 1293
  - - 88
    - 1208
  - - 89
    - 1190
  - - 90
    - 1160
  - - 91
    - 1046
  - - 92
    - 931
  - - 93
    - 882
  - - 94
    - 762
  - - 95
    - 649
  - - 96
    - 697
  - - 97
    - 621
  - - 98
    - 536
  - - 99
    - 521
  - - 100
    - 466
  - - 101
    - 429
  - - 102
    - 436
  - - 103
    - 414
  - - 104
    - 365
  - - 105
    - 364
  - - 106
    - 314
  - - 107
    - 302
  - - 108
    - 286
  - - 109
    - 274
  - - 110
    - 257
  - - 111
    - 279
  - - 112
    - 252
  - - 113
    - 218
  - - 114
    - 205
  - - 115
    - 198
  - - 116
    - 193
  - - 117
    - 146
  - - 118
    - 142
  - - 119
    - 143
  - - 120
    - 139
  - - 121
    - 122
  - - 122
    - 123
  - - 123
    - 103
  - - 124
    - 83
  - - 125
    - 93
  - - 126
    - 81
  - - 127
    - 63
  - - 128
    - 47
  - - 129
    - 68
  - - 130
    - 56
  - - 131
    - 58
  - - 132
    - 38
  - - 133
    - 55
  - - 134
    - 44
  - - 135
    - 40
  - - 136
    - 41
  - - 137
    - 43
  - - 138
    - 27
  - - 139
    - 30
  - - 140
    - 40
  - - 141
    - 22
  - - 142
    - 23
  - - 143
    - 19
  - - 144
    - 25
  - - 145
    - 28
  - - 146
    - 21
  - - 147
    - 20
  - - 148
    - 23
  - - 149
    - 31
  - - 150
    - 23
  - - 151
    - 24
  - - 152
    - 19
  - - 153
    - 14
  - - 154
    - 7
  - - 155
    - 17
  - - 156
    - 12
  - - 157
    - 11
  - - 158
    - 8
  - - 159
    - 10
  - - 160
    - 2
  - - 161
    - 4
  - - 162
    - 7
  - - 163
    - 7
  - - 164
    - 7
  - - 165
    - 7
  - - 166
    - 6
  - - 167
    - 13
  - - 168
    - 4
  - - 169
    - 8
  - - 170
    - 7
  - - 171
    - 5
  - - 172
    - 8
  - - 173
    - 2
  - - 174
    - 2
  - - 175
    - 5
  - - 176
    - 1
  - - 177
    - 1
  - - 178
    - 6
  - - 179
    - 3
  - - 180
    - 6
  - - 181
    - 3
  - - 182
    - 5
  - - 183
    - 3
  - - 184
    - 3
  - - 185
    - 2
  - - 186
    - 3
  - - 187
    - 2
  - - 188
    - 3
  - - 190
    - 1
  - - 191
    - 2
  - - 192
    - 1
  - - 193
    - 3
  - - 194
    - 2
  - - 196
    - 1
  - - 197
    - 8
  - - 200
    - 2
  - - 201
    - 2
  - - 204
    - 1
  - - 209
    - 1
  - - 212
    - 1
  - - 217
    - 3
  - - 220
    - 1
  - - 222
    - 1
  - - 224
    - 1
  - - 233
    - 2
  - - 236
    - 1
  - - 249
    - 1
  - - 4999
    - 6
  latency_50_percentile: 32.0
  latency_95_percentile: 63.0
  latency_99_5_percentile: 97.0
  latency_99_percentile: 88.0
  max_kubedns_cpu: 0
  max_kubedns_memory: 0
  max_latency: 0.249482
  max_perfserver_cpu: 0
  max_perfserver_memory: 0
  min_latency: 0.000122
  msg: null
  ok: true
  qps: 2932.37289
  queries_completed: 1759437
  queries_lost: 6
  queries_sent: 1759443
  run_time: 600.004524
  stddev_latency: 0.017115
params:
  max_qps: null
  pod_name: dns-perf-client-858fb7568b-6fmqs
  query_file: all-queries.txt
  run_id: 1777609306
  run_length_seconds: 600
  run_subid: 0
stderr:
- ''
stdout:
- DNS Performance Testing Tool
- Nominum Version 2.1.0.0
- ''
- '[Status] Command line: dnsperf -s 10.0.0.10 -l 600 -d /queries/all-queries.txt'
- '[Status] Sending queries (to 10.0.0.10)'
- '[Status] Started at: Fri May  1 04:22:18 2026'
- '[Status] Stopping after 600.000000 seconds'
- '[Timeout] Query timed out: msg id 65385'
- '[Timeout] Query timed out: msg id 65217'
- '[Timeout] Query timed out: msg id 161'
- '[Timeout] Query timed out: msg id 305'
- '[Timeout] Query timed out: msg id 115'
- '[Timeout] Query timed out: msg id 210'
- '[Status] Testing complete (time limit)'
- ''
- 'Statistics:'
- ''
- '  Queries sent:         1759443'
- '  Queries completed:    1759437 (100.00%)'
- '  Queries lost:         6 (0.00%)'
- ''
- '  Response codes:       NOERROR 211134 (12.00%), NXDOMAIN 1548303 (88.00%)'
- '  Average packet size:  request 39, response 122'
- '  Run time (s):         600.004524'
- '  Queries per second:   2932.372890'
- ''
- '  Average Latency (s):  0.033746 (min 0.000122, max 0.249482)'
- '  Latency StdDev (s):   0.017115'
- ''
- '  Latency histogram'
- '#histogram 0 49345'
- '#histogram 1 33113'
- '#histogram 2 26726'
- '#histogram 3 21188'
- '#histogram 4 15285'
- '#histogram 5 11479'
- '#histogram 6 9021'
- '#histogram 7 7333'
- '#histogram 8 6092'
- '#histogram 9 4898'
- '#histogram 10 4674'
- '#histogram 11 4472'
- '#histogram 12 3858'
- '#histogram 13 3869'
- '#histogram 14 3956'
- '#histogram 15 4704'
- '#histogram 16 5094'
- '#histogram 17 6058'
- '#histogram 18 6954'
- '#histogram 19 8250'
- '#histogram 20 9752'
- '#histogram 21 12501'
- '#histogram 22 16527'
- '#histogram 23 22409'
- '#histogram 24 30162'
- '#histogram 25 43091'
- '#histogram 26 59177'
- '#histogram 27 74328'
- '#histogram 28 84810'
- '#histogram 29 90439'
- '#histogram 30 90225'
- '#histogram 31 84163'
- '#histogram 32 79473'
- '#histogram 33 72765'
- '#histogram 34 66093'
- '#histogram 35 59364'
- '#histogram 36 53665'
- '#histogram 37 47165'
- '#histogram 38 41909'
- '#histogram 39 38054'
- '#histogram 40 34327'
- '#histogram 41 30213'
- '#histogram 42 27065'
- '#histogram 43 24126'
- '#histogram 44 21368'
- '#histogram 45 19290'
- '#histogram 46 17466'
- '#histogram 47 15714'
- '#histogram 48 14672'
- '#histogram 49 13596'
- '#histogram 50 13112'
- '#histogram 51 12341'
- '#histogram 52 12017'
- '#histogram 53 11852'
- '#histogram 54 11368'
- '#histogram 55 10956'
- '#histogram 56 10797'
- '#histogram 57 10590'
- '#histogram 58 10247'
- '#histogram 59 9478'
- '#histogram 60 9025'
- '#histogram 61 8365'
- '#histogram 62 7517'
- '#histogram 63 7118'
- '#histogram 64 6368'
- '#histogram 65 5721'
- '#histogram 66 5020'
- '#histogram 67 4431'
- '#histogram 68 3919'
- '#histogram 69 3548'
- '#histogram 70 3420'
- '#histogram 71 3113'
- '#histogram 72 2760'
- '#histogram 73 2546'
- '#histogram 74 2513'
- '#histogram 75 2279'
- '#histogram 76 2131'
- '#histogram 77 2075'
- '#histogram 78 2061'
- '#histogram 79 1900'
- '#histogram 80 1905'
- '#histogram 81 1692'
- '#histogram 82 1718'
- '#histogram 83 1664'
- '#histogram 84 1583'
- '#histogram 85 1527'
- '#histogram 86 1382'
- '#histogram 87 1293'
- '#histogram 88 1208'
- '#histogram 89 1190'
- '#histogram 90 1160'
- '#histogram 91 1046'
- '#histogram 92 931'
- '#histogram 93 882'
- '#histogram 94 762'
- '#histogram 95 649'
- '#histogram 96 697'
- '#histogram 97 621'
- '#histogram 98 536'
- '#histogram 99 521'
- '#histogram 100 466'
- '#histogram 101 429'
- '#histogram 102 436'
- '#histogram 103 414'
- '#histogram 104 365'
- '#histogram 105 364'
- '#histogram 106 314'
- '#histogram 107 302'
- '#histogram 108 286'
- '#histogram 109 274'
- '#histogram 110 257'
- '#histogram 111 279'
- '#histogram 112 252'
- '#histogram 113 218'
- '#histogram 114 205'
- '#histogram 115 198'
- '#histogram 116 193'
- '#histogram 117 146'
- '#histogram 118 142'
- '#histogram 119 143'
- '#histogram 120 139'
- '#histogram 121 122'
- '#histogram 122 123'
- '#histogram 123 103'
- '#histogram 124 83'
- '#histogram 125 93'
- '#histogram 126 81'
- '#histogram 127 63'
- '#histogram 128 47'
- '#histogram 129 68'
- '#histogram 130 56'
- '#histogram 131 58'
- '#histogram 132 38'
- '#histogram 133 55'
- '#histogram 134 44'
- '#histogram 135 40'
- '#histogram 136 41'
- '#histogram 137 43'
- '#histogram 138 27'
- '#histogram 139 30'
- '#histogram 140 40'
- '#histogram 141 22'
- '#histogram 142 23'
- '#histogram 143 19'
- '#histogram 144 25'
- '#histogram 145 28'
- '#histogram 146 21'
- '#histogram 147 20'
- '#histogram 148 23'
- '#histogram 149 31'
- '#histogram 150 23'
- '#histogram 151 24'
- '#histogram 152 19'
- '#histogram 153 14'
- '#histogram 154 7'
- '#histogram 155 17'
- '#histogram 156 12'
- '#histogram 157 11'
- '#histogram 158 8'
- '#histogram 159 10'
- '#histogram 160 2'
- '#histogram 161 4'
- '#histogram 162 7'
- '#histogram 163 7'
- '#histogram 164 7'
- '#histogram 165 7'
- '#histogram 166 6'
- '#histogram 167 13'
- '#histogram 168 4'
- '#histogram 169 8'
- '#histogram 170 7'
- '#histogram 171 5'
- '#histogram 172 8'
- '#histogram 173 2'
- '#histogram 174 2'
- '#histogram 175 5'
- '#histogram 176 1'
- '#histogram 177 1'
- '#histogram 178 6'
- '#histogram 179 3'
- '#histogram 180 6'
- '#histogram 181 3'
- '#histogram 182 5'
- '#histogram 183 3'
- '#histogram 184 3'
- '#histogram 185 2'
- '#histogram 186 3'
- '#histogram 187 2'
- '#histogram 188 3'
- '#histogram 190 1'
- '#histogram 191 2'
- '#histogram 192 1'
- '#histogram 193 3'
- '#histogram 194 2'
- '#histogram 196 1'
- '#histogram 197 8'
- '#histogram 200 2'
- '#histogram 201 2'
- '#histogram 204 1'
- '#histogram 209 1'
- '#histogram 212 1'
- '#histogram 217 3'
- '#histogram 220 1'
- '#histogram 222 1'
- '#histogram 224 1'
- '#histogram 233 2'
- '#histogram 236 1'
- '#histogram 249 1'
- '#histogram 4999 6'
- ''
