code: 0
data:
  avg_latency: 0.070358
  histogram:
  - - 0
    - 0
  - - 1
    - 62
  - - 2
    - 302
  - - 3
    - 511
  - - 4
    - 642
  - - 5
    - 725
  - - 6
    - 778
  - - 7
    - 873
  - - 8
    - 882
  - - 9
    - 900
  - - 10
    - 945
  - - 11
    - 993
  - - 12
    - 1034
  - - 13
    - 1072
  - - 14
    - 1059
  - - 15
    - 1114
  - - 16
    - 1123
  - - 17
    - 1091
  - - 18
    - 1167
  - - 19
    - 1247
  - - 20
    - 1226
  - - 21
    - 1270
  - - 22
    - 1280
  - - 23
    - 1272
  - - 24
    - 1452
  - - 25
    - 1452
  - - 26
    - 1448
  - - 27
    - 1500
  - - 28
    - 1584
  - - 29
    - 1547
  - - 30
    - 1514
  - - 31
    - 1497
  - - 32
    - 1587
  - - 33
    - 1643
  - - 34
    - 1722
  - - 35
    - 1753
  - - 36
    - 1743
  - - 37
    - 1906
  - - 38
    - 1742
  - - 39
    - 1708
  - - 40
    - 1760
  - - 41
    - 1810
  - - 42
    - 1779
  - - 43
    - 1817
  - - 44
    - 1772
  - - 45
    - 1758
  - - 46
    - 1815
  - - 47
    - 1847
  - - 48
    - 1876
  - - 49
    - 1856
  - - 50
    - 1835
  - - 51
    - 1813
  - - 52
    - 1777
  - - 53
    - 1716
  - - 54
    - 1833
  - - 55
    - 1788
  - - 56
    - 1749
  - - 57
    - 1759
  - - 58
    - 1692
  - - 59
    - 1697
  - - 60
    - 1684
  - - 61
    - 1735
  - - 62
    - 1658
  - - 63
    - 1678
  - - 64
    - 1612
  - - 65
    - 1666
  - - 66
    - 1626
  - - 67
    - 1627
  - - 68
    - 1553
  - - 69
    - 1636
  - - 70
    - 1507
  - - 71
    - 1525
  - - 72
    - 1448
  - - 73
    - 1454
  - - 74
    - 1410
  - - 75
    - 1355
  - - 76
    - 1355
  - - 77
    - 1395
  - - 78
    - 1390
  - - 79
    - 1352
  - - 80
    - 1287
  - - 81
    - 1306
  - - 82
    - 1193
  - - 83
    - 1275
  - - 84
    - 1223
  - - 85
    - 1155
  - - 86
    - 1142
  - - 87
    - 1081
  - - 88
    - 1117
  - - 89
    - 1090
  - - 90
    - 1116
  - - 91
    - 1031
  - - 92
    - 995
  - - 93
    - 997
  - - 94
    - 1000
  - - 95
    - 985
  - - 96
    - 928
  - - 97
    - 949
  - - 98
    - 880
  - - 99
    - 866
  - - 100
    - 780
  - - 101
    - 855
  - - 102
    - 794
  - - 103
    - 767
  - - 104
    - 748
  - - 105
    - 750
  - - 106
    - 704
  - - 107
    - 714
  - - 108
    - 648
  - - 109
    - 691
  - - 110
    - 674
  - - 111
    - 647
  - - 112
    - 651
  - - 113
    - 591
  - - 114
    - 597
  - - 115
    - 551
  - - 116
    - 560
  - - 117
    - 539
  - - 118
    - 564
  - - 119
    - 488
  - - 120
    - 510
  - - 121
    - 543
  - - 122
    - 512
  - - 123
    - 497
  - - 124
    - 498
  - - 125
    - 496
  - - 126
    - 453
  - - 127
    - 419
  - - 128
    - 402
  - - 129
    - 402
  - - 130
    - 424
  - - 131
    - 387
  - - 132
    - 367
  - - 133
    - 365
  - - 134
    - 367
  - - 135
    - 379
  - - 136
    - 343
  - - 137
    - 329
  - - 138
    - 359
  - - 139
    - 309
  - - 140
    - 300
  - - 141
    - 282
  - - 142
    - 258
  - - 143
    - 267
  - - 144
    - 262
  - - 145
    - 260
  - - 146
    - 248
  - - 147
    - 256
  - - 148
    - 257
  - - 149
    - 220
  - - 150
    - 237
  - - 151
    - 220
  - - 152
    - 230
  - - 153
    - 200
  - - 154
    - 206
  - - 155
    - 209
  - - 156
    - 213
  - - 157
    - 212
  - - 158
    - 198
  - - 159
    - 161
  - - 160
    - 166
  - - 161
    - 159
  - - 162
    - 170
  - - 163
    - 160
  - - 164
    - 158
  - - 165
    - 168
  - - 166
    - 144
  - - 167
    - 139
  - - 168
    - 150
  - - 169
    - 136
  - - 170
    - 117
  - - 171
    - 115
  - - 172
    - 130
  - - 173
    - 132
  - - 174
    - 123
  - - 175
    - 121
  - - 176
    - 85
  - - 177
    - 115
  - - 178
    - 112
  - - 179
    - 123
  - - 180
    - 108
  - - 181
    - 120
  - - 182
    - 115
  - - 183
    - 100
  - - 184
    - 101
  - - 185
    - 116
  - - 186
    - 78
  - - 187
    - 92
  - - 188
    - 81
  - - 189
    - 80
  - - 190
    - 92
  - - 191
    - 82
  - - 192
    - 92
  - - 193
    - 72
  - - 194
    - 70
  - - 195
    - 53
  - - 196
    - 79
  - - 197
    - 77
  - - 198
    - 95
  - - 199
    - 87
  - - 200
    - 75
  - - 201
    - 52
  - - 202
    - 79
  - - 203
    - 76
  - - 204
    - 65
  - - 205
    - 55
  - - 206
    - 54
  - - 207
    - 60
  - - 208
    - 53
  - - 209
    - 44
  - - 210
    - 55
  - - 211
    - 62
  - - 212
    - 52
  - - 213
    - 53
  - - 214
    - 44
  - - 215
    - 45
  - - 216
    - 46
  - - 217
    - 46
  - - 218
    - 43
  - - 219
    - 39
  - - 220
    - 48
  - - 221
    - 38
  - - 222
    - 39
  - - 223
    - 42
  - - 224
    - 39
  - - 225
    - 46
  - - 226
    - 37
  - - 227
    - 47
  - - 228
    - 43
  - - 229
    - 40
  - - 230
    - 40
  - - 231
    - 37
  - - 232
    - 48
  - - 233
    - 35
  - - 234
    - 24
  - - 235
    - 32
  - - 236
    - 30
  - - 237
    - 26
  - - 238
    - 42
  - - 239
    - 27
  - - 240
    - 26
  - - 241
    - 29
  - - 242
    - 23
  - - 243
    - 32
  - - 244
    - 24
  - - 245
    - 33
  - - 246
    - 28
  - - 247
    - 31
  - - 248
    - 32
  - - 249
    - 35
  - - 250
    - 21
  - - 251
    - 41
  - - 252
    - 28
  - - 253
    - 26
  - - 254
    - 37
  - - 255
    - 30
  - - 256
    - 38
  - - 257
    - 23
  - - 258
    - 21
  - - 259
    - 21
  - - 260
    - 22
  - - 261
    - 28
  - - 262
    - 18
  - - 263
    - 31
  - - 264
    - 32
  - - 265
    - 22
  - - 266
    - 21
  - - 267
    - 18
  - - 268
    - 15
  - - 269
    - 26
  - - 270
    - 13
  - - 271
    - 18
  - - 272
    - 17
  - - 273
    - 20
  - - 274
    - 17
  - - 275
    - 21
  - - 276
    - 19
  - - 277
    - 21
  - - 278
    - 16
  - - 279
    - 24
  - - 280
    - 12
  - - 281
    - 22
  - - 282
    - 14
  - - 283
    - 11
  - - 284
    - 16
  - - 285
    - 21
  - - 286
    - 16
  - - 287
    - 16
  - - 288
    - 11
  - - 289
    - 20
  - - 290
    - 17
  - - 291
    - 14
  - - 292
    - 13
  - - 293
    - 21
  - - 294
    - 7
  - - 295
    - 10
  - - 296
    - 15
  - - 297
    - 15
  - - 298
    - 15
  - - 299
    - 19
  - - 300
    - 7
  - - 301
    - 11
  - - 302
    - 14
  - - 303
    - 16
  - - 304
    - 12
  - - 305
    - 5
  - - 306
    - 12
  - - 307
    - 7
  - - 308
    - 12
  - - 309
    - 9
  - - 310
    - 6
  - - 311
    - 8
  - - 312
    - 7
  - - 313
    - 3
  - - 314
    - 7
  - - 315
    - 6
  - - 316
    - 9
  - - 317
    - 6
  - - 318
    - 9
  - - 319
    - 9
  - - 320
    - 6
  - - 321
    - 10
  - - 322
    - 7
  - - 323
    - 11
  - - 324
    - 9
  - - 325
    - 14
  - - 326
    - 5
  - - 327
    - 5
  - - 328
    - 3
  - - 329
    - 9
  - - 330
    - 8
  - - 331
    - 6
  - - 332
    - 5
  - - 333
    - 10
  - - 334
    - 9
  - - 335
    - 5
  - - 336
    - 7
  - - 337
    - 6
  - - 338
    - 4
  - - 339
    - 5
  - - 340
    - 8
  - - 341
    - 4
  - - 342
    - 7
  - - 343
    - 4
  - - 344
    - 3
  - - 345
    - 5
  - - 346
    - 4
  - - 347
    - 4
  - - 348
    - 8
  - - 349
    - 5
  - - 350
    - 4
  - - 351
    - 3
  - - 352
    - 5
  - - 353
    - 3
  - - 354
    - 3
  - - 355
    - 1
  - - 356
    - 4
  - - 357
    - 5
  - - 358
    - 5
  - - 359
    - 1
  - - 360
    - 5
  - - 361
    - 2
  - - 362
    - 6
  - - 363
    - 2
  - - 364
    - 2
  - - 365
    - 4
  - - 366
    - 2
  - - 367
    - 5
  - - 368
    - 2
  - - 370
    - 3
  - - 371
    - 9
  - - 372
    - 4
  - - 373
    - 4
  - - 374
    - 6
  - - 375
    - 2
  - - 376
    - 4
  - - 377
    - 1
  - - 378
    - 3
  - - 379
    - 2
  - - 380
    - 1
  - - 383
    - 4
  - - 384
    - 2
  - - 385
    - 1
  - - 386
    - 1
  - - 389
    - 2
  - - 390
    - 1
  - - 394
    - 2
  - - 395
    - 1
  - - 397
    - 2
  - - 398
    - 1
  - - 399
    - 2
  - - 401
    - 1
  - - 403
    - 1
  - - 408
    - 1
  - - 409
    - 1
  - - 410
    - 1
  - - 412
    - 2
  - - 415
    - 4
  - - 418
    - 2
  - - 419
    - 1
  - - 427
    - 1
  - - 431
    - 2
  - - 432
    - 3
  - - 433
    - 1
  - - 441
    - 2
  - - 444
    - 1
  - - 450
    - 1
  - - 465
    - 1
  - - 468
    - 1
  - - 479
    - 2
  - - 485
    - 1
  - - 488
    - 1
  - - 499
    - 1
  - - 503
    - 1
  - - 539
    - 1
  latency_50_percentile: 61.0
  latency_95_percentile: 158.0
  latency_99_5_percentile: 279.0
  latency_99_percentile: 244.0
  max_kubedns_cpu: 683
  max_kubedns_memory: 26
  max_latency: 0.539529
  max_perfserver_cpu: 0
  max_perfserver_memory: 0
  min_latency: 0.001326
  msg: null
  ok: true
  qps: 1415.10241
  queries_completed: 169968
  queries_lost: 0
  queries_sent: 169968
  run_time: 120.110035
  stddev_latency: 0.048028
params:
  max_qps: null
  pod_name: dns-perf-client-858fb7568b-clhd4
  query_file: all-queries.txt
  run_id: 1777663697
  run_length_seconds: 120
  run_subid: 0
stderr:
- ''
stdout:
- DNS Performance Testing Tool
- Nominum Version 2.1.0.0
- ''
- '[Status] Command line: dnsperf -s 10.0.0.10 -l 120 -d /queries/all-queries.txt'
- '[Status] Sending queries (to 10.0.0.10)'
- '[Status] Started at: Fri May  1 19:28:49 2026'
- '[Status] Stopping after 120.000000 seconds'
- '[Status] Testing complete (time limit)'
- ''
- 'Statistics:'
- ''
- '  Queries sent:         169968'
- '  Queries completed:    169968 (100.00%)'
- '  Queries lost:         0 (0.00%)'
- ''
- '  Response codes:       NOERROR 20397 (12.00%), NXDOMAIN 149571 (88.00%)'
- '  Average packet size:  request 39, response 122'
- '  Run time (s):         120.110035'
- '  Queries per second:   1415.102410'
- ''
- '  Average Latency (s):  0.070358 (min 0.001326, max 0.539529)'
- '  Latency StdDev (s):   0.048028'
- ''
- '  Latency histogram'
- '#histogram 0 0'
- '#histogram 1 62'
- '#histogram 2 302'
- '#histogram 3 511'
- '#histogram 4 642'
- '#histogram 5 725'
- '#histogram 6 778'
- '#histogram 7 873'
- '#histogram 8 882'
- '#histogram 9 900'
- '#histogram 10 945'
- '#histogram 11 993'
- '#histogram 12 1034'
- '#histogram 13 1072'
- '#histogram 14 1059'
- '#histogram 15 1114'
- '#histogram 16 1123'
- '#histogram 17 1091'
- '#histogram 18 1167'
- '#histogram 19 1247'
- '#histogram 20 1226'
- '#histogram 21 1270'
- '#histogram 22 1280'
- '#histogram 23 1272'
- '#histogram 24 1452'
- '#histogram 25 1452'
- '#histogram 26 1448'
- '#histogram 27 1500'
- '#histogram 28 1584'
- '#histogram 29 1547'
- '#histogram 30 1514'
- '#histogram 31 1497'
- '#histogram 32 1587'
- '#histogram 33 1643'
- '#histogram 34 1722'
- '#histogram 35 1753'
- '#histogram 36 1743'
- '#histogram 37 1906'
- '#histogram 38 1742'
- '#histogram 39 1708'
- '#histogram 40 1760'
- '#histogram 41 1810'
- '#histogram 42 1779'
- '#histogram 43 1817'
- '#histogram 44 1772'
- '#histogram 45 1758'
- '#histogram 46 1815'
- '#histogram 47 1847'
- '#histogram 48 1876'
- '#histogram 49 1856'
- '#histogram 50 1835'
- '#histogram 51 1813'
- '#histogram 52 1777'
- '#histogram 53 1716'
- '#histogram 54 1833'
- '#histogram 55 1788'
- '#histogram 56 1749'
- '#histogram 57 1759'
- '#histogram 58 1692'
- '#histogram 59 1697'
- '#histogram 60 1684'
- '#histogram 61 1735'
- '#histogram 62 1658'
- '#histogram 63 1678'
- '#histogram 64 1612'
- '#histogram 65 1666'
- '#histogram 66 1626'
- '#histogram 67 1627'
- '#histogram 68 1553'
- '#histogram 69 1636'
- '#histogram 70 1507'
- '#histogram 71 1525'
- '#histogram 72 1448'
- '#histogram 73 1454'
- '#histogram 74 1410'
- '#histogram 75 1355'
- '#histogram 76 1355'
- '#histogram 77 1395'
- '#histogram 78 1390'
- '#histogram 79 1352'
- '#histogram 80 1287'
- '#histogram 81 1306'
- '#histogram 82 1193'
- '#histogram 83 1275'
- '#histogram 84 1223'
- '#histogram 85 1155'
- '#histogram 86 1142'
- '#histogram 87 1081'
- '#histogram 88 1117'
- '#histogram 89 1090'
- '#histogram 90 1116'
- '#histogram 91 1031'
- '#histogram 92 995'
- '#histogram 93 997'
- '#histogram 94 1000'
- '#histogram 95 985'
- '#histogram 96 928'
- '#histogram 97 949'
- '#histogram 98 880'
- '#histogram 99 866'
- '#histogram 100 780'
- '#histogram 101 855'
- '#histogram 102 794'
- '#histogram 103 767'
- '#histogram 104 748'
- '#histogram 105 750'
- '#histogram 106 704'
- '#histogram 107 714'
- '#histogram 108 648'
- '#histogram 109 691'
- '#histogram 110 674'
- '#histogram 111 647'
- '#histogram 112 651'
- '#histogram 113 591'
- '#histogram 114 597'
- '#histogram 115 551'
- '#histogram 116 560'
- '#histogram 117 539'
- '#histogram 118 564'
- '#histogram 119 488'
- '#histogram 120 510'
- '#histogram 121 543'
- '#histogram 122 512'
- '#histogram 123 497'
- '#histogram 124 498'
- '#histogram 125 496'
- '#histogram 126 453'
- '#histogram 127 419'
- '#histogram 128 402'
- '#histogram 129 402'
- '#histogram 130 424'
- '#histogram 131 387'
- '#histogram 132 367'
- '#histogram 133 365'
- '#histogram 134 367'
- '#histogram 135 379'
- '#histogram 136 343'
- '#histogram 137 329'
- '#histogram 138 359'
- '#histogram 139 309'
- '#histogram 140 300'
- '#histogram 141 282'
- '#histogram 142 258'
- '#histogram 143 267'
- '#histogram 144 262'
- '#histogram 145 260'
- '#histogram 146 248'
- '#histogram 147 256'
- '#histogram 148 257'
- '#histogram 149 220'
- '#histogram 150 237'
- '#histogram 151 220'
- '#histogram 152 230'
- '#histogram 153 200'
- '#histogram 154 206'
- '#histogram 155 209'
- '#histogram 156 213'
- '#histogram 157 212'
- '#histogram 158 198'
- '#histogram 159 161'
- '#histogram 160 166'
- '#histogram 161 159'
- '#histogram 162 170'
- '#histogram 163 160'
- '#histogram 164 158'
- '#histogram 165 168'
- '#histogram 166 144'
- '#histogram 167 139'
- '#histogram 168 150'
- '#histogram 169 136'
- '#histogram 170 117'
- '#histogram 171 115'
- '#histogram 172 130'
- '#histogram 173 132'
- '#histogram 174 123'
- '#histogram 175 121'
- '#histogram 176 85'
- '#histogram 177 115'
- '#histogram 178 112'
- '#histogram 179 123'
- '#histogram 180 108'
- '#histogram 181 120'
- '#histogram 182 115'
- '#histogram 183 100'
- '#histogram 184 101'
- '#histogram 185 116'
- '#histogram 186 78'
- '#histogram 187 92'
- '#histogram 188 81'
- '#histogram 189 80'
- '#histogram 190 92'
- '#histogram 191 82'
- '#histogram 192 92'
- '#histogram 193 72'
- '#histogram 194 70'
- '#histogram 195 53'
- '#histogram 196 79'
- '#histogram 197 77'
- '#histogram 198 95'
- '#histogram 199 87'
- '#histogram 200 75'
- '#histogram 201 52'
- '#histogram 202 79'
- '#histogram 203 76'
- '#histogram 204 65'
- '#histogram 205 55'
- '#histogram 206 54'
- '#histogram 207 60'
- '#histogram 208 53'
- '#histogram 209 44'
- '#histogram 210 55'
- '#histogram 211 62'
- '#histogram 212 52'
- '#histogram 213 53'
- '#histogram 214 44'
- '#histogram 215 45'
- '#histogram 216 46'
- '#histogram 217 46'
- '#histogram 218 43'
- '#histogram 219 39'
- '#histogram 220 48'
- '#histogram 221 38'
- '#histogram 222 39'
- '#histogram 223 42'
- '#histogram 224 39'
- '#histogram 225 46'
- '#histogram 226 37'
- '#histogram 227 47'
- '#histogram 228 43'
- '#histogram 229 40'
- '#histogram 230 40'
- '#histogram 231 37'
- '#histogram 232 48'
- '#histogram 233 35'
- '#histogram 234 24'
- '#histogram 235 32'
- '#histogram 236 30'
- '#histogram 237 26'
- '#histogram 238 42'
- '#histogram 239 27'
- '#histogram 240 26'
- '#histogram 241 29'
- '#histogram 242 23'
- '#histogram 243 32'
- '#histogram 244 24'
- '#histogram 245 33'
- '#histogram 246 28'
- '#histogram 247 31'
- '#histogram 248 32'
- '#histogram 249 35'
- '#histogram 250 21'
- '#histogram 251 41'
- '#histogram 252 28'
- '#histogram 253 26'
- '#histogram 254 37'
- '#histogram 255 30'
- '#histogram 256 38'
- '#histogram 257 23'
- '#histogram 258 21'
- '#histogram 259 21'
- '#histogram 260 22'
- '#histogram 261 28'
- '#histogram 262 18'
- '#histogram 263 31'
- '#histogram 264 32'
- '#histogram 265 22'
- '#histogram 266 21'
- '#histogram 267 18'
- '#histogram 268 15'
- '#histogram 269 26'
- '#histogram 270 13'
- '#histogram 271 18'
- '#histogram 272 17'
- '#histogram 273 20'
- '#histogram 274 17'
- '#histogram 275 21'
- '#histogram 276 19'
- '#histogram 277 21'
- '#histogram 278 16'
- '#histogram 279 24'
- '#histogram 280 12'
- '#histogram 281 22'
- '#histogram 282 14'
- '#histogram 283 11'
- '#histogram 284 16'
- '#histogram 285 21'
- '#histogram 286 16'
- '#histogram 287 16'
- '#histogram 288 11'
- '#histogram 289 20'
- '#histogram 290 17'
- '#histogram 291 14'
- '#histogram 292 13'
- '#histogram 293 21'
- '#histogram 294 7'
- '#histogram 295 10'
- '#histogram 296 15'
- '#histogram 297 15'
- '#histogram 298 15'
- '#histogram 299 19'
- '#histogram 300 7'
- '#histogram 301 11'
- '#histogram 302 14'
- '#histogram 303 16'
- '#histogram 304 12'
- '#histogram 305 5'
- '#histogram 306 12'
- '#histogram 307 7'
- '#histogram 308 12'
- '#histogram 309 9'
- '#histogram 310 6'
- '#histogram 311 8'
- '#histogram 312 7'
- '#histogram 313 3'
- '#histogram 314 7'
- '#histogram 315 6'
- '#histogram 316 9'
- '#histogram 317 6'
- '#histogram 318 9'
- '#histogram 319 9'
- '#histogram 320 6'
- '#histogram 321 10'
- '#histogram 322 7'
- '#histogram 323 11'
- '#histogram 324 9'
- '#histogram 325 14'
- '#histogram 326 5'
- '#histogram 327 5'
- '#histogram 328 3'
- '#histogram 329 9'
- '#histogram 330 8'
- '#histogram 331 6'
- '#histogram 332 5'
- '#histogram 333 10'
- '#histogram 334 9'
- '#histogram 335 5'
- '#histogram 336 7'
- '#histogram 337 6'
- '#histogram 338 4'
- '#histogram 339 5'
- '#histogram 340 8'
- '#histogram 341 4'
- '#histogram 342 7'
- '#histogram 343 4'
- '#histogram 344 3'
- '#histogram 345 5'
- '#histogram 346 4'
- '#histogram 347 4'
- '#histogram 348 8'
- '#histogram 349 5'
- '#histogram 350 4'
- '#histogram 351 3'
- '#histogram 352 5'
- '#histogram 353 3'
- '#histogram 354 3'
- '#histogram 355 1'
- '#histogram 356 4'
- '#histogram 357 5'
- '#histogram 358 5'
- '#histogram 359 1'
- '#histogram 360 5'
- '#histogram 361 2'
- '#histogram 362 6'
- '#histogram 363 2'
- '#histogram 364 2'
- '#histogram 365 4'
- '#histogram 366 2'
- '#histogram 367 5'
- '#histogram 368 2'
- '#histogram 370 3'
- '#histogram 371 9'
- '#histogram 372 4'
- '#histogram 373 4'
- '#histogram 374 6'
- '#histogram 375 2'
- '#histogram 376 4'
- '#histogram 377 1'
- '#histogram 378 3'
- '#histogram 379 2'
- '#histogram 380 1'
- '#histogram 383 4'
- '#histogram 384 2'
- '#histogram 385 1'
- '#histogram 386 1'
- '#histogram 389 2'
- '#histogram 390 1'
- '#histogram 394 2'
- '#histogram 395 1'
- '#histogram 397 2'
- '#histogram 398 1'
- '#histogram 399 2'
- '#histogram 401 1'
- '#histogram 403 1'
- '#histogram 408 1'
- '#histogram 409 1'
- '#histogram 410 1'
- '#histogram 412 2'
- '#histogram 415 4'
- '#histogram 418 2'
- '#histogram 419 1'
- '#histogram 427 1'
- '#histogram 431 2'
- '#histogram 432 3'
- '#histogram 433 1'
- '#histogram 441 2'
- '#histogram 444 1'
- '#histogram 450 1'
- '#histogram 465 1'
- '#histogram 468 1'
- '#histogram 479 2'
- '#histogram 485 1'
- '#histogram 488 1'
- '#histogram 499 1'
- '#histogram 503 1'
- '#histogram 539 1'
- ''
