code: 0
data:
  avg_latency: 0.165475
  histogram:
  - - 0
    - 0
  - - 1
    - 10
  - - 2
    - 32
  - - 3
    - 56
  - - 4
    - 95
  - - 5
    - 104
  - - 6
    - 115
  - - 7
    - 146
  - - 8
    - 125
  - - 9
    - 148
  - - 10
    - 158
  - - 11
    - 156
  - - 12
    - 162
  - - 13
    - 153
  - - 14
    - 164
  - - 15
    - 198
  - - 16
    - 178
  - - 17
    - 203
  - - 18
    - 184
  - - 19
    - 180
  - - 20
    - 182
  - - 21
    - 203
  - - 22
    - 207
  - - 23
    - 231
  - - 24
    - 207
  - - 25
    - 223
  - - 26
    - 227
  - - 27
    - 222
  - - 28
    - 245
  - - 29
    - 235
  - - 30
    - 210
  - - 31
    - 246
  - - 32
    - 259
  - - 33
    - 265
  - - 34
    - 273
  - - 35
    - 281
  - - 36
    - 313
  - - 37
    - 265
  - - 38
    - 297
  - - 39
    - 312
  - - 40
    - 289
  - - 41
    - 323
  - - 42
    - 329
  - - 43
    - 323
  - - 44
    - 317
  - - 45
    - 339
  - - 46
    - 307
  - - 47
    - 353
  - - 48
    - 332
  - - 49
    - 330
  - - 50
    - 348
  - - 51
    - 350
  - - 52
    - 358
  - - 53
    - 367
  - - 54
    - 354
  - - 55
    - 369
  - - 56
    - 397
  - - 57
    - 445
  - - 58
    - 363
  - - 59
    - 394
  - - 60
    - 410
  - - 61
    - 409
  - - 62
    - 412
  - - 63
    - 394
  - - 64
    - 391
  - - 65
    - 424
  - - 66
    - 396
  - - 67
    - 405
  - - 68
    - 424
  - - 69
    - 442
  - - 70
    - 402
  - - 71
    - 458
  - - 72
    - 402
  - - 73
    - 403
  - - 74
    - 435
  - - 75
    - 439
  - - 76
    - 399
  - - 77
    - 534
  - - 78
    - 461
  - - 79
    - 445
  - - 80
    - 466
  - - 81
    - 481
  - - 82
    - 460
  - - 83
    - 435
  - - 84
    - 478
  - - 85
    - 442
  - - 86
    - 504
  - - 87
    - 465
  - - 88
    - 455
  - - 89
    - 460
  - - 90
    - 485
  - - 91
    - 498
  - - 92
    - 479
  - - 93
    - 450
  - - 94
    - 468
  - - 95
    - 421
  - - 96
    - 480
  - - 97
    - 470
  - - 98
    - 465
  - - 99
    - 454
  - - 100
    - 455
  - - 101
    - 476
  - - 102
    - 455
  - - 103
    - 421
  - - 104
    - 423
  - - 105
    - 425
  - - 106
    - 460
  - - 107
    - 420
  - - 108
    - 410
  - - 109
    - 421
  - - 110
    - 398
  - - 111
    - 402
  - - 112
    - 444
  - - 113
    - 413
  - - 114
    - 412
  - - 115
    - 390
  - - 116
    - 414
  - - 117
    - 420
  - - 118
    - 441
  - - 119
    - 413
  - - 120
    - 377
  - - 121
    - 381
  - - 122
    - 353
  - - 123
    - 374
  - - 124
    - 326
  - - 125
    - 353
  - - 126
    - 380
  - - 127
    - 359
  - - 128
    - 321
  - - 129
    - 344
  - - 130
    - 337
  - - 131
    - 346
  - - 132
    - 367
  - - 133
    - 321
  - - 134
    - 322
  - - 135
    - 289
  - - 136
    - 308
  - - 137
    - 315
  - - 138
    - 307
  - - 139
    - 308
  - - 140
    - 303
  - - 141
    - 271
  - - 142
    - 314
  - - 143
    - 312
  - - 144
    - 290
  - - 145
    - 253
  - - 146
    - 280
  - - 147
    - 296
  - - 148
    - 248
  - - 149
    - 247
  - - 150
    - 279
  - - 151
    - 270
  - - 152
    - 232
  - - 153
    - 259
  - - 154
    - 235
  - - 155
    - 236
  - - 156
    - 239
  - - 157
    - 240
  - - 158
    - 219
  - - 159
    - 239
  - - 160
    - 223
  - - 161
    - 209
  - - 162
    - 192
  - - 163
    - 212
  - - 164
    - 205
  - - 165
    - 199
  - - 166
    - 210
  - - 167
    - 217
  - - 168
    - 203
  - - 169
    - 193
  - - 170
    - 213
  - - 171
    - 204
  - - 172
    - 186
  - - 173
    - 185
  - - 174
    - 135
  - - 175
    - 168
  - - 176
    - 164
  - - 177
    - 182
  - - 178
    - 153
  - - 179
    - 171
  - - 180
    - 160
  - - 181
    - 173
  - - 182
    - 157
  - - 183
    - 183
  - - 184
    - 171
  - - 185
    - 168
  - - 186
    - 180
  - - 187
    - 143
  - - 188
    - 164
  - - 189
    - 127
  - - 190
    - 129
  - - 191
    - 137
  - - 192
    - 148
  - - 193
    - 126
  - - 194
    - 138
  - - 195
    - 132
  - - 196
    - 124
  - - 197
    - 118
  - - 198
    - 123
  - - 199
    - 127
  - - 200
    - 132
  - - 201
    - 119
  - - 202
    - 131
  - - 203
    - 99
  - - 204
    - 119
  - - 205
    - 102
  - - 206
    - 100
  - - 207
    - 113
  - - 208
    - 111
  - - 209
    - 89
  - - 210
    - 115
  - - 211
    - 99
  - - 212
    - 106
  - - 213
    - 97
  - - 214
    - 81
  - - 215
    - 112
  - - 216
    - 70
  - - 217
    - 91
  - - 218
    - 103
  - - 219
    - 100
  - - 220
    - 96
  - - 221
    - 85
  - - 222
    - 73
  - - 223
    - 84
  - - 224
    - 77
  - - 225
    - 67
  - - 226
    - 78
  - - 227
    - 86
  - - 228
    - 80
  - - 229
    - 63
  - - 230
    - 56
  - - 231
    - 68
  - - 232
    - 80
  - - 233
    - 61
  - - 234
    - 72
  - - 235
    - 73
  - - 236
    - 58
  - - 237
    - 55
  - - 238
    - 62
  - - 239
    - 63
  - - 240
    - 58
  - - 241
    - 56
  - - 242
    - 43
  - - 243
    - 36
  - - 244
    - 43
  - - 245
    - 62
  - - 246
    - 44
  - - 247
    - 51
  - - 248
    - 58
  - - 249
    - 47
  - - 250
    - 58
  - - 251
    - 58
  - - 252
    - 46
  - - 253
    - 43
  - - 254
    - 36
  - - 255
    - 42
  - - 256
    - 44
  - - 257
    - 48
  - - 258
    - 48
  - - 259
    - 44
  - - 260
    - 45
  - - 261
    - 46
  - - 262
    - 48
  - - 263
    - 57
  - - 264
    - 43
  - - 265
    - 39
  - - 266
    - 38
  - - 267
    - 28
  - - 268
    - 31
  - - 269
    - 52
  - - 270
    - 27
  - - 271
    - 40
  - - 272
    - 30
  - - 273
    - 31
  - - 274
    - 34
  - - 275
    - 35
  - - 276
    - 36
  - - 277
    - 35
  - - 278
    - 34
  - - 279
    - 29
  - - 280
    - 25
  - - 281
    - 34
  - - 282
    - 28
  - - 283
    - 24
  - - 284
    - 25
  - - 285
    - 28
  - - 286
    - 23
  - - 287
    - 23
  - - 288
    - 27
  - - 289
    - 27
  - - 290
    - 21
  - - 291
    - 19
  - - 292
    - 17
  - - 293
    - 23
  - - 294
    - 21
  - - 295
    - 24
  - - 296
    - 16
  - - 297
    - 19
  - - 298
    - 15
  - - 299
    - 17
  - - 300
    - 20
  - - 301
    - 19
  - - 302
    - 21
  - - 303
    - 26
  - - 304
    - 15
  - - 305
    - 19
  - - 306
    - 25
  - - 307
    - 21
  - - 308
    - 26
  - - 309
    - 18
  - - 310
    - 23
  - - 311
    - 17
  - - 312
    - 26
  - - 313
    - 22
  - - 314
    - 13
  - - 315
    - 23
  - - 316
    - 28
  - - 317
    - 20
  - - 318
    - 18
  - - 319
    - 18
  - - 320
    - 20
  - - 321
    - 14
  - - 322
    - 16
  - - 323
    - 21
  - - 324
    - 22
  - - 325
    - 19
  - - 326
    - 11
  - - 327
    - 14
  - - 328
    - 14
  - - 329
    - 18
  - - 330
    - 21
  - - 331
    - 16
  - - 332
    - 11
  - - 333
    - 18
  - - 334
    - 19
  - - 335
    - 15
  - - 336
    - 16
  - - 337
    - 14
  - - 338
    - 14
  - - 339
    - 10
  - - 340
    - 15
  - - 341
    - 9
  - - 342
    - 12
  - - 343
    - 13
  - - 344
    - 16
  - - 345
    - 4
  - - 346
    - 11
  - - 347
    - 16
  - - 348
    - 8
  - - 349
    - 7
  - - 350
    - 12
  - - 351
    - 11
  - - 352
    - 11
  - - 353
    - 19
  - - 354
    - 12
  - - 355
    - 10
  - - 356
    - 20
  - - 357
    - 14
  - - 358
    - 11
  - - 359
    - 7
  - - 360
    - 11
  - - 361
    - 15
  - - 362
    - 12
  - - 363
    - 8
  - - 364
    - 12
  - - 365
    - 8
  - - 366
    - 6
  - - 367
    - 11
  - - 368
    - 13
  - - 369
    - 12
  - - 370
    - 19
  - - 371
    - 13
  - - 372
    - 5
  - - 373
    - 7
  - - 374
    - 10
  - - 375
    - 10
  - - 376
    - 8
  - - 377
    - 12
  - - 378
    - 9
  - - 379
    - 13
  - - 380
    - 13
  - - 381
    - 10
  - - 382
    - 11
  - - 383
    - 9
  - - 384
    - 12
  - - 385
    - 6
  - - 386
    - 10
  - - 387
    - 10
  - - 388
    - 13
  - - 389
    - 8
  - - 390
    - 13
  - - 391
    - 13
  - - 392
    - 11
  - - 393
    - 9
  - - 394
    - 8
  - - 395
    - 10
  - - 396
    - 9
  - - 397
    - 9
  - - 398
    - 11
  - - 399
    - 9
  - - 400
    - 11
  - - 401
    - 8
  - - 402
    - 8
  - - 403
    - 12
  - - 404
    - 12
  - - 405
    - 8
  - - 406
    - 10
  - - 407
    - 6
  - - 408
    - 13
  - - 409
    - 10
  - - 410
    - 8
  - - 411
    - 18
  - - 412
    - 12
  - - 413
    - 9
  - - 414
    - 11
  - - 415
    - 8
  - - 416
    - 7
  - - 417
    - 6
  - - 418
    - 13
  - - 419
    - 10
  - - 420
    - 6
  - - 421
    - 12
  - - 422
    - 6
  - - 423
    - 9
  - - 424
    - 11
  - - 425
    - 8
  - - 426
    - 9
  - - 427
    - 11
  - - 428
    - 11
  - - 429
    - 8
  - - 430
    - 9
  - - 431
    - 11
  - - 432
    - 14
  - - 433
    - 15
  - - 434
    - 7
  - - 435
    - 6
  - - 436
    - 9
  - - 437
    - 9
  - - 438
    - 4
  - - 439
    - 6
  - - 440
    - 14
  - - 441
    - 11
  - - 442
    - 14
  - - 443
    - 8
  - - 444
    - 15
  - - 445
    - 8
  - - 446
    - 10
  - - 447
    - 8
  - - 448
    - 11
  - - 449
    - 4
  - - 450
    - 14
  - - 451
    - 9
  - - 452
    - 12
  - - 453
    - 12
  - - 454
    - 14
  - - 455
    - 9
  - - 456
    - 14
  - - 457
    - 5
  - - 458
    - 15
  - - 459
    - 11
  - - 460
    - 10
  - - 461
    - 7
  - - 462
    - 5
  - - 463
    - 7
  - - 464
    - 12
  - - 465
    - 12
  - - 466
    - 11
  - - 467
    - 18
  - - 468
    - 5
  - - 469
    - 7
  - - 470
    - 11
  - - 471
    - 3
  - - 472
    - 10
  - - 473
    - 9
  - - 474
    - 10
  - - 475
    - 10
  - - 476
    - 10
  - - 477
    - 13
  - - 478
    - 13
  - - 479
    - 6
  - - 480
    - 7
  - - 481
    - 8
  - - 482
    - 6
  - - 483
    - 9
  - - 484
    - 14
  - - 485
    - 10
  - - 486
    - 8
  - - 487
    - 19
  - - 488
    - 10
  - - 489
    - 4
  - - 490
    - 10
  - - 491
    - 10
  - - 492
    - 8
  - - 493
    - 10
  - - 494
    - 13
  - - 495
    - 12
  - - 496
    - 13
  - - 497
    - 5
  - - 498
    - 5
  - - 499
    - 7
  - - 500
    - 8
  - - 501
    - 12
  - - 502
    - 10
  - - 503
    - 6
  - - 504
    - 15
  - - 505
    - 7
  - - 506
    - 5
  - - 507
    - 13
  - - 508
    - 7
  - - 509
    - 6
  - - 510
    - 10
  - - 511
    - 6
  - - 512
    - 14
  - - 513
    - 11
  - - 514
    - 12
  - - 515
    - 9
  - - 516
    - 6
  - - 517
    - 9
  - - 518
    - 2
  - - 519
    - 7
  - - 520
    - 15
  - - 521
    - 8
  - - 522
    - 6
  - - 523
    - 6
  - - 524
    - 9
  - - 525
    - 4
  - - 526
    - 8
  - - 527
    - 10
  - - 528
    - 9
  - - 529
    - 5
  - - 530
    - 7
  - - 531
    - 3
  - - 532
    - 14
  - - 533
    - 9
  - - 534
    - 8
  - - 535
    - 8
  - - 536
    - 8
  - - 537
    - 8
  - - 538
    - 5
  - - 539
    - 10
  - - 540
    - 5
  - - 541
    - 8
  - - 542
    - 9
  - - 543
    - 10
  - - 544
    - 12
  - - 545
    - 10
  - - 546
    - 5
  - - 547
    - 5
  - - 548
    - 6
  - - 549
    - 8
  - - 550
    - 11
  - - 551
    - 8
  - - 552
    - 10
  - - 553
    - 12
  - - 554
    - 15
  - - 555
    - 6
  - - 556
    - 9
  - - 557
    - 7
  - - 558
    - 12
  - - 559
    - 5
  - - 560
    - 6
  - - 561
    - 9
  - - 562
    - 7
  - - 563
    - 8
  - - 564
    - 5
  - - 565
    - 13
  - - 566
    - 14
  - - 567
    - 11
  - - 568
    - 10
  - - 569
    - 7
  - - 570
    - 9
  - - 571
    - 12
  - - 572
    - 8
  - - 573
    - 3
  - - 574
    - 5
  - - 575
    - 10
  - - 576
    - 7
  - - 577
    - 6
  - - 578
    - 7
  - - 579
    - 6
  - - 580
    - 8
  - - 581
    - 6
  - - 582
    - 9
  - - 583
    - 5
  - - 584
    - 8
  - - 585
    - 11
  - - 586
    - 11
  - - 587
    - 4
  - - 588
    - 8
  - - 589
    - 9
  - - 590
    - 11
  - - 591
    - 11
  - - 592
    - 10
  - - 593
    - 9
  - - 594
    - 6
  - - 595
    - 8
  - - 596
    - 14
  - - 597
    - 12
  - - 598
    - 7
  - - 599
    - 12
  - - 600
    - 8
  - - 601
    - 8
  - - 602
    - 8
  - - 603
    - 12
  - - 604
    - 10
  - - 605
    - 10
  - - 606
    - 8
  - - 607
    - 7
  - - 608
    - 6
  - - 609
    - 9
  - - 610
    - 4
  - - 611
    - 6
  - - 612
    - 10
  - - 613
    - 6
  - - 614
    - 10
  - - 615
    - 8
  - - 616
    - 3
  - - 617
    - 9
  - - 618
    - 8
  - - 619
    - 9
  - - 620
    - 5
  - - 621
    - 8
  - - 622
    - 6
  - - 623
    - 9
  - - 624
    - 9
  - - 625
    - 10
  - - 626
    - 4
  - - 627
    - 11
  - - 628
    - 5
  - - 629
    - 2
  - - 630
    - 4
  - - 631
    - 8
  - - 632
    - 5
  - - 633
    - 6
  - - 634
    - 7
  - - 635
    - 11
  - - 636
    - 8
  - - 637
    - 7
  - - 638
    - 15
  - - 639
    - 9
  - - 640
    - 7
  - - 641
    - 1
  - - 642
    - 5
  - - 643
    - 6
  - - 644
    - 14
  - - 645
    - 5
  - - 646
    - 7
  - - 647
    - 4
  - - 648
    - 6
  - - 649
    - 7
  - - 650
    - 5
  - - 651
    - 13
  - - 652
    - 5
  - - 653
    - 5
  - - 654
    - 7
  - - 655
    - 7
  - - 656
    - 8
  - - 657
    - 9
  - - 658
    - 6
  - - 659
    - 5
  - - 660
    - 8
  - - 661
    - 9
  - - 662
    - 11
  - - 663
    - 7
  - - 664
    - 7
  - - 665
    - 15
  - - 666
    - 15
  - - 667
    - 7
  - - 668
    - 2
  - - 669
    - 7
  - - 670
    - 7
  - - 671
    - 10
  - - 672
    - 6
  - - 673
    - 9
  - - 674
    - 12
  - - 675
    - 5
  - - 676
    - 8
  - - 677
    - 9
  - - 678
    - 6
  - - 679
    - 12
  - - 680
    - 11
  - - 681
    - 9
  - - 682
    - 12
  - - 683
    - 8
  - - 684
    - 7
  - - 685
    - 11
  - - 686
    - 16
  - - 687
    - 11
  - - 688
    - 8
  - - 689
    - 8
  - - 690
    - 7
  - - 691
    - 6
  - - 692
    - 6
  - - 693
    - 8
  - - 694
    - 7
  - - 695
    - 9
  - - 696
    - 9
  - - 697
    - 12
  - - 698
    - 4
  - - 699
    - 5
  - - 700
    - 8
  - - 701
    - 10
  - - 702
    - 5
  - - 703
    - 6
  - - 704
    - 9
  - - 705
    - 9
  - - 706
    - 14
  - - 707
    - 4
  - - 708
    - 7
  - - 709
    - 8
  - - 710
    - 11
  - - 711
    - 4
  - - 712
    - 8
  - - 713
    - 7
  - - 714
    - 11
  - - 715
    - 8
  - - 716
    - 8
  - - 717
    - 6
  - - 718
    - 7
  - - 719
    - 6
  - - 720
    - 10
  - - 721
    - 8
  - - 722
    - 10
  - - 723
    - 6
  - - 724
    - 8
  - - 725
    - 8
  - - 726
    - 11
  - - 727
    - 8
  - - 728
    - 12
  - - 729
    - 8
  - - 730
    - 5
  - - 731
    - 15
  - - 732
    - 7
  - - 733
    - 15
  - - 734
    - 10
  - - 735
    - 11
  - - 736
    - 8
  - - 737
    - 9
  - - 738
    - 10
  - - 739
    - 10
  - - 740
    - 15
  - - 741
    - 10
  - - 742
    - 13
  - - 743
    - 8
  - - 744
    - 8
  - - 745
    - 10
  - - 746
    - 9
  - - 747
    - 9
  - - 748
    - 8
  - - 749
    - 10
  - - 750
    - 13
  - - 751
    - 11
  - - 752
    - 11
  - - 753
    - 10
  - - 754
    - 6
  - - 755
    - 10
  - - 756
    - 6
  - - 757
    - 14
  - - 758
    - 9
  - - 759
    - 11
  - - 760
    - 9
  - - 761
    - 8
  - - 762
    - 10
  - - 763
    - 6
  - - 764
    - 8
  - - 765
    - 11
  - - 766
    - 12
  - - 767
    - 9
  - - 768
    - 7
  - - 769
    - 8
  - - 770
    - 13
  - - 771
    - 11
  - - 772
    - 12
  - - 773
    - 12
  - - 774
    - 6
  - - 775
    - 7
  - - 776
    - 6
  - - 777
    - 6
  - - 778
    - 17
  - - 779
    - 11
  - - 780
    - 9
  - - 781
    - 14
  - - 782
    - 7
  - - 783
    - 10
  - - 784
    - 17
  - - 785
    - 6
  - - 786
    - 6
  - - 787
    - 6
  - - 788
    - 7
  - - 789
    - 10
  - - 790
    - 7
  - - 791
    - 9
  - - 792
    - 9
  - - 793
    - 9
  - - 794
    - 6
  - - 795
    - 1
  - - 796
    - 11
  - - 797
    - 10
  - - 798
    - 11
  - - 799
    - 9
  - - 800
    - 8
  - - 801
    - 11
  - - 802
    - 9
  - - 803
    - 10
  - - 804
    - 2
  - - 805
    - 9
  - - 806
    - 4
  - - 807
    - 5
  - - 808
    - 12
  - - 809
    - 9
  - - 810
    - 8
  - - 811
    - 6
  - - 812
    - 6
  - - 813
    - 9
  - - 814
    - 11
  - - 815
    - 10
  - - 816
    - 13
  - - 817
    - 11
  - - 818
    - 9
  - - 819
    - 12
  - - 820
    - 9
  - - 821
    - 7
  - - 822
    - 9
  - - 823
    - 10
  - - 824
    - 9
  - - 825
    - 11
  - - 826
    - 14
  - - 827
    - 6
  - - 828
    - 9
  - - 829
    - 5
  - - 830
    - 12
  - - 831
    - 15
  - - 832
    - 4
  - - 833
    - 6
  - - 834
    - 12
  - - 835
    - 12
  - - 836
    - 10
  - - 837
    - 6
  - - 838
    - 5
  - - 839
    - 7
  - - 840
    - 9
  - - 841
    - 5
  - - 842
    - 8
  - - 843
    - 10
  - - 844
    - 9
  - - 845
    - 10
  - - 846
    - 12
  - - 847
    - 4
  - - 848
    - 3
  - - 849
    - 10
  - - 850
    - 17
  - - 851
    - 5
  - - 852
    - 7
  - - 853
    - 1
  - - 854
    - 8
  - - 855
    - 3
  - - 856
    - 10
  - - 857
    - 14
  - - 858
    - 3
  - - 859
    - 5
  - - 860
    - 8
  - - 861
    - 7
  - - 862
    - 9
  - - 863
    - 9
  - - 864
    - 3
  - - 865
    - 4
  - - 866
    - 4
  - - 867
    - 3
  - - 868
    - 7
  - - 869
    - 3
  - - 870
    - 7
  - - 871
    - 13
  - - 872
    - 9
  - - 873
    - 10
  - - 874
    - 6
  - - 875
    - 10
  - - 876
    - 5
  - - 877
    - 4
  - - 878
    - 9
  - - 879
    - 8
  - - 880
    - 6
  - - 881
    - 7
  - - 882
    - 8
  - - 883
    - 5
  - - 884
    - 8
  - - 885
    - 11
  - - 886
    - 7
  - - 887
    - 13
  - - 888
    - 8
  - - 889
    - 6
  - - 890
    - 7
  - - 891
    - 9
  - - 892
    - 4
  - - 893
    - 8
  - - 894
    - 7
  - - 895
    - 8
  - - 896
    - 7
  - - 897
    - 17
  - - 898
    - 6
  - - 899
    - 7
  - - 900
    - 7
  - - 901
    - 4
  - - 902
    - 9
  - - 903
    - 10
  - - 904
    - 4
  - - 905
    - 4
  - - 906
    - 11
  - - 907
    - 3
  - - 908
    - 11
  - - 909
    - 7
  - - 910
    - 10
  - - 911
    - 6
  - - 912
    - 9
  - - 913
    - 4
  - - 914
    - 5
  - - 915
    - 7
  - - 916
    - 4
  - - 917
    - 9
  - - 918
    - 6
  - - 919
    - 2
  - - 920
    - 11
  - - 921
    - 6
  - - 922
    - 8
  - - 923
    - 6
  - - 924
    - 5
  - - 925
    - 4
  - - 926
    - 6
  - - 927
    - 9
  - - 928
    - 8
  - - 929
    - 8
  - - 930
    - 6
  - - 931
    - 9
  - - 932
    - 6
  - - 933
    - 8
  - - 934
    - 8
  - - 935
    - 8
  - - 936
    - 8
  - - 937
    - 9
  - - 938
    - 8
  - - 939
    - 8
  - - 940
    - 8
  - - 941
    - 4
  - - 942
    - 8
  - - 943
    - 6
  - - 944
    - 7
  - - 945
    - 7
  - - 946
    - 2
  - - 947
    - 3
  - - 948
    - 2
  - - 949
    - 5
  - - 950
    - 5
  - - 951
    - 3
  - - 952
    - 10
  - - 953
    - 4
  - - 954
    - 7
  - - 955
    - 9
  - - 956
    - 5
  - - 957
    - 7
  - - 958
    - 5
  - - 959
    - 7
  - - 960
    - 6
  - - 961
    - 7
  - - 962
    - 4
  - - 963
    - 3
  - - 964
    - 6
  - - 965
    - 5
  - - 966
    - 7
  - - 967
    - 5
  - - 968
    - 4
  - - 969
    - 11
  - - 970
    - 5
  - - 971
    - 10
  - - 972
    - 4
  - - 973
    - 8
  - - 974
    - 4
  - - 975
    - 7
  - - 976
    - 3
  - - 977
    - 9
  - - 978
    - 5
  - - 979
    - 11
  - - 980
    - 4
  - - 981
    - 3
  - - 982
    - 3
  - - 983
    - 5
  - - 984
    - 2
  - - 985
    - 10
  - - 986
    - 4
  - - 987
    - 5
  - - 988
    - 3
  - - 989
    - 5
  - - 990
    - 3
  - - 991
    - 5
  - - 992
    - 2
  - - 993
    - 7
  - - 994
    - 6
  - - 995
    - 2
  - - 996
    - 8
  - - 997
    - 4
  - - 998
    - 4
  - - 999
    - 12
  - - 1000
    - 10
  - - 1001
    - 5
  - - 1002
    - 5
  - - 1003
    - 8
  - - 1004
    - 4
  - - 1005
    - 7
  - - 1006
    - 3
  - - 1007
    - 6
  - - 1008
    - 5
  - - 1009
    - 5
  - - 1010
    - 6
  - - 1011
    - 5
  - - 1012
    - 2
  - - 1013
    - 7
  - - 1014
    - 8
  - - 1015
    - 11
  - - 1016
    - 1
  - - 1017
    - 6
  - - 1018
    - 3
  - - 1019
    - 5
  - - 1020
    - 4
  - - 1021
    - 1
  - - 1022
    - 5
  - - 1023
    - 6
  - - 1024
    - 7
  - - 1025
    - 6
  - - 1026
    - 5
  - - 1027
    - 4
  - - 1028
    - 2
  - - 1029
    - 1
  - - 1030
    - 4
  - - 1032
    - 4
  - - 1033
    - 3
  - - 1034
    - 2
  - - 1035
    - 7
  - - 1036
    - 4
  - - 1037
    - 2
  - - 1038
    - 3
  - - 1039
    - 6
  - - 1040
    - 4
  - - 1041
    - 5
  - - 1042
    - 7
  - - 1043
    - 2
  - - 1044
    - 3
  - - 1045
    - 9
  - - 1046
    - 3
  - - 1047
    - 3
  - - 1048
    - 8
  - - 1049
    - 4
  - - 1050
    - 3
  - - 1051
    - 3
  - - 1052
    - 3
  - - 1053
    - 11
  - - 1054
    - 3
  - - 1055
    - 4
  - - 1056
    - 6
  - - 1057
    - 5
  - - 1058
    - 4
  - - 1059
    - 2
  - - 1060
    - 4
  - - 1061
    - 4
  - - 1062
    - 5
  - - 1063
    - 4
  - - 1064
    - 4
  - - 1065
    - 4
  - - 1066
    - 5
  - - 1067
    - 2
  - - 1068
    - 6
  - - 1069
    - 6
  - - 1070
    - 4
  - - 1071
    - 1
  - - 1072
    - 4
  - - 1073
    - 3
  - - 1074
    - 1
  - - 1075
    - 4
  - - 1076
    - 4
  - - 1077
    - 2
  - - 1078
    - 6
  - - 1079
    - 1
  - - 1080
    - 2
  - - 1081
    - 4
  - - 1082
    - 3
  - - 1083
    - 2
  - - 1084
    - 4
  - - 1085
    - 5
  - - 1086
    - 2
  - - 1087
    - 1
  - - 1088
    - 4
  - - 1089
    - 3
  - - 1090
    - 5
  - - 1091
    - 2
  - - 1092
    - 2
  - - 1093
    - 6
  - - 1094
    - 2
  - - 1095
    - 4
  - - 1096
    - 5
  - - 1097
    - 2
  - - 1098
    - 6
  - - 1099
    - 2
  - - 1100
    - 1
  - - 1101
    - 3
  - - 1102
    - 3
  - - 1103
    - 2
  - - 1104
    - 2
  - - 1105
    - 4
  - - 1106
    - 2
  - - 1107
    - 4
  - - 1108
    - 2
  - - 1109
    - 5
  - - 1110
    - 1
  - - 1111
    - 3
  - - 1112
    - 6
  - - 1113
    - 5
  - - 1114
    - 4
  - - 1115
    - 1
  - - 1116
    - 2
  - - 1117
    - 1
  - - 1118
    - 1
  - - 1119
    - 4
  - - 1120
    - 4
  - - 1121
    - 6
  - - 1122
    - 3
  - - 1123
    - 5
  - - 1124
    - 2
  - - 1125
    - 1
  - - 1126
    - 4
  - - 1127
    - 3
  - - 1128
    - 2
  - - 1129
    - 1
  - - 1130
    - 1
  - - 1131
    - 3
  - - 1132
    - 4
  - - 1133
    - 3
  - - 1134
    - 5
  - - 1135
    - 6
  - - 1136
    - 4
  - - 1137
    - 1
  - - 1138
    - 1
  - - 1139
    - 2
  - - 1140
    - 3
  - - 1141
    - 2
  - - 1142
    - 2
  - - 1143
    - 3
  - - 1144
    - 6
  - - 1145
    - 7
  - - 1146
    - 2
  - - 1148
    - 2
  - - 1149
    - 3
  - - 1150
    - 1
  - - 1151
    - 5
  - - 1152
    - 2
  - - 1153
    - 2
  - - 1154
    - 3
  - - 1155
    - 1
  - - 1156
    - 2
  - - 1157
    - 1
  - - 1158
    - 5
  - - 1159
    - 4
  - - 1160
    - 3
  - - 1161
    - 3
  - - 1162
    - 5
  - - 1163
    - 1
  - - 1164
    - 2
  - - 1165
    - 1
  - - 1166
    - 1
  - - 1168
    - 1
  - - 1169
    - 4
  - - 1170
    - 1
  - - 1171
    - 5
  - - 1172
    - 3
  - - 1173
    - 1
  - - 1176
    - 4
  - - 1177
    - 3
  - - 1178
    - 7
  - - 1179
    - 1
  - - 1180
    - 1
  - - 1181
    - 2
  - - 1182
    - 2
  - - 1183
    - 2
  - - 1184
    - 3
  - - 1185
    - 1
  - - 1186
    - 3
  - - 1187
    - 4
  - - 1188
    - 3
  - - 1189
    - 4
  - - 1190
    - 4
  - - 1191
    - 2
  - - 1192
    - 2
  - - 1193
    - 4
  - - 1194
    - 3
  - - 1196
    - 1
  - - 1197
    - 1
  - - 1199
    - 3
  - - 1200
    - 2
  - - 1201
    - 3
  - - 1202
    - 2
  - - 1203
    - 3
  - - 1204
    - 4
  - - 1205
    - 3
  - - 1206
    - 3
  - - 1208
    - 2
  - - 1209
    - 5
  - - 1210
    - 1
  - - 1211
    - 3
  - - 1212
    - 3
  - - 1213
    - 3
  - - 1214
    - 1
  - - 1215
    - 1
  - - 1216
    - 1
  - - 1217
    - 1
  - - 1218
    - 1
  - - 1219
    - 2
  - - 1220
    - 4
  - - 1221
    - 1
  - - 1222
    - 3
  - - 1223
    - 1
  - - 1224
    - 1
  - - 1225
    - 5
  - - 1226
    - 1
  - - 1227
    - 1
  - - 1229
    - 2
  - - 1230
    - 1
  - - 1231
    - 4
  - - 1232
    - 4
  - - 1233
    - 1
  - - 1234
    - 3
  - - 1236
    - 3
  - - 1237
    - 2
  - - 1238
    - 1
  - - 1239
    - 1
  - - 1240
    - 3
  - - 1241
    - 1
  - - 1242
    - 2
  - - 1243
    - 3
  - - 1244
    - 2
  - - 1245
    - 1
  - - 1248
    - 1
  - - 1251
    - 1
  - - 1252
    - 1
  - - 1253
    - 2
  - - 1254
    - 3
  - - 1255
    - 1
  - - 1256
    - 1
  - - 1257
    - 1
  - - 1258
    - 1
  - - 1259
    - 2
  - - 1261
    - 1
  - - 1262
    - 1
  - - 1263
    - 1
  - - 1266
    - 1
  - - 1267
    - 1
  - - 1269
    - 2
  - - 1270
    - 4
  - - 1271
    - 4
  - - 1272
    - 1
  - - 1274
    - 1
  - - 1275
    - 4
  - - 1276
    - 3
  - - 1278
    - 2
  - - 1279
    - 2
  - - 1281
    - 3
  - - 1282
    - 1
  - - 1283
    - 1
  - - 1284
    - 2
  - - 1287
    - 2
  - - 1288
    - 1
  - - 1290
    - 2
  - - 1291
    - 2
  - - 1292
    - 2
  - - 1293
    - 1
  - - 1296
    - 3
  - - 1297
    - 2
  - - 1298
    - 1
  - - 1301
    - 3
  - - 1304
    - 2
  - - 1306
    - 2
  - - 1307
    - 1
  - - 1308
    - 1
  - - 1309
    - 1
  - - 1310
    - 4
  - - 1311
    - 3
  - - 1312
    - 1
  - - 1322
    - 1
  - - 1323
    - 2
  - - 1324
    - 1
  - - 1326
    - 1
  - - 1327
    - 2
  - - 1330
    - 1
  - - 1331
    - 3
  - - 1333
    - 3
  - - 1336
    - 2
  - - 1338
    - 2
  - - 1341
    - 2
  - - 1343
    - 1
  - - 1344
    - 1
  - - 1345
    - 1
  - - 1346
    - 2
  - - 1347
    - 1
  - - 1349
    - 1
  - - 1356
    - 1
  - - 1361
    - 1
  - - 1372
    - 1
  - - 1375
    - 1
  - - 1379
    - 1
  - - 1389
    - 1
  - - 1390
    - 1
  - - 1398
    - 1
  - - 1418
    - 2
  - - 1422
    - 1
  - - 1424
    - 1
  - - 1425
    - 1
  - - 1428
    - 1
  - - 1436
    - 1
  - - 1439
    - 1
  - - 1450
    - 1
  - - 1453
    - 1
  - - 1456
    - 1
  - - 1459
    - 1
  - - 1476
    - 1
  - - 1505
    - 1
  - - 1506
    - 1
  - - 1509
    - 1
  - - 1511
    - 1
  - - 1543
    - 1
  - - 1556
    - 1
  - - 2120
    - 1
  latency_50_percentile: 109.0
  latency_95_percentile: 654.0
  latency_99_5_percentile: 1145.0
  latency_99_percentile: 1040.0
  max_kubedns_cpu: 712
  max_kubedns_memory: 31
  max_latency: 2.120553
  max_perfserver_cpu: 0
  max_perfserver_memory: 0
  min_latency: 0.001213
  msg: null
  ok: true
  qps: 602.638203
  queries_completed: 72531
  queries_lost: 0
  queries_sent: 72531
  run_time: 120.355795
  stddev_latency: 0.197131
params:
  max_qps: null
  pod_name: dns-perf-client-858fb7568b-t85nc
  query_file: all-queries.txt
  run_id: 1777661526
  run_length_seconds: 120
  run_subid: 0
stderr:
- ''
stdout:
- DNS Performance Testing Tool
- Nominum Version 2.1.0.0
- ''
- '[Status] Command line: dnsperf -s 10.0.0.10 -l 120 -d /queries/all-queries.txt'
- '[Status] Sending queries (to 10.0.0.10)'
- '[Status] Started at: Fri May  1 18:52:43 2026'
- '[Status] Stopping after 120.000000 seconds'
- '[Status] Testing complete (time limit)'
- ''
- 'Statistics:'
- ''
- '  Queries sent:         72531'
- '  Queries completed:    72531 (100.00%)'
- '  Queries lost:         0 (0.00%)'
- ''
- '  Response codes:       NOERROR 8703 (12.00%), NXDOMAIN 63828 (88.00%)'
- '  Average packet size:  request 38, response 122'
- '  Run time (s):         120.355795'
- '  Queries per second:   602.638203'
- ''
- '  Average Latency (s):  0.165475 (min 0.001213, max 2.120553)'
- '  Latency StdDev (s):   0.197131'
- ''
- '  Latency histogram'
- '#histogram 0 0'
- '#histogram 1 10'
- '#histogram 2 32'
- '#histogram 3 56'
- '#histogram 4 95'
- '#histogram 5 104'
- '#histogram 6 115'
- '#histogram 7 146'
- '#histogram 8 125'
- '#histogram 9 148'
- '#histogram 10 158'
- '#histogram 11 156'
- '#histogram 12 162'
- '#histogram 13 153'
- '#histogram 14 164'
- '#histogram 15 198'
- '#histogram 16 178'
- '#histogram 17 203'
- '#histogram 18 184'
- '#histogram 19 180'
- '#histogram 20 182'
- '#histogram 21 203'
- '#histogram 22 207'
- '#histogram 23 231'
- '#histogram 24 207'
- '#histogram 25 223'
- '#histogram 26 227'
- '#histogram 27 222'
- '#histogram 28 245'
- '#histogram 29 235'
- '#histogram 30 210'
- '#histogram 31 246'
- '#histogram 32 259'
- '#histogram 33 265'
- '#histogram 34 273'
- '#histogram 35 281'
- '#histogram 36 313'
- '#histogram 37 265'
- '#histogram 38 297'
- '#histogram 39 312'
- '#histogram 40 289'
- '#histogram 41 323'
- '#histogram 42 329'
- '#histogram 43 323'
- '#histogram 44 317'
- '#histogram 45 339'
- '#histogram 46 307'
- '#histogram 47 353'
- '#histogram 48 332'
- '#histogram 49 330'
- '#histogram 50 348'
- '#histogram 51 350'
- '#histogram 52 358'
- '#histogram 53 367'
- '#histogram 54 354'
- '#histogram 55 369'
- '#histogram 56 397'
- '#histogram 57 445'
- '#histogram 58 363'
- '#histogram 59 394'
- '#histogram 60 410'
- '#histogram 61 409'
- '#histogram 62 412'
- '#histogram 63 394'
- '#histogram 64 391'
- '#histogram 65 424'
- '#histogram 66 396'
- '#histogram 67 405'
- '#histogram 68 424'
- '#histogram 69 442'
- '#histogram 70 402'
- '#histogram 71 458'
- '#histogram 72 402'
- '#histogram 73 403'
- '#histogram 74 435'
- '#histogram 75 439'
- '#histogram 76 399'
- '#histogram 77 534'
- '#histogram 78 461'
- '#histogram 79 445'
- '#histogram 80 466'
- '#histogram 81 481'
- '#histogram 82 460'
- '#histogram 83 435'
- '#histogram 84 478'
- '#histogram 85 442'
- '#histogram 86 504'
- '#histogram 87 465'
- '#histogram 88 455'
- '#histogram 89 460'
- '#histogram 90 485'
- '#histogram 91 498'
- '#histogram 92 479'
- '#histogram 93 450'
- '#histogram 94 468'
- '#histogram 95 421'
- '#histogram 96 480'
- '#histogram 97 470'
- '#histogram 98 465'
- '#histogram 99 454'
- '#histogram 100 455'
- '#histogram 101 476'
- '#histogram 102 455'
- '#histogram 103 421'
- '#histogram 104 423'
- '#histogram 105 425'
- '#histogram 106 460'
- '#histogram 107 420'
- '#histogram 108 410'
- '#histogram 109 421'
- '#histogram 110 398'
- '#histogram 111 402'
- '#histogram 112 444'
- '#histogram 113 413'
- '#histogram 114 412'
- '#histogram 115 390'
- '#histogram 116 414'
- '#histogram 117 420'
- '#histogram 118 441'
- '#histogram 119 413'
- '#histogram 120 377'
- '#histogram 121 381'
- '#histogram 122 353'
- '#histogram 123 374'
- '#histogram 124 326'
- '#histogram 125 353'
- '#histogram 126 380'
- '#histogram 127 359'
- '#histogram 128 321'
- '#histogram 129 344'
- '#histogram 130 337'
- '#histogram 131 346'
- '#histogram 132 367'
- '#histogram 133 321'
- '#histogram 134 322'
- '#histogram 135 289'
- '#histogram 136 308'
- '#histogram 137 315'
- '#histogram 138 307'
- '#histogram 139 308'
- '#histogram 140 303'
- '#histogram 141 271'
- '#histogram 142 314'
- '#histogram 143 312'
- '#histogram 144 290'
- '#histogram 145 253'
- '#histogram 146 280'
- '#histogram 147 296'
- '#histogram 148 248'
- '#histogram 149 247'
- '#histogram 150 279'
- '#histogram 151 270'
- '#histogram 152 232'
- '#histogram 153 259'
- '#histogram 154 235'
- '#histogram 155 236'
- '#histogram 156 239'
- '#histogram 157 240'
- '#histogram 158 219'
- '#histogram 159 239'
- '#histogram 160 223'
- '#histogram 161 209'
- '#histogram 162 192'
- '#histogram 163 212'
- '#histogram 164 205'
- '#histogram 165 199'
- '#histogram 166 210'
- '#histogram 167 217'
- '#histogram 168 203'
- '#histogram 169 193'
- '#histogram 170 213'
- '#histogram 171 204'
- '#histogram 172 186'
- '#histogram 173 185'
- '#histogram 174 135'
- '#histogram 175 168'
- '#histogram 176 164'
- '#histogram 177 182'
- '#histogram 178 153'
- '#histogram 179 171'
- '#histogram 180 160'
- '#histogram 181 173'
- '#histogram 182 157'
- '#histogram 183 183'
- '#histogram 184 171'
- '#histogram 185 168'
- '#histogram 186 180'
- '#histogram 187 143'
- '#histogram 188 164'
- '#histogram 189 127'
- '#histogram 190 129'
- '#histogram 191 137'
- '#histogram 192 148'
- '#histogram 193 126'
- '#histogram 194 138'
- '#histogram 195 132'
- '#histogram 196 124'
- '#histogram 197 118'
- '#histogram 198 123'
- '#histogram 199 127'
- '#histogram 200 132'
- '#histogram 201 119'
- '#histogram 202 131'
- '#histogram 203 99'
- '#histogram 204 119'
- '#histogram 205 102'
- '#histogram 206 100'
- '#histogram 207 113'
- '#histogram 208 111'
- '#histogram 209 89'
- '#histogram 210 115'
- '#histogram 211 99'
- '#histogram 212 106'
- '#histogram 213 97'
- '#histogram 214 81'
- '#histogram 215 112'
- '#histogram 216 70'
- '#histogram 217 91'
- '#histogram 218 103'
- '#histogram 219 100'
- '#histogram 220 96'
- '#histogram 221 85'
- '#histogram 222 73'
- '#histogram 223 84'
- '#histogram 224 77'
- '#histogram 225 67'
- '#histogram 226 78'
- '#histogram 227 86'
- '#histogram 228 80'
- '#histogram 229 63'
- '#histogram 230 56'
- '#histogram 231 68'
- '#histogram 232 80'
- '#histogram 233 61'
- '#histogram 234 72'
- '#histogram 235 73'
- '#histogram 236 58'
- '#histogram 237 55'
- '#histogram 238 62'
- '#histogram 239 63'
- '#histogram 240 58'
- '#histogram 241 56'
- '#histogram 242 43'
- '#histogram 243 36'
- '#histogram 244 43'
- '#histogram 245 62'
- '#histogram 246 44'
- '#histogram 247 51'
- '#histogram 248 58'
- '#histogram 249 47'
- '#histogram 250 58'
- '#histogram 251 58'
- '#histogram 252 46'
- '#histogram 253 43'
- '#histogram 254 36'
- '#histogram 255 42'
- '#histogram 256 44'
- '#histogram 257 48'
- '#histogram 258 48'
- '#histogram 259 44'
- '#histogram 260 45'
- '#histogram 261 46'
- '#histogram 262 48'
- '#histogram 263 57'
- '#histogram 264 43'
- '#histogram 265 39'
- '#histogram 266 38'
- '#histogram 267 28'
- '#histogram 268 31'
- '#histogram 269 52'
- '#histogram 270 27'
- '#histogram 271 40'
- '#histogram 272 30'
- '#histogram 273 31'
- '#histogram 274 34'
- '#histogram 275 35'
- '#histogram 276 36'
- '#histogram 277 35'
- '#histogram 278 34'
- '#histogram 279 29'
- '#histogram 280 25'
- '#histogram 281 34'
- '#histogram 282 28'
- '#histogram 283 24'
- '#histogram 284 25'
- '#histogram 285 28'
- '#histogram 286 23'
- '#histogram 287 23'
- '#histogram 288 27'
- '#histogram 289 27'
- '#histogram 290 21'
- '#histogram 291 19'
- '#histogram 292 17'
- '#histogram 293 23'
- '#histogram 294 21'
- '#histogram 295 24'
- '#histogram 296 16'
- '#histogram 297 19'
- '#histogram 298 15'
- '#histogram 299 17'
- '#histogram 300 20'
- '#histogram 301 19'
- '#histogram 302 21'
- '#histogram 303 26'
- '#histogram 304 15'
- '#histogram 305 19'
- '#histogram 306 25'
- '#histogram 307 21'
- '#histogram 308 26'
- '#histogram 309 18'
- '#histogram 310 23'
- '#histogram 311 17'
- '#histogram 312 26'
- '#histogram 313 22'
- '#histogram 314 13'
- '#histogram 315 23'
- '#histogram 316 28'
- '#histogram 317 20'
- '#histogram 318 18'
- '#histogram 319 18'
- '#histogram 320 20'
- '#histogram 321 14'
- '#histogram 322 16'
- '#histogram 323 21'
- '#histogram 324 22'
- '#histogram 325 19'
- '#histogram 326 11'
- '#histogram 327 14'
- '#histogram 328 14'
- '#histogram 329 18'
- '#histogram 330 21'
- '#histogram 331 16'
- '#histogram 332 11'
- '#histogram 333 18'
- '#histogram 334 19'
- '#histogram 335 15'
- '#histogram 336 16'
- '#histogram 337 14'
- '#histogram 338 14'
- '#histogram 339 10'
- '#histogram 340 15'
- '#histogram 341 9'
- '#histogram 342 12'
- '#histogram 343 13'
- '#histogram 344 16'
- '#histogram 345 4'
- '#histogram 346 11'
- '#histogram 347 16'
- '#histogram 348 8'
- '#histogram 349 7'
- '#histogram 350 12'
- '#histogram 351 11'
- '#histogram 352 11'
- '#histogram 353 19'
- '#histogram 354 12'
- '#histogram 355 10'
- '#histogram 356 20'
- '#histogram 357 14'
- '#histogram 358 11'
- '#histogram 359 7'
- '#histogram 360 11'
- '#histogram 361 15'
- '#histogram 362 12'
- '#histogram 363 8'
- '#histogram 364 12'
- '#histogram 365 8'
- '#histogram 366 6'
- '#histogram 367 11'
- '#histogram 368 13'
- '#histogram 369 12'
- '#histogram 370 19'
- '#histogram 371 13'
- '#histogram 372 5'
- '#histogram 373 7'
- '#histogram 374 10'
- '#histogram 375 10'
- '#histogram 376 8'
- '#histogram 377 12'
- '#histogram 378 9'
- '#histogram 379 13'
- '#histogram 380 13'
- '#histogram 381 10'
- '#histogram 382 11'
- '#histogram 383 9'
- '#histogram 384 12'
- '#histogram 385 6'
- '#histogram 386 10'
- '#histogram 387 10'
- '#histogram 388 13'
- '#histogram 389 8'
- '#histogram 390 13'
- '#histogram 391 13'
- '#histogram 392 11'
- '#histogram 393 9'
- '#histogram 394 8'
- '#histogram 395 10'
- '#histogram 396 9'
- '#histogram 397 9'
- '#histogram 398 11'
- '#histogram 399 9'
- '#histogram 400 11'
- '#histogram 401 8'
- '#histogram 402 8'
- '#histogram 403 12'
- '#histogram 404 12'
- '#histogram 405 8'
- '#histogram 406 10'
- '#histogram 407 6'
- '#histogram 408 13'
- '#histogram 409 10'
- '#histogram 410 8'
- '#histogram 411 18'
- '#histogram 412 12'
- '#histogram 413 9'
- '#histogram 414 11'
- '#histogram 415 8'
- '#histogram 416 7'
- '#histogram 417 6'
- '#histogram 418 13'
- '#histogram 419 10'
- '#histogram 420 6'
- '#histogram 421 12'
- '#histogram 422 6'
- '#histogram 423 9'
- '#histogram 424 11'
- '#histogram 425 8'
- '#histogram 426 9'
- '#histogram 427 11'
- '#histogram 428 11'
- '#histogram 429 8'
- '#histogram 430 9'
- '#histogram 431 11'
- '#histogram 432 14'
- '#histogram 433 15'
- '#histogram 434 7'
- '#histogram 435 6'
- '#histogram 436 9'
- '#histogram 437 9'
- '#histogram 438 4'
- '#histogram 439 6'
- '#histogram 440 14'
- '#histogram 441 11'
- '#histogram 442 14'
- '#histogram 443 8'
- '#histogram 444 15'
- '#histogram 445 8'
- '#histogram 446 10'
- '#histogram 447 8'
- '#histogram 448 11'
- '#histogram 449 4'
- '#histogram 450 14'
- '#histogram 451 9'
- '#histogram 452 12'
- '#histogram 453 12'
- '#histogram 454 14'
- '#histogram 455 9'
- '#histogram 456 14'
- '#histogram 457 5'
- '#histogram 458 15'
- '#histogram 459 11'
- '#histogram 460 10'
- '#histogram 461 7'
- '#histogram 462 5'
- '#histogram 463 7'
- '#histogram 464 12'
- '#histogram 465 12'
- '#histogram 466 11'
- '#histogram 467 18'
- '#histogram 468 5'
- '#histogram 469 7'
- '#histogram 470 11'
- '#histogram 471 3'
- '#histogram 472 10'
- '#histogram 473 9'
- '#histogram 474 10'
- '#histogram 475 10'
- '#histogram 476 10'
- '#histogram 477 13'
- '#histogram 478 13'
- '#histogram 479 6'
- '#histogram 480 7'
- '#histogram 481 8'
- '#histogram 482 6'
- '#histogram 483 9'
- '#histogram 484 14'
- '#histogram 485 10'
- '#histogram 486 8'
- '#histogram 487 19'
- '#histogram 488 10'
- '#histogram 489 4'
- '#histogram 490 10'
- '#histogram 491 10'
- '#histogram 492 8'
- '#histogram 493 10'
- '#histogram 494 13'
- '#histogram 495 12'
- '#histogram 496 13'
- '#histogram 497 5'
- '#histogram 498 5'
- '#histogram 499 7'
- '#histogram 500 8'
- '#histogram 501 12'
- '#histogram 502 10'
- '#histogram 503 6'
- '#histogram 504 15'
- '#histogram 505 7'
- '#histogram 506 5'
- '#histogram 507 13'
- '#histogram 508 7'
- '#histogram 509 6'
- '#histogram 510 10'
- '#histogram 511 6'
- '#histogram 512 14'
- '#histogram 513 11'
- '#histogram 514 12'
- '#histogram 515 9'
- '#histogram 516 6'
- '#histogram 517 9'
- '#histogram 518 2'
- '#histogram 519 7'
- '#histogram 520 15'
- '#histogram 521 8'
- '#histogram 522 6'
- '#histogram 523 6'
- '#histogram 524 9'
- '#histogram 525 4'
- '#histogram 526 8'
- '#histogram 527 10'
- '#histogram 528 9'
- '#histogram 529 5'
- '#histogram 530 7'
- '#histogram 531 3'
- '#histogram 532 14'
- '#histogram 533 9'
- '#histogram 534 8'
- '#histogram 535 8'
- '#histogram 536 8'
- '#histogram 537 8'
- '#histogram 538 5'
- '#histogram 539 10'
- '#histogram 540 5'
- '#histogram 541 8'
- '#histogram 542 9'
- '#histogram 543 10'
- '#histogram 544 12'
- '#histogram 545 10'
- '#histogram 546 5'
- '#histogram 547 5'
- '#histogram 548 6'
- '#histogram 549 8'
- '#histogram 550 11'
- '#histogram 551 8'
- '#histogram 552 10'
- '#histogram 553 12'
- '#histogram 554 15'
- '#histogram 555 6'
- '#histogram 556 9'
- '#histogram 557 7'
- '#histogram 558 12'
- '#histogram 559 5'
- '#histogram 560 6'
- '#histogram 561 9'
- '#histogram 562 7'
- '#histogram 563 8'
- '#histogram 564 5'
- '#histogram 565 13'
- '#histogram 566 14'
- '#histogram 567 11'
- '#histogram 568 10'
- '#histogram 569 7'
- '#histogram 570 9'
- '#histogram 571 12'
- '#histogram 572 8'
- '#histogram 573 3'
- '#histogram 574 5'
- '#histogram 575 10'
- '#histogram 576 7'
- '#histogram 577 6'
- '#histogram 578 7'
- '#histogram 579 6'
- '#histogram 580 8'
- '#histogram 581 6'
- '#histogram 582 9'
- '#histogram 583 5'
- '#histogram 584 8'
- '#histogram 585 11'
- '#histogram 586 11'
- '#histogram 587 4'
- '#histogram 588 8'
- '#histogram 589 9'
- '#histogram 590 11'
- '#histogram 591 11'
- '#histogram 592 10'
- '#histogram 593 9'
- '#histogram 594 6'
- '#histogram 595 8'
- '#histogram 596 14'
- '#histogram 597 12'
- '#histogram 598 7'
- '#histogram 599 12'
- '#histogram 600 8'
- '#histogram 601 8'
- '#histogram 602 8'
- '#histogram 603 12'
- '#histogram 604 10'
- '#histogram 605 10'
- '#histogram 606 8'
- '#histogram 607 7'
- '#histogram 608 6'
- '#histogram 609 9'
- '#histogram 610 4'
- '#histogram 611 6'
- '#histogram 612 10'
- '#histogram 613 6'
- '#histogram 614 10'
- '#histogram 615 8'
- '#histogram 616 3'
- '#histogram 617 9'
- '#histogram 618 8'
- '#histogram 619 9'
- '#histogram 620 5'
- '#histogram 621 8'
- '#histogram 622 6'
- '#histogram 623 9'
- '#histogram 624 9'
- '#histogram 625 10'
- '#histogram 626 4'
- '#histogram 627 11'
- '#histogram 628 5'
- '#histogram 629 2'
- '#histogram 630 4'
- '#histogram 631 8'
- '#histogram 632 5'
- '#histogram 633 6'
- '#histogram 634 7'
- '#histogram 635 11'
- '#histogram 636 8'
- '#histogram 637 7'
- '#histogram 638 15'
- '#histogram 639 9'
- '#histogram 640 7'
- '#histogram 641 1'
- '#histogram 642 5'
- '#histogram 643 6'
- '#histogram 644 14'
- '#histogram 645 5'
- '#histogram 646 7'
- '#histogram 647 4'
- '#histogram 648 6'
- '#histogram 649 7'
- '#histogram 650 5'
- '#histogram 651 13'
- '#histogram 652 5'
- '#histogram 653 5'
- '#histogram 654 7'
- '#histogram 655 7'
- '#histogram 656 8'
- '#histogram 657 9'
- '#histogram 658 6'
- '#histogram 659 5'
- '#histogram 660 8'
- '#histogram 661 9'
- '#histogram 662 11'
- '#histogram 663 7'
- '#histogram 664 7'
- '#histogram 665 15'
- '#histogram 666 15'
- '#histogram 667 7'
- '#histogram 668 2'
- '#histogram 669 7'
- '#histogram 670 7'
- '#histogram 671 10'
- '#histogram 672 6'
- '#histogram 673 9'
- '#histogram 674 12'
- '#histogram 675 5'
- '#histogram 676 8'
- '#histogram 677 9'
- '#histogram 678 6'
- '#histogram 679 12'
- '#histogram 680 11'
- '#histogram 681 9'
- '#histogram 682 12'
- '#histogram 683 8'
- '#histogram 684 7'
- '#histogram 685 11'
- '#histogram 686 16'
- '#histogram 687 11'
- '#histogram 688 8'
- '#histogram 689 8'
- '#histogram 690 7'
- '#histogram 691 6'
- '#histogram 692 6'
- '#histogram 693 8'
- '#histogram 694 7'
- '#histogram 695 9'
- '#histogram 696 9'
- '#histogram 697 12'
- '#histogram 698 4'
- '#histogram 699 5'
- '#histogram 700 8'
- '#histogram 701 10'
- '#histogram 702 5'
- '#histogram 703 6'
- '#histogram 704 9'
- '#histogram 705 9'
- '#histogram 706 14'
- '#histogram 707 4'
- '#histogram 708 7'
- '#histogram 709 8'
- '#histogram 710 11'
- '#histogram 711 4'
- '#histogram 712 8'
- '#histogram 713 7'
- '#histogram 714 11'
- '#histogram 715 8'
- '#histogram 716 8'
- '#histogram 717 6'
- '#histogram 718 7'
- '#histogram 719 6'
- '#histogram 720 10'
- '#histogram 721 8'
- '#histogram 722 10'
- '#histogram 723 6'
- '#histogram 724 8'
- '#histogram 725 8'
- '#histogram 726 11'
- '#histogram 727 8'
- '#histogram 728 12'
- '#histogram 729 8'
- '#histogram 730 5'
- '#histogram 731 15'
- '#histogram 732 7'
- '#histogram 733 15'
- '#histogram 734 10'
- '#histogram 735 11'
- '#histogram 736 8'
- '#histogram 737 9'
- '#histogram 738 10'
- '#histogram 739 10'
- '#histogram 740 15'
- '#histogram 741 10'
- '#histogram 742 13'
- '#histogram 743 8'
- '#histogram 744 8'
- '#histogram 745 10'
- '#histogram 746 9'
- '#histogram 747 9'
- '#histogram 748 8'
- '#histogram 749 10'
- '#histogram 750 13'
- '#histogram 751 11'
- '#histogram 752 11'
- '#histogram 753 10'
- '#histogram 754 6'
- '#histogram 755 10'
- '#histogram 756 6'
- '#histogram 757 14'
- '#histogram 758 9'
- '#histogram 759 11'
- '#histogram 760 9'
- '#histogram 761 8'
- '#histogram 762 10'
- '#histogram 763 6'
- '#histogram 764 8'
- '#histogram 765 11'
- '#histogram 766 12'
- '#histogram 767 9'
- '#histogram 768 7'
- '#histogram 769 8'
- '#histogram 770 13'
- '#histogram 771 11'
- '#histogram 772 12'
- '#histogram 773 12'
- '#histogram 774 6'
- '#histogram 775 7'
- '#histogram 776 6'
- '#histogram 777 6'
- '#histogram 778 17'
- '#histogram 779 11'
- '#histogram 780 9'
- '#histogram 781 14'
- '#histogram 782 7'
- '#histogram 783 10'
- '#histogram 784 17'
- '#histogram 785 6'
- '#histogram 786 6'
- '#histogram 787 6'
- '#histogram 788 7'
- '#histogram 789 10'
- '#histogram 790 7'
- '#histogram 791 9'
- '#histogram 792 9'
- '#histogram 793 9'
- '#histogram 794 6'
- '#histogram 795 1'
- '#histogram 796 11'
- '#histogram 797 10'
- '#histogram 798 11'
- '#histogram 799 9'
- '#histogram 800 8'
- '#histogram 801 11'
- '#histogram 802 9'
- '#histogram 803 10'
- '#histogram 804 2'
- '#histogram 805 9'
- '#histogram 806 4'
- '#histogram 807 5'
- '#histogram 808 12'
- '#histogram 809 9'
- '#histogram 810 8'
- '#histogram 811 6'
- '#histogram 812 6'
- '#histogram 813 9'
- '#histogram 814 11'
- '#histogram 815 10'
- '#histogram 816 13'
- '#histogram 817 11'
- '#histogram 818 9'
- '#histogram 819 12'
- '#histogram 820 9'
- '#histogram 821 7'
- '#histogram 822 9'
- '#histogram 823 10'
- '#histogram 824 9'
- '#histogram 825 11'
- '#histogram 826 14'
- '#histogram 827 6'
- '#histogram 828 9'
- '#histogram 829 5'
- '#histogram 830 12'
- '#histogram 831 15'
- '#histogram 832 4'
- '#histogram 833 6'
- '#histogram 834 12'
- '#histogram 835 12'
- '#histogram 836 10'
- '#histogram 837 6'
- '#histogram 838 5'
- '#histogram 839 7'
- '#histogram 840 9'
- '#histogram 841 5'
- '#histogram 842 8'
- '#histogram 843 10'
- '#histogram 844 9'
- '#histogram 845 10'
- '#histogram 846 12'
- '#histogram 847 4'
- '#histogram 848 3'
- '#histogram 849 10'
- '#histogram 850 17'
- '#histogram 851 5'
- '#histogram 852 7'
- '#histogram 853 1'
- '#histogram 854 8'
- '#histogram 855 3'
- '#histogram 856 10'
- '#histogram 857 14'
- '#histogram 858 3'
- '#histogram 859 5'
- '#histogram 860 8'
- '#histogram 861 7'
- '#histogram 862 9'
- '#histogram 863 9'
- '#histogram 864 3'
- '#histogram 865 4'
- '#histogram 866 4'
- '#histogram 867 3'
- '#histogram 868 7'
- '#histogram 869 3'
- '#histogram 870 7'
- '#histogram 871 13'
- '#histogram 872 9'
- '#histogram 873 10'
- '#histogram 874 6'
- '#histogram 875 10'
- '#histogram 876 5'
- '#histogram 877 4'
- '#histogram 878 9'
- '#histogram 879 8'
- '#histogram 880 6'
- '#histogram 881 7'
- '#histogram 882 8'
- '#histogram 883 5'
- '#histogram 884 8'
- '#histogram 885 11'
- '#histogram 886 7'
- '#histogram 887 13'
- '#histogram 888 8'
- '#histogram 889 6'
- '#histogram 890 7'
- '#histogram 891 9'
- '#histogram 892 4'
- '#histogram 893 8'
- '#histogram 894 7'
- '#histogram 895 8'
- '#histogram 896 7'
- '#histogram 897 17'
- '#histogram 898 6'
- '#histogram 899 7'
- '#histogram 900 7'
- '#histogram 901 4'
- '#histogram 902 9'
- '#histogram 903 10'
- '#histogram 904 4'
- '#histogram 905 4'
- '#histogram 906 11'
- '#histogram 907 3'
- '#histogram 908 11'
- '#histogram 909 7'
- '#histogram 910 10'
- '#histogram 911 6'
- '#histogram 912 9'
- '#histogram 913 4'
- '#histogram 914 5'
- '#histogram 915 7'
- '#histogram 916 4'
- '#histogram 917 9'
- '#histogram 918 6'
- '#histogram 919 2'
- '#histogram 920 11'
- '#histogram 921 6'
- '#histogram 922 8'
- '#histogram 923 6'
- '#histogram 924 5'
- '#histogram 925 4'
- '#histogram 926 6'
- '#histogram 927 9'
- '#histogram 928 8'
- '#histogram 929 8'
- '#histogram 930 6'
- '#histogram 931 9'
- '#histogram 932 6'
- '#histogram 933 8'
- '#histogram 934 8'
- '#histogram 935 8'
- '#histogram 936 8'
- '#histogram 937 9'
- '#histogram 938 8'
- '#histogram 939 8'
- '#histogram 940 8'
- '#histogram 941 4'
- '#histogram 942 8'
- '#histogram 943 6'
- '#histogram 944 7'
- '#histogram 945 7'
- '#histogram 946 2'
- '#histogram 947 3'
- '#histogram 948 2'
- '#histogram 949 5'
- '#histogram 950 5'
- '#histogram 951 3'
- '#histogram 952 10'
- '#histogram 953 4'
- '#histogram 954 7'
- '#histogram 955 9'
- '#histogram 956 5'
- '#histogram 957 7'
- '#histogram 958 5'
- '#histogram 959 7'
- '#histogram 960 6'
- '#histogram 961 7'
- '#histogram 962 4'
- '#histogram 963 3'
- '#histogram 964 6'
- '#histogram 965 5'
- '#histogram 966 7'
- '#histogram 967 5'
- '#histogram 968 4'
- '#histogram 969 11'
- '#histogram 970 5'
- '#histogram 971 10'
- '#histogram 972 4'
- '#histogram 973 8'
- '#histogram 974 4'
- '#histogram 975 7'
- '#histogram 976 3'
- '#histogram 977 9'
- '#histogram 978 5'
- '#histogram 979 11'
- '#histogram 980 4'
- '#histogram 981 3'
- '#histogram 982 3'
- '#histogram 983 5'
- '#histogram 984 2'
- '#histogram 985 10'
- '#histogram 986 4'
- '#histogram 987 5'
- '#histogram 988 3'
- '#histogram 989 5'
- '#histogram 990 3'
- '#histogram 991 5'
- '#histogram 992 2'
- '#histogram 993 7'
- '#histogram 994 6'
- '#histogram 995 2'
- '#histogram 996 8'
- '#histogram 997 4'
- '#histogram 998 4'
- '#histogram 999 12'
- '#histogram 1000 10'
- '#histogram 1001 5'
- '#histogram 1002 5'
- '#histogram 1003 8'
- '#histogram 1004 4'
- '#histogram 1005 7'
- '#histogram 1006 3'
- '#histogram 1007 6'
- '#histogram 1008 5'
- '#histogram 1009 5'
- '#histogram 1010 6'
- '#histogram 1011 5'
- '#histogram 1012 2'
- '#histogram 1013 7'
- '#histogram 1014 8'
- '#histogram 1015 11'
- '#histogram 1016 1'
- '#histogram 1017 6'
- '#histogram 1018 3'
- '#histogram 1019 5'
- '#histogram 1020 4'
- '#histogram 1021 1'
- '#histogram 1022 5'
- '#histogram 1023 6'
- '#histogram 1024 7'
- '#histogram 1025 6'
- '#histogram 1026 5'
- '#histogram 1027 4'
- '#histogram 1028 2'
- '#histogram 1029 1'
- '#histogram 1030 4'
- '#histogram 1032 4'
- '#histogram 1033 3'
- '#histogram 1034 2'
- '#histogram 1035 7'
- '#histogram 1036 4'
- '#histogram 1037 2'
- '#histogram 1038 3'
- '#histogram 1039 6'
- '#histogram 1040 4'
- '#histogram 1041 5'
- '#histogram 1042 7'
- '#histogram 1043 2'
- '#histogram 1044 3'
- '#histogram 1045 9'
- '#histogram 1046 3'
- '#histogram 1047 3'
- '#histogram 1048 8'
- '#histogram 1049 4'
- '#histogram 1050 3'
- '#histogram 1051 3'
- '#histogram 1052 3'
- '#histogram 1053 11'
- '#histogram 1054 3'
- '#histogram 1055 4'
- '#histogram 1056 6'
- '#histogram 1057 5'
- '#histogram 1058 4'
- '#histogram 1059 2'
- '#histogram 1060 4'
- '#histogram 1061 4'
- '#histogram 1062 5'
- '#histogram 1063 4'
- '#histogram 1064 4'
- '#histogram 1065 4'
- '#histogram 1066 5'
- '#histogram 1067 2'
- '#histogram 1068 6'
- '#histogram 1069 6'
- '#histogram 1070 4'
- '#histogram 1071 1'
- '#histogram 1072 4'
- '#histogram 1073 3'
- '#histogram 1074 1'
- '#histogram 1075 4'
- '#histogram 1076 4'
- '#histogram 1077 2'
- '#histogram 1078 6'
- '#histogram 1079 1'
- '#histogram 1080 2'
- '#histogram 1081 4'
- '#histogram 1082 3'
- '#histogram 1083 2'
- '#histogram 1084 4'
- '#histogram 1085 5'
- '#histogram 1086 2'
- '#histogram 1087 1'
- '#histogram 1088 4'
- '#histogram 1089 3'
- '#histogram 1090 5'
- '#histogram 1091 2'
- '#histogram 1092 2'
- '#histogram 1093 6'
- '#histogram 1094 2'
- '#histogram 1095 4'
- '#histogram 1096 5'
- '#histogram 1097 2'
- '#histogram 1098 6'
- '#histogram 1099 2'
- '#histogram 1100 1'
- '#histogram 1101 3'
- '#histogram 1102 3'
- '#histogram 1103 2'
- '#histogram 1104 2'
- '#histogram 1105 4'
- '#histogram 1106 2'
- '#histogram 1107 4'
- '#histogram 1108 2'
- '#histogram 1109 5'
- '#histogram 1110 1'
- '#histogram 1111 3'
- '#histogram 1112 6'
- '#histogram 1113 5'
- '#histogram 1114 4'
- '#histogram 1115 1'
- '#histogram 1116 2'
- '#histogram 1117 1'
- '#histogram 1118 1'
- '#histogram 1119 4'
- '#histogram 1120 4'
- '#histogram 1121 6'
- '#histogram 1122 3'
- '#histogram 1123 5'
- '#histogram 1124 2'
- '#histogram 1125 1'
- '#histogram 1126 4'
- '#histogram 1127 3'
- '#histogram 1128 2'
- '#histogram 1129 1'
- '#histogram 1130 1'
- '#histogram 1131 3'
- '#histogram 1132 4'
- '#histogram 1133 3'
- '#histogram 1134 5'
- '#histogram 1135 6'
- '#histogram 1136 4'
- '#histogram 1137 1'
- '#histogram 1138 1'
- '#histogram 1139 2'
- '#histogram 1140 3'
- '#histogram 1141 2'
- '#histogram 1142 2'
- '#histogram 1143 3'
- '#histogram 1144 6'
- '#histogram 1145 7'
- '#histogram 1146 2'
- '#histogram 1148 2'
- '#histogram 1149 3'
- '#histogram 1150 1'
- '#histogram 1151 5'
- '#histogram 1152 2'
- '#histogram 1153 2'
- '#histogram 1154 3'
- '#histogram 1155 1'
- '#histogram 1156 2'
- '#histogram 1157 1'
- '#histogram 1158 5'
- '#histogram 1159 4'
- '#histogram 1160 3'
- '#histogram 1161 3'
- '#histogram 1162 5'
- '#histogram 1163 1'
- '#histogram 1164 2'
- '#histogram 1165 1'
- '#histogram 1166 1'
- '#histogram 1168 1'
- '#histogram 1169 4'
- '#histogram 1170 1'
- '#histogram 1171 5'
- '#histogram 1172 3'
- '#histogram 1173 1'
- '#histogram 1176 4'
- '#histogram 1177 3'
- '#histogram 1178 7'
- '#histogram 1179 1'
- '#histogram 1180 1'
- '#histogram 1181 2'
- '#histogram 1182 2'
- '#histogram 1183 2'
- '#histogram 1184 3'
- '#histogram 1185 1'
- '#histogram 1186 3'
- '#histogram 1187 4'
- '#histogram 1188 3'
- '#histogram 1189 4'
- '#histogram 1190 4'
- '#histogram 1191 2'
- '#histogram 1192 2'
- '#histogram 1193 4'
- '#histogram 1194 3'
- '#histogram 1196 1'
- '#histogram 1197 1'
- '#histogram 1199 3'
- '#histogram 1200 2'
- '#histogram 1201 3'
- '#histogram 1202 2'
- '#histogram 1203 3'
- '#histogram 1204 4'
- '#histogram 1205 3'
- '#histogram 1206 3'
- '#histogram 1208 2'
- '#histogram 1209 5'
- '#histogram 1210 1'
- '#histogram 1211 3'
- '#histogram 1212 3'
- '#histogram 1213 3'
- '#histogram 1214 1'
- '#histogram 1215 1'
- '#histogram 1216 1'
- '#histogram 1217 1'
- '#histogram 1218 1'
- '#histogram 1219 2'
- '#histogram 1220 4'
- '#histogram 1221 1'
- '#histogram 1222 3'
- '#histogram 1223 1'
- '#histogram 1224 1'
- '#histogram 1225 5'
- '#histogram 1226 1'
- '#histogram 1227 1'
- '#histogram 1229 2'
- '#histogram 1230 1'
- '#histogram 1231 4'
- '#histogram 1232 4'
- '#histogram 1233 1'
- '#histogram 1234 3'
- '#histogram 1236 3'
- '#histogram 1237 2'
- '#histogram 1238 1'
- '#histogram 1239 1'
- '#histogram 1240 3'
- '#histogram 1241 1'
- '#histogram 1242 2'
- '#histogram 1243 3'
- '#histogram 1244 2'
- '#histogram 1245 1'
- '#histogram 1248 1'
- '#histogram 1251 1'
- '#histogram 1252 1'
- '#histogram 1253 2'
- '#histogram 1254 3'
- '#histogram 1255 1'
- '#histogram 1256 1'
- '#histogram 1257 1'
- '#histogram 1258 1'
- '#histogram 1259 2'
- '#histogram 1261 1'
- '#histogram 1262 1'
- '#histogram 1263 1'
- '#histogram 1266 1'
- '#histogram 1267 1'
- '#histogram 1269 2'
- '#histogram 1270 4'
- '#histogram 1271 4'
- '#histogram 1272 1'
- '#histogram 1274 1'
- '#histogram 1275 4'
- '#histogram 1276 3'
- '#histogram 1278 2'
- '#histogram 1279 2'
- '#histogram 1281 3'
- '#histogram 1282 1'
- '#histogram 1283 1'
- '#histogram 1284 2'
- '#histogram 1287 2'
- '#histogram 1288 1'
- '#histogram 1290 2'
- '#histogram 1291 2'
- '#histogram 1292 2'
- '#histogram 1293 1'
- '#histogram 1296 3'
- '#histogram 1297 2'
- '#histogram 1298 1'
- '#histogram 1301 3'
- '#histogram 1304 2'
- '#histogram 1306 2'
- '#histogram 1307 1'
- '#histogram 1308 1'
- '#histogram 1309 1'
- '#histogram 1310 4'
- '#histogram 1311 3'
- '#histogram 1312 1'
- '#histogram 1322 1'
- '#histogram 1323 2'
- '#histogram 1324 1'
- '#histogram 1326 1'
- '#histogram 1327 2'
- '#histogram 1330 1'
- '#histogram 1331 3'
- '#histogram 1333 3'
- '#histogram 1336 2'
- '#histogram 1338 2'
- '#histogram 1341 2'
- '#histogram 1343 1'
- '#histogram 1344 1'
- '#histogram 1345 1'
- '#histogram 1346 2'
- '#histogram 1347 1'
- '#histogram 1349 1'
- '#histogram 1356 1'
- '#histogram 1361 1'
- '#histogram 1372 1'
- '#histogram 1375 1'
- '#histogram 1379 1'
- '#histogram 1389 1'
- '#histogram 1390 1'
- '#histogram 1398 1'
- '#histogram 1418 2'
- '#histogram 1422 1'
- '#histogram 1424 1'
- '#histogram 1425 1'
- '#histogram 1428 1'
- '#histogram 1436 1'
- '#histogram 1439 1'
- '#histogram 1450 1'
- '#histogram 1453 1'
- '#histogram 1456 1'
- '#histogram 1459 1'
- '#histogram 1476 1'
- '#histogram 1505 1'
- '#histogram 1506 1'
- '#histogram 1509 1'
- '#histogram 1511 1'
- '#histogram 1543 1'
- '#histogram 1556 1'
- '#histogram 2120 1'
- ''
