code: 0
data:
  avg_latency: 0.026632
  histogram:
  - - 0
    - 5712
  - - 1
    - 3380
  - - 2
    - 2376
  - - 3
    - 1629
  - - 4
    - 952
  - - 5
    - 729
  - - 6
    - 447
  - - 7
    - 362
  - - 8
    - 263
  - - 9
    - 127
  - - 10
    - 108
  - - 11
    - 84
  - - 12
    - 70
  - - 13
    - 62
  - - 14
    - 59
  - - 15
    - 59
  - - 16
    - 63
  - - 17
    - 116
  - - 18
    - 240
  - - 19
    - 580
  - - 20
    - 1243
  - - 21
    - 2495
  - - 22
    - 4607
  - - 23
    - 7211
  - - 24
    - 9519
  - - 25
    - 10498
  - - 26
    - 9982
  - - 27
    - 8392
  - - 28
    - 6495
  - - 29
    - 4796
  - - 30
    - 3126
  - - 31
    - 2084
  - - 32
    - 1570
  - - 33
    - 889
  - - 34
    - 665
  - - 35
    - 596
  - - 36
    - 476
  - - 37
    - 459
  - - 38
    - 314
  - - 39
    - 273
  - - 40
    - 317
  - - 41
    - 338
  - - 42
    - 425
  - - 43
    - 615
  - - 44
    - 585
  - - 45
    - 693
  - - 46
    - 871
  - - 47
    - 867
  - - 48
    - 981
  - - 49
    - 960
  - - 50
    - 975
  - - 51
    - 936
  - - 52
    - 814
  - - 53
    - 741
  - - 54
    - 577
  - - 55
    - 409
  - - 56
    - 321
  - - 57
    - 261
  - - 58
    - 170
  - - 59
    - 149
  - - 60
    - 114
  - - 61
    - 111
  - - 62
    - 102
  - - 63
    - 92
  - - 64
    - 90
  - - 65
    - 90
  - - 66
    - 101
  - - 67
    - 99
  - - 68
    - 97
  - - 69
    - 127
  - - 70
    - 123
  - - 71
    - 101
  - - 72
    - 99
  - - 73
    - 123
  - - 74
    - 112
  - - 75
    - 75
  - - 76
    - 89
  - - 77
    - 95
  - - 78
    - 77
  - - 79
    - 54
  - - 80
    - 75
  - - 81
    - 50
  - - 82
    - 37
  - - 83
    - 24
  - - 84
    - 24
  - - 85
    - 26
  - - 86
    - 28
  - - 87
    - 17
  - - 88
    - 20
  - - 89
    - 17
  - - 90
    - 11
  - - 91
    - 16
  - - 92
    - 11
  - - 93
    - 10
  - - 94
    - 20
  - - 95
    - 25
  - - 96
    - 19
  - - 97
    - 22
  - - 98
    - 22
  - - 99
    - 16
  - - 100
    - 13
  - - 101
    - 15
  - - 102
    - 10
  - - 103
    - 9
  - - 104
    - 13
  - - 105
    - 8
  - - 106
    - 9
  - - 107
    - 6
  - - 109
    - 4
  - - 110
    - 5
  - - 111
    - 1
  - - 112
    - 3
  - - 113
    - 2
  - - 114
    - 3
  - - 115
    - 3
  - - 116
    - 3
  - - 117
    - 3
  - - 118
    - 2
  - - 119
    - 3
  - - 120
    - 3
  - - 121
    - 2
  - - 122
    - 2
  - - 123
    - 4
  - - 124
    - 1
  - - 125
    - 2
  - - 126
    - 2
  - - 127
    - 3
  - - 129
    - 2
  - - 130
    - 1
  - - 133
    - 3
  - - 136
    - 2
  - - 137
    - 2
  - - 139
    - 1
  - - 140
    - 1
  - - 144
    - 1
  - - 160
    - 1
  - - 4999
    - 100
  latency_50_percentile: 26.0
  latency_95_percentile: 52.0
  latency_99_5_percentile: 84.0
  latency_99_percentile: 75.0
  max_kubedns_cpu: 1028
  max_kubedns_memory: 28
  max_latency: 0.160419
  max_perfserver_cpu: 0
  max_perfserver_memory: 0
  min_latency: 0.000234
  msg: null
  ok: true
  qps: 3590.706283
  queries_completed: 107722
  queries_lost: 100
  queries_sent: 107822
  run_time: 30.000226
  stddev_latency: 0.014788
params:
  max_qps: null
  pod_name: dns-perf-client-858fb7568b-fwn6z
  query_file: all-queries.txt
  run_id: 1777602473
  run_length_seconds: 30
  run_subid: 0
stderr:
- ''
stdout:
- DNS Performance Testing Tool
- Nominum Version 2.1.0.0
- ''
- '[Status] Command line: dnsperf -s 10.0.0.10 -l 30 -d /queries/all-queries.txt'
- '[Status] Sending queries (to 10.0.0.10)'
- '[Status] Started at: Fri May  1 02:28:27 2026'
- '[Status] Stopping after 30.000000 seconds'
- '[Timeout] Query timed out: msg id 42104'
- '[Timeout] Query timed out: msg id 42185'
- '[Timeout] Query timed out: msg id 42184'
- '[Timeout] Query timed out: msg id 42191'
- '[Timeout] Query timed out: msg id 42186'
- '[Timeout] Query timed out: msg id 42187'
- '[Timeout] Query timed out: msg id 42188'
- '[Timeout] Query timed out: msg id 42189'
- '[Timeout] Query timed out: msg id 42190'
- '[Timeout] Query timed out: msg id 42281'
- '[Timeout] Query timed out: msg id 42107'
- '[Timeout] Query timed out: msg id 42192'
- '[Timeout] Query timed out: msg id 42112'
- '[Timeout] Query timed out: msg id 42194'
- '[Timeout] Query timed out: msg id 42195'
- '[Timeout] Query timed out: msg id 42196'
- '[Timeout] Query timed out: msg id 42198'
- '[Timeout] Query timed out: msg id 42201'
- '[Timeout] Query timed out: msg id 42202'
- '[Timeout] Query timed out: msg id 42203'
- '[Timeout] Query timed out: msg id 42291'
- '[Timeout] Query timed out: msg id 42121'
- '[Timeout] Query timed out: msg id 42124'
- '[Timeout] Query timed out: msg id 42303'
- '[Timeout] Query timed out: msg id 42212'
- '[Timeout] Query timed out: msg id 42211'
- '[Timeout] Query timed out: msg id 42125'
- '[Timeout] Query timed out: msg id 42214'
- '[Timeout] Query timed out: msg id 42216'
- '[Timeout] Query timed out: msg id 42217'
- '[Timeout] Query timed out: msg id 42223'
- '[Timeout] Query timed out: msg id 42219'
- '[Timeout] Query timed out: msg id 42222'
- '[Timeout] Query timed out: msg id 42225'
- '[Timeout] Query timed out: msg id 42224'
- '[Timeout] Query timed out: msg id 42226'
- '[Timeout] Query timed out: msg id 42227'
- '[Timeout] Query timed out: msg id 42228'
- '[Timeout] Query timed out: msg id 42229'
- '[Timeout] Query timed out: msg id 42231'
- '[Timeout] Query timed out: msg id 42233'
- '[Timeout] Query timed out: msg id 42232'
- '[Timeout] Query timed out: msg id 42234'
- '[Timeout] Query timed out: msg id 42140'
- '[Timeout] Query timed out: msg id 42318'
- '[Timeout] Query timed out: msg id 42236'
- '[Timeout] Query timed out: msg id 42248'
- '[Timeout] Query timed out: msg id 42237'
- '[Timeout] Query timed out: msg id 42238'
- '[Timeout] Query timed out: msg id 42239'
- '[Timeout] Query timed out: msg id 42240'
- '[Timeout] Query timed out: msg id 42241'
- '[Timeout] Query timed out: msg id 42242'
- '[Timeout] Query timed out: msg id 42256'
- '[Timeout] Query timed out: msg id 42243'
- '[Timeout] Query timed out: msg id 42244'
- '[Timeout] Query timed out: msg id 42245'
- '[Timeout] Query timed out: msg id 42246'
- '[Timeout] Query timed out: msg id 42247'
- '[Timeout] Query timed out: msg id 42253'
- '[Timeout] Query timed out: msg id 42252'
- '[Timeout] Query timed out: msg id 42254'
- '[Timeout] Query timed out: msg id 42255'
- '[Timeout] Query timed out: msg id 42249'
- '[Timeout] Query timed out: msg id 42251'
- '[Timeout] Query timed out: msg id 42250'
- '[Timeout] Query timed out: msg id 42257'
- '[Timeout] Query timed out: msg id 42258'
- '[Timeout] Query timed out: msg id 42259'
- '[Timeout] Query timed out: msg id 42262'
- '[Timeout] Query timed out: msg id 42263'
- '[Timeout] Query timed out: msg id 42260'
- '[Timeout] Query timed out: msg id 42261'
- '[Timeout] Query timed out: msg id 42264'
- '[Timeout] Query timed out: msg id 42266'
- '[Timeout] Query timed out: msg id 42267'
- '[Timeout] Query timed out: msg id 42170'
- '[Timeout] Query timed out: msg id 42269'
- '[Timeout] Query timed out: msg id 42270'
- '[Timeout] Query timed out: msg id 42271'
- '[Timeout] Query timed out: msg id 42339'
- '[Timeout] Query timed out: msg id 42357'
- '[Timeout] Query timed out: msg id 42345'
- '[Timeout] Query timed out: msg id 42101'
- '[Timeout] Query timed out: msg id 42349'
- '[Timeout] Query timed out: msg id 42274'
- '[Timeout] Query timed out: msg id 42358'
- '[Timeout] Query timed out: msg id 42277'
- '[Timeout] Query timed out: msg id 42278'
- '[Timeout] Query timed out: msg id 42350'
- '[Timeout] Query timed out: msg id 42282'
- '[Timeout] Query timed out: msg id 42283'
- '[Timeout] Query timed out: msg id 42284'
- '[Timeout] Query timed out: msg id 42285'
- '[Timeout] Query timed out: msg id 42197'
- '[Timeout] Query timed out: msg id 42200'
- '[Timeout] Query timed out: msg id 42352'
- '[Timeout] Query timed out: msg id 42288'
- '[Timeout] Query timed out: msg id 42294'
- '[Timeout] Query timed out: msg id 42382'
- '[Status] Testing complete (time limit)'
- ''
- 'Statistics:'
- ''
- '  Queries sent:         107822'
- '  Queries completed:    107722 (99.91%)'
- '  Queries lost:         100 (0.09%)'
- ''
- '  Response codes:       NOERROR 12927 (12.00%), NXDOMAIN 94795 (88.00%)'
- '  Average packet size:  request 38, response 122'
- '  Run time (s):         30.000226'
- '  Queries per second:   3590.706283'
- ''
- '  Average Latency (s):  0.026632 (min 0.000234, max 0.160419)'
- '  Latency StdDev (s):   0.014788'
- ''
- '  Latency histogram'
- '#histogram 0 5712'
- '#histogram 1 3380'
- '#histogram 2 2376'
- '#histogram 3 1629'
- '#histogram 4 952'
- '#histogram 5 729'
- '#histogram 6 447'
- '#histogram 7 362'
- '#histogram 8 263'
- '#histogram 9 127'
- '#histogram 10 108'
- '#histogram 11 84'
- '#histogram 12 70'
- '#histogram 13 62'
- '#histogram 14 59'
- '#histogram 15 59'
- '#histogram 16 63'
- '#histogram 17 116'
- '#histogram 18 240'
- '#histogram 19 580'
- '#histogram 20 1243'
- '#histogram 21 2495'
- '#histogram 22 4607'
- '#histogram 23 7211'
- '#histogram 24 9519'
- '#histogram 25 10498'
- '#histogram 26 9982'
- '#histogram 27 8392'
- '#histogram 28 6495'
- '#histogram 29 4796'
- '#histogram 30 3126'
- '#histogram 31 2084'
- '#histogram 32 1570'
- '#histogram 33 889'
- '#histogram 34 665'
- '#histogram 35 596'
- '#histogram 36 476'
- '#histogram 37 459'
- '#histogram 38 314'
- '#histogram 39 273'
- '#histogram 40 317'
- '#histogram 41 338'
- '#histogram 42 425'
- '#histogram 43 615'
- '#histogram 44 585'
- '#histogram 45 693'
- '#histogram 46 871'
- '#histogram 47 867'
- '#histogram 48 981'
- '#histogram 49 960'
- '#histogram 50 975'
- '#histogram 51 936'
- '#histogram 52 814'
- '#histogram 53 741'
- '#histogram 54 577'
- '#histogram 55 409'
- '#histogram 56 321'
- '#histogram 57 261'
- '#histogram 58 170'
- '#histogram 59 149'
- '#histogram 60 114'
- '#histogram 61 111'
- '#histogram 62 102'
- '#histogram 63 92'
- '#histogram 64 90'
- '#histogram 65 90'
- '#histogram 66 101'
- '#histogram 67 99'
- '#histogram 68 97'
- '#histogram 69 127'
- '#histogram 70 123'
- '#histogram 71 101'
- '#histogram 72 99'
- '#histogram 73 123'
- '#histogram 74 112'
- '#histogram 75 75'
- '#histogram 76 89'
- '#histogram 77 95'
- '#histogram 78 77'
- '#histogram 79 54'
- '#histogram 80 75'
- '#histogram 81 50'
- '#histogram 82 37'
- '#histogram 83 24'
- '#histogram 84 24'
- '#histogram 85 26'
- '#histogram 86 28'
- '#histogram 87 17'
- '#histogram 88 20'
- '#histogram 89 17'
- '#histogram 90 11'
- '#histogram 91 16'
- '#histogram 92 11'
- '#histogram 93 10'
- '#histogram 94 20'
- '#histogram 95 25'
- '#histogram 96 19'
- '#histogram 97 22'
- '#histogram 98 22'
- '#histogram 99 16'
- '#histogram 100 13'
- '#histogram 101 15'
- '#histogram 102 10'
- '#histogram 103 9'
- '#histogram 104 13'
- '#histogram 105 8'
- '#histogram 106 9'
- '#histogram 107 6'
- '#histogram 109 4'
- '#histogram 110 5'
- '#histogram 111 1'
- '#histogram 112 3'
- '#histogram 113 2'
- '#histogram 114 3'
- '#histogram 115 3'
- '#histogram 116 3'
- '#histogram 117 3'
- '#histogram 118 2'
- '#histogram 119 3'
- '#histogram 120 3'
- '#histogram 121 2'
- '#histogram 122 2'
- '#histogram 123 4'
- '#histogram 124 1'
- '#histogram 125 2'
- '#histogram 126 2'
- '#histogram 127 3'
- '#histogram 129 2'
- '#histogram 130 1'
- '#histogram 133 3'
- '#histogram 136 2'
- '#histogram 137 2'
- '#histogram 139 1'
- '#histogram 140 1'
- '#histogram 144 1'
- '#histogram 160 1'
- '#histogram 4999 100'
- ''
