code: 0
data:
  avg_latency: 0.026663
  histogram:
  - - 0
    - 5544
  - - 1
    - 3395
  - - 2
    - 2440
  - - 3
    - 1530
  - - 4
    - 931
  - - 5
    - 758
  - - 6
    - 442
  - - 7
    - 351
  - - 8
    - 265
  - - 9
    - 128
  - - 10
    - 107
  - - 11
    - 63
  - - 12
    - 60
  - - 13
    - 55
  - - 14
    - 61
  - - 15
    - 66
  - - 16
    - 75
  - - 17
    - 121
  - - 18
    - 221
  - - 19
    - 547
  - - 20
    - 1266
  - - 21
    - 2656
  - - 22
    - 4789
  - - 23
    - 7534
  - - 24
    - 9762
  - - 25
    - 10793
  - - 26
    - 9900
  - - 27
    - 8314
  - - 28
    - 6442
  - - 29
    - 4830
  - - 30
    - 3098
  - - 31
    - 2097
  - - 32
    - 1491
  - - 33
    - 891
  - - 34
    - 717
  - - 35
    - 591
  - - 36
    - 465
  - - 37
    - 408
  - - 38
    - 303
  - - 39
    - 305
  - - 40
    - 339
  - - 41
    - 328
  - - 42
    - 382
  - - 43
    - 531
  - - 44
    - 587
  - - 45
    - 796
  - - 46
    - 944
  - - 47
    - 968
  - - 48
    - 910
  - - 49
    - 1067
  - - 50
    - 983
  - - 51
    - 901
  - - 52
    - 815
  - - 53
    - 777
  - - 54
    - 593
  - - 55
    - 395
  - - 56
    - 324
  - - 57
    - 244
  - - 58
    - 183
  - - 59
    - 155
  - - 60
    - 97
  - - 61
    - 95
  - - 62
    - 84
  - - 63
    - 100
  - - 64
    - 95
  - - 65
    - 89
  - - 66
    - 105
  - - 67
    - 82
  - - 68
    - 105
  - - 69
    - 119
  - - 70
    - 119
  - - 71
    - 103
  - - 72
    - 97
  - - 73
    - 110
  - - 74
    - 110
  - - 75
    - 100
  - - 76
    - 81
  - - 77
    - 100
  - - 78
    - 78
  - - 79
    - 60
  - - 80
    - 59
  - - 81
    - 48
  - - 82
    - 37
  - - 83
    - 38
  - - 84
    - 31
  - - 85
    - 27
  - - 86
    - 19
  - - 87
    - 16
  - - 88
    - 16
  - - 89
    - 22
  - - 90
    - 24
  - - 91
    - 9
  - - 92
    - 15
  - - 93
    - 18
  - - 94
    - 12
  - - 95
    - 22
  - - 96
    - 14
  - - 97
    - 18
  - - 98
    - 9
  - - 99
    - 7
  - - 100
    - 17
  - - 101
    - 13
  - - 102
    - 10
  - - 103
    - 9
  - - 104
    - 11
  - - 105
    - 7
  - - 106
    - 2
  - - 107
    - 8
  - - 108
    - 7
  - - 109
    - 1
  - - 110
    - 2
  - - 111
    - 1
  - - 112
    - 2
  - - 113
    - 5
  - - 114
    - 3
  - - 115
    - 2
  - - 116
    - 1
  - - 117
    - 2
  - - 118
    - 2
  - - 119
    - 6
  - - 120
    - 1
  - - 121
    - 4
  - - 122
    - 2
  - - 124
    - 3
  - - 125
    - 2
  - - 126
    - 1
  - - 127
    - 3
  - - 129
    - 3
  - - 130
    - 3
  - - 131
    - 3
  - - 132
    - 1
  - - 134
    - 1
  - - 135
    - 2
  - - 136
    - 1
  - - 138
    - 1
  - - 141
    - 1
  - - 144
    - 2
  - - 150
    - 1
  - - 157
    - 1
  - - 158
    - 1
  - - 4999
    - 100
  latency_50_percentile: 26.0
  latency_95_percentile: 52.0
  latency_99_5_percentile: 83.0
  latency_99_percentile: 75.0
  max_kubedns_cpu: 1028
  max_kubedns_memory: 28
  max_latency: 0.158943
  max_perfserver_cpu: 0
  max_perfserver_memory: 0
  min_latency: 0.000363
  msg: null
  ok: true
  qps: 3619.049175
  queries_completed: 108572
  queries_lost: 100
  queries_sent: 108672
  run_time: 30.000145
  stddev_latency: 0.014678
params:
  max_qps: null
  pod_name: dns-perf-client-858fb7568b-hbf6q
  query_file: all-queries.txt
  run_id: 1777602473
  run_length_seconds: 30
  run_subid: 0
stderr:
- ''
stdout:
- DNS Performance Testing Tool
- Nominum Version 2.1.0.0
- ''
- '[Status] Command line: dnsperf -s 10.0.0.10 -l 30 -d /queries/all-queries.txt'
- '[Status] Sending queries (to 10.0.0.10)'
- '[Status] Started at: Fri May  1 02:28:27 2026'
- '[Status] Stopping after 30.000000 seconds'
- '[Timeout] Query timed out: msg id 43037'
- '[Timeout] Query timed out: msg id 43038'
- '[Timeout] Query timed out: msg id 43039'
- '[Timeout] Query timed out: msg id 43043'
- '[Timeout] Query timed out: msg id 43041'
- '[Timeout] Query timed out: msg id 43040'
- '[Timeout] Query timed out: msg id 43042'
- '[Timeout] Query timed out: msg id 43045'
- '[Timeout] Query timed out: msg id 43044'
- '[Timeout] Query timed out: msg id 43046'
- '[Timeout] Query timed out: msg id 43047'
- '[Timeout] Query timed out: msg id 43048'
- '[Timeout] Query timed out: msg id 43049'
- '[Timeout] Query timed out: msg id 43050'
- '[Timeout] Query timed out: msg id 43051'
- '[Timeout] Query timed out: msg id 43052'
- '[Timeout] Query timed out: msg id 43053'
- '[Timeout] Query timed out: msg id 43054'
- '[Timeout] Query timed out: msg id 43055'
- '[Timeout] Query timed out: msg id 43056'
- '[Timeout] Query timed out: msg id 43057'
- '[Timeout] Query timed out: msg id 43058'
- '[Timeout] Query timed out: msg id 43059'
- '[Timeout] Query timed out: msg id 43060'
- '[Timeout] Query timed out: msg id 43061'
- '[Timeout] Query timed out: msg id 43062'
- '[Timeout] Query timed out: msg id 43063'
- '[Timeout] Query timed out: msg id 43064'
- '[Timeout] Query timed out: msg id 43065'
- '[Timeout] Query timed out: msg id 43066'
- '[Timeout] Query timed out: msg id 43067'
- '[Timeout] Query timed out: msg id 43068'
- '[Timeout] Query timed out: msg id 43069'
- '[Timeout] Query timed out: msg id 43070'
- '[Timeout] Query timed out: msg id 43071'
- '[Timeout] Query timed out: msg id 43072'
- '[Timeout] Query timed out: msg id 43073'
- '[Timeout] Query timed out: msg id 43074'
- '[Timeout] Query timed out: msg id 43075'
- '[Timeout] Query timed out: msg id 43094'
- '[Timeout] Query timed out: msg id 43076'
- '[Timeout] Query timed out: msg id 43077'
- '[Timeout] Query timed out: msg id 43078'
- '[Timeout] Query timed out: msg id 43079'
- '[Timeout] Query timed out: msg id 43080'
- '[Timeout] Query timed out: msg id 43081'
- '[Timeout] Query timed out: msg id 43082'
- '[Timeout] Query timed out: msg id 43083'
- '[Timeout] Query timed out: msg id 43084'
- '[Timeout] Query timed out: msg id 43085'
- '[Timeout] Query timed out: msg id 43086'
- '[Timeout] Query timed out: msg id 43087'
- '[Timeout] Query timed out: msg id 43088'
- '[Timeout] Query timed out: msg id 43089'
- '[Timeout] Query timed out: msg id 43090'
- '[Timeout] Query timed out: msg id 43092'
- '[Timeout] Query timed out: msg id 43093'
- '[Timeout] Query timed out: msg id 43095'
- '[Timeout] Query timed out: msg id 43096'
- '[Timeout] Query timed out: msg id 43097'
- '[Timeout] Query timed out: msg id 43098'
- '[Timeout] Query timed out: msg id 43099'
- '[Timeout] Query timed out: msg id 43100'
- '[Timeout] Query timed out: msg id 43101'
- '[Timeout] Query timed out: msg id 43102'
- '[Timeout] Query timed out: msg id 43103'
- '[Timeout] Query timed out: msg id 43104'
- '[Timeout] Query timed out: msg id 43106'
- '[Timeout] Query timed out: msg id 43107'
- '[Timeout] Query timed out: msg id 43108'
- '[Timeout] Query timed out: msg id 43110'
- '[Timeout] Query timed out: msg id 43111'
- '[Timeout] Query timed out: msg id 43112'
- '[Timeout] Query timed out: msg id 43113'
- '[Timeout] Query timed out: msg id 43114'
- '[Timeout] Query timed out: msg id 43115'
- '[Timeout] Query timed out: msg id 43116'
- '[Timeout] Query timed out: msg id 43117'
- '[Timeout] Query timed out: msg id 43146'
- '[Timeout] Query timed out: msg id 43147'
- '[Timeout] Query timed out: msg id 43149'
- '[Timeout] Query timed out: msg id 42905'
- '[Timeout] Query timed out: msg id 43119'
- '[Timeout] Query timed out: msg id 43120'
- '[Timeout] Query timed out: msg id 43121'
- '[Timeout] Query timed out: msg id 43139'
- '[Timeout] Query timed out: msg id 43122'
- '[Timeout] Query timed out: msg id 43123'
- '[Timeout] Query timed out: msg id 43156'
- '[Timeout] Query timed out: msg id 43157'
- '[Timeout] Query timed out: msg id 43140'
- '[Timeout] Query timed out: msg id 43141'
- '[Timeout] Query timed out: msg id 43142'
- '[Timeout] Query timed out: msg id 43143'
- '[Timeout] Query timed out: msg id 43144'
- '[Timeout] Query timed out: msg id 43159'
- '[Timeout] Query timed out: msg id 43161'
- '[Timeout] Query timed out: msg id 43125'
- '[Timeout] Query timed out: msg id 43126'
- '[Timeout] Query timed out: msg id 43127'
- '[Status] Testing complete (time limit)'
- ''
- 'Statistics:'
- ''
- '  Queries sent:         108672'
- '  Queries completed:    108572 (99.91%)'
- '  Queries lost:         100 (0.09%)'
- ''
- '  Response codes:       NOERROR 13029 (12.00%), NXDOMAIN 95543 (88.00%)'
- '  Average packet size:  request 38, response 122'
- '  Run time (s):         30.000145'
- '  Queries per second:   3619.049175'
- ''
- '  Average Latency (s):  0.026663 (min 0.000363, max 0.158943)'
- '  Latency StdDev (s):   0.014678'
- ''
- '  Latency histogram'
- '#histogram 0 5544'
- '#histogram 1 3395'
- '#histogram 2 2440'
- '#histogram 3 1530'
- '#histogram 4 931'
- '#histogram 5 758'
- '#histogram 6 442'
- '#histogram 7 351'
- '#histogram 8 265'
- '#histogram 9 128'
- '#histogram 10 107'
- '#histogram 11 63'
- '#histogram 12 60'
- '#histogram 13 55'
- '#histogram 14 61'
- '#histogram 15 66'
- '#histogram 16 75'
- '#histogram 17 121'
- '#histogram 18 221'
- '#histogram 19 547'
- '#histogram 20 1266'
- '#histogram 21 2656'
- '#histogram 22 4789'
- '#histogram 23 7534'
- '#histogram 24 9762'
- '#histogram 25 10793'
- '#histogram 26 9900'
- '#histogram 27 8314'
- '#histogram 28 6442'
- '#histogram 29 4830'
- '#histogram 30 3098'
- '#histogram 31 2097'
- '#histogram 32 1491'
- '#histogram 33 891'
- '#histogram 34 717'
- '#histogram 35 591'
- '#histogram 36 465'
- '#histogram 37 408'
- '#histogram 38 303'
- '#histogram 39 305'
- '#histogram 40 339'
- '#histogram 41 328'
- '#histogram 42 382'
- '#histogram 43 531'
- '#histogram 44 587'
- '#histogram 45 796'
- '#histogram 46 944'
- '#histogram 47 968'
- '#histogram 48 910'
- '#histogram 49 1067'
- '#histogram 50 983'
- '#histogram 51 901'
- '#histogram 52 815'
- '#histogram 53 777'
- '#histogram 54 593'
- '#histogram 55 395'
- '#histogram 56 324'
- '#histogram 57 244'
- '#histogram 58 183'
- '#histogram 59 155'
- '#histogram 60 97'
- '#histogram 61 95'
- '#histogram 62 84'
- '#histogram 63 100'
- '#histogram 64 95'
- '#histogram 65 89'
- '#histogram 66 105'
- '#histogram 67 82'
- '#histogram 68 105'
- '#histogram 69 119'
- '#histogram 70 119'
- '#histogram 71 103'
- '#histogram 72 97'
- '#histogram 73 110'
- '#histogram 74 110'
- '#histogram 75 100'
- '#histogram 76 81'
- '#histogram 77 100'
- '#histogram 78 78'
- '#histogram 79 60'
- '#histogram 80 59'
- '#histogram 81 48'
- '#histogram 82 37'
- '#histogram 83 38'
- '#histogram 84 31'
- '#histogram 85 27'
- '#histogram 86 19'
- '#histogram 87 16'
- '#histogram 88 16'
- '#histogram 89 22'
- '#histogram 90 24'
- '#histogram 91 9'
- '#histogram 92 15'
- '#histogram 93 18'
- '#histogram 94 12'
- '#histogram 95 22'
- '#histogram 96 14'
- '#histogram 97 18'
- '#histogram 98 9'
- '#histogram 99 7'
- '#histogram 100 17'
- '#histogram 101 13'
- '#histogram 102 10'
- '#histogram 103 9'
- '#histogram 104 11'
- '#histogram 105 7'
- '#histogram 106 2'
- '#histogram 107 8'
- '#histogram 108 7'
- '#histogram 109 1'
- '#histogram 110 2'
- '#histogram 111 1'
- '#histogram 112 2'
- '#histogram 113 5'
- '#histogram 114 3'
- '#histogram 115 2'
- '#histogram 116 1'
- '#histogram 117 2'
- '#histogram 118 2'
- '#histogram 119 6'
- '#histogram 120 1'
- '#histogram 121 4'
- '#histogram 122 2'
- '#histogram 124 3'
- '#histogram 125 2'
- '#histogram 126 1'
- '#histogram 127 3'
- '#histogram 129 3'
- '#histogram 130 3'
- '#histogram 131 3'
- '#histogram 132 1'
- '#histogram 134 1'
- '#histogram 135 2'
- '#histogram 136 1'
- '#histogram 138 1'
- '#histogram 141 1'
- '#histogram 144 2'
- '#histogram 150 1'
- '#histogram 157 1'
- '#histogram 158 1'
- '#histogram 4999 100'
- ''
