code: 0
data:
  avg_latency: 0.13504
  histogram:
  - - 0
    - 0
  - - 5
    - 1
  - - 6
    - 2
  - - 7
    - 1
  - - 8
    - 2
  - - 9
    - 4
  - - 10
    - 7
  - - 11
    - 9
  - - 12
    - 7
  - - 13
    - 15
  - - 14
    - 15
  - - 15
    - 24
  - - 16
    - 18
  - - 17
    - 24
  - - 18
    - 27
  - - 19
    - 36
  - - 20
    - 39
  - - 21
    - 49
  - - 22
    - 64
  - - 23
    - 107
  - - 24
    - 85
  - - 25
    - 132
  - - 26
    - 139
  - - 27
    - 154
  - - 28
    - 163
  - - 29
    - 191
  - - 30
    - 230
  - - 31
    - 249
  - - 32
    - 270
  - - 33
    - 303
  - - 34
    - 366
  - - 35
    - 360
  - - 36
    - 418
  - - 37
    - 436
  - - 38
    - 485
  - - 39
    - 553
  - - 40
    - 519
  - - 41
    - 593
  - - 42
    - 651
  - - 43
    - 734
  - - 44
    - 773
  - - 45
    - 827
  - - 46
    - 885
  - - 47
    - 928
  - - 48
    - 954
  - - 49
    - 985
  - - 50
    - 1056
  - - 51
    - 1048
  - - 52
    - 1166
  - - 53
    - 1218
  - - 54
    - 1318
  - - 55
    - 1258
  - - 56
    - 1282
  - - 57
    - 1457
  - - 58
    - 1494
  - - 59
    - 1382
  - - 60
    - 1491
  - - 61
    - 1533
  - - 62
    - 1517
  - - 63
    - 1563
  - - 64
    - 1605
  - - 65
    - 1538
  - - 66
    - 1618
  - - 67
    - 1623
  - - 68
    - 1676
  - - 69
    - 1775
  - - 70
    - 1772
  - - 71
    - 1688
  - - 72
    - 1642
  - - 73
    - 1781
  - - 74
    - 1732
  - - 75
    - 1780
  - - 76
    - 1793
  - - 77
    - 1717
  - - 78
    - 1722
  - - 79
    - 1813
  - - 80
    - 1823
  - - 81
    - 1695
  - - 82
    - 1834
  - - 83
    - 1827
  - - 84
    - 1789
  - - 85
    - 1752
  - - 86
    - 1799
  - - 87
    - 1877
  - - 88
    - 1785
  - - 89
    - 1699
  - - 90
    - 1831
  - - 91
    - 1829
  - - 92
    - 1801
  - - 93
    - 1758
  - - 94
    - 1782
  - - 95
    - 1738
  - - 96
    - 1765
  - - 97
    - 1676
  - - 98
    - 1784
  - - 99
    - 1769
  - - 100
    - 1688
  - - 101
    - 1684
  - - 102
    - 1617
  - - 103
    - 1626
  - - 104
    - 1678
  - - 105
    - 1621
  - - 106
    - 1554
  - - 107
    - 1570
  - - 108
    - 1502
  - - 109
    - 1484
  - - 110
    - 1522
  - - 111
    - 1536
  - - 112
    - 1556
  - - 113
    - 1533
  - - 114
    - 1523
  - - 115
    - 1451
  - - 116
    - 1431
  - - 117
    - 1383
  - - 118
    - 1366
  - - 119
    - 1334
  - - 120
    - 1307
  - - 121
    - 1349
  - - 122
    - 1338
  - - 123
    - 1308
  - - 124
    - 1272
  - - 125
    - 1186
  - - 126
    - 1242
  - - 127
    - 1133
  - - 128
    - 1208
  - - 129
    - 1252
  - - 130
    - 1159
  - - 131
    - 1185
  - - 132
    - 1198
  - - 133
    - 1088
  - - 134
    - 1179
  - - 135
    - 1149
  - - 136
    - 1144
  - - 137
    - 1039
  - - 138
    - 1070
  - - 139
    - 1014
  - - 140
    - 1104
  - - 141
    - 1008
  - - 142
    - 1049
  - - 143
    - 978
  - - 144
    - 928
  - - 145
    - 945
  - - 146
    - 944
  - - 147
    - 932
  - - 148
    - 931
  - - 149
    - 872
  - - 150
    - 902
  - - 151
    - 839
  - - 152
    - 878
  - - 153
    - 764
  - - 154
    - 766
  - - 155
    - 812
  - - 156
    - 760
  - - 157
    - 682
  - - 158
    - 748
  - - 159
    - 704
  - - 160
    - 683
  - - 161
    - 645
  - - 162
    - 661
  - - 163
    - 694
  - - 164
    - 625
  - - 165
    - 653
  - - 166
    - 670
  - - 167
    - 635
  - - 168
    - 620
  - - 169
    - 566
  - - 170
    - 597
  - - 171
    - 610
  - - 172
    - 610
  - - 173
    - 565
  - - 174
    - 543
  - - 175
    - 519
  - - 176
    - 536
  - - 177
    - 571
  - - 178
    - 559
  - - 179
    - 578
  - - 180
    - 528
  - - 181
    - 553
  - - 182
    - 463
  - - 183
    - 488
  - - 184
    - 496
  - - 185
    - 451
  - - 186
    - 507
  - - 187
    - 453
  - - 188
    - 498
  - - 189
    - 480
  - - 190
    - 461
  - - 191
    - 503
  - - 192
    - 455
  - - 193
    - 432
  - - 194
    - 446
  - - 195
    - 477
  - - 196
    - 442
  - - 197
    - 455
  - - 198
    - 412
  - - 199
    - 385
  - - 200
    - 358
  - - 201
    - 358
  - - 202
    - 387
  - - 203
    - 390
  - - 204
    - 343
  - - 205
    - 294
  - - 206
    - 361
  - - 207
    - 342
  - - 208
    - 347
  - - 209
    - 388
  - - 210
    - 354
  - - 211
    - 335
  - - 212
    - 320
  - - 213
    - 290
  - - 214
    - 321
  - - 215
    - 325
  - - 216
    - 302
  - - 217
    - 315
  - - 218
    - 313
  - - 219
    - 305
  - - 220
    - 263
  - - 221
    - 299
  - - 222
    - 307
  - - 223
    - 298
  - - 224
    - 265
  - - 225
    - 276
  - - 226
    - 245
  - - 227
    - 220
  - - 228
    - 271
  - - 229
    - 242
  - - 230
    - 251
  - - 231
    - 223
  - - 232
    - 238
  - - 233
    - 215
  - - 234
    - 235
  - - 235
    - 238
  - - 236
    - 221
  - - 237
    - 221
  - - 238
    - 202
  - - 239
    - 214
  - - 240
    - 236
  - - 241
    - 209
  - - 242
    - 190
  - - 243
    - 242
  - - 244
    - 211
  - - 245
    - 226
  - - 246
    - 218
  - - 247
    - 185
  - - 248
    - 177
  - - 249
    - 193
  - - 250
    - 224
  - - 251
    - 198
  - - 252
    - 186
  - - 253
    - 181
  - - 254
    - 186
  - - 255
    - 181
  - - 256
    - 191
  - - 257
    - 192
  - - 258
    - 163
  - - 259
    - 147
  - - 260
    - 173
  - - 261
    - 170
  - - 262
    - 168
  - - 263
    - 150
  - - 264
    - 152
  - - 265
    - 170
  - - 266
    - 156
  - - 267
    - 158
  - - 268
    - 165
  - - 269
    - 143
  - - 270
    - 146
  - - 271
    - 134
  - - 272
    - 138
  - - 273
    - 140
  - - 274
    - 123
  - - 275
    - 149
  - - 276
    - 138
  - - 277
    - 139
  - - 278
    - 129
  - - 279
    - 107
  - - 280
    - 135
  - - 281
    - 132
  - - 282
    - 140
  - - 283
    - 138
  - - 284
    - 131
  - - 285
    - 129
  - - 286
    - 124
  - - 287
    - 132
  - - 288
    - 109
  - - 289
    - 121
  - - 290
    - 131
  - - 291
    - 90
  - - 292
    - 104
  - - 293
    - 143
  - - 294
    - 107
  - - 295
    - 115
  - - 296
    - 134
  - - 297
    - 99
  - - 298
    - 103
  - - 299
    - 118
  - - 300
    - 112
  - - 301
    - 121
  - - 302
    - 120
  - - 303
    - 108
  - - 304
    - 108
  - - 305
    - 119
  - - 306
    - 115
  - - 307
    - 99
  - - 308
    - 107
  - - 309
    - 115
  - - 310
    - 117
  - - 311
    - 98
  - - 312
    - 113
  - - 313
    - 117
  - - 314
    - 107
  - - 315
    - 102
  - - 316
    - 79
  - - 317
    - 101
  - - 318
    - 90
  - - 319
    - 118
  - - 320
    - 95
  - - 321
    - 83
  - - 322
    - 101
  - - 323
    - 95
  - - 324
    - 81
  - - 325
    - 80
  - - 326
    - 96
  - - 327
    - 81
  - - 328
    - 88
  - - 329
    - 100
  - - 330
    - 64
  - - 331
    - 69
  - - 332
    - 79
  - - 333
    - 77
  - - 334
    - 100
  - - 335
    - 99
  - - 336
    - 71
  - - 337
    - 74
  - - 338
    - 67
  - - 339
    - 72
  - - 340
    - 66
  - - 341
    - 100
  - - 342
    - 69
  - - 343
    - 77
  - - 344
    - 64
  - - 345
    - 80
  - - 346
    - 74
  - - 347
    - 71
  - - 348
    - 70
  - - 349
    - 63
  - - 350
    - 79
  - - 351
    - 69
  - - 352
    - 71
  - - 353
    - 64
  - - 354
    - 62
  - - 355
    - 65
  - - 356
    - 66
  - - 357
    - 59
  - - 358
    - 75
  - - 359
    - 60
  - - 360
    - 55
  - - 361
    - 75
  - - 362
    - 55
  - - 363
    - 71
  - - 364
    - 55
  - - 365
    - 64
  - - 366
    - 75
  - - 367
    - 68
  - - 368
    - 56
  - - 369
    - 65
  - - 370
    - 50
  - - 371
    - 48
  - - 372
    - 63
  - - 373
    - 42
  - - 374
    - 54
  - - 375
    - 60
  - - 376
    - 50
  - - 377
    - 50
  - - 378
    - 45
  - - 379
    - 60
  - - 380
    - 48
  - - 381
    - 45
  - - 382
    - 47
  - - 383
    - 52
  - - 384
    - 63
  - - 385
    - 52
  - - 386
    - 53
  - - 387
    - 63
  - - 388
    - 57
  - - 389
    - 40
  - - 390
    - 65
  - - 391
    - 79
  - - 392
    - 74
  - - 393
    - 27
  - - 394
    - 57
  - - 395
    - 46
  - - 396
    - 50
  - - 397
    - 41
  - - 398
    - 53
  - - 399
    - 47
  - - 400
    - 50
  - - 401
    - 35
  - - 402
    - 51
  - - 403
    - 51
  - - 404
    - 67
  - - 405
    - 60
  - - 406
    - 37
  - - 407
    - 48
  - - 408
    - 46
  - - 409
    - 44
  - - 410
    - 49
  - - 411
    - 40
  - - 412
    - 46
  - - 413
    - 39
  - - 414
    - 32
  - - 415
    - 49
  - - 416
    - 34
  - - 417
    - 35
  - - 418
    - 41
  - - 419
    - 32
  - - 420
    - 32
  - - 421
    - 30
  - - 422
    - 36
  - - 423
    - 35
  - - 424
    - 43
  - - 425
    - 21
  - - 426
    - 32
  - - 427
    - 29
  - - 428
    - 42
  - - 429
    - 42
  - - 430
    - 43
  - - 431
    - 39
  - - 432
    - 31
  - - 433
    - 40
  - - 434
    - 29
  - - 435
    - 27
  - - 436
    - 42
  - - 437
    - 33
  - - 438
    - 24
  - - 439
    - 42
  - - 440
    - 32
  - - 441
    - 26
  - - 442
    - 29
  - - 443
    - 35
  - - 444
    - 36
  - - 445
    - 24
  - - 446
    - 27
  - - 447
    - 28
  - - 448
    - 20
  - - 449
    - 37
  - - 450
    - 28
  - - 451
    - 40
  - - 452
    - 31
  - - 453
    - 35
  - - 454
    - 25
  - - 455
    - 51
  - - 456
    - 35
  - - 457
    - 23
  - - 458
    - 20
  - - 459
    - 30
  - - 460
    - 26
  - - 461
    - 27
  - - 462
    - 35
  - - 463
    - 22
  - - 464
    - 26
  - - 465
    - 40
  - - 466
    - 36
  - - 467
    - 36
  - - 468
    - 24
  - - 469
    - 31
  - - 470
    - 30
  - - 471
    - 37
  - - 472
    - 27
  - - 473
    - 42
  - - 474
    - 30
  - - 475
    - 37
  - - 476
    - 22
  - - 477
    - 27
  - - 478
    - 25
  - - 479
    - 23
  - - 480
    - 21
  - - 481
    - 21
  - - 482
    - 22
  - - 483
    - 18
  - - 484
    - 16
  - - 485
    - 27
  - - 486
    - 25
  - - 487
    - 22
  - - 488
    - 29
  - - 489
    - 35
  - - 490
    - 20
  - - 491
    - 25
  - - 492
    - 30
  - - 493
    - 22
  - - 494
    - 37
  - - 495
    - 23
  - - 496
    - 27
  - - 497
    - 20
  - - 498
    - 22
  - - 499
    - 15
  - - 500
    - 14
  - - 501
    - 27
  - - 502
    - 19
  - - 503
    - 20
  - - 504
    - 16
  - - 505
    - 16
  - - 506
    - 16
  - - 507
    - 19
  - - 508
    - 16
  - - 509
    - 14
  - - 510
    - 23
  - - 511
    - 22
  - - 512
    - 13
  - - 513
    - 25
  - - 514
    - 23
  - - 515
    - 23
  - - 516
    - 12
  - - 517
    - 18
  - - 518
    - 14
  - - 519
    - 19
  - - 520
    - 6
  - - 521
    - 20
  - - 522
    - 24
  - - 523
    - 10
  - - 524
    - 18
  - - 525
    - 14
  - - 526
    - 16
  - - 527
    - 17
  - - 528
    - 15
  - - 529
    - 14
  - - 530
    - 14
  - - 531
    - 11
  - - 532
    - 17
  - - 533
    - 15
  - - 534
    - 12
  - - 535
    - 8
  - - 536
    - 22
  - - 537
    - 19
  - - 538
    - 19
  - - 539
    - 18
  - - 540
    - 9
  - - 541
    - 15
  - - 542
    - 19
  - - 543
    - 14
  - - 544
    - 9
  - - 545
    - 13
  - - 546
    - 11
  - - 547
    - 21
  - - 548
    - 12
  - - 549
    - 18
  - - 550
    - 13
  - - 551
    - 18
  - - 552
    - 17
  - - 553
    - 11
  - - 554
    - 12
  - - 555
    - 11
  - - 556
    - 11
  - - 557
    - 13
  - - 558
    - 9
  - - 559
    - 12
  - - 560
    - 22
  - - 561
    - 20
  - - 562
    - 12
  - - 563
    - 16
  - - 564
    - 8
  - - 565
    - 12
  - - 566
    - 5
  - - 567
    - 14
  - - 568
    - 9
  - - 569
    - 11
  - - 570
    - 9
  - - 571
    - 9
  - - 572
    - 10
  - - 573
    - 12
  - - 574
    - 10
  - - 575
    - 6
  - - 576
    - 11
  - - 577
    - 9
  - - 578
    - 13
  - - 579
    - 10
  - - 580
    - 10
  - - 581
    - 9
  - - 582
    - 10
  - - 583
    - 4
  - - 584
    - 9
  - - 585
    - 11
  - - 586
    - 10
  - - 587
    - 9
  - - 588
    - 11
  - - 589
    - 6
  - - 590
    - 7
  - - 591
    - 10
  - - 592
    - 9
  - - 593
    - 11
  - - 594
    - 3
  - - 595
    - 8
  - - 596
    - 7
  - - 597
    - 6
  - - 598
    - 12
  - - 599
    - 4
  - - 600
    - 10
  - - 601
    - 10
  - - 602
    - 6
  - - 603
    - 8
  - - 604
    - 7
  - - 605
    - 13
  - - 606
    - 5
  - - 607
    - 7
  - - 608
    - 5
  - - 609
    - 13
  - - 610
    - 7
  - - 611
    - 8
  - - 612
    - 4
  - - 613
    - 6
  - - 614
    - 4
  - - 615
    - 9
  - - 616
    - 6
  - - 617
    - 6
  - - 618
    - 5
  - - 619
    - 7
  - - 620
    - 8
  - - 621
    - 10
  - - 622
    - 1
  - - 623
    - 2
  - - 624
    - 7
  - - 625
    - 6
  - - 626
    - 3
  - - 627
    - 7
  - - 628
    - 8
  - - 629
    - 6
  - - 630
    - 11
  - - 631
    - 6
  - - 632
    - 2
  - - 633
    - 8
  - - 634
    - 6
  - - 635
    - 9
  - - 636
    - 10
  - - 637
    - 8
  - - 638
    - 2
  - - 639
    - 3
  - - 640
    - 6
  - - 641
    - 7
  - - 642
    - 4
  - - 643
    - 7
  - - 644
    - 3
  - - 645
    - 9
  - - 646
    - 8
  - - 647
    - 4
  - - 648
    - 8
  - - 649
    - 5
  - - 650
    - 4
  - - 651
    - 3
  - - 652
    - 3
  - - 653
    - 4
  - - 654
    - 3
  - - 655
    - 4
  - - 656
    - 1
  - - 657
    - 7
  - - 658
    - 4
  - - 659
    - 2
  - - 660
    - 1
  - - 661
    - 7
  - - 662
    - 1
  - - 663
    - 3
  - - 664
    - 4
  - - 665
    - 7
  - - 666
    - 4
  - - 667
    - 6
  - - 668
    - 1
  - - 669
    - 2
  - - 670
    - 1
  - - 671
    - 4
  - - 672
    - 7
  - - 673
    - 3
  - - 674
    - 3
  - - 675
    - 6
  - - 676
    - 6
  - - 677
    - 5
  - - 678
    - 3
  - - 679
    - 4
  - - 680
    - 5
  - - 681
    - 6
  - - 682
    - 6
  - - 683
    - 4
  - - 684
    - 4
  - - 685
    - 2
  - - 686
    - 1
  - - 687
    - 3
  - - 688
    - 4
  - - 689
    - 4
  - - 690
    - 2
  - - 691
    - 2
  - - 693
    - 2
  - - 695
    - 5
  - - 696
    - 7
  - - 697
    - 3
  - - 698
    - 2
  - - 699
    - 8
  - - 700
    - 3
  - - 702
    - 2
  - - 703
    - 5
  - - 704
    - 3
  - - 705
    - 6
  - - 706
    - 7
  - - 707
    - 4
  - - 708
    - 3
  - - 709
    - 2
  - - 710
    - 1
  - - 711
    - 4
  - - 712
    - 5
  - - 713
    - 3
  - - 714
    - 1
  - - 715
    - 1
  - - 716
    - 3
  - - 717
    - 5
  - - 718
    - 3
  - - 719
    - 3
  - - 720
    - 3
  - - 721
    - 2
  - - 722
    - 1
  - - 723
    - 4
  - - 724
    - 1
  - - 725
    - 4
  - - 727
    - 1
  - - 728
    - 3
  - - 730
    - 1
  - - 731
    - 2
  - - 733
    - 1
  - - 738
    - 4
  - - 739
    - 1
  - - 740
    - 5
  - - 741
    - 1
  - - 742
    - 2
  - - 743
    - 2
  - - 745
    - 1
  - - 747
    - 1
  - - 748
    - 1
  - - 751
    - 1
  - - 752
    - 3
  - - 753
    - 1
  - - 755
    - 1
  - - 758
    - 2
  - - 759
    - 1
  - - 760
    - 1
  - - 762
    - 1
  - - 763
    - 4
  - - 764
    - 1
  - - 765
    - 3
  - - 766
    - 1
  - - 767
    - 4
  - - 768
    - 1
  - - 770
    - 4
  - - 771
    - 2
  - - 772
    - 2
  - - 773
    - 4
  - - 775
    - 1
  - - 776
    - 3
  - - 777
    - 2
  - - 778
    - 3
  - - 779
    - 2
  - - 780
    - 3
  - - 781
    - 1
  - - 783
    - 3
  - - 784
    - 2
  - - 785
    - 1
  - - 786
    - 3
  - - 787
    - 1
  - - 792
    - 1
  - - 793
    - 1
  - - 794
    - 5
  - - 796
    - 1
  - - 797
    - 3
  - - 798
    - 1
  - - 801
    - 1
  - - 803
    - 3
  - - 805
    - 1
  - - 806
    - 2
  - - 807
    - 1
  - - 809
    - 1
  - - 810
    - 1
  - - 811
    - 1
  - - 813
    - 1
  - - 817
    - 2
  - - 820
    - 1
  - - 822
    - 1
  - - 824
    - 1
  - - 825
    - 1
  - - 826
    - 2
  - - 828
    - 2
  - - 834
    - 1
  - - 836
    - 3
  - - 837
    - 1
  - - 838
    - 1
  - - 843
    - 2
  - - 848
    - 1
  - - 849
    - 1
  - - 854
    - 1
  - - 864
    - 1
  - - 866
    - 1
  - - 867
    - 1
  - - 868
    - 1
  - - 869
    - 1
  - - 873
    - 2
  - - 879
    - 1
  - - 884
    - 2
  - - 888
    - 1
  - - 894
    - 1
  - - 898
    - 1
  - - 901
    - 1
  - - 903
    - 1
  - - 904
    - 1
  - - 918
    - 1
  - - 933
    - 1
  - - 936
    - 2
  - - 942
    - 1
  - - 943
    - 1
  - - 947
    - 1
  - - 991
    - 1
  - - 999
    - 1
  - - 1018
    - 1
  - - 1071
    - 1
  - - 1136
    - 1
  - - 1235
    - 1
  - - 1262
    - 1
  - - 1328
    - 1
  - - 1421
    - 1
  latency_50_percentile: 110.0
  latency_95_percentile: 315.0
  latency_99_5_percentile: 561.0
  latency_99_percentile: 494.0
  max_kubedns_cpu: 687
  max_kubedns_memory: 31
  max_latency: 1.421891
  max_perfserver_cpu: 0
  max_perfserver_memory: 0
  min_latency: 0.005034
  msg: null
  ok: true
  qps: 739.503837
  queries_completed: 221895
  queries_lost: 0
  queries_sent: 221895
  run_time: 300.059295
  stddev_latency: 0.090774
params:
  max_qps: null
  pod_name: dns-perf-client-858fb7568b-bfc8t
  query_file: all-queries.txt
  run_id: 1777674837
  run_length_seconds: 300
  run_subid: 0
stderr:
- ''
stdout:
- DNS Performance Testing Tool
- Nominum Version 2.1.0.0
- ''
- '[Status] Command line: dnsperf -s 10.0.0.10 -l 300 -d /queries/all-queries.txt'
- '[Status] Sending queries (to 10.0.0.10)'
- '[Status] Started at: Fri May  1 22:34:36 2026'
- '[Status] Stopping after 300.000000 seconds'
- '[Status] Testing complete (time limit)'
- ''
- 'Statistics:'
- ''
- '  Queries sent:         221895'
- '  Queries completed:    221895 (100.00%)'
- '  Queries lost:         0 (0.00%)'
- ''
- '  Response codes:       NOERROR 26628 (12.00%), NXDOMAIN 195267 (88.00%)'
- '  Average packet size:  request 38, response 122'
- '  Run time (s):         300.059295'
- '  Queries per second:   739.503837'
- ''
- '  Average Latency (s):  0.135040 (min 0.005034, max 1.421891)'
- '  Latency StdDev (s):   0.090774'
- ''
- '  Latency histogram'
- '#histogram 0 0'
- '#histogram 5 1'
- '#histogram 6 2'
- '#histogram 7 1'
- '#histogram 8 2'
- '#histogram 9 4'
- '#histogram 10 7'
- '#histogram 11 9'
- '#histogram 12 7'
- '#histogram 13 15'
- '#histogram 14 15'
- '#histogram 15 24'
- '#histogram 16 18'
- '#histogram 17 24'
- '#histogram 18 27'
- '#histogram 19 36'
- '#histogram 20 39'
- '#histogram 21 49'
- '#histogram 22 64'
- '#histogram 23 107'
- '#histogram 24 85'
- '#histogram 25 132'
- '#histogram 26 139'
- '#histogram 27 154'
- '#histogram 28 163'
- '#histogram 29 191'
- '#histogram 30 230'
- '#histogram 31 249'
- '#histogram 32 270'
- '#histogram 33 303'
- '#histogram 34 366'
- '#histogram 35 360'
- '#histogram 36 418'
- '#histogram 37 436'
- '#histogram 38 485'
- '#histogram 39 553'
- '#histogram 40 519'
- '#histogram 41 593'
- '#histogram 42 651'
- '#histogram 43 734'
- '#histogram 44 773'
- '#histogram 45 827'
- '#histogram 46 885'
- '#histogram 47 928'
- '#histogram 48 954'
- '#histogram 49 985'
- '#histogram 50 1056'
- '#histogram 51 1048'
- '#histogram 52 1166'
- '#histogram 53 1218'
- '#histogram 54 1318'
- '#histogram 55 1258'
- '#histogram 56 1282'
- '#histogram 57 1457'
- '#histogram 58 1494'
- '#histogram 59 1382'
- '#histogram 60 1491'
- '#histogram 61 1533'
- '#histogram 62 1517'
- '#histogram 63 1563'
- '#histogram 64 1605'
- '#histogram 65 1538'
- '#histogram 66 1618'
- '#histogram 67 1623'
- '#histogram 68 1676'
- '#histogram 69 1775'
- '#histogram 70 1772'
- '#histogram 71 1688'
- '#histogram 72 1642'
- '#histogram 73 1781'
- '#histogram 74 1732'
- '#histogram 75 1780'
- '#histogram 76 1793'
- '#histogram 77 1717'
- '#histogram 78 1722'
- '#histogram 79 1813'
- '#histogram 80 1823'
- '#histogram 81 1695'
- '#histogram 82 1834'
- '#histogram 83 1827'
- '#histogram 84 1789'
- '#histogram 85 1752'
- '#histogram 86 1799'
- '#histogram 87 1877'
- '#histogram 88 1785'
- '#histogram 89 1699'
- '#histogram 90 1831'
- '#histogram 91 1829'
- '#histogram 92 1801'
- '#histogram 93 1758'
- '#histogram 94 1782'
- '#histogram 95 1738'
- '#histogram 96 1765'
- '#histogram 97 1676'
- '#histogram 98 1784'
- '#histogram 99 1769'
- '#histogram 100 1688'
- '#histogram 101 1684'
- '#histogram 102 1617'
- '#histogram 103 1626'
- '#histogram 104 1678'
- '#histogram 105 1621'
- '#histogram 106 1554'
- '#histogram 107 1570'
- '#histogram 108 1502'
- '#histogram 109 1484'
- '#histogram 110 1522'
- '#histogram 111 1536'
- '#histogram 112 1556'
- '#histogram 113 1533'
- '#histogram 114 1523'
- '#histogram 115 1451'
- '#histogram 116 1431'
- '#histogram 117 1383'
- '#histogram 118 1366'
- '#histogram 119 1334'
- '#histogram 120 1307'
- '#histogram 121 1349'
- '#histogram 122 1338'
- '#histogram 123 1308'
- '#histogram 124 1272'
- '#histogram 125 1186'
- '#histogram 126 1242'
- '#histogram 127 1133'
- '#histogram 128 1208'
- '#histogram 129 1252'
- '#histogram 130 1159'
- '#histogram 131 1185'
- '#histogram 132 1198'
- '#histogram 133 1088'
- '#histogram 134 1179'
- '#histogram 135 1149'
- '#histogram 136 1144'
- '#histogram 137 1039'
- '#histogram 138 1070'
- '#histogram 139 1014'
- '#histogram 140 1104'
- '#histogram 141 1008'
- '#histogram 142 1049'
- '#histogram 143 978'
- '#histogram 144 928'
- '#histogram 145 945'
- '#histogram 146 944'
- '#histogram 147 932'
- '#histogram 148 931'
- '#histogram 149 872'
- '#histogram 150 902'
- '#histogram 151 839'
- '#histogram 152 878'
- '#histogram 153 764'
- '#histogram 154 766'
- '#histogram 155 812'
- '#histogram 156 760'
- '#histogram 157 682'
- '#histogram 158 748'
- '#histogram 159 704'
- '#histogram 160 683'
- '#histogram 161 645'
- '#histogram 162 661'
- '#histogram 163 694'
- '#histogram 164 625'
- '#histogram 165 653'
- '#histogram 166 670'
- '#histogram 167 635'
- '#histogram 168 620'
- '#histogram 169 566'
- '#histogram 170 597'
- '#histogram 171 610'
- '#histogram 172 610'
- '#histogram 173 565'
- '#histogram 174 543'
- '#histogram 175 519'
- '#histogram 176 536'
- '#histogram 177 571'
- '#histogram 178 559'
- '#histogram 179 578'
- '#histogram 180 528'
- '#histogram 181 553'
- '#histogram 182 463'
- '#histogram 183 488'
- '#histogram 184 496'
- '#histogram 185 451'
- '#histogram 186 507'
- '#histogram 187 453'
- '#histogram 188 498'
- '#histogram 189 480'
- '#histogram 190 461'
- '#histogram 191 503'
- '#histogram 192 455'
- '#histogram 193 432'
- '#histogram 194 446'
- '#histogram 195 477'
- '#histogram 196 442'
- '#histogram 197 455'
- '#histogram 198 412'
- '#histogram 199 385'
- '#histogram 200 358'
- '#histogram 201 358'
- '#histogram 202 387'
- '#histogram 203 390'
- '#histogram 204 343'
- '#histogram 205 294'
- '#histogram 206 361'
- '#histogram 207 342'
- '#histogram 208 347'
- '#histogram 209 388'
- '#histogram 210 354'
- '#histogram 211 335'
- '#histogram 212 320'
- '#histogram 213 290'
- '#histogram 214 321'
- '#histogram 215 325'
- '#histogram 216 302'
- '#histogram 217 315'
- '#histogram 218 313'
- '#histogram 219 305'
- '#histogram 220 263'
- '#histogram 221 299'
- '#histogram 222 307'
- '#histogram 223 298'
- '#histogram 224 265'
- '#histogram 225 276'
- '#histogram 226 245'
- '#histogram 227 220'
- '#histogram 228 271'
- '#histogram 229 242'
- '#histogram 230 251'
- '#histogram 231 223'
- '#histogram 232 238'
- '#histogram 233 215'
- '#histogram 234 235'
- '#histogram 235 238'
- '#histogram 236 221'
- '#histogram 237 221'
- '#histogram 238 202'
- '#histogram 239 214'
- '#histogram 240 236'
- '#histogram 241 209'
- '#histogram 242 190'
- '#histogram 243 242'
- '#histogram 244 211'
- '#histogram 245 226'
- '#histogram 246 218'
- '#histogram 247 185'
- '#histogram 248 177'
- '#histogram 249 193'
- '#histogram 250 224'
- '#histogram 251 198'
- '#histogram 252 186'
- '#histogram 253 181'
- '#histogram 254 186'
- '#histogram 255 181'
- '#histogram 256 191'
- '#histogram 257 192'
- '#histogram 258 163'
- '#histogram 259 147'
- '#histogram 260 173'
- '#histogram 261 170'
- '#histogram 262 168'
- '#histogram 263 150'
- '#histogram 264 152'
- '#histogram 265 170'
- '#histogram 266 156'
- '#histogram 267 158'
- '#histogram 268 165'
- '#histogram 269 143'
- '#histogram 270 146'
- '#histogram 271 134'
- '#histogram 272 138'
- '#histogram 273 140'
- '#histogram 274 123'
- '#histogram 275 149'
- '#histogram 276 138'
- '#histogram 277 139'
- '#histogram 278 129'
- '#histogram 279 107'
- '#histogram 280 135'
- '#histogram 281 132'
- '#histogram 282 140'
- '#histogram 283 138'
- '#histogram 284 131'
- '#histogram 285 129'
- '#histogram 286 124'
- '#histogram 287 132'
- '#histogram 288 109'
- '#histogram 289 121'
- '#histogram 290 131'
- '#histogram 291 90'
- '#histogram 292 104'
- '#histogram 293 143'
- '#histogram 294 107'
- '#histogram 295 115'
- '#histogram 296 134'
- '#histogram 297 99'
- '#histogram 298 103'
- '#histogram 299 118'
- '#histogram 300 112'
- '#histogram 301 121'
- '#histogram 302 120'
- '#histogram 303 108'
- '#histogram 304 108'
- '#histogram 305 119'
- '#histogram 306 115'
- '#histogram 307 99'
- '#histogram 308 107'
- '#histogram 309 115'
- '#histogram 310 117'
- '#histogram 311 98'
- '#histogram 312 113'
- '#histogram 313 117'
- '#histogram 314 107'
- '#histogram 315 102'
- '#histogram 316 79'
- '#histogram 317 101'
- '#histogram 318 90'
- '#histogram 319 118'
- '#histogram 320 95'
- '#histogram 321 83'
- '#histogram 322 101'
- '#histogram 323 95'
- '#histogram 324 81'
- '#histogram 325 80'
- '#histogram 326 96'
- '#histogram 327 81'
- '#histogram 328 88'
- '#histogram 329 100'
- '#histogram 330 64'
- '#histogram 331 69'
- '#histogram 332 79'
- '#histogram 333 77'
- '#histogram 334 100'
- '#histogram 335 99'
- '#histogram 336 71'
- '#histogram 337 74'
- '#histogram 338 67'
- '#histogram 339 72'
- '#histogram 340 66'
- '#histogram 341 100'
- '#histogram 342 69'
- '#histogram 343 77'
- '#histogram 344 64'
- '#histogram 345 80'
- '#histogram 346 74'
- '#histogram 347 71'
- '#histogram 348 70'
- '#histogram 349 63'
- '#histogram 350 79'
- '#histogram 351 69'
- '#histogram 352 71'
- '#histogram 353 64'
- '#histogram 354 62'
- '#histogram 355 65'
- '#histogram 356 66'
- '#histogram 357 59'
- '#histogram 358 75'
- '#histogram 359 60'
- '#histogram 360 55'
- '#histogram 361 75'
- '#histogram 362 55'
- '#histogram 363 71'
- '#histogram 364 55'
- '#histogram 365 64'
- '#histogram 366 75'
- '#histogram 367 68'
- '#histogram 368 56'
- '#histogram 369 65'
- '#histogram 370 50'
- '#histogram 371 48'
- '#histogram 372 63'
- '#histogram 373 42'
- '#histogram 374 54'
- '#histogram 375 60'
- '#histogram 376 50'
- '#histogram 377 50'
- '#histogram 378 45'
- '#histogram 379 60'
- '#histogram 380 48'
- '#histogram 381 45'
- '#histogram 382 47'
- '#histogram 383 52'
- '#histogram 384 63'
- '#histogram 385 52'
- '#histogram 386 53'
- '#histogram 387 63'
- '#histogram 388 57'
- '#histogram 389 40'
- '#histogram 390 65'
- '#histogram 391 79'
- '#histogram 392 74'
- '#histogram 393 27'
- '#histogram 394 57'
- '#histogram 395 46'
- '#histogram 396 50'
- '#histogram 397 41'
- '#histogram 398 53'
- '#histogram 399 47'
- '#histogram 400 50'
- '#histogram 401 35'
- '#histogram 402 51'
- '#histogram 403 51'
- '#histogram 404 67'
- '#histogram 405 60'
- '#histogram 406 37'
- '#histogram 407 48'
- '#histogram 408 46'
- '#histogram 409 44'
- '#histogram 410 49'
- '#histogram 411 40'
- '#histogram 412 46'
- '#histogram 413 39'
- '#histogram 414 32'
- '#histogram 415 49'
- '#histogram 416 34'
- '#histogram 417 35'
- '#histogram 418 41'
- '#histogram 419 32'
- '#histogram 420 32'
- '#histogram 421 30'
- '#histogram 422 36'
- '#histogram 423 35'
- '#histogram 424 43'
- '#histogram 425 21'
- '#histogram 426 32'
- '#histogram 427 29'
- '#histogram 428 42'
- '#histogram 429 42'
- '#histogram 430 43'
- '#histogram 431 39'
- '#histogram 432 31'
- '#histogram 433 40'
- '#histogram 434 29'
- '#histogram 435 27'
- '#histogram 436 42'
- '#histogram 437 33'
- '#histogram 438 24'
- '#histogram 439 42'
- '#histogram 440 32'
- '#histogram 441 26'
- '#histogram 442 29'
- '#histogram 443 35'
- '#histogram 444 36'
- '#histogram 445 24'
- '#histogram 446 27'
- '#histogram 447 28'
- '#histogram 448 20'
- '#histogram 449 37'
- '#histogram 450 28'
- '#histogram 451 40'
- '#histogram 452 31'
- '#histogram 453 35'
- '#histogram 454 25'
- '#histogram 455 51'
- '#histogram 456 35'
- '#histogram 457 23'
- '#histogram 458 20'
- '#histogram 459 30'
- '#histogram 460 26'
- '#histogram 461 27'
- '#histogram 462 35'
- '#histogram 463 22'
- '#histogram 464 26'
- '#histogram 465 40'
- '#histogram 466 36'
- '#histogram 467 36'
- '#histogram 468 24'
- '#histogram 469 31'
- '#histogram 470 30'
- '#histogram 471 37'
- '#histogram 472 27'
- '#histogram 473 42'
- '#histogram 474 30'
- '#histogram 475 37'
- '#histogram 476 22'
- '#histogram 477 27'
- '#histogram 478 25'
- '#histogram 479 23'
- '#histogram 480 21'
- '#histogram 481 21'
- '#histogram 482 22'
- '#histogram 483 18'
- '#histogram 484 16'
- '#histogram 485 27'
- '#histogram 486 25'
- '#histogram 487 22'
- '#histogram 488 29'
- '#histogram 489 35'
- '#histogram 490 20'
- '#histogram 491 25'
- '#histogram 492 30'
- '#histogram 493 22'
- '#histogram 494 37'
- '#histogram 495 23'
- '#histogram 496 27'
- '#histogram 497 20'
- '#histogram 498 22'
- '#histogram 499 15'
- '#histogram 500 14'
- '#histogram 501 27'
- '#histogram 502 19'
- '#histogram 503 20'
- '#histogram 504 16'
- '#histogram 505 16'
- '#histogram 506 16'
- '#histogram 507 19'
- '#histogram 508 16'
- '#histogram 509 14'
- '#histogram 510 23'
- '#histogram 511 22'
- '#histogram 512 13'
- '#histogram 513 25'
- '#histogram 514 23'
- '#histogram 515 23'
- '#histogram 516 12'
- '#histogram 517 18'
- '#histogram 518 14'
- '#histogram 519 19'
- '#histogram 520 6'
- '#histogram 521 20'
- '#histogram 522 24'
- '#histogram 523 10'
- '#histogram 524 18'
- '#histogram 525 14'
- '#histogram 526 16'
- '#histogram 527 17'
- '#histogram 528 15'
- '#histogram 529 14'
- '#histogram 530 14'
- '#histogram 531 11'
- '#histogram 532 17'
- '#histogram 533 15'
- '#histogram 534 12'
- '#histogram 535 8'
- '#histogram 536 22'
- '#histogram 537 19'
- '#histogram 538 19'
- '#histogram 539 18'
- '#histogram 540 9'
- '#histogram 541 15'
- '#histogram 542 19'
- '#histogram 543 14'
- '#histogram 544 9'
- '#histogram 545 13'
- '#histogram 546 11'
- '#histogram 547 21'
- '#histogram 548 12'
- '#histogram 549 18'
- '#histogram 550 13'
- '#histogram 551 18'
- '#histogram 552 17'
- '#histogram 553 11'
- '#histogram 554 12'
- '#histogram 555 11'
- '#histogram 556 11'
- '#histogram 557 13'
- '#histogram 558 9'
- '#histogram 559 12'
- '#histogram 560 22'
- '#histogram 561 20'
- '#histogram 562 12'
- '#histogram 563 16'
- '#histogram 564 8'
- '#histogram 565 12'
- '#histogram 566 5'
- '#histogram 567 14'
- '#histogram 568 9'
- '#histogram 569 11'
- '#histogram 570 9'
- '#histogram 571 9'
- '#histogram 572 10'
- '#histogram 573 12'
- '#histogram 574 10'
- '#histogram 575 6'
- '#histogram 576 11'
- '#histogram 577 9'
- '#histogram 578 13'
- '#histogram 579 10'
- '#histogram 580 10'
- '#histogram 581 9'
- '#histogram 582 10'
- '#histogram 583 4'
- '#histogram 584 9'
- '#histogram 585 11'
- '#histogram 586 10'
- '#histogram 587 9'
- '#histogram 588 11'
- '#histogram 589 6'
- '#histogram 590 7'
- '#histogram 591 10'
- '#histogram 592 9'
- '#histogram 593 11'
- '#histogram 594 3'
- '#histogram 595 8'
- '#histogram 596 7'
- '#histogram 597 6'
- '#histogram 598 12'
- '#histogram 599 4'
- '#histogram 600 10'
- '#histogram 601 10'
- '#histogram 602 6'
- '#histogram 603 8'
- '#histogram 604 7'
- '#histogram 605 13'
- '#histogram 606 5'
- '#histogram 607 7'
- '#histogram 608 5'
- '#histogram 609 13'
- '#histogram 610 7'
- '#histogram 611 8'
- '#histogram 612 4'
- '#histogram 613 6'
- '#histogram 614 4'
- '#histogram 615 9'
- '#histogram 616 6'
- '#histogram 617 6'
- '#histogram 618 5'
- '#histogram 619 7'
- '#histogram 620 8'
- '#histogram 621 10'
- '#histogram 622 1'
- '#histogram 623 2'
- '#histogram 624 7'
- '#histogram 625 6'
- '#histogram 626 3'
- '#histogram 627 7'
- '#histogram 628 8'
- '#histogram 629 6'
- '#histogram 630 11'
- '#histogram 631 6'
- '#histogram 632 2'
- '#histogram 633 8'
- '#histogram 634 6'
- '#histogram 635 9'
- '#histogram 636 10'
- '#histogram 637 8'
- '#histogram 638 2'
- '#histogram 639 3'
- '#histogram 640 6'
- '#histogram 641 7'
- '#histogram 642 4'
- '#histogram 643 7'
- '#histogram 644 3'
- '#histogram 645 9'
- '#histogram 646 8'
- '#histogram 647 4'
- '#histogram 648 8'
- '#histogram 649 5'
- '#histogram 650 4'
- '#histogram 651 3'
- '#histogram 652 3'
- '#histogram 653 4'
- '#histogram 654 3'
- '#histogram 655 4'
- '#histogram 656 1'
- '#histogram 657 7'
- '#histogram 658 4'
- '#histogram 659 2'
- '#histogram 660 1'
- '#histogram 661 7'
- '#histogram 662 1'
- '#histogram 663 3'
- '#histogram 664 4'
- '#histogram 665 7'
- '#histogram 666 4'
- '#histogram 667 6'
- '#histogram 668 1'
- '#histogram 669 2'
- '#histogram 670 1'
- '#histogram 671 4'
- '#histogram 672 7'
- '#histogram 673 3'
- '#histogram 674 3'
- '#histogram 675 6'
- '#histogram 676 6'
- '#histogram 677 5'
- '#histogram 678 3'
- '#histogram 679 4'
- '#histogram 680 5'
- '#histogram 681 6'
- '#histogram 682 6'
- '#histogram 683 4'
- '#histogram 684 4'
- '#histogram 685 2'
- '#histogram 686 1'
- '#histogram 687 3'
- '#histogram 688 4'
- '#histogram 689 4'
- '#histogram 690 2'
- '#histogram 691 2'
- '#histogram 693 2'
- '#histogram 695 5'
- '#histogram 696 7'
- '#histogram 697 3'
- '#histogram 698 2'
- '#histogram 699 8'
- '#histogram 700 3'
- '#histogram 702 2'
- '#histogram 703 5'
- '#histogram 704 3'
- '#histogram 705 6'
- '#histogram 706 7'
- '#histogram 707 4'
- '#histogram 708 3'
- '#histogram 709 2'
- '#histogram 710 1'
- '#histogram 711 4'
- '#histogram 712 5'
- '#histogram 713 3'
- '#histogram 714 1'
- '#histogram 715 1'
- '#histogram 716 3'
- '#histogram 717 5'
- '#histogram 718 3'
- '#histogram 719 3'
- '#histogram 720 3'
- '#histogram 721 2'
- '#histogram 722 1'
- '#histogram 723 4'
- '#histogram 724 1'
- '#histogram 725 4'
- '#histogram 727 1'
- '#histogram 728 3'
- '#histogram 730 1'
- '#histogram 731 2'
- '#histogram 733 1'
- '#histogram 738 4'
- '#histogram 739 1'
- '#histogram 740 5'
- '#histogram 741 1'
- '#histogram 742 2'
- '#histogram 743 2'
- '#histogram 745 1'
- '#histogram 747 1'
- '#histogram 748 1'
- '#histogram 751 1'
- '#histogram 752 3'
- '#histogram 753 1'
- '#histogram 755 1'
- '#histogram 758 2'
- '#histogram 759 1'
- '#histogram 760 1'
- '#histogram 762 1'
- '#histogram 763 4'
- '#histogram 764 1'
- '#histogram 765 3'
- '#histogram 766 1'
- '#histogram 767 4'
- '#histogram 768 1'
- '#histogram 770 4'
- '#histogram 771 2'
- '#histogram 772 2'
- '#histogram 773 4'
- '#histogram 775 1'
- '#histogram 776 3'
- '#histogram 777 2'
- '#histogram 778 3'
- '#histogram 779 2'
- '#histogram 780 3'
- '#histogram 781 1'
- '#histogram 783 3'
- '#histogram 784 2'
- '#histogram 785 1'
- '#histogram 786 3'
- '#histogram 787 1'
- '#histogram 792 1'
- '#histogram 793 1'
- '#histogram 794 5'
- '#histogram 796 1'
- '#histogram 797 3'
- '#histogram 798 1'
- '#histogram 801 1'
- '#histogram 803 3'
- '#histogram 805 1'
- '#histogram 806 2'
- '#histogram 807 1'
- '#histogram 809 1'
- '#histogram 810 1'
- '#histogram 811 1'
- '#histogram 813 1'
- '#histogram 817 2'
- '#histogram 820 1'
- '#histogram 822 1'
- '#histogram 824 1'
- '#histogram 825 1'
- '#histogram 826 2'
- '#histogram 828 2'
- '#histogram 834 1'
- '#histogram 836 3'
- '#histogram 837 1'
- '#histogram 838 1'
- '#histogram 843 2'
- '#histogram 848 1'
- '#histogram 849 1'
- '#histogram 854 1'
- '#histogram 864 1'
- '#histogram 866 1'
- '#histogram 867 1'
- '#histogram 868 1'
- '#histogram 869 1'
- '#histogram 873 2'
- '#histogram 879 1'
- '#histogram 884 2'
- '#histogram 888 1'
- '#histogram 894 1'
- '#histogram 898 1'
- '#histogram 901 1'
- '#histogram 903 1'
- '#histogram 904 1'
- '#histogram 918 1'
- '#histogram 933 1'
- '#histogram 936 2'
- '#histogram 942 1'
- '#histogram 943 1'
- '#histogram 947 1'
- '#histogram 991 1'
- '#histogram 999 1'
- '#histogram 1018 1'
- '#histogram 1071 1'
- '#histogram 1136 1'
- '#histogram 1235 1'
- '#histogram 1262 1'
- '#histogram 1328 1'
- '#histogram 1421 1'
- ''
