code: 0
data:
  avg_latency: 0.050666
  histogram:
  - - 0
    - 0
  - - 1
    - 392
  - - 2
    - 1675
  - - 3
    - 2746
  - - 4
    - 3436
  - - 5
    - 3732
  - - 6
    - 4130
  - - 7
    - 4527
  - - 8
    - 4631
  - - 9
    - 4977
  - - 10
    - 5149
  - - 11
    - 5415
  - - 12
    - 5483
  - - 13
    - 5763
  - - 14
    - 6128
  - - 15
    - 6467
  - - 16
    - 6726
  - - 17
    - 6991
  - - 18
    - 7090
  - - 19
    - 7331
  - - 20
    - 7541
  - - 21
    - 7638
  - - 22
    - 7829
  - - 23
    - 7984
  - - 24
    - 8108
  - - 25
    - 8217
  - - 26
    - 8399
  - - 27
    - 8363
  - - 28
    - 8560
  - - 29
    - 8536
  - - 30
    - 8732
  - - 31
    - 8765
  - - 32
    - 8671
  - - 33
    - 8899
  - - 34
    - 8539
  - - 35
    - 8857
  - - 36
    - 8518
  - - 37
    - 8518
  - - 38
    - 8408
  - - 39
    - 8585
  - - 40
    - 8491
  - - 41
    - 8435
  - - 42
    - 8237
  - - 43
    - 8261
  - - 44
    - 7987
  - - 45
    - 7862
  - - 46
    - 8029
  - - 47
    - 7862
  - - 48
    - 7514
  - - 49
    - 7383
  - - 50
    - 7287
  - - 51
    - 7189
  - - 52
    - 7041
  - - 53
    - 6816
  - - 54
    - 6774
  - - 55
    - 6701
  - - 56
    - 6350
  - - 57
    - 6391
  - - 58
    - 6235
  - - 59
    - 6053
  - - 60
    - 5747
  - - 61
    - 5576
  - - 62
    - 5439
  - - 63
    - 5371
  - - 64
    - 5083
  - - 65
    - 5116
  - - 66
    - 4961
  - - 67
    - 4827
  - - 68
    - 4554
  - - 69
    - 4472
  - - 70
    - 4415
  - - 71
    - 4374
  - - 72
    - 4164
  - - 73
    - 3992
  - - 74
    - 3839
  - - 75
    - 3677
  - - 76
    - 3610
  - - 77
    - 3477
  - - 78
    - 3303
  - - 79
    - 3285
  - - 80
    - 3044
  - - 81
    - 3123
  - - 82
    - 2899
  - - 83
    - 2924
  - - 84
    - 2706
  - - 85
    - 2681
  - - 86
    - 2573
  - - 87
    - 2599
  - - 88
    - 2385
  - - 89
    - 2319
  - - 90
    - 2262
  - - 91
    - 2160
  - - 92
    - 2111
  - - 93
    - 2040
  - - 94
    - 1945
  - - 95
    - 1887
  - - 96
    - 1838
  - - 97
    - 1899
  - - 98
    - 1643
  - - 99
    - 1605
  - - 100
    - 1541
  - - 101
    - 1558
  - - 102
    - 1495
  - - 103
    - 1434
  - - 104
    - 1382
  - - 105
    - 1357
  - - 106
    - 1307
  - - 107
    - 1227
  - - 108
    - 1137
  - - 109
    - 1118
  - - 110
    - 1091
  - - 111
    - 1085
  - - 112
    - 1028
  - - 113
    - 1007
  - - 114
    - 890
  - - 115
    - 892
  - - 116
    - 855
  - - 117
    - 885
  - - 118
    - 841
  - - 119
    - 802
  - - 120
    - 780
  - - 121
    - 762
  - - 122
    - 745
  - - 123
    - 650
  - - 124
    - 703
  - - 125
    - 629
  - - 126
    - 657
  - - 127
    - 577
  - - 128
    - 557
  - - 129
    - 535
  - - 130
    - 500
  - - 131
    - 516
  - - 132
    - 501
  - - 133
    - 484
  - - 134
    - 475
  - - 135
    - 451
  - - 136
    - 414
  - - 137
    - 409
  - - 138
    - 400
  - - 139
    - 380
  - - 140
    - 389
  - - 141
    - 351
  - - 142
    - 353
  - - 143
    - 321
  - - 144
    - 347
  - - 145
    - 340
  - - 146
    - 295
  - - 147
    - 318
  - - 148
    - 270
  - - 149
    - 279
  - - 150
    - 274
  - - 151
    - 266
  - - 152
    - 239
  - - 153
    - 251
  - - 154
    - 241
  - - 155
    - 212
  - - 156
    - 245
  - - 157
    - 193
  - - 158
    - 213
  - - 159
    - 191
  - - 160
    - 204
  - - 161
    - 172
  - - 162
    - 196
  - - 163
    - 152
  - - 164
    - 170
  - - 165
    - 164
  - - 166
    - 147
  - - 167
    - 142
  - - 168
    - 148
  - - 169
    - 156
  - - 170
    - 146
  - - 171
    - 160
  - - 172
    - 151
  - - 173
    - 125
  - - 174
    - 148
  - - 175
    - 134
  - - 176
    - 123
  - - 177
    - 111
  - - 178
    - 113
  - - 179
    - 95
  - - 180
    - 119
  - - 181
    - 93
  - - 182
    - 126
  - - 183
    - 112
  - - 184
    - 123
  - - 185
    - 107
  - - 186
    - 80
  - - 187
    - 78
  - - 188
    - 104
  - - 189
    - 87
  - - 190
    - 70
  - - 191
    - 64
  - - 192
    - 75
  - - 193
    - 78
  - - 194
    - 85
  - - 195
    - 74
  - - 196
    - 75
  - - 197
    - 75
  - - 198
    - 59
  - - 199
    - 63
  - - 200
    - 64
  - - 201
    - 56
  - - 202
    - 51
  - - 203
    - 53
  - - 204
    - 45
  - - 205
    - 55
  - - 206
    - 56
  - - 207
    - 60
  - - 208
    - 51
  - - 209
    - 52
  - - 210
    - 53
  - - 211
    - 45
  - - 212
    - 45
  - - 213
    - 43
  - - 214
    - 55
  - - 215
    - 31
  - - 216
    - 32
  - - 217
    - 31
  - - 218
    - 33
  - - 219
    - 37
  - - 220
    - 35
  - - 221
    - 29
  - - 222
    - 36
  - - 223
    - 43
  - - 224
    - 31
  - - 225
    - 39
  - - 226
    - 34
  - - 227
    - 28
  - - 228
    - 28
  - - 229
    - 31
  - - 230
    - 23
  - - 231
    - 22
  - - 232
    - 29
  - - 233
    - 35
  - - 234
    - 21
  - - 235
    - 23
  - - 236
    - 16
  - - 237
    - 26
  - - 238
    - 19
  - - 239
    - 32
  - - 240
    - 17
  - - 241
    - 26
  - - 242
    - 26
  - - 243
    - 16
  - - 244
    - 18
  - - 245
    - 26
  - - 246
    - 19
  - - 247
    - 15
  - - 248
    - 13
  - - 249
    - 11
  - - 250
    - 15
  - - 251
    - 8
  - - 252
    - 17
  - - 253
    - 26
  - - 254
    - 8
  - - 255
    - 10
  - - 256
    - 11
  - - 257
    - 14
  - - 258
    - 9
  - - 259
    - 18
  - - 260
    - 9
  - - 261
    - 13
  - - 262
    - 10
  - - 263
    - 9
  - - 264
    - 6
  - - 265
    - 10
  - - 266
    - 11
  - - 267
    - 7
  - - 268
    - 8
  - - 269
    - 4
  - - 270
    - 9
  - - 271
    - 8
  - - 272
    - 5
  - - 273
    - 11
  - - 274
    - 9
  - - 275
    - 8
  - - 276
    - 4
  - - 277
    - 3
  - - 278
    - 9
  - - 279
    - 10
  - - 280
    - 1
  - - 281
    - 5
  - - 282
    - 4
  - - 283
    - 5
  - - 284
    - 6
  - - 285
    - 6
  - - 286
    - 4
  - - 287
    - 6
  - - 288
    - 5
  - - 289
    - 1
  - - 290
    - 6
  - - 291
    - 6
  - - 292
    - 6
  - - 293
    - 2
  - - 294
    - 3
  - - 295
    - 1
  - - 296
    - 5
  - - 297
    - 1
  - - 298
    - 4
  - - 299
    - 3
  - - 300
    - 6
  - - 301
    - 4
  - - 302
    - 2
  - - 303
    - 3
  - - 304
    - 1
  - - 305
    - 3
  - - 306
    - 3
  - - 307
    - 3
  - - 309
    - 2
  - - 310
    - 1
  - - 312
    - 1
  - - 313
    - 2
  - - 314
    - 2
  - - 315
    - 2
  - - 316
    - 2
  - - 317
    - 2
  - - 318
    - 1
  - - 319
    - 2
  - - 320
    - 2
  - - 321
    - 1
  - - 322
    - 1
  - - 325
    - 1
  - - 326
    - 1
  - - 327
    - 3
  - - 329
    - 1
  - - 330
    - 1
  - - 332
    - 1
  - - 333
    - 1
  - - 337
    - 1
  - - 338
    - 2
  - - 339
    - 1
  - - 340
    - 1
  - - 344
    - 1
  - - 345
    - 1
  - - 347
    - 1
  - - 348
    - 1
  - - 349
    - 1
  - - 350
    - 1
  - - 352
    - 3
  - - 356
    - 2
  - - 359
    - 1
  - - 360
    - 1
  - - 364
    - 1
  - - 367
    - 1
  - - 373
    - 2
  - - 380
    - 1
  - - 388
    - 1
  - - 393
    - 1
  - - 394
    - 1
  - - 400
    - 1
  - - 424
    - 1
  - - 430
    - 1
  - - 450
    - 1
  - - 453
    - 1
  - - 475
    - 1
  - - 495
    - 1
  latency_50_percentile: 44.0
  latency_95_percentile: 113.0
  latency_99_5_percentile: 189.0
  latency_99_percentile: 165.0
  max_kubedns_cpu: 579
  max_kubedns_memory: 26
  max_latency: 0.495481
  max_perfserver_cpu: 0
  max_perfserver_memory: 0
  min_latency: 0.001192
  msg: null
  ok: true
  qps: 1965.504848
  queries_completed: 589810
  queries_lost: 0
  queries_sent: 589810
  run_time: 300.080664
  stddev_latency: 0.03373
params:
  max_qps: null
  pod_name: dns-perf-client-858fb7568b-zhw66
  query_file: all-queries.txt
  run_id: 1777674837
  run_length_seconds: 300
  run_subid: 0
stderr:
- ''
stdout:
- DNS Performance Testing Tool
- Nominum Version 2.1.0.0
- ''
- '[Status] Command line: dnsperf -s 10.0.0.10 -l 300 -d /queries/all-queries.txt'
- '[Status] Sending queries (to 10.0.0.10)'
- '[Status] Started at: Fri May  1 22:34:30 2026'
- '[Status] Stopping after 300.000000 seconds'
- '[Status] Testing complete (time limit)'
- ''
- 'Statistics:'
- ''
- '  Queries sent:         589810'
- '  Queries completed:    589810 (100.00%)'
- '  Queries lost:         0 (0.00%)'
- ''
- '  Response codes:       NOERROR 70776 (12.00%), NXDOMAIN 519034 (88.00%)'
- '  Average packet size:  request 38, response 122'
- '  Run time (s):         300.080664'
- '  Queries per second:   1965.504848'
- ''
- '  Average Latency (s):  0.050666 (min 0.001192, max 0.495481)'
- '  Latency StdDev (s):   0.033730'
- ''
- '  Latency histogram'
- '#histogram 0 0'
- '#histogram 1 392'
- '#histogram 2 1675'
- '#histogram 3 2746'
- '#histogram 4 3436'
- '#histogram 5 3732'
- '#histogram 6 4130'
- '#histogram 7 4527'
- '#histogram 8 4631'
- '#histogram 9 4977'
- '#histogram 10 5149'
- '#histogram 11 5415'
- '#histogram 12 5483'
- '#histogram 13 5763'
- '#histogram 14 6128'
- '#histogram 15 6467'
- '#histogram 16 6726'
- '#histogram 17 6991'
- '#histogram 18 7090'
- '#histogram 19 7331'
- '#histogram 20 7541'
- '#histogram 21 7638'
- '#histogram 22 7829'
- '#histogram 23 7984'
- '#histogram 24 8108'
- '#histogram 25 8217'
- '#histogram 26 8399'
- '#histogram 27 8363'
- '#histogram 28 8560'
- '#histogram 29 8536'
- '#histogram 30 8732'
- '#histogram 31 8765'
- '#histogram 32 8671'
- '#histogram 33 8899'
- '#histogram 34 8539'
- '#histogram 35 8857'
- '#histogram 36 8518'
- '#histogram 37 8518'
- '#histogram 38 8408'
- '#histogram 39 8585'
- '#histogram 40 8491'
- '#histogram 41 8435'
- '#histogram 42 8237'
- '#histogram 43 8261'
- '#histogram 44 7987'
- '#histogram 45 7862'
- '#histogram 46 8029'
- '#histogram 47 7862'
- '#histogram 48 7514'
- '#histogram 49 7383'
- '#histogram 50 7287'
- '#histogram 51 7189'
- '#histogram 52 7041'
- '#histogram 53 6816'
- '#histogram 54 6774'
- '#histogram 55 6701'
- '#histogram 56 6350'
- '#histogram 57 6391'
- '#histogram 58 6235'
- '#histogram 59 6053'
- '#histogram 60 5747'
- '#histogram 61 5576'
- '#histogram 62 5439'
- '#histogram 63 5371'
- '#histogram 64 5083'
- '#histogram 65 5116'
- '#histogram 66 4961'
- '#histogram 67 4827'
- '#histogram 68 4554'
- '#histogram 69 4472'
- '#histogram 70 4415'
- '#histogram 71 4374'
- '#histogram 72 4164'
- '#histogram 73 3992'
- '#histogram 74 3839'
- '#histogram 75 3677'
- '#histogram 76 3610'
- '#histogram 77 3477'
- '#histogram 78 3303'
- '#histogram 79 3285'
- '#histogram 80 3044'
- '#histogram 81 3123'
- '#histogram 82 2899'
- '#histogram 83 2924'
- '#histogram 84 2706'
- '#histogram 85 2681'
- '#histogram 86 2573'
- '#histogram 87 2599'
- '#histogram 88 2385'
- '#histogram 89 2319'
- '#histogram 90 2262'
- '#histogram 91 2160'
- '#histogram 92 2111'
- '#histogram 93 2040'
- '#histogram 94 1945'
- '#histogram 95 1887'
- '#histogram 96 1838'
- '#histogram 97 1899'
- '#histogram 98 1643'
- '#histogram 99 1605'
- '#histogram 100 1541'
- '#histogram 101 1558'
- '#histogram 102 1495'
- '#histogram 103 1434'
- '#histogram 104 1382'
- '#histogram 105 1357'
- '#histogram 106 1307'
- '#histogram 107 1227'
- '#histogram 108 1137'
- '#histogram 109 1118'
- '#histogram 110 1091'
- '#histogram 111 1085'
- '#histogram 112 1028'
- '#histogram 113 1007'
- '#histogram 114 890'
- '#histogram 115 892'
- '#histogram 116 855'
- '#histogram 117 885'
- '#histogram 118 841'
- '#histogram 119 802'
- '#histogram 120 780'
- '#histogram 121 762'
- '#histogram 122 745'
- '#histogram 123 650'
- '#histogram 124 703'
- '#histogram 125 629'
- '#histogram 126 657'
- '#histogram 127 577'
- '#histogram 128 557'
- '#histogram 129 535'
- '#histogram 130 500'
- '#histogram 131 516'
- '#histogram 132 501'
- '#histogram 133 484'
- '#histogram 134 475'
- '#histogram 135 451'
- '#histogram 136 414'
- '#histogram 137 409'
- '#histogram 138 400'
- '#histogram 139 380'
- '#histogram 140 389'
- '#histogram 141 351'
- '#histogram 142 353'
- '#histogram 143 321'
- '#histogram 144 347'
- '#histogram 145 340'
- '#histogram 146 295'
- '#histogram 147 318'
- '#histogram 148 270'
- '#histogram 149 279'
- '#histogram 150 274'
- '#histogram 151 266'
- '#histogram 152 239'
- '#histogram 153 251'
- '#histogram 154 241'
- '#histogram 155 212'
- '#histogram 156 245'
- '#histogram 157 193'
- '#histogram 158 213'
- '#histogram 159 191'
- '#histogram 160 204'
- '#histogram 161 172'
- '#histogram 162 196'
- '#histogram 163 152'
- '#histogram 164 170'
- '#histogram 165 164'
- '#histogram 166 147'
- '#histogram 167 142'
- '#histogram 168 148'
- '#histogram 169 156'
- '#histogram 170 146'
- '#histogram 171 160'
- '#histogram 172 151'
- '#histogram 173 125'
- '#histogram 174 148'
- '#histogram 175 134'
- '#histogram 176 123'
- '#histogram 177 111'
- '#histogram 178 113'
- '#histogram 179 95'
- '#histogram 180 119'
- '#histogram 181 93'
- '#histogram 182 126'
- '#histogram 183 112'
- '#histogram 184 123'
- '#histogram 185 107'
- '#histogram 186 80'
- '#histogram 187 78'
- '#histogram 188 104'
- '#histogram 189 87'
- '#histogram 190 70'
- '#histogram 191 64'
- '#histogram 192 75'
- '#histogram 193 78'
- '#histogram 194 85'
- '#histogram 195 74'
- '#histogram 196 75'
- '#histogram 197 75'
- '#histogram 198 59'
- '#histogram 199 63'
- '#histogram 200 64'
- '#histogram 201 56'
- '#histogram 202 51'
- '#histogram 203 53'
- '#histogram 204 45'
- '#histogram 205 55'
- '#histogram 206 56'
- '#histogram 207 60'
- '#histogram 208 51'
- '#histogram 209 52'
- '#histogram 210 53'
- '#histogram 211 45'
- '#histogram 212 45'
- '#histogram 213 43'
- '#histogram 214 55'
- '#histogram 215 31'
- '#histogram 216 32'
- '#histogram 217 31'
- '#histogram 218 33'
- '#histogram 219 37'
- '#histogram 220 35'
- '#histogram 221 29'
- '#histogram 222 36'
- '#histogram 223 43'
- '#histogram 224 31'
- '#histogram 225 39'
- '#histogram 226 34'
- '#histogram 227 28'
- '#histogram 228 28'
- '#histogram 229 31'
- '#histogram 230 23'
- '#histogram 231 22'
- '#histogram 232 29'
- '#histogram 233 35'
- '#histogram 234 21'
- '#histogram 235 23'
- '#histogram 236 16'
- '#histogram 237 26'
- '#histogram 238 19'
- '#histogram 239 32'
- '#histogram 240 17'
- '#histogram 241 26'
- '#histogram 242 26'
- '#histogram 243 16'
- '#histogram 244 18'
- '#histogram 245 26'
- '#histogram 246 19'
- '#histogram 247 15'
- '#histogram 248 13'
- '#histogram 249 11'
- '#histogram 250 15'
- '#histogram 251 8'
- '#histogram 252 17'
- '#histogram 253 26'
- '#histogram 254 8'
- '#histogram 255 10'
- '#histogram 256 11'
- '#histogram 257 14'
- '#histogram 258 9'
- '#histogram 259 18'
- '#histogram 260 9'
- '#histogram 261 13'
- '#histogram 262 10'
- '#histogram 263 9'
- '#histogram 264 6'
- '#histogram 265 10'
- '#histogram 266 11'
- '#histogram 267 7'
- '#histogram 268 8'
- '#histogram 269 4'
- '#histogram 270 9'
- '#histogram 271 8'
- '#histogram 272 5'
- '#histogram 273 11'
- '#histogram 274 9'
- '#histogram 275 8'
- '#histogram 276 4'
- '#histogram 277 3'
- '#histogram 278 9'
- '#histogram 279 10'
- '#histogram 280 1'
- '#histogram 281 5'
- '#histogram 282 4'
- '#histogram 283 5'
- '#histogram 284 6'
- '#histogram 285 6'
- '#histogram 286 4'
- '#histogram 287 6'
- '#histogram 288 5'
- '#histogram 289 1'
- '#histogram 290 6'
- '#histogram 291 6'
- '#histogram 292 6'
- '#histogram 293 2'
- '#histogram 294 3'
- '#histogram 295 1'
- '#histogram 296 5'
- '#histogram 297 1'
- '#histogram 298 4'
- '#histogram 299 3'
- '#histogram 300 6'
- '#histogram 301 4'
- '#histogram 302 2'
- '#histogram 303 3'
- '#histogram 304 1'
- '#histogram 305 3'
- '#histogram 306 3'
- '#histogram 307 3'
- '#histogram 309 2'
- '#histogram 310 1'
- '#histogram 312 1'
- '#histogram 313 2'
- '#histogram 314 2'
- '#histogram 315 2'
- '#histogram 316 2'
- '#histogram 317 2'
- '#histogram 318 1'
- '#histogram 319 2'
- '#histogram 320 2'
- '#histogram 321 1'
- '#histogram 322 1'
- '#histogram 325 1'
- '#histogram 326 1'
- '#histogram 327 3'
- '#histogram 329 1'
- '#histogram 330 1'
- '#histogram 332 1'
- '#histogram 333 1'
- '#histogram 337 1'
- '#histogram 338 2'
- '#histogram 339 1'
- '#histogram 340 1'
- '#histogram 344 1'
- '#histogram 345 1'
- '#histogram 347 1'
- '#histogram 348 1'
- '#histogram 349 1'
- '#histogram 350 1'
- '#histogram 352 3'
- '#histogram 356 2'
- '#histogram 359 1'
- '#histogram 360 1'
- '#histogram 364 1'
- '#histogram 367 1'
- '#histogram 373 2'
- '#histogram 380 1'
- '#histogram 388 1'
- '#histogram 393 1'
- '#histogram 394 1'
- '#histogram 400 1'
- '#histogram 424 1'
- '#histogram 430 1'
- '#histogram 450 1'
- '#histogram 453 1'
- '#histogram 475 1'
- '#histogram 495 1'
- ''
