code: 0
data:
  avg_latency: 0.793694
  histogram:
  - - 0
    - 0
  - - 106
    - 2
  - - 108
    - 1
  - - 120
    - 1
  - - 125
    - 1
  - - 126
    - 1
  - - 128
    - 2
  - - 131
    - 1
  - - 132
    - 2
  - - 134
    - 1
  - - 135
    - 1
  - - 138
    - 2
  - - 139
    - 1
  - - 140
    - 1
  - - 141
    - 1
  - - 143
    - 1
  - - 144
    - 1
  - - 145
    - 4
  - - 147
    - 2
  - - 148
    - 2
  - - 151
    - 3
  - - 153
    - 1
  - - 154
    - 3
  - - 156
    - 1
  - - 157
    - 2
  - - 159
    - 1
  - - 161
    - 2
  - - 162
    - 3
  - - 163
    - 1
  - - 164
    - 3
  - - 165
    - 1
  - - 166
    - 1
  - - 167
    - 1
  - - 168
    - 2
  - - 169
    - 3
  - - 171
    - 1
  - - 172
    - 4
  - - 174
    - 2
  - - 175
    - 1
  - - 176
    - 10
  - - 177
    - 6
  - - 178
    - 1
  - - 179
    - 1
  - - 180
    - 5
  - - 181
    - 3
  - - 183
    - 2
  - - 184
    - 7
  - - 185
    - 4
  - - 186
    - 1
  - - 187
    - 4
  - - 188
    - 6
  - - 189
    - 6
  - - 190
    - 10
  - - 191
    - 3
  - - 192
    - 5
  - - 193
    - 5
  - - 194
    - 1
  - - 195
    - 4
  - - 196
    - 4
  - - 197
    - 8
  - - 198
    - 6
  - - 199
    - 3
  - - 200
    - 7
  - - 201
    - 2
  - - 202
    - 9
  - - 203
    - 8
  - - 204
    - 8
  - - 205
    - 8
  - - 206
    - 5
  - - 207
    - 3
  - - 208
    - 9
  - - 209
    - 8
  - - 210
    - 4
  - - 211
    - 4
  - - 212
    - 5
  - - 213
    - 4
  - - 214
    - 4
  - - 215
    - 3
  - - 216
    - 5
  - - 217
    - 4
  - - 218
    - 5
  - - 219
    - 4
  - - 220
    - 3
  - - 221
    - 5
  - - 222
    - 8
  - - 223
    - 7
  - - 224
    - 5
  - - 225
    - 6
  - - 226
    - 8
  - - 227
    - 10
  - - 228
    - 6
  - - 229
    - 5
  - - 230
    - 7
  - - 231
    - 12
  - - 232
    - 5
  - - 233
    - 12
  - - 234
    - 13
  - - 235
    - 17
  - - 236
    - 11
  - - 237
    - 10
  - - 238
    - 7
  - - 239
    - 8
  - - 240
    - 11
  - - 241
    - 6
  - - 242
    - 14
  - - 243
    - 6
  - - 244
    - 7
  - - 245
    - 4
  - - 246
    - 11
  - - 247
    - 9
  - - 248
    - 10
  - - 249
    - 9
  - - 250
    - 9
  - - 251
    - 14
  - - 252
    - 4
  - - 253
    - 7
  - - 254
    - 5
  - - 255
    - 11
  - - 256
    - 13
  - - 257
    - 7
  - - 258
    - 14
  - - 259
    - 15
  - - 260
    - 11
  - - 261
    - 11
  - - 262
    - 14
  - - 263
    - 1
  - - 264
    - 16
  - - 265
    - 17
  - - 266
    - 5
  - - 267
    - 7
  - - 268
    - 7
  - - 269
    - 7
  - - 270
    - 5
  - - 271
    - 10
  - - 272
    - 11
  - - 273
    - 13
  - - 274
    - 15
  - - 275
    - 7
  - - 276
    - 14
  - - 277
    - 16
  - - 278
    - 14
  - - 279
    - 21
  - - 280
    - 15
  - - 281
    - 16
  - - 282
    - 13
  - - 283
    - 10
  - - 284
    - 16
  - - 285
    - 16
  - - 286
    - 13
  - - 287
    - 9
  - - 288
    - 18
  - - 289
    - 14
  - - 290
    - 17
  - - 291
    - 8
  - - 292
    - 16
  - - 293
    - 12
  - - 294
    - 19
  - - 295
    - 14
  - - 296
    - 12
  - - 297
    - 12
  - - 298
    - 11
  - - 299
    - 16
  - - 300
    - 14
  - - 301
    - 22
  - - 302
    - 24
  - - 303
    - 19
  - - 304
    - 16
  - - 305
    - 12
  - - 306
    - 9
  - - 307
    - 10
  - - 308
    - 5
  - - 309
    - 7
  - - 310
    - 9
  - - 311
    - 10
  - - 312
    - 4
  - - 313
    - 11
  - - 314
    - 16
  - - 315
    - 15
  - - 316
    - 18
  - - 317
    - 20
  - - 318
    - 15
  - - 319
    - 16
  - - 320
    - 19
  - - 321
    - 14
  - - 322
    - 15
  - - 323
    - 16
  - - 324
    - 10
  - - 325
    - 24
  - - 326
    - 32
  - - 327
    - 16
  - - 328
    - 24
  - - 329
    - 18
  - - 330
    - 23
  - - 331
    - 19
  - - 332
    - 19
  - - 333
    - 25
  - - 334
    - 12
  - - 335
    - 22
  - - 336
    - 18
  - - 337
    - 16
  - - 338
    - 19
  - - 339
    - 14
  - - 340
    - 14
  - - 341
    - 9
  - - 342
    - 12
  - - 343
    - 10
  - - 344
    - 15
  - - 345
    - 19
  - - 346
    - 18
  - - 347
    - 15
  - - 348
    - 11
  - - 349
    - 5
  - - 350
    - 13
  - - 351
    - 16
  - - 352
    - 18
  - - 353
    - 17
  - - 354
    - 14
  - - 355
    - 27
  - - 356
    - 24
  - - 357
    - 27
  - - 358
    - 25
  - - 359
    - 17
  - - 360
    - 21
  - - 361
    - 15
  - - 362
    - 19
  - - 363
    - 11
  - - 364
    - 21
  - - 365
    - 33
  - - 366
    - 30
  - - 367
    - 32
  - - 368
    - 15
  - - 369
    - 21
  - - 370
    - 29
  - - 371
    - 26
  - - 372
    - 20
  - - 373
    - 19
  - - 374
    - 25
  - - 375
    - 24
  - - 376
    - 11
  - - 377
    - 15
  - - 378
    - 20
  - - 379
    - 27
  - - 380
    - 17
  - - 381
    - 20
  - - 382
    - 19
  - - 383
    - 21
  - - 384
    - 12
  - - 385
    - 19
  - - 386
    - 25
  - - 387
    - 18
  - - 388
    - 18
  - - 389
    - 26
  - - 390
    - 30
  - - 391
    - 18
  - - 392
    - 30
  - - 393
    - 12
  - - 394
    - 25
  - - 395
    - 25
  - - 396
    - 25
  - - 397
    - 18
  - - 398
    - 31
  - - 399
    - 29
  - - 400
    - 30
  - - 401
    - 22
  - - 402
    - 26
  - - 403
    - 22
  - - 404
    - 18
  - - 405
    - 28
  - - 406
    - 34
  - - 407
    - 20
  - - 408
    - 22
  - - 409
    - 30
  - - 410
    - 38
  - - 411
    - 28
  - - 412
    - 32
  - - 413
    - 32
  - - 414
    - 27
  - - 415
    - 31
  - - 416
    - 31
  - - 417
    - 25
  - - 418
    - 19
  - - 419
    - 17
  - - 420
    - 24
  - - 421
    - 23
  - - 422
    - 34
  - - 423
    - 38
  - - 424
    - 25
  - - 425
    - 26
  - - 426
    - 30
  - - 427
    - 29
  - - 428
    - 26
  - - 429
    - 31
  - - 430
    - 27
  - - 431
    - 21
  - - 432
    - 27
  - - 433
    - 25
  - - 434
    - 23
  - - 435
    - 21
  - - 436
    - 28
  - - 437
    - 37
  - - 438
    - 45
  - - 439
    - 36
  - - 440
    - 40
  - - 441
    - 23
  - - 442
    - 40
  - - 443
    - 27
  - - 444
    - 25
  - - 445
    - 28
  - - 446
    - 39
  - - 447
    - 37
  - - 448
    - 31
  - - 449
    - 41
  - - 450
    - 32
  - - 451
    - 29
  - - 452
    - 30
  - - 453
    - 29
  - - 454
    - 33
  - - 455
    - 35
  - - 456
    - 31
  - - 457
    - 26
  - - 458
    - 28
  - - 459
    - 37
  - - 460
    - 26
  - - 461
    - 37
  - - 462
    - 43
  - - 463
    - 45
  - - 464
    - 51
  - - 465
    - 31
  - - 466
    - 47
  - - 467
    - 28
  - - 468
    - 27
  - - 469
    - 39
  - - 470
    - 37
  - - 471
    - 41
  - - 472
    - 29
  - - 473
    - 36
  - - 474
    - 35
  - - 475
    - 45
  - - 476
    - 36
  - - 477
    - 46
  - - 478
    - 35
  - - 479
    - 30
  - - 480
    - 30
  - - 481
    - 41
  - - 482
    - 30
  - - 483
    - 41
  - - 484
    - 33
  - - 485
    - 28
  - - 486
    - 36
  - - 487
    - 36
  - - 488
    - 40
  - - 489
    - 23
  - - 490
    - 28
  - - 491
    - 50
  - - 492
    - 45
  - - 493
    - 41
  - - 494
    - 37
  - - 495
    - 54
  - - 496
    - 43
  - - 497
    - 53
  - - 498
    - 53
  - - 499
    - 44
  - - 500
    - 53
  - - 501
    - 57
  - - 502
    - 39
  - - 503
    - 40
  - - 504
    - 47
  - - 505
    - 39
  - - 506
    - 37
  - - 507
    - 65
  - - 508
    - 48
  - - 509
    - 44
  - - 510
    - 31
  - - 511
    - 43
  - - 512
    - 40
  - - 513
    - 37
  - - 514
    - 37
  - - 515
    - 40
  - - 516
    - 45
  - - 517
    - 37
  - - 518
    - 43
  - - 519
    - 35
  - - 520
    - 42
  - - 521
    - 32
  - - 522
    - 41
  - - 523
    - 41
  - - 524
    - 22
  - - 525
    - 48
  - - 526
    - 43
  - - 527
    - 31
  - - 528
    - 35
  - - 529
    - 42
  - - 530
    - 33
  - - 531
    - 39
  - - 532
    - 46
  - - 533
    - 46
  - - 534
    - 31
  - - 535
    - 42
  - - 536
    - 50
  - - 537
    - 40
  - - 538
    - 49
  - - 539
    - 34
  - - 540
    - 43
  - - 541
    - 50
  - - 542
    - 46
  - - 543
    - 33
  - - 544
    - 47
  - - 545
    - 29
  - - 546
    - 30
  - - 547
    - 37
  - - 548
    - 37
  - - 549
    - 37
  - - 550
    - 42
  - - 551
    - 40
  - - 552
    - 34
  - - 553
    - 39
  - - 554
    - 28
  - - 555
    - 41
  - - 556
    - 43
  - - 557
    - 44
  - - 558
    - 31
  - - 559
    - 36
  - - 560
    - 40
  - - 561
    - 45
  - - 562
    - 50
  - - 563
    - 57
  - - 564
    - 54
  - - 565
    - 34
  - - 566
    - 43
  - - 567
    - 51
  - - 568
    - 44
  - - 569
    - 40
  - - 570
    - 42
  - - 571
    - 48
  - - 572
    - 40
  - - 573
    - 48
  - - 574
    - 47
  - - 575
    - 42
  - - 576
    - 35
  - - 577
    - 48
  - - 578
    - 50
  - - 579
    - 45
  - - 580
    - 38
  - - 581
    - 48
  - - 582
    - 34
  - - 583
    - 30
  - - 584
    - 52
  - - 585
    - 37
  - - 586
    - 46
  - - 587
    - 51
  - - 588
    - 45
  - - 589
    - 48
  - - 590
    - 52
  - - 591
    - 52
  - - 592
    - 35
  - - 593
    - 46
  - - 594
    - 42
  - - 595
    - 41
  - - 596
    - 41
  - - 597
    - 47
  - - 598
    - 46
  - - 599
    - 43
  - - 600
    - 62
  - - 601
    - 36
  - - 602
    - 66
  - - 603
    - 46
  - - 604
    - 43
  - - 605
    - 46
  - - 606
    - 67
  - - 607
    - 52
  - - 608
    - 46
  - - 609
    - 49
  - - 610
    - 45
  - - 611
    - 52
  - - 612
    - 48
  - - 613
    - 29
  - - 614
    - 44
  - - 615
    - 47
  - - 616
    - 52
  - - 617
    - 41
  - - 618
    - 39
  - - 619
    - 39
  - - 620
    - 43
  - - 621
    - 47
  - - 622
    - 31
  - - 623
    - 51
  - - 624
    - 50
  - - 625
    - 53
  - - 626
    - 44
  - - 627
    - 47
  - - 628
    - 39
  - - 629
    - 50
  - - 630
    - 58
  - - 631
    - 41
  - - 632
    - 39
  - - 633
    - 52
  - - 634
    - 64
  - - 635
    - 35
  - - 636
    - 54
  - - 637
    - 51
  - - 638
    - 50
  - - 639
    - 38
  - - 640
    - 44
  - - 641
    - 41
  - - 642
    - 44
  - - 643
    - 41
  - - 644
    - 45
  - - 645
    - 42
  - - 646
    - 47
  - - 647
    - 69
  - - 648
    - 60
  - - 649
    - 49
  - - 650
    - 41
  - - 651
    - 50
  - - 652
    - 44
  - - 653
    - 53
  - - 654
    - 48
  - - 655
    - 44
  - - 656
    - 55
  - - 657
    - 44
  - - 658
    - 39
  - - 659
    - 49
  - - 660
    - 49
  - - 661
    - 46
  - - 662
    - 50
  - - 663
    - 47
  - - 664
    - 49
  - - 665
    - 41
  - - 666
    - 47
  - - 667
    - 48
  - - 668
    - 53
  - - 669
    - 52
  - - 670
    - 47
  - - 671
    - 58
  - - 672
    - 33
  - - 673
    - 47
  - - 674
    - 64
  - - 675
    - 45
  - - 676
    - 53
  - - 677
    - 56
  - - 678
    - 61
  - - 679
    - 62
  - - 680
    - 51
  - - 681
    - 56
  - - 682
    - 40
  - - 683
    - 67
  - - 684
    - 66
  - - 685
    - 50
  - - 686
    - 46
  - - 687
    - 36
  - - 688
    - 63
  - - 689
    - 60
  - - 690
    - 56
  - - 691
    - 40
  - - 692
    - 60
  - - 693
    - 32
  - - 694
    - 48
  - - 695
    - 62
  - - 696
    - 67
  - - 697
    - 46
  - - 698
    - 62
  - - 699
    - 64
  - - 700
    - 45
  - - 701
    - 52
  - - 702
    - 64
  - - 703
    - 68
  - - 704
    - 41
  - - 705
    - 47
  - - 706
    - 50
  - - 707
    - 45
  - - 708
    - 51
  - - 709
    - 61
  - - 710
    - 66
  - - 711
    - 56
  - - 712
    - 60
  - - 713
    - 53
  - - 714
    - 44
  - - 715
    - 42
  - - 716
    - 62
  - - 717
    - 50
  - - 718
    - 42
  - - 719
    - 46
  - - 720
    - 54
  - - 721
    - 57
  - - 722
    - 53
  - - 723
    - 59
  - - 724
    - 57
  - - 725
    - 59
  - - 726
    - 60
  - - 727
    - 54
  - - 728
    - 45
  - - 729
    - 66
  - - 730
    - 58
  - - 731
    - 65
  - - 732
    - 56
  - - 733
    - 50
  - - 734
    - 57
  - - 735
    - 36
  - - 736
    - 45
  - - 737
    - 43
  - - 738
    - 50
  - - 739
    - 40
  - - 740
    - 38
  - - 741
    - 45
  - - 742
    - 36
  - - 743
    - 47
  - - 744
    - 38
  - - 745
    - 45
  - - 746
    - 41
  - - 747
    - 48
  - - 748
    - 61
  - - 749
    - 59
  - - 750
    - 57
  - - 751
    - 64
  - - 752
    - 57
  - - 753
    - 51
  - - 754
    - 49
  - - 755
    - 50
  - - 756
    - 64
  - - 757
    - 54
  - - 758
    - 69
  - - 759
    - 61
  - - 760
    - 52
  - - 761
    - 47
  - - 762
    - 59
  - - 763
    - 46
  - - 764
    - 57
  - - 765
    - 56
  - - 766
    - 51
  - - 767
    - 50
  - - 768
    - 54
  - - 769
    - 39
  - - 770
    - 62
  - - 771
    - 54
  - - 772
    - 49
  - - 773
    - 36
  - - 774
    - 55
  - - 775
    - 46
  - - 776
    - 44
  - - 777
    - 49
  - - 778
    - 59
  - - 779
    - 57
  - - 780
    - 54
  - - 781
    - 49
  - - 782
    - 47
  - - 783
    - 47
  - - 784
    - 45
  - - 785
    - 41
  - - 786
    - 47
  - - 787
    - 39
  - - 788
    - 61
  - - 789
    - 47
  - - 790
    - 33
  - - 791
    - 47
  - - 792
    - 57
  - - 793
    - 42
  - - 794
    - 41
  - - 795
    - 38
  - - 796
    - 28
  - - 797
    - 41
  - - 798
    - 41
  - - 799
    - 42
  - - 800
    - 39
  - - 801
    - 47
  - - 802
    - 26
  - - 803
    - 42
  - - 804
    - 42
  - - 805
    - 41
  - - 806
    - 49
  - - 807
    - 56
  - - 808
    - 39
  - - 809
    - 36
  - - 810
    - 42
  - - 811
    - 38
  - - 812
    - 42
  - - 813
    - 47
  - - 814
    - 47
  - - 815
    - 54
  - - 816
    - 53
  - - 817
    - 60
  - - 818
    - 39
  - - 819
    - 33
  - - 820
    - 36
  - - 821
    - 42
  - - 822
    - 52
  - - 823
    - 49
  - - 824
    - 45
  - - 825
    - 36
  - - 826
    - 53
  - - 827
    - 39
  - - 828
    - 49
  - - 829
    - 50
  - - 830
    - 52
  - - 831
    - 35
  - - 832
    - 52
  - - 833
    - 46
  - - 834
    - 46
  - - 835
    - 39
  - - 836
    - 41
  - - 837
    - 44
  - - 838
    - 56
  - - 839
    - 46
  - - 840
    - 41
  - - 841
    - 42
  - - 842
    - 46
  - - 843
    - 46
  - - 844
    - 46
  - - 845
    - 31
  - - 846
    - 42
  - - 847
    - 33
  - - 848
    - 43
  - - 849
    - 48
  - - 850
    - 51
  - - 851
    - 45
  - - 852
    - 63
  - - 853
    - 49
  - - 854
    - 69
  - - 855
    - 46
  - - 856
    - 44
  - - 857
    - 48
  - - 858
    - 53
  - - 859
    - 54
  - - 860
    - 40
  - - 861
    - 53
  - - 862
    - 35
  - - 863
    - 44
  - - 864
    - 49
  - - 865
    - 59
  - - 866
    - 50
  - - 867
    - 47
  - - 868
    - 44
  - - 869
    - 31
  - - 870
    - 33
  - - 871
    - 32
  - - 872
    - 40
  - - 873
    - 38
  - - 874
    - 47
  - - 875
    - 46
  - - 876
    - 28
  - - 877
    - 51
  - - 878
    - 46
  - - 879
    - 51
  - - 880
    - 37
  - - 881
    - 56
  - - 882
    - 39
  - - 883
    - 36
  - - 884
    - 39
  - - 885
    - 33
  - - 886
    - 44
  - - 887
    - 40
  - - 888
    - 31
  - - 889
    - 59
  - - 890
    - 43
  - - 891
    - 44
  - - 892
    - 23
  - - 893
    - 52
  - - 894
    - 47
  - - 895
    - 48
  - - 896
    - 49
  - - 897
    - 44
  - - 898
    - 31
  - - 899
    - 41
  - - 900
    - 47
  - - 901
    - 41
  - - 902
    - 53
  - - 903
    - 46
  - - 904
    - 47
  - - 905
    - 34
  - - 906
    - 34
  - - 907
    - 34
  - - 908
    - 40
  - - 909
    - 30
  - - 910
    - 37
  - - 911
    - 57
  - - 912
    - 33
  - - 913
    - 23
  - - 914
    - 29
  - - 915
    - 41
  - - 916
    - 40
  - - 917
    - 49
  - - 918
    - 39
  - - 919
    - 43
  - - 920
    - 36
  - - 921
    - 39
  - - 922
    - 44
  - - 923
    - 48
  - - 924
    - 38
  - - 925
    - 42
  - - 926
    - 41
  - - 927
    - 31
  - - 928
    - 28
  - - 929
    - 35
  - - 930
    - 28
  - - 931
    - 30
  - - 932
    - 46
  - - 933
    - 41
  - - 934
    - 28
  - - 935
    - 37
  - - 936
    - 49
  - - 937
    - 49
  - - 938
    - 44
  - - 939
    - 44
  - - 940
    - 49
  - - 941
    - 38
  - - 942
    - 34
  - - 943
    - 29
  - - 944
    - 32
  - - 945
    - 34
  - - 946
    - 38
  - - 947
    - 32
  - - 948
    - 37
  - - 949
    - 33
  - - 950
    - 25
  - - 951
    - 37
  - - 952
    - 35
  - - 953
    - 44
  - - 954
    - 44
  - - 955
    - 30
  - - 956
    - 34
  - - 957
    - 38
  - - 958
    - 56
  - - 959
    - 36
  - - 960
    - 52
  - - 961
    - 42
  - - 962
    - 41
  - - 963
    - 53
  - - 964
    - 44
  - - 965
    - 45
  - - 966
    - 53
  - - 967
    - 38
  - - 968
    - 55
  - - 969
    - 42
  - - 970
    - 46
  - - 971
    - 46
  - - 972
    - 26
  - - 973
    - 43
  - - 974
    - 38
  - - 975
    - 43
  - - 976
    - 42
  - - 977
    - 43
  - - 978
    - 37
  - - 979
    - 49
  - - 980
    - 39
  - - 981
    - 29
  - - 982
    - 47
  - - 983
    - 29
  - - 984
    - 32
  - - 985
    - 28
  - - 986
    - 33
  - - 987
    - 41
  - - 988
    - 46
  - - 989
    - 44
  - - 990
    - 43
  - - 991
    - 48
  - - 992
    - 44
  - - 993
    - 34
  - - 994
    - 36
  - - 995
    - 32
  - - 996
    - 53
  - - 997
    - 35
  - - 998
    - 54
  - - 999
    - 40
  - - 1000
    - 46
  - - 1001
    - 32
  - - 1002
    - 38
  - - 1003
    - 37
  - - 1004
    - 33
  - - 1005
    - 33
  - - 1006
    - 46
  - - 1007
    - 51
  - - 1008
    - 27
  - - 1009
    - 31
  - - 1010
    - 20
  - - 1011
    - 36
  - - 1012
    - 46
  - - 1013
    - 27
  - - 1014
    - 38
  - - 1015
    - 36
  - - 1016
    - 32
  - - 1017
    - 24
  - - 1018
    - 50
  - - 1019
    - 30
  - - 1020
    - 33
  - - 1021
    - 35
  - - 1022
    - 39
  - - 1023
    - 34
  - - 1024
    - 33
  - - 1025
    - 49
  - - 1026
    - 30
  - - 1027
    - 27
  - - 1028
    - 35
  - - 1029
    - 30
  - - 1030
    - 35
  - - 1031
    - 41
  - - 1032
    - 23
  - - 1033
    - 33
  - - 1034
    - 33
  - - 1035
    - 30
  - - 1036
    - 33
  - - 1037
    - 33
  - - 1038
    - 38
  - - 1039
    - 30
  - - 1040
    - 27
  - - 1041
    - 22
  - - 1042
    - 25
  - - 1043
    - 28
  - - 1044
    - 35
  - - 1045
    - 20
  - - 1046
    - 25
  - - 1047
    - 27
  - - 1048
    - 30
  - - 1049
    - 42
  - - 1050
    - 41
  - - 1051
    - 30
  - - 1052
    - 35
  - - 1053
    - 31
  - - 1054
    - 31
  - - 1055
    - 43
  - - 1056
    - 42
  - - 1057
    - 31
  - - 1058
    - 25
  - - 1059
    - 33
  - - 1060
    - 34
  - - 1061
    - 32
  - - 1062
    - 38
  - - 1063
    - 40
  - - 1064
    - 32
  - - 1065
    - 34
  - - 1066
    - 30
  - - 1067
    - 36
  - - 1068
    - 18
  - - 1069
    - 24
  - - 1070
    - 15
  - - 1071
    - 39
  - - 1072
    - 29
  - - 1073
    - 23
  - - 1074
    - 22
  - - 1075
    - 24
  - - 1076
    - 30
  - - 1077
    - 17
  - - 1078
    - 27
  - - 1079
    - 20
  - - 1080
    - 36
  - - 1081
    - 22
  - - 1082
    - 26
  - - 1083
    - 20
  - - 1084
    - 25
  - - 1085
    - 18
  - - 1086
    - 15
  - - 1087
    - 28
  - - 1088
    - 26
  - - 1089
    - 28
  - - 1090
    - 20
  - - 1091
    - 21
  - - 1092
    - 16
  - - 1093
    - 18
  - - 1094
    - 36
  - - 1095
    - 31
  - - 1096
    - 15
  - - 1097
    - 38
  - - 1098
    - 33
  - - 1099
    - 17
  - - 1100
    - 23
  - - 1101
    - 26
  - - 1102
    - 19
  - - 1103
    - 23
  - - 1104
    - 37
  - - 1105
    - 31
  - - 1106
    - 28
  - - 1107
    - 22
  - - 1108
    - 22
  - - 1109
    - 28
  - - 1110
    - 21
  - - 1111
    - 17
  - - 1112
    - 20
  - - 1113
    - 30
  - - 1114
    - 24
  - - 1115
    - 29
  - - 1116
    - 34
  - - 1117
    - 32
  - - 1118
    - 35
  - - 1119
    - 26
  - - 1120
    - 23
  - - 1121
    - 27
  - - 1122
    - 22
  - - 1123
    - 32
  - - 1124
    - 14
  - - 1125
    - 19
  - - 1126
    - 32
  - - 1127
    - 13
  - - 1128
    - 32
  - - 1129
    - 15
  - - 1130
    - 20
  - - 1131
    - 21
  - - 1132
    - 19
  - - 1133
    - 33
  - - 1134
    - 23
  - - 1135
    - 22
  - - 1136
    - 30
  - - 1137
    - 22
  - - 1138
    - 15
  - - 1139
    - 19
  - - 1140
    - 30
  - - 1141
    - 24
  - - 1142
    - 18
  - - 1143
    - 27
  - - 1144
    - 21
  - - 1145
    - 28
  - - 1146
    - 21
  - - 1147
    - 27
  - - 1148
    - 21
  - - 1149
    - 29
  - - 1150
    - 38
  - - 1151
    - 31
  - - 1152
    - 15
  - - 1153
    - 29
  - - 1154
    - 25
  - - 1155
    - 27
  - - 1156
    - 25
  - - 1157
    - 15
  - - 1158
    - 20
  - - 1159
    - 26
  - - 1160
    - 18
  - - 1161
    - 24
  - - 1162
    - 22
  - - 1163
    - 17
  - - 1164
    - 25
  - - 1165
    - 37
  - - 1166
    - 18
  - - 1167
    - 20
  - - 1168
    - 18
  - - 1169
    - 18
  - - 1170
    - 13
  - - 1171
    - 18
  - - 1172
    - 20
  - - 1173
    - 16
  - - 1174
    - 15
  - - 1175
    - 24
  - - 1176
    - 17
  - - 1177
    - 20
  - - 1178
    - 15
  - - 1179
    - 14
  - - 1180
    - 10
  - - 1181
    - 22
  - - 1182
    - 17
  - - 1183
    - 19
  - - 1184
    - 22
  - - 1185
    - 21
  - - 1186
    - 18
  - - 1187
    - 16
  - - 1188
    - 16
  - - 1189
    - 15
  - - 1190
    - 19
  - - 1191
    - 17
  - - 1192
    - 13
  - - 1193
    - 9
  - - 1194
    - 20
  - - 1195
    - 24
  - - 1196
    - 27
  - - 1197
    - 27
  - - 1198
    - 29
  - - 1199
    - 23
  - - 1200
    - 16
  - - 1201
    - 9
  - - 1202
    - 14
  - - 1203
    - 16
  - - 1204
    - 24
  - - 1205
    - 21
  - - 1206
    - 21
  - - 1207
    - 24
  - - 1208
    - 16
  - - 1209
    - 16
  - - 1210
    - 14
  - - 1211
    - 26
  - - 1212
    - 12
  - - 1213
    - 22
  - - 1214
    - 20
  - - 1215
    - 25
  - - 1216
    - 22
  - - 1217
    - 19
  - - 1218
    - 13
  - - 1219
    - 20
  - - 1220
    - 19
  - - 1221
    - 18
  - - 1222
    - 22
  - - 1223
    - 17
  - - 1224
    - 12
  - - 1225
    - 12
  - - 1226
    - 17
  - - 1227
    - 24
  - - 1228
    - 20
  - - 1229
    - 11
  - - 1230
    - 22
  - - 1231
    - 17
  - - 1232
    - 20
  - - 1233
    - 20
  - - 1234
    - 19
  - - 1235
    - 20
  - - 1236
    - 17
  - - 1237
    - 20
  - - 1238
    - 13
  - - 1239
    - 16
  - - 1240
    - 19
  - - 1241
    - 16
  - - 1242
    - 13
  - - 1243
    - 11
  - - 1244
    - 9
  - - 1245
    - 27
  - - 1246
    - 21
  - - 1247
    - 17
  - - 1248
    - 18
  - - 1249
    - 13
  - - 1250
    - 21
  - - 1251
    - 16
  - - 1252
    - 22
  - - 1253
    - 17
  - - 1254
    - 15
  - - 1255
    - 21
  - - 1256
    - 21
  - - 1257
    - 14
  - - 1258
    - 20
  - - 1259
    - 16
  - - 1260
    - 9
  - - 1261
    - 14
  - - 1262
    - 21
  - - 1263
    - 11
  - - 1264
    - 13
  - - 1265
    - 25
  - - 1266
    - 23
  - - 1267
    - 14
  - - 1268
    - 21
  - - 1269
    - 17
  - - 1270
    - 18
  - - 1271
    - 14
  - - 1272
    - 14
  - - 1273
    - 16
  - - 1274
    - 10
  - - 1275
    - 11
  - - 1276
    - 10
  - - 1277
    - 7
  - - 1278
    - 11
  - - 1279
    - 7
  - - 1280
    - 18
  - - 1281
    - 6
  - - 1282
    - 9
  - - 1283
    - 6
  - - 1284
    - 18
  - - 1285
    - 17
  - - 1286
    - 21
  - - 1287
    - 20
  - - 1288
    - 20
  - - 1289
    - 28
  - - 1290
    - 16
  - - 1291
    - 17
  - - 1292
    - 18
  - - 1293
    - 10
  - - 1294
    - 15
  - - 1295
    - 15
  - - 1296
    - 11
  - - 1297
    - 19
  - - 1298
    - 15
  - - 1299
    - 13
  - - 1300
    - 9
  - - 1301
    - 7
  - - 1302
    - 10
  - - 1303
    - 10
  - - 1304
    - 5
  - - 1305
    - 5
  - - 1306
    - 8
  - - 1307
    - 8
  - - 1308
    - 8
  - - 1309
    - 11
  - - 1310
    - 16
  - - 1311
    - 6
  - - 1312
    - 9
  - - 1313
    - 14
  - - 1314
    - 22
  - - 1315
    - 13
  - - 1316
    - 13
  - - 1317
    - 9
  - - 1318
    - 12
  - - 1319
    - 12
  - - 1320
    - 20
  - - 1321
    - 13
  - - 1322
    - 15
  - - 1323
    - 15
  - - 1324
    - 16
  - - 1325
    - 14
  - - 1326
    - 10
  - - 1327
    - 7
  - - 1328
    - 8
  - - 1329
    - 5
  - - 1330
    - 7
  - - 1331
    - 8
  - - 1332
    - 10
  - - 1333
    - 11
  - - 1334
    - 13
  - - 1335
    - 13
  - - 1336
    - 11
  - - 1337
    - 13
  - - 1338
    - 16
  - - 1339
    - 11
  - - 1340
    - 14
  - - 1341
    - 10
  - - 1342
    - 7
  - - 1343
    - 9
  - - 1344
    - 10
  - - 1345
    - 9
  - - 1346
    - 10
  - - 1347
    - 8
  - - 1348
    - 9
  - - 1349
    - 7
  - - 1350
    - 10
  - - 1351
    - 16
  - - 1352
    - 14
  - - 1353
    - 13
  - - 1354
    - 6
  - - 1355
    - 8
  - - 1356
    - 8
  - - 1357
    - 11
  - - 1358
    - 8
  - - 1359
    - 5
  - - 1360
    - 13
  - - 1361
    - 9
  - - 1362
    - 4
  - - 1363
    - 3
  - - 1364
    - 9
  - - 1365
    - 14
  - - 1366
    - 8
  - - 1367
    - 6
  - - 1368
    - 7
  - - 1369
    - 8
  - - 1370
    - 6
  - - 1371
    - 5
  - - 1372
    - 7
  - - 1373
    - 10
  - - 1374
    - 11
  - - 1375
    - 10
  - - 1376
    - 7
  - - 1377
    - 13
  - - 1378
    - 8
  - - 1379
    - 3
  - - 1380
    - 14
  - - 1381
    - 7
  - - 1382
    - 10
  - - 1383
    - 13
  - - 1384
    - 18
  - - 1385
    - 6
  - - 1386
    - 6
  - - 1387
    - 8
  - - 1388
    - 14
  - - 1389
    - 4
  - - 1390
    - 4
  - - 1391
    - 10
  - - 1392
    - 4
  - - 1393
    - 9
  - - 1394
    - 9
  - - 1395
    - 2
  - - 1396
    - 11
  - - 1397
    - 10
  - - 1398
    - 9
  - - 1399
    - 6
  - - 1400
    - 10
  - - 1401
    - 12
  - - 1402
    - 6
  - - 1403
    - 10
  - - 1404
    - 7
  - - 1405
    - 3
  - - 1406
    - 6
  - - 1407
    - 6
  - - 1408
    - 8
  - - 1409
    - 9
  - - 1410
    - 4
  - - 1411
    - 6
  - - 1412
    - 5
  - - 1413
    - 2
  - - 1414
    - 6
  - - 1415
    - 4
  - - 1416
    - 3
  - - 1417
    - 5
  - - 1418
    - 8
  - - 1419
    - 7
  - - 1420
    - 5
  - - 1421
    - 5
  - - 1422
    - 6
  - - 1423
    - 11
  - - 1424
    - 10
  - - 1425
    - 1
  - - 1426
    - 3
  - - 1427
    - 6
  - - 1428
    - 2
  - - 1429
    - 2
  - - 1430
    - 6
  - - 1431
    - 6
  - - 1432
    - 6
  - - 1433
    - 8
  - - 1434
    - 6
  - - 1435
    - 6
  - - 1436
    - 11
  - - 1437
    - 9
  - - 1438
    - 6
  - - 1439
    - 3
  - - 1440
    - 1
  - - 1441
    - 5
  - - 1442
    - 2
  - - 1443
    - 4
  - - 1444
    - 6
  - - 1445
    - 10
  - - 1446
    - 8
  - - 1447
    - 6
  - - 1448
    - 3
  - - 1449
    - 9
  - - 1450
    - 3
  - - 1451
    - 5
  - - 1452
    - 8
  - - 1453
    - 4
  - - 1454
    - 7
  - - 1455
    - 6
  - - 1456
    - 4
  - - 1457
    - 1
  - - 1458
    - 10
  - - 1459
    - 10
  - - 1460
    - 6
  - - 1461
    - 6
  - - 1462
    - 4
  - - 1463
    - 1
  - - 1464
    - 4
  - - 1465
    - 6
  - - 1466
    - 4
  - - 1467
    - 2
  - - 1468
    - 3
  - - 1469
    - 4
  - - 1470
    - 3
  - - 1471
    - 1
  - - 1472
    - 4
  - - 1473
    - 6
  - - 1474
    - 4
  - - 1475
    - 8
  - - 1476
    - 3
  - - 1477
    - 3
  - - 1478
    - 1
  - - 1479
    - 1
  - - 1480
    - 3
  - - 1481
    - 4
  - - 1482
    - 6
  - - 1483
    - 2
  - - 1484
    - 4
  - - 1485
    - 3
  - - 1486
    - 11
  - - 1487
    - 5
  - - 1488
    - 7
  - - 1489
    - 6
  - - 1490
    - 17
  - - 1491
    - 4
  - - 1492
    - 8
  - - 1493
    - 7
  - - 1494
    - 6
  - - 1495
    - 2
  - - 1496
    - 6
  - - 1497
    - 3
  - - 1498
    - 9
  - - 1499
    - 6
  - - 1500
    - 7
  - - 1501
    - 9
  - - 1502
    - 1
  - - 1503
    - 3
  - - 1504
    - 2
  - - 1505
    - 6
  - - 1506
    - 5
  - - 1507
    - 6
  - - 1508
    - 6
  - - 1509
    - 3
  - - 1510
    - 2
  - - 1511
    - 5
  - - 1512
    - 11
  - - 1513
    - 3
  - - 1514
    - 2
  - - 1515
    - 1
  - - 1516
    - 4
  - - 1517
    - 3
  - - 1518
    - 6
  - - 1519
    - 4
  - - 1520
    - 7
  - - 1521
    - 10
  - - 1522
    - 6
  - - 1523
    - 6
  - - 1524
    - 3
  - - 1525
    - 2
  - - 1526
    - 6
  - - 1527
    - 3
  - - 1529
    - 8
  - - 1530
    - 3
  - - 1531
    - 1
  - - 1532
    - 2
  - - 1533
    - 1
  - - 1534
    - 3
  - - 1535
    - 5
  - - 1536
    - 4
  - - 1537
    - 3
  - - 1538
    - 1
  - - 1539
    - 6
  - - 1540
    - 6
  - - 1541
    - 3
  - - 1542
    - 5
  - - 1543
    - 3
  - - 1544
    - 6
  - - 1545
    - 1
  - - 1546
    - 3
  - - 1547
    - 2
  - - 1548
    - 7
  - - 1549
    - 3
  - - 1550
    - 3
  - - 1551
    - 3
  - - 1552
    - 3
  - - 1553
    - 1
  - - 1554
    - 3
  - - 1556
    - 4
  - - 1557
    - 1
  - - 1558
    - 1
  - - 1559
    - 1
  - - 1560
    - 1
  - - 1561
    - 1
  - - 1562
    - 2
  - - 1563
    - 3
  - - 1564
    - 1
  - - 1565
    - 3
  - - 1567
    - 1
  - - 1568
    - 1
  - - 1569
    - 2
  - - 1570
    - 4
  - - 1571
    - 3
  - - 1573
    - 1
  - - 1574
    - 2
  - - 1575
    - 4
  - - 1576
    - 3
  - - 1577
    - 1
  - - 1578
    - 6
  - - 1582
    - 2
  - - 1583
    - 4
  - - 1585
    - 1
  - - 1587
    - 4
  - - 1589
    - 3
  - - 1591
    - 2
  - - 1592
    - 1
  - - 1593
    - 2
  - - 1594
    - 5
  - - 1595
    - 1
  - - 1596
    - 2
  - - 1597
    - 1
  - - 1598
    - 3
  - - 1599
    - 2
  - - 1600
    - 1
  - - 1601
    - 3
  - - 1602
    - 1
  - - 1604
    - 5
  - - 1605
    - 3
  - - 1606
    - 1
  - - 1608
    - 6
  - - 1609
    - 3
  - - 1610
    - 5
  - - 1611
    - 3
  - - 1612
    - 3
  - - 1613
    - 1
  - - 1614
    - 1
  - - 1615
    - 1
  - - 1616
    - 3
  - - 1617
    - 1
  - - 1618
    - 3
  - - 1619
    - 3
  - - 1620
    - 2
  - - 1621
    - 1
  - - 1622
    - 1
  - - 1623
    - 1
  - - 1624
    - 1
  - - 1625
    - 3
  - - 1626
    - 1
  - - 1627
    - 1
  - - 1629
    - 6
  - - 1631
    - 1
  - - 1633
    - 1
  - - 1635
    - 1
  - - 1636
    - 3
  - - 1637
    - 2
  - - 1638
    - 1
  - - 1639
    - 1
  - - 1640
    - 2
  - - 1641
    - 5
  - - 1642
    - 7
  - - 1643
    - 3
  - - 1646
    - 1
  - - 1648
    - 2
  - - 1650
    - 2
  - - 1652
    - 2
  - - 1653
    - 2
  - - 1655
    - 2
  - - 1657
    - 1
  - - 1658
    - 1
  - - 1660
    - 1
  - - 1662
    - 2
  - - 1663
    - 2
  - - 1664
    - 1
  - - 1665
    - 3
  - - 1666
    - 2
  - - 1667
    - 3
  - - 1668
    - 1
  - - 1669
    - 1
  - - 1671
    - 1
  - - 1674
    - 1
  - - 1675
    - 1
  - - 1676
    - 1
  - - 1677
    - 1
  - - 1679
    - 1
  - - 1683
    - 2
  - - 1684
    - 2
  - - 1685
    - 2
  - - 1686
    - 1
  - - 1700
    - 1
  - - 1704
    - 6
  - - 1708
    - 1
  - - 1710
    - 1
  - - 1714
    - 2
  - - 1715
    - 1
  - - 1721
    - 3
  - - 1722
    - 1
  - - 1723
    - 1
  - - 1725
    - 1
  - - 1731
    - 1
  - - 1744
    - 1
  - - 1754
    - 2
  - - 1767
    - 4
  - - 1768
    - 1
  - - 1769
    - 2
  - - 1780
    - 1
  - - 1784
    - 2
  - - 1785
    - 1
  - - 1786
    - 1
  - - 1797
    - 2
  - - 1798
    - 1
  - - 1799
    - 1
  - - 1802
    - 1
  - - 1803
    - 1
  - - 1815
    - 1
  - - 1817
    - 1
  - - 1821
    - 1
  - - 1822
    - 1
  - - 1843
    - 1
  - - 1849
    - 1
  - - 1851
    - 3
  - - 1854
    - 1
  - - 1874
    - 1
  - - 1889
    - 2
  - - 1952
    - 1
  - - 2010
    - 1
  - - 2035
    - 2
  latency_50_percentile: 767.0
  latency_95_percentile: 1313.0
  latency_99_5_percentile: 1600.0250000000015
  latency_99_percentile: 1522.050000000003
  max_kubedns_cpu: 579
  max_kubedns_memory: 26
  max_latency: 2.035771
  max_perfserver_cpu: 0
  max_perfserver_memory: 0
  min_latency: 0.106201
  msg: null
  ok: true
  qps: 125.928563
  queries_completed: 37796
  queries_lost: 0
  queries_sent: 37796
  run_time: 300.138421
  stddev_latency: 0.292949
params:
  max_qps: null
  pod_name: dns-perf-client-858fb7568b-c8w6w
  query_file: all-queries.txt
  run_id: 1777674837
  run_length_seconds: 300
  run_subid: 0
stderr:
- ''
stdout:
- DNS Performance Testing Tool
- Nominum Version 2.1.0.0
- ''
- '[Status] Command line: dnsperf -s 10.0.0.10 -l 300 -d /queries/all-queries.txt'
- '[Status] Sending queries (to 10.0.0.10)'
- '[Status] Started at: Fri May  1 22:34:30 2026'
- '[Status] Stopping after 300.000000 seconds'
- '[Status] Testing complete (time limit)'
- ''
- 'Statistics:'
- ''
- '  Queries sent:         37796'
- '  Queries completed:    37796 (100.00%)'
- '  Queries lost:         0 (0.00%)'
- ''
- '  Response codes:       NOERROR 4536 (12.00%), NXDOMAIN 33260 (88.00%)'
- '  Average packet size:  request 38, response 122'
- '  Run time (s):         300.138421'
- '  Queries per second:   125.928563'
- ''
- '  Average Latency (s):  0.793694 (min 0.106201, max 2.035771)'
- '  Latency StdDev (s):   0.292949'
- ''
- '  Latency histogram'
- '#histogram 0 0'
- '#histogram 106 2'
- '#histogram 108 1'
- '#histogram 120 1'
- '#histogram 125 1'
- '#histogram 126 1'
- '#histogram 128 2'
- '#histogram 131 1'
- '#histogram 132 2'
- '#histogram 134 1'
- '#histogram 135 1'
- '#histogram 138 2'
- '#histogram 139 1'
- '#histogram 140 1'
- '#histogram 141 1'
- '#histogram 143 1'
- '#histogram 144 1'
- '#histogram 145 4'
- '#histogram 147 2'
- '#histogram 148 2'
- '#histogram 151 3'
- '#histogram 153 1'
- '#histogram 154 3'
- '#histogram 156 1'
- '#histogram 157 2'
- '#histogram 159 1'
- '#histogram 161 2'
- '#histogram 162 3'
- '#histogram 163 1'
- '#histogram 164 3'
- '#histogram 165 1'
- '#histogram 166 1'
- '#histogram 167 1'
- '#histogram 168 2'
- '#histogram 169 3'
- '#histogram 171 1'
- '#histogram 172 4'
- '#histogram 174 2'
- '#histogram 175 1'
- '#histogram 176 10'
- '#histogram 177 6'
- '#histogram 178 1'
- '#histogram 179 1'
- '#histogram 180 5'
- '#histogram 181 3'
- '#histogram 183 2'
- '#histogram 184 7'
- '#histogram 185 4'
- '#histogram 186 1'
- '#histogram 187 4'
- '#histogram 188 6'
- '#histogram 189 6'
- '#histogram 190 10'
- '#histogram 191 3'
- '#histogram 192 5'
- '#histogram 193 5'
- '#histogram 194 1'
- '#histogram 195 4'
- '#histogram 196 4'
- '#histogram 197 8'
- '#histogram 198 6'
- '#histogram 199 3'
- '#histogram 200 7'
- '#histogram 201 2'
- '#histogram 202 9'
- '#histogram 203 8'
- '#histogram 204 8'
- '#histogram 205 8'
- '#histogram 206 5'
- '#histogram 207 3'
- '#histogram 208 9'
- '#histogram 209 8'
- '#histogram 210 4'
- '#histogram 211 4'
- '#histogram 212 5'
- '#histogram 213 4'
- '#histogram 214 4'
- '#histogram 215 3'
- '#histogram 216 5'
- '#histogram 217 4'
- '#histogram 218 5'
- '#histogram 219 4'
- '#histogram 220 3'
- '#histogram 221 5'
- '#histogram 222 8'
- '#histogram 223 7'
- '#histogram 224 5'
- '#histogram 225 6'
- '#histogram 226 8'
- '#histogram 227 10'
- '#histogram 228 6'
- '#histogram 229 5'
- '#histogram 230 7'
- '#histogram 231 12'
- '#histogram 232 5'
- '#histogram 233 12'
- '#histogram 234 13'
- '#histogram 235 17'
- '#histogram 236 11'
- '#histogram 237 10'
- '#histogram 238 7'
- '#histogram 239 8'
- '#histogram 240 11'
- '#histogram 241 6'
- '#histogram 242 14'
- '#histogram 243 6'
- '#histogram 244 7'
- '#histogram 245 4'
- '#histogram 246 11'
- '#histogram 247 9'
- '#histogram 248 10'
- '#histogram 249 9'
- '#histogram 250 9'
- '#histogram 251 14'
- '#histogram 252 4'
- '#histogram 253 7'
- '#histogram 254 5'
- '#histogram 255 11'
- '#histogram 256 13'
- '#histogram 257 7'
- '#histogram 258 14'
- '#histogram 259 15'
- '#histogram 260 11'
- '#histogram 261 11'
- '#histogram 262 14'
- '#histogram 263 1'
- '#histogram 264 16'
- '#histogram 265 17'
- '#histogram 266 5'
- '#histogram 267 7'
- '#histogram 268 7'
- '#histogram 269 7'
- '#histogram 270 5'
- '#histogram 271 10'
- '#histogram 272 11'
- '#histogram 273 13'
- '#histogram 274 15'
- '#histogram 275 7'
- '#histogram 276 14'
- '#histogram 277 16'
- '#histogram 278 14'
- '#histogram 279 21'
- '#histogram 280 15'
- '#histogram 281 16'
- '#histogram 282 13'
- '#histogram 283 10'
- '#histogram 284 16'
- '#histogram 285 16'
- '#histogram 286 13'
- '#histogram 287 9'
- '#histogram 288 18'
- '#histogram 289 14'
- '#histogram 290 17'
- '#histogram 291 8'
- '#histogram 292 16'
- '#histogram 293 12'
- '#histogram 294 19'
- '#histogram 295 14'
- '#histogram 296 12'
- '#histogram 297 12'
- '#histogram 298 11'
- '#histogram 299 16'
- '#histogram 300 14'
- '#histogram 301 22'
- '#histogram 302 24'
- '#histogram 303 19'
- '#histogram 304 16'
- '#histogram 305 12'
- '#histogram 306 9'
- '#histogram 307 10'
- '#histogram 308 5'
- '#histogram 309 7'
- '#histogram 310 9'
- '#histogram 311 10'
- '#histogram 312 4'
- '#histogram 313 11'
- '#histogram 314 16'
- '#histogram 315 15'
- '#histogram 316 18'
- '#histogram 317 20'
- '#histogram 318 15'
- '#histogram 319 16'
- '#histogram 320 19'
- '#histogram 321 14'
- '#histogram 322 15'
- '#histogram 323 16'
- '#histogram 324 10'
- '#histogram 325 24'
- '#histogram 326 32'
- '#histogram 327 16'
- '#histogram 328 24'
- '#histogram 329 18'
- '#histogram 330 23'
- '#histogram 331 19'
- '#histogram 332 19'
- '#histogram 333 25'
- '#histogram 334 12'
- '#histogram 335 22'
- '#histogram 336 18'
- '#histogram 337 16'
- '#histogram 338 19'
- '#histogram 339 14'
- '#histogram 340 14'
- '#histogram 341 9'
- '#histogram 342 12'
- '#histogram 343 10'
- '#histogram 344 15'
- '#histogram 345 19'
- '#histogram 346 18'
- '#histogram 347 15'
- '#histogram 348 11'
- '#histogram 349 5'
- '#histogram 350 13'
- '#histogram 351 16'
- '#histogram 352 18'
- '#histogram 353 17'
- '#histogram 354 14'
- '#histogram 355 27'
- '#histogram 356 24'
- '#histogram 357 27'
- '#histogram 358 25'
- '#histogram 359 17'
- '#histogram 360 21'
- '#histogram 361 15'
- '#histogram 362 19'
- '#histogram 363 11'
- '#histogram 364 21'
- '#histogram 365 33'
- '#histogram 366 30'
- '#histogram 367 32'
- '#histogram 368 15'
- '#histogram 369 21'
- '#histogram 370 29'
- '#histogram 371 26'
- '#histogram 372 20'
- '#histogram 373 19'
- '#histogram 374 25'
- '#histogram 375 24'
- '#histogram 376 11'
- '#histogram 377 15'
- '#histogram 378 20'
- '#histogram 379 27'
- '#histogram 380 17'
- '#histogram 381 20'
- '#histogram 382 19'
- '#histogram 383 21'
- '#histogram 384 12'
- '#histogram 385 19'
- '#histogram 386 25'
- '#histogram 387 18'
- '#histogram 388 18'
- '#histogram 389 26'
- '#histogram 390 30'
- '#histogram 391 18'
- '#histogram 392 30'
- '#histogram 393 12'
- '#histogram 394 25'
- '#histogram 395 25'
- '#histogram 396 25'
- '#histogram 397 18'
- '#histogram 398 31'
- '#histogram 399 29'
- '#histogram 400 30'
- '#histogram 401 22'
- '#histogram 402 26'
- '#histogram 403 22'
- '#histogram 404 18'
- '#histogram 405 28'
- '#histogram 406 34'
- '#histogram 407 20'
- '#histogram 408 22'
- '#histogram 409 30'
- '#histogram 410 38'
- '#histogram 411 28'
- '#histogram 412 32'
- '#histogram 413 32'
- '#histogram 414 27'
- '#histogram 415 31'
- '#histogram 416 31'
- '#histogram 417 25'
- '#histogram 418 19'
- '#histogram 419 17'
- '#histogram 420 24'
- '#histogram 421 23'
- '#histogram 422 34'
- '#histogram 423 38'
- '#histogram 424 25'
- '#histogram 425 26'
- '#histogram 426 30'
- '#histogram 427 29'
- '#histogram 428 26'
- '#histogram 429 31'
- '#histogram 430 27'
- '#histogram 431 21'
- '#histogram 432 27'
- '#histogram 433 25'
- '#histogram 434 23'
- '#histogram 435 21'
- '#histogram 436 28'
- '#histogram 437 37'
- '#histogram 438 45'
- '#histogram 439 36'
- '#histogram 440 40'
- '#histogram 441 23'
- '#histogram 442 40'
- '#histogram 443 27'
- '#histogram 444 25'
- '#histogram 445 28'
- '#histogram 446 39'
- '#histogram 447 37'
- '#histogram 448 31'
- '#histogram 449 41'
- '#histogram 450 32'
- '#histogram 451 29'
- '#histogram 452 30'
- '#histogram 453 29'
- '#histogram 454 33'
- '#histogram 455 35'
- '#histogram 456 31'
- '#histogram 457 26'
- '#histogram 458 28'
- '#histogram 459 37'
- '#histogram 460 26'
- '#histogram 461 37'
- '#histogram 462 43'
- '#histogram 463 45'
- '#histogram 464 51'
- '#histogram 465 31'
- '#histogram 466 47'
- '#histogram 467 28'
- '#histogram 468 27'
- '#histogram 469 39'
- '#histogram 470 37'
- '#histogram 471 41'
- '#histogram 472 29'
- '#histogram 473 36'
- '#histogram 474 35'
- '#histogram 475 45'
- '#histogram 476 36'
- '#histogram 477 46'
- '#histogram 478 35'
- '#histogram 479 30'
- '#histogram 480 30'
- '#histogram 481 41'
- '#histogram 482 30'
- '#histogram 483 41'
- '#histogram 484 33'
- '#histogram 485 28'
- '#histogram 486 36'
- '#histogram 487 36'
- '#histogram 488 40'
- '#histogram 489 23'
- '#histogram 490 28'
- '#histogram 491 50'
- '#histogram 492 45'
- '#histogram 493 41'
- '#histogram 494 37'
- '#histogram 495 54'
- '#histogram 496 43'
- '#histogram 497 53'
- '#histogram 498 53'
- '#histogram 499 44'
- '#histogram 500 53'
- '#histogram 501 57'
- '#histogram 502 39'
- '#histogram 503 40'
- '#histogram 504 47'
- '#histogram 505 39'
- '#histogram 506 37'
- '#histogram 507 65'
- '#histogram 508 48'
- '#histogram 509 44'
- '#histogram 510 31'
- '#histogram 511 43'
- '#histogram 512 40'
- '#histogram 513 37'
- '#histogram 514 37'
- '#histogram 515 40'
- '#histogram 516 45'
- '#histogram 517 37'
- '#histogram 518 43'
- '#histogram 519 35'
- '#histogram 520 42'
- '#histogram 521 32'
- '#histogram 522 41'
- '#histogram 523 41'
- '#histogram 524 22'
- '#histogram 525 48'
- '#histogram 526 43'
- '#histogram 527 31'
- '#histogram 528 35'
- '#histogram 529 42'
- '#histogram 530 33'
- '#histogram 531 39'
- '#histogram 532 46'
- '#histogram 533 46'
- '#histogram 534 31'
- '#histogram 535 42'
- '#histogram 536 50'
- '#histogram 537 40'
- '#histogram 538 49'
- '#histogram 539 34'
- '#histogram 540 43'
- '#histogram 541 50'
- '#histogram 542 46'
- '#histogram 543 33'
- '#histogram 544 47'
- '#histogram 545 29'
- '#histogram 546 30'
- '#histogram 547 37'
- '#histogram 548 37'
- '#histogram 549 37'
- '#histogram 550 42'
- '#histogram 551 40'
- '#histogram 552 34'
- '#histogram 553 39'
- '#histogram 554 28'
- '#histogram 555 41'
- '#histogram 556 43'
- '#histogram 557 44'
- '#histogram 558 31'
- '#histogram 559 36'
- '#histogram 560 40'
- '#histogram 561 45'
- '#histogram 562 50'
- '#histogram 563 57'
- '#histogram 564 54'
- '#histogram 565 34'
- '#histogram 566 43'
- '#histogram 567 51'
- '#histogram 568 44'
- '#histogram 569 40'
- '#histogram 570 42'
- '#histogram 571 48'
- '#histogram 572 40'
- '#histogram 573 48'
- '#histogram 574 47'
- '#histogram 575 42'
- '#histogram 576 35'
- '#histogram 577 48'
- '#histogram 578 50'
- '#histogram 579 45'
- '#histogram 580 38'
- '#histogram 581 48'
- '#histogram 582 34'
- '#histogram 583 30'
- '#histogram 584 52'
- '#histogram 585 37'
- '#histogram 586 46'
- '#histogram 587 51'
- '#histogram 588 45'
- '#histogram 589 48'
- '#histogram 590 52'
- '#histogram 591 52'
- '#histogram 592 35'
- '#histogram 593 46'
- '#histogram 594 42'
- '#histogram 595 41'
- '#histogram 596 41'
- '#histogram 597 47'
- '#histogram 598 46'
- '#histogram 599 43'
- '#histogram 600 62'
- '#histogram 601 36'
- '#histogram 602 66'
- '#histogram 603 46'
- '#histogram 604 43'
- '#histogram 605 46'
- '#histogram 606 67'
- '#histogram 607 52'
- '#histogram 608 46'
- '#histogram 609 49'
- '#histogram 610 45'
- '#histogram 611 52'
- '#histogram 612 48'
- '#histogram 613 29'
- '#histogram 614 44'
- '#histogram 615 47'
- '#histogram 616 52'
- '#histogram 617 41'
- '#histogram 618 39'
- '#histogram 619 39'
- '#histogram 620 43'
- '#histogram 621 47'
- '#histogram 622 31'
- '#histogram 623 51'
- '#histogram 624 50'
- '#histogram 625 53'
- '#histogram 626 44'
- '#histogram 627 47'
- '#histogram 628 39'
- '#histogram 629 50'
- '#histogram 630 58'
- '#histogram 631 41'
- '#histogram 632 39'
- '#histogram 633 52'
- '#histogram 634 64'
- '#histogram 635 35'
- '#histogram 636 54'
- '#histogram 637 51'
- '#histogram 638 50'
- '#histogram 639 38'
- '#histogram 640 44'
- '#histogram 641 41'
- '#histogram 642 44'
- '#histogram 643 41'
- '#histogram 644 45'
- '#histogram 645 42'
- '#histogram 646 47'
- '#histogram 647 69'
- '#histogram 648 60'
- '#histogram 649 49'
- '#histogram 650 41'
- '#histogram 651 50'
- '#histogram 652 44'
- '#histogram 653 53'
- '#histogram 654 48'
- '#histogram 655 44'
- '#histogram 656 55'
- '#histogram 657 44'
- '#histogram 658 39'
- '#histogram 659 49'
- '#histogram 660 49'
- '#histogram 661 46'
- '#histogram 662 50'
- '#histogram 663 47'
- '#histogram 664 49'
- '#histogram 665 41'
- '#histogram 666 47'
- '#histogram 667 48'
- '#histogram 668 53'
- '#histogram 669 52'
- '#histogram 670 47'
- '#histogram 671 58'
- '#histogram 672 33'
- '#histogram 673 47'
- '#histogram 674 64'
- '#histogram 675 45'
- '#histogram 676 53'
- '#histogram 677 56'
- '#histogram 678 61'
- '#histogram 679 62'
- '#histogram 680 51'
- '#histogram 681 56'
- '#histogram 682 40'
- '#histogram 683 67'
- '#histogram 684 66'
- '#histogram 685 50'
- '#histogram 686 46'
- '#histogram 687 36'
- '#histogram 688 63'
- '#histogram 689 60'
- '#histogram 690 56'
- '#histogram 691 40'
- '#histogram 692 60'
- '#histogram 693 32'
- '#histogram 694 48'
- '#histogram 695 62'
- '#histogram 696 67'
- '#histogram 697 46'
- '#histogram 698 62'
- '#histogram 699 64'
- '#histogram 700 45'
- '#histogram 701 52'
- '#histogram 702 64'
- '#histogram 703 68'
- '#histogram 704 41'
- '#histogram 705 47'
- '#histogram 706 50'
- '#histogram 707 45'
- '#histogram 708 51'
- '#histogram 709 61'
- '#histogram 710 66'
- '#histogram 711 56'
- '#histogram 712 60'
- '#histogram 713 53'
- '#histogram 714 44'
- '#histogram 715 42'
- '#histogram 716 62'
- '#histogram 717 50'
- '#histogram 718 42'
- '#histogram 719 46'
- '#histogram 720 54'
- '#histogram 721 57'
- '#histogram 722 53'
- '#histogram 723 59'
- '#histogram 724 57'
- '#histogram 725 59'
- '#histogram 726 60'
- '#histogram 727 54'
- '#histogram 728 45'
- '#histogram 729 66'
- '#histogram 730 58'
- '#histogram 731 65'
- '#histogram 732 56'
- '#histogram 733 50'
- '#histogram 734 57'
- '#histogram 735 36'
- '#histogram 736 45'
- '#histogram 737 43'
- '#histogram 738 50'
- '#histogram 739 40'
- '#histogram 740 38'
- '#histogram 741 45'
- '#histogram 742 36'
- '#histogram 743 47'
- '#histogram 744 38'
- '#histogram 745 45'
- '#histogram 746 41'
- '#histogram 747 48'
- '#histogram 748 61'
- '#histogram 749 59'
- '#histogram 750 57'
- '#histogram 751 64'
- '#histogram 752 57'
- '#histogram 753 51'
- '#histogram 754 49'
- '#histogram 755 50'
- '#histogram 756 64'
- '#histogram 757 54'
- '#histogram 758 69'
- '#histogram 759 61'
- '#histogram 760 52'
- '#histogram 761 47'
- '#histogram 762 59'
- '#histogram 763 46'
- '#histogram 764 57'
- '#histogram 765 56'
- '#histogram 766 51'
- '#histogram 767 50'
- '#histogram 768 54'
- '#histogram 769 39'
- '#histogram 770 62'
- '#histogram 771 54'
- '#histogram 772 49'
- '#histogram 773 36'
- '#histogram 774 55'
- '#histogram 775 46'
- '#histogram 776 44'
- '#histogram 777 49'
- '#histogram 778 59'
- '#histogram 779 57'
- '#histogram 780 54'
- '#histogram 781 49'
- '#histogram 782 47'
- '#histogram 783 47'
- '#histogram 784 45'
- '#histogram 785 41'
- '#histogram 786 47'
- '#histogram 787 39'
- '#histogram 788 61'
- '#histogram 789 47'
- '#histogram 790 33'
- '#histogram 791 47'
- '#histogram 792 57'
- '#histogram 793 42'
- '#histogram 794 41'
- '#histogram 795 38'
- '#histogram 796 28'
- '#histogram 797 41'
- '#histogram 798 41'
- '#histogram 799 42'
- '#histogram 800 39'
- '#histogram 801 47'
- '#histogram 802 26'
- '#histogram 803 42'
- '#histogram 804 42'
- '#histogram 805 41'
- '#histogram 806 49'
- '#histogram 807 56'
- '#histogram 808 39'
- '#histogram 809 36'
- '#histogram 810 42'
- '#histogram 811 38'
- '#histogram 812 42'
- '#histogram 813 47'
- '#histogram 814 47'
- '#histogram 815 54'
- '#histogram 816 53'
- '#histogram 817 60'
- '#histogram 818 39'
- '#histogram 819 33'
- '#histogram 820 36'
- '#histogram 821 42'
- '#histogram 822 52'
- '#histogram 823 49'
- '#histogram 824 45'
- '#histogram 825 36'
- '#histogram 826 53'
- '#histogram 827 39'
- '#histogram 828 49'
- '#histogram 829 50'
- '#histogram 830 52'
- '#histogram 831 35'
- '#histogram 832 52'
- '#histogram 833 46'
- '#histogram 834 46'
- '#histogram 835 39'
- '#histogram 836 41'
- '#histogram 837 44'
- '#histogram 838 56'
- '#histogram 839 46'
- '#histogram 840 41'
- '#histogram 841 42'
- '#histogram 842 46'
- '#histogram 843 46'
- '#histogram 844 46'
- '#histogram 845 31'
- '#histogram 846 42'
- '#histogram 847 33'
- '#histogram 848 43'
- '#histogram 849 48'
- '#histogram 850 51'
- '#histogram 851 45'
- '#histogram 852 63'
- '#histogram 853 49'
- '#histogram 854 69'
- '#histogram 855 46'
- '#histogram 856 44'
- '#histogram 857 48'
- '#histogram 858 53'
- '#histogram 859 54'
- '#histogram 860 40'
- '#histogram 861 53'
- '#histogram 862 35'
- '#histogram 863 44'
- '#histogram 864 49'
- '#histogram 865 59'
- '#histogram 866 50'
- '#histogram 867 47'
- '#histogram 868 44'
- '#histogram 869 31'
- '#histogram 870 33'
- '#histogram 871 32'
- '#histogram 872 40'
- '#histogram 873 38'
- '#histogram 874 47'
- '#histogram 875 46'
- '#histogram 876 28'
- '#histogram 877 51'
- '#histogram 878 46'
- '#histogram 879 51'
- '#histogram 880 37'
- '#histogram 881 56'
- '#histogram 882 39'
- '#histogram 883 36'
- '#histogram 884 39'
- '#histogram 885 33'
- '#histogram 886 44'
- '#histogram 887 40'
- '#histogram 888 31'
- '#histogram 889 59'
- '#histogram 890 43'
- '#histogram 891 44'
- '#histogram 892 23'
- '#histogram 893 52'
- '#histogram 894 47'
- '#histogram 895 48'
- '#histogram 896 49'
- '#histogram 897 44'
- '#histogram 898 31'
- '#histogram 899 41'
- '#histogram 900 47'
- '#histogram 901 41'
- '#histogram 902 53'
- '#histogram 903 46'
- '#histogram 904 47'
- '#histogram 905 34'
- '#histogram 906 34'
- '#histogram 907 34'
- '#histogram 908 40'
- '#histogram 909 30'
- '#histogram 910 37'
- '#histogram 911 57'
- '#histogram 912 33'
- '#histogram 913 23'
- '#histogram 914 29'
- '#histogram 915 41'
- '#histogram 916 40'
- '#histogram 917 49'
- '#histogram 918 39'
- '#histogram 919 43'
- '#histogram 920 36'
- '#histogram 921 39'
- '#histogram 922 44'
- '#histogram 923 48'
- '#histogram 924 38'
- '#histogram 925 42'
- '#histogram 926 41'
- '#histogram 927 31'
- '#histogram 928 28'
- '#histogram 929 35'
- '#histogram 930 28'
- '#histogram 931 30'
- '#histogram 932 46'
- '#histogram 933 41'
- '#histogram 934 28'
- '#histogram 935 37'
- '#histogram 936 49'
- '#histogram 937 49'
- '#histogram 938 44'
- '#histogram 939 44'
- '#histogram 940 49'
- '#histogram 941 38'
- '#histogram 942 34'
- '#histogram 943 29'
- '#histogram 944 32'
- '#histogram 945 34'
- '#histogram 946 38'
- '#histogram 947 32'
- '#histogram 948 37'
- '#histogram 949 33'
- '#histogram 950 25'
- '#histogram 951 37'
- '#histogram 952 35'
- '#histogram 953 44'
- '#histogram 954 44'
- '#histogram 955 30'
- '#histogram 956 34'
- '#histogram 957 38'
- '#histogram 958 56'
- '#histogram 959 36'
- '#histogram 960 52'
- '#histogram 961 42'
- '#histogram 962 41'
- '#histogram 963 53'
- '#histogram 964 44'
- '#histogram 965 45'
- '#histogram 966 53'
- '#histogram 967 38'
- '#histogram 968 55'
- '#histogram 969 42'
- '#histogram 970 46'
- '#histogram 971 46'
- '#histogram 972 26'
- '#histogram 973 43'
- '#histogram 974 38'
- '#histogram 975 43'
- '#histogram 976 42'
- '#histogram 977 43'
- '#histogram 978 37'
- '#histogram 979 49'
- '#histogram 980 39'
- '#histogram 981 29'
- '#histogram 982 47'
- '#histogram 983 29'
- '#histogram 984 32'
- '#histogram 985 28'
- '#histogram 986 33'
- '#histogram 987 41'
- '#histogram 988 46'
- '#histogram 989 44'
- '#histogram 990 43'
- '#histogram 991 48'
- '#histogram 992 44'
- '#histogram 993 34'
- '#histogram 994 36'
- '#histogram 995 32'
- '#histogram 996 53'
- '#histogram 997 35'
- '#histogram 998 54'
- '#histogram 999 40'
- '#histogram 1000 46'
- '#histogram 1001 32'
- '#histogram 1002 38'
- '#histogram 1003 37'
- '#histogram 1004 33'
- '#histogram 1005 33'
- '#histogram 1006 46'
- '#histogram 1007 51'
- '#histogram 1008 27'
- '#histogram 1009 31'
- '#histogram 1010 20'
- '#histogram 1011 36'
- '#histogram 1012 46'
- '#histogram 1013 27'
- '#histogram 1014 38'
- '#histogram 1015 36'
- '#histogram 1016 32'
- '#histogram 1017 24'
- '#histogram 1018 50'
- '#histogram 1019 30'
- '#histogram 1020 33'
- '#histogram 1021 35'
- '#histogram 1022 39'
- '#histogram 1023 34'
- '#histogram 1024 33'
- '#histogram 1025 49'
- '#histogram 1026 30'
- '#histogram 1027 27'
- '#histogram 1028 35'
- '#histogram 1029 30'
- '#histogram 1030 35'
- '#histogram 1031 41'
- '#histogram 1032 23'
- '#histogram 1033 33'
- '#histogram 1034 33'
- '#histogram 1035 30'
- '#histogram 1036 33'
- '#histogram 1037 33'
- '#histogram 1038 38'
- '#histogram 1039 30'
- '#histogram 1040 27'
- '#histogram 1041 22'
- '#histogram 1042 25'
- '#histogram 1043 28'
- '#histogram 1044 35'
- '#histogram 1045 20'
- '#histogram 1046 25'
- '#histogram 1047 27'
- '#histogram 1048 30'
- '#histogram 1049 42'
- '#histogram 1050 41'
- '#histogram 1051 30'
- '#histogram 1052 35'
- '#histogram 1053 31'
- '#histogram 1054 31'
- '#histogram 1055 43'
- '#histogram 1056 42'
- '#histogram 1057 31'
- '#histogram 1058 25'
- '#histogram 1059 33'
- '#histogram 1060 34'
- '#histogram 1061 32'
- '#histogram 1062 38'
- '#histogram 1063 40'
- '#histogram 1064 32'
- '#histogram 1065 34'
- '#histogram 1066 30'
- '#histogram 1067 36'
- '#histogram 1068 18'
- '#histogram 1069 24'
- '#histogram 1070 15'
- '#histogram 1071 39'
- '#histogram 1072 29'
- '#histogram 1073 23'
- '#histogram 1074 22'
- '#histogram 1075 24'
- '#histogram 1076 30'
- '#histogram 1077 17'
- '#histogram 1078 27'
- '#histogram 1079 20'
- '#histogram 1080 36'
- '#histogram 1081 22'
- '#histogram 1082 26'
- '#histogram 1083 20'
- '#histogram 1084 25'
- '#histogram 1085 18'
- '#histogram 1086 15'
- '#histogram 1087 28'
- '#histogram 1088 26'
- '#histogram 1089 28'
- '#histogram 1090 20'
- '#histogram 1091 21'
- '#histogram 1092 16'
- '#histogram 1093 18'
- '#histogram 1094 36'
- '#histogram 1095 31'
- '#histogram 1096 15'
- '#histogram 1097 38'
- '#histogram 1098 33'
- '#histogram 1099 17'
- '#histogram 1100 23'
- '#histogram 1101 26'
- '#histogram 1102 19'
- '#histogram 1103 23'
- '#histogram 1104 37'
- '#histogram 1105 31'
- '#histogram 1106 28'
- '#histogram 1107 22'
- '#histogram 1108 22'
- '#histogram 1109 28'
- '#histogram 1110 21'
- '#histogram 1111 17'
- '#histogram 1112 20'
- '#histogram 1113 30'
- '#histogram 1114 24'
- '#histogram 1115 29'
- '#histogram 1116 34'
- '#histogram 1117 32'
- '#histogram 1118 35'
- '#histogram 1119 26'
- '#histogram 1120 23'
- '#histogram 1121 27'
- '#histogram 1122 22'
- '#histogram 1123 32'
- '#histogram 1124 14'
- '#histogram 1125 19'
- '#histogram 1126 32'
- '#histogram 1127 13'
- '#histogram 1128 32'
- '#histogram 1129 15'
- '#histogram 1130 20'
- '#histogram 1131 21'
- '#histogram 1132 19'
- '#histogram 1133 33'
- '#histogram 1134 23'
- '#histogram 1135 22'
- '#histogram 1136 30'
- '#histogram 1137 22'
- '#histogram 1138 15'
- '#histogram 1139 19'
- '#histogram 1140 30'
- '#histogram 1141 24'
- '#histogram 1142 18'
- '#histogram 1143 27'
- '#histogram 1144 21'
- '#histogram 1145 28'
- '#histogram 1146 21'
- '#histogram 1147 27'
- '#histogram 1148 21'
- '#histogram 1149 29'
- '#histogram 1150 38'
- '#histogram 1151 31'
- '#histogram 1152 15'
- '#histogram 1153 29'
- '#histogram 1154 25'
- '#histogram 1155 27'
- '#histogram 1156 25'
- '#histogram 1157 15'
- '#histogram 1158 20'
- '#histogram 1159 26'
- '#histogram 1160 18'
- '#histogram 1161 24'
- '#histogram 1162 22'
- '#histogram 1163 17'
- '#histogram 1164 25'
- '#histogram 1165 37'
- '#histogram 1166 18'
- '#histogram 1167 20'
- '#histogram 1168 18'
- '#histogram 1169 18'
- '#histogram 1170 13'
- '#histogram 1171 18'
- '#histogram 1172 20'
- '#histogram 1173 16'
- '#histogram 1174 15'
- '#histogram 1175 24'
- '#histogram 1176 17'
- '#histogram 1177 20'
- '#histogram 1178 15'
- '#histogram 1179 14'
- '#histogram 1180 10'
- '#histogram 1181 22'
- '#histogram 1182 17'
- '#histogram 1183 19'
- '#histogram 1184 22'
- '#histogram 1185 21'
- '#histogram 1186 18'
- '#histogram 1187 16'
- '#histogram 1188 16'
- '#histogram 1189 15'
- '#histogram 1190 19'
- '#histogram 1191 17'
- '#histogram 1192 13'
- '#histogram 1193 9'
- '#histogram 1194 20'
- '#histogram 1195 24'
- '#histogram 1196 27'
- '#histogram 1197 27'
- '#histogram 1198 29'
- '#histogram 1199 23'
- '#histogram 1200 16'
- '#histogram 1201 9'
- '#histogram 1202 14'
- '#histogram 1203 16'
- '#histogram 1204 24'
- '#histogram 1205 21'
- '#histogram 1206 21'
- '#histogram 1207 24'
- '#histogram 1208 16'
- '#histogram 1209 16'
- '#histogram 1210 14'
- '#histogram 1211 26'
- '#histogram 1212 12'
- '#histogram 1213 22'
- '#histogram 1214 20'
- '#histogram 1215 25'
- '#histogram 1216 22'
- '#histogram 1217 19'
- '#histogram 1218 13'
- '#histogram 1219 20'
- '#histogram 1220 19'
- '#histogram 1221 18'
- '#histogram 1222 22'
- '#histogram 1223 17'
- '#histogram 1224 12'
- '#histogram 1225 12'
- '#histogram 1226 17'
- '#histogram 1227 24'
- '#histogram 1228 20'
- '#histogram 1229 11'
- '#histogram 1230 22'
- '#histogram 1231 17'
- '#histogram 1232 20'
- '#histogram 1233 20'
- '#histogram 1234 19'
- '#histogram 1235 20'
- '#histogram 1236 17'
- '#histogram 1237 20'
- '#histogram 1238 13'
- '#histogram 1239 16'
- '#histogram 1240 19'
- '#histogram 1241 16'
- '#histogram 1242 13'
- '#histogram 1243 11'
- '#histogram 1244 9'
- '#histogram 1245 27'
- '#histogram 1246 21'
- '#histogram 1247 17'
- '#histogram 1248 18'
- '#histogram 1249 13'
- '#histogram 1250 21'
- '#histogram 1251 16'
- '#histogram 1252 22'
- '#histogram 1253 17'
- '#histogram 1254 15'
- '#histogram 1255 21'
- '#histogram 1256 21'
- '#histogram 1257 14'
- '#histogram 1258 20'
- '#histogram 1259 16'
- '#histogram 1260 9'
- '#histogram 1261 14'
- '#histogram 1262 21'
- '#histogram 1263 11'
- '#histogram 1264 13'
- '#histogram 1265 25'
- '#histogram 1266 23'
- '#histogram 1267 14'
- '#histogram 1268 21'
- '#histogram 1269 17'
- '#histogram 1270 18'
- '#histogram 1271 14'
- '#histogram 1272 14'
- '#histogram 1273 16'
- '#histogram 1274 10'
- '#histogram 1275 11'
- '#histogram 1276 10'
- '#histogram 1277 7'
- '#histogram 1278 11'
- '#histogram 1279 7'
- '#histogram 1280 18'
- '#histogram 1281 6'
- '#histogram 1282 9'
- '#histogram 1283 6'
- '#histogram 1284 18'
- '#histogram 1285 17'
- '#histogram 1286 21'
- '#histogram 1287 20'
- '#histogram 1288 20'
- '#histogram 1289 28'
- '#histogram 1290 16'
- '#histogram 1291 17'
- '#histogram 1292 18'
- '#histogram 1293 10'
- '#histogram 1294 15'
- '#histogram 1295 15'
- '#histogram 1296 11'
- '#histogram 1297 19'
- '#histogram 1298 15'
- '#histogram 1299 13'
- '#histogram 1300 9'
- '#histogram 1301 7'
- '#histogram 1302 10'
- '#histogram 1303 10'
- '#histogram 1304 5'
- '#histogram 1305 5'
- '#histogram 1306 8'
- '#histogram 1307 8'
- '#histogram 1308 8'
- '#histogram 1309 11'
- '#histogram 1310 16'
- '#histogram 1311 6'
- '#histogram 1312 9'
- '#histogram 1313 14'
- '#histogram 1314 22'
- '#histogram 1315 13'
- '#histogram 1316 13'
- '#histogram 1317 9'
- '#histogram 1318 12'
- '#histogram 1319 12'
- '#histogram 1320 20'
- '#histogram 1321 13'
- '#histogram 1322 15'
- '#histogram 1323 15'
- '#histogram 1324 16'
- '#histogram 1325 14'
- '#histogram 1326 10'
- '#histogram 1327 7'
- '#histogram 1328 8'
- '#histogram 1329 5'
- '#histogram 1330 7'
- '#histogram 1331 8'
- '#histogram 1332 10'
- '#histogram 1333 11'
- '#histogram 1334 13'
- '#histogram 1335 13'
- '#histogram 1336 11'
- '#histogram 1337 13'
- '#histogram 1338 16'
- '#histogram 1339 11'
- '#histogram 1340 14'
- '#histogram 1341 10'
- '#histogram 1342 7'
- '#histogram 1343 9'
- '#histogram 1344 10'
- '#histogram 1345 9'
- '#histogram 1346 10'
- '#histogram 1347 8'
- '#histogram 1348 9'
- '#histogram 1349 7'
- '#histogram 1350 10'
- '#histogram 1351 16'
- '#histogram 1352 14'
- '#histogram 1353 13'
- '#histogram 1354 6'
- '#histogram 1355 8'
- '#histogram 1356 8'
- '#histogram 1357 11'
- '#histogram 1358 8'
- '#histogram 1359 5'
- '#histogram 1360 13'
- '#histogram 1361 9'
- '#histogram 1362 4'
- '#histogram 1363 3'
- '#histogram 1364 9'
- '#histogram 1365 14'
- '#histogram 1366 8'
- '#histogram 1367 6'
- '#histogram 1368 7'
- '#histogram 1369 8'
- '#histogram 1370 6'
- '#histogram 1371 5'
- '#histogram 1372 7'
- '#histogram 1373 10'
- '#histogram 1374 11'
- '#histogram 1375 10'
- '#histogram 1376 7'
- '#histogram 1377 13'
- '#histogram 1378 8'
- '#histogram 1379 3'
- '#histogram 1380 14'
- '#histogram 1381 7'
- '#histogram 1382 10'
- '#histogram 1383 13'
- '#histogram 1384 18'
- '#histogram 1385 6'
- '#histogram 1386 6'
- '#histogram 1387 8'
- '#histogram 1388 14'
- '#histogram 1389 4'
- '#histogram 1390 4'
- '#histogram 1391 10'
- '#histogram 1392 4'
- '#histogram 1393 9'
- '#histogram 1394 9'
- '#histogram 1395 2'
- '#histogram 1396 11'
- '#histogram 1397 10'
- '#histogram 1398 9'
- '#histogram 1399 6'
- '#histogram 1400 10'
- '#histogram 1401 12'
- '#histogram 1402 6'
- '#histogram 1403 10'
- '#histogram 1404 7'
- '#histogram 1405 3'
- '#histogram 1406 6'
- '#histogram 1407 6'
- '#histogram 1408 8'
- '#histogram 1409 9'
- '#histogram 1410 4'
- '#histogram 1411 6'
- '#histogram 1412 5'
- '#histogram 1413 2'
- '#histogram 1414 6'
- '#histogram 1415 4'
- '#histogram 1416 3'
- '#histogram 1417 5'
- '#histogram 1418 8'
- '#histogram 1419 7'
- '#histogram 1420 5'
- '#histogram 1421 5'
- '#histogram 1422 6'
- '#histogram 1423 11'
- '#histogram 1424 10'
- '#histogram 1425 1'
- '#histogram 1426 3'
- '#histogram 1427 6'
- '#histogram 1428 2'
- '#histogram 1429 2'
- '#histogram 1430 6'
- '#histogram 1431 6'
- '#histogram 1432 6'
- '#histogram 1433 8'
- '#histogram 1434 6'
- '#histogram 1435 6'
- '#histogram 1436 11'
- '#histogram 1437 9'
- '#histogram 1438 6'
- '#histogram 1439 3'
- '#histogram 1440 1'
- '#histogram 1441 5'
- '#histogram 1442 2'
- '#histogram 1443 4'
- '#histogram 1444 6'
- '#histogram 1445 10'
- '#histogram 1446 8'
- '#histogram 1447 6'
- '#histogram 1448 3'
- '#histogram 1449 9'
- '#histogram 1450 3'
- '#histogram 1451 5'
- '#histogram 1452 8'
- '#histogram 1453 4'
- '#histogram 1454 7'
- '#histogram 1455 6'
- '#histogram 1456 4'
- '#histogram 1457 1'
- '#histogram 1458 10'
- '#histogram 1459 10'
- '#histogram 1460 6'
- '#histogram 1461 6'
- '#histogram 1462 4'
- '#histogram 1463 1'
- '#histogram 1464 4'
- '#histogram 1465 6'
- '#histogram 1466 4'
- '#histogram 1467 2'
- '#histogram 1468 3'
- '#histogram 1469 4'
- '#histogram 1470 3'
- '#histogram 1471 1'
- '#histogram 1472 4'
- '#histogram 1473 6'
- '#histogram 1474 4'
- '#histogram 1475 8'
- '#histogram 1476 3'
- '#histogram 1477 3'
- '#histogram 1478 1'
- '#histogram 1479 1'
- '#histogram 1480 3'
- '#histogram 1481 4'
- '#histogram 1482 6'
- '#histogram 1483 2'
- '#histogram 1484 4'
- '#histogram 1485 3'
- '#histogram 1486 11'
- '#histogram 1487 5'
- '#histogram 1488 7'
- '#histogram 1489 6'
- '#histogram 1490 17'
- '#histogram 1491 4'
- '#histogram 1492 8'
- '#histogram 1493 7'
- '#histogram 1494 6'
- '#histogram 1495 2'
- '#histogram 1496 6'
- '#histogram 1497 3'
- '#histogram 1498 9'
- '#histogram 1499 6'
- '#histogram 1500 7'
- '#histogram 1501 9'
- '#histogram 1502 1'
- '#histogram 1503 3'
- '#histogram 1504 2'
- '#histogram 1505 6'
- '#histogram 1506 5'
- '#histogram 1507 6'
- '#histogram 1508 6'
- '#histogram 1509 3'
- '#histogram 1510 2'
- '#histogram 1511 5'
- '#histogram 1512 11'
- '#histogram 1513 3'
- '#histogram 1514 2'
- '#histogram 1515 1'
- '#histogram 1516 4'
- '#histogram 1517 3'
- '#histogram 1518 6'
- '#histogram 1519 4'
- '#histogram 1520 7'
- '#histogram 1521 10'
- '#histogram 1522 6'
- '#histogram 1523 6'
- '#histogram 1524 3'
- '#histogram 1525 2'
- '#histogram 1526 6'
- '#histogram 1527 3'
- '#histogram 1529 8'
- '#histogram 1530 3'
- '#histogram 1531 1'
- '#histogram 1532 2'
- '#histogram 1533 1'
- '#histogram 1534 3'
- '#histogram 1535 5'
- '#histogram 1536 4'
- '#histogram 1537 3'
- '#histogram 1538 1'
- '#histogram 1539 6'
- '#histogram 1540 6'
- '#histogram 1541 3'
- '#histogram 1542 5'
- '#histogram 1543 3'
- '#histogram 1544 6'
- '#histogram 1545 1'
- '#histogram 1546 3'
- '#histogram 1547 2'
- '#histogram 1548 7'
- '#histogram 1549 3'
- '#histogram 1550 3'
- '#histogram 1551 3'
- '#histogram 1552 3'
- '#histogram 1553 1'
- '#histogram 1554 3'
- '#histogram 1556 4'
- '#histogram 1557 1'
- '#histogram 1558 1'
- '#histogram 1559 1'
- '#histogram 1560 1'
- '#histogram 1561 1'
- '#histogram 1562 2'
- '#histogram 1563 3'
- '#histogram 1564 1'
- '#histogram 1565 3'
- '#histogram 1567 1'
- '#histogram 1568 1'
- '#histogram 1569 2'
- '#histogram 1570 4'
- '#histogram 1571 3'
- '#histogram 1573 1'
- '#histogram 1574 2'
- '#histogram 1575 4'
- '#histogram 1576 3'
- '#histogram 1577 1'
- '#histogram 1578 6'
- '#histogram 1582 2'
- '#histogram 1583 4'
- '#histogram 1585 1'
- '#histogram 1587 4'
- '#histogram 1589 3'
- '#histogram 1591 2'
- '#histogram 1592 1'
- '#histogram 1593 2'
- '#histogram 1594 5'
- '#histogram 1595 1'
- '#histogram 1596 2'
- '#histogram 1597 1'
- '#histogram 1598 3'
- '#histogram 1599 2'
- '#histogram 1600 1'
- '#histogram 1601 3'
- '#histogram 1602 1'
- '#histogram 1604 5'
- '#histogram 1605 3'
- '#histogram 1606 1'
- '#histogram 1608 6'
- '#histogram 1609 3'
- '#histogram 1610 5'
- '#histogram 1611 3'
- '#histogram 1612 3'
- '#histogram 1613 1'
- '#histogram 1614 1'
- '#histogram 1615 1'
- '#histogram 1616 3'
- '#histogram 1617 1'
- '#histogram 1618 3'
- '#histogram 1619 3'
- '#histogram 1620 2'
- '#histogram 1621 1'
- '#histogram 1622 1'
- '#histogram 1623 1'
- '#histogram 1624 1'
- '#histogram 1625 3'
- '#histogram 1626 1'
- '#histogram 1627 1'
- '#histogram 1629 6'
- '#histogram 1631 1'
- '#histogram 1633 1'
- '#histogram 1635 1'
- '#histogram 1636 3'
- '#histogram 1637 2'
- '#histogram 1638 1'
- '#histogram 1639 1'
- '#histogram 1640 2'
- '#histogram 1641 5'
- '#histogram 1642 7'
- '#histogram 1643 3'
- '#histogram 1646 1'
- '#histogram 1648 2'
- '#histogram 1650 2'
- '#histogram 1652 2'
- '#histogram 1653 2'
- '#histogram 1655 2'
- '#histogram 1657 1'
- '#histogram 1658 1'
- '#histogram 1660 1'
- '#histogram 1662 2'
- '#histogram 1663 2'
- '#histogram 1664 1'
- '#histogram 1665 3'
- '#histogram 1666 2'
- '#histogram 1667 3'
- '#histogram 1668 1'
- '#histogram 1669 1'
- '#histogram 1671 1'
- '#histogram 1674 1'
- '#histogram 1675 1'
- '#histogram 1676 1'
- '#histogram 1677 1'
- '#histogram 1679 1'
- '#histogram 1683 2'
- '#histogram 1684 2'
- '#histogram 1685 2'
- '#histogram 1686 1'
- '#histogram 1700 1'
- '#histogram 1704 6'
- '#histogram 1708 1'
- '#histogram 1710 1'
- '#histogram 1714 2'
- '#histogram 1715 1'
- '#histogram 1721 3'
- '#histogram 1722 1'
- '#histogram 1723 1'
- '#histogram 1725 1'
- '#histogram 1731 1'
- '#histogram 1744 1'
- '#histogram 1754 2'
- '#histogram 1767 4'
- '#histogram 1768 1'
- '#histogram 1769 2'
- '#histogram 1780 1'
- '#histogram 1784 2'
- '#histogram 1785 1'
- '#histogram 1786 1'
- '#histogram 1797 2'
- '#histogram 1798 1'
- '#histogram 1799 1'
- '#histogram 1802 1'
- '#histogram 1803 1'
- '#histogram 1815 1'
- '#histogram 1817 1'
- '#histogram 1821 1'
- '#histogram 1822 1'
- '#histogram 1843 1'
- '#histogram 1849 1'
- '#histogram 1851 3'
- '#histogram 1854 1'
- '#histogram 1874 1'
- '#histogram 1889 2'
- '#histogram 1952 1'
- '#histogram 2010 1'
- '#histogram 2035 2'
- ''
