code: 0
data:
  avg_latency: 0.428432
  histogram:
  - - 0
    - 0
  - - 37
    - 1
  - - 38
    - 1
  - - 39
    - 2
  - - 40
    - 1
  - - 41
    - 1
  - - 42
    - 2
  - - 44
    - 1
  - - 45
    - 1
  - - 48
    - 3
  - - 50
    - 1
  - - 51
    - 1
  - - 52
    - 1
  - - 53
    - 2
  - - 55
    - 1
  - - 56
    - 2
  - - 57
    - 2
  - - 58
    - 5
  - - 59
    - 7
  - - 60
    - 6
  - - 61
    - 3
  - - 62
    - 2
  - - 63
    - 4
  - - 64
    - 2
  - - 65
    - 7
  - - 66
    - 7
  - - 67
    - 6
  - - 68
    - 4
  - - 69
    - 5
  - - 70
    - 3
  - - 71
    - 8
  - - 72
    - 6
  - - 73
    - 11
  - - 74
    - 13
  - - 75
    - 7
  - - 76
    - 11
  - - 77
    - 22
  - - 78
    - 8
  - - 79
    - 10
  - - 80
    - 13
  - - 81
    - 11
  - - 82
    - 4
  - - 83
    - 6
  - - 84
    - 2
  - - 85
    - 7
  - - 86
    - 11
  - - 87
    - 8
  - - 88
    - 8
  - - 89
    - 8
  - - 90
    - 30
  - - 91
    - 20
  - - 92
    - 15
  - - 93
    - 24
  - - 94
    - 23
  - - 95
    - 17
  - - 96
    - 26
  - - 97
    - 17
  - - 98
    - 22
  - - 99
    - 24
  - - 100
    - 9
  - - 101
    - 17
  - - 102
    - 32
  - - 103
    - 20
  - - 104
    - 12
  - - 105
    - 21
  - - 106
    - 17
  - - 107
    - 13
  - - 108
    - 15
  - - 109
    - 21
  - - 110
    - 15
  - - 111
    - 16
  - - 112
    - 20
  - - 113
    - 15
  - - 114
    - 13
  - - 115
    - 22
  - - 116
    - 14
  - - 117
    - 16
  - - 118
    - 18
  - - 119
    - 22
  - - 120
    - 26
  - - 121
    - 18
  - - 122
    - 18
  - - 123
    - 26
  - - 124
    - 28
  - - 125
    - 33
  - - 126
    - 37
  - - 127
    - 44
  - - 128
    - 25
  - - 129
    - 27
  - - 130
    - 32
  - - 131
    - 35
  - - 132
    - 24
  - - 133
    - 23
  - - 134
    - 33
  - - 135
    - 35
  - - 136
    - 31
  - - 137
    - 25
  - - 138
    - 50
  - - 139
    - 45
  - - 140
    - 45
  - - 141
    - 26
  - - 142
    - 33
  - - 143
    - 50
  - - 144
    - 23
  - - 145
    - 42
  - - 146
    - 65
  - - 147
    - 37
  - - 148
    - 54
  - - 149
    - 39
  - - 150
    - 40
  - - 151
    - 42
  - - 152
    - 59
  - - 153
    - 49
  - - 154
    - 52
  - - 155
    - 40
  - - 156
    - 66
  - - 157
    - 56
  - - 158
    - 55
  - - 159
    - 41
  - - 160
    - 43
  - - 161
    - 66
  - - 162
    - 66
  - - 163
    - 58
  - - 164
    - 44
  - - 165
    - 63
  - - 166
    - 65
  - - 167
    - 67
  - - 168
    - 64
  - - 169
    - 64
  - - 170
    - 60
  - - 171
    - 73
  - - 172
    - 68
  - - 173
    - 87
  - - 174
    - 79
  - - 175
    - 82
  - - 176
    - 71
  - - 177
    - 70
  - - 178
    - 64
  - - 179
    - 68
  - - 180
    - 67
  - - 181
    - 58
  - - 182
    - 79
  - - 183
    - 67
  - - 184
    - 95
  - - 185
    - 99
  - - 186
    - 88
  - - 187
    - 69
  - - 188
    - 90
  - - 189
    - 79
  - - 190
    - 65
  - - 191
    - 75
  - - 192
    - 91
  - - 193
    - 99
  - - 194
    - 96
  - - 195
    - 76
  - - 196
    - 84
  - - 197
    - 88
  - - 198
    - 105
  - - 199
    - 84
  - - 200
    - 75
  - - 201
    - 95
  - - 202
    - 101
  - - 203
    - 120
  - - 204
    - 103
  - - 205
    - 88
  - - 206
    - 101
  - - 207
    - 94
  - - 208
    - 94
  - - 209
    - 71
  - - 210
    - 93
  - - 211
    - 105
  - - 212
    - 117
  - - 213
    - 118
  - - 214
    - 96
  - - 215
    - 101
  - - 216
    - 93
  - - 217
    - 104
  - - 218
    - 119
  - - 219
    - 106
  - - 220
    - 99
  - - 221
    - 89
  - - 222
    - 83
  - - 223
    - 84
  - - 224
    - 93
  - - 225
    - 87
  - - 226
    - 121
  - - 227
    - 99
  - - 228
    - 118
  - - 229
    - 119
  - - 230
    - 88
  - - 231
    - 108
  - - 232
    - 106
  - - 233
    - 101
  - - 234
    - 103
  - - 235
    - 120
  - - 236
    - 110
  - - 237
    - 123
  - - 238
    - 102
  - - 239
    - 92
  - - 240
    - 102
  - - 241
    - 135
  - - 242
    - 118
  - - 243
    - 136
  - - 244
    - 122
  - - 245
    - 93
  - - 246
    - 123
  - - 247
    - 93
  - - 248
    - 103
  - - 249
    - 127
  - - 250
    - 117
  - - 251
    - 110
  - - 252
    - 112
  - - 253
    - 116
  - - 254
    - 104
  - - 255
    - 98
  - - 256
    - 113
  - - 257
    - 137
  - - 258
    - 152
  - - 259
    - 125
  - - 260
    - 96
  - - 261
    - 129
  - - 262
    - 161
  - - 263
    - 131
  - - 264
    - 125
  - - 265
    - 115
  - - 266
    - 157
  - - 267
    - 167
  - - 268
    - 149
  - - 269
    - 119
  - - 270
    - 122
  - - 271
    - 133
  - - 272
    - 124
  - - 273
    - 125
  - - 274
    - 137
  - - 275
    - 126
  - - 276
    - 122
  - - 277
    - 143
  - - 278
    - 152
  - - 279
    - 122
  - - 280
    - 151
  - - 281
    - 132
  - - 282
    - 110
  - - 283
    - 152
  - - 284
    - 120
  - - 285
    - 124
  - - 286
    - 129
  - - 287
    - 132
  - - 288
    - 130
  - - 289
    - 143
  - - 290
    - 155
  - - 291
    - 139
  - - 292
    - 131
  - - 293
    - 137
  - - 294
    - 151
  - - 295
    - 135
  - - 296
    - 140
  - - 297
    - 143
  - - 298
    - 136
  - - 299
    - 153
  - - 300
    - 125
  - - 301
    - 130
  - - 302
    - 155
  - - 303
    - 187
  - - 304
    - 162
  - - 305
    - 150
  - - 306
    - 149
  - - 307
    - 153
  - - 308
    - 146
  - - 309
    - 163
  - - 310
    - 173
  - - 311
    - 170
  - - 312
    - 177
  - - 313
    - 142
  - - 314
    - 177
  - - 315
    - 168
  - - 316
    - 142
  - - 317
    - 136
  - - 318
    - 122
  - - 319
    - 118
  - - 320
    - 115
  - - 321
    - 142
  - - 322
    - 124
  - - 323
    - 116
  - - 324
    - 162
  - - 325
    - 143
  - - 326
    - 145
  - - 327
    - 146
  - - 328
    - 156
  - - 329
    - 195
  - - 330
    - 157
  - - 331
    - 164
  - - 332
    - 144
  - - 333
    - 150
  - - 334
    - 141
  - - 335
    - 169
  - - 336
    - 152
  - - 337
    - 157
  - - 338
    - 139
  - - 339
    - 161
  - - 340
    - 137
  - - 341
    - 143
  - - 342
    - 141
  - - 343
    - 150
  - - 344
    - 153
  - - 345
    - 145
  - - 346
    - 172
  - - 347
    - 182
  - - 348
    - 140
  - - 349
    - 154
  - - 350
    - 162
  - - 351
    - 164
  - - 352
    - 189
  - - 353
    - 164
  - - 354
    - 148
  - - 355
    - 127
  - - 356
    - 137
  - - 357
    - 164
  - - 358
    - 130
  - - 359
    - 113
  - - 360
    - 159
  - - 361
    - 165
  - - 362
    - 155
  - - 363
    - 170
  - - 364
    - 138
  - - 365
    - 146
  - - 366
    - 160
  - - 367
    - 141
  - - 368
    - 158
  - - 369
    - 163
  - - 370
    - 135
  - - 371
    - 123
  - - 372
    - 145
  - - 373
    - 159
  - - 374
    - 165
  - - 375
    - 157
  - - 376
    - 161
  - - 377
    - 175
  - - 378
    - 153
  - - 379
    - 172
  - - 380
    - 165
  - - 381
    - 175
  - - 382
    - 159
  - - 383
    - 154
  - - 384
    - 166
  - - 385
    - 193
  - - 386
    - 176
  - - 387
    - 157
  - - 388
    - 164
  - - 389
    - 144
  - - 390
    - 155
  - - 391
    - 133
  - - 392
    - 154
  - - 393
    - 110
  - - 394
    - 137
  - - 395
    - 157
  - - 396
    - 201
  - - 397
    - 169
  - - 398
    - 175
  - - 399
    - 162
  - - 400
    - 176
  - - 401
    - 140
  - - 402
    - 159
  - - 403
    - 158
  - - 404
    - 135
  - - 405
    - 192
  - - 406
    - 158
  - - 407
    - 155
  - - 408
    - 187
  - - 409
    - 184
  - - 410
    - 163
  - - 411
    - 152
  - - 412
    - 123
  - - 413
    - 174
  - - 414
    - 168
  - - 415
    - 167
  - - 416
    - 190
  - - 417
    - 169
  - - 418
    - 154
  - - 419
    - 158
  - - 420
    - 158
  - - 421
    - 144
  - - 422
    - 137
  - - 423
    - 163
  - - 424
    - 200
  - - 425
    - 131
  - - 426
    - 169
  - - 427
    - 175
  - - 428
    - 169
  - - 429
    - 179
  - - 430
    - 159
  - - 431
    - 180
  - - 432
    - 171
  - - 433
    - 151
  - - 434
    - 178
  - - 435
    - 155
  - - 436
    - 172
  - - 437
    - 174
  - - 438
    - 192
  - - 439
    - 148
  - - 440
    - 128
  - - 441
    - 155
  - - 442
    - 159
  - - 443
    - 175
  - - 444
    - 179
  - - 445
    - 178
  - - 446
    - 184
  - - 447
    - 155
  - - 448
    - 133
  - - 449
    - 158
  - - 450
    - 150
  - - 451
    - 156
  - - 452
    - 154
  - - 453
    - 173
  - - 454
    - 187
  - - 455
    - 162
  - - 456
    - 153
  - - 457
    - 165
  - - 458
    - 140
  - - 459
    - 132
  - - 460
    - 194
  - - 461
    - 171
  - - 462
    - 127
  - - 463
    - 115
  - - 464
    - 152
  - - 465
    - 159
  - - 466
    - 170
  - - 467
    - 177
  - - 468
    - 182
  - - 469
    - 161
  - - 470
    - 170
  - - 471
    - 127
  - - 472
    - 160
  - - 473
    - 149
  - - 474
    - 162
  - - 475
    - 148
  - - 476
    - 157
  - - 477
    - 143
  - - 478
    - 154
  - - 479
    - 139
  - - 480
    - 165
  - - 481
    - 167
  - - 482
    - 129
  - - 483
    - 163
  - - 484
    - 188
  - - 485
    - 144
  - - 486
    - 136
  - - 487
    - 142
  - - 488
    - 109
  - - 489
    - 128
  - - 490
    - 121
  - - 491
    - 133
  - - 492
    - 143
  - - 493
    - 122
  - - 494
    - 151
  - - 495
    - 107
  - - 496
    - 187
  - - 497
    - 158
  - - 498
    - 134
  - - 499
    - 132
  - - 500
    - 129
  - - 501
    - 154
  - - 502
    - 127
  - - 503
    - 156
  - - 504
    - 135
  - - 505
    - 143
  - - 506
    - 123
  - - 507
    - 133
  - - 508
    - 126
  - - 509
    - 106
  - - 510
    - 148
  - - 511
    - 122
  - - 512
    - 131
  - - 513
    - 141
  - - 514
    - 150
  - - 515
    - 144
  - - 516
    - 146
  - - 517
    - 117
  - - 518
    - 130
  - - 519
    - 125
  - - 520
    - 122
  - - 521
    - 118
  - - 522
    - 122
  - - 523
    - 134
  - - 524
    - 95
  - - 525
    - 100
  - - 526
    - 89
  - - 527
    - 107
  - - 528
    - 137
  - - 529
    - 106
  - - 530
    - 108
  - - 531
    - 157
  - - 532
    - 112
  - - 533
    - 112
  - - 534
    - 108
  - - 535
    - 107
  - - 536
    - 96
  - - 537
    - 123
  - - 538
    - 134
  - - 539
    - 110
  - - 540
    - 116
  - - 541
    - 106
  - - 542
    - 112
  - - 543
    - 112
  - - 544
    - 134
  - - 545
    - 107
  - - 546
    - 136
  - - 547
    - 119
  - - 548
    - 138
  - - 549
    - 136
  - - 550
    - 107
  - - 551
    - 97
  - - 552
    - 108
  - - 553
    - 136
  - - 554
    - 109
  - - 555
    - 109
  - - 556
    - 95
  - - 557
    - 105
  - - 558
    - 116
  - - 559
    - 98
  - - 560
    - 98
  - - 561
    - 109
  - - 562
    - 124
  - - 563
    - 134
  - - 564
    - 125
  - - 565
    - 134
  - - 566
    - 133
  - - 567
    - 111
  - - 568
    - 96
  - - 569
    - 84
  - - 570
    - 125
  - - 571
    - 97
  - - 572
    - 110
  - - 573
    - 105
  - - 574
    - 104
  - - 575
    - 94
  - - 576
    - 129
  - - 577
    - 86
  - - 578
    - 83
  - - 579
    - 99
  - - 580
    - 76
  - - 581
    - 106
  - - 582
    - 106
  - - 583
    - 101
  - - 584
    - 96
  - - 585
    - 94
  - - 586
    - 72
  - - 587
    - 94
  - - 588
    - 72
  - - 589
    - 66
  - - 590
    - 105
  - - 591
    - 103
  - - 592
    - 107
  - - 593
    - 97
  - - 594
    - 80
  - - 595
    - 93
  - - 596
    - 94
  - - 597
    - 98
  - - 598
    - 76
  - - 599
    - 71
  - - 600
    - 85
  - - 601
    - 79
  - - 602
    - 90
  - - 603
    - 96
  - - 604
    - 91
  - - 605
    - 97
  - - 606
    - 97
  - - 607
    - 73
  - - 608
    - 63
  - - 609
    - 59
  - - 610
    - 81
  - - 611
    - 95
  - - 612
    - 61
  - - 613
    - 74
  - - 614
    - 64
  - - 615
    - 69
  - - 616
    - 63
  - - 617
    - 57
  - - 618
    - 65
  - - 619
    - 70
  - - 620
    - 62
  - - 621
    - 80
  - - 622
    - 84
  - - 623
    - 71
  - - 624
    - 66
  - - 625
    - 56
  - - 626
    - 68
  - - 627
    - 59
  - - 628
    - 57
  - - 629
    - 57
  - - 630
    - 70
  - - 631
    - 51
  - - 632
    - 40
  - - 633
    - 65
  - - 634
    - 59
  - - 635
    - 62
  - - 636
    - 44
  - - 637
    - 61
  - - 638
    - 58
  - - 639
    - 58
  - - 640
    - 56
  - - 641
    - 57
  - - 642
    - 61
  - - 643
    - 41
  - - 644
    - 71
  - - 645
    - 54
  - - 646
    - 48
  - - 647
    - 63
  - - 648
    - 76
  - - 649
    - 79
  - - 650
    - 62
  - - 651
    - 50
  - - 652
    - 59
  - - 653
    - 80
  - - 654
    - 62
  - - 655
    - 77
  - - 656
    - 68
  - - 657
    - 54
  - - 658
    - 52
  - - 659
    - 59
  - - 660
    - 62
  - - 661
    - 49
  - - 662
    - 59
  - - 663
    - 66
  - - 664
    - 67
  - - 665
    - 73
  - - 666
    - 56
  - - 667
    - 46
  - - 668
    - 58
  - - 669
    - 66
  - - 670
    - 64
  - - 671
    - 53
  - - 672
    - 65
  - - 673
    - 45
  - - 674
    - 48
  - - 675
    - 40
  - - 676
    - 47
  - - 677
    - 45
  - - 678
    - 35
  - - 679
    - 53
  - - 680
    - 49
  - - 681
    - 65
  - - 682
    - 40
  - - 683
    - 47
  - - 684
    - 56
  - - 685
    - 57
  - - 686
    - 47
  - - 687
    - 40
  - - 688
    - 46
  - - 689
    - 58
  - - 690
    - 46
  - - 691
    - 31
  - - 692
    - 35
  - - 693
    - 49
  - - 694
    - 24
  - - 695
    - 37
  - - 696
    - 36
  - - 697
    - 40
  - - 698
    - 36
  - - 699
    - 39
  - - 700
    - 41
  - - 701
    - 38
  - - 702
    - 26
  - - 703
    - 38
  - - 704
    - 34
  - - 705
    - 34
  - - 706
    - 31
  - - 707
    - 45
  - - 708
    - 31
  - - 709
    - 26
  - - 710
    - 23
  - - 711
    - 30
  - - 712
    - 24
  - - 713
    - 31
  - - 714
    - 31
  - - 715
    - 19
  - - 716
    - 23
  - - 717
    - 35
  - - 718
    - 39
  - - 719
    - 23
  - - 720
    - 38
  - - 721
    - 33
  - - 722
    - 40
  - - 723
    - 38
  - - 724
    - 22
  - - 725
    - 33
  - - 726
    - 29
  - - 727
    - 27
  - - 728
    - 27
  - - 729
    - 20
  - - 730
    - 22
  - - 731
    - 16
  - - 732
    - 18
  - - 733
    - 26
  - - 734
    - 23
  - - 735
    - 17
  - - 736
    - 22
  - - 737
    - 24
  - - 738
    - 31
  - - 739
    - 15
  - - 740
    - 16
  - - 741
    - 28
  - - 742
    - 36
  - - 743
    - 37
  - - 744
    - 25
  - - 745
    - 20
  - - 746
    - 20
  - - 747
    - 22
  - - 748
    - 22
  - - 749
    - 29
  - - 750
    - 34
  - - 751
    - 29
  - - 752
    - 20
  - - 753
    - 23
  - - 754
    - 20
  - - 755
    - 30
  - - 756
    - 20
  - - 757
    - 21
  - - 758
    - 14
  - - 759
    - 27
  - - 760
    - 24
  - - 761
    - 24
  - - 762
    - 18
  - - 763
    - 37
  - - 764
    - 22
  - - 765
    - 14
  - - 766
    - 14
  - - 767
    - 16
  - - 768
    - 21
  - - 769
    - 27
  - - 770
    - 23
  - - 771
    - 26
  - - 772
    - 17
  - - 773
    - 16
  - - 774
    - 16
  - - 775
    - 23
  - - 776
    - 21
  - - 777
    - 27
  - - 778
    - 30
  - - 779
    - 22
  - - 780
    - 19
  - - 781
    - 23
  - - 782
    - 18
  - - 783
    - 19
  - - 784
    - 12
  - - 785
    - 6
  - - 786
    - 15
  - - 787
    - 10
  - - 788
    - 14
  - - 789
    - 19
  - - 790
    - 29
  - - 791
    - 13
  - - 792
    - 28
  - - 793
    - 21
  - - 794
    - 11
  - - 795
    - 10
  - - 796
    - 22
  - - 797
    - 12
  - - 798
    - 11
  - - 799
    - 21
  - - 800
    - 13
  - - 801
    - 14
  - - 802
    - 19
  - - 803
    - 26
  - - 804
    - 10
  - - 805
    - 22
  - - 806
    - 16
  - - 807
    - 19
  - - 808
    - 14
  - - 809
    - 7
  - - 810
    - 18
  - - 811
    - 20
  - - 812
    - 13
  - - 813
    - 16
  - - 814
    - 21
  - - 815
    - 13
  - - 816
    - 15
  - - 817
    - 17
  - - 818
    - 19
  - - 819
    - 15
  - - 820
    - 18
  - - 821
    - 13
  - - 822
    - 17
  - - 823
    - 19
  - - 824
    - 8
  - - 825
    - 11
  - - 826
    - 10
  - - 827
    - 16
  - - 828
    - 20
  - - 829
    - 10
  - - 830
    - 7
  - - 831
    - 14
  - - 832
    - 5
  - - 833
    - 16
  - - 834
    - 11
  - - 835
    - 9
  - - 836
    - 14
  - - 837
    - 12
  - - 838
    - 19
  - - 839
    - 25
  - - 840
    - 17
  - - 841
    - 9
  - - 842
    - 7
  - - 843
    - 10
  - - 844
    - 14
  - - 845
    - 8
  - - 846
    - 16
  - - 847
    - 14
  - - 848
    - 14
  - - 849
    - 15
  - - 850
    - 9
  - - 851
    - 11
  - - 852
    - 10
  - - 853
    - 14
  - - 854
    - 10
  - - 855
    - 7
  - - 856
    - 12
  - - 857
    - 8
  - - 858
    - 8
  - - 859
    - 11
  - - 860
    - 22
  - - 861
    - 14
  - - 862
    - 25
  - - 863
    - 15
  - - 864
    - 20
  - - 865
    - 16
  - - 866
    - 16
  - - 867
    - 12
  - - 868
    - 12
  - - 869
    - 8
  - - 870
    - 12
  - - 871
    - 10
  - - 872
    - 12
  - - 873
    - 10
  - - 874
    - 13
  - - 875
    - 14
  - - 876
    - 15
  - - 877
    - 2
  - - 878
    - 4
  - - 879
    - 8
  - - 880
    - 5
  - - 881
    - 7
  - - 882
    - 14
  - - 883
    - 16
  - - 884
    - 14
  - - 885
    - 6
  - - 886
    - 6
  - - 887
    - 7
  - - 888
    - 8
  - - 889
    - 5
  - - 890
    - 15
  - - 891
    - 16
  - - 892
    - 13
  - - 893
    - 4
  - - 894
    - 21
  - - 895
    - 10
  - - 896
    - 11
  - - 897
    - 8
  - - 898
    - 8
  - - 899
    - 3
  - - 900
    - 6
  - - 901
    - 7
  - - 902
    - 8
  - - 903
    - 7
  - - 904
    - 6
  - - 905
    - 9
  - - 906
    - 8
  - - 907
    - 5
  - - 908
    - 5
  - - 909
    - 14
  - - 910
    - 11
  - - 911
    - 12
  - - 912
    - 16
  - - 913
    - 9
  - - 914
    - 17
  - - 915
    - 14
  - - 916
    - 17
  - - 917
    - 8
  - - 918
    - 8
  - - 919
    - 9
  - - 920
    - 7
  - - 921
    - 9
  - - 922
    - 6
  - - 923
    - 7
  - - 924
    - 6
  - - 925
    - 11
  - - 926
    - 10
  - - 927
    - 10
  - - 928
    - 8
  - - 929
    - 7
  - - 930
    - 11
  - - 931
    - 8
  - - 932
    - 7
  - - 933
    - 4
  - - 934
    - 11
  - - 935
    - 6
  - - 936
    - 6
  - - 937
    - 5
  - - 938
    - 6
  - - 939
    - 4
  - - 940
    - 9
  - - 941
    - 3
  - - 942
    - 3
  - - 943
    - 6
  - - 944
    - 5
  - - 945
    - 7
  - - 946
    - 9
  - - 947
    - 5
  - - 948
    - 11
  - - 949
    - 6
  - - 950
    - 4
  - - 951
    - 18
  - - 952
    - 7
  - - 953
    - 4
  - - 954
    - 3
  - - 955
    - 3
  - - 956
    - 2
  - - 957
    - 5
  - - 958
    - 8
  - - 959
    - 5
  - - 960
    - 7
  - - 961
    - 3
  - - 962
    - 8
  - - 963
    - 7
  - - 964
    - 4
  - - 965
    - 8
  - - 966
    - 5
  - - 967
    - 2
  - - 968
    - 12
  - - 969
    - 6
  - - 970
    - 6
  - - 971
    - 6
  - - 972
    - 5
  - - 973
    - 8
  - - 974
    - 4
  - - 975
    - 9
  - - 976
    - 4
  - - 977
    - 6
  - - 978
    - 4
  - - 979
    - 3
  - - 980
    - 6
  - - 981
    - 8
  - - 982
    - 1
  - - 983
    - 1
  - - 984
    - 1
  - - 985
    - 2
  - - 986
    - 4
  - - 987
    - 1
  - - 988
    - 4
  - - 989
    - 3
  - - 990
    - 1
  - - 991
    - 1
  - - 992
    - 1
  - - 993
    - 3
  - - 994
    - 3
  - - 995
    - 13
  - - 996
    - 2
  - - 998
    - 3
  - - 999
    - 1
  - - 1000
    - 9
  - - 1001
    - 3
  - - 1002
    - 1
  - - 1003
    - 2
  - - 1004
    - 1
  - - 1005
    - 2
  - - 1006
    - 5
  - - 1008
    - 2
  - - 1009
    - 2
  - - 1010
    - 2
  - - 1011
    - 1
  - - 1012
    - 1
  - - 1013
    - 1
  - - 1015
    - 1
  - - 1016
    - 1
  - - 1017
    - 1
  - - 1018
    - 4
  - - 1019
    - 8
  - - 1020
    - 1
  - - 1021
    - 4
  - - 1022
    - 1
  - - 1023
    - 2
  - - 1024
    - 9
  - - 1025
    - 4
  - - 1026
    - 3
  - - 1027
    - 3
  - - 1028
    - 1
  - - 1029
    - 1
  - - 1030
    - 3
  - - 1031
    - 3
  - - 1034
    - 1
  - - 1037
    - 2
  - - 1038
    - 1
  - - 1040
    - 3
  - - 1042
    - 1
  - - 1043
    - 3
  - - 1044
    - 2
  - - 1048
    - 1
  - - 1050
    - 2
  - - 1051
    - 5
  - - 1052
    - 4
  - - 1054
    - 2
  - - 1055
    - 2
  - - 1056
    - 2
  - - 1057
    - 2
  - - 1058
    - 2
  - - 1060
    - 1
  - - 1061
    - 2
  - - 1062
    - 1
  - - 1063
    - 2
  - - 1064
    - 1
  - - 1065
    - 2
  - - 1066
    - 4
  - - 1067
    - 1
  - - 1070
    - 2
  - - 1072
    - 1
  - - 1073
    - 2
  - - 1074
    - 2
  - - 1075
    - 1
  - - 1076
    - 1
  - - 1077
    - 1
  - - 1078
    - 5
  - - 1079
    - 1
  - - 1080
    - 4
  - - 1084
    - 3
  - - 1085
    - 1
  - - 1086
    - 1
  - - 1088
    - 1
  - - 1089
    - 1
  - - 1090
    - 5
  - - 1091
    - 4
  - - 1092
    - 3
  - - 1093
    - 4
  - - 1094
    - 3
  - - 1095
    - 1
  - - 1096
    - 1
  - - 1097
    - 1
  - - 1099
    - 1
  - - 1100
    - 1
  - - 1102
    - 2
  - - 1105
    - 1
  - - 1106
    - 3
  - - 1107
    - 2
  - - 1112
    - 1
  - - 1114
    - 1
  - - 1115
    - 4
  - - 1116
    - 3
  - - 1117
    - 1
  - - 1122
    - 1
  - - 1128
    - 1
  - - 1129
    - 1
  - - 1134
    - 1
  - - 1139
    - 1
  - - 1156
    - 1
  - - 1206
    - 1
  - - 1214
    - 1
  - - 1250
    - 1
  - - 1251
    - 1
  - - 1263
    - 1
  - - 1268
    - 1
  - - 1272
    - 1
  - - 1338
    - 1
  - - 4999
    - 4
  latency_50_percentile: 415.0
  latency_95_percentile: 736.0
  latency_99_5_percentile: 967.2899999999936
  latency_99_percentile: 916.0
  max_kubedns_cpu: 946
  max_kubedns_memory: 27
  max_latency: 1.338855
  max_perfserver_cpu: 0
  max_perfserver_memory: 0
  min_latency: 0.037931
  msg: null
  ok: true
  qps: 233.102306
  queries_completed: 69939
  queries_lost: 4
  queries_sent: 69943
  run_time: 300.035642
  stddev_latency: 0.171793
params:
  max_qps: null
  pod_name: dns-perf-client-858fb7568b-4jt9g
  query_file: all-queries.txt
  run_id: 1777676470
  run_length_seconds: 300
  run_subid: 0
stderr:
- ''
stdout:
- DNS Performance Testing Tool
- Nominum Version 2.1.0.0
- ''
- '[Status] Command line: dnsperf -s 10.0.0.10 -l 300 -d /queries/all-queries.txt'
- '[Status] Sending queries (to 10.0.0.10)'
- '[Status] Started at: Fri May  1 23:01:43 2026'
- '[Status] Stopping after 300.000000 seconds'
- '[Timeout] Query timed out: msg id 41780'
- '[Timeout] Query timed out: msg id 49839'
- '[Timeout] Query timed out: msg id 169'
- '[Timeout] Query timed out: msg id 199'
- '[Status] Testing complete (time limit)'
- ''
- 'Statistics:'
- ''
- '  Queries sent:         69943'
- '  Queries completed:    69939 (99.99%)'
- '  Queries lost:         4 (0.01%)'
- ''
- '  Response codes:       NOERROR 8393 (12.00%), NXDOMAIN 61546 (88.00%)'
- '  Average packet size:  request 39, response 122'
- '  Run time (s):         300.035642'
- '  Queries per second:   233.102306'
- ''
- '  Average Latency (s):  0.428432 (min 0.037931, max 1.338855)'
- '  Latency StdDev (s):   0.171793'
- ''
- '  Latency histogram'
- '#histogram 0 0'
- '#histogram 37 1'
- '#histogram 38 1'
- '#histogram 39 2'
- '#histogram 40 1'
- '#histogram 41 1'
- '#histogram 42 2'
- '#histogram 44 1'
- '#histogram 45 1'
- '#histogram 48 3'
- '#histogram 50 1'
- '#histogram 51 1'
- '#histogram 52 1'
- '#histogram 53 2'
- '#histogram 55 1'
- '#histogram 56 2'
- '#histogram 57 2'
- '#histogram 58 5'
- '#histogram 59 7'
- '#histogram 60 6'
- '#histogram 61 3'
- '#histogram 62 2'
- '#histogram 63 4'
- '#histogram 64 2'
- '#histogram 65 7'
- '#histogram 66 7'
- '#histogram 67 6'
- '#histogram 68 4'
- '#histogram 69 5'
- '#histogram 70 3'
- '#histogram 71 8'
- '#histogram 72 6'
- '#histogram 73 11'
- '#histogram 74 13'
- '#histogram 75 7'
- '#histogram 76 11'
- '#histogram 77 22'
- '#histogram 78 8'
- '#histogram 79 10'
- '#histogram 80 13'
- '#histogram 81 11'
- '#histogram 82 4'
- '#histogram 83 6'
- '#histogram 84 2'
- '#histogram 85 7'
- '#histogram 86 11'
- '#histogram 87 8'
- '#histogram 88 8'
- '#histogram 89 8'
- '#histogram 90 30'
- '#histogram 91 20'
- '#histogram 92 15'
- '#histogram 93 24'
- '#histogram 94 23'
- '#histogram 95 17'
- '#histogram 96 26'
- '#histogram 97 17'
- '#histogram 98 22'
- '#histogram 99 24'
- '#histogram 100 9'
- '#histogram 101 17'
- '#histogram 102 32'
- '#histogram 103 20'
- '#histogram 104 12'
- '#histogram 105 21'
- '#histogram 106 17'
- '#histogram 107 13'
- '#histogram 108 15'
- '#histogram 109 21'
- '#histogram 110 15'
- '#histogram 111 16'
- '#histogram 112 20'
- '#histogram 113 15'
- '#histogram 114 13'
- '#histogram 115 22'
- '#histogram 116 14'
- '#histogram 117 16'
- '#histogram 118 18'
- '#histogram 119 22'
- '#histogram 120 26'
- '#histogram 121 18'
- '#histogram 122 18'
- '#histogram 123 26'
- '#histogram 124 28'
- '#histogram 125 33'
- '#histogram 126 37'
- '#histogram 127 44'
- '#histogram 128 25'
- '#histogram 129 27'
- '#histogram 130 32'
- '#histogram 131 35'
- '#histogram 132 24'
- '#histogram 133 23'
- '#histogram 134 33'
- '#histogram 135 35'
- '#histogram 136 31'
- '#histogram 137 25'
- '#histogram 138 50'
- '#histogram 139 45'
- '#histogram 140 45'
- '#histogram 141 26'
- '#histogram 142 33'
- '#histogram 143 50'
- '#histogram 144 23'
- '#histogram 145 42'
- '#histogram 146 65'
- '#histogram 147 37'
- '#histogram 148 54'
- '#histogram 149 39'
- '#histogram 150 40'
- '#histogram 151 42'
- '#histogram 152 59'
- '#histogram 153 49'
- '#histogram 154 52'
- '#histogram 155 40'
- '#histogram 156 66'
- '#histogram 157 56'
- '#histogram 158 55'
- '#histogram 159 41'
- '#histogram 160 43'
- '#histogram 161 66'
- '#histogram 162 66'
- '#histogram 163 58'
- '#histogram 164 44'
- '#histogram 165 63'
- '#histogram 166 65'
- '#histogram 167 67'
- '#histogram 168 64'
- '#histogram 169 64'
- '#histogram 170 60'
- '#histogram 171 73'
- '#histogram 172 68'
- '#histogram 173 87'
- '#histogram 174 79'
- '#histogram 175 82'
- '#histogram 176 71'
- '#histogram 177 70'
- '#histogram 178 64'
- '#histogram 179 68'
- '#histogram 180 67'
- '#histogram 181 58'
- '#histogram 182 79'
- '#histogram 183 67'
- '#histogram 184 95'
- '#histogram 185 99'
- '#histogram 186 88'
- '#histogram 187 69'
- '#histogram 188 90'
- '#histogram 189 79'
- '#histogram 190 65'
- '#histogram 191 75'
- '#histogram 192 91'
- '#histogram 193 99'
- '#histogram 194 96'
- '#histogram 195 76'
- '#histogram 196 84'
- '#histogram 197 88'
- '#histogram 198 105'
- '#histogram 199 84'
- '#histogram 200 75'
- '#histogram 201 95'
- '#histogram 202 101'
- '#histogram 203 120'
- '#histogram 204 103'
- '#histogram 205 88'
- '#histogram 206 101'
- '#histogram 207 94'
- '#histogram 208 94'
- '#histogram 209 71'
- '#histogram 210 93'
- '#histogram 211 105'
- '#histogram 212 117'
- '#histogram 213 118'
- '#histogram 214 96'
- '#histogram 215 101'
- '#histogram 216 93'
- '#histogram 217 104'
- '#histogram 218 119'
- '#histogram 219 106'
- '#histogram 220 99'
- '#histogram 221 89'
- '#histogram 222 83'
- '#histogram 223 84'
- '#histogram 224 93'
- '#histogram 225 87'
- '#histogram 226 121'
- '#histogram 227 99'
- '#histogram 228 118'
- '#histogram 229 119'
- '#histogram 230 88'
- '#histogram 231 108'
- '#histogram 232 106'
- '#histogram 233 101'
- '#histogram 234 103'
- '#histogram 235 120'
- '#histogram 236 110'
- '#histogram 237 123'
- '#histogram 238 102'
- '#histogram 239 92'
- '#histogram 240 102'
- '#histogram 241 135'
- '#histogram 242 118'
- '#histogram 243 136'
- '#histogram 244 122'
- '#histogram 245 93'
- '#histogram 246 123'
- '#histogram 247 93'
- '#histogram 248 103'
- '#histogram 249 127'
- '#histogram 250 117'
- '#histogram 251 110'
- '#histogram 252 112'
- '#histogram 253 116'
- '#histogram 254 104'
- '#histogram 255 98'
- '#histogram 256 113'
- '#histogram 257 137'
- '#histogram 258 152'
- '#histogram 259 125'
- '#histogram 260 96'
- '#histogram 261 129'
- '#histogram 262 161'
- '#histogram 263 131'
- '#histogram 264 125'
- '#histogram 265 115'
- '#histogram 266 157'
- '#histogram 267 167'
- '#histogram 268 149'
- '#histogram 269 119'
- '#histogram 270 122'
- '#histogram 271 133'
- '#histogram 272 124'
- '#histogram 273 125'
- '#histogram 274 137'
- '#histogram 275 126'
- '#histogram 276 122'
- '#histogram 277 143'
- '#histogram 278 152'
- '#histogram 279 122'
- '#histogram 280 151'
- '#histogram 281 132'
- '#histogram 282 110'
- '#histogram 283 152'
- '#histogram 284 120'
- '#histogram 285 124'
- '#histogram 286 129'
- '#histogram 287 132'
- '#histogram 288 130'
- '#histogram 289 143'
- '#histogram 290 155'
- '#histogram 291 139'
- '#histogram 292 131'
- '#histogram 293 137'
- '#histogram 294 151'
- '#histogram 295 135'
- '#histogram 296 140'
- '#histogram 297 143'
- '#histogram 298 136'
- '#histogram 299 153'
- '#histogram 300 125'
- '#histogram 301 130'
- '#histogram 302 155'
- '#histogram 303 187'
- '#histogram 304 162'
- '#histogram 305 150'
- '#histogram 306 149'
- '#histogram 307 153'
- '#histogram 308 146'
- '#histogram 309 163'
- '#histogram 310 173'
- '#histogram 311 170'
- '#histogram 312 177'
- '#histogram 313 142'
- '#histogram 314 177'
- '#histogram 315 168'
- '#histogram 316 142'
- '#histogram 317 136'
- '#histogram 318 122'
- '#histogram 319 118'
- '#histogram 320 115'
- '#histogram 321 142'
- '#histogram 322 124'
- '#histogram 323 116'
- '#histogram 324 162'
- '#histogram 325 143'
- '#histogram 326 145'
- '#histogram 327 146'
- '#histogram 328 156'
- '#histogram 329 195'
- '#histogram 330 157'
- '#histogram 331 164'
- '#histogram 332 144'
- '#histogram 333 150'
- '#histogram 334 141'
- '#histogram 335 169'
- '#histogram 336 152'
- '#histogram 337 157'
- '#histogram 338 139'
- '#histogram 339 161'
- '#histogram 340 137'
- '#histogram 341 143'
- '#histogram 342 141'
- '#histogram 343 150'
- '#histogram 344 153'
- '#histogram 345 145'
- '#histogram 346 172'
- '#histogram 347 182'
- '#histogram 348 140'
- '#histogram 349 154'
- '#histogram 350 162'
- '#histogram 351 164'
- '#histogram 352 189'
- '#histogram 353 164'
- '#histogram 354 148'
- '#histogram 355 127'
- '#histogram 356 137'
- '#histogram 357 164'
- '#histogram 358 130'
- '#histogram 359 113'
- '#histogram 360 159'
- '#histogram 361 165'
- '#histogram 362 155'
- '#histogram 363 170'
- '#histogram 364 138'
- '#histogram 365 146'
- '#histogram 366 160'
- '#histogram 367 141'
- '#histogram 368 158'
- '#histogram 369 163'
- '#histogram 370 135'
- '#histogram 371 123'
- '#histogram 372 145'
- '#histogram 373 159'
- '#histogram 374 165'
- '#histogram 375 157'
- '#histogram 376 161'
- '#histogram 377 175'
- '#histogram 378 153'
- '#histogram 379 172'
- '#histogram 380 165'
- '#histogram 381 175'
- '#histogram 382 159'
- '#histogram 383 154'
- '#histogram 384 166'
- '#histogram 385 193'
- '#histogram 386 176'
- '#histogram 387 157'
- '#histogram 388 164'
- '#histogram 389 144'
- '#histogram 390 155'
- '#histogram 391 133'
- '#histogram 392 154'
- '#histogram 393 110'
- '#histogram 394 137'
- '#histogram 395 157'
- '#histogram 396 201'
- '#histogram 397 169'
- '#histogram 398 175'
- '#histogram 399 162'
- '#histogram 400 176'
- '#histogram 401 140'
- '#histogram 402 159'
- '#histogram 403 158'
- '#histogram 404 135'
- '#histogram 405 192'
- '#histogram 406 158'
- '#histogram 407 155'
- '#histogram 408 187'
- '#histogram 409 184'
- '#histogram 410 163'
- '#histogram 411 152'
- '#histogram 412 123'
- '#histogram 413 174'
- '#histogram 414 168'
- '#histogram 415 167'
- '#histogram 416 190'
- '#histogram 417 169'
- '#histogram 418 154'
- '#histogram 419 158'
- '#histogram 420 158'
- '#histogram 421 144'
- '#histogram 422 137'
- '#histogram 423 163'
- '#histogram 424 200'
- '#histogram 425 131'
- '#histogram 426 169'
- '#histogram 427 175'
- '#histogram 428 169'
- '#histogram 429 179'
- '#histogram 430 159'
- '#histogram 431 180'
- '#histogram 432 171'
- '#histogram 433 151'
- '#histogram 434 178'
- '#histogram 435 155'
- '#histogram 436 172'
- '#histogram 437 174'
- '#histogram 438 192'
- '#histogram 439 148'
- '#histogram 440 128'
- '#histogram 441 155'
- '#histogram 442 159'
- '#histogram 443 175'
- '#histogram 444 179'
- '#histogram 445 178'
- '#histogram 446 184'
- '#histogram 447 155'
- '#histogram 448 133'
- '#histogram 449 158'
- '#histogram 450 150'
- '#histogram 451 156'
- '#histogram 452 154'
- '#histogram 453 173'
- '#histogram 454 187'
- '#histogram 455 162'
- '#histogram 456 153'
- '#histogram 457 165'
- '#histogram 458 140'
- '#histogram 459 132'
- '#histogram 460 194'
- '#histogram 461 171'
- '#histogram 462 127'
- '#histogram 463 115'
- '#histogram 464 152'
- '#histogram 465 159'
- '#histogram 466 170'
- '#histogram 467 177'
- '#histogram 468 182'
- '#histogram 469 161'
- '#histogram 470 170'
- '#histogram 471 127'
- '#histogram 472 160'
- '#histogram 473 149'
- '#histogram 474 162'
- '#histogram 475 148'
- '#histogram 476 157'
- '#histogram 477 143'
- '#histogram 478 154'
- '#histogram 479 139'
- '#histogram 480 165'
- '#histogram 481 167'
- '#histogram 482 129'
- '#histogram 483 163'
- '#histogram 484 188'
- '#histogram 485 144'
- '#histogram 486 136'
- '#histogram 487 142'
- '#histogram 488 109'
- '#histogram 489 128'
- '#histogram 490 121'
- '#histogram 491 133'
- '#histogram 492 143'
- '#histogram 493 122'
- '#histogram 494 151'
- '#histogram 495 107'
- '#histogram 496 187'
- '#histogram 497 158'
- '#histogram 498 134'
- '#histogram 499 132'
- '#histogram 500 129'
- '#histogram 501 154'
- '#histogram 502 127'
- '#histogram 503 156'
- '#histogram 504 135'
- '#histogram 505 143'
- '#histogram 506 123'
- '#histogram 507 133'
- '#histogram 508 126'
- '#histogram 509 106'
- '#histogram 510 148'
- '#histogram 511 122'
- '#histogram 512 131'
- '#histogram 513 141'
- '#histogram 514 150'
- '#histogram 515 144'
- '#histogram 516 146'
- '#histogram 517 117'
- '#histogram 518 130'
- '#histogram 519 125'
- '#histogram 520 122'
- '#histogram 521 118'
- '#histogram 522 122'
- '#histogram 523 134'
- '#histogram 524 95'
- '#histogram 525 100'
- '#histogram 526 89'
- '#histogram 527 107'
- '#histogram 528 137'
- '#histogram 529 106'
- '#histogram 530 108'
- '#histogram 531 157'
- '#histogram 532 112'
- '#histogram 533 112'
- '#histogram 534 108'
- '#histogram 535 107'
- '#histogram 536 96'
- '#histogram 537 123'
- '#histogram 538 134'
- '#histogram 539 110'
- '#histogram 540 116'
- '#histogram 541 106'
- '#histogram 542 112'
- '#histogram 543 112'
- '#histogram 544 134'
- '#histogram 545 107'
- '#histogram 546 136'
- '#histogram 547 119'
- '#histogram 548 138'
- '#histogram 549 136'
- '#histogram 550 107'
- '#histogram 551 97'
- '#histogram 552 108'
- '#histogram 553 136'
- '#histogram 554 109'
- '#histogram 555 109'
- '#histogram 556 95'
- '#histogram 557 105'
- '#histogram 558 116'
- '#histogram 559 98'
- '#histogram 560 98'
- '#histogram 561 109'
- '#histogram 562 124'
- '#histogram 563 134'
- '#histogram 564 125'
- '#histogram 565 134'
- '#histogram 566 133'
- '#histogram 567 111'
- '#histogram 568 96'
- '#histogram 569 84'
- '#histogram 570 125'
- '#histogram 571 97'
- '#histogram 572 110'
- '#histogram 573 105'
- '#histogram 574 104'
- '#histogram 575 94'
- '#histogram 576 129'
- '#histogram 577 86'
- '#histogram 578 83'
- '#histogram 579 99'
- '#histogram 580 76'
- '#histogram 581 106'
- '#histogram 582 106'
- '#histogram 583 101'
- '#histogram 584 96'
- '#histogram 585 94'
- '#histogram 586 72'
- '#histogram 587 94'
- '#histogram 588 72'
- '#histogram 589 66'
- '#histogram 590 105'
- '#histogram 591 103'
- '#histogram 592 107'
- '#histogram 593 97'
- '#histogram 594 80'
- '#histogram 595 93'
- '#histogram 596 94'
- '#histogram 597 98'
- '#histogram 598 76'
- '#histogram 599 71'
- '#histogram 600 85'
- '#histogram 601 79'
- '#histogram 602 90'
- '#histogram 603 96'
- '#histogram 604 91'
- '#histogram 605 97'
- '#histogram 606 97'
- '#histogram 607 73'
- '#histogram 608 63'
- '#histogram 609 59'
- '#histogram 610 81'
- '#histogram 611 95'
- '#histogram 612 61'
- '#histogram 613 74'
- '#histogram 614 64'
- '#histogram 615 69'
- '#histogram 616 63'
- '#histogram 617 57'
- '#histogram 618 65'
- '#histogram 619 70'
- '#histogram 620 62'
- '#histogram 621 80'
- '#histogram 622 84'
- '#histogram 623 71'
- '#histogram 624 66'
- '#histogram 625 56'
- '#histogram 626 68'
- '#histogram 627 59'
- '#histogram 628 57'
- '#histogram 629 57'
- '#histogram 630 70'
- '#histogram 631 51'
- '#histogram 632 40'
- '#histogram 633 65'
- '#histogram 634 59'
- '#histogram 635 62'
- '#histogram 636 44'
- '#histogram 637 61'
- '#histogram 638 58'
- '#histogram 639 58'
- '#histogram 640 56'
- '#histogram 641 57'
- '#histogram 642 61'
- '#histogram 643 41'
- '#histogram 644 71'
- '#histogram 645 54'
- '#histogram 646 48'
- '#histogram 647 63'
- '#histogram 648 76'
- '#histogram 649 79'
- '#histogram 650 62'
- '#histogram 651 50'
- '#histogram 652 59'
- '#histogram 653 80'
- '#histogram 654 62'
- '#histogram 655 77'
- '#histogram 656 68'
- '#histogram 657 54'
- '#histogram 658 52'
- '#histogram 659 59'
- '#histogram 660 62'
- '#histogram 661 49'
- '#histogram 662 59'
- '#histogram 663 66'
- '#histogram 664 67'
- '#histogram 665 73'
- '#histogram 666 56'
- '#histogram 667 46'
- '#histogram 668 58'
- '#histogram 669 66'
- '#histogram 670 64'
- '#histogram 671 53'
- '#histogram 672 65'
- '#histogram 673 45'
- '#histogram 674 48'
- '#histogram 675 40'
- '#histogram 676 47'
- '#histogram 677 45'
- '#histogram 678 35'
- '#histogram 679 53'
- '#histogram 680 49'
- '#histogram 681 65'
- '#histogram 682 40'
- '#histogram 683 47'
- '#histogram 684 56'
- '#histogram 685 57'
- '#histogram 686 47'
- '#histogram 687 40'
- '#histogram 688 46'
- '#histogram 689 58'
- '#histogram 690 46'
- '#histogram 691 31'
- '#histogram 692 35'
- '#histogram 693 49'
- '#histogram 694 24'
- '#histogram 695 37'
- '#histogram 696 36'
- '#histogram 697 40'
- '#histogram 698 36'
- '#histogram 699 39'
- '#histogram 700 41'
- '#histogram 701 38'
- '#histogram 702 26'
- '#histogram 703 38'
- '#histogram 704 34'
- '#histogram 705 34'
- '#histogram 706 31'
- '#histogram 707 45'
- '#histogram 708 31'
- '#histogram 709 26'
- '#histogram 710 23'
- '#histogram 711 30'
- '#histogram 712 24'
- '#histogram 713 31'
- '#histogram 714 31'
- '#histogram 715 19'
- '#histogram 716 23'
- '#histogram 717 35'
- '#histogram 718 39'
- '#histogram 719 23'
- '#histogram 720 38'
- '#histogram 721 33'
- '#histogram 722 40'
- '#histogram 723 38'
- '#histogram 724 22'
- '#histogram 725 33'
- '#histogram 726 29'
- '#histogram 727 27'
- '#histogram 728 27'
- '#histogram 729 20'
- '#histogram 730 22'
- '#histogram 731 16'
- '#histogram 732 18'
- '#histogram 733 26'
- '#histogram 734 23'
- '#histogram 735 17'
- '#histogram 736 22'
- '#histogram 737 24'
- '#histogram 738 31'
- '#histogram 739 15'
- '#histogram 740 16'
- '#histogram 741 28'
- '#histogram 742 36'
- '#histogram 743 37'
- '#histogram 744 25'
- '#histogram 745 20'
- '#histogram 746 20'
- '#histogram 747 22'
- '#histogram 748 22'
- '#histogram 749 29'
- '#histogram 750 34'
- '#histogram 751 29'
- '#histogram 752 20'
- '#histogram 753 23'
- '#histogram 754 20'
- '#histogram 755 30'
- '#histogram 756 20'
- '#histogram 757 21'
- '#histogram 758 14'
- '#histogram 759 27'
- '#histogram 760 24'
- '#histogram 761 24'
- '#histogram 762 18'
- '#histogram 763 37'
- '#histogram 764 22'
- '#histogram 765 14'
- '#histogram 766 14'
- '#histogram 767 16'
- '#histogram 768 21'
- '#histogram 769 27'
- '#histogram 770 23'
- '#histogram 771 26'
- '#histogram 772 17'
- '#histogram 773 16'
- '#histogram 774 16'
- '#histogram 775 23'
- '#histogram 776 21'
- '#histogram 777 27'
- '#histogram 778 30'
- '#histogram 779 22'
- '#histogram 780 19'
- '#histogram 781 23'
- '#histogram 782 18'
- '#histogram 783 19'
- '#histogram 784 12'
- '#histogram 785 6'
- '#histogram 786 15'
- '#histogram 787 10'
- '#histogram 788 14'
- '#histogram 789 19'
- '#histogram 790 29'
- '#histogram 791 13'
- '#histogram 792 28'
- '#histogram 793 21'
- '#histogram 794 11'
- '#histogram 795 10'
- '#histogram 796 22'
- '#histogram 797 12'
- '#histogram 798 11'
- '#histogram 799 21'
- '#histogram 800 13'
- '#histogram 801 14'
- '#histogram 802 19'
- '#histogram 803 26'
- '#histogram 804 10'
- '#histogram 805 22'
- '#histogram 806 16'
- '#histogram 807 19'
- '#histogram 808 14'
- '#histogram 809 7'
- '#histogram 810 18'
- '#histogram 811 20'
- '#histogram 812 13'
- '#histogram 813 16'
- '#histogram 814 21'
- '#histogram 815 13'
- '#histogram 816 15'
- '#histogram 817 17'
- '#histogram 818 19'
- '#histogram 819 15'
- '#histogram 820 18'
- '#histogram 821 13'
- '#histogram 822 17'
- '#histogram 823 19'
- '#histogram 824 8'
- '#histogram 825 11'
- '#histogram 826 10'
- '#histogram 827 16'
- '#histogram 828 20'
- '#histogram 829 10'
- '#histogram 830 7'
- '#histogram 831 14'
- '#histogram 832 5'
- '#histogram 833 16'
- '#histogram 834 11'
- '#histogram 835 9'
- '#histogram 836 14'
- '#histogram 837 12'
- '#histogram 838 19'
- '#histogram 839 25'
- '#histogram 840 17'
- '#histogram 841 9'
- '#histogram 842 7'
- '#histogram 843 10'
- '#histogram 844 14'
- '#histogram 845 8'
- '#histogram 846 16'
- '#histogram 847 14'
- '#histogram 848 14'
- '#histogram 849 15'
- '#histogram 850 9'
- '#histogram 851 11'
- '#histogram 852 10'
- '#histogram 853 14'
- '#histogram 854 10'
- '#histogram 855 7'
- '#histogram 856 12'
- '#histogram 857 8'
- '#histogram 858 8'
- '#histogram 859 11'
- '#histogram 860 22'
- '#histogram 861 14'
- '#histogram 862 25'
- '#histogram 863 15'
- '#histogram 864 20'
- '#histogram 865 16'
- '#histogram 866 16'
- '#histogram 867 12'
- '#histogram 868 12'
- '#histogram 869 8'
- '#histogram 870 12'
- '#histogram 871 10'
- '#histogram 872 12'
- '#histogram 873 10'
- '#histogram 874 13'
- '#histogram 875 14'
- '#histogram 876 15'
- '#histogram 877 2'
- '#histogram 878 4'
- '#histogram 879 8'
- '#histogram 880 5'
- '#histogram 881 7'
- '#histogram 882 14'
- '#histogram 883 16'
- '#histogram 884 14'
- '#histogram 885 6'
- '#histogram 886 6'
- '#histogram 887 7'
- '#histogram 888 8'
- '#histogram 889 5'
- '#histogram 890 15'
- '#histogram 891 16'
- '#histogram 892 13'
- '#histogram 893 4'
- '#histogram 894 21'
- '#histogram 895 10'
- '#histogram 896 11'
- '#histogram 897 8'
- '#histogram 898 8'
- '#histogram 899 3'
- '#histogram 900 6'
- '#histogram 901 7'
- '#histogram 902 8'
- '#histogram 903 7'
- '#histogram 904 6'
- '#histogram 905 9'
- '#histogram 906 8'
- '#histogram 907 5'
- '#histogram 908 5'
- '#histogram 909 14'
- '#histogram 910 11'
- '#histogram 911 12'
- '#histogram 912 16'
- '#histogram 913 9'
- '#histogram 914 17'
- '#histogram 915 14'
- '#histogram 916 17'
- '#histogram 917 8'
- '#histogram 918 8'
- '#histogram 919 9'
- '#histogram 920 7'
- '#histogram 921 9'
- '#histogram 922 6'
- '#histogram 923 7'
- '#histogram 924 6'
- '#histogram 925 11'
- '#histogram 926 10'
- '#histogram 927 10'
- '#histogram 928 8'
- '#histogram 929 7'
- '#histogram 930 11'
- '#histogram 931 8'
- '#histogram 932 7'
- '#histogram 933 4'
- '#histogram 934 11'
- '#histogram 935 6'
- '#histogram 936 6'
- '#histogram 937 5'
- '#histogram 938 6'
- '#histogram 939 4'
- '#histogram 940 9'
- '#histogram 941 3'
- '#histogram 942 3'
- '#histogram 943 6'
- '#histogram 944 5'
- '#histogram 945 7'
- '#histogram 946 9'
- '#histogram 947 5'
- '#histogram 948 11'
- '#histogram 949 6'
- '#histogram 950 4'
- '#histogram 951 18'
- '#histogram 952 7'
- '#histogram 953 4'
- '#histogram 954 3'
- '#histogram 955 3'
- '#histogram 956 2'
- '#histogram 957 5'
- '#histogram 958 8'
- '#histogram 959 5'
- '#histogram 960 7'
- '#histogram 961 3'
- '#histogram 962 8'
- '#histogram 963 7'
- '#histogram 964 4'
- '#histogram 965 8'
- '#histogram 966 5'
- '#histogram 967 2'
- '#histogram 968 12'
- '#histogram 969 6'
- '#histogram 970 6'
- '#histogram 971 6'
- '#histogram 972 5'
- '#histogram 973 8'
- '#histogram 974 4'
- '#histogram 975 9'
- '#histogram 976 4'
- '#histogram 977 6'
- '#histogram 978 4'
- '#histogram 979 3'
- '#histogram 980 6'
- '#histogram 981 8'
- '#histogram 982 1'
- '#histogram 983 1'
- '#histogram 984 1'
- '#histogram 985 2'
- '#histogram 986 4'
- '#histogram 987 1'
- '#histogram 988 4'
- '#histogram 989 3'
- '#histogram 990 1'
- '#histogram 991 1'
- '#histogram 992 1'
- '#histogram 993 3'
- '#histogram 994 3'
- '#histogram 995 13'
- '#histogram 996 2'
- '#histogram 998 3'
- '#histogram 999 1'
- '#histogram 1000 9'
- '#histogram 1001 3'
- '#histogram 1002 1'
- '#histogram 1003 2'
- '#histogram 1004 1'
- '#histogram 1005 2'
- '#histogram 1006 5'
- '#histogram 1008 2'
- '#histogram 1009 2'
- '#histogram 1010 2'
- '#histogram 1011 1'
- '#histogram 1012 1'
- '#histogram 1013 1'
- '#histogram 1015 1'
- '#histogram 1016 1'
- '#histogram 1017 1'
- '#histogram 1018 4'
- '#histogram 1019 8'
- '#histogram 1020 1'
- '#histogram 1021 4'
- '#histogram 1022 1'
- '#histogram 1023 2'
- '#histogram 1024 9'
- '#histogram 1025 4'
- '#histogram 1026 3'
- '#histogram 1027 3'
- '#histogram 1028 1'
- '#histogram 1029 1'
- '#histogram 1030 3'
- '#histogram 1031 3'
- '#histogram 1034 1'
- '#histogram 1037 2'
- '#histogram 1038 1'
- '#histogram 1040 3'
- '#histogram 1042 1'
- '#histogram 1043 3'
- '#histogram 1044 2'
- '#histogram 1048 1'
- '#histogram 1050 2'
- '#histogram 1051 5'
- '#histogram 1052 4'
- '#histogram 1054 2'
- '#histogram 1055 2'
- '#histogram 1056 2'
- '#histogram 1057 2'
- '#histogram 1058 2'
- '#histogram 1060 1'
- '#histogram 1061 2'
- '#histogram 1062 1'
- '#histogram 1063 2'
- '#histogram 1064 1'
- '#histogram 1065 2'
- '#histogram 1066 4'
- '#histogram 1067 1'
- '#histogram 1070 2'
- '#histogram 1072 1'
- '#histogram 1073 2'
- '#histogram 1074 2'
- '#histogram 1075 1'
- '#histogram 1076 1'
- '#histogram 1077 1'
- '#histogram 1078 5'
- '#histogram 1079 1'
- '#histogram 1080 4'
- '#histogram 1084 3'
- '#histogram 1085 1'
- '#histogram 1086 1'
- '#histogram 1088 1'
- '#histogram 1089 1'
- '#histogram 1090 5'
- '#histogram 1091 4'
- '#histogram 1092 3'
- '#histogram 1093 4'
- '#histogram 1094 3'
- '#histogram 1095 1'
- '#histogram 1096 1'
- '#histogram 1097 1'
- '#histogram 1099 1'
- '#histogram 1100 1'
- '#histogram 1102 2'
- '#histogram 1105 1'
- '#histogram 1106 3'
- '#histogram 1107 2'
- '#histogram 1112 1'
- '#histogram 1114 1'
- '#histogram 1115 4'
- '#histogram 1116 3'
- '#histogram 1117 1'
- '#histogram 1122 1'
- '#histogram 1128 1'
- '#histogram 1129 1'
- '#histogram 1134 1'
- '#histogram 1139 1'
- '#histogram 1156 1'
- '#histogram 1206 1'
- '#histogram 1214 1'
- '#histogram 1250 1'
- '#histogram 1251 1'
- '#histogram 1263 1'
- '#histogram 1268 1'
- '#histogram 1272 1'
- '#histogram 1338 1'
- '#histogram 4999 4'
- ''
