code: 0
data:
  avg_latency: 0.780673
  histogram:
  - - 0
    - 0
  - - 52
    - 2
  - - 54
    - 3
  - - 55
    - 4
  - - 64
    - 1
  - - 74
    - 2
  - - 99
    - 2
  - - 100
    - 1
  - - 117
    - 1
  - - 119
    - 1
  - - 120
    - 1
  - - 121
    - 1
  - - 125
    - 2
  - - 126
    - 1
  - - 128
    - 4
  - - 129
    - 2
  - - 130
    - 1
  - - 132
    - 2
  - - 133
    - 2
  - - 134
    - 1
  - - 136
    - 2
  - - 137
    - 1
  - - 138
    - 4
  - - 139
    - 4
  - - 140
    - 2
  - - 141
    - 1
  - - 142
    - 5
  - - 143
    - 1
  - - 145
    - 1
  - - 150
    - 1
  - - 152
    - 1
  - - 153
    - 1
  - - 154
    - 1
  - - 155
    - 4
  - - 157
    - 2
  - - 158
    - 1
  - - 159
    - 2
  - - 160
    - 4
  - - 161
    - 1
  - - 162
    - 1
  - - 164
    - 1
  - - 166
    - 3
  - - 168
    - 1
  - - 169
    - 3
  - - 171
    - 1
  - - 172
    - 1
  - - 175
    - 3
  - - 176
    - 2
  - - 177
    - 3
  - - 178
    - 3
  - - 179
    - 1
  - - 180
    - 7
  - - 181
    - 3
  - - 182
    - 4
  - - 183
    - 2
  - - 184
    - 1
  - - 186
    - 3
  - - 188
    - 1
  - - 189
    - 6
  - - 190
    - 3
  - - 191
    - 4
  - - 192
    - 3
  - - 193
    - 7
  - - 194
    - 3
  - - 195
    - 2
  - - 196
    - 1
  - - 197
    - 1
  - - 198
    - 4
  - - 199
    - 2
  - - 200
    - 5
  - - 201
    - 6
  - - 202
    - 4
  - - 203
    - 1
  - - 204
    - 9
  - - 205
    - 4
  - - 206
    - 5
  - - 207
    - 6
  - - 208
    - 5
  - - 209
    - 6
  - - 210
    - 2
  - - 211
    - 5
  - - 212
    - 5
  - - 213
    - 5
  - - 214
    - 3
  - - 215
    - 4
  - - 216
    - 2
  - - 217
    - 8
  - - 218
    - 7
  - - 219
    - 5
  - - 220
    - 11
  - - 221
    - 8
  - - 222
    - 10
  - - 223
    - 4
  - - 224
    - 21
  - - 225
    - 11
  - - 226
    - 10
  - - 227
    - 14
  - - 228
    - 8
  - - 229
    - 8
  - - 230
    - 9
  - - 231
    - 10
  - - 232
    - 7
  - - 233
    - 7
  - - 234
    - 5
  - - 235
    - 11
  - - 236
    - 15
  - - 237
    - 17
  - - 238
    - 6
  - - 239
    - 12
  - - 240
    - 12
  - - 241
    - 16
  - - 242
    - 16
  - - 243
    - 6
  - - 244
    - 10
  - - 245
    - 10
  - - 246
    - 10
  - - 247
    - 9
  - - 248
    - 6
  - - 249
    - 17
  - - 250
    - 14
  - - 251
    - 9
  - - 252
    - 10
  - - 253
    - 14
  - - 254
    - 12
  - - 255
    - 9
  - - 256
    - 15
  - - 257
    - 10
  - - 258
    - 14
  - - 259
    - 7
  - - 260
    - 13
  - - 261
    - 13
  - - 262
    - 9
  - - 263
    - 16
  - - 264
    - 14
  - - 265
    - 8
  - - 266
    - 9
  - - 267
    - 17
  - - 268
    - 16
  - - 269
    - 10
  - - 270
    - 12
  - - 271
    - 17
  - - 272
    - 12
  - - 273
    - 14
  - - 274
    - 17
  - - 275
    - 15
  - - 276
    - 23
  - - 277
    - 12
  - - 278
    - 11
  - - 279
    - 8
  - - 280
    - 11
  - - 281
    - 10
  - - 282
    - 17
  - - 283
    - 16
  - - 284
    - 8
  - - 285
    - 18
  - - 286
    - 16
  - - 287
    - 22
  - - 288
    - 24
  - - 289
    - 12
  - - 290
    - 21
  - - 291
    - 17
  - - 292
    - 8
  - - 293
    - 16
  - - 294
    - 11
  - - 295
    - 10
  - - 296
    - 21
  - - 297
    - 23
  - - 298
    - 14
  - - 299
    - 21
  - - 300
    - 11
  - - 301
    - 18
  - - 302
    - 17
  - - 303
    - 14
  - - 304
    - 17
  - - 305
    - 18
  - - 306
    - 11
  - - 307
    - 7
  - - 308
    - 10
  - - 309
    - 19
  - - 310
    - 9
  - - 311
    - 17
  - - 312
    - 20
  - - 313
    - 11
  - - 314
    - 19
  - - 315
    - 22
  - - 316
    - 13
  - - 317
    - 14
  - - 318
    - 19
  - - 319
    - 18
  - - 320
    - 11
  - - 321
    - 13
  - - 322
    - 23
  - - 323
    - 18
  - - 324
    - 12
  - - 325
    - 14
  - - 326
    - 13
  - - 327
    - 12
  - - 328
    - 10
  - - 329
    - 15
  - - 330
    - 20
  - - 331
    - 24
  - - 332
    - 19
  - - 333
    - 16
  - - 334
    - 11
  - - 335
    - 10
  - - 336
    - 14
  - - 337
    - 14
  - - 338
    - 10
  - - 339
    - 13
  - - 340
    - 12
  - - 341
    - 11
  - - 342
    - 9
  - - 343
    - 23
  - - 344
    - 21
  - - 345
    - 17
  - - 346
    - 20
  - - 347
    - 19
  - - 348
    - 14
  - - 349
    - 16
  - - 350
    - 17
  - - 351
    - 40
  - - 352
    - 24
  - - 353
    - 23
  - - 354
    - 21
  - - 355
    - 17
  - - 356
    - 29
  - - 357
    - 17
  - - 358
    - 21
  - - 359
    - 20
  - - 360
    - 17
  - - 361
    - 21
  - - 362
    - 26
  - - 363
    - 27
  - - 364
    - 21
  - - 365
    - 14
  - - 366
    - 26
  - - 367
    - 20
  - - 368
    - 24
  - - 369
    - 22
  - - 370
    - 21
  - - 371
    - 20
  - - 372
    - 20
  - - 373
    - 29
  - - 374
    - 24
  - - 375
    - 21
  - - 376
    - 21
  - - 377
    - 28
  - - 378
    - 23
  - - 379
    - 26
  - - 380
    - 27
  - - 381
    - 34
  - - 382
    - 40
  - - 383
    - 43
  - - 384
    - 33
  - - 385
    - 39
  - - 386
    - 28
  - - 387
    - 41
  - - 388
    - 30
  - - 389
    - 32
  - - 390
    - 36
  - - 391
    - 28
  - - 392
    - 29
  - - 393
    - 34
  - - 394
    - 24
  - - 395
    - 22
  - - 396
    - 21
  - - 397
    - 20
  - - 398
    - 29
  - - 399
    - 18
  - - 400
    - 36
  - - 401
    - 30
  - - 402
    - 26
  - - 403
    - 34
  - - 404
    - 17
  - - 405
    - 24
  - - 406
    - 25
  - - 407
    - 24
  - - 408
    - 27
  - - 409
    - 29
  - - 410
    - 24
  - - 411
    - 18
  - - 412
    - 28
  - - 413
    - 27
  - - 414
    - 25
  - - 415
    - 18
  - - 416
    - 41
  - - 417
    - 23
  - - 418
    - 27
  - - 419
    - 33
  - - 420
    - 23
  - - 421
    - 34
  - - 422
    - 37
  - - 423
    - 53
  - - 424
    - 30
  - - 425
    - 24
  - - 426
    - 30
  - - 427
    - 52
  - - 428
    - 30
  - - 429
    - 39
  - - 430
    - 42
  - - 431
    - 45
  - - 432
    - 38
  - - 433
    - 37
  - - 434
    - 37
  - - 435
    - 35
  - - 436
    - 49
  - - 437
    - 34
  - - 438
    - 37
  - - 439
    - 22
  - - 440
    - 40
  - - 441
    - 31
  - - 442
    - 26
  - - 443
    - 31
  - - 444
    - 38
  - - 445
    - 19
  - - 446
    - 37
  - - 447
    - 27
  - - 448
    - 24
  - - 449
    - 40
  - - 450
    - 33
  - - 451
    - 34
  - - 452
    - 42
  - - 453
    - 32
  - - 454
    - 37
  - - 455
    - 35
  - - 456
    - 43
  - - 457
    - 51
  - - 458
    - 26
  - - 459
    - 23
  - - 460
    - 32
  - - 461
    - 36
  - - 462
    - 37
  - - 463
    - 46
  - - 464
    - 33
  - - 465
    - 41
  - - 466
    - 43
  - - 467
    - 40
  - - 468
    - 37
  - - 469
    - 53
  - - 470
    - 39
  - - 471
    - 37
  - - 472
    - 35
  - - 473
    - 39
  - - 474
    - 29
  - - 475
    - 31
  - - 476
    - 44
  - - 477
    - 46
  - - 478
    - 44
  - - 479
    - 23
  - - 480
    - 40
  - - 481
    - 38
  - - 482
    - 42
  - - 483
    - 36
  - - 484
    - 39
  - - 485
    - 37
  - - 486
    - 31
  - - 487
    - 33
  - - 488
    - 50
  - - 489
    - 48
  - - 490
    - 52
  - - 491
    - 62
  - - 492
    - 50
  - - 493
    - 44
  - - 494
    - 39
  - - 495
    - 43
  - - 496
    - 52
  - - 497
    - 35
  - - 498
    - 39
  - - 499
    - 48
  - - 500
    - 34
  - - 501
    - 31
  - - 502
    - 29
  - - 503
    - 37
  - - 504
    - 35
  - - 505
    - 37
  - - 506
    - 27
  - - 507
    - 31
  - - 508
    - 38
  - - 509
    - 36
  - - 510
    - 39
  - - 511
    - 55
  - - 512
    - 49
  - - 513
    - 42
  - - 514
    - 45
  - - 515
    - 38
  - - 516
    - 44
  - - 517
    - 39
  - - 518
    - 30
  - - 519
    - 40
  - - 520
    - 33
  - - 521
    - 41
  - - 522
    - 27
  - - 523
    - 31
  - - 524
    - 39
  - - 525
    - 36
  - - 526
    - 32
  - - 527
    - 44
  - - 528
    - 42
  - - 529
    - 44
  - - 530
    - 39
  - - 531
    - 38
  - - 532
    - 28
  - - 533
    - 35
  - - 534
    - 32
  - - 535
    - 29
  - - 536
    - 38
  - - 537
    - 49
  - - 538
    - 44
  - - 539
    - 40
  - - 540
    - 39
  - - 541
    - 47
  - - 542
    - 42
  - - 543
    - 29
  - - 544
    - 45
  - - 545
    - 34
  - - 546
    - 44
  - - 547
    - 29
  - - 548
    - 31
  - - 549
    - 29
  - - 550
    - 40
  - - 551
    - 38
  - - 552
    - 38
  - - 553
    - 58
  - - 554
    - 29
  - - 555
    - 41
  - - 556
    - 37
  - - 557
    - 35
  - - 558
    - 36
  - - 559
    - 46
  - - 560
    - 43
  - - 561
    - 49
  - - 562
    - 40
  - - 563
    - 41
  - - 564
    - 44
  - - 565
    - 39
  - - 566
    - 44
  - - 567
    - 40
  - - 568
    - 42
  - - 569
    - 34
  - - 570
    - 36
  - - 571
    - 41
  - - 572
    - 43
  - - 573
    - 35
  - - 574
    - 37
  - - 575
    - 33
  - - 576
    - 40
  - - 577
    - 38
  - - 578
    - 44
  - - 579
    - 38
  - - 580
    - 30
  - - 581
    - 34
  - - 582
    - 36
  - - 583
    - 40
  - - 584
    - 48
  - - 585
    - 43
  - - 586
    - 30
  - - 587
    - 41
  - - 588
    - 51
  - - 589
    - 46
  - - 590
    - 37
  - - 591
    - 41
  - - 592
    - 51
  - - 593
    - 45
  - - 594
    - 41
  - - 595
    - 35
  - - 596
    - 49
  - - 597
    - 39
  - - 598
    - 38
  - - 599
    - 29
  - - 600
    - 46
  - - 601
    - 38
  - - 602
    - 36
  - - 603
    - 42
  - - 604
    - 55
  - - 605
    - 40
  - - 606
    - 48
  - - 607
    - 25
  - - 608
    - 49
  - - 609
    - 50
  - - 610
    - 44
  - - 611
    - 46
  - - 612
    - 42
  - - 613
    - 48
  - - 614
    - 31
  - - 615
    - 44
  - - 616
    - 47
  - - 617
    - 56
  - - 618
    - 50
  - - 619
    - 54
  - - 620
    - 40
  - - 621
    - 40
  - - 622
    - 38
  - - 623
    - 39
  - - 624
    - 42
  - - 625
    - 49
  - - 626
    - 45
  - - 627
    - 38
  - - 628
    - 41
  - - 629
    - 49
  - - 630
    - 48
  - - 631
    - 45
  - - 632
    - 51
  - - 633
    - 41
  - - 634
    - 50
  - - 635
    - 37
  - - 636
    - 56
  - - 637
    - 40
  - - 638
    - 54
  - - 639
    - 51
  - - 640
    - 54
  - - 641
    - 57
  - - 642
    - 55
  - - 643
    - 54
  - - 644
    - 54
  - - 645
    - 54
  - - 646
    - 36
  - - 647
    - 48
  - - 648
    - 56
  - - 649
    - 48
  - - 650
    - 43
  - - 651
    - 57
  - - 652
    - 40
  - - 653
    - 49
  - - 654
    - 43
  - - 655
    - 57
  - - 656
    - 44
  - - 657
    - 46
  - - 658
    - 57
  - - 659
    - 60
  - - 660
    - 57
  - - 661
    - 63
  - - 662
    - 47
  - - 663
    - 49
  - - 664
    - 37
  - - 665
    - 49
  - - 666
    - 52
  - - 667
    - 51
  - - 668
    - 60
  - - 669
    - 47
  - - 670
    - 49
  - - 671
    - 50
  - - 672
    - 44
  - - 673
    - 56
  - - 674
    - 55
  - - 675
    - 53
  - - 676
    - 81
  - - 677
    - 59
  - - 678
    - 59
  - - 679
    - 33
  - - 680
    - 51
  - - 681
    - 61
  - - 682
    - 60
  - - 683
    - 50
  - - 684
    - 56
  - - 685
    - 51
  - - 686
    - 61
  - - 687
    - 43
  - - 688
    - 47
  - - 689
    - 48
  - - 690
    - 52
  - - 691
    - 53
  - - 692
    - 56
  - - 693
    - 49
  - - 694
    - 56
  - - 695
    - 70
  - - 696
    - 46
  - - 697
    - 44
  - - 698
    - 62
  - - 699
    - 69
  - - 700
    - 56
  - - 701
    - 63
  - - 702
    - 48
  - - 703
    - 58
  - - 704
    - 66
  - - 705
    - 71
  - - 706
    - 78
  - - 707
    - 64
  - - 708
    - 50
  - - 709
    - 73
  - - 710
    - 61
  - - 711
    - 58
  - - 712
    - 59
  - - 713
    - 61
  - - 714
    - 61
  - - 715
    - 58
  - - 716
    - 44
  - - 717
    - 61
  - - 718
    - 67
  - - 719
    - 71
  - - 720
    - 58
  - - 721
    - 63
  - - 722
    - 46
  - - 723
    - 52
  - - 724
    - 57
  - - 725
    - 51
  - - 726
    - 44
  - - 727
    - 63
  - - 728
    - 86
  - - 729
    - 55
  - - 730
    - 55
  - - 731
    - 65
  - - 732
    - 47
  - - 733
    - 43
  - - 734
    - 51
  - - 735
    - 52
  - - 736
    - 39
  - - 737
    - 51
  - - 738
    - 63
  - - 739
    - 43
  - - 740
    - 43
  - - 741
    - 38
  - - 742
    - 70
  - - 743
    - 60
  - - 744
    - 45
  - - 745
    - 46
  - - 746
    - 56
  - - 747
    - 79
  - - 748
    - 51
  - - 749
    - 63
  - - 750
    - 38
  - - 751
    - 58
  - - 752
    - 53
  - - 753
    - 58
  - - 754
    - 43
  - - 755
    - 47
  - - 756
    - 61
  - - 757
    - 54
  - - 758
    - 62
  - - 759
    - 65
  - - 760
    - 65
  - - 761
    - 38
  - - 762
    - 54
  - - 763
    - 56
  - - 764
    - 55
  - - 765
    - 62
  - - 766
    - 54
  - - 767
    - 43
  - - 768
    - 68
  - - 769
    - 59
  - - 770
    - 67
  - - 771
    - 62
  - - 772
    - 60
  - - 773
    - 46
  - - 774
    - 48
  - - 775
    - 57
  - - 776
    - 55
  - - 777
    - 39
  - - 778
    - 38
  - - 779
    - 37
  - - 780
    - 69
  - - 781
    - 42
  - - 782
    - 55
  - - 783
    - 52
  - - 784
    - 72
  - - 785
    - 65
  - - 786
    - 48
  - - 787
    - 49
  - - 788
    - 67
  - - 789
    - 58
  - - 790
    - 50
  - - 791
    - 49
  - - 792
    - 76
  - - 793
    - 73
  - - 794
    - 65
  - - 795
    - 77
  - - 796
    - 52
  - - 797
    - 48
  - - 798
    - 46
  - - 799
    - 63
  - - 800
    - 58
  - - 801
    - 46
  - - 802
    - 47
  - - 803
    - 48
  - - 804
    - 62
  - - 805
    - 55
  - - 806
    - 54
  - - 807
    - 51
  - - 808
    - 38
  - - 809
    - 52
  - - 810
    - 42
  - - 811
    - 34
  - - 812
    - 38
  - - 813
    - 47
  - - 814
    - 55
  - - 815
    - 55
  - - 816
    - 45
  - - 817
    - 63
  - - 818
    - 55
  - - 819
    - 56
  - - 820
    - 62
  - - 821
    - 60
  - - 822
    - 35
  - - 823
    - 46
  - - 824
    - 56
  - - 825
    - 40
  - - 826
    - 51
  - - 827
    - 52
  - - 828
    - 38
  - - 829
    - 58
  - - 830
    - 47
  - - 831
    - 54
  - - 832
    - 52
  - - 833
    - 60
  - - 834
    - 75
  - - 835
    - 63
  - - 836
    - 45
  - - 837
    - 55
  - - 838
    - 49
  - - 839
    - 52
  - - 840
    - 63
  - - 841
    - 51
  - - 842
    - 56
  - - 843
    - 55
  - - 844
    - 48
  - - 845
    - 47
  - - 846
    - 46
  - - 847
    - 47
  - - 848
    - 55
  - - 849
    - 52
  - - 850
    - 51
  - - 851
    - 50
  - - 852
    - 59
  - - 853
    - 43
  - - 854
    - 33
  - - 855
    - 46
  - - 856
    - 51
  - - 857
    - 45
  - - 858
    - 49
  - - 859
    - 49
  - - 860
    - 54
  - - 861
    - 43
  - - 862
    - 40
  - - 863
    - 43
  - - 864
    - 62
  - - 865
    - 37
  - - 866
    - 29
  - - 867
    - 47
  - - 868
    - 34
  - - 869
    - 53
  - - 870
    - 50
  - - 871
    - 64
  - - 872
    - 56
  - - 873
    - 44
  - - 874
    - 56
  - - 875
    - 50
  - - 876
    - 42
  - - 877
    - 53
  - - 878
    - 40
  - - 879
    - 41
  - - 880
    - 49
  - - 881
    - 48
  - - 882
    - 52
  - - 883
    - 47
  - - 884
    - 38
  - - 885
    - 51
  - - 886
    - 54
  - - 887
    - 48
  - - 888
    - 44
  - - 889
    - 44
  - - 890
    - 29
  - - 891
    - 53
  - - 892
    - 40
  - - 893
    - 33
  - - 894
    - 55
  - - 895
    - 55
  - - 896
    - 33
  - - 897
    - 47
  - - 898
    - 54
  - - 899
    - 48
  - - 900
    - 44
  - - 901
    - 52
  - - 902
    - 40
  - - 903
    - 49
  - - 904
    - 46
  - - 905
    - 45
  - - 906
    - 78
  - - 907
    - 47
  - - 908
    - 45
  - - 909
    - 41
  - - 910
    - 48
  - - 911
    - 46
  - - 912
    - 44
  - - 913
    - 62
  - - 914
    - 63
  - - 915
    - 52
  - - 916
    - 41
  - - 917
    - 36
  - - 918
    - 43
  - - 919
    - 53
  - - 920
    - 53
  - - 921
    - 42
  - - 922
    - 51
  - - 923
    - 24
  - - 924
    - 35
  - - 925
    - 42
  - - 926
    - 29
  - - 927
    - 37
  - - 928
    - 44
  - - 929
    - 55
  - - 930
    - 63
  - - 931
    - 53
  - - 932
    - 46
  - - 933
    - 51
  - - 934
    - 38
  - - 935
    - 35
  - - 936
    - 41
  - - 937
    - 34
  - - 938
    - 50
  - - 939
    - 49
  - - 940
    - 33
  - - 941
    - 36
  - - 942
    - 46
  - - 943
    - 50
  - - 944
    - 31
  - - 945
    - 53
  - - 946
    - 43
  - - 947
    - 37
  - - 948
    - 35
  - - 949
    - 43
  - - 950
    - 41
  - - 951
    - 38
  - - 952
    - 39
  - - 953
    - 39
  - - 954
    - 37
  - - 955
    - 37
  - - 956
    - 56
  - - 957
    - 34
  - - 958
    - 52
  - - 959
    - 58
  - - 960
    - 47
  - - 961
    - 48
  - - 962
    - 46
  - - 963
    - 47
  - - 964
    - 32
  - - 965
    - 51
  - - 966
    - 34
  - - 967
    - 47
  - - 968
    - 40
  - - 969
    - 38
  - - 970
    - 49
  - - 971
    - 29
  - - 972
    - 22
  - - 973
    - 36
  - - 974
    - 27
  - - 975
    - 40
  - - 976
    - 23
  - - 977
    - 31
  - - 978
    - 36
  - - 979
    - 35
  - - 980
    - 29
  - - 981
    - 29
  - - 982
    - 37
  - - 983
    - 35
  - - 984
    - 36
  - - 985
    - 45
  - - 986
    - 26
  - - 987
    - 33
  - - 988
    - 31
  - - 989
    - 26
  - - 990
    - 39
  - - 991
    - 28
  - - 992
    - 33
  - - 993
    - 35
  - - 994
    - 34
  - - 995
    - 43
  - - 996
    - 37
  - - 997
    - 39
  - - 998
    - 39
  - - 999
    - 39
  - - 1000
    - 23
  - - 1001
    - 24
  - - 1002
    - 34
  - - 1003
    - 30
  - - 1004
    - 35
  - - 1005
    - 40
  - - 1006
    - 34
  - - 1007
    - 36
  - - 1008
    - 29
  - - 1009
    - 28
  - - 1010
    - 28
  - - 1011
    - 30
  - - 1012
    - 34
  - - 1013
    - 48
  - - 1014
    - 23
  - - 1015
    - 15
  - - 1016
    - 31
  - - 1017
    - 33
  - - 1018
    - 30
  - - 1019
    - 38
  - - 1020
    - 30
  - - 1021
    - 24
  - - 1022
    - 29
  - - 1023
    - 33
  - - 1024
    - 31
  - - 1025
    - 31
  - - 1026
    - 42
  - - 1027
    - 31
  - - 1028
    - 17
  - - 1029
    - 33
  - - 1030
    - 37
  - - 1031
    - 46
  - - 1032
    - 29
  - - 1033
    - 35
  - - 1034
    - 30
  - - 1035
    - 21
  - - 1036
    - 29
  - - 1037
    - 27
  - - 1038
    - 28
  - - 1039
    - 30
  - - 1040
    - 30
  - - 1041
    - 25
  - - 1042
    - 36
  - - 1043
    - 24
  - - 1044
    - 15
  - - 1045
    - 30
  - - 1046
    - 28
  - - 1047
    - 24
  - - 1048
    - 37
  - - 1049
    - 47
  - - 1050
    - 28
  - - 1051
    - 35
  - - 1052
    - 23
  - - 1053
    - 28
  - - 1054
    - 28
  - - 1055
    - 27
  - - 1056
    - 25
  - - 1057
    - 25
  - - 1058
    - 32
  - - 1059
    - 34
  - - 1060
    - 27
  - - 1061
    - 23
  - - 1062
    - 24
  - - 1063
    - 30
  - - 1064
    - 31
  - - 1065
    - 25
  - - 1066
    - 30
  - - 1067
    - 23
  - - 1068
    - 22
  - - 1069
    - 19
  - - 1070
    - 26
  - - 1071
    - 27
  - - 1072
    - 28
  - - 1073
    - 23
  - - 1074
    - 28
  - - 1075
    - 26
  - - 1076
    - 35
  - - 1077
    - 27
  - - 1078
    - 23
  - - 1079
    - 20
  - - 1080
    - 23
  - - 1081
    - 21
  - - 1082
    - 19
  - - 1083
    - 17
  - - 1084
    - 33
  - - 1085
    - 24
  - - 1086
    - 21
  - - 1087
    - 25
  - - 1088
    - 19
  - - 1089
    - 15
  - - 1090
    - 22
  - - 1091
    - 16
  - - 1092
    - 22
  - - 1093
    - 21
  - - 1094
    - 19
  - - 1095
    - 21
  - - 1096
    - 30
  - - 1097
    - 20
  - - 1098
    - 21
  - - 1099
    - 24
  - - 1100
    - 26
  - - 1101
    - 33
  - - 1102
    - 24
  - - 1103
    - 30
  - - 1104
    - 22
  - - 1105
    - 29
  - - 1106
    - 40
  - - 1107
    - 29
  - - 1108
    - 25
  - - 1109
    - 24
  - - 1110
    - 24
  - - 1111
    - 14
  - - 1112
    - 18
  - - 1113
    - 27
  - - 1114
    - 27
  - - 1115
    - 20
  - - 1116
    - 29
  - - 1117
    - 26
  - - 1118
    - 19
  - - 1119
    - 19
  - - 1120
    - 18
  - - 1121
    - 22
  - - 1122
    - 28
  - - 1123
    - 28
  - - 1124
    - 21
  - - 1125
    - 26
  - - 1126
    - 29
  - - 1127
    - 44
  - - 1128
    - 16
  - - 1129
    - 10
  - - 1130
    - 17
  - - 1131
    - 22
  - - 1132
    - 30
  - - 1133
    - 10
  - - 1134
    - 17
  - - 1135
    - 25
  - - 1136
    - 30
  - - 1137
    - 25
  - - 1138
    - 18
  - - 1139
    - 26
  - - 1140
    - 12
  - - 1141
    - 15
  - - 1142
    - 21
  - - 1143
    - 18
  - - 1144
    - 17
  - - 1145
    - 9
  - - 1146
    - 18
  - - 1147
    - 17
  - - 1148
    - 14
  - - 1149
    - 17
  - - 1150
    - 20
  - - 1151
    - 19
  - - 1152
    - 16
  - - 1153
    - 16
  - - 1154
    - 20
  - - 1155
    - 17
  - - 1156
    - 19
  - - 1157
    - 18
  - - 1158
    - 19
  - - 1159
    - 20
  - - 1160
    - 22
  - - 1161
    - 15
  - - 1162
    - 15
  - - 1163
    - 21
  - - 1164
    - 17
  - - 1165
    - 16
  - - 1166
    - 19
  - - 1167
    - 23
  - - 1168
    - 22
  - - 1169
    - 18
  - - 1170
    - 21
  - - 1171
    - 9
  - - 1172
    - 16
  - - 1173
    - 19
  - - 1174
    - 16
  - - 1175
    - 29
  - - 1176
    - 21
  - - 1177
    - 20
  - - 1178
    - 22
  - - 1179
    - 15
  - - 1180
    - 14
  - - 1181
    - 10
  - - 1182
    - 13
  - - 1183
    - 21
  - - 1184
    - 23
  - - 1185
    - 21
  - - 1186
    - 12
  - - 1187
    - 14
  - - 1188
    - 22
  - - 1189
    - 18
  - - 1190
    - 14
  - - 1191
    - 15
  - - 1192
    - 8
  - - 1193
    - 17
  - - 1194
    - 23
  - - 1195
    - 9
  - - 1196
    - 23
  - - 1197
    - 24
  - - 1198
    - 18
  - - 1199
    - 21
  - - 1200
    - 20
  - - 1201
    - 14
  - - 1202
    - 20
  - - 1203
    - 21
  - - 1204
    - 31
  - - 1205
    - 19
  - - 1206
    - 16
  - - 1207
    - 19
  - - 1208
    - 18
  - - 1209
    - 20
  - - 1210
    - 18
  - - 1211
    - 17
  - - 1212
    - 19
  - - 1213
    - 16
  - - 1214
    - 8
  - - 1215
    - 21
  - - 1216
    - 15
  - - 1217
    - 12
  - - 1218
    - 13
  - - 1219
    - 10
  - - 1220
    - 11
  - - 1221
    - 21
  - - 1222
    - 12
  - - 1223
    - 30
  - - 1224
    - 14
  - - 1225
    - 13
  - - 1226
    - 7
  - - 1227
    - 13
  - - 1228
    - 8
  - - 1229
    - 10
  - - 1230
    - 19
  - - 1231
    - 15
  - - 1232
    - 18
  - - 1233
    - 16
  - - 1234
    - 17
  - - 1235
    - 16
  - - 1236
    - 17
  - - 1237
    - 14
  - - 1238
    - 12
  - - 1239
    - 20
  - - 1240
    - 8
  - - 1241
    - 15
  - - 1242
    - 16
  - - 1243
    - 14
  - - 1244
    - 12
  - - 1245
    - 23
  - - 1246
    - 12
  - - 1247
    - 11
  - - 1248
    - 9
  - - 1249
    - 10
  - - 1250
    - 17
  - - 1251
    - 15
  - - 1252
    - 15
  - - 1253
    - 8
  - - 1254
    - 16
  - - 1255
    - 19
  - - 1256
    - 10
  - - 1257
    - 12
  - - 1258
    - 16
  - - 1259
    - 17
  - - 1260
    - 12
  - - 1261
    - 18
  - - 1262
    - 9
  - - 1263
    - 9
  - - 1264
    - 11
  - - 1265
    - 14
  - - 1266
    - 7
  - - 1267
    - 12
  - - 1268
    - 15
  - - 1269
    - 13
  - - 1270
    - 11
  - - 1271
    - 12
  - - 1272
    - 13
  - - 1273
    - 12
  - - 1274
    - 12
  - - 1275
    - 9
  - - 1276
    - 7
  - - 1277
    - 16
  - - 1278
    - 10
  - - 1279
    - 7
  - - 1280
    - 17
  - - 1281
    - 5
  - - 1282
    - 6
  - - 1283
    - 11
  - - 1284
    - 10
  - - 1285
    - 12
  - - 1286
    - 5
  - - 1287
    - 16
  - - 1288
    - 5
  - - 1289
    - 11
  - - 1290
    - 6
  - - 1291
    - 6
  - - 1292
    - 12
  - - 1293
    - 10
  - - 1294
    - 13
  - - 1295
    - 5
  - - 1296
    - 9
  - - 1297
    - 4
  - - 1298
    - 4
  - - 1299
    - 10
  - - 1300
    - 7
  - - 1301
    - 4
  - - 1302
    - 7
  - - 1303
    - 6
  - - 1304
    - 7
  - - 1305
    - 5
  - - 1306
    - 13
  - - 1307
    - 8
  - - 1308
    - 14
  - - 1309
    - 4
  - - 1310
    - 7
  - - 1311
    - 8
  - - 1312
    - 7
  - - 1313
    - 7
  - - 1314
    - 9
  - - 1315
    - 8
  - - 1316
    - 10
  - - 1317
    - 4
  - - 1318
    - 6
  - - 1319
    - 8
  - - 1320
    - 9
  - - 1321
    - 11
  - - 1322
    - 11
  - - 1323
    - 7
  - - 1324
    - 8
  - - 1325
    - 3
  - - 1326
    - 12
  - - 1327
    - 16
  - - 1328
    - 10
  - - 1329
    - 6
  - - 1330
    - 9
  - - 1331
    - 6
  - - 1332
    - 15
  - - 1333
    - 9
  - - 1334
    - 10
  - - 1335
    - 7
  - - 1336
    - 11
  - - 1337
    - 6
  - - 1338
    - 13
  - - 1339
    - 17
  - - 1340
    - 15
  - - 1341
    - 18
  - - 1342
    - 8
  - - 1343
    - 10
  - - 1344
    - 8
  - - 1345
    - 3
  - - 1346
    - 14
  - - 1347
    - 8
  - - 1348
    - 6
  - - 1349
    - 7
  - - 1350
    - 6
  - - 1351
    - 8
  - - 1352
    - 6
  - - 1353
    - 6
  - - 1354
    - 4
  - - 1355
    - 2
  - - 1356
    - 9
  - - 1357
    - 11
  - - 1358
    - 7
  - - 1359
    - 8
  - - 1360
    - 12
  - - 1361
    - 8
  - - 1362
    - 10
  - - 1363
    - 6
  - - 1364
    - 13
  - - 1365
    - 16
  - - 1366
    - 7
  - - 1367
    - 9
  - - 1368
    - 11
  - - 1369
    - 18
  - - 1370
    - 10
  - - 1371
    - 7
  - - 1372
    - 10
  - - 1373
    - 10
  - - 1374
    - 8
  - - 1375
    - 7
  - - 1376
    - 8
  - - 1377
    - 8
  - - 1378
    - 24
  - - 1379
    - 9
  - - 1380
    - 10
  - - 1381
    - 14
  - - 1382
    - 9
  - - 1383
    - 8
  - - 1384
    - 5
  - - 1385
    - 5
  - - 1386
    - 7
  - - 1387
    - 4
  - - 1388
    - 8
  - - 1389
    - 4
  - - 1390
    - 9
  - - 1391
    - 12
  - - 1392
    - 13
  - - 1393
    - 11
  - - 1394
    - 10
  - - 1395
    - 10
  - - 1396
    - 14
  - - 1397
    - 6
  - - 1398
    - 4
  - - 1399
    - 5
  - - 1400
    - 9
  - - 1401
    - 8
  - - 1402
    - 5
  - - 1403
    - 8
  - - 1404
    - 7
  - - 1405
    - 7
  - - 1406
    - 2
  - - 1407
    - 3
  - - 1408
    - 3
  - - 1409
    - 5
  - - 1410
    - 4
  - - 1411
    - 6
  - - 1412
    - 8
  - - 1413
    - 8
  - - 1414
    - 4
  - - 1415
    - 5
  - - 1416
    - 8
  - - 1417
    - 4
  - - 1418
    - 9
  - - 1419
    - 6
  - - 1420
    - 7
  - - 1421
    - 7
  - - 1422
    - 4
  - - 1423
    - 6
  - - 1424
    - 4
  - - 1425
    - 9
  - - 1426
    - 7
  - - 1427
    - 6
  - - 1428
    - 3
  - - 1429
    - 2
  - - 1430
    - 5
  - - 1431
    - 3
  - - 1432
    - 3
  - - 1434
    - 2
  - - 1435
    - 3
  - - 1436
    - 7
  - - 1437
    - 5
  - - 1438
    - 1
  - - 1439
    - 2
  - - 1440
    - 3
  - - 1441
    - 5
  - - 1442
    - 6
  - - 1443
    - 5
  - - 1444
    - 5
  - - 1445
    - 7
  - - 1446
    - 9
  - - 1447
    - 5
  - - 1448
    - 4
  - - 1449
    - 6
  - - 1450
    - 5
  - - 1451
    - 1
  - - 1452
    - 6
  - - 1453
    - 1
  - - 1454
    - 3
  - - 1455
    - 5
  - - 1456
    - 3
  - - 1457
    - 6
  - - 1458
    - 2
  - - 1459
    - 3
  - - 1460
    - 1
  - - 1462
    - 4
  - - 1463
    - 1
  - - 1464
    - 2
  - - 1465
    - 6
  - - 1466
    - 6
  - - 1467
    - 7
  - - 1468
    - 6
  - - 1469
    - 3
  - - 1470
    - 6
  - - 1471
    - 5
  - - 1472
    - 5
  - - 1473
    - 8
  - - 1474
    - 6
  - - 1475
    - 8
  - - 1476
    - 1
  - - 1477
    - 4
  - - 1478
    - 2
  - - 1479
    - 1
  - - 1480
    - 2
  - - 1481
    - 1
  - - 1482
    - 7
  - - 1483
    - 5
  - - 1484
    - 9
  - - 1485
    - 6
  - - 1486
    - 5
  - - 1487
    - 11
  - - 1488
    - 2
  - - 1489
    - 2
  - - 1490
    - 6
  - - 1491
    - 4
  - - 1492
    - 3
  - - 1493
    - 6
  - - 1494
    - 3
  - - 1495
    - 3
  - - 1496
    - 5
  - - 1497
    - 7
  - - 1498
    - 5
  - - 1499
    - 8
  - - 1500
    - 2
  - - 1501
    - 5
  - - 1502
    - 10
  - - 1503
    - 5
  - - 1504
    - 5
  - - 1505
    - 9
  - - 1506
    - 4
  - - 1507
    - 6
  - - 1508
    - 5
  - - 1509
    - 2
  - - 1510
    - 5
  - - 1511
    - 6
  - - 1512
    - 1
  - - 1513
    - 4
  - - 1514
    - 4
  - - 1515
    - 1
  - - 1516
    - 3
  - - 1517
    - 7
  - - 1518
    - 5
  - - 1519
    - 10
  - - 1520
    - 6
  - - 1521
    - 4
  - - 1522
    - 1
  - - 1523
    - 7
  - - 1524
    - 3
  - - 1525
    - 1
  - - 1526
    - 2
  - - 1527
    - 2
  - - 1528
    - 3
  - - 1529
    - 1
  - - 1530
    - 10
  - - 1531
    - 3
  - - 1532
    - 8
  - - 1533
    - 5
  - - 1534
    - 7
  - - 1535
    - 1
  - - 1536
    - 4
  - - 1537
    - 8
  - - 1538
    - 5
  - - 1539
    - 9
  - - 1540
    - 2
  - - 1541
    - 2
  - - 1542
    - 2
  - - 1543
    - 1
  - - 1544
    - 2
  - - 1545
    - 3
  - - 1546
    - 2
  - - 1547
    - 2
  - - 1548
    - 4
  - - 1549
    - 2
  - - 1550
    - 7
  - - 1551
    - 3
  - - 1552
    - 11
  - - 1553
    - 3
  - - 1555
    - 5
  - - 1556
    - 2
  - - 1557
    - 4
  - - 1558
    - 1
  - - 1559
    - 4
  - - 1560
    - 5
  - - 1561
    - 7
  - - 1562
    - 8
  - - 1563
    - 2
  - - 1564
    - 2
  - - 1565
    - 3
  - - 1566
    - 1
  - - 1567
    - 2
  - - 1568
    - 4
  - - 1569
    - 2
  - - 1570
    - 2
  - - 1572
    - 1
  - - 1573
    - 4
  - - 1574
    - 2
  - - 1575
    - 1
  - - 1576
    - 2
  - - 1577
    - 2
  - - 1579
    - 2
  - - 1580
    - 3
  - - 1581
    - 1
  - - 1582
    - 1
  - - 1583
    - 1
  - - 1584
    - 1
  - - 1585
    - 2
  - - 1586
    - 3
  - - 1588
    - 1
  - - 1589
    - 5
  - - 1590
    - 7
  - - 1591
    - 2
  - - 1592
    - 2
  - - 1593
    - 3
  - - 1595
    - 4
  - - 1596
    - 2
  - - 1597
    - 2
  - - 1600
    - 3
  - - 1601
    - 1
  - - 1602
    - 5
  - - 1604
    - 2
  - - 1606
    - 2
  - - 1607
    - 2
  - - 1609
    - 1
  - - 1610
    - 2
  - - 1611
    - 2
  - - 1612
    - 3
  - - 1613
    - 1
  - - 1614
    - 3
  - - 1615
    - 1
  - - 1616
    - 2
  - - 1617
    - 2
  - - 1618
    - 3
  - - 1619
    - 2
  - - 1620
    - 1
  - - 1621
    - 3
  - - 1622
    - 3
  - - 1623
    - 1
  - - 1624
    - 4
  - - 1625
    - 1
  - - 1626
    - 1
  - - 1627
    - 1
  - - 1628
    - 1
  - - 1629
    - 2
  - - 1631
    - 2
  - - 1632
    - 1
  - - 1633
    - 2
  - - 1634
    - 4
  - - 1635
    - 2
  - - 1636
    - 4
  - - 1637
    - 1
  - - 1638
    - 2
  - - 1639
    - 2
  - - 1640
    - 8
  - - 1641
    - 5
  - - 1643
    - 5
  - - 1644
    - 4
  - - 1645
    - 1
  - - 1647
    - 5
  - - 1649
    - 2
  - - 1650
    - 2
  - - 1651
    - 1
  - - 1652
    - 2
  - - 1654
    - 1
  - - 1656
    - 2
  - - 1657
    - 6
  - - 1658
    - 2
  - - 1659
    - 1
  - - 1660
    - 1
  - - 1661
    - 3
  - - 1662
    - 3
  - - 1663
    - 2
  - - 1665
    - 4
  - - 1666
    - 1
  - - 1667
    - 1
  - - 1668
    - 3
  - - 1669
    - 3
  - - 1672
    - 1
  - - 1673
    - 1
  - - 1674
    - 2
  - - 1675
    - 1
  - - 1676
    - 1
  - - 1677
    - 2
  - - 1678
    - 2
  - - 1679
    - 4
  - - 1680
    - 2
  - - 1682
    - 1
  - - 1683
    - 1
  - - 1685
    - 2
  - - 1686
    - 1
  - - 1687
    - 1
  - - 1689
    - 2
  - - 1690
    - 1
  - - 1691
    - 1
  - - 1692
    - 4
  - - 1693
    - 3
  - - 1694
    - 2
  - - 1695
    - 1
  - - 1698
    - 2
  - - 1706
    - 2
  - - 1714
    - 1
  - - 1724
    - 1
  - - 1727
    - 1
  - - 1728
    - 1
  - - 1729
    - 2
  - - 1744
    - 1
  - - 1745
    - 2
  - - 1749
    - 1
  - - 1753
    - 1
  - - 1755
    - 2
  - - 1758
    - 1
  - - 1763
    - 1
  - - 1768
    - 1
  - - 1770
    - 1
  - - 1771
    - 1
  - - 1772
    - 1
  - - 1773
    - 2
  - - 1776
    - 2
  - - 1779
    - 1
  - - 1782
    - 2
  - - 1786
    - 1
  - - 1792
    - 1
  - - 1801
    - 1
  - - 1802
    - 1
  - - 1810
    - 1
  - - 1814
    - 1
  - - 1831
    - 1
  - - 1851
    - 1
  - - 1855
    - 1
  - - 1861
    - 1
  - - 1863
    - 1
  - - 1864
    - 1
  - - 1867
    - 1
  - - 1882
    - 1
  - - 1911
    - 1
  - - 1942
    - 1
  - - 4999
    - 1
  latency_50_percentile: 762.0
  latency_95_percentile: 1302.0
  latency_99_5_percentile: 1618.0
  latency_99_percentile: 1539.0
  max_kubedns_cpu: 946
  max_kubedns_memory: 27
  max_latency: 1.942533
  max_perfserver_cpu: 0
  max_perfserver_memory: 0
  min_latency: 0.052049
  msg: null
  ok: true
  qps: 127.99894
  queries_completed: 38406
  queries_lost: 1
  queries_sent: 38407
  run_time: 300.04936
  stddev_latency: 0.288536
params:
  max_qps: null
  pod_name: dns-perf-client-858fb7568b-j6d6v
  query_file: all-queries.txt
  run_id: 1777676470
  run_length_seconds: 300
  run_subid: 0
stderr:
- ''
stdout:
- DNS Performance Testing Tool
- Nominum Version 2.1.0.0
- ''
- '[Status] Command line: dnsperf -s 10.0.0.10 -l 300 -d /queries/all-queries.txt'
- '[Status] Sending queries (to 10.0.0.10)'
- '[Status] Started at: Fri May  1 23:01:43 2026'
- '[Status] Stopping after 300.000000 seconds'
- '[Timeout] Query timed out: msg id 33174'
- '[Status] Testing complete (time limit)'
- ''
- 'Statistics:'
- ''
- '  Queries sent:         38407'
- '  Queries completed:    38406 (100.00%)'
- '  Queries lost:         1 (0.00%)'
- ''
- '  Response codes:       NOERROR 4608 (12.00%), NXDOMAIN 33798 (88.00%)'
- '  Average packet size:  request 38, response 122'
- '  Run time (s):         300.049360'
- '  Queries per second:   127.998940'
- ''
- '  Average Latency (s):  0.780673 (min 0.052049, max 1.942533)'
- '  Latency StdDev (s):   0.288536'
- ''
- '  Latency histogram'
- '#histogram 0 0'
- '#histogram 52 2'
- '#histogram 54 3'
- '#histogram 55 4'
- '#histogram 64 1'
- '#histogram 74 2'
- '#histogram 99 2'
- '#histogram 100 1'
- '#histogram 117 1'
- '#histogram 119 1'
- '#histogram 120 1'
- '#histogram 121 1'
- '#histogram 125 2'
- '#histogram 126 1'
- '#histogram 128 4'
- '#histogram 129 2'
- '#histogram 130 1'
- '#histogram 132 2'
- '#histogram 133 2'
- '#histogram 134 1'
- '#histogram 136 2'
- '#histogram 137 1'
- '#histogram 138 4'
- '#histogram 139 4'
- '#histogram 140 2'
- '#histogram 141 1'
- '#histogram 142 5'
- '#histogram 143 1'
- '#histogram 145 1'
- '#histogram 150 1'
- '#histogram 152 1'
- '#histogram 153 1'
- '#histogram 154 1'
- '#histogram 155 4'
- '#histogram 157 2'
- '#histogram 158 1'
- '#histogram 159 2'
- '#histogram 160 4'
- '#histogram 161 1'
- '#histogram 162 1'
- '#histogram 164 1'
- '#histogram 166 3'
- '#histogram 168 1'
- '#histogram 169 3'
- '#histogram 171 1'
- '#histogram 172 1'
- '#histogram 175 3'
- '#histogram 176 2'
- '#histogram 177 3'
- '#histogram 178 3'
- '#histogram 179 1'
- '#histogram 180 7'
- '#histogram 181 3'
- '#histogram 182 4'
- '#histogram 183 2'
- '#histogram 184 1'
- '#histogram 186 3'
- '#histogram 188 1'
- '#histogram 189 6'
- '#histogram 190 3'
- '#histogram 191 4'
- '#histogram 192 3'
- '#histogram 193 7'
- '#histogram 194 3'
- '#histogram 195 2'
- '#histogram 196 1'
- '#histogram 197 1'
- '#histogram 198 4'
- '#histogram 199 2'
- '#histogram 200 5'
- '#histogram 201 6'
- '#histogram 202 4'
- '#histogram 203 1'
- '#histogram 204 9'
- '#histogram 205 4'
- '#histogram 206 5'
- '#histogram 207 6'
- '#histogram 208 5'
- '#histogram 209 6'
- '#histogram 210 2'
- '#histogram 211 5'
- '#histogram 212 5'
- '#histogram 213 5'
- '#histogram 214 3'
- '#histogram 215 4'
- '#histogram 216 2'
- '#histogram 217 8'
- '#histogram 218 7'
- '#histogram 219 5'
- '#histogram 220 11'
- '#histogram 221 8'
- '#histogram 222 10'
- '#histogram 223 4'
- '#histogram 224 21'
- '#histogram 225 11'
- '#histogram 226 10'
- '#histogram 227 14'
- '#histogram 228 8'
- '#histogram 229 8'
- '#histogram 230 9'
- '#histogram 231 10'
- '#histogram 232 7'
- '#histogram 233 7'
- '#histogram 234 5'
- '#histogram 235 11'
- '#histogram 236 15'
- '#histogram 237 17'
- '#histogram 238 6'
- '#histogram 239 12'
- '#histogram 240 12'
- '#histogram 241 16'
- '#histogram 242 16'
- '#histogram 243 6'
- '#histogram 244 10'
- '#histogram 245 10'
- '#histogram 246 10'
- '#histogram 247 9'
- '#histogram 248 6'
- '#histogram 249 17'
- '#histogram 250 14'
- '#histogram 251 9'
- '#histogram 252 10'
- '#histogram 253 14'
- '#histogram 254 12'
- '#histogram 255 9'
- '#histogram 256 15'
- '#histogram 257 10'
- '#histogram 258 14'
- '#histogram 259 7'
- '#histogram 260 13'
- '#histogram 261 13'
- '#histogram 262 9'
- '#histogram 263 16'
- '#histogram 264 14'
- '#histogram 265 8'
- '#histogram 266 9'
- '#histogram 267 17'
- '#histogram 268 16'
- '#histogram 269 10'
- '#histogram 270 12'
- '#histogram 271 17'
- '#histogram 272 12'
- '#histogram 273 14'
- '#histogram 274 17'
- '#histogram 275 15'
- '#histogram 276 23'
- '#histogram 277 12'
- '#histogram 278 11'
- '#histogram 279 8'
- '#histogram 280 11'
- '#histogram 281 10'
- '#histogram 282 17'
- '#histogram 283 16'
- '#histogram 284 8'
- '#histogram 285 18'
- '#histogram 286 16'
- '#histogram 287 22'
- '#histogram 288 24'
- '#histogram 289 12'
- '#histogram 290 21'
- '#histogram 291 17'
- '#histogram 292 8'
- '#histogram 293 16'
- '#histogram 294 11'
- '#histogram 295 10'
- '#histogram 296 21'
- '#histogram 297 23'
- '#histogram 298 14'
- '#histogram 299 21'
- '#histogram 300 11'
- '#histogram 301 18'
- '#histogram 302 17'
- '#histogram 303 14'
- '#histogram 304 17'
- '#histogram 305 18'
- '#histogram 306 11'
- '#histogram 307 7'
- '#histogram 308 10'
- '#histogram 309 19'
- '#histogram 310 9'
- '#histogram 311 17'
- '#histogram 312 20'
- '#histogram 313 11'
- '#histogram 314 19'
- '#histogram 315 22'
- '#histogram 316 13'
- '#histogram 317 14'
- '#histogram 318 19'
- '#histogram 319 18'
- '#histogram 320 11'
- '#histogram 321 13'
- '#histogram 322 23'
- '#histogram 323 18'
- '#histogram 324 12'
- '#histogram 325 14'
- '#histogram 326 13'
- '#histogram 327 12'
- '#histogram 328 10'
- '#histogram 329 15'
- '#histogram 330 20'
- '#histogram 331 24'
- '#histogram 332 19'
- '#histogram 333 16'
- '#histogram 334 11'
- '#histogram 335 10'
- '#histogram 336 14'
- '#histogram 337 14'
- '#histogram 338 10'
- '#histogram 339 13'
- '#histogram 340 12'
- '#histogram 341 11'
- '#histogram 342 9'
- '#histogram 343 23'
- '#histogram 344 21'
- '#histogram 345 17'
- '#histogram 346 20'
- '#histogram 347 19'
- '#histogram 348 14'
- '#histogram 349 16'
- '#histogram 350 17'
- '#histogram 351 40'
- '#histogram 352 24'
- '#histogram 353 23'
- '#histogram 354 21'
- '#histogram 355 17'
- '#histogram 356 29'
- '#histogram 357 17'
- '#histogram 358 21'
- '#histogram 359 20'
- '#histogram 360 17'
- '#histogram 361 21'
- '#histogram 362 26'
- '#histogram 363 27'
- '#histogram 364 21'
- '#histogram 365 14'
- '#histogram 366 26'
- '#histogram 367 20'
- '#histogram 368 24'
- '#histogram 369 22'
- '#histogram 370 21'
- '#histogram 371 20'
- '#histogram 372 20'
- '#histogram 373 29'
- '#histogram 374 24'
- '#histogram 375 21'
- '#histogram 376 21'
- '#histogram 377 28'
- '#histogram 378 23'
- '#histogram 379 26'
- '#histogram 380 27'
- '#histogram 381 34'
- '#histogram 382 40'
- '#histogram 383 43'
- '#histogram 384 33'
- '#histogram 385 39'
- '#histogram 386 28'
- '#histogram 387 41'
- '#histogram 388 30'
- '#histogram 389 32'
- '#histogram 390 36'
- '#histogram 391 28'
- '#histogram 392 29'
- '#histogram 393 34'
- '#histogram 394 24'
- '#histogram 395 22'
- '#histogram 396 21'
- '#histogram 397 20'
- '#histogram 398 29'
- '#histogram 399 18'
- '#histogram 400 36'
- '#histogram 401 30'
- '#histogram 402 26'
- '#histogram 403 34'
- '#histogram 404 17'
- '#histogram 405 24'
- '#histogram 406 25'
- '#histogram 407 24'
- '#histogram 408 27'
- '#histogram 409 29'
- '#histogram 410 24'
- '#histogram 411 18'
- '#histogram 412 28'
- '#histogram 413 27'
- '#histogram 414 25'
- '#histogram 415 18'
- '#histogram 416 41'
- '#histogram 417 23'
- '#histogram 418 27'
- '#histogram 419 33'
- '#histogram 420 23'
- '#histogram 421 34'
- '#histogram 422 37'
- '#histogram 423 53'
- '#histogram 424 30'
- '#histogram 425 24'
- '#histogram 426 30'
- '#histogram 427 52'
- '#histogram 428 30'
- '#histogram 429 39'
- '#histogram 430 42'
- '#histogram 431 45'
- '#histogram 432 38'
- '#histogram 433 37'
- '#histogram 434 37'
- '#histogram 435 35'
- '#histogram 436 49'
- '#histogram 437 34'
- '#histogram 438 37'
- '#histogram 439 22'
- '#histogram 440 40'
- '#histogram 441 31'
- '#histogram 442 26'
- '#histogram 443 31'
- '#histogram 444 38'
- '#histogram 445 19'
- '#histogram 446 37'
- '#histogram 447 27'
- '#histogram 448 24'
- '#histogram 449 40'
- '#histogram 450 33'
- '#histogram 451 34'
- '#histogram 452 42'
- '#histogram 453 32'
- '#histogram 454 37'
- '#histogram 455 35'
- '#histogram 456 43'
- '#histogram 457 51'
- '#histogram 458 26'
- '#histogram 459 23'
- '#histogram 460 32'
- '#histogram 461 36'
- '#histogram 462 37'
- '#histogram 463 46'
- '#histogram 464 33'
- '#histogram 465 41'
- '#histogram 466 43'
- '#histogram 467 40'
- '#histogram 468 37'
- '#histogram 469 53'
- '#histogram 470 39'
- '#histogram 471 37'
- '#histogram 472 35'
- '#histogram 473 39'
- '#histogram 474 29'
- '#histogram 475 31'
- '#histogram 476 44'
- '#histogram 477 46'
- '#histogram 478 44'
- '#histogram 479 23'
- '#histogram 480 40'
- '#histogram 481 38'
- '#histogram 482 42'
- '#histogram 483 36'
- '#histogram 484 39'
- '#histogram 485 37'
- '#histogram 486 31'
- '#histogram 487 33'
- '#histogram 488 50'
- '#histogram 489 48'
- '#histogram 490 52'
- '#histogram 491 62'
- '#histogram 492 50'
- '#histogram 493 44'
- '#histogram 494 39'
- '#histogram 495 43'
- '#histogram 496 52'
- '#histogram 497 35'
- '#histogram 498 39'
- '#histogram 499 48'
- '#histogram 500 34'
- '#histogram 501 31'
- '#histogram 502 29'
- '#histogram 503 37'
- '#histogram 504 35'
- '#histogram 505 37'
- '#histogram 506 27'
- '#histogram 507 31'
- '#histogram 508 38'
- '#histogram 509 36'
- '#histogram 510 39'
- '#histogram 511 55'
- '#histogram 512 49'
- '#histogram 513 42'
- '#histogram 514 45'
- '#histogram 515 38'
- '#histogram 516 44'
- '#histogram 517 39'
- '#histogram 518 30'
- '#histogram 519 40'
- '#histogram 520 33'
- '#histogram 521 41'
- '#histogram 522 27'
- '#histogram 523 31'
- '#histogram 524 39'
- '#histogram 525 36'
- '#histogram 526 32'
- '#histogram 527 44'
- '#histogram 528 42'
- '#histogram 529 44'
- '#histogram 530 39'
- '#histogram 531 38'
- '#histogram 532 28'
- '#histogram 533 35'
- '#histogram 534 32'
- '#histogram 535 29'
- '#histogram 536 38'
- '#histogram 537 49'
- '#histogram 538 44'
- '#histogram 539 40'
- '#histogram 540 39'
- '#histogram 541 47'
- '#histogram 542 42'
- '#histogram 543 29'
- '#histogram 544 45'
- '#histogram 545 34'
- '#histogram 546 44'
- '#histogram 547 29'
- '#histogram 548 31'
- '#histogram 549 29'
- '#histogram 550 40'
- '#histogram 551 38'
- '#histogram 552 38'
- '#histogram 553 58'
- '#histogram 554 29'
- '#histogram 555 41'
- '#histogram 556 37'
- '#histogram 557 35'
- '#histogram 558 36'
- '#histogram 559 46'
- '#histogram 560 43'
- '#histogram 561 49'
- '#histogram 562 40'
- '#histogram 563 41'
- '#histogram 564 44'
- '#histogram 565 39'
- '#histogram 566 44'
- '#histogram 567 40'
- '#histogram 568 42'
- '#histogram 569 34'
- '#histogram 570 36'
- '#histogram 571 41'
- '#histogram 572 43'
- '#histogram 573 35'
- '#histogram 574 37'
- '#histogram 575 33'
- '#histogram 576 40'
- '#histogram 577 38'
- '#histogram 578 44'
- '#histogram 579 38'
- '#histogram 580 30'
- '#histogram 581 34'
- '#histogram 582 36'
- '#histogram 583 40'
- '#histogram 584 48'
- '#histogram 585 43'
- '#histogram 586 30'
- '#histogram 587 41'
- '#histogram 588 51'
- '#histogram 589 46'
- '#histogram 590 37'
- '#histogram 591 41'
- '#histogram 592 51'
- '#histogram 593 45'
- '#histogram 594 41'
- '#histogram 595 35'
- '#histogram 596 49'
- '#histogram 597 39'
- '#histogram 598 38'
- '#histogram 599 29'
- '#histogram 600 46'
- '#histogram 601 38'
- '#histogram 602 36'
- '#histogram 603 42'
- '#histogram 604 55'
- '#histogram 605 40'
- '#histogram 606 48'
- '#histogram 607 25'
- '#histogram 608 49'
- '#histogram 609 50'
- '#histogram 610 44'
- '#histogram 611 46'
- '#histogram 612 42'
- '#histogram 613 48'
- '#histogram 614 31'
- '#histogram 615 44'
- '#histogram 616 47'
- '#histogram 617 56'
- '#histogram 618 50'
- '#histogram 619 54'
- '#histogram 620 40'
- '#histogram 621 40'
- '#histogram 622 38'
- '#histogram 623 39'
- '#histogram 624 42'
- '#histogram 625 49'
- '#histogram 626 45'
- '#histogram 627 38'
- '#histogram 628 41'
- '#histogram 629 49'
- '#histogram 630 48'
- '#histogram 631 45'
- '#histogram 632 51'
- '#histogram 633 41'
- '#histogram 634 50'
- '#histogram 635 37'
- '#histogram 636 56'
- '#histogram 637 40'
- '#histogram 638 54'
- '#histogram 639 51'
- '#histogram 640 54'
- '#histogram 641 57'
- '#histogram 642 55'
- '#histogram 643 54'
- '#histogram 644 54'
- '#histogram 645 54'
- '#histogram 646 36'
- '#histogram 647 48'
- '#histogram 648 56'
- '#histogram 649 48'
- '#histogram 650 43'
- '#histogram 651 57'
- '#histogram 652 40'
- '#histogram 653 49'
- '#histogram 654 43'
- '#histogram 655 57'
- '#histogram 656 44'
- '#histogram 657 46'
- '#histogram 658 57'
- '#histogram 659 60'
- '#histogram 660 57'
- '#histogram 661 63'
- '#histogram 662 47'
- '#histogram 663 49'
- '#histogram 664 37'
- '#histogram 665 49'
- '#histogram 666 52'
- '#histogram 667 51'
- '#histogram 668 60'
- '#histogram 669 47'
- '#histogram 670 49'
- '#histogram 671 50'
- '#histogram 672 44'
- '#histogram 673 56'
- '#histogram 674 55'
- '#histogram 675 53'
- '#histogram 676 81'
- '#histogram 677 59'
- '#histogram 678 59'
- '#histogram 679 33'
- '#histogram 680 51'
- '#histogram 681 61'
- '#histogram 682 60'
- '#histogram 683 50'
- '#histogram 684 56'
- '#histogram 685 51'
- '#histogram 686 61'
- '#histogram 687 43'
- '#histogram 688 47'
- '#histogram 689 48'
- '#histogram 690 52'
- '#histogram 691 53'
- '#histogram 692 56'
- '#histogram 693 49'
- '#histogram 694 56'
- '#histogram 695 70'
- '#histogram 696 46'
- '#histogram 697 44'
- '#histogram 698 62'
- '#histogram 699 69'
- '#histogram 700 56'
- '#histogram 701 63'
- '#histogram 702 48'
- '#histogram 703 58'
- '#histogram 704 66'
- '#histogram 705 71'
- '#histogram 706 78'
- '#histogram 707 64'
- '#histogram 708 50'
- '#histogram 709 73'
- '#histogram 710 61'
- '#histogram 711 58'
- '#histogram 712 59'
- '#histogram 713 61'
- '#histogram 714 61'
- '#histogram 715 58'
- '#histogram 716 44'
- '#histogram 717 61'
- '#histogram 718 67'
- '#histogram 719 71'
- '#histogram 720 58'
- '#histogram 721 63'
- '#histogram 722 46'
- '#histogram 723 52'
- '#histogram 724 57'
- '#histogram 725 51'
- '#histogram 726 44'
- '#histogram 727 63'
- '#histogram 728 86'
- '#histogram 729 55'
- '#histogram 730 55'
- '#histogram 731 65'
- '#histogram 732 47'
- '#histogram 733 43'
- '#histogram 734 51'
- '#histogram 735 52'
- '#histogram 736 39'
- '#histogram 737 51'
- '#histogram 738 63'
- '#histogram 739 43'
- '#histogram 740 43'
- '#histogram 741 38'
- '#histogram 742 70'
- '#histogram 743 60'
- '#histogram 744 45'
- '#histogram 745 46'
- '#histogram 746 56'
- '#histogram 747 79'
- '#histogram 748 51'
- '#histogram 749 63'
- '#histogram 750 38'
- '#histogram 751 58'
- '#histogram 752 53'
- '#histogram 753 58'
- '#histogram 754 43'
- '#histogram 755 47'
- '#histogram 756 61'
- '#histogram 757 54'
- '#histogram 758 62'
- '#histogram 759 65'
- '#histogram 760 65'
- '#histogram 761 38'
- '#histogram 762 54'
- '#histogram 763 56'
- '#histogram 764 55'
- '#histogram 765 62'
- '#histogram 766 54'
- '#histogram 767 43'
- '#histogram 768 68'
- '#histogram 769 59'
- '#histogram 770 67'
- '#histogram 771 62'
- '#histogram 772 60'
- '#histogram 773 46'
- '#histogram 774 48'
- '#histogram 775 57'
- '#histogram 776 55'
- '#histogram 777 39'
- '#histogram 778 38'
- '#histogram 779 37'
- '#histogram 780 69'
- '#histogram 781 42'
- '#histogram 782 55'
- '#histogram 783 52'
- '#histogram 784 72'
- '#histogram 785 65'
- '#histogram 786 48'
- '#histogram 787 49'
- '#histogram 788 67'
- '#histogram 789 58'
- '#histogram 790 50'
- '#histogram 791 49'
- '#histogram 792 76'
- '#histogram 793 73'
- '#histogram 794 65'
- '#histogram 795 77'
- '#histogram 796 52'
- '#histogram 797 48'
- '#histogram 798 46'
- '#histogram 799 63'
- '#histogram 800 58'
- '#histogram 801 46'
- '#histogram 802 47'
- '#histogram 803 48'
- '#histogram 804 62'
- '#histogram 805 55'
- '#histogram 806 54'
- '#histogram 807 51'
- '#histogram 808 38'
- '#histogram 809 52'
- '#histogram 810 42'
- '#histogram 811 34'
- '#histogram 812 38'
- '#histogram 813 47'
- '#histogram 814 55'
- '#histogram 815 55'
- '#histogram 816 45'
- '#histogram 817 63'
- '#histogram 818 55'
- '#histogram 819 56'
- '#histogram 820 62'
- '#histogram 821 60'
- '#histogram 822 35'
- '#histogram 823 46'
- '#histogram 824 56'
- '#histogram 825 40'
- '#histogram 826 51'
- '#histogram 827 52'
- '#histogram 828 38'
- '#histogram 829 58'
- '#histogram 830 47'
- '#histogram 831 54'
- '#histogram 832 52'
- '#histogram 833 60'
- '#histogram 834 75'
- '#histogram 835 63'
- '#histogram 836 45'
- '#histogram 837 55'
- '#histogram 838 49'
- '#histogram 839 52'
- '#histogram 840 63'
- '#histogram 841 51'
- '#histogram 842 56'
- '#histogram 843 55'
- '#histogram 844 48'
- '#histogram 845 47'
- '#histogram 846 46'
- '#histogram 847 47'
- '#histogram 848 55'
- '#histogram 849 52'
- '#histogram 850 51'
- '#histogram 851 50'
- '#histogram 852 59'
- '#histogram 853 43'
- '#histogram 854 33'
- '#histogram 855 46'
- '#histogram 856 51'
- '#histogram 857 45'
- '#histogram 858 49'
- '#histogram 859 49'
- '#histogram 860 54'
- '#histogram 861 43'
- '#histogram 862 40'
- '#histogram 863 43'
- '#histogram 864 62'
- '#histogram 865 37'
- '#histogram 866 29'
- '#histogram 867 47'
- '#histogram 868 34'
- '#histogram 869 53'
- '#histogram 870 50'
- '#histogram 871 64'
- '#histogram 872 56'
- '#histogram 873 44'
- '#histogram 874 56'
- '#histogram 875 50'
- '#histogram 876 42'
- '#histogram 877 53'
- '#histogram 878 40'
- '#histogram 879 41'
- '#histogram 880 49'
- '#histogram 881 48'
- '#histogram 882 52'
- '#histogram 883 47'
- '#histogram 884 38'
- '#histogram 885 51'
- '#histogram 886 54'
- '#histogram 887 48'
- '#histogram 888 44'
- '#histogram 889 44'
- '#histogram 890 29'
- '#histogram 891 53'
- '#histogram 892 40'
- '#histogram 893 33'
- '#histogram 894 55'
- '#histogram 895 55'
- '#histogram 896 33'
- '#histogram 897 47'
- '#histogram 898 54'
- '#histogram 899 48'
- '#histogram 900 44'
- '#histogram 901 52'
- '#histogram 902 40'
- '#histogram 903 49'
- '#histogram 904 46'
- '#histogram 905 45'
- '#histogram 906 78'
- '#histogram 907 47'
- '#histogram 908 45'
- '#histogram 909 41'
- '#histogram 910 48'
- '#histogram 911 46'
- '#histogram 912 44'
- '#histogram 913 62'
- '#histogram 914 63'
- '#histogram 915 52'
- '#histogram 916 41'
- '#histogram 917 36'
- '#histogram 918 43'
- '#histogram 919 53'
- '#histogram 920 53'
- '#histogram 921 42'
- '#histogram 922 51'
- '#histogram 923 24'
- '#histogram 924 35'
- '#histogram 925 42'
- '#histogram 926 29'
- '#histogram 927 37'
- '#histogram 928 44'
- '#histogram 929 55'
- '#histogram 930 63'
- '#histogram 931 53'
- '#histogram 932 46'
- '#histogram 933 51'
- '#histogram 934 38'
- '#histogram 935 35'
- '#histogram 936 41'
- '#histogram 937 34'
- '#histogram 938 50'
- '#histogram 939 49'
- '#histogram 940 33'
- '#histogram 941 36'
- '#histogram 942 46'
- '#histogram 943 50'
- '#histogram 944 31'
- '#histogram 945 53'
- '#histogram 946 43'
- '#histogram 947 37'
- '#histogram 948 35'
- '#histogram 949 43'
- '#histogram 950 41'
- '#histogram 951 38'
- '#histogram 952 39'
- '#histogram 953 39'
- '#histogram 954 37'
- '#histogram 955 37'
- '#histogram 956 56'
- '#histogram 957 34'
- '#histogram 958 52'
- '#histogram 959 58'
- '#histogram 960 47'
- '#histogram 961 48'
- '#histogram 962 46'
- '#histogram 963 47'
- '#histogram 964 32'
- '#histogram 965 51'
- '#histogram 966 34'
- '#histogram 967 47'
- '#histogram 968 40'
- '#histogram 969 38'
- '#histogram 970 49'
- '#histogram 971 29'
- '#histogram 972 22'
- '#histogram 973 36'
- '#histogram 974 27'
- '#histogram 975 40'
- '#histogram 976 23'
- '#histogram 977 31'
- '#histogram 978 36'
- '#histogram 979 35'
- '#histogram 980 29'
- '#histogram 981 29'
- '#histogram 982 37'
- '#histogram 983 35'
- '#histogram 984 36'
- '#histogram 985 45'
- '#histogram 986 26'
- '#histogram 987 33'
- '#histogram 988 31'
- '#histogram 989 26'
- '#histogram 990 39'
- '#histogram 991 28'
- '#histogram 992 33'
- '#histogram 993 35'
- '#histogram 994 34'
- '#histogram 995 43'
- '#histogram 996 37'
- '#histogram 997 39'
- '#histogram 998 39'
- '#histogram 999 39'
- '#histogram 1000 23'
- '#histogram 1001 24'
- '#histogram 1002 34'
- '#histogram 1003 30'
- '#histogram 1004 35'
- '#histogram 1005 40'
- '#histogram 1006 34'
- '#histogram 1007 36'
- '#histogram 1008 29'
- '#histogram 1009 28'
- '#histogram 1010 28'
- '#histogram 1011 30'
- '#histogram 1012 34'
- '#histogram 1013 48'
- '#histogram 1014 23'
- '#histogram 1015 15'
- '#histogram 1016 31'
- '#histogram 1017 33'
- '#histogram 1018 30'
- '#histogram 1019 38'
- '#histogram 1020 30'
- '#histogram 1021 24'
- '#histogram 1022 29'
- '#histogram 1023 33'
- '#histogram 1024 31'
- '#histogram 1025 31'
- '#histogram 1026 42'
- '#histogram 1027 31'
- '#histogram 1028 17'
- '#histogram 1029 33'
- '#histogram 1030 37'
- '#histogram 1031 46'
- '#histogram 1032 29'
- '#histogram 1033 35'
- '#histogram 1034 30'
- '#histogram 1035 21'
- '#histogram 1036 29'
- '#histogram 1037 27'
- '#histogram 1038 28'
- '#histogram 1039 30'
- '#histogram 1040 30'
- '#histogram 1041 25'
- '#histogram 1042 36'
- '#histogram 1043 24'
- '#histogram 1044 15'
- '#histogram 1045 30'
- '#histogram 1046 28'
- '#histogram 1047 24'
- '#histogram 1048 37'
- '#histogram 1049 47'
- '#histogram 1050 28'
- '#histogram 1051 35'
- '#histogram 1052 23'
- '#histogram 1053 28'
- '#histogram 1054 28'
- '#histogram 1055 27'
- '#histogram 1056 25'
- '#histogram 1057 25'
- '#histogram 1058 32'
- '#histogram 1059 34'
- '#histogram 1060 27'
- '#histogram 1061 23'
- '#histogram 1062 24'
- '#histogram 1063 30'
- '#histogram 1064 31'
- '#histogram 1065 25'
- '#histogram 1066 30'
- '#histogram 1067 23'
- '#histogram 1068 22'
- '#histogram 1069 19'
- '#histogram 1070 26'
- '#histogram 1071 27'
- '#histogram 1072 28'
- '#histogram 1073 23'
- '#histogram 1074 28'
- '#histogram 1075 26'
- '#histogram 1076 35'
- '#histogram 1077 27'
- '#histogram 1078 23'
- '#histogram 1079 20'
- '#histogram 1080 23'
- '#histogram 1081 21'
- '#histogram 1082 19'
- '#histogram 1083 17'
- '#histogram 1084 33'
- '#histogram 1085 24'
- '#histogram 1086 21'
- '#histogram 1087 25'
- '#histogram 1088 19'
- '#histogram 1089 15'
- '#histogram 1090 22'
- '#histogram 1091 16'
- '#histogram 1092 22'
- '#histogram 1093 21'
- '#histogram 1094 19'
- '#histogram 1095 21'
- '#histogram 1096 30'
- '#histogram 1097 20'
- '#histogram 1098 21'
- '#histogram 1099 24'
- '#histogram 1100 26'
- '#histogram 1101 33'
- '#histogram 1102 24'
- '#histogram 1103 30'
- '#histogram 1104 22'
- '#histogram 1105 29'
- '#histogram 1106 40'
- '#histogram 1107 29'
- '#histogram 1108 25'
- '#histogram 1109 24'
- '#histogram 1110 24'
- '#histogram 1111 14'
- '#histogram 1112 18'
- '#histogram 1113 27'
- '#histogram 1114 27'
- '#histogram 1115 20'
- '#histogram 1116 29'
- '#histogram 1117 26'
- '#histogram 1118 19'
- '#histogram 1119 19'
- '#histogram 1120 18'
- '#histogram 1121 22'
- '#histogram 1122 28'
- '#histogram 1123 28'
- '#histogram 1124 21'
- '#histogram 1125 26'
- '#histogram 1126 29'
- '#histogram 1127 44'
- '#histogram 1128 16'
- '#histogram 1129 10'
- '#histogram 1130 17'
- '#histogram 1131 22'
- '#histogram 1132 30'
- '#histogram 1133 10'
- '#histogram 1134 17'
- '#histogram 1135 25'
- '#histogram 1136 30'
- '#histogram 1137 25'
- '#histogram 1138 18'
- '#histogram 1139 26'
- '#histogram 1140 12'
- '#histogram 1141 15'
- '#histogram 1142 21'
- '#histogram 1143 18'
- '#histogram 1144 17'
- '#histogram 1145 9'
- '#histogram 1146 18'
- '#histogram 1147 17'
- '#histogram 1148 14'
- '#histogram 1149 17'
- '#histogram 1150 20'
- '#histogram 1151 19'
- '#histogram 1152 16'
- '#histogram 1153 16'
- '#histogram 1154 20'
- '#histogram 1155 17'
- '#histogram 1156 19'
- '#histogram 1157 18'
- '#histogram 1158 19'
- '#histogram 1159 20'
- '#histogram 1160 22'
- '#histogram 1161 15'
- '#histogram 1162 15'
- '#histogram 1163 21'
- '#histogram 1164 17'
- '#histogram 1165 16'
- '#histogram 1166 19'
- '#histogram 1167 23'
- '#histogram 1168 22'
- '#histogram 1169 18'
- '#histogram 1170 21'
- '#histogram 1171 9'
- '#histogram 1172 16'
- '#histogram 1173 19'
- '#histogram 1174 16'
- '#histogram 1175 29'
- '#histogram 1176 21'
- '#histogram 1177 20'
- '#histogram 1178 22'
- '#histogram 1179 15'
- '#histogram 1180 14'
- '#histogram 1181 10'
- '#histogram 1182 13'
- '#histogram 1183 21'
- '#histogram 1184 23'
- '#histogram 1185 21'
- '#histogram 1186 12'
- '#histogram 1187 14'
- '#histogram 1188 22'
- '#histogram 1189 18'
- '#histogram 1190 14'
- '#histogram 1191 15'
- '#histogram 1192 8'
- '#histogram 1193 17'
- '#histogram 1194 23'
- '#histogram 1195 9'
- '#histogram 1196 23'
- '#histogram 1197 24'
- '#histogram 1198 18'
- '#histogram 1199 21'
- '#histogram 1200 20'
- '#histogram 1201 14'
- '#histogram 1202 20'
- '#histogram 1203 21'
- '#histogram 1204 31'
- '#histogram 1205 19'
- '#histogram 1206 16'
- '#histogram 1207 19'
- '#histogram 1208 18'
- '#histogram 1209 20'
- '#histogram 1210 18'
- '#histogram 1211 17'
- '#histogram 1212 19'
- '#histogram 1213 16'
- '#histogram 1214 8'
- '#histogram 1215 21'
- '#histogram 1216 15'
- '#histogram 1217 12'
- '#histogram 1218 13'
- '#histogram 1219 10'
- '#histogram 1220 11'
- '#histogram 1221 21'
- '#histogram 1222 12'
- '#histogram 1223 30'
- '#histogram 1224 14'
- '#histogram 1225 13'
- '#histogram 1226 7'
- '#histogram 1227 13'
- '#histogram 1228 8'
- '#histogram 1229 10'
- '#histogram 1230 19'
- '#histogram 1231 15'
- '#histogram 1232 18'
- '#histogram 1233 16'
- '#histogram 1234 17'
- '#histogram 1235 16'
- '#histogram 1236 17'
- '#histogram 1237 14'
- '#histogram 1238 12'
- '#histogram 1239 20'
- '#histogram 1240 8'
- '#histogram 1241 15'
- '#histogram 1242 16'
- '#histogram 1243 14'
- '#histogram 1244 12'
- '#histogram 1245 23'
- '#histogram 1246 12'
- '#histogram 1247 11'
- '#histogram 1248 9'
- '#histogram 1249 10'
- '#histogram 1250 17'
- '#histogram 1251 15'
- '#histogram 1252 15'
- '#histogram 1253 8'
- '#histogram 1254 16'
- '#histogram 1255 19'
- '#histogram 1256 10'
- '#histogram 1257 12'
- '#histogram 1258 16'
- '#histogram 1259 17'
- '#histogram 1260 12'
- '#histogram 1261 18'
- '#histogram 1262 9'
- '#histogram 1263 9'
- '#histogram 1264 11'
- '#histogram 1265 14'
- '#histogram 1266 7'
- '#histogram 1267 12'
- '#histogram 1268 15'
- '#histogram 1269 13'
- '#histogram 1270 11'
- '#histogram 1271 12'
- '#histogram 1272 13'
- '#histogram 1273 12'
- '#histogram 1274 12'
- '#histogram 1275 9'
- '#histogram 1276 7'
- '#histogram 1277 16'
- '#histogram 1278 10'
- '#histogram 1279 7'
- '#histogram 1280 17'
- '#histogram 1281 5'
- '#histogram 1282 6'
- '#histogram 1283 11'
- '#histogram 1284 10'
- '#histogram 1285 12'
- '#histogram 1286 5'
- '#histogram 1287 16'
- '#histogram 1288 5'
- '#histogram 1289 11'
- '#histogram 1290 6'
- '#histogram 1291 6'
- '#histogram 1292 12'
- '#histogram 1293 10'
- '#histogram 1294 13'
- '#histogram 1295 5'
- '#histogram 1296 9'
- '#histogram 1297 4'
- '#histogram 1298 4'
- '#histogram 1299 10'
- '#histogram 1300 7'
- '#histogram 1301 4'
- '#histogram 1302 7'
- '#histogram 1303 6'
- '#histogram 1304 7'
- '#histogram 1305 5'
- '#histogram 1306 13'
- '#histogram 1307 8'
- '#histogram 1308 14'
- '#histogram 1309 4'
- '#histogram 1310 7'
- '#histogram 1311 8'
- '#histogram 1312 7'
- '#histogram 1313 7'
- '#histogram 1314 9'
- '#histogram 1315 8'
- '#histogram 1316 10'
- '#histogram 1317 4'
- '#histogram 1318 6'
- '#histogram 1319 8'
- '#histogram 1320 9'
- '#histogram 1321 11'
- '#histogram 1322 11'
- '#histogram 1323 7'
- '#histogram 1324 8'
- '#histogram 1325 3'
- '#histogram 1326 12'
- '#histogram 1327 16'
- '#histogram 1328 10'
- '#histogram 1329 6'
- '#histogram 1330 9'
- '#histogram 1331 6'
- '#histogram 1332 15'
- '#histogram 1333 9'
- '#histogram 1334 10'
- '#histogram 1335 7'
- '#histogram 1336 11'
- '#histogram 1337 6'
- '#histogram 1338 13'
- '#histogram 1339 17'
- '#histogram 1340 15'
- '#histogram 1341 18'
- '#histogram 1342 8'
- '#histogram 1343 10'
- '#histogram 1344 8'
- '#histogram 1345 3'
- '#histogram 1346 14'
- '#histogram 1347 8'
- '#histogram 1348 6'
- '#histogram 1349 7'
- '#histogram 1350 6'
- '#histogram 1351 8'
- '#histogram 1352 6'
- '#histogram 1353 6'
- '#histogram 1354 4'
- '#histogram 1355 2'
- '#histogram 1356 9'
- '#histogram 1357 11'
- '#histogram 1358 7'
- '#histogram 1359 8'
- '#histogram 1360 12'
- '#histogram 1361 8'
- '#histogram 1362 10'
- '#histogram 1363 6'
- '#histogram 1364 13'
- '#histogram 1365 16'
- '#histogram 1366 7'
- '#histogram 1367 9'
- '#histogram 1368 11'
- '#histogram 1369 18'
- '#histogram 1370 10'
- '#histogram 1371 7'
- '#histogram 1372 10'
- '#histogram 1373 10'
- '#histogram 1374 8'
- '#histogram 1375 7'
- '#histogram 1376 8'
- '#histogram 1377 8'
- '#histogram 1378 24'
- '#histogram 1379 9'
- '#histogram 1380 10'
- '#histogram 1381 14'
- '#histogram 1382 9'
- '#histogram 1383 8'
- '#histogram 1384 5'
- '#histogram 1385 5'
- '#histogram 1386 7'
- '#histogram 1387 4'
- '#histogram 1388 8'
- '#histogram 1389 4'
- '#histogram 1390 9'
- '#histogram 1391 12'
- '#histogram 1392 13'
- '#histogram 1393 11'
- '#histogram 1394 10'
- '#histogram 1395 10'
- '#histogram 1396 14'
- '#histogram 1397 6'
- '#histogram 1398 4'
- '#histogram 1399 5'
- '#histogram 1400 9'
- '#histogram 1401 8'
- '#histogram 1402 5'
- '#histogram 1403 8'
- '#histogram 1404 7'
- '#histogram 1405 7'
- '#histogram 1406 2'
- '#histogram 1407 3'
- '#histogram 1408 3'
- '#histogram 1409 5'
- '#histogram 1410 4'
- '#histogram 1411 6'
- '#histogram 1412 8'
- '#histogram 1413 8'
- '#histogram 1414 4'
- '#histogram 1415 5'
- '#histogram 1416 8'
- '#histogram 1417 4'
- '#histogram 1418 9'
- '#histogram 1419 6'
- '#histogram 1420 7'
- '#histogram 1421 7'
- '#histogram 1422 4'
- '#histogram 1423 6'
- '#histogram 1424 4'
- '#histogram 1425 9'
- '#histogram 1426 7'
- '#histogram 1427 6'
- '#histogram 1428 3'
- '#histogram 1429 2'
- '#histogram 1430 5'
- '#histogram 1431 3'
- '#histogram 1432 3'
- '#histogram 1434 2'
- '#histogram 1435 3'
- '#histogram 1436 7'
- '#histogram 1437 5'
- '#histogram 1438 1'
- '#histogram 1439 2'
- '#histogram 1440 3'
- '#histogram 1441 5'
- '#histogram 1442 6'
- '#histogram 1443 5'
- '#histogram 1444 5'
- '#histogram 1445 7'
- '#histogram 1446 9'
- '#histogram 1447 5'
- '#histogram 1448 4'
- '#histogram 1449 6'
- '#histogram 1450 5'
- '#histogram 1451 1'
- '#histogram 1452 6'
- '#histogram 1453 1'
- '#histogram 1454 3'
- '#histogram 1455 5'
- '#histogram 1456 3'
- '#histogram 1457 6'
- '#histogram 1458 2'
- '#histogram 1459 3'
- '#histogram 1460 1'
- '#histogram 1462 4'
- '#histogram 1463 1'
- '#histogram 1464 2'
- '#histogram 1465 6'
- '#histogram 1466 6'
- '#histogram 1467 7'
- '#histogram 1468 6'
- '#histogram 1469 3'
- '#histogram 1470 6'
- '#histogram 1471 5'
- '#histogram 1472 5'
- '#histogram 1473 8'
- '#histogram 1474 6'
- '#histogram 1475 8'
- '#histogram 1476 1'
- '#histogram 1477 4'
- '#histogram 1478 2'
- '#histogram 1479 1'
- '#histogram 1480 2'
- '#histogram 1481 1'
- '#histogram 1482 7'
- '#histogram 1483 5'
- '#histogram 1484 9'
- '#histogram 1485 6'
- '#histogram 1486 5'
- '#histogram 1487 11'
- '#histogram 1488 2'
- '#histogram 1489 2'
- '#histogram 1490 6'
- '#histogram 1491 4'
- '#histogram 1492 3'
- '#histogram 1493 6'
- '#histogram 1494 3'
- '#histogram 1495 3'
- '#histogram 1496 5'
- '#histogram 1497 7'
- '#histogram 1498 5'
- '#histogram 1499 8'
- '#histogram 1500 2'
- '#histogram 1501 5'
- '#histogram 1502 10'
- '#histogram 1503 5'
- '#histogram 1504 5'
- '#histogram 1505 9'
- '#histogram 1506 4'
- '#histogram 1507 6'
- '#histogram 1508 5'
- '#histogram 1509 2'
- '#histogram 1510 5'
- '#histogram 1511 6'
- '#histogram 1512 1'
- '#histogram 1513 4'
- '#histogram 1514 4'
- '#histogram 1515 1'
- '#histogram 1516 3'
- '#histogram 1517 7'
- '#histogram 1518 5'
- '#histogram 1519 10'
- '#histogram 1520 6'
- '#histogram 1521 4'
- '#histogram 1522 1'
- '#histogram 1523 7'
- '#histogram 1524 3'
- '#histogram 1525 1'
- '#histogram 1526 2'
- '#histogram 1527 2'
- '#histogram 1528 3'
- '#histogram 1529 1'
- '#histogram 1530 10'
- '#histogram 1531 3'
- '#histogram 1532 8'
- '#histogram 1533 5'
- '#histogram 1534 7'
- '#histogram 1535 1'
- '#histogram 1536 4'
- '#histogram 1537 8'
- '#histogram 1538 5'
- '#histogram 1539 9'
- '#histogram 1540 2'
- '#histogram 1541 2'
- '#histogram 1542 2'
- '#histogram 1543 1'
- '#histogram 1544 2'
- '#histogram 1545 3'
- '#histogram 1546 2'
- '#histogram 1547 2'
- '#histogram 1548 4'
- '#histogram 1549 2'
- '#histogram 1550 7'
- '#histogram 1551 3'
- '#histogram 1552 11'
- '#histogram 1553 3'
- '#histogram 1555 5'
- '#histogram 1556 2'
- '#histogram 1557 4'
- '#histogram 1558 1'
- '#histogram 1559 4'
- '#histogram 1560 5'
- '#histogram 1561 7'
- '#histogram 1562 8'
- '#histogram 1563 2'
- '#histogram 1564 2'
- '#histogram 1565 3'
- '#histogram 1566 1'
- '#histogram 1567 2'
- '#histogram 1568 4'
- '#histogram 1569 2'
- '#histogram 1570 2'
- '#histogram 1572 1'
- '#histogram 1573 4'
- '#histogram 1574 2'
- '#histogram 1575 1'
- '#histogram 1576 2'
- '#histogram 1577 2'
- '#histogram 1579 2'
- '#histogram 1580 3'
- '#histogram 1581 1'
- '#histogram 1582 1'
- '#histogram 1583 1'
- '#histogram 1584 1'
- '#histogram 1585 2'
- '#histogram 1586 3'
- '#histogram 1588 1'
- '#histogram 1589 5'
- '#histogram 1590 7'
- '#histogram 1591 2'
- '#histogram 1592 2'
- '#histogram 1593 3'
- '#histogram 1595 4'
- '#histogram 1596 2'
- '#histogram 1597 2'
- '#histogram 1600 3'
- '#histogram 1601 1'
- '#histogram 1602 5'
- '#histogram 1604 2'
- '#histogram 1606 2'
- '#histogram 1607 2'
- '#histogram 1609 1'
- '#histogram 1610 2'
- '#histogram 1611 2'
- '#histogram 1612 3'
- '#histogram 1613 1'
- '#histogram 1614 3'
- '#histogram 1615 1'
- '#histogram 1616 2'
- '#histogram 1617 2'
- '#histogram 1618 3'
- '#histogram 1619 2'
- '#histogram 1620 1'
- '#histogram 1621 3'
- '#histogram 1622 3'
- '#histogram 1623 1'
- '#histogram 1624 4'
- '#histogram 1625 1'
- '#histogram 1626 1'
- '#histogram 1627 1'
- '#histogram 1628 1'
- '#histogram 1629 2'
- '#histogram 1631 2'
- '#histogram 1632 1'
- '#histogram 1633 2'
- '#histogram 1634 4'
- '#histogram 1635 2'
- '#histogram 1636 4'
- '#histogram 1637 1'
- '#histogram 1638 2'
- '#histogram 1639 2'
- '#histogram 1640 8'
- '#histogram 1641 5'
- '#histogram 1643 5'
- '#histogram 1644 4'
- '#histogram 1645 1'
- '#histogram 1647 5'
- '#histogram 1649 2'
- '#histogram 1650 2'
- '#histogram 1651 1'
- '#histogram 1652 2'
- '#histogram 1654 1'
- '#histogram 1656 2'
- '#histogram 1657 6'
- '#histogram 1658 2'
- '#histogram 1659 1'
- '#histogram 1660 1'
- '#histogram 1661 3'
- '#histogram 1662 3'
- '#histogram 1663 2'
- '#histogram 1665 4'
- '#histogram 1666 1'
- '#histogram 1667 1'
- '#histogram 1668 3'
- '#histogram 1669 3'
- '#histogram 1672 1'
- '#histogram 1673 1'
- '#histogram 1674 2'
- '#histogram 1675 1'
- '#histogram 1676 1'
- '#histogram 1677 2'
- '#histogram 1678 2'
- '#histogram 1679 4'
- '#histogram 1680 2'
- '#histogram 1682 1'
- '#histogram 1683 1'
- '#histogram 1685 2'
- '#histogram 1686 1'
- '#histogram 1687 1'
- '#histogram 1689 2'
- '#histogram 1690 1'
- '#histogram 1691 1'
- '#histogram 1692 4'
- '#histogram 1693 3'
- '#histogram 1694 2'
- '#histogram 1695 1'
- '#histogram 1698 2'
- '#histogram 1706 2'
- '#histogram 1714 1'
- '#histogram 1724 1'
- '#histogram 1727 1'
- '#histogram 1728 1'
- '#histogram 1729 2'
- '#histogram 1744 1'
- '#histogram 1745 2'
- '#histogram 1749 1'
- '#histogram 1753 1'
- '#histogram 1755 2'
- '#histogram 1758 1'
- '#histogram 1763 1'
- '#histogram 1768 1'
- '#histogram 1770 1'
- '#histogram 1771 1'
- '#histogram 1772 1'
- '#histogram 1773 2'
- '#histogram 1776 2'
- '#histogram 1779 1'
- '#histogram 1782 2'
- '#histogram 1786 1'
- '#histogram 1792 1'
- '#histogram 1801 1'
- '#histogram 1802 1'
- '#histogram 1810 1'
- '#histogram 1814 1'
- '#histogram 1831 1'
- '#histogram 1851 1'
- '#histogram 1855 1'
- '#histogram 1861 1'
- '#histogram 1863 1'
- '#histogram 1864 1'
- '#histogram 1867 1'
- '#histogram 1882 1'
- '#histogram 1911 1'
- '#histogram 1942 1'
- '#histogram 4999 1'
- ''
