code: 0
data:
  avg_latency: 0.783287
  histogram:
  - - 0
    - 0
  - - 9
    - 2
  - - 10
    - 4
  - - 14
    - 1
  - - 16
    - 2
  - - 17
    - 2
  - - 23
    - 1
  - - 36
    - 1
  - - 39
    - 1
  - - 105
    - 2
  - - 110
    - 1
  - - 120
    - 1
  - - 128
    - 1
  - - 129
    - 3
  - - 130
    - 2
  - - 131
    - 3
  - - 132
    - 1
  - - 137
    - 1
  - - 140
    - 1
  - - 145
    - 2
  - - 146
    - 2
  - - 148
    - 1
  - - 151
    - 1
  - - 153
    - 2
  - - 159
    - 2
  - - 161
    - 1
  - - 165
    - 2
  - - 168
    - 1
  - - 169
    - 3
  - - 171
    - 1
  - - 175
    - 1
  - - 176
    - 2
  - - 177
    - 1
  - - 179
    - 2
  - - 180
    - 2
  - - 181
    - 1
  - - 182
    - 1
  - - 184
    - 5
  - - 185
    - 2
  - - 186
    - 1
  - - 187
    - 2
  - - 189
    - 1
  - - 190
    - 1
  - - 192
    - 1
  - - 193
    - 3
  - - 194
    - 1
  - - 195
    - 4
  - - 196
    - 1
  - - 197
    - 3
  - - 198
    - 10
  - - 199
    - 2
  - - 201
    - 3
  - - 202
    - 2
  - - 203
    - 1
  - - 204
    - 2
  - - 205
    - 1
  - - 206
    - 2
  - - 207
    - 1
  - - 208
    - 5
  - - 209
    - 5
  - - 211
    - 11
  - - 212
    - 5
  - - 213
    - 2
  - - 214
    - 2
  - - 215
    - 1
  - - 217
    - 3
  - - 220
    - 1
  - - 221
    - 3
  - - 222
    - 2
  - - 223
    - 2
  - - 224
    - 1
  - - 225
    - 3
  - - 227
    - 1
  - - 228
    - 5
  - - 229
    - 1
  - - 230
    - 5
  - - 231
    - 3
  - - 232
    - 1
  - - 235
    - 3
  - - 237
    - 1
  - - 238
    - 2
  - - 240
    - 2
  - - 241
    - 4
  - - 242
    - 2
  - - 243
    - 4
  - - 244
    - 1
  - - 245
    - 1
  - - 246
    - 2
  - - 247
    - 2
  - - 248
    - 2
  - - 249
    - 3
  - - 250
    - 3
  - - 251
    - 4
  - - 252
    - 4
  - - 253
    - 5
  - - 254
    - 2
  - - 255
    - 3
  - - 256
    - 3
  - - 257
    - 13
  - - 258
    - 1
  - - 259
    - 3
  - - 260
    - 6
  - - 261
    - 1
  - - 262
    - 8
  - - 263
    - 3
  - - 264
    - 4
  - - 266
    - 4
  - - 267
    - 1
  - - 268
    - 4
  - - 269
    - 3
  - - 270
    - 4
  - - 271
    - 7
  - - 272
    - 2
  - - 273
    - 4
  - - 275
    - 1
  - - 276
    - 1
  - - 277
    - 1
  - - 278
    - 3
  - - 279
    - 1
  - - 280
    - 9
  - - 281
    - 5
  - - 282
    - 2
  - - 283
    - 2
  - - 284
    - 2
  - - 285
    - 7
  - - 286
    - 7
  - - 287
    - 1
  - - 288
    - 2
  - - 289
    - 4
  - - 290
    - 1
  - - 292
    - 3
  - - 293
    - 3
  - - 294
    - 5
  - - 295
    - 7
  - - 296
    - 3
  - - 297
    - 5
  - - 298
    - 7
  - - 299
    - 4
  - - 300
    - 8
  - - 301
    - 3
  - - 302
    - 5
  - - 303
    - 8
  - - 304
    - 12
  - - 305
    - 7
  - - 306
    - 6
  - - 307
    - 2
  - - 308
    - 3
  - - 309
    - 8
  - - 310
    - 6
  - - 311
    - 4
  - - 312
    - 5
  - - 313
    - 8
  - - 314
    - 12
  - - 315
    - 5
  - - 316
    - 5
  - - 317
    - 10
  - - 318
    - 7
  - - 319
    - 7
  - - 320
    - 6
  - - 321
    - 5
  - - 322
    - 6
  - - 323
    - 3
  - - 324
    - 11
  - - 325
    - 13
  - - 326
    - 6
  - - 327
    - 8
  - - 328
    - 7
  - - 329
    - 5
  - - 330
    - 4
  - - 331
    - 2
  - - 332
    - 11
  - - 333
    - 9
  - - 334
    - 7
  - - 335
    - 7
  - - 336
    - 5
  - - 337
    - 8
  - - 338
    - 14
  - - 339
    - 3
  - - 340
    - 1
  - - 341
    - 11
  - - 342
    - 10
  - - 343
    - 5
  - - 344
    - 11
  - - 345
    - 10
  - - 346
    - 4
  - - 347
    - 10
  - - 348
    - 9
  - - 349
    - 9
  - - 350
    - 7
  - - 351
    - 9
  - - 352
    - 20
  - - 353
    - 25
  - - 354
    - 12
  - - 355
    - 10
  - - 356
    - 4
  - - 357
    - 5
  - - 358
    - 10
  - - 359
    - 11
  - - 360
    - 7
  - - 361
    - 12
  - - 362
    - 14
  - - 363
    - 9
  - - 364
    - 12
  - - 365
    - 18
  - - 366
    - 5
  - - 367
    - 8
  - - 368
    - 10
  - - 369
    - 11
  - - 370
    - 13
  - - 371
    - 17
  - - 372
    - 13
  - - 373
    - 8
  - - 374
    - 17
  - - 375
    - 16
  - - 376
    - 13
  - - 377
    - 6
  - - 378
    - 7
  - - 379
    - 6
  - - 380
    - 1
  - - 381
    - 7
  - - 382
    - 5
  - - 383
    - 5
  - - 384
    - 7
  - - 385
    - 9
  - - 386
    - 13
  - - 387
    - 5
  - - 388
    - 13
  - - 389
    - 9
  - - 390
    - 9
  - - 391
    - 12
  - - 392
    - 10
  - - 393
    - 18
  - - 394
    - 21
  - - 395
    - 17
  - - 396
    - 22
  - - 397
    - 7
  - - 398
    - 11
  - - 399
    - 14
  - - 400
    - 10
  - - 401
    - 8
  - - 402
    - 10
  - - 403
    - 17
  - - 404
    - 8
  - - 405
    - 11
  - - 406
    - 14
  - - 407
    - 14
  - - 408
    - 9
  - - 409
    - 13
  - - 410
    - 16
  - - 411
    - 17
  - - 412
    - 16
  - - 413
    - 6
  - - 414
    - 14
  - - 415
    - 15
  - - 416
    - 17
  - - 417
    - 24
  - - 418
    - 13
  - - 419
    - 9
  - - 420
    - 14
  - - 421
    - 29
  - - 422
    - 15
  - - 423
    - 21
  - - 424
    - 14
  - - 425
    - 11
  - - 426
    - 10
  - - 427
    - 12
  - - 428
    - 11
  - - 429
    - 9
  - - 430
    - 10
  - - 431
    - 17
  - - 432
    - 11
  - - 433
    - 18
  - - 434
    - 7
  - - 435
    - 10
  - - 436
    - 12
  - - 437
    - 11
  - - 438
    - 17
  - - 439
    - 14
  - - 440
    - 6
  - - 441
    - 4
  - - 442
    - 17
  - - 443
    - 16
  - - 444
    - 20
  - - 445
    - 13
  - - 446
    - 21
  - - 447
    - 17
  - - 448
    - 18
  - - 449
    - 5
  - - 450
    - 12
  - - 451
    - 11
  - - 452
    - 19
  - - 453
    - 16
  - - 454
    - 8
  - - 455
    - 12
  - - 456
    - 19
  - - 457
    - 19
  - - 458
    - 18
  - - 459
    - 7
  - - 460
    - 16
  - - 461
    - 23
  - - 462
    - 23
  - - 463
    - 11
  - - 464
    - 11
  - - 465
    - 9
  - - 466
    - 15
  - - 467
    - 18
  - - 468
    - 14
  - - 469
    - 14
  - - 470
    - 20
  - - 471
    - 18
  - - 472
    - 14
  - - 473
    - 13
  - - 474
    - 15
  - - 475
    - 17
  - - 476
    - 11
  - - 477
    - 6
  - - 478
    - 14
  - - 479
    - 15
  - - 480
    - 13
  - - 481
    - 17
  - - 482
    - 11
  - - 483
    - 14
  - - 484
    - 14
  - - 485
    - 17
  - - 486
    - 17
  - - 487
    - 14
  - - 488
    - 17
  - - 489
    - 16
  - - 490
    - 8
  - - 491
    - 14
  - - 492
    - 12
  - - 493
    - 16
  - - 494
    - 13
  - - 495
    - 12
  - - 496
    - 16
  - - 497
    - 9
  - - 498
    - 13
  - - 499
    - 16
  - - 500
    - 15
  - - 501
    - 8
  - - 502
    - 17
  - - 503
    - 9
  - - 504
    - 9
  - - 505
    - 11
  - - 506
    - 18
  - - 507
    - 18
  - - 508
    - 12
  - - 509
    - 12
  - - 510
    - 7
  - - 511
    - 12
  - - 512
    - 12
  - - 513
    - 14
  - - 514
    - 10
  - - 515
    - 11
  - - 516
    - 9
  - - 517
    - 9
  - - 518
    - 24
  - - 519
    - 17
  - - 520
    - 9
  - - 521
    - 24
  - - 522
    - 20
  - - 523
    - 17
  - - 524
    - 23
  - - 525
    - 15
  - - 526
    - 13
  - - 527
    - 15
  - - 528
    - 14
  - - 529
    - 18
  - - 530
    - 13
  - - 531
    - 15
  - - 532
    - 15
  - - 533
    - 14
  - - 534
    - 16
  - - 535
    - 13
  - - 536
    - 15
  - - 537
    - 20
  - - 538
    - 20
  - - 539
    - 14
  - - 540
    - 11
  - - 541
    - 19
  - - 542
    - 17
  - - 543
    - 17
  - - 544
    - 10
  - - 545
    - 17
  - - 546
    - 15
  - - 547
    - 15
  - - 548
    - 10
  - - 549
    - 29
  - - 550
    - 15
  - - 551
    - 25
  - - 552
    - 21
  - - 553
    - 13
  - - 554
    - 16
  - - 555
    - 22
  - - 556
    - 23
  - - 557
    - 18
  - - 558
    - 16
  - - 559
    - 16
  - - 560
    - 17
  - - 561
    - 21
  - - 562
    - 21
  - - 563
    - 20
  - - 564
    - 13
  - - 565
    - 14
  - - 566
    - 27
  - - 567
    - 26
  - - 568
    - 22
  - - 569
    - 19
  - - 570
    - 17
  - - 571
    - 26
  - - 572
    - 24
  - - 573
    - 23
  - - 574
    - 20
  - - 575
    - 10
  - - 576
    - 20
  - - 577
    - 16
  - - 578
    - 15
  - - 579
    - 14
  - - 580
    - 24
  - - 581
    - 20
  - - 582
    - 21
  - - 583
    - 17
  - - 584
    - 10
  - - 585
    - 18
  - - 586
    - 16
  - - 587
    - 17
  - - 588
    - 15
  - - 589
    - 26
  - - 590
    - 30
  - - 591
    - 18
  - - 592
    - 21
  - - 593
    - 16
  - - 594
    - 21
  - - 595
    - 20
  - - 596
    - 14
  - - 597
    - 16
  - - 598
    - 22
  - - 599
    - 18
  - - 600
    - 11
  - - 601
    - 18
  - - 602
    - 32
  - - 603
    - 27
  - - 604
    - 22
  - - 605
    - 31
  - - 606
    - 20
  - - 607
    - 20
  - - 608
    - 30
  - - 609
    - 16
  - - 610
    - 22
  - - 611
    - 33
  - - 612
    - 19
  - - 613
    - 13
  - - 614
    - 16
  - - 615
    - 16
  - - 616
    - 20
  - - 617
    - 23
  - - 618
    - 23
  - - 619
    - 22
  - - 620
    - 23
  - - 621
    - 19
  - - 622
    - 33
  - - 623
    - 13
  - - 624
    - 23
  - - 625
    - 22
  - - 626
    - 21
  - - 627
    - 33
  - - 628
    - 22
  - - 629
    - 30
  - - 630
    - 20
  - - 631
    - 18
  - - 632
    - 20
  - - 633
    - 23
  - - 634
    - 18
  - - 635
    - 26
  - - 636
    - 49
  - - 637
    - 39
  - - 638
    - 20
  - - 639
    - 18
  - - 640
    - 28
  - - 641
    - 31
  - - 642
    - 25
  - - 643
    - 19
  - - 644
    - 10
  - - 645
    - 28
  - - 646
    - 27
  - - 647
    - 17
  - - 648
    - 24
  - - 649
    - 24
  - - 650
    - 30
  - - 651
    - 28
  - - 652
    - 22
  - - 653
    - 23
  - - 654
    - 28
  - - 655
    - 21
  - - 656
    - 36
  - - 657
    - 39
  - - 658
    - 29
  - - 659
    - 24
  - - 660
    - 30
  - - 661
    - 23
  - - 662
    - 22
  - - 663
    - 22
  - - 664
    - 20
  - - 665
    - 19
  - - 666
    - 17
  - - 667
    - 18
  - - 668
    - 30
  - - 669
    - 28
  - - 670
    - 13
  - - 671
    - 24
  - - 672
    - 21
  - - 673
    - 22
  - - 674
    - 24
  - - 675
    - 22
  - - 676
    - 11
  - - 677
    - 16
  - - 678
    - 14
  - - 679
    - 16
  - - 680
    - 20
  - - 681
    - 19
  - - 682
    - 12
  - - 683
    - 21
  - - 684
    - 25
  - - 685
    - 15
  - - 686
    - 19
  - - 687
    - 14
  - - 688
    - 22
  - - 689
    - 20
  - - 690
    - 21
  - - 691
    - 16
  - - 692
    - 17
  - - 693
    - 16
  - - 694
    - 20
  - - 695
    - 19
  - - 696
    - 19
  - - 697
    - 19
  - - 698
    - 18
  - - 699
    - 25
  - - 700
    - 22
  - - 701
    - 15
  - - 702
    - 19
  - - 703
    - 17
  - - 704
    - 20
  - - 705
    - 9
  - - 706
    - 17
  - - 707
    - 33
  - - 708
    - 21
  - - 709
    - 24
  - - 710
    - 26
  - - 711
    - 17
  - - 712
    - 25
  - - 713
    - 16
  - - 714
    - 31
  - - 715
    - 20
  - - 716
    - 30
  - - 717
    - 19
  - - 718
    - 17
  - - 719
    - 14
  - - 720
    - 18
  - - 721
    - 26
  - - 722
    - 22
  - - 723
    - 17
  - - 724
    - 31
  - - 725
    - 18
  - - 726
    - 16
  - - 727
    - 14
  - - 728
    - 14
  - - 729
    - 25
  - - 730
    - 28
  - - 731
    - 19
  - - 732
    - 20
  - - 733
    - 24
  - - 734
    - 17
  - - 735
    - 14
  - - 736
    - 20
  - - 737
    - 27
  - - 738
    - 10
  - - 739
    - 11
  - - 740
    - 17
  - - 741
    - 16
  - - 742
    - 13
  - - 743
    - 18
  - - 744
    - 18
  - - 745
    - 16
  - - 746
    - 17
  - - 747
    - 25
  - - 748
    - 23
  - - 749
    - 15
  - - 750
    - 28
  - - 751
    - 19
  - - 752
    - 13
  - - 753
    - 23
  - - 754
    - 20
  - - 755
    - 29
  - - 756
    - 20
  - - 757
    - 22
  - - 758
    - 33
  - - 759
    - 18
  - - 760
    - 23
  - - 761
    - 22
  - - 762
    - 22
  - - 763
    - 22
  - - 764
    - 23
  - - 765
    - 30
  - - 766
    - 23
  - - 767
    - 24
  - - 768
    - 20
  - - 769
    - 28
  - - 770
    - 11
  - - 771
    - 23
  - - 772
    - 24
  - - 773
    - 24
  - - 774
    - 28
  - - 775
    - 19
  - - 776
    - 28
  - - 777
    - 18
  - - 778
    - 12
  - - 779
    - 24
  - - 780
    - 22
  - - 781
    - 14
  - - 782
    - 17
  - - 783
    - 19
  - - 784
    - 20
  - - 785
    - 23
  - - 786
    - 22
  - - 787
    - 22
  - - 788
    - 21
  - - 789
    - 16
  - - 790
    - 25
  - - 791
    - 15
  - - 792
    - 16
  - - 793
    - 16
  - - 794
    - 19
  - - 795
    - 24
  - - 796
    - 15
  - - 797
    - 14
  - - 798
    - 15
  - - 799
    - 10
  - - 800
    - 23
  - - 801
    - 19
  - - 802
    - 19
  - - 803
    - 32
  - - 804
    - 31
  - - 805
    - 46
  - - 806
    - 26
  - - 807
    - 27
  - - 808
    - 25
  - - 809
    - 13
  - - 810
    - 18
  - - 811
    - 23
  - - 812
    - 22
  - - 813
    - 18
  - - 814
    - 26
  - - 815
    - 22
  - - 816
    - 33
  - - 817
    - 16
  - - 818
    - 24
  - - 819
    - 23
  - - 820
    - 30
  - - 821
    - 23
  - - 822
    - 18
  - - 823
    - 22
  - - 824
    - 14
  - - 825
    - 18
  - - 826
    - 16
  - - 827
    - 21
  - - 828
    - 18
  - - 829
    - 22
  - - 830
    - 13
  - - 831
    - 13
  - - 832
    - 11
  - - 833
    - 12
  - - 834
    - 20
  - - 835
    - 17
  - - 836
    - 18
  - - 837
    - 26
  - - 838
    - 16
  - - 839
    - 19
  - - 840
    - 15
  - - 841
    - 13
  - - 842
    - 16
  - - 843
    - 18
  - - 844
    - 21
  - - 845
    - 12
  - - 846
    - 9
  - - 847
    - 13
  - - 848
    - 18
  - - 849
    - 15
  - - 850
    - 33
  - - 851
    - 20
  - - 852
    - 13
  - - 853
    - 14
  - - 854
    - 10
  - - 855
    - 20
  - - 856
    - 18
  - - 857
    - 23
  - - 858
    - 17
  - - 859
    - 15
  - - 860
    - 16
  - - 861
    - 21
  - - 862
    - 16
  - - 863
    - 18
  - - 864
    - 21
  - - 865
    - 22
  - - 866
    - 14
  - - 867
    - 20
  - - 868
    - 18
  - - 869
    - 13
  - - 870
    - 14
  - - 871
    - 26
  - - 872
    - 21
  - - 873
    - 27
  - - 874
    - 26
  - - 875
    - 18
  - - 876
    - 25
  - - 877
    - 23
  - - 878
    - 12
  - - 879
    - 12
  - - 880
    - 16
  - - 881
    - 19
  - - 882
    - 17
  - - 883
    - 17
  - - 884
    - 17
  - - 885
    - 20
  - - 886
    - 14
  - - 887
    - 12
  - - 888
    - 15
  - - 889
    - 16
  - - 890
    - 12
  - - 891
    - 12
  - - 892
    - 13
  - - 893
    - 8
  - - 894
    - 21
  - - 895
    - 15
  - - 896
    - 30
  - - 897
    - 23
  - - 898
    - 19
  - - 899
    - 15
  - - 900
    - 16
  - - 901
    - 19
  - - 902
    - 19
  - - 903
    - 13
  - - 904
    - 20
  - - 905
    - 15
  - - 906
    - 21
  - - 907
    - 24
  - - 908
    - 11
  - - 909
    - 9
  - - 910
    - 14
  - - 911
    - 8
  - - 912
    - 9
  - - 913
    - 15
  - - 914
    - 14
  - - 915
    - 14
  - - 916
    - 19
  - - 917
    - 15
  - - 918
    - 13
  - - 919
    - 9
  - - 920
    - 13
  - - 921
    - 15
  - - 922
    - 8
  - - 923
    - 12
  - - 924
    - 17
  - - 925
    - 17
  - - 926
    - 10
  - - 927
    - 11
  - - 928
    - 15
  - - 929
    - 11
  - - 930
    - 17
  - - 931
    - 19
  - - 932
    - 12
  - - 933
    - 11
  - - 934
    - 17
  - - 935
    - 15
  - - 936
    - 16
  - - 937
    - 14
  - - 938
    - 17
  - - 939
    - 16
  - - 940
    - 18
  - - 941
    - 19
  - - 942
    - 12
  - - 943
    - 11
  - - 944
    - 18
  - - 945
    - 13
  - - 946
    - 15
  - - 947
    - 16
  - - 948
    - 10
  - - 949
    - 20
  - - 950
    - 15
  - - 951
    - 18
  - - 952
    - 12
  - - 953
    - 15
  - - 954
    - 14
  - - 955
    - 8
  - - 956
    - 11
  - - 957
    - 18
  - - 958
    - 12
  - - 959
    - 20
  - - 960
    - 13
  - - 961
    - 16
  - - 962
    - 12
  - - 963
    - 12
  - - 964
    - 20
  - - 965
    - 14
  - - 966
    - 15
  - - 967
    - 23
  - - 968
    - 21
  - - 969
    - 17
  - - 970
    - 13
  - - 971
    - 31
  - - 972
    - 12
  - - 973
    - 14
  - - 974
    - 16
  - - 975
    - 26
  - - 976
    - 13
  - - 977
    - 18
  - - 978
    - 18
  - - 979
    - 16
  - - 980
    - 20
  - - 981
    - 10
  - - 982
    - 12
  - - 983
    - 18
  - - 984
    - 14
  - - 985
    - 10
  - - 986
    - 14
  - - 987
    - 18
  - - 988
    - 20
  - - 989
    - 13
  - - 990
    - 14
  - - 991
    - 9
  - - 992
    - 10
  - - 993
    - 4
  - - 994
    - 14
  - - 995
    - 16
  - - 996
    - 17
  - - 997
    - 6
  - - 998
    - 20
  - - 999
    - 8
  - - 1000
    - 13
  - - 1001
    - 14
  - - 1002
    - 16
  - - 1003
    - 23
  - - 1004
    - 21
  - - 1005
    - 15
  - - 1006
    - 19
  - - 1007
    - 18
  - - 1008
    - 12
  - - 1009
    - 15
  - - 1010
    - 15
  - - 1011
    - 21
  - - 1012
    - 9
  - - 1013
    - 16
  - - 1014
    - 12
  - - 1015
    - 17
  - - 1016
    - 15
  - - 1017
    - 17
  - - 1018
    - 9
  - - 1019
    - 11
  - - 1020
    - 6
  - - 1021
    - 16
  - - 1022
    - 12
  - - 1023
    - 16
  - - 1024
    - 19
  - - 1025
    - 11
  - - 1026
    - 11
  - - 1027
    - 16
  - - 1028
    - 12
  - - 1029
    - 17
  - - 1030
    - 12
  - - 1031
    - 10
  - - 1032
    - 14
  - - 1033
    - 4
  - - 1034
    - 13
  - - 1035
    - 12
  - - 1036
    - 17
  - - 1037
    - 13
  - - 1038
    - 10
  - - 1039
    - 14
  - - 1040
    - 9
  - - 1041
    - 13
  - - 1042
    - 4
  - - 1043
    - 8
  - - 1044
    - 7
  - - 1045
    - 17
  - - 1046
    - 9
  - - 1047
    - 12
  - - 1048
    - 8
  - - 1049
    - 12
  - - 1050
    - 22
  - - 1051
    - 14
  - - 1052
    - 12
  - - 1053
    - 17
  - - 1054
    - 10
  - - 1055
    - 13
  - - 1056
    - 16
  - - 1057
    - 11
  - - 1058
    - 7
  - - 1059
    - 14
  - - 1060
    - 12
  - - 1061
    - 13
  - - 1062
    - 16
  - - 1063
    - 19
  - - 1064
    - 12
  - - 1065
    - 23
  - - 1066
    - 17
  - - 1067
    - 13
  - - 1068
    - 18
  - - 1069
    - 10
  - - 1070
    - 11
  - - 1071
    - 13
  - - 1072
    - 9
  - - 1073
    - 8
  - - 1074
    - 12
  - - 1075
    - 10
  - - 1076
    - 20
  - - 1077
    - 17
  - - 1078
    - 18
  - - 1079
    - 12
  - - 1080
    - 7
  - - 1081
    - 9
  - - 1082
    - 7
  - - 1083
    - 4
  - - 1084
    - 8
  - - 1085
    - 9
  - - 1086
    - 13
  - - 1087
    - 4
  - - 1088
    - 11
  - - 1089
    - 14
  - - 1090
    - 5
  - - 1091
    - 15
  - - 1092
    - 16
  - - 1093
    - 6
  - - 1094
    - 9
  - - 1095
    - 14
  - - 1096
    - 16
  - - 1097
    - 6
  - - 1098
    - 12
  - - 1099
    - 9
  - - 1100
    - 8
  - - 1101
    - 11
  - - 1102
    - 9
  - - 1103
    - 4
  - - 1104
    - 9
  - - 1105
    - 11
  - - 1106
    - 12
  - - 1107
    - 13
  - - 1108
    - 4
  - - 1109
    - 10
  - - 1110
    - 12
  - - 1111
    - 10
  - - 1112
    - 6
  - - 1113
    - 16
  - - 1114
    - 21
  - - 1115
    - 8
  - - 1116
    - 13
  - - 1117
    - 10
  - - 1118
    - 10
  - - 1119
    - 6
  - - 1120
    - 5
  - - 1121
    - 6
  - - 1122
    - 4
  - - 1123
    - 11
  - - 1124
    - 12
  - - 1125
    - 19
  - - 1126
    - 11
  - - 1127
    - 8
  - - 1128
    - 9
  - - 1129
    - 7
  - - 1130
    - 10
  - - 1131
    - 11
  - - 1132
    - 6
  - - 1133
    - 10
  - - 1134
    - 4
  - - 1135
    - 5
  - - 1136
    - 3
  - - 1137
    - 5
  - - 1138
    - 7
  - - 1139
    - 6
  - - 1140
    - 4
  - - 1141
    - 4
  - - 1142
    - 8
  - - 1143
    - 7
  - - 1144
    - 3
  - - 1145
    - 4
  - - 1146
    - 9
  - - 1147
    - 4
  - - 1148
    - 7
  - - 1149
    - 7
  - - 1150
    - 5
  - - 1151
    - 8
  - - 1152
    - 9
  - - 1153
    - 5
  - - 1154
    - 6
  - - 1155
    - 11
  - - 1156
    - 8
  - - 1157
    - 12
  - - 1158
    - 5
  - - 1159
    - 6
  - - 1160
    - 15
  - - 1161
    - 9
  - - 1162
    - 10
  - - 1163
    - 13
  - - 1164
    - 6
  - - 1165
    - 9
  - - 1166
    - 11
  - - 1167
    - 13
  - - 1168
    - 8
  - - 1169
    - 3
  - - 1170
    - 6
  - - 1171
    - 8
  - - 1173
    - 10
  - - 1174
    - 11
  - - 1175
    - 10
  - - 1176
    - 9
  - - 1177
    - 11
  - - 1178
    - 10
  - - 1179
    - 9
  - - 1180
    - 13
  - - 1181
    - 2
  - - 1182
    - 8
  - - 1183
    - 5
  - - 1184
    - 7
  - - 1185
    - 6
  - - 1186
    - 3
  - - 1187
    - 8
  - - 1188
    - 10
  - - 1189
    - 10
  - - 1190
    - 11
  - - 1191
    - 6
  - - 1192
    - 2
  - - 1193
    - 5
  - - 1194
    - 9
  - - 1195
    - 3
  - - 1196
    - 9
  - - 1197
    - 6
  - - 1198
    - 11
  - - 1199
    - 2
  - - 1200
    - 5
  - - 1201
    - 4
  - - 1202
    - 6
  - - 1203
    - 1
  - - 1204
    - 4
  - - 1206
    - 3
  - - 1207
    - 7
  - - 1208
    - 4
  - - 1209
    - 3
  - - 1210
    - 5
  - - 1211
    - 2
  - - 1212
    - 3
  - - 1213
    - 5
  - - 1214
    - 4
  - - 1215
    - 4
  - - 1216
    - 6
  - - 1217
    - 3
  - - 1219
    - 6
  - - 1220
    - 2
  - - 1221
    - 1
  - - 1222
    - 6
  - - 1223
    - 1
  - - 1224
    - 3
  - - 1225
    - 9
  - - 1226
    - 12
  - - 1227
    - 3
  - - 1228
    - 6
  - - 1229
    - 2
  - - 1230
    - 2
  - - 1231
    - 9
  - - 1232
    - 6
  - - 1233
    - 9
  - - 1234
    - 9
  - - 1235
    - 6
  - - 1236
    - 3
  - - 1237
    - 3
  - - 1238
    - 1
  - - 1239
    - 4
  - - 1241
    - 1
  - - 1242
    - 1
  - - 1243
    - 3
  - - 1244
    - 5
  - - 1245
    - 5
  - - 1246
    - 1
  - - 1247
    - 2
  - - 1248
    - 3
  - - 1249
    - 3
  - - 1250
    - 4
  - - 1251
    - 4
  - - 1252
    - 5
  - - 1253
    - 4
  - - 1254
    - 6
  - - 1255
    - 6
  - - 1256
    - 2
  - - 1257
    - 10
  - - 1258
    - 4
  - - 1259
    - 4
  - - 1260
    - 3
  - - 1261
    - 1
  - - 1262
    - 2
  - - 1263
    - 5
  - - 1264
    - 4
  - - 1265
    - 5
  - - 1266
    - 8
  - - 1267
    - 5
  - - 1268
    - 3
  - - 1269
    - 1
  - - 1270
    - 1
  - - 1271
    - 3
  - - 1272
    - 3
  - - 1273
    - 6
  - - 1274
    - 6
  - - 1275
    - 2
  - - 1276
    - 1
  - - 1277
    - 6
  - - 1278
    - 5
  - - 1279
    - 1
  - - 1280
    - 2
  - - 1281
    - 6
  - - 1282
    - 2
  - - 1283
    - 6
  - - 1284
    - 6
  - - 1285
    - 4
  - - 1286
    - 1
  - - 1287
    - 3
  - - 1288
    - 1
  - - 1289
    - 2
  - - 1290
    - 4
  - - 1291
    - 4
  - - 1292
    - 6
  - - 1293
    - 2
  - - 1294
    - 5
  - - 1295
    - 4
  - - 1296
    - 2
  - - 1297
    - 1
  - - 1298
    - 6
  - - 1299
    - 5
  - - 1300
    - 2
  - - 1301
    - 2
  - - 1302
    - 1
  - - 1303
    - 4
  - - 1304
    - 3
  - - 1305
    - 4
  - - 1306
    - 3
  - - 1307
    - 5
  - - 1308
    - 3
  - - 1309
    - 4
  - - 1310
    - 3
  - - 1312
    - 5
  - - 1314
    - 3
  - - 1315
    - 5
  - - 1316
    - 8
  - - 1317
    - 3
  - - 1318
    - 2
  - - 1319
    - 3
  - - 1320
    - 1
  - - 1321
    - 3
  - - 1322
    - 6
  - - 1323
    - 2
  - - 1324
    - 3
  - - 1325
    - 3
  - - 1326
    - 4
  - - 1328
    - 1
  - - 1329
    - 5
  - - 1330
    - 4
  - - 1331
    - 4
  - - 1332
    - 4
  - - 1333
    - 3
  - - 1334
    - 5
  - - 1335
    - 9
  - - 1336
    - 10
  - - 1337
    - 12
  - - 1338
    - 1
  - - 1339
    - 4
  - - 1340
    - 4
  - - 1341
    - 1
  - - 1342
    - 7
  - - 1343
    - 3
  - - 1344
    - 1
  - - 1345
    - 5
  - - 1346
    - 4
  - - 1347
    - 1
  - - 1348
    - 2
  - - 1349
    - 2
  - - 1350
    - 3
  - - 1351
    - 7
  - - 1352
    - 3
  - - 1354
    - 2
  - - 1355
    - 4
  - - 1356
    - 3
  - - 1357
    - 3
  - - 1358
    - 4
  - - 1359
    - 5
  - - 1361
    - 8
  - - 1362
    - 16
  - - 1363
    - 1
  - - 1364
    - 1
  - - 1365
    - 4
  - - 1366
    - 3
  - - 1367
    - 2
  - - 1368
    - 3
  - - 1369
    - 2
  - - 1370
    - 2
  - - 1372
    - 3
  - - 1373
    - 2
  - - 1374
    - 2
  - - 1375
    - 7
  - - 1376
    - 1
  - - 1377
    - 5
  - - 1378
    - 5
  - - 1379
    - 5
  - - 1380
    - 5
  - - 1381
    - 2
  - - 1382
    - 2
  - - 1383
    - 2
  - - 1384
    - 1
  - - 1385
    - 2
  - - 1386
    - 1
  - - 1388
    - 4
  - - 1390
    - 3
  - - 1391
    - 1
  - - 1392
    - 1
  - - 1393
    - 3
  - - 1394
    - 5
  - - 1395
    - 3
  - - 1396
    - 3
  - - 1397
    - 1
  - - 1398
    - 4
  - - 1399
    - 1
  - - 1400
    - 2
  - - 1401
    - 1
  - - 1402
    - 2
  - - 1403
    - 1
  - - 1404
    - 3
  - - 1406
    - 3
  - - 1407
    - 2
  - - 1408
    - 1
  - - 1409
    - 1
  - - 1410
    - 4
  - - 1411
    - 3
  - - 1412
    - 1
  - - 1413
    - 1
  - - 1414
    - 5
  - - 1415
    - 3
  - - 1416
    - 2
  - - 1418
    - 1
  - - 1420
    - 3
  - - 1421
    - 2
  - - 1422
    - 3
  - - 1423
    - 1
  - - 1424
    - 3
  - - 1426
    - 1
  - - 1431
    - 1
  - - 1433
    - 4
  - - 1434
    - 6
  - - 1435
    - 2
  - - 1436
    - 1
  - - 1437
    - 3
  - - 1438
    - 7
  - - 1439
    - 6
  - - 1440
    - 5
  - - 1441
    - 6
  - - 1442
    - 4
  - - 1443
    - 2
  - - 1444
    - 2
  - - 1445
    - 3
  - - 1446
    - 3
  - - 1447
    - 2
  - - 1448
    - 2
  - - 1449
    - 2
  - - 1450
    - 3
  - - 1451
    - 1
  - - 1452
    - 1
  - - 1454
    - 1
  - - 1455
    - 1
  - - 1458
    - 1
  - - 1459
    - 3
  - - 1460
    - 9
  - - 1461
    - 2
  - - 1462
    - 1
  - - 1467
    - 1
  - - 1468
    - 1
  - - 1469
    - 1
  - - 1470
    - 3
  - - 1474
    - 1
  - - 1475
    - 2
  - - 1476
    - 1
  - - 1477
    - 1
  - - 1480
    - 7
  - - 1481
    - 1
  - - 1482
    - 3
  - - 1483
    - 4
  - - 1484
    - 1
  - - 1485
    - 5
  - - 1486
    - 1
  - - 1487
    - 3
  - - 1489
    - 2
  - - 1490
    - 1
  - - 1491
    - 1
  - - 1492
    - 2
  - - 1493
    - 2
  - - 1494
    - 2
  - - 1496
    - 1
  - - 1497
    - 4
  - - 1499
    - 3
  - - 1503
    - 1
  - - 1504
    - 1
  - - 1505
    - 1
  - - 1506
    - 2
  - - 1507
    - 1
  - - 1509
    - 1
  - - 1511
    - 1
  - - 1513
    - 3
  - - 1514
    - 1
  - - 1515
    - 1
  - - 1516
    - 1
  - - 1517
    - 3
  - - 1519
    - 1
  - - 1520
    - 1
  - - 1522
    - 2
  - - 1523
    - 3
  - - 1525
    - 2
  - - 1526
    - 4
  - - 1529
    - 1
  - - 1531
    - 2
  - - 1532
    - 1
  - - 1533
    - 4
  - - 1534
    - 1
  - - 1536
    - 1
  - - 1537
    - 2
  - - 1538
    - 1
  - - 1539
    - 3
  - - 1540
    - 3
  - - 1541
    - 1
  - - 1542
    - 2
  - - 1543
    - 1
  - - 1544
    - 2
  - - 1545
    - 1
  - - 1546
    - 1
  - - 1547
    - 1
  - - 1548
    - 1
  - - 1549
    - 1
  - - 1550
    - 1
  - - 1551
    - 1
  - - 1556
    - 3
  - - 1557
    - 1
  - - 1559
    - 1
  - - 1560
    - 1
  - - 1564
    - 2
  - - 1565
    - 1
  - - 1566
    - 1
  - - 1567
    - 1
  - - 1568
    - 5
  - - 1569
    - 1
  - - 1570
    - 1
  - - 1572
    - 2
  - - 1573
    - 4
  - - 1574
    - 1
  - - 1582
    - 1
  - - 1583
    - 1
  - - 1586
    - 2
  - - 1588
    - 3
  - - 1589
    - 1
  - - 1590
    - 3
  - - 1591
    - 2
  - - 1592
    - 2
  - - 1593
    - 1
  - - 1594
    - 2
  - - 1598
    - 2
  - - 1599
    - 1
  - - 1600
    - 3
  - - 1601
    - 1
  - - 1603
    - 2
  - - 1606
    - 2
  - - 1609
    - 1
  - - 1611
    - 1
  - - 1613
    - 1
  - - 1614
    - 1
  - - 1615
    - 3
  - - 1616
    - 4
  - - 1617
    - 4
  - - 1618
    - 2
  - - 1619
    - 1
  - - 1620
    - 3
  - - 1621
    - 3
  - - 1623
    - 1
  - - 1624
    - 3
  - - 1625
    - 2
  - - 1626
    - 1
  - - 1627
    - 1
  - - 1628
    - 1
  - - 1630
    - 2
  - - 1631
    - 1
  - - 1632
    - 2
  - - 1635
    - 1
  - - 1636
    - 4
  - - 1637
    - 1
  - - 1638
    - 1
  - - 1640
    - 3
  - - 1641
    - 1
  - - 1643
    - 5
  - - 1644
    - 3
  - - 1645
    - 1
  - - 1647
    - 1
  - - 1651
    - 1
  - - 1652
    - 4
  - - 1653
    - 3
  - - 1654
    - 3
  - - 1655
    - 3
  - - 1656
    - 2
  - - 1657
    - 2
  - - 1658
    - 1
  - - 1659
    - 1
  - - 1662
    - 1
  - - 1667
    - 2
  - - 1668
    - 1
  - - 1670
    - 1
  - - 1672
    - 2
  - - 1673
    - 3
  - - 1674
    - 1
  - - 1676
    - 1
  - - 1677
    - 2
  - - 1678
    - 1
  - - 1681
    - 1
  - - 1682
    - 3
  - - 1684
    - 1
  - - 1690
    - 1
  - - 1692
    - 1
  - - 1693
    - 2
  - - 1694
    - 1
  - - 1695
    - 2
  - - 1705
    - 1
  - - 1706
    - 2
  - - 1714
    - 1
  - - 1718
    - 1
  - - 1722
    - 4
  - - 1723
    - 2
  - - 1724
    - 2
  - - 1730
    - 1
  - - 1732
    - 1
  - - 1735
    - 2
  - - 1737
    - 1
  - - 1743
    - 1
  - - 1747
    - 1
  - - 1748
    - 1
  - - 1749
    - 2
  - - 1750
    - 2
  - - 1751
    - 3
  - - 1756
    - 1
  - - 1759
    - 1
  - - 1764
    - 1
  - - 1768
    - 2
  - - 1780
    - 2
  - - 1786
    - 2
  - - 1790
    - 1
  - - 1792
    - 2
  - - 1794
    - 2
  - - 1795
    - 1
  - - 1796
    - 8
  - - 1797
    - 2
  - - 1798
    - 4
  - - 1800
    - 2
  - - 1802
    - 2
  - - 1803
    - 2
  - - 1805
    - 4
  - - 1809
    - 1
  - - 1810
    - 2
  - - 1811
    - 4
  - - 1812
    - 2
  - - 1814
    - 1
  - - 1816
    - 1
  - - 1820
    - 1
  - - 1822
    - 4
  - - 1824
    - 1
  - - 1825
    - 1
  - - 1826
    - 5
  - - 1827
    - 1
  - - 1828
    - 2
  - - 1829
    - 1
  - - 1830
    - 1
  - - 1831
    - 2
  - - 1834
    - 2
  - - 1835
    - 3
  - - 1836
    - 1
  - - 1837
    - 3
  - - 1839
    - 3
  - - 1840
    - 1
  - - 1846
    - 1
  - - 1847
    - 3
  - - 1850
    - 1
  - - 1851
    - 1
  - - 1855
    - 1
  - - 1857
    - 2
  - - 1859
    - 1
  - - 1860
    - 2
  - - 1862
    - 1
  - - 1866
    - 2
  - - 1881
    - 1
  - - 1886
    - 1
  - - 1890
    - 1
  - - 1929
    - 1
  - - 1934
    - 1
  - - 1938
    - 1
  - - 1949
    - 1
  - - 1960
    - 1
  - - 2094
    - 2
  - - 2097
    - 1
  - - 2113
    - 1
  latency_50_percentile: 755.0
  latency_95_percentile: 1333.75
  latency_99_5_percentile: 1802.0
  latency_99_percentile: 1673.75
  max_kubedns_cpu: 983
  max_kubedns_memory: 26
  max_latency: 2.113611
  max_perfserver_cpu: 0
  max_perfserver_memory: 0
  min_latency: 0.009435
  msg: null
  ok: true
  qps: 127.522606
  queries_completed: 15326
  queries_lost: 0
  queries_sent: 15326
  run_time: 120.182613
  stddev_latency: 0.300971
params:
  max_qps: null
  pod_name: dns-perf-client-858fb7568b-48p6m
  query_file: all-queries.txt
  run_id: 1777661100
  run_length_seconds: 120
  run_subid: 0
stderr:
- ''
stdout:
- DNS Performance Testing Tool
- Nominum Version 2.1.0.0
- ''
- '[Status] Command line: dnsperf -s 10.0.0.10 -l 120 -d /queries/all-queries.txt'
- '[Status] Sending queries (to 10.0.0.10)'
- '[Status] Started at: Fri May  1 18:45:31 2026'
- '[Status] Stopping after 120.000000 seconds'
- '[Status] Testing complete (time limit)'
- ''
- 'Statistics:'
- ''
- '  Queries sent:         15326'
- '  Queries completed:    15326 (100.00%)'
- '  Queries lost:         0 (0.00%)'
- ''
- '  Response codes:       NOERROR 1839 (12.00%), NXDOMAIN 13487 (88.00%)'
- '  Average packet size:  request 38, response 122'
- '  Run time (s):         120.182613'
- '  Queries per second:   127.522606'
- ''
- '  Average Latency (s):  0.783287 (min 0.009435, max 2.113611)'
- '  Latency StdDev (s):   0.300971'
- ''
- '  Latency histogram'
- '#histogram 0 0'
- '#histogram 9 2'
- '#histogram 10 4'
- '#histogram 14 1'
- '#histogram 16 2'
- '#histogram 17 2'
- '#histogram 23 1'
- '#histogram 36 1'
- '#histogram 39 1'
- '#histogram 105 2'
- '#histogram 110 1'
- '#histogram 120 1'
- '#histogram 128 1'
- '#histogram 129 3'
- '#histogram 130 2'
- '#histogram 131 3'
- '#histogram 132 1'
- '#histogram 137 1'
- '#histogram 140 1'
- '#histogram 145 2'
- '#histogram 146 2'
- '#histogram 148 1'
- '#histogram 151 1'
- '#histogram 153 2'
- '#histogram 159 2'
- '#histogram 161 1'
- '#histogram 165 2'
- '#histogram 168 1'
- '#histogram 169 3'
- '#histogram 171 1'
- '#histogram 175 1'
- '#histogram 176 2'
- '#histogram 177 1'
- '#histogram 179 2'
- '#histogram 180 2'
- '#histogram 181 1'
- '#histogram 182 1'
- '#histogram 184 5'
- '#histogram 185 2'
- '#histogram 186 1'
- '#histogram 187 2'
- '#histogram 189 1'
- '#histogram 190 1'
- '#histogram 192 1'
- '#histogram 193 3'
- '#histogram 194 1'
- '#histogram 195 4'
- '#histogram 196 1'
- '#histogram 197 3'
- '#histogram 198 10'
- '#histogram 199 2'
- '#histogram 201 3'
- '#histogram 202 2'
- '#histogram 203 1'
- '#histogram 204 2'
- '#histogram 205 1'
- '#histogram 206 2'
- '#histogram 207 1'
- '#histogram 208 5'
- '#histogram 209 5'
- '#histogram 211 11'
- '#histogram 212 5'
- '#histogram 213 2'
- '#histogram 214 2'
- '#histogram 215 1'
- '#histogram 217 3'
- '#histogram 220 1'
- '#histogram 221 3'
- '#histogram 222 2'
- '#histogram 223 2'
- '#histogram 224 1'
- '#histogram 225 3'
- '#histogram 227 1'
- '#histogram 228 5'
- '#histogram 229 1'
- '#histogram 230 5'
- '#histogram 231 3'
- '#histogram 232 1'
- '#histogram 235 3'
- '#histogram 237 1'
- '#histogram 238 2'
- '#histogram 240 2'
- '#histogram 241 4'
- '#histogram 242 2'
- '#histogram 243 4'
- '#histogram 244 1'
- '#histogram 245 1'
- '#histogram 246 2'
- '#histogram 247 2'
- '#histogram 248 2'
- '#histogram 249 3'
- '#histogram 250 3'
- '#histogram 251 4'
- '#histogram 252 4'
- '#histogram 253 5'
- '#histogram 254 2'
- '#histogram 255 3'
- '#histogram 256 3'
- '#histogram 257 13'
- '#histogram 258 1'
- '#histogram 259 3'
- '#histogram 260 6'
- '#histogram 261 1'
- '#histogram 262 8'
- '#histogram 263 3'
- '#histogram 264 4'
- '#histogram 266 4'
- '#histogram 267 1'
- '#histogram 268 4'
- '#histogram 269 3'
- '#histogram 270 4'
- '#histogram 271 7'
- '#histogram 272 2'
- '#histogram 273 4'
- '#histogram 275 1'
- '#histogram 276 1'
- '#histogram 277 1'
- '#histogram 278 3'
- '#histogram 279 1'
- '#histogram 280 9'
- '#histogram 281 5'
- '#histogram 282 2'
- '#histogram 283 2'
- '#histogram 284 2'
- '#histogram 285 7'
- '#histogram 286 7'
- '#histogram 287 1'
- '#histogram 288 2'
- '#histogram 289 4'
- '#histogram 290 1'
- '#histogram 292 3'
- '#histogram 293 3'
- '#histogram 294 5'
- '#histogram 295 7'
- '#histogram 296 3'
- '#histogram 297 5'
- '#histogram 298 7'
- '#histogram 299 4'
- '#histogram 300 8'
- '#histogram 301 3'
- '#histogram 302 5'
- '#histogram 303 8'
- '#histogram 304 12'
- '#histogram 305 7'
- '#histogram 306 6'
- '#histogram 307 2'
- '#histogram 308 3'
- '#histogram 309 8'
- '#histogram 310 6'
- '#histogram 311 4'
- '#histogram 312 5'
- '#histogram 313 8'
- '#histogram 314 12'
- '#histogram 315 5'
- '#histogram 316 5'
- '#histogram 317 10'
- '#histogram 318 7'
- '#histogram 319 7'
- '#histogram 320 6'
- '#histogram 321 5'
- '#histogram 322 6'
- '#histogram 323 3'
- '#histogram 324 11'
- '#histogram 325 13'
- '#histogram 326 6'
- '#histogram 327 8'
- '#histogram 328 7'
- '#histogram 329 5'
- '#histogram 330 4'
- '#histogram 331 2'
- '#histogram 332 11'
- '#histogram 333 9'
- '#histogram 334 7'
- '#histogram 335 7'
- '#histogram 336 5'
- '#histogram 337 8'
- '#histogram 338 14'
- '#histogram 339 3'
- '#histogram 340 1'
- '#histogram 341 11'
- '#histogram 342 10'
- '#histogram 343 5'
- '#histogram 344 11'
- '#histogram 345 10'
- '#histogram 346 4'
- '#histogram 347 10'
- '#histogram 348 9'
- '#histogram 349 9'
- '#histogram 350 7'
- '#histogram 351 9'
- '#histogram 352 20'
- '#histogram 353 25'
- '#histogram 354 12'
- '#histogram 355 10'
- '#histogram 356 4'
- '#histogram 357 5'
- '#histogram 358 10'
- '#histogram 359 11'
- '#histogram 360 7'
- '#histogram 361 12'
- '#histogram 362 14'
- '#histogram 363 9'
- '#histogram 364 12'
- '#histogram 365 18'
- '#histogram 366 5'
- '#histogram 367 8'
- '#histogram 368 10'
- '#histogram 369 11'
- '#histogram 370 13'
- '#histogram 371 17'
- '#histogram 372 13'
- '#histogram 373 8'
- '#histogram 374 17'
- '#histogram 375 16'
- '#histogram 376 13'
- '#histogram 377 6'
- '#histogram 378 7'
- '#histogram 379 6'
- '#histogram 380 1'
- '#histogram 381 7'
- '#histogram 382 5'
- '#histogram 383 5'
- '#histogram 384 7'
- '#histogram 385 9'
- '#histogram 386 13'
- '#histogram 387 5'
- '#histogram 388 13'
- '#histogram 389 9'
- '#histogram 390 9'
- '#histogram 391 12'
- '#histogram 392 10'
- '#histogram 393 18'
- '#histogram 394 21'
- '#histogram 395 17'
- '#histogram 396 22'
- '#histogram 397 7'
- '#histogram 398 11'
- '#histogram 399 14'
- '#histogram 400 10'
- '#histogram 401 8'
- '#histogram 402 10'
- '#histogram 403 17'
- '#histogram 404 8'
- '#histogram 405 11'
- '#histogram 406 14'
- '#histogram 407 14'
- '#histogram 408 9'
- '#histogram 409 13'
- '#histogram 410 16'
- '#histogram 411 17'
- '#histogram 412 16'
- '#histogram 413 6'
- '#histogram 414 14'
- '#histogram 415 15'
- '#histogram 416 17'
- '#histogram 417 24'
- '#histogram 418 13'
- '#histogram 419 9'
- '#histogram 420 14'
- '#histogram 421 29'
- '#histogram 422 15'
- '#histogram 423 21'
- '#histogram 424 14'
- '#histogram 425 11'
- '#histogram 426 10'
- '#histogram 427 12'
- '#histogram 428 11'
- '#histogram 429 9'
- '#histogram 430 10'
- '#histogram 431 17'
- '#histogram 432 11'
- '#histogram 433 18'
- '#histogram 434 7'
- '#histogram 435 10'
- '#histogram 436 12'
- '#histogram 437 11'
- '#histogram 438 17'
- '#histogram 439 14'
- '#histogram 440 6'
- '#histogram 441 4'
- '#histogram 442 17'
- '#histogram 443 16'
- '#histogram 444 20'
- '#histogram 445 13'
- '#histogram 446 21'
- '#histogram 447 17'
- '#histogram 448 18'
- '#histogram 449 5'
- '#histogram 450 12'
- '#histogram 451 11'
- '#histogram 452 19'
- '#histogram 453 16'
- '#histogram 454 8'
- '#histogram 455 12'
- '#histogram 456 19'
- '#histogram 457 19'
- '#histogram 458 18'
- '#histogram 459 7'
- '#histogram 460 16'
- '#histogram 461 23'
- '#histogram 462 23'
- '#histogram 463 11'
- '#histogram 464 11'
- '#histogram 465 9'
- '#histogram 466 15'
- '#histogram 467 18'
- '#histogram 468 14'
- '#histogram 469 14'
- '#histogram 470 20'
- '#histogram 471 18'
- '#histogram 472 14'
- '#histogram 473 13'
- '#histogram 474 15'
- '#histogram 475 17'
- '#histogram 476 11'
- '#histogram 477 6'
- '#histogram 478 14'
- '#histogram 479 15'
- '#histogram 480 13'
- '#histogram 481 17'
- '#histogram 482 11'
- '#histogram 483 14'
- '#histogram 484 14'
- '#histogram 485 17'
- '#histogram 486 17'
- '#histogram 487 14'
- '#histogram 488 17'
- '#histogram 489 16'
- '#histogram 490 8'
- '#histogram 491 14'
- '#histogram 492 12'
- '#histogram 493 16'
- '#histogram 494 13'
- '#histogram 495 12'
- '#histogram 496 16'
- '#histogram 497 9'
- '#histogram 498 13'
- '#histogram 499 16'
- '#histogram 500 15'
- '#histogram 501 8'
- '#histogram 502 17'
- '#histogram 503 9'
- '#histogram 504 9'
- '#histogram 505 11'
- '#histogram 506 18'
- '#histogram 507 18'
- '#histogram 508 12'
- '#histogram 509 12'
- '#histogram 510 7'
- '#histogram 511 12'
- '#histogram 512 12'
- '#histogram 513 14'
- '#histogram 514 10'
- '#histogram 515 11'
- '#histogram 516 9'
- '#histogram 517 9'
- '#histogram 518 24'
- '#histogram 519 17'
- '#histogram 520 9'
- '#histogram 521 24'
- '#histogram 522 20'
- '#histogram 523 17'
- '#histogram 524 23'
- '#histogram 525 15'
- '#histogram 526 13'
- '#histogram 527 15'
- '#histogram 528 14'
- '#histogram 529 18'
- '#histogram 530 13'
- '#histogram 531 15'
- '#histogram 532 15'
- '#histogram 533 14'
- '#histogram 534 16'
- '#histogram 535 13'
- '#histogram 536 15'
- '#histogram 537 20'
- '#histogram 538 20'
- '#histogram 539 14'
- '#histogram 540 11'
- '#histogram 541 19'
- '#histogram 542 17'
- '#histogram 543 17'
- '#histogram 544 10'
- '#histogram 545 17'
- '#histogram 546 15'
- '#histogram 547 15'
- '#histogram 548 10'
- '#histogram 549 29'
- '#histogram 550 15'
- '#histogram 551 25'
- '#histogram 552 21'
- '#histogram 553 13'
- '#histogram 554 16'
- '#histogram 555 22'
- '#histogram 556 23'
- '#histogram 557 18'
- '#histogram 558 16'
- '#histogram 559 16'
- '#histogram 560 17'
- '#histogram 561 21'
- '#histogram 562 21'
- '#histogram 563 20'
- '#histogram 564 13'
- '#histogram 565 14'
- '#histogram 566 27'
- '#histogram 567 26'
- '#histogram 568 22'
- '#histogram 569 19'
- '#histogram 570 17'
- '#histogram 571 26'
- '#histogram 572 24'
- '#histogram 573 23'
- '#histogram 574 20'
- '#histogram 575 10'
- '#histogram 576 20'
- '#histogram 577 16'
- '#histogram 578 15'
- '#histogram 579 14'
- '#histogram 580 24'
- '#histogram 581 20'
- '#histogram 582 21'
- '#histogram 583 17'
- '#histogram 584 10'
- '#histogram 585 18'
- '#histogram 586 16'
- '#histogram 587 17'
- '#histogram 588 15'
- '#histogram 589 26'
- '#histogram 590 30'
- '#histogram 591 18'
- '#histogram 592 21'
- '#histogram 593 16'
- '#histogram 594 21'
- '#histogram 595 20'
- '#histogram 596 14'
- '#histogram 597 16'
- '#histogram 598 22'
- '#histogram 599 18'
- '#histogram 600 11'
- '#histogram 601 18'
- '#histogram 602 32'
- '#histogram 603 27'
- '#histogram 604 22'
- '#histogram 605 31'
- '#histogram 606 20'
- '#histogram 607 20'
- '#histogram 608 30'
- '#histogram 609 16'
- '#histogram 610 22'
- '#histogram 611 33'
- '#histogram 612 19'
- '#histogram 613 13'
- '#histogram 614 16'
- '#histogram 615 16'
- '#histogram 616 20'
- '#histogram 617 23'
- '#histogram 618 23'
- '#histogram 619 22'
- '#histogram 620 23'
- '#histogram 621 19'
- '#histogram 622 33'
- '#histogram 623 13'
- '#histogram 624 23'
- '#histogram 625 22'
- '#histogram 626 21'
- '#histogram 627 33'
- '#histogram 628 22'
- '#histogram 629 30'
- '#histogram 630 20'
- '#histogram 631 18'
- '#histogram 632 20'
- '#histogram 633 23'
- '#histogram 634 18'
- '#histogram 635 26'
- '#histogram 636 49'
- '#histogram 637 39'
- '#histogram 638 20'
- '#histogram 639 18'
- '#histogram 640 28'
- '#histogram 641 31'
- '#histogram 642 25'
- '#histogram 643 19'
- '#histogram 644 10'
- '#histogram 645 28'
- '#histogram 646 27'
- '#histogram 647 17'
- '#histogram 648 24'
- '#histogram 649 24'
- '#histogram 650 30'
- '#histogram 651 28'
- '#histogram 652 22'
- '#histogram 653 23'
- '#histogram 654 28'
- '#histogram 655 21'
- '#histogram 656 36'
- '#histogram 657 39'
- '#histogram 658 29'
- '#histogram 659 24'
- '#histogram 660 30'
- '#histogram 661 23'
- '#histogram 662 22'
- '#histogram 663 22'
- '#histogram 664 20'
- '#histogram 665 19'
- '#histogram 666 17'
- '#histogram 667 18'
- '#histogram 668 30'
- '#histogram 669 28'
- '#histogram 670 13'
- '#histogram 671 24'
- '#histogram 672 21'
- '#histogram 673 22'
- '#histogram 674 24'
- '#histogram 675 22'
- '#histogram 676 11'
- '#histogram 677 16'
- '#histogram 678 14'
- '#histogram 679 16'
- '#histogram 680 20'
- '#histogram 681 19'
- '#histogram 682 12'
- '#histogram 683 21'
- '#histogram 684 25'
- '#histogram 685 15'
- '#histogram 686 19'
- '#histogram 687 14'
- '#histogram 688 22'
- '#histogram 689 20'
- '#histogram 690 21'
- '#histogram 691 16'
- '#histogram 692 17'
- '#histogram 693 16'
- '#histogram 694 20'
- '#histogram 695 19'
- '#histogram 696 19'
- '#histogram 697 19'
- '#histogram 698 18'
- '#histogram 699 25'
- '#histogram 700 22'
- '#histogram 701 15'
- '#histogram 702 19'
- '#histogram 703 17'
- '#histogram 704 20'
- '#histogram 705 9'
- '#histogram 706 17'
- '#histogram 707 33'
- '#histogram 708 21'
- '#histogram 709 24'
- '#histogram 710 26'
- '#histogram 711 17'
- '#histogram 712 25'
- '#histogram 713 16'
- '#histogram 714 31'
- '#histogram 715 20'
- '#histogram 716 30'
- '#histogram 717 19'
- '#histogram 718 17'
- '#histogram 719 14'
- '#histogram 720 18'
- '#histogram 721 26'
- '#histogram 722 22'
- '#histogram 723 17'
- '#histogram 724 31'
- '#histogram 725 18'
- '#histogram 726 16'
- '#histogram 727 14'
- '#histogram 728 14'
- '#histogram 729 25'
- '#histogram 730 28'
- '#histogram 731 19'
- '#histogram 732 20'
- '#histogram 733 24'
- '#histogram 734 17'
- '#histogram 735 14'
- '#histogram 736 20'
- '#histogram 737 27'
- '#histogram 738 10'
- '#histogram 739 11'
- '#histogram 740 17'
- '#histogram 741 16'
- '#histogram 742 13'
- '#histogram 743 18'
- '#histogram 744 18'
- '#histogram 745 16'
- '#histogram 746 17'
- '#histogram 747 25'
- '#histogram 748 23'
- '#histogram 749 15'
- '#histogram 750 28'
- '#histogram 751 19'
- '#histogram 752 13'
- '#histogram 753 23'
- '#histogram 754 20'
- '#histogram 755 29'
- '#histogram 756 20'
- '#histogram 757 22'
- '#histogram 758 33'
- '#histogram 759 18'
- '#histogram 760 23'
- '#histogram 761 22'
- '#histogram 762 22'
- '#histogram 763 22'
- '#histogram 764 23'
- '#histogram 765 30'
- '#histogram 766 23'
- '#histogram 767 24'
- '#histogram 768 20'
- '#histogram 769 28'
- '#histogram 770 11'
- '#histogram 771 23'
- '#histogram 772 24'
- '#histogram 773 24'
- '#histogram 774 28'
- '#histogram 775 19'
- '#histogram 776 28'
- '#histogram 777 18'
- '#histogram 778 12'
- '#histogram 779 24'
- '#histogram 780 22'
- '#histogram 781 14'
- '#histogram 782 17'
- '#histogram 783 19'
- '#histogram 784 20'
- '#histogram 785 23'
- '#histogram 786 22'
- '#histogram 787 22'
- '#histogram 788 21'
- '#histogram 789 16'
- '#histogram 790 25'
- '#histogram 791 15'
- '#histogram 792 16'
- '#histogram 793 16'
- '#histogram 794 19'
- '#histogram 795 24'
- '#histogram 796 15'
- '#histogram 797 14'
- '#histogram 798 15'
- '#histogram 799 10'
- '#histogram 800 23'
- '#histogram 801 19'
- '#histogram 802 19'
- '#histogram 803 32'
- '#histogram 804 31'
- '#histogram 805 46'
- '#histogram 806 26'
- '#histogram 807 27'
- '#histogram 808 25'
- '#histogram 809 13'
- '#histogram 810 18'
- '#histogram 811 23'
- '#histogram 812 22'
- '#histogram 813 18'
- '#histogram 814 26'
- '#histogram 815 22'
- '#histogram 816 33'
- '#histogram 817 16'
- '#histogram 818 24'
- '#histogram 819 23'
- '#histogram 820 30'
- '#histogram 821 23'
- '#histogram 822 18'
- '#histogram 823 22'
- '#histogram 824 14'
- '#histogram 825 18'
- '#histogram 826 16'
- '#histogram 827 21'
- '#histogram 828 18'
- '#histogram 829 22'
- '#histogram 830 13'
- '#histogram 831 13'
- '#histogram 832 11'
- '#histogram 833 12'
- '#histogram 834 20'
- '#histogram 835 17'
- '#histogram 836 18'
- '#histogram 837 26'
- '#histogram 838 16'
- '#histogram 839 19'
- '#histogram 840 15'
- '#histogram 841 13'
- '#histogram 842 16'
- '#histogram 843 18'
- '#histogram 844 21'
- '#histogram 845 12'
- '#histogram 846 9'
- '#histogram 847 13'
- '#histogram 848 18'
- '#histogram 849 15'
- '#histogram 850 33'
- '#histogram 851 20'
- '#histogram 852 13'
- '#histogram 853 14'
- '#histogram 854 10'
- '#histogram 855 20'
- '#histogram 856 18'
- '#histogram 857 23'
- '#histogram 858 17'
- '#histogram 859 15'
- '#histogram 860 16'
- '#histogram 861 21'
- '#histogram 862 16'
- '#histogram 863 18'
- '#histogram 864 21'
- '#histogram 865 22'
- '#histogram 866 14'
- '#histogram 867 20'
- '#histogram 868 18'
- '#histogram 869 13'
- '#histogram 870 14'
- '#histogram 871 26'
- '#histogram 872 21'
- '#histogram 873 27'
- '#histogram 874 26'
- '#histogram 875 18'
- '#histogram 876 25'
- '#histogram 877 23'
- '#histogram 878 12'
- '#histogram 879 12'
- '#histogram 880 16'
- '#histogram 881 19'
- '#histogram 882 17'
- '#histogram 883 17'
- '#histogram 884 17'
- '#histogram 885 20'
- '#histogram 886 14'
- '#histogram 887 12'
- '#histogram 888 15'
- '#histogram 889 16'
- '#histogram 890 12'
- '#histogram 891 12'
- '#histogram 892 13'
- '#histogram 893 8'
- '#histogram 894 21'
- '#histogram 895 15'
- '#histogram 896 30'
- '#histogram 897 23'
- '#histogram 898 19'
- '#histogram 899 15'
- '#histogram 900 16'
- '#histogram 901 19'
- '#histogram 902 19'
- '#histogram 903 13'
- '#histogram 904 20'
- '#histogram 905 15'
- '#histogram 906 21'
- '#histogram 907 24'
- '#histogram 908 11'
- '#histogram 909 9'
- '#histogram 910 14'
- '#histogram 911 8'
- '#histogram 912 9'
- '#histogram 913 15'
- '#histogram 914 14'
- '#histogram 915 14'
- '#histogram 916 19'
- '#histogram 917 15'
- '#histogram 918 13'
- '#histogram 919 9'
- '#histogram 920 13'
- '#histogram 921 15'
- '#histogram 922 8'
- '#histogram 923 12'
- '#histogram 924 17'
- '#histogram 925 17'
- '#histogram 926 10'
- '#histogram 927 11'
- '#histogram 928 15'
- '#histogram 929 11'
- '#histogram 930 17'
- '#histogram 931 19'
- '#histogram 932 12'
- '#histogram 933 11'
- '#histogram 934 17'
- '#histogram 935 15'
- '#histogram 936 16'
- '#histogram 937 14'
- '#histogram 938 17'
- '#histogram 939 16'
- '#histogram 940 18'
- '#histogram 941 19'
- '#histogram 942 12'
- '#histogram 943 11'
- '#histogram 944 18'
- '#histogram 945 13'
- '#histogram 946 15'
- '#histogram 947 16'
- '#histogram 948 10'
- '#histogram 949 20'
- '#histogram 950 15'
- '#histogram 951 18'
- '#histogram 952 12'
- '#histogram 953 15'
- '#histogram 954 14'
- '#histogram 955 8'
- '#histogram 956 11'
- '#histogram 957 18'
- '#histogram 958 12'
- '#histogram 959 20'
- '#histogram 960 13'
- '#histogram 961 16'
- '#histogram 962 12'
- '#histogram 963 12'
- '#histogram 964 20'
- '#histogram 965 14'
- '#histogram 966 15'
- '#histogram 967 23'
- '#histogram 968 21'
- '#histogram 969 17'
- '#histogram 970 13'
- '#histogram 971 31'
- '#histogram 972 12'
- '#histogram 973 14'
- '#histogram 974 16'
- '#histogram 975 26'
- '#histogram 976 13'
- '#histogram 977 18'
- '#histogram 978 18'
- '#histogram 979 16'
- '#histogram 980 20'
- '#histogram 981 10'
- '#histogram 982 12'
- '#histogram 983 18'
- '#histogram 984 14'
- '#histogram 985 10'
- '#histogram 986 14'
- '#histogram 987 18'
- '#histogram 988 20'
- '#histogram 989 13'
- '#histogram 990 14'
- '#histogram 991 9'
- '#histogram 992 10'
- '#histogram 993 4'
- '#histogram 994 14'
- '#histogram 995 16'
- '#histogram 996 17'
- '#histogram 997 6'
- '#histogram 998 20'
- '#histogram 999 8'
- '#histogram 1000 13'
- '#histogram 1001 14'
- '#histogram 1002 16'
- '#histogram 1003 23'
- '#histogram 1004 21'
- '#histogram 1005 15'
- '#histogram 1006 19'
- '#histogram 1007 18'
- '#histogram 1008 12'
- '#histogram 1009 15'
- '#histogram 1010 15'
- '#histogram 1011 21'
- '#histogram 1012 9'
- '#histogram 1013 16'
- '#histogram 1014 12'
- '#histogram 1015 17'
- '#histogram 1016 15'
- '#histogram 1017 17'
- '#histogram 1018 9'
- '#histogram 1019 11'
- '#histogram 1020 6'
- '#histogram 1021 16'
- '#histogram 1022 12'
- '#histogram 1023 16'
- '#histogram 1024 19'
- '#histogram 1025 11'
- '#histogram 1026 11'
- '#histogram 1027 16'
- '#histogram 1028 12'
- '#histogram 1029 17'
- '#histogram 1030 12'
- '#histogram 1031 10'
- '#histogram 1032 14'
- '#histogram 1033 4'
- '#histogram 1034 13'
- '#histogram 1035 12'
- '#histogram 1036 17'
- '#histogram 1037 13'
- '#histogram 1038 10'
- '#histogram 1039 14'
- '#histogram 1040 9'
- '#histogram 1041 13'
- '#histogram 1042 4'
- '#histogram 1043 8'
- '#histogram 1044 7'
- '#histogram 1045 17'
- '#histogram 1046 9'
- '#histogram 1047 12'
- '#histogram 1048 8'
- '#histogram 1049 12'
- '#histogram 1050 22'
- '#histogram 1051 14'
- '#histogram 1052 12'
- '#histogram 1053 17'
- '#histogram 1054 10'
- '#histogram 1055 13'
- '#histogram 1056 16'
- '#histogram 1057 11'
- '#histogram 1058 7'
- '#histogram 1059 14'
- '#histogram 1060 12'
- '#histogram 1061 13'
- '#histogram 1062 16'
- '#histogram 1063 19'
- '#histogram 1064 12'
- '#histogram 1065 23'
- '#histogram 1066 17'
- '#histogram 1067 13'
- '#histogram 1068 18'
- '#histogram 1069 10'
- '#histogram 1070 11'
- '#histogram 1071 13'
- '#histogram 1072 9'
- '#histogram 1073 8'
- '#histogram 1074 12'
- '#histogram 1075 10'
- '#histogram 1076 20'
- '#histogram 1077 17'
- '#histogram 1078 18'
- '#histogram 1079 12'
- '#histogram 1080 7'
- '#histogram 1081 9'
- '#histogram 1082 7'
- '#histogram 1083 4'
- '#histogram 1084 8'
- '#histogram 1085 9'
- '#histogram 1086 13'
- '#histogram 1087 4'
- '#histogram 1088 11'
- '#histogram 1089 14'
- '#histogram 1090 5'
- '#histogram 1091 15'
- '#histogram 1092 16'
- '#histogram 1093 6'
- '#histogram 1094 9'
- '#histogram 1095 14'
- '#histogram 1096 16'
- '#histogram 1097 6'
- '#histogram 1098 12'
- '#histogram 1099 9'
- '#histogram 1100 8'
- '#histogram 1101 11'
- '#histogram 1102 9'
- '#histogram 1103 4'
- '#histogram 1104 9'
- '#histogram 1105 11'
- '#histogram 1106 12'
- '#histogram 1107 13'
- '#histogram 1108 4'
- '#histogram 1109 10'
- '#histogram 1110 12'
- '#histogram 1111 10'
- '#histogram 1112 6'
- '#histogram 1113 16'
- '#histogram 1114 21'
- '#histogram 1115 8'
- '#histogram 1116 13'
- '#histogram 1117 10'
- '#histogram 1118 10'
- '#histogram 1119 6'
- '#histogram 1120 5'
- '#histogram 1121 6'
- '#histogram 1122 4'
- '#histogram 1123 11'
- '#histogram 1124 12'
- '#histogram 1125 19'
- '#histogram 1126 11'
- '#histogram 1127 8'
- '#histogram 1128 9'
- '#histogram 1129 7'
- '#histogram 1130 10'
- '#histogram 1131 11'
- '#histogram 1132 6'
- '#histogram 1133 10'
- '#histogram 1134 4'
- '#histogram 1135 5'
- '#histogram 1136 3'
- '#histogram 1137 5'
- '#histogram 1138 7'
- '#histogram 1139 6'
- '#histogram 1140 4'
- '#histogram 1141 4'
- '#histogram 1142 8'
- '#histogram 1143 7'
- '#histogram 1144 3'
- '#histogram 1145 4'
- '#histogram 1146 9'
- '#histogram 1147 4'
- '#histogram 1148 7'
- '#histogram 1149 7'
- '#histogram 1150 5'
- '#histogram 1151 8'
- '#histogram 1152 9'
- '#histogram 1153 5'
- '#histogram 1154 6'
- '#histogram 1155 11'
- '#histogram 1156 8'
- '#histogram 1157 12'
- '#histogram 1158 5'
- '#histogram 1159 6'
- '#histogram 1160 15'
- '#histogram 1161 9'
- '#histogram 1162 10'
- '#histogram 1163 13'
- '#histogram 1164 6'
- '#histogram 1165 9'
- '#histogram 1166 11'
- '#histogram 1167 13'
- '#histogram 1168 8'
- '#histogram 1169 3'
- '#histogram 1170 6'
- '#histogram 1171 8'
- '#histogram 1173 10'
- '#histogram 1174 11'
- '#histogram 1175 10'
- '#histogram 1176 9'
- '#histogram 1177 11'
- '#histogram 1178 10'
- '#histogram 1179 9'
- '#histogram 1180 13'
- '#histogram 1181 2'
- '#histogram 1182 8'
- '#histogram 1183 5'
- '#histogram 1184 7'
- '#histogram 1185 6'
- '#histogram 1186 3'
- '#histogram 1187 8'
- '#histogram 1188 10'
- '#histogram 1189 10'
- '#histogram 1190 11'
- '#histogram 1191 6'
- '#histogram 1192 2'
- '#histogram 1193 5'
- '#histogram 1194 9'
- '#histogram 1195 3'
- '#histogram 1196 9'
- '#histogram 1197 6'
- '#histogram 1198 11'
- '#histogram 1199 2'
- '#histogram 1200 5'
- '#histogram 1201 4'
- '#histogram 1202 6'
- '#histogram 1203 1'
- '#histogram 1204 4'
- '#histogram 1206 3'
- '#histogram 1207 7'
- '#histogram 1208 4'
- '#histogram 1209 3'
- '#histogram 1210 5'
- '#histogram 1211 2'
- '#histogram 1212 3'
- '#histogram 1213 5'
- '#histogram 1214 4'
- '#histogram 1215 4'
- '#histogram 1216 6'
- '#histogram 1217 3'
- '#histogram 1219 6'
- '#histogram 1220 2'
- '#histogram 1221 1'
- '#histogram 1222 6'
- '#histogram 1223 1'
- '#histogram 1224 3'
- '#histogram 1225 9'
- '#histogram 1226 12'
- '#histogram 1227 3'
- '#histogram 1228 6'
- '#histogram 1229 2'
- '#histogram 1230 2'
- '#histogram 1231 9'
- '#histogram 1232 6'
- '#histogram 1233 9'
- '#histogram 1234 9'
- '#histogram 1235 6'
- '#histogram 1236 3'
- '#histogram 1237 3'
- '#histogram 1238 1'
- '#histogram 1239 4'
- '#histogram 1241 1'
- '#histogram 1242 1'
- '#histogram 1243 3'
- '#histogram 1244 5'
- '#histogram 1245 5'
- '#histogram 1246 1'
- '#histogram 1247 2'
- '#histogram 1248 3'
- '#histogram 1249 3'
- '#histogram 1250 4'
- '#histogram 1251 4'
- '#histogram 1252 5'
- '#histogram 1253 4'
- '#histogram 1254 6'
- '#histogram 1255 6'
- '#histogram 1256 2'
- '#histogram 1257 10'
- '#histogram 1258 4'
- '#histogram 1259 4'
- '#histogram 1260 3'
- '#histogram 1261 1'
- '#histogram 1262 2'
- '#histogram 1263 5'
- '#histogram 1264 4'
- '#histogram 1265 5'
- '#histogram 1266 8'
- '#histogram 1267 5'
- '#histogram 1268 3'
- '#histogram 1269 1'
- '#histogram 1270 1'
- '#histogram 1271 3'
- '#histogram 1272 3'
- '#histogram 1273 6'
- '#histogram 1274 6'
- '#histogram 1275 2'
- '#histogram 1276 1'
- '#histogram 1277 6'
- '#histogram 1278 5'
- '#histogram 1279 1'
- '#histogram 1280 2'
- '#histogram 1281 6'
- '#histogram 1282 2'
- '#histogram 1283 6'
- '#histogram 1284 6'
- '#histogram 1285 4'
- '#histogram 1286 1'
- '#histogram 1287 3'
- '#histogram 1288 1'
- '#histogram 1289 2'
- '#histogram 1290 4'
- '#histogram 1291 4'
- '#histogram 1292 6'
- '#histogram 1293 2'
- '#histogram 1294 5'
- '#histogram 1295 4'
- '#histogram 1296 2'
- '#histogram 1297 1'
- '#histogram 1298 6'
- '#histogram 1299 5'
- '#histogram 1300 2'
- '#histogram 1301 2'
- '#histogram 1302 1'
- '#histogram 1303 4'
- '#histogram 1304 3'
- '#histogram 1305 4'
- '#histogram 1306 3'
- '#histogram 1307 5'
- '#histogram 1308 3'
- '#histogram 1309 4'
- '#histogram 1310 3'
- '#histogram 1312 5'
- '#histogram 1314 3'
- '#histogram 1315 5'
- '#histogram 1316 8'
- '#histogram 1317 3'
- '#histogram 1318 2'
- '#histogram 1319 3'
- '#histogram 1320 1'
- '#histogram 1321 3'
- '#histogram 1322 6'
- '#histogram 1323 2'
- '#histogram 1324 3'
- '#histogram 1325 3'
- '#histogram 1326 4'
- '#histogram 1328 1'
- '#histogram 1329 5'
- '#histogram 1330 4'
- '#histogram 1331 4'
- '#histogram 1332 4'
- '#histogram 1333 3'
- '#histogram 1334 5'
- '#histogram 1335 9'
- '#histogram 1336 10'
- '#histogram 1337 12'
- '#histogram 1338 1'
- '#histogram 1339 4'
- '#histogram 1340 4'
- '#histogram 1341 1'
- '#histogram 1342 7'
- '#histogram 1343 3'
- '#histogram 1344 1'
- '#histogram 1345 5'
- '#histogram 1346 4'
- '#histogram 1347 1'
- '#histogram 1348 2'
- '#histogram 1349 2'
- '#histogram 1350 3'
- '#histogram 1351 7'
- '#histogram 1352 3'
- '#histogram 1354 2'
- '#histogram 1355 4'
- '#histogram 1356 3'
- '#histogram 1357 3'
- '#histogram 1358 4'
- '#histogram 1359 5'
- '#histogram 1361 8'
- '#histogram 1362 16'
- '#histogram 1363 1'
- '#histogram 1364 1'
- '#histogram 1365 4'
- '#histogram 1366 3'
- '#histogram 1367 2'
- '#histogram 1368 3'
- '#histogram 1369 2'
- '#histogram 1370 2'
- '#histogram 1372 3'
- '#histogram 1373 2'
- '#histogram 1374 2'
- '#histogram 1375 7'
- '#histogram 1376 1'
- '#histogram 1377 5'
- '#histogram 1378 5'
- '#histogram 1379 5'
- '#histogram 1380 5'
- '#histogram 1381 2'
- '#histogram 1382 2'
- '#histogram 1383 2'
- '#histogram 1384 1'
- '#histogram 1385 2'
- '#histogram 1386 1'
- '#histogram 1388 4'
- '#histogram 1390 3'
- '#histogram 1391 1'
- '#histogram 1392 1'
- '#histogram 1393 3'
- '#histogram 1394 5'
- '#histogram 1395 3'
- '#histogram 1396 3'
- '#histogram 1397 1'
- '#histogram 1398 4'
- '#histogram 1399 1'
- '#histogram 1400 2'
- '#histogram 1401 1'
- '#histogram 1402 2'
- '#histogram 1403 1'
- '#histogram 1404 3'
- '#histogram 1406 3'
- '#histogram 1407 2'
- '#histogram 1408 1'
- '#histogram 1409 1'
- '#histogram 1410 4'
- '#histogram 1411 3'
- '#histogram 1412 1'
- '#histogram 1413 1'
- '#histogram 1414 5'
- '#histogram 1415 3'
- '#histogram 1416 2'
- '#histogram 1418 1'
- '#histogram 1420 3'
- '#histogram 1421 2'
- '#histogram 1422 3'
- '#histogram 1423 1'
- '#histogram 1424 3'
- '#histogram 1426 1'
- '#histogram 1431 1'
- '#histogram 1433 4'
- '#histogram 1434 6'
- '#histogram 1435 2'
- '#histogram 1436 1'
- '#histogram 1437 3'
- '#histogram 1438 7'
- '#histogram 1439 6'
- '#histogram 1440 5'
- '#histogram 1441 6'
- '#histogram 1442 4'
- '#histogram 1443 2'
- '#histogram 1444 2'
- '#histogram 1445 3'
- '#histogram 1446 3'
- '#histogram 1447 2'
- '#histogram 1448 2'
- '#histogram 1449 2'
- '#histogram 1450 3'
- '#histogram 1451 1'
- '#histogram 1452 1'
- '#histogram 1454 1'
- '#histogram 1455 1'
- '#histogram 1458 1'
- '#histogram 1459 3'
- '#histogram 1460 9'
- '#histogram 1461 2'
- '#histogram 1462 1'
- '#histogram 1467 1'
- '#histogram 1468 1'
- '#histogram 1469 1'
- '#histogram 1470 3'
- '#histogram 1474 1'
- '#histogram 1475 2'
- '#histogram 1476 1'
- '#histogram 1477 1'
- '#histogram 1480 7'
- '#histogram 1481 1'
- '#histogram 1482 3'
- '#histogram 1483 4'
- '#histogram 1484 1'
- '#histogram 1485 5'
- '#histogram 1486 1'
- '#histogram 1487 3'
- '#histogram 1489 2'
- '#histogram 1490 1'
- '#histogram 1491 1'
- '#histogram 1492 2'
- '#histogram 1493 2'
- '#histogram 1494 2'
- '#histogram 1496 1'
- '#histogram 1497 4'
- '#histogram 1499 3'
- '#histogram 1503 1'
- '#histogram 1504 1'
- '#histogram 1505 1'
- '#histogram 1506 2'
- '#histogram 1507 1'
- '#histogram 1509 1'
- '#histogram 1511 1'
- '#histogram 1513 3'
- '#histogram 1514 1'
- '#histogram 1515 1'
- '#histogram 1516 1'
- '#histogram 1517 3'
- '#histogram 1519 1'
- '#histogram 1520 1'
- '#histogram 1522 2'
- '#histogram 1523 3'
- '#histogram 1525 2'
- '#histogram 1526 4'
- '#histogram 1529 1'
- '#histogram 1531 2'
- '#histogram 1532 1'
- '#histogram 1533 4'
- '#histogram 1534 1'
- '#histogram 1536 1'
- '#histogram 1537 2'
- '#histogram 1538 1'
- '#histogram 1539 3'
- '#histogram 1540 3'
- '#histogram 1541 1'
- '#histogram 1542 2'
- '#histogram 1543 1'
- '#histogram 1544 2'
- '#histogram 1545 1'
- '#histogram 1546 1'
- '#histogram 1547 1'
- '#histogram 1548 1'
- '#histogram 1549 1'
- '#histogram 1550 1'
- '#histogram 1551 1'
- '#histogram 1556 3'
- '#histogram 1557 1'
- '#histogram 1559 1'
- '#histogram 1560 1'
- '#histogram 1564 2'
- '#histogram 1565 1'
- '#histogram 1566 1'
- '#histogram 1567 1'
- '#histogram 1568 5'
- '#histogram 1569 1'
- '#histogram 1570 1'
- '#histogram 1572 2'
- '#histogram 1573 4'
- '#histogram 1574 1'
- '#histogram 1582 1'
- '#histogram 1583 1'
- '#histogram 1586 2'
- '#histogram 1588 3'
- '#histogram 1589 1'
- '#histogram 1590 3'
- '#histogram 1591 2'
- '#histogram 1592 2'
- '#histogram 1593 1'
- '#histogram 1594 2'
- '#histogram 1598 2'
- '#histogram 1599 1'
- '#histogram 1600 3'
- '#histogram 1601 1'
- '#histogram 1603 2'
- '#histogram 1606 2'
- '#histogram 1609 1'
- '#histogram 1611 1'
- '#histogram 1613 1'
- '#histogram 1614 1'
- '#histogram 1615 3'
- '#histogram 1616 4'
- '#histogram 1617 4'
- '#histogram 1618 2'
- '#histogram 1619 1'
- '#histogram 1620 3'
- '#histogram 1621 3'
- '#histogram 1623 1'
- '#histogram 1624 3'
- '#histogram 1625 2'
- '#histogram 1626 1'
- '#histogram 1627 1'
- '#histogram 1628 1'
- '#histogram 1630 2'
- '#histogram 1631 1'
- '#histogram 1632 2'
- '#histogram 1635 1'
- '#histogram 1636 4'
- '#histogram 1637 1'
- '#histogram 1638 1'
- '#histogram 1640 3'
- '#histogram 1641 1'
- '#histogram 1643 5'
- '#histogram 1644 3'
- '#histogram 1645 1'
- '#histogram 1647 1'
- '#histogram 1651 1'
- '#histogram 1652 4'
- '#histogram 1653 3'
- '#histogram 1654 3'
- '#histogram 1655 3'
- '#histogram 1656 2'
- '#histogram 1657 2'
- '#histogram 1658 1'
- '#histogram 1659 1'
- '#histogram 1662 1'
- '#histogram 1667 2'
- '#histogram 1668 1'
- '#histogram 1670 1'
- '#histogram 1672 2'
- '#histogram 1673 3'
- '#histogram 1674 1'
- '#histogram 1676 1'
- '#histogram 1677 2'
- '#histogram 1678 1'
- '#histogram 1681 1'
- '#histogram 1682 3'
- '#histogram 1684 1'
- '#histogram 1690 1'
- '#histogram 1692 1'
- '#histogram 1693 2'
- '#histogram 1694 1'
- '#histogram 1695 2'
- '#histogram 1705 1'
- '#histogram 1706 2'
- '#histogram 1714 1'
- '#histogram 1718 1'
- '#histogram 1722 4'
- '#histogram 1723 2'
- '#histogram 1724 2'
- '#histogram 1730 1'
- '#histogram 1732 1'
- '#histogram 1735 2'
- '#histogram 1737 1'
- '#histogram 1743 1'
- '#histogram 1747 1'
- '#histogram 1748 1'
- '#histogram 1749 2'
- '#histogram 1750 2'
- '#histogram 1751 3'
- '#histogram 1756 1'
- '#histogram 1759 1'
- '#histogram 1764 1'
- '#histogram 1768 2'
- '#histogram 1780 2'
- '#histogram 1786 2'
- '#histogram 1790 1'
- '#histogram 1792 2'
- '#histogram 1794 2'
- '#histogram 1795 1'
- '#histogram 1796 8'
- '#histogram 1797 2'
- '#histogram 1798 4'
- '#histogram 1800 2'
- '#histogram 1802 2'
- '#histogram 1803 2'
- '#histogram 1805 4'
- '#histogram 1809 1'
- '#histogram 1810 2'
- '#histogram 1811 4'
- '#histogram 1812 2'
- '#histogram 1814 1'
- '#histogram 1816 1'
- '#histogram 1820 1'
- '#histogram 1822 4'
- '#histogram 1824 1'
- '#histogram 1825 1'
- '#histogram 1826 5'
- '#histogram 1827 1'
- '#histogram 1828 2'
- '#histogram 1829 1'
- '#histogram 1830 1'
- '#histogram 1831 2'
- '#histogram 1834 2'
- '#histogram 1835 3'
- '#histogram 1836 1'
- '#histogram 1837 3'
- '#histogram 1839 3'
- '#histogram 1840 1'
- '#histogram 1846 1'
- '#histogram 1847 3'
- '#histogram 1850 1'
- '#histogram 1851 1'
- '#histogram 1855 1'
- '#histogram 1857 2'
- '#histogram 1859 1'
- '#histogram 1860 2'
- '#histogram 1862 1'
- '#histogram 1866 2'
- '#histogram 1881 1'
- '#histogram 1886 1'
- '#histogram 1890 1'
- '#histogram 1929 1'
- '#histogram 1934 1'
- '#histogram 1938 1'
- '#histogram 1949 1'
- '#histogram 1960 1'
- '#histogram 2094 2'
- '#histogram 2097 1'
- '#histogram 2113 1'
- ''
