code: 0
data:
  avg_latency: 0.114278
  histogram:
  - - 0
    - 0
  - - 1
    - 23
  - - 2
    - 127
  - - 3
    - 193
  - - 4
    - 257
  - - 5
    - 293
  - - 6
    - 301
  - - 7
    - 298
  - - 8
    - 311
  - - 9
    - 326
  - - 10
    - 319
  - - 11
    - 360
  - - 12
    - 318
  - - 13
    - 340
  - - 14
    - 345
  - - 15
    - 382
  - - 16
    - 397
  - - 17
    - 411
  - - 18
    - 389
  - - 19
    - 394
  - - 20
    - 416
  - - 21
    - 452
  - - 22
    - 467
  - - 23
    - 439
  - - 24
    - 482
  - - 25
    - 499
  - - 26
    - 503
  - - 27
    - 519
  - - 28
    - 545
  - - 29
    - 586
  - - 30
    - 509
  - - 31
    - 536
  - - 32
    - 554
  - - 33
    - 577
  - - 34
    - 643
  - - 35
    - 606
  - - 36
    - 620
  - - 37
    - 626
  - - 38
    - 621
  - - 39
    - 644
  - - 40
    - 695
  - - 41
    - 693
  - - 42
    - 693
  - - 43
    - 706
  - - 44
    - 718
  - - 45
    - 737
  - - 46
    - 747
  - - 47
    - 742
  - - 48
    - 682
  - - 49
    - 725
  - - 50
    - 748
  - - 51
    - 764
  - - 52
    - 777
  - - 53
    - 801
  - - 54
    - 752
  - - 55
    - 791
  - - 56
    - 862
  - - 57
    - 850
  - - 58
    - 757
  - - 59
    - 794
  - - 60
    - 824
  - - 61
    - 808
  - - 62
    - 857
  - - 63
    - 865
  - - 64
    - 816
  - - 65
    - 814
  - - 66
    - 802
  - - 67
    - 853
  - - 68
    - 826
  - - 69
    - 802
  - - 70
    - 804
  - - 71
    - 804
  - - 72
    - 849
  - - 73
    - 787
  - - 74
    - 830
  - - 75
    - 732
  - - 76
    - 823
  - - 77
    - 809
  - - 78
    - 775
  - - 79
    - 815
  - - 80
    - 726
  - - 81
    - 831
  - - 82
    - 800
  - - 83
    - 755
  - - 84
    - 800
  - - 85
    - 830
  - - 86
    - 778
  - - 87
    - 732
  - - 88
    - 739
  - - 89
    - 710
  - - 90
    - 719
  - - 91
    - 700
  - - 92
    - 693
  - - 93
    - 722
  - - 94
    - 681
  - - 95
    - 657
  - - 96
    - 678
  - - 97
    - 666
  - - 98
    - 645
  - - 99
    - 640
  - - 100
    - 590
  - - 101
    - 667
  - - 102
    - 629
  - - 103
    - 627
  - - 104
    - 606
  - - 105
    - 672
  - - 106
    - 575
  - - 107
    - 567
  - - 108
    - 558
  - - 109
    - 545
  - - 110
    - 550
  - - 111
    - 574
  - - 112
    - 542
  - - 113
    - 552
  - - 114
    - 503
  - - 115
    - 493
  - - 116
    - 524
  - - 117
    - 490
  - - 118
    - 467
  - - 119
    - 474
  - - 120
    - 492
  - - 121
    - 487
  - - 122
    - 440
  - - 123
    - 424
  - - 124
    - 447
  - - 125
    - 424
  - - 126
    - 404
  - - 127
    - 383
  - - 128
    - 411
  - - 129
    - 439
  - - 130
    - 402
  - - 131
    - 376
  - - 132
    - 403
  - - 133
    - 351
  - - 134
    - 360
  - - 135
    - 396
  - - 136
    - 351
  - - 137
    - 353
  - - 138
    - 340
  - - 139
    - 310
  - - 140
    - 303
  - - 141
    - 331
  - - 142
    - 321
  - - 143
    - 323
  - - 144
    - 298
  - - 145
    - 295
  - - 146
    - 266
  - - 147
    - 280
  - - 148
    - 303
  - - 149
    - 306
  - - 150
    - 266
  - - 151
    - 271
  - - 152
    - 260
  - - 153
    - 276
  - - 154
    - 256
  - - 155
    - 239
  - - 156
    - 235
  - - 157
    - 256
  - - 158
    - 254
  - - 159
    - 232
  - - 160
    - 230
  - - 161
    - 209
  - - 162
    - 232
  - - 163
    - 208
  - - 164
    - 199
  - - 165
    - 180
  - - 166
    - 188
  - - 167
    - 186
  - - 168
    - 195
  - - 169
    - 161
  - - 170
    - 209
  - - 171
    - 176
  - - 172
    - 202
  - - 173
    - 175
  - - 174
    - 161
  - - 175
    - 208
  - - 176
    - 134
  - - 177
    - 150
  - - 178
    - 137
  - - 179
    - 139
  - - 180
    - 139
  - - 181
    - 153
  - - 182
    - 157
  - - 183
    - 132
  - - 184
    - 140
  - - 185
    - 134
  - - 186
    - 131
  - - 187
    - 135
  - - 188
    - 149
  - - 189
    - 146
  - - 190
    - 120
  - - 191
    - 117
  - - 192
    - 141
  - - 193
    - 101
  - - 194
    - 113
  - - 195
    - 123
  - - 196
    - 107
  - - 197
    - 85
  - - 198
    - 103
  - - 199
    - 101
  - - 200
    - 105
  - - 201
    - 90
  - - 202
    - 106
  - - 203
    - 80
  - - 204
    - 75
  - - 205
    - 87
  - - 206
    - 88
  - - 207
    - 87
  - - 208
    - 82
  - - 209
    - 84
  - - 210
    - 76
  - - 211
    - 71
  - - 212
    - 78
  - - 213
    - 88
  - - 214
    - 74
  - - 215
    - 64
  - - 216
    - 91
  - - 217
    - 65
  - - 218
    - 70
  - - 219
    - 76
  - - 220
    - 62
  - - 221
    - 76
  - - 222
    - 70
  - - 223
    - 65
  - - 224
    - 74
  - - 225
    - 63
  - - 226
    - 78
  - - 227
    - 52
  - - 228
    - 65
  - - 229
    - 61
  - - 230
    - 69
  - - 231
    - 59
  - - 232
    - 52
  - - 233
    - 55
  - - 234
    - 50
  - - 235
    - 53
  - - 236
    - 54
  - - 237
    - 54
  - - 238
    - 62
  - - 239
    - 62
  - - 240
    - 58
  - - 241
    - 51
  - - 242
    - 65
  - - 243
    - 69
  - - 244
    - 52
  - - 245
    - 61
  - - 246
    - 62
  - - 247
    - 43
  - - 248
    - 50
  - - 249
    - 55
  - - 250
    - 51
  - - 251
    - 45
  - - 252
    - 41
  - - 253
    - 53
  - - 254
    - 42
  - - 255
    - 44
  - - 256
    - 59
  - - 257
    - 36
  - - 258
    - 46
  - - 259
    - 40
  - - 260
    - 40
  - - 261
    - 43
  - - 262
    - 42
  - - 263
    - 50
  - - 264
    - 34
  - - 265
    - 49
  - - 266
    - 42
  - - 267
    - 40
  - - 268
    - 32
  - - 269
    - 36
  - - 270
    - 39
  - - 271
    - 47
  - - 272
    - 31
  - - 273
    - 47
  - - 274
    - 28
  - - 275
    - 36
  - - 276
    - 39
  - - 277
    - 36
  - - 278
    - 30
  - - 279
    - 35
  - - 280
    - 41
  - - 281
    - 32
  - - 282
    - 40
  - - 283
    - 30
  - - 284
    - 32
  - - 285
    - 33
  - - 286
    - 42
  - - 287
    - 46
  - - 288
    - 27
  - - 289
    - 29
  - - 290
    - 29
  - - 291
    - 23
  - - 292
    - 28
  - - 293
    - 32
  - - 294
    - 46
  - - 295
    - 29
  - - 296
    - 28
  - - 297
    - 31
  - - 298
    - 26
  - - 299
    - 34
  - - 300
    - 27
  - - 301
    - 28
  - - 302
    - 36
  - - 303
    - 31
  - - 304
    - 23
  - - 305
    - 24
  - - 306
    - 25
  - - 307
    - 31
  - - 308
    - 34
  - - 309
    - 29
  - - 310
    - 33
  - - 311
    - 37
  - - 312
    - 25
  - - 313
    - 24
  - - 314
    - 35
  - - 315
    - 25
  - - 316
    - 35
  - - 317
    - 23
  - - 318
    - 23
  - - 319
    - 39
  - - 320
    - 23
  - - 321
    - 23
  - - 322
    - 25
  - - 323
    - 29
  - - 324
    - 29
  - - 325
    - 25
  - - 326
    - 28
  - - 327
    - 29
  - - 328
    - 29
  - - 329
    - 28
  - - 330
    - 24
  - - 331
    - 22
  - - 332
    - 18
  - - 333
    - 28
  - - 334
    - 25
  - - 335
    - 22
  - - 336
    - 30
  - - 337
    - 30
  - - 338
    - 26
  - - 339
    - 21
  - - 340
    - 28
  - - 341
    - 27
  - - 342
    - 24
  - - 343
    - 24
  - - 344
    - 21
  - - 345
    - 25
  - - 346
    - 28
  - - 347
    - 23
  - - 348
    - 23
  - - 349
    - 28
  - - 350
    - 28
  - - 351
    - 19
  - - 352
    - 26
  - - 353
    - 29
  - - 354
    - 18
  - - 355
    - 30
  - - 356
    - 20
  - - 357
    - 34
  - - 358
    - 19
  - - 359
    - 23
  - - 360
    - 32
  - - 361
    - 23
  - - 362
    - 19
  - - 363
    - 28
  - - 364
    - 23
  - - 365
    - 21
  - - 366
    - 19
  - - 367
    - 28
  - - 368
    - 24
  - - 369
    - 21
  - - 370
    - 18
  - - 371
    - 20
  - - 372
    - 21
  - - 373
    - 19
  - - 374
    - 13
  - - 375
    - 22
  - - 376
    - 22
  - - 377
    - 30
  - - 378
    - 20
  - - 379
    - 27
  - - 380
    - 21
  - - 381
    - 20
  - - 382
    - 24
  - - 383
    - 25
  - - 384
    - 19
  - - 385
    - 29
  - - 386
    - 19
  - - 387
    - 20
  - - 388
    - 21
  - - 389
    - 24
  - - 390
    - 28
  - - 391
    - 30
  - - 392
    - 20
  - - 393
    - 14
  - - 394
    - 21
  - - 395
    - 13
  - - 396
    - 30
  - - 397
    - 32
  - - 398
    - 22
  - - 399
    - 19
  - - 400
    - 13
  - - 401
    - 21
  - - 402
    - 21
  - - 403
    - 14
  - - 404
    - 23
  - - 405
    - 16
  - - 406
    - 23
  - - 407
    - 15
  - - 408
    - 10
  - - 409
    - 31
  - - 410
    - 18
  - - 411
    - 19
  - - 412
    - 16
  - - 413
    - 16
  - - 414
    - 15
  - - 415
    - 13
  - - 416
    - 16
  - - 417
    - 15
  - - 418
    - 12
  - - 419
    - 17
  - - 420
    - 23
  - - 421
    - 13
  - - 422
    - 17
  - - 423
    - 16
  - - 424
    - 17
  - - 425
    - 18
  - - 426
    - 21
  - - 427
    - 19
  - - 428
    - 22
  - - 429
    - 21
  - - 430
    - 20
  - - 431
    - 18
  - - 432
    - 14
  - - 433
    - 21
  - - 434
    - 18
  - - 435
    - 25
  - - 436
    - 23
  - - 437
    - 14
  - - 438
    - 13
  - - 439
    - 10
  - - 440
    - 16
  - - 441
    - 22
  - - 442
    - 13
  - - 443
    - 16
  - - 444
    - 13
  - - 445
    - 15
  - - 446
    - 15
  - - 447
    - 21
  - - 448
    - 13
  - - 449
    - 23
  - - 450
    - 12
  - - 451
    - 14
  - - 452
    - 15
  - - 453
    - 14
  - - 454
    - 11
  - - 455
    - 20
  - - 456
    - 10
  - - 457
    - 26
  - - 458
    - 12
  - - 459
    - 8
  - - 460
    - 13
  - - 461
    - 19
  - - 462
    - 12
  - - 463
    - 22
  - - 464
    - 9
  - - 465
    - 17
  - - 466
    - 15
  - - 467
    - 17
  - - 468
    - 14
  - - 469
    - 16
  - - 470
    - 18
  - - 471
    - 12
  - - 472
    - 19
  - - 473
    - 11
  - - 474
    - 14
  - - 475
    - 15
  - - 476
    - 21
  - - 477
    - 17
  - - 478
    - 14
  - - 479
    - 12
  - - 480
    - 21
  - - 481
    - 15
  - - 482
    - 10
  - - 483
    - 17
  - - 484
    - 14
  - - 485
    - 13
  - - 486
    - 12
  - - 487
    - 14
  - - 488
    - 10
  - - 489
    - 12
  - - 490
    - 17
  - - 491
    - 9
  - - 492
    - 6
  - - 493
    - 11
  - - 494
    - 12
  - - 495
    - 16
  - - 496
    - 19
  - - 497
    - 14
  - - 498
    - 13
  - - 499
    - 5
  - - 500
    - 5
  - - 501
    - 12
  - - 502
    - 12
  - - 503
    - 17
  - - 504
    - 11
  - - 505
    - 14
  - - 506
    - 11
  - - 507
    - 7
  - - 508
    - 14
  - - 509
    - 20
  - - 510
    - 19
  - - 511
    - 12
  - - 512
    - 14
  - - 513
    - 13
  - - 514
    - 14
  - - 515
    - 14
  - - 516
    - 17
  - - 517
    - 16
  - - 518
    - 13
  - - 519
    - 12
  - - 520
    - 11
  - - 521
    - 14
  - - 522
    - 5
  - - 523
    - 10
  - - 524
    - 10
  - - 525
    - 10
  - - 526
    - 13
  - - 527
    - 12
  - - 528
    - 14
  - - 529
    - 7
  - - 530
    - 6
  - - 531
    - 9
  - - 532
    - 6
  - - 533
    - 9
  - - 534
    - 16
  - - 535
    - 13
  - - 536
    - 10
  - - 537
    - 8
  - - 538
    - 12
  - - 539
    - 5
  - - 540
    - 14
  - - 541
    - 15
  - - 542
    - 11
  - - 543
    - 9
  - - 544
    - 6
  - - 545
    - 7
  - - 546
    - 6
  - - 547
    - 12
  - - 548
    - 15
  - - 549
    - 10
  - - 550
    - 6
  - - 551
    - 21
  - - 552
    - 10
  - - 553
    - 9
  - - 554
    - 4
  - - 555
    - 11
  - - 556
    - 12
  - - 557
    - 13
  - - 558
    - 14
  - - 559
    - 8
  - - 560
    - 10
  - - 561
    - 11
  - - 562
    - 17
  - - 563
    - 13
  - - 564
    - 5
  - - 565
    - 16
  - - 566
    - 10
  - - 567
    - 6
  - - 568
    - 7
  - - 569
    - 9
  - - 570
    - 6
  - - 571
    - 6
  - - 572
    - 8
  - - 573
    - 13
  - - 574
    - 8
  - - 575
    - 4
  - - 576
    - 3
  - - 577
    - 9
  - - 578
    - 8
  - - 579
    - 6
  - - 580
    - 7
  - - 581
    - 12
  - - 582
    - 8
  - - 583
    - 13
  - - 584
    - 8
  - - 585
    - 7
  - - 586
    - 6
  - - 587
    - 7
  - - 588
    - 6
  - - 589
    - 7
  - - 590
    - 8
  - - 591
    - 7
  - - 592
    - 14
  - - 593
    - 9
  - - 594
    - 15
  - - 595
    - 11
  - - 596
    - 10
  - - 597
    - 13
  - - 598
    - 4
  - - 599
    - 8
  - - 600
    - 5
  - - 601
    - 8
  - - 602
    - 7
  - - 603
    - 6
  - - 604
    - 11
  - - 605
    - 4
  - - 606
    - 8
  - - 607
    - 11
  - - 608
    - 6
  - - 609
    - 7
  - - 610
    - 11
  - - 611
    - 10
  - - 612
    - 9
  - - 613
    - 8
  - - 614
    - 7
  - - 615
    - 7
  - - 616
    - 5
  - - 617
    - 7
  - - 618
    - 10
  - - 619
    - 7
  - - 620
    - 7
  - - 621
    - 6
  - - 622
    - 8
  - - 623
    - 7
  - - 624
    - 8
  - - 625
    - 5
  - - 626
    - 8
  - - 627
    - 2
  - - 628
    - 5
  - - 629
    - 10
  - - 630
    - 9
  - - 631
    - 3
  - - 632
    - 10
  - - 633
    - 10
  - - 634
    - 9
  - - 635
    - 4
  - - 636
    - 14
  - - 637
    - 4
  - - 638
    - 8
  - - 639
    - 8
  - - 640
    - 11
  - - 641
    - 4
  - - 642
    - 6
  - - 643
    - 6
  - - 644
    - 6
  - - 645
    - 6
  - - 646
    - 4
  - - 647
    - 8
  - - 648
    - 4
  - - 649
    - 9
  - - 650
    - 7
  - - 651
    - 6
  - - 652
    - 10
  - - 653
    - 6
  - - 654
    - 6
  - - 655
    - 5
  - - 656
    - 7
  - - 657
    - 5
  - - 658
    - 5
  - - 659
    - 4
  - - 660
    - 6
  - - 661
    - 5
  - - 662
    - 5
  - - 663
    - 9
  - - 664
    - 7
  - - 665
    - 8
  - - 666
    - 3
  - - 667
    - 8
  - - 668
    - 6
  - - 669
    - 7
  - - 670
    - 4
  - - 671
    - 11
  - - 672
    - 7
  - - 673
    - 3
  - - 674
    - 5
  - - 675
    - 4
  - - 676
    - 9
  - - 677
    - 5
  - - 678
    - 5
  - - 679
    - 3
  - - 680
    - 6
  - - 681
    - 3
  - - 682
    - 4
  - - 683
    - 3
  - - 684
    - 4
  - - 685
    - 4
  - - 686
    - 2
  - - 687
    - 5
  - - 688
    - 7
  - - 689
    - 5
  - - 690
    - 3
  - - 691
    - 6
  - - 692
    - 4
  - - 693
    - 4
  - - 694
    - 9
  - - 695
    - 9
  - - 696
    - 5
  - - 697
    - 8
  - - 698
    - 6
  - - 699
    - 3
  - - 700
    - 3
  - - 701
    - 2
  - - 702
    - 5
  - - 703
    - 3
  - - 704
    - 2
  - - 705
    - 1
  - - 706
    - 5
  - - 707
    - 5
  - - 708
    - 4
  - - 709
    - 4
  - - 710
    - 2
  - - 711
    - 2
  - - 712
    - 1
  - - 713
    - 3
  - - 714
    - 3
  - - 715
    - 7
  - - 716
    - 7
  - - 717
    - 1
  - - 718
    - 2
  - - 719
    - 6
  - - 720
    - 3
  - - 721
    - 2
  - - 722
    - 5
  - - 723
    - 1
  - - 724
    - 3
  - - 725
    - 5
  - - 726
    - 2
  - - 727
    - 5
  - - 728
    - 3
  - - 729
    - 4
  - - 730
    - 1
  - - 731
    - 4
  - - 732
    - 5
  - - 733
    - 2
  - - 734
    - 6
  - - 735
    - 3
  - - 736
    - 4
  - - 737
    - 2
  - - 738
    - 3
  - - 739
    - 6
  - - 740
    - 3
  - - 741
    - 2
  - - 742
    - 4
  - - 743
    - 2
  - - 744
    - 6
  - - 745
    - 1
  - - 746
    - 4
  - - 747
    - 4
  - - 748
    - 4
  - - 749
    - 2
  - - 750
    - 3
  - - 751
    - 1
  - - 752
    - 2
  - - 753
    - 4
  - - 754
    - 2
  - - 755
    - 2
  - - 757
    - 1
  - - 758
    - 3
  - - 760
    - 6
  - - 761
    - 2
  - - 762
    - 3
  - - 763
    - 7
  - - 764
    - 2
  - - 765
    - 1
  - - 766
    - 1
  - - 767
    - 2
  - - 768
    - 1
  - - 769
    - 1
  - - 770
    - 3
  - - 771
    - 1
  - - 772
    - 5
  - - 773
    - 4
  - - 774
    - 2
  - - 775
    - 4
  - - 776
    - 2
  - - 777
    - 1
  - - 779
    - 4
  - - 780
    - 3
  - - 781
    - 1
  - - 782
    - 4
  - - 783
    - 2
  - - 785
    - 2
  - - 786
    - 2
  - - 788
    - 1
  - - 789
    - 1
  - - 790
    - 4
  - - 791
    - 1
  - - 792
    - 3
  - - 794
    - 1
  - - 795
    - 1
  - - 796
    - 1
  - - 797
    - 3
  - - 798
    - 1
  - - 801
    - 2
  - - 802
    - 1
  - - 804
    - 1
  - - 805
    - 3
  - - 806
    - 1
  - - 807
    - 2
  - - 810
    - 1
  - - 811
    - 3
  - - 813
    - 2
  - - 814
    - 2
  - - 815
    - 1
  - - 817
    - 2
  - - 818
    - 2
  - - 819
    - 1
  - - 820
    - 3
  - - 821
    - 2
  - - 822
    - 1
  - - 824
    - 3
  - - 825
    - 3
  - - 826
    - 1
  - - 827
    - 3
  - - 829
    - 2
  - - 830
    - 3
  - - 832
    - 4
  - - 834
    - 3
  - - 835
    - 1
  - - 836
    - 4
  - - 837
    - 2
  - - 838
    - 4
  - - 839
    - 1
  - - 841
    - 2
  - - 842
    - 1
  - - 843
    - 4
  - - 844
    - 6
  - - 845
    - 2
  - - 846
    - 2
  - - 848
    - 1
  - - 849
    - 1
  - - 850
    - 2
  - - 851
    - 1
  - - 852
    - 1
  - - 855
    - 2
  - - 856
    - 1
  - - 861
    - 1
  - - 863
    - 1
  - - 864
    - 1
  - - 866
    - 2
  - - 869
    - 2
  - - 870
    - 2
  - - 871
    - 1
  - - 872
    - 2
  - - 874
    - 1
  - - 876
    - 1
  - - 877
    - 1
  - - 878
    - 3
  - - 880
    - 1
  - - 881
    - 1
  - - 883
    - 1
  - - 884
    - 1
  - - 886
    - 1
  - - 888
    - 1
  - - 890
    - 1
  - - 891
    - 2
  - - 892
    - 1
  - - 894
    - 1
  - - 895
    - 1
  - - 897
    - 1
  - - 899
    - 1
  - - 904
    - 2
  - - 908
    - 2
  - - 909
    - 1
  - - 910
    - 1
  - - 911
    - 1
  - - 912
    - 3
  - - 913
    - 1
  - - 914
    - 1
  - - 917
    - 1
  - - 918
    - 1
  - - 920
    - 1
  - - 921
    - 1
  - - 922
    - 2
  - - 926
    - 1
  - - 927
    - 1
  - - 928
    - 1
  - - 931
    - 1
  - - 936
    - 1
  - - 941
    - 1
  - - 942
    - 1
  - - 943
    - 3
  - - 945
    - 1
  - - 947
    - 1
  - - 962
    - 1
  - - 964
    - 1
  - - 971
    - 2
  - - 973
    - 1
  - - 974
    - 1
  - - 979
    - 1
  - - 982
    - 1
  - - 983
    - 1
  - - 994
    - 1
  - - 995
    - 2
  - - 1000
    - 1
  - - 1012
    - 1
  - - 1013
    - 1
  - - 1087
    - 1
  - - 1094
    - 1
  - - 1102
    - 1
  - - 1124
    - 1
  - - 1150
    - 1
  - - 1162
    - 2
  - - 1203
    - 1
  - - 1214
    - 1
  - - 1230
    - 1
  - - 1289
    - 1
  - - 1334
    - 1
  - - 1432
    - 1
  - - 1442
    - 1
  - - 1456
    - 1
  - - 1477
    - 1
  - - 1526
    - 1
  latency_50_percentile: 85.0
  latency_95_percentile: 334.0
  latency_99_5_percentile: 687.0
  latency_99_percentile: 606.0
  max_kubedns_cpu: 659
  max_kubedns_memory: 30
  max_latency: 1.526678
  max_perfserver_cpu: 0
  max_perfserver_memory: 0
  min_latency: 0.001264
  msg: null
  ok: true
  qps: 872.581781
  queries_completed: 104979
  queries_lost: 0
  queries_sent: 104979
  run_time: 120.308494
  stddev_latency: 0.110478
params:
  max_qps: null
  pod_name: dns-perf-client-858fb7568b-f4l6r
  query_file: all-queries.txt
  run_id: 1777667196
  run_length_seconds: 120
  run_subid: 0
stderr:
- ''
stdout:
- DNS Performance Testing Tool
- Nominum Version 2.1.0.0
- ''
- '[Status] Command line: dnsperf -s 10.0.0.10 -l 120 -d /queries/all-queries.txt'
- '[Status] Sending queries (to 10.0.0.10)'
- '[Status] Started at: Fri May  1 20:27:08 2026'
- '[Status] Stopping after 120.000000 seconds'
- '[Status] Testing complete (time limit)'
- ''
- 'Statistics:'
- ''
- '  Queries sent:         104979'
- '  Queries completed:    104979 (100.00%)'
- '  Queries lost:         0 (0.00%)'
- ''
- '  Response codes:       NOERROR 12597 (12.00%), NXDOMAIN 92382 (88.00%)'
- '  Average packet size:  request 38, response 122'
- '  Run time (s):         120.308494'
- '  Queries per second:   872.581781'
- ''
- '  Average Latency (s):  0.114278 (min 0.001264, max 1.526678)'
- '  Latency StdDev (s):   0.110478'
- ''
- '  Latency histogram'
- '#histogram 0 0'
- '#histogram 1 23'
- '#histogram 2 127'
- '#histogram 3 193'
- '#histogram 4 257'
- '#histogram 5 293'
- '#histogram 6 301'
- '#histogram 7 298'
- '#histogram 8 311'
- '#histogram 9 326'
- '#histogram 10 319'
- '#histogram 11 360'
- '#histogram 12 318'
- '#histogram 13 340'
- '#histogram 14 345'
- '#histogram 15 382'
- '#histogram 16 397'
- '#histogram 17 411'
- '#histogram 18 389'
- '#histogram 19 394'
- '#histogram 20 416'
- '#histogram 21 452'
- '#histogram 22 467'
- '#histogram 23 439'
- '#histogram 24 482'
- '#histogram 25 499'
- '#histogram 26 503'
- '#histogram 27 519'
- '#histogram 28 545'
- '#histogram 29 586'
- '#histogram 30 509'
- '#histogram 31 536'
- '#histogram 32 554'
- '#histogram 33 577'
- '#histogram 34 643'
- '#histogram 35 606'
- '#histogram 36 620'
- '#histogram 37 626'
- '#histogram 38 621'
- '#histogram 39 644'
- '#histogram 40 695'
- '#histogram 41 693'
- '#histogram 42 693'
- '#histogram 43 706'
- '#histogram 44 718'
- '#histogram 45 737'
- '#histogram 46 747'
- '#histogram 47 742'
- '#histogram 48 682'
- '#histogram 49 725'
- '#histogram 50 748'
- '#histogram 51 764'
- '#histogram 52 777'
- '#histogram 53 801'
- '#histogram 54 752'
- '#histogram 55 791'
- '#histogram 56 862'
- '#histogram 57 850'
- '#histogram 58 757'
- '#histogram 59 794'
- '#histogram 60 824'
- '#histogram 61 808'
- '#histogram 62 857'
- '#histogram 63 865'
- '#histogram 64 816'
- '#histogram 65 814'
- '#histogram 66 802'
- '#histogram 67 853'
- '#histogram 68 826'
- '#histogram 69 802'
- '#histogram 70 804'
- '#histogram 71 804'
- '#histogram 72 849'
- '#histogram 73 787'
- '#histogram 74 830'
- '#histogram 75 732'
- '#histogram 76 823'
- '#histogram 77 809'
- '#histogram 78 775'
- '#histogram 79 815'
- '#histogram 80 726'
- '#histogram 81 831'
- '#histogram 82 800'
- '#histogram 83 755'
- '#histogram 84 800'
- '#histogram 85 830'
- '#histogram 86 778'
- '#histogram 87 732'
- '#histogram 88 739'
- '#histogram 89 710'
- '#histogram 90 719'
- '#histogram 91 700'
- '#histogram 92 693'
- '#histogram 93 722'
- '#histogram 94 681'
- '#histogram 95 657'
- '#histogram 96 678'
- '#histogram 97 666'
- '#histogram 98 645'
- '#histogram 99 640'
- '#histogram 100 590'
- '#histogram 101 667'
- '#histogram 102 629'
- '#histogram 103 627'
- '#histogram 104 606'
- '#histogram 105 672'
- '#histogram 106 575'
- '#histogram 107 567'
- '#histogram 108 558'
- '#histogram 109 545'
- '#histogram 110 550'
- '#histogram 111 574'
- '#histogram 112 542'
- '#histogram 113 552'
- '#histogram 114 503'
- '#histogram 115 493'
- '#histogram 116 524'
- '#histogram 117 490'
- '#histogram 118 467'
- '#histogram 119 474'
- '#histogram 120 492'
- '#histogram 121 487'
- '#histogram 122 440'
- '#histogram 123 424'
- '#histogram 124 447'
- '#histogram 125 424'
- '#histogram 126 404'
- '#histogram 127 383'
- '#histogram 128 411'
- '#histogram 129 439'
- '#histogram 130 402'
- '#histogram 131 376'
- '#histogram 132 403'
- '#histogram 133 351'
- '#histogram 134 360'
- '#histogram 135 396'
- '#histogram 136 351'
- '#histogram 137 353'
- '#histogram 138 340'
- '#histogram 139 310'
- '#histogram 140 303'
- '#histogram 141 331'
- '#histogram 142 321'
- '#histogram 143 323'
- '#histogram 144 298'
- '#histogram 145 295'
- '#histogram 146 266'
- '#histogram 147 280'
- '#histogram 148 303'
- '#histogram 149 306'
- '#histogram 150 266'
- '#histogram 151 271'
- '#histogram 152 260'
- '#histogram 153 276'
- '#histogram 154 256'
- '#histogram 155 239'
- '#histogram 156 235'
- '#histogram 157 256'
- '#histogram 158 254'
- '#histogram 159 232'
- '#histogram 160 230'
- '#histogram 161 209'
- '#histogram 162 232'
- '#histogram 163 208'
- '#histogram 164 199'
- '#histogram 165 180'
- '#histogram 166 188'
- '#histogram 167 186'
- '#histogram 168 195'
- '#histogram 169 161'
- '#histogram 170 209'
- '#histogram 171 176'
- '#histogram 172 202'
- '#histogram 173 175'
- '#histogram 174 161'
- '#histogram 175 208'
- '#histogram 176 134'
- '#histogram 177 150'
- '#histogram 178 137'
- '#histogram 179 139'
- '#histogram 180 139'
- '#histogram 181 153'
- '#histogram 182 157'
- '#histogram 183 132'
- '#histogram 184 140'
- '#histogram 185 134'
- '#histogram 186 131'
- '#histogram 187 135'
- '#histogram 188 149'
- '#histogram 189 146'
- '#histogram 190 120'
- '#histogram 191 117'
- '#histogram 192 141'
- '#histogram 193 101'
- '#histogram 194 113'
- '#histogram 195 123'
- '#histogram 196 107'
- '#histogram 197 85'
- '#histogram 198 103'
- '#histogram 199 101'
- '#histogram 200 105'
- '#histogram 201 90'
- '#histogram 202 106'
- '#histogram 203 80'
- '#histogram 204 75'
- '#histogram 205 87'
- '#histogram 206 88'
- '#histogram 207 87'
- '#histogram 208 82'
- '#histogram 209 84'
- '#histogram 210 76'
- '#histogram 211 71'
- '#histogram 212 78'
- '#histogram 213 88'
- '#histogram 214 74'
- '#histogram 215 64'
- '#histogram 216 91'
- '#histogram 217 65'
- '#histogram 218 70'
- '#histogram 219 76'
- '#histogram 220 62'
- '#histogram 221 76'
- '#histogram 222 70'
- '#histogram 223 65'
- '#histogram 224 74'
- '#histogram 225 63'
- '#histogram 226 78'
- '#histogram 227 52'
- '#histogram 228 65'
- '#histogram 229 61'
- '#histogram 230 69'
- '#histogram 231 59'
- '#histogram 232 52'
- '#histogram 233 55'
- '#histogram 234 50'
- '#histogram 235 53'
- '#histogram 236 54'
- '#histogram 237 54'
- '#histogram 238 62'
- '#histogram 239 62'
- '#histogram 240 58'
- '#histogram 241 51'
- '#histogram 242 65'
- '#histogram 243 69'
- '#histogram 244 52'
- '#histogram 245 61'
- '#histogram 246 62'
- '#histogram 247 43'
- '#histogram 248 50'
- '#histogram 249 55'
- '#histogram 250 51'
- '#histogram 251 45'
- '#histogram 252 41'
- '#histogram 253 53'
- '#histogram 254 42'
- '#histogram 255 44'
- '#histogram 256 59'
- '#histogram 257 36'
- '#histogram 258 46'
- '#histogram 259 40'
- '#histogram 260 40'
- '#histogram 261 43'
- '#histogram 262 42'
- '#histogram 263 50'
- '#histogram 264 34'
- '#histogram 265 49'
- '#histogram 266 42'
- '#histogram 267 40'
- '#histogram 268 32'
- '#histogram 269 36'
- '#histogram 270 39'
- '#histogram 271 47'
- '#histogram 272 31'
- '#histogram 273 47'
- '#histogram 274 28'
- '#histogram 275 36'
- '#histogram 276 39'
- '#histogram 277 36'
- '#histogram 278 30'
- '#histogram 279 35'
- '#histogram 280 41'
- '#histogram 281 32'
- '#histogram 282 40'
- '#histogram 283 30'
- '#histogram 284 32'
- '#histogram 285 33'
- '#histogram 286 42'
- '#histogram 287 46'
- '#histogram 288 27'
- '#histogram 289 29'
- '#histogram 290 29'
- '#histogram 291 23'
- '#histogram 292 28'
- '#histogram 293 32'
- '#histogram 294 46'
- '#histogram 295 29'
- '#histogram 296 28'
- '#histogram 297 31'
- '#histogram 298 26'
- '#histogram 299 34'
- '#histogram 300 27'
- '#histogram 301 28'
- '#histogram 302 36'
- '#histogram 303 31'
- '#histogram 304 23'
- '#histogram 305 24'
- '#histogram 306 25'
- '#histogram 307 31'
- '#histogram 308 34'
- '#histogram 309 29'
- '#histogram 310 33'
- '#histogram 311 37'
- '#histogram 312 25'
- '#histogram 313 24'
- '#histogram 314 35'
- '#histogram 315 25'
- '#histogram 316 35'
- '#histogram 317 23'
- '#histogram 318 23'
- '#histogram 319 39'
- '#histogram 320 23'
- '#histogram 321 23'
- '#histogram 322 25'
- '#histogram 323 29'
- '#histogram 324 29'
- '#histogram 325 25'
- '#histogram 326 28'
- '#histogram 327 29'
- '#histogram 328 29'
- '#histogram 329 28'
- '#histogram 330 24'
- '#histogram 331 22'
- '#histogram 332 18'
- '#histogram 333 28'
- '#histogram 334 25'
- '#histogram 335 22'
- '#histogram 336 30'
- '#histogram 337 30'
- '#histogram 338 26'
- '#histogram 339 21'
- '#histogram 340 28'
- '#histogram 341 27'
- '#histogram 342 24'
- '#histogram 343 24'
- '#histogram 344 21'
- '#histogram 345 25'
- '#histogram 346 28'
- '#histogram 347 23'
- '#histogram 348 23'
- '#histogram 349 28'
- '#histogram 350 28'
- '#histogram 351 19'
- '#histogram 352 26'
- '#histogram 353 29'
- '#histogram 354 18'
- '#histogram 355 30'
- '#histogram 356 20'
- '#histogram 357 34'
- '#histogram 358 19'
- '#histogram 359 23'
- '#histogram 360 32'
- '#histogram 361 23'
- '#histogram 362 19'
- '#histogram 363 28'
- '#histogram 364 23'
- '#histogram 365 21'
- '#histogram 366 19'
- '#histogram 367 28'
- '#histogram 368 24'
- '#histogram 369 21'
- '#histogram 370 18'
- '#histogram 371 20'
- '#histogram 372 21'
- '#histogram 373 19'
- '#histogram 374 13'
- '#histogram 375 22'
- '#histogram 376 22'
- '#histogram 377 30'
- '#histogram 378 20'
- '#histogram 379 27'
- '#histogram 380 21'
- '#histogram 381 20'
- '#histogram 382 24'
- '#histogram 383 25'
- '#histogram 384 19'
- '#histogram 385 29'
- '#histogram 386 19'
- '#histogram 387 20'
- '#histogram 388 21'
- '#histogram 389 24'
- '#histogram 390 28'
- '#histogram 391 30'
- '#histogram 392 20'
- '#histogram 393 14'
- '#histogram 394 21'
- '#histogram 395 13'
- '#histogram 396 30'
- '#histogram 397 32'
- '#histogram 398 22'
- '#histogram 399 19'
- '#histogram 400 13'
- '#histogram 401 21'
- '#histogram 402 21'
- '#histogram 403 14'
- '#histogram 404 23'
- '#histogram 405 16'
- '#histogram 406 23'
- '#histogram 407 15'
- '#histogram 408 10'
- '#histogram 409 31'
- '#histogram 410 18'
- '#histogram 411 19'
- '#histogram 412 16'
- '#histogram 413 16'
- '#histogram 414 15'
- '#histogram 415 13'
- '#histogram 416 16'
- '#histogram 417 15'
- '#histogram 418 12'
- '#histogram 419 17'
- '#histogram 420 23'
- '#histogram 421 13'
- '#histogram 422 17'
- '#histogram 423 16'
- '#histogram 424 17'
- '#histogram 425 18'
- '#histogram 426 21'
- '#histogram 427 19'
- '#histogram 428 22'
- '#histogram 429 21'
- '#histogram 430 20'
- '#histogram 431 18'
- '#histogram 432 14'
- '#histogram 433 21'
- '#histogram 434 18'
- '#histogram 435 25'
- '#histogram 436 23'
- '#histogram 437 14'
- '#histogram 438 13'
- '#histogram 439 10'
- '#histogram 440 16'
- '#histogram 441 22'
- '#histogram 442 13'
- '#histogram 443 16'
- '#histogram 444 13'
- '#histogram 445 15'
- '#histogram 446 15'
- '#histogram 447 21'
- '#histogram 448 13'
- '#histogram 449 23'
- '#histogram 450 12'
- '#histogram 451 14'
- '#histogram 452 15'
- '#histogram 453 14'
- '#histogram 454 11'
- '#histogram 455 20'
- '#histogram 456 10'
- '#histogram 457 26'
- '#histogram 458 12'
- '#histogram 459 8'
- '#histogram 460 13'
- '#histogram 461 19'
- '#histogram 462 12'
- '#histogram 463 22'
- '#histogram 464 9'
- '#histogram 465 17'
- '#histogram 466 15'
- '#histogram 467 17'
- '#histogram 468 14'
- '#histogram 469 16'
- '#histogram 470 18'
- '#histogram 471 12'
- '#histogram 472 19'
- '#histogram 473 11'
- '#histogram 474 14'
- '#histogram 475 15'
- '#histogram 476 21'
- '#histogram 477 17'
- '#histogram 478 14'
- '#histogram 479 12'
- '#histogram 480 21'
- '#histogram 481 15'
- '#histogram 482 10'
- '#histogram 483 17'
- '#histogram 484 14'
- '#histogram 485 13'
- '#histogram 486 12'
- '#histogram 487 14'
- '#histogram 488 10'
- '#histogram 489 12'
- '#histogram 490 17'
- '#histogram 491 9'
- '#histogram 492 6'
- '#histogram 493 11'
- '#histogram 494 12'
- '#histogram 495 16'
- '#histogram 496 19'
- '#histogram 497 14'
- '#histogram 498 13'
- '#histogram 499 5'
- '#histogram 500 5'
- '#histogram 501 12'
- '#histogram 502 12'
- '#histogram 503 17'
- '#histogram 504 11'
- '#histogram 505 14'
- '#histogram 506 11'
- '#histogram 507 7'
- '#histogram 508 14'
- '#histogram 509 20'
- '#histogram 510 19'
- '#histogram 511 12'
- '#histogram 512 14'
- '#histogram 513 13'
- '#histogram 514 14'
- '#histogram 515 14'
- '#histogram 516 17'
- '#histogram 517 16'
- '#histogram 518 13'
- '#histogram 519 12'
- '#histogram 520 11'
- '#histogram 521 14'
- '#histogram 522 5'
- '#histogram 523 10'
- '#histogram 524 10'
- '#histogram 525 10'
- '#histogram 526 13'
- '#histogram 527 12'
- '#histogram 528 14'
- '#histogram 529 7'
- '#histogram 530 6'
- '#histogram 531 9'
- '#histogram 532 6'
- '#histogram 533 9'
- '#histogram 534 16'
- '#histogram 535 13'
- '#histogram 536 10'
- '#histogram 537 8'
- '#histogram 538 12'
- '#histogram 539 5'
- '#histogram 540 14'
- '#histogram 541 15'
- '#histogram 542 11'
- '#histogram 543 9'
- '#histogram 544 6'
- '#histogram 545 7'
- '#histogram 546 6'
- '#histogram 547 12'
- '#histogram 548 15'
- '#histogram 549 10'
- '#histogram 550 6'
- '#histogram 551 21'
- '#histogram 552 10'
- '#histogram 553 9'
- '#histogram 554 4'
- '#histogram 555 11'
- '#histogram 556 12'
- '#histogram 557 13'
- '#histogram 558 14'
- '#histogram 559 8'
- '#histogram 560 10'
- '#histogram 561 11'
- '#histogram 562 17'
- '#histogram 563 13'
- '#histogram 564 5'
- '#histogram 565 16'
- '#histogram 566 10'
- '#histogram 567 6'
- '#histogram 568 7'
- '#histogram 569 9'
- '#histogram 570 6'
- '#histogram 571 6'
- '#histogram 572 8'
- '#histogram 573 13'
- '#histogram 574 8'
- '#histogram 575 4'
- '#histogram 576 3'
- '#histogram 577 9'
- '#histogram 578 8'
- '#histogram 579 6'
- '#histogram 580 7'
- '#histogram 581 12'
- '#histogram 582 8'
- '#histogram 583 13'
- '#histogram 584 8'
- '#histogram 585 7'
- '#histogram 586 6'
- '#histogram 587 7'
- '#histogram 588 6'
- '#histogram 589 7'
- '#histogram 590 8'
- '#histogram 591 7'
- '#histogram 592 14'
- '#histogram 593 9'
- '#histogram 594 15'
- '#histogram 595 11'
- '#histogram 596 10'
- '#histogram 597 13'
- '#histogram 598 4'
- '#histogram 599 8'
- '#histogram 600 5'
- '#histogram 601 8'
- '#histogram 602 7'
- '#histogram 603 6'
- '#histogram 604 11'
- '#histogram 605 4'
- '#histogram 606 8'
- '#histogram 607 11'
- '#histogram 608 6'
- '#histogram 609 7'
- '#histogram 610 11'
- '#histogram 611 10'
- '#histogram 612 9'
- '#histogram 613 8'
- '#histogram 614 7'
- '#histogram 615 7'
- '#histogram 616 5'
- '#histogram 617 7'
- '#histogram 618 10'
- '#histogram 619 7'
- '#histogram 620 7'
- '#histogram 621 6'
- '#histogram 622 8'
- '#histogram 623 7'
- '#histogram 624 8'
- '#histogram 625 5'
- '#histogram 626 8'
- '#histogram 627 2'
- '#histogram 628 5'
- '#histogram 629 10'
- '#histogram 630 9'
- '#histogram 631 3'
- '#histogram 632 10'
- '#histogram 633 10'
- '#histogram 634 9'
- '#histogram 635 4'
- '#histogram 636 14'
- '#histogram 637 4'
- '#histogram 638 8'
- '#histogram 639 8'
- '#histogram 640 11'
- '#histogram 641 4'
- '#histogram 642 6'
- '#histogram 643 6'
- '#histogram 644 6'
- '#histogram 645 6'
- '#histogram 646 4'
- '#histogram 647 8'
- '#histogram 648 4'
- '#histogram 649 9'
- '#histogram 650 7'
- '#histogram 651 6'
- '#histogram 652 10'
- '#histogram 653 6'
- '#histogram 654 6'
- '#histogram 655 5'
- '#histogram 656 7'
- '#histogram 657 5'
- '#histogram 658 5'
- '#histogram 659 4'
- '#histogram 660 6'
- '#histogram 661 5'
- '#histogram 662 5'
- '#histogram 663 9'
- '#histogram 664 7'
- '#histogram 665 8'
- '#histogram 666 3'
- '#histogram 667 8'
- '#histogram 668 6'
- '#histogram 669 7'
- '#histogram 670 4'
- '#histogram 671 11'
- '#histogram 672 7'
- '#histogram 673 3'
- '#histogram 674 5'
- '#histogram 675 4'
- '#histogram 676 9'
- '#histogram 677 5'
- '#histogram 678 5'
- '#histogram 679 3'
- '#histogram 680 6'
- '#histogram 681 3'
- '#histogram 682 4'
- '#histogram 683 3'
- '#histogram 684 4'
- '#histogram 685 4'
- '#histogram 686 2'
- '#histogram 687 5'
- '#histogram 688 7'
- '#histogram 689 5'
- '#histogram 690 3'
- '#histogram 691 6'
- '#histogram 692 4'
- '#histogram 693 4'
- '#histogram 694 9'
- '#histogram 695 9'
- '#histogram 696 5'
- '#histogram 697 8'
- '#histogram 698 6'
- '#histogram 699 3'
- '#histogram 700 3'
- '#histogram 701 2'
- '#histogram 702 5'
- '#histogram 703 3'
- '#histogram 704 2'
- '#histogram 705 1'
- '#histogram 706 5'
- '#histogram 707 5'
- '#histogram 708 4'
- '#histogram 709 4'
- '#histogram 710 2'
- '#histogram 711 2'
- '#histogram 712 1'
- '#histogram 713 3'
- '#histogram 714 3'
- '#histogram 715 7'
- '#histogram 716 7'
- '#histogram 717 1'
- '#histogram 718 2'
- '#histogram 719 6'
- '#histogram 720 3'
- '#histogram 721 2'
- '#histogram 722 5'
- '#histogram 723 1'
- '#histogram 724 3'
- '#histogram 725 5'
- '#histogram 726 2'
- '#histogram 727 5'
- '#histogram 728 3'
- '#histogram 729 4'
- '#histogram 730 1'
- '#histogram 731 4'
- '#histogram 732 5'
- '#histogram 733 2'
- '#histogram 734 6'
- '#histogram 735 3'
- '#histogram 736 4'
- '#histogram 737 2'
- '#histogram 738 3'
- '#histogram 739 6'
- '#histogram 740 3'
- '#histogram 741 2'
- '#histogram 742 4'
- '#histogram 743 2'
- '#histogram 744 6'
- '#histogram 745 1'
- '#histogram 746 4'
- '#histogram 747 4'
- '#histogram 748 4'
- '#histogram 749 2'
- '#histogram 750 3'
- '#histogram 751 1'
- '#histogram 752 2'
- '#histogram 753 4'
- '#histogram 754 2'
- '#histogram 755 2'
- '#histogram 757 1'
- '#histogram 758 3'
- '#histogram 760 6'
- '#histogram 761 2'
- '#histogram 762 3'
- '#histogram 763 7'
- '#histogram 764 2'
- '#histogram 765 1'
- '#histogram 766 1'
- '#histogram 767 2'
- '#histogram 768 1'
- '#histogram 769 1'
- '#histogram 770 3'
- '#histogram 771 1'
- '#histogram 772 5'
- '#histogram 773 4'
- '#histogram 774 2'
- '#histogram 775 4'
- '#histogram 776 2'
- '#histogram 777 1'
- '#histogram 779 4'
- '#histogram 780 3'
- '#histogram 781 1'
- '#histogram 782 4'
- '#histogram 783 2'
- '#histogram 785 2'
- '#histogram 786 2'
- '#histogram 788 1'
- '#histogram 789 1'
- '#histogram 790 4'
- '#histogram 791 1'
- '#histogram 792 3'
- '#histogram 794 1'
- '#histogram 795 1'
- '#histogram 796 1'
- '#histogram 797 3'
- '#histogram 798 1'
- '#histogram 801 2'
- '#histogram 802 1'
- '#histogram 804 1'
- '#histogram 805 3'
- '#histogram 806 1'
- '#histogram 807 2'
- '#histogram 810 1'
- '#histogram 811 3'
- '#histogram 813 2'
- '#histogram 814 2'
- '#histogram 815 1'
- '#histogram 817 2'
- '#histogram 818 2'
- '#histogram 819 1'
- '#histogram 820 3'
- '#histogram 821 2'
- '#histogram 822 1'
- '#histogram 824 3'
- '#histogram 825 3'
- '#histogram 826 1'
- '#histogram 827 3'
- '#histogram 829 2'
- '#histogram 830 3'
- '#histogram 832 4'
- '#histogram 834 3'
- '#histogram 835 1'
- '#histogram 836 4'
- '#histogram 837 2'
- '#histogram 838 4'
- '#histogram 839 1'
- '#histogram 841 2'
- '#histogram 842 1'
- '#histogram 843 4'
- '#histogram 844 6'
- '#histogram 845 2'
- '#histogram 846 2'
- '#histogram 848 1'
- '#histogram 849 1'
- '#histogram 850 2'
- '#histogram 851 1'
- '#histogram 852 1'
- '#histogram 855 2'
- '#histogram 856 1'
- '#histogram 861 1'
- '#histogram 863 1'
- '#histogram 864 1'
- '#histogram 866 2'
- '#histogram 869 2'
- '#histogram 870 2'
- '#histogram 871 1'
- '#histogram 872 2'
- '#histogram 874 1'
- '#histogram 876 1'
- '#histogram 877 1'
- '#histogram 878 3'
- '#histogram 880 1'
- '#histogram 881 1'
- '#histogram 883 1'
- '#histogram 884 1'
- '#histogram 886 1'
- '#histogram 888 1'
- '#histogram 890 1'
- '#histogram 891 2'
- '#histogram 892 1'
- '#histogram 894 1'
- '#histogram 895 1'
- '#histogram 897 1'
- '#histogram 899 1'
- '#histogram 904 2'
- '#histogram 908 2'
- '#histogram 909 1'
- '#histogram 910 1'
- '#histogram 911 1'
- '#histogram 912 3'
- '#histogram 913 1'
- '#histogram 914 1'
- '#histogram 917 1'
- '#histogram 918 1'
- '#histogram 920 1'
- '#histogram 921 1'
- '#histogram 922 2'
- '#histogram 926 1'
- '#histogram 927 1'
- '#histogram 928 1'
- '#histogram 931 1'
- '#histogram 936 1'
- '#histogram 941 1'
- '#histogram 942 1'
- '#histogram 943 3'
- '#histogram 945 1'
- '#histogram 947 1'
- '#histogram 962 1'
- '#histogram 964 1'
- '#histogram 971 2'
- '#histogram 973 1'
- '#histogram 974 1'
- '#histogram 979 1'
- '#histogram 982 1'
- '#histogram 983 1'
- '#histogram 994 1'
- '#histogram 995 2'
- '#histogram 1000 1'
- '#histogram 1012 1'
- '#histogram 1013 1'
- '#histogram 1087 1'
- '#histogram 1094 1'
- '#histogram 1102 1'
- '#histogram 1124 1'
- '#histogram 1150 1'
- '#histogram 1162 2'
- '#histogram 1203 1'
- '#histogram 1214 1'
- '#histogram 1230 1'
- '#histogram 1289 1'
- '#histogram 1334 1'
- '#histogram 1432 1'
- '#histogram 1442 1'
- '#histogram 1456 1'
- '#histogram 1477 1'
- '#histogram 1526 1'
- ''
