code: 0
data:
  avg_latency: 0.139552
  histogram:
  - - 0
    - 0
  - - 5
    - 1
  - - 7
    - 2
  - - 8
    - 4
  - - 9
    - 1
  - - 10
    - 1
  - - 11
    - 2
  - - 12
    - 2
  - - 13
    - 3
  - - 14
    - 7
  - - 15
    - 10
  - - 16
    - 9
  - - 17
    - 11
  - - 18
    - 26
  - - 19
    - 30
  - - 20
    - 22
  - - 21
    - 35
  - - 22
    - 36
  - - 23
    - 56
  - - 24
    - 51
  - - 25
    - 62
  - - 26
    - 79
  - - 27
    - 106
  - - 28
    - 82
  - - 29
    - 86
  - - 30
    - 101
  - - 31
    - 128
  - - 32
    - 155
  - - 33
    - 142
  - - 34
    - 174
  - - 35
    - 188
  - - 36
    - 186
  - - 37
    - 187
  - - 38
    - 220
  - - 39
    - 253
  - - 40
    - 239
  - - 41
    - 271
  - - 42
    - 305
  - - 43
    - 286
  - - 44
    - 308
  - - 45
    - 304
  - - 46
    - 338
  - - 47
    - 385
  - - 48
    - 396
  - - 49
    - 410
  - - 50
    - 390
  - - 51
    - 458
  - - 52
    - 462
  - - 53
    - 436
  - - 54
    - 503
  - - 55
    - 554
  - - 56
    - 500
  - - 57
    - 508
  - - 58
    - 547
  - - 59
    - 591
  - - 60
    - 556
  - - 61
    - 612
  - - 62
    - 569
  - - 63
    - 596
  - - 64
    - 567
  - - 65
    - 648
  - - 66
    - 618
  - - 67
    - 621
  - - 68
    - 719
  - - 69
    - 600
  - - 70
    - 638
  - - 71
    - 632
  - - 72
    - 637
  - - 73
    - 586
  - - 74
    - 697
  - - 75
    - 710
  - - 76
    - 655
  - - 77
    - 705
  - - 78
    - 689
  - - 79
    - 664
  - - 80
    - 739
  - - 81
    - 698
  - - 82
    - 721
  - - 83
    - 657
  - - 84
    - 702
  - - 85
    - 685
  - - 86
    - 690
  - - 87
    - 597
  - - 88
    - 634
  - - 89
    - 651
  - - 90
    - 646
  - - 91
    - 688
  - - 92
    - 692
  - - 93
    - 662
  - - 94
    - 665
  - - 95
    - 657
  - - 96
    - 656
  - - 97
    - 712
  - - 98
    - 730
  - - 99
    - 664
  - - 100
    - 687
  - - 101
    - 645
  - - 102
    - 641
  - - 103
    - 642
  - - 104
    - 591
  - - 105
    - 581
  - - 106
    - 587
  - - 107
    - 602
  - - 108
    - 594
  - - 109
    - 555
  - - 110
    - 592
  - - 111
    - 516
  - - 112
    - 640
  - - 113
    - 545
  - - 114
    - 580
  - - 115
    - 626
  - - 116
    - 538
  - - 117
    - 466
  - - 118
    - 509
  - - 119
    - 539
  - - 120
    - 524
  - - 121
    - 469
  - - 122
    - 534
  - - 123
    - 445
  - - 124
    - 474
  - - 125
    - 495
  - - 126
    - 459
  - - 127
    - 463
  - - 128
    - 398
  - - 129
    - 411
  - - 130
    - 422
  - - 131
    - 421
  - - 132
    - 434
  - - 133
    - 403
  - - 134
    - 381
  - - 135
    - 427
  - - 136
    - 416
  - - 137
    - 369
  - - 138
    - 385
  - - 139
    - 411
  - - 140
    - 394
  - - 141
    - 402
  - - 142
    - 403
  - - 143
    - 372
  - - 144
    - 399
  - - 145
    - 339
  - - 146
    - 344
  - - 147
    - 291
  - - 148
    - 316
  - - 149
    - 307
  - - 150
    - 306
  - - 151
    - 316
  - - 152
    - 325
  - - 153
    - 347
  - - 154
    - 301
  - - 155
    - 285
  - - 156
    - 293
  - - 157
    - 304
  - - 158
    - 285
  - - 159
    - 285
  - - 160
    - 272
  - - 161
    - 265
  - - 162
    - 243
  - - 163
    - 242
  - - 164
    - 270
  - - 165
    - 288
  - - 166
    - 245
  - - 167
    - 258
  - - 168
    - 232
  - - 169
    - 252
  - - 170
    - 232
  - - 171
    - 231
  - - 172
    - 260
  - - 173
    - 220
  - - 174
    - 224
  - - 175
    - 226
  - - 176
    - 184
  - - 177
    - 182
  - - 178
    - 159
  - - 179
    - 180
  - - 180
    - 217
  - - 181
    - 205
  - - 182
    - 188
  - - 183
    - 173
  - - 184
    - 196
  - - 185
    - 191
  - - 186
    - 187
  - - 187
    - 181
  - - 188
    - 153
  - - 189
    - 151
  - - 190
    - 134
  - - 191
    - 149
  - - 192
    - 156
  - - 193
    - 169
  - - 194
    - 131
  - - 195
    - 165
  - - 196
    - 152
  - - 197
    - 144
  - - 198
    - 139
  - - 199
    - 152
  - - 200
    - 167
  - - 201
    - 127
  - - 202
    - 149
  - - 203
    - 161
  - - 204
    - 127
  - - 205
    - 117
  - - 206
    - 154
  - - 207
    - 128
  - - 208
    - 127
  - - 209
    - 121
  - - 210
    - 126
  - - 211
    - 135
  - - 212
    - 133
  - - 213
    - 102
  - - 214
    - 112
  - - 215
    - 89
  - - 216
    - 116
  - - 217
    - 116
  - - 218
    - 89
  - - 219
    - 104
  - - 220
    - 124
  - - 221
    - 106
  - - 222
    - 95
  - - 223
    - 101
  - - 224
    - 92
  - - 225
    - 114
  - - 226
    - 93
  - - 227
    - 110
  - - 228
    - 97
  - - 229
    - 77
  - - 230
    - 87
  - - 231
    - 87
  - - 232
    - 93
  - - 233
    - 128
  - - 234
    - 104
  - - 235
    - 126
  - - 236
    - 81
  - - 237
    - 90
  - - 238
    - 97
  - - 239
    - 70
  - - 240
    - 76
  - - 241
    - 103
  - - 242
    - 68
  - - 243
    - 76
  - - 244
    - 100
  - - 245
    - 86
  - - 246
    - 94
  - - 247
    - 60
  - - 248
    - 69
  - - 249
    - 79
  - - 250
    - 79
  - - 251
    - 76
  - - 252
    - 60
  - - 253
    - 77
  - - 254
    - 84
  - - 255
    - 82
  - - 256
    - 59
  - - 257
    - 59
  - - 258
    - 65
  - - 259
    - 82
  - - 260
    - 80
  - - 261
    - 55
  - - 262
    - 58
  - - 263
    - 68
  - - 264
    - 58
  - - 265
    - 82
  - - 266
    - 65
  - - 267
    - 52
  - - 268
    - 76
  - - 269
    - 71
  - - 270
    - 57
  - - 271
    - 63
  - - 272
    - 55
  - - 273
    - 63
  - - 274
    - 64
  - - 275
    - 46
  - - 276
    - 46
  - - 277
    - 30
  - - 278
    - 43
  - - 279
    - 49
  - - 280
    - 55
  - - 281
    - 53
  - - 282
    - 53
  - - 283
    - 62
  - - 284
    - 58
  - - 285
    - 41
  - - 286
    - 45
  - - 287
    - 53
  - - 288
    - 52
  - - 289
    - 44
  - - 290
    - 40
  - - 291
    - 43
  - - 292
    - 58
  - - 293
    - 45
  - - 294
    - 49
  - - 295
    - 62
  - - 296
    - 49
  - - 297
    - 52
  - - 298
    - 45
  - - 299
    - 47
  - - 300
    - 48
  - - 301
    - 52
  - - 302
    - 38
  - - 303
    - 50
  - - 304
    - 48
  - - 305
    - 34
  - - 306
    - 53
  - - 307
    - 44
  - - 308
    - 45
  - - 309
    - 43
  - - 310
    - 36
  - - 311
    - 32
  - - 312
    - 45
  - - 313
    - 62
  - - 314
    - 43
  - - 315
    - 20
  - - 316
    - 33
  - - 317
    - 33
  - - 318
    - 43
  - - 319
    - 33
  - - 320
    - 34
  - - 321
    - 22
  - - 322
    - 33
  - - 323
    - 40
  - - 324
    - 32
  - - 325
    - 32
  - - 326
    - 47
  - - 327
    - 40
  - - 328
    - 40
  - - 329
    - 53
  - - 330
    - 40
  - - 331
    - 39
  - - 332
    - 57
  - - 333
    - 34
  - - 334
    - 34
  - - 335
    - 27
  - - 336
    - 33
  - - 337
    - 19
  - - 338
    - 27
  - - 339
    - 32
  - - 340
    - 28
  - - 341
    - 34
  - - 342
    - 34
  - - 343
    - 31
  - - 344
    - 21
  - - 345
    - 31
  - - 346
    - 28
  - - 347
    - 20
  - - 348
    - 19
  - - 349
    - 19
  - - 350
    - 20
  - - 351
    - 18
  - - 352
    - 22
  - - 353
    - 21
  - - 354
    - 22
  - - 355
    - 34
  - - 356
    - 20
  - - 357
    - 18
  - - 358
    - 37
  - - 359
    - 17
  - - 360
    - 27
  - - 361
    - 28
  - - 362
    - 27
  - - 363
    - 15
  - - 364
    - 20
  - - 365
    - 21
  - - 366
    - 22
  - - 367
    - 21
  - - 368
    - 20
  - - 369
    - 20
  - - 370
    - 29
  - - 371
    - 25
  - - 372
    - 19
  - - 373
    - 21
  - - 374
    - 30
  - - 375
    - 11
  - - 376
    - 17
  - - 377
    - 17
  - - 378
    - 23
  - - 379
    - 27
  - - 380
    - 29
  - - 381
    - 24
  - - 382
    - 20
  - - 383
    - 23
  - - 384
    - 20
  - - 385
    - 21
  - - 386
    - 17
  - - 387
    - 23
  - - 388
    - 21
  - - 389
    - 22
  - - 390
    - 20
  - - 391
    - 18
  - - 392
    - 15
  - - 393
    - 15
  - - 394
    - 25
  - - 395
    - 21
  - - 396
    - 31
  - - 397
    - 16
  - - 398
    - 19
  - - 399
    - 22
  - - 400
    - 30
  - - 401
    - 23
  - - 402
    - 13
  - - 403
    - 24
  - - 404
    - 22
  - - 405
    - 20
  - - 406
    - 17
  - - 407
    - 19
  - - 408
    - 19
  - - 409
    - 18
  - - 410
    - 17
  - - 411
    - 29
  - - 412
    - 12
  - - 413
    - 16
  - - 414
    - 9
  - - 415
    - 10
  - - 416
    - 13
  - - 417
    - 20
  - - 418
    - 15
  - - 419
    - 18
  - - 420
    - 23
  - - 421
    - 18
  - - 422
    - 19
  - - 423
    - 13
  - - 424
    - 17
  - - 425
    - 14
  - - 426
    - 11
  - - 427
    - 11
  - - 428
    - 12
  - - 429
    - 11
  - - 430
    - 23
  - - 431
    - 8
  - - 432
    - 19
  - - 433
    - 26
  - - 434
    - 11
  - - 435
    - 15
  - - 436
    - 13
  - - 437
    - 11
  - - 438
    - 8
  - - 439
    - 7
  - - 440
    - 16
  - - 441
    - 15
  - - 442
    - 11
  - - 443
    - 13
  - - 444
    - 14
  - - 445
    - 19
  - - 446
    - 18
  - - 447
    - 10
  - - 448
    - 24
  - - 449
    - 11
  - - 450
    - 15
  - - 451
    - 15
  - - 452
    - 19
  - - 453
    - 18
  - - 454
    - 19
  - - 455
    - 17
  - - 456
    - 19
  - - 457
    - 10
  - - 458
    - 12
  - - 459
    - 16
  - - 460
    - 14
  - - 461
    - 11
  - - 462
    - 11
  - - 463
    - 20
  - - 464
    - 27
  - - 465
    - 17
  - - 466
    - 11
  - - 467
    - 16
  - - 468
    - 15
  - - 469
    - 15
  - - 470
    - 7
  - - 471
    - 10
  - - 472
    - 10
  - - 473
    - 10
  - - 474
    - 8
  - - 475
    - 8
  - - 476
    - 16
  - - 477
    - 9
  - - 478
    - 17
  - - 479
    - 11
  - - 480
    - 15
  - - 481
    - 10
  - - 482
    - 15
  - - 483
    - 8
  - - 484
    - 8
  - - 485
    - 8
  - - 486
    - 13
  - - 487
    - 19
  - - 488
    - 10
  - - 489
    - 4
  - - 490
    - 10
  - - 491
    - 6
  - - 492
    - 10
  - - 493
    - 6
  - - 494
    - 7
  - - 495
    - 8
  - - 496
    - 11
  - - 497
    - 10
  - - 498
    - 6
  - - 499
    - 10
  - - 500
    - 12
  - - 501
    - 6
  - - 502
    - 7
  - - 503
    - 12
  - - 504
    - 20
  - - 505
    - 8
  - - 506
    - 13
  - - 507
    - 19
  - - 508
    - 9
  - - 509
    - 12
  - - 510
    - 8
  - - 511
    - 8
  - - 512
    - 6
  - - 513
    - 14
  - - 514
    - 8
  - - 515
    - 9
  - - 516
    - 8
  - - 517
    - 11
  - - 518
    - 5
  - - 519
    - 8
  - - 520
    - 7
  - - 521
    - 14
  - - 522
    - 15
  - - 523
    - 7
  - - 524
    - 5
  - - 525
    - 8
  - - 526
    - 12
  - - 527
    - 5
  - - 528
    - 8
  - - 529
    - 10
  - - 530
    - 9
  - - 531
    - 7
  - - 532
    - 5
  - - 533
    - 11
  - - 534
    - 5
  - - 535
    - 2
  - - 536
    - 7
  - - 537
    - 7
  - - 538
    - 1
  - - 539
    - 11
  - - 540
    - 7
  - - 541
    - 7
  - - 542
    - 7
  - - 543
    - 7
  - - 544
    - 5
  - - 545
    - 6
  - - 546
    - 9
  - - 547
    - 13
  - - 548
    - 8
  - - 549
    - 7
  - - 550
    - 11
  - - 551
    - 7
  - - 552
    - 8
  - - 553
    - 10
  - - 554
    - 10
  - - 555
    - 5
  - - 556
    - 6
  - - 557
    - 3
  - - 558
    - 12
  - - 559
    - 3
  - - 560
    - 6
  - - 561
    - 3
  - - 562
    - 12
  - - 563
    - 7
  - - 564
    - 2
  - - 565
    - 11
  - - 566
    - 7
  - - 567
    - 8
  - - 568
    - 3
  - - 569
    - 7
  - - 570
    - 7
  - - 571
    - 3
  - - 572
    - 4
  - - 573
    - 9
  - - 574
    - 7
  - - 575
    - 4
  - - 576
    - 3
  - - 577
    - 8
  - - 578
    - 4
  - - 579
    - 7
  - - 580
    - 6
  - - 581
    - 6
  - - 582
    - 6
  - - 583
    - 5
  - - 584
    - 4
  - - 585
    - 5
  - - 586
    - 6
  - - 587
    - 8
  - - 588
    - 3
  - - 589
    - 4
  - - 590
    - 5
  - - 591
    - 10
  - - 592
    - 5
  - - 593
    - 8
  - - 594
    - 4
  - - 595
    - 7
  - - 596
    - 5
  - - 597
    - 3
  - - 598
    - 5
  - - 599
    - 4
  - - 600
    - 4
  - - 601
    - 5
  - - 602
    - 3
  - - 603
    - 3
  - - 604
    - 5
  - - 605
    - 6
  - - 606
    - 8
  - - 607
    - 4
  - - 608
    - 9
  - - 609
    - 3
  - - 610
    - 4
  - - 611
    - 8
  - - 612
    - 3
  - - 613
    - 1
  - - 614
    - 5
  - - 615
    - 3
  - - 617
    - 2
  - - 618
    - 5
  - - 619
    - 5
  - - 620
    - 4
  - - 621
    - 3
  - - 622
    - 5
  - - 623
    - 2
  - - 624
    - 3
  - - 625
    - 2
  - - 626
    - 2
  - - 627
    - 2
  - - 628
    - 3
  - - 629
    - 1
  - - 630
    - 2
  - - 631
    - 2
  - - 632
    - 4
  - - 633
    - 3
  - - 634
    - 5
  - - 635
    - 3
  - - 636
    - 2
  - - 637
    - 2
  - - 638
    - 2
  - - 639
    - 5
  - - 640
    - 4
  - - 641
    - 3
  - - 642
    - 1
  - - 643
    - 2
  - - 644
    - 6
  - - 645
    - 5
  - - 646
    - 1
  - - 647
    - 5
  - - 648
    - 2
  - - 649
    - 5
  - - 650
    - 3
  - - 651
    - 2
  - - 652
    - 2
  - - 653
    - 1
  - - 654
    - 6
  - - 656
    - 5
  - - 657
    - 5
  - - 658
    - 2
  - - 659
    - 2
  - - 660
    - 4
  - - 661
    - 7
  - - 662
    - 5
  - - 663
    - 2
  - - 665
    - 1
  - - 667
    - 5
  - - 668
    - 7
  - - 669
    - 5
  - - 671
    - 2
  - - 672
    - 2
  - - 673
    - 5
  - - 674
    - 6
  - - 675
    - 4
  - - 676
    - 2
  - - 677
    - 8
  - - 678
    - 5
  - - 679
    - 5
  - - 680
    - 5
  - - 681
    - 2
  - - 682
    - 4
  - - 683
    - 4
  - - 684
    - 5
  - - 685
    - 2
  - - 686
    - 3
  - - 688
    - 4
  - - 689
    - 2
  - - 690
    - 2
  - - 691
    - 2
  - - 692
    - 1
  - - 693
    - 3
  - - 694
    - 2
  - - 695
    - 6
  - - 697
    - 2
  - - 698
    - 2
  - - 699
    - 5
  - - 700
    - 4
  - - 701
    - 1
  - - 702
    - 5
  - - 703
    - 3
  - - 704
    - 3
  - - 705
    - 1
  - - 706
    - 4
  - - 707
    - 4
  - - 708
    - 1
  - - 709
    - 3
  - - 711
    - 1
  - - 712
    - 2
  - - 713
    - 5
  - - 714
    - 3
  - - 715
    - 1
  - - 716
    - 3
  - - 717
    - 2
  - - 718
    - 2
  - - 719
    - 1
  - - 720
    - 2
  - - 721
    - 2
  - - 722
    - 2
  - - 723
    - 1
  - - 724
    - 2
  - - 725
    - 4
  - - 726
    - 2
  - - 727
    - 2
  - - 729
    - 1
  - - 730
    - 1
  - - 731
    - 2
  - - 732
    - 3
  - - 734
    - 1
  - - 735
    - 2
  - - 737
    - 1
  - - 738
    - 1
  - - 739
    - 1
  - - 740
    - 3
  - - 741
    - 2
  - - 743
    - 3
  - - 744
    - 4
  - - 745
    - 2
  - - 746
    - 3
  - - 747
    - 3
  - - 748
    - 1
  - - 749
    - 3
  - - 750
    - 2
  - - 751
    - 8
  - - 752
    - 1
  - - 753
    - 3
  - - 755
    - 2
  - - 756
    - 4
  - - 757
    - 3
  - - 758
    - 2
  - - 759
    - 6
  - - 760
    - 2
  - - 761
    - 3
  - - 763
    - 2
  - - 764
    - 3
  - - 766
    - 2
  - - 769
    - 2
  - - 770
    - 3
  - - 771
    - 2
  - - 772
    - 1
  - - 773
    - 3
  - - 774
    - 2
  - - 775
    - 1
  - - 776
    - 2
  - - 777
    - 5
  - - 778
    - 3
  - - 779
    - 2
  - - 780
    - 3
  - - 781
    - 4
  - - 782
    - 3
  - - 783
    - 3
  - - 784
    - 1
  - - 785
    - 2
  - - 786
    - 5
  - - 787
    - 3
  - - 788
    - 3
  - - 789
    - 2
  - - 792
    - 4
  - - 793
    - 1
  - - 795
    - 1
  - - 796
    - 1
  - - 797
    - 4
  - - 798
    - 1
  - - 799
    - 2
  - - 800
    - 2
  - - 801
    - 1
  - - 802
    - 1
  - - 803
    - 3
  - - 805
    - 1
  - - 806
    - 3
  - - 807
    - 2
  - - 808
    - 2
  - - 809
    - 3
  - - 810
    - 1
  - - 811
    - 4
  - - 812
    - 1
  - - 813
    - 1
  - - 814
    - 1
  - - 815
    - 3
  - - 816
    - 2
  - - 817
    - 3
  - - 818
    - 2
  - - 819
    - 4
  - - 820
    - 4
  - - 821
    - 4
  - - 822
    - 1
  - - 823
    - 3
  - - 824
    - 2
  - - 825
    - 3
  - - 826
    - 2
  - - 829
    - 1
  - - 830
    - 2
  - - 832
    - 1
  - - 833
    - 2
  - - 834
    - 4
  - - 835
    - 3
  - - 836
    - 3
  - - 837
    - 1
  - - 838
    - 1
  - - 840
    - 1
  - - 841
    - 4
  - - 842
    - 3
  - - 843
    - 1
  - - 844
    - 2
  - - 845
    - 4
  - - 846
    - 1
  - - 847
    - 5
  - - 848
    - 2
  - - 852
    - 3
  - - 854
    - 2
  - - 855
    - 1
  - - 856
    - 1
  - - 857
    - 1
  - - 858
    - 1
  - - 861
    - 2
  - - 863
    - 1
  - - 864
    - 1
  - - 866
    - 4
  - - 867
    - 1
  - - 868
    - 2
  - - 869
    - 2
  - - 870
    - 3
  - - 871
    - 1
  - - 874
    - 1
  - - 875
    - 1
  - - 877
    - 1
  - - 878
    - 1
  - - 879
    - 2
  - - 880
    - 2
  - - 881
    - 2
  - - 882
    - 3
  - - 883
    - 1
  - - 886
    - 1
  - - 887
    - 3
  - - 892
    - 2
  - - 893
    - 2
  - - 897
    - 3
  - - 899
    - 2
  - - 900
    - 1
  - - 903
    - 2
  - - 904
    - 1
  - - 905
    - 1
  - - 907
    - 1
  - - 912
    - 1
  - - 916
    - 1
  - - 917
    - 1
  - - 921
    - 1
  - - 923
    - 1
  - - 924
    - 1
  - - 925
    - 3
  - - 929
    - 1
  - - 930
    - 1
  - - 931
    - 1
  - - 938
    - 2
  - - 946
    - 2
  - - 951
    - 1
  - - 953
    - 1
  - - 954
    - 1
  - - 959
    - 1
  - - 966
    - 1
  - - 967
    - 1
  - - 969
    - 1
  - - 970
    - 1
  - - 977
    - 1
  - - 978
    - 1
  - - 987
    - 1
  - - 988
    - 1
  - - 994
    - 2
  - - 1013
    - 1
  - - 1018
    - 2
  - - 1019
    - 1
  - - 1021
    - 1
  - - 1023
    - 1
  - - 1025
    - 1
  - - 1028
    - 1
  - - 1032
    - 1
  - - 1033
    - 2
  - - 1035
    - 1
  - - 1048
    - 1
  - - 1055
    - 1
  - - 1058
    - 1
  - - 1068
    - 1
  - - 1080
    - 2
  - - 1175
    - 1
  - - 1280
    - 1
  - - 1436
    - 1
  - - 1513
    - 1
  latency_50_percentile: 109.0
  latency_95_percentile: 339.0
  latency_99_5_percentile: 699.0
  latency_99_percentile: 581.0
  max_kubedns_cpu: 496
  max_kubedns_memory: 30
  max_latency: 1.51343
  max_perfserver_cpu: 0
  max_perfserver_memory: 0
  min_latency: 0.005842
  msg: null
  ok: true
  qps: 715.433719
  queries_completed: 85967
  queries_lost: 0
  queries_sent: 85967
  run_time: 120.160677
  stddev_latency: 0.105962
params:
  max_qps: null
  pod_name: dns-perf-client-858fb7568b-qlf4c
  query_file: all-queries.txt
  run_id: 1777617512
  run_length_seconds: 120
  run_subid: 0
stderr:
- ''
stdout:
- DNS Performance Testing Tool
- Nominum Version 2.1.0.0
- ''
- '[Status] Command line: dnsperf -s 10.0.0.10 -l 120 -d /queries/all-queries.txt'
- '[Status] Sending queries (to 10.0.0.10)'
- '[Status] Started at: Fri May  1 06:39:17 2026'
- '[Status] Stopping after 120.000000 seconds'
- '[Status] Testing complete (time limit)'
- ''
- 'Statistics:'
- ''
- '  Queries sent:         85967'
- '  Queries completed:    85967 (100.00%)'
- '  Queries lost:         0 (0.00%)'
- ''
- '  Response codes:       NOERROR 10317 (12.00%), NXDOMAIN 75650 (88.00%)'
- '  Average packet size:  request 39, response 122'
- '  Run time (s):         120.160677'
- '  Queries per second:   715.433719'
- ''
- '  Average Latency (s):  0.139552 (min 0.005842, max 1.513430)'
- '  Latency StdDev (s):   0.105962'
- ''
- '  Latency histogram'
- '#histogram 0 0'
- '#histogram 5 1'
- '#histogram 7 2'
- '#histogram 8 4'
- '#histogram 9 1'
- '#histogram 10 1'
- '#histogram 11 2'
- '#histogram 12 2'
- '#histogram 13 3'
- '#histogram 14 7'
- '#histogram 15 10'
- '#histogram 16 9'
- '#histogram 17 11'
- '#histogram 18 26'
- '#histogram 19 30'
- '#histogram 20 22'
- '#histogram 21 35'
- '#histogram 22 36'
- '#histogram 23 56'
- '#histogram 24 51'
- '#histogram 25 62'
- '#histogram 26 79'
- '#histogram 27 106'
- '#histogram 28 82'
- '#histogram 29 86'
- '#histogram 30 101'
- '#histogram 31 128'
- '#histogram 32 155'
- '#histogram 33 142'
- '#histogram 34 174'
- '#histogram 35 188'
- '#histogram 36 186'
- '#histogram 37 187'
- '#histogram 38 220'
- '#histogram 39 253'
- '#histogram 40 239'
- '#histogram 41 271'
- '#histogram 42 305'
- '#histogram 43 286'
- '#histogram 44 308'
- '#histogram 45 304'
- '#histogram 46 338'
- '#histogram 47 385'
- '#histogram 48 396'
- '#histogram 49 410'
- '#histogram 50 390'
- '#histogram 51 458'
- '#histogram 52 462'
- '#histogram 53 436'
- '#histogram 54 503'
- '#histogram 55 554'
- '#histogram 56 500'
- '#histogram 57 508'
- '#histogram 58 547'
- '#histogram 59 591'
- '#histogram 60 556'
- '#histogram 61 612'
- '#histogram 62 569'
- '#histogram 63 596'
- '#histogram 64 567'
- '#histogram 65 648'
- '#histogram 66 618'
- '#histogram 67 621'
- '#histogram 68 719'
- '#histogram 69 600'
- '#histogram 70 638'
- '#histogram 71 632'
- '#histogram 72 637'
- '#histogram 73 586'
- '#histogram 74 697'
- '#histogram 75 710'
- '#histogram 76 655'
- '#histogram 77 705'
- '#histogram 78 689'
- '#histogram 79 664'
- '#histogram 80 739'
- '#histogram 81 698'
- '#histogram 82 721'
- '#histogram 83 657'
- '#histogram 84 702'
- '#histogram 85 685'
- '#histogram 86 690'
- '#histogram 87 597'
- '#histogram 88 634'
- '#histogram 89 651'
- '#histogram 90 646'
- '#histogram 91 688'
- '#histogram 92 692'
- '#histogram 93 662'
- '#histogram 94 665'
- '#histogram 95 657'
- '#histogram 96 656'
- '#histogram 97 712'
- '#histogram 98 730'
- '#histogram 99 664'
- '#histogram 100 687'
- '#histogram 101 645'
- '#histogram 102 641'
- '#histogram 103 642'
- '#histogram 104 591'
- '#histogram 105 581'
- '#histogram 106 587'
- '#histogram 107 602'
- '#histogram 108 594'
- '#histogram 109 555'
- '#histogram 110 592'
- '#histogram 111 516'
- '#histogram 112 640'
- '#histogram 113 545'
- '#histogram 114 580'
- '#histogram 115 626'
- '#histogram 116 538'
- '#histogram 117 466'
- '#histogram 118 509'
- '#histogram 119 539'
- '#histogram 120 524'
- '#histogram 121 469'
- '#histogram 122 534'
- '#histogram 123 445'
- '#histogram 124 474'
- '#histogram 125 495'
- '#histogram 126 459'
- '#histogram 127 463'
- '#histogram 128 398'
- '#histogram 129 411'
- '#histogram 130 422'
- '#histogram 131 421'
- '#histogram 132 434'
- '#histogram 133 403'
- '#histogram 134 381'
- '#histogram 135 427'
- '#histogram 136 416'
- '#histogram 137 369'
- '#histogram 138 385'
- '#histogram 139 411'
- '#histogram 140 394'
- '#histogram 141 402'
- '#histogram 142 403'
- '#histogram 143 372'
- '#histogram 144 399'
- '#histogram 145 339'
- '#histogram 146 344'
- '#histogram 147 291'
- '#histogram 148 316'
- '#histogram 149 307'
- '#histogram 150 306'
- '#histogram 151 316'
- '#histogram 152 325'
- '#histogram 153 347'
- '#histogram 154 301'
- '#histogram 155 285'
- '#histogram 156 293'
- '#histogram 157 304'
- '#histogram 158 285'
- '#histogram 159 285'
- '#histogram 160 272'
- '#histogram 161 265'
- '#histogram 162 243'
- '#histogram 163 242'
- '#histogram 164 270'
- '#histogram 165 288'
- '#histogram 166 245'
- '#histogram 167 258'
- '#histogram 168 232'
- '#histogram 169 252'
- '#histogram 170 232'
- '#histogram 171 231'
- '#histogram 172 260'
- '#histogram 173 220'
- '#histogram 174 224'
- '#histogram 175 226'
- '#histogram 176 184'
- '#histogram 177 182'
- '#histogram 178 159'
- '#histogram 179 180'
- '#histogram 180 217'
- '#histogram 181 205'
- '#histogram 182 188'
- '#histogram 183 173'
- '#histogram 184 196'
- '#histogram 185 191'
- '#histogram 186 187'
- '#histogram 187 181'
- '#histogram 188 153'
- '#histogram 189 151'
- '#histogram 190 134'
- '#histogram 191 149'
- '#histogram 192 156'
- '#histogram 193 169'
- '#histogram 194 131'
- '#histogram 195 165'
- '#histogram 196 152'
- '#histogram 197 144'
- '#histogram 198 139'
- '#histogram 199 152'
- '#histogram 200 167'
- '#histogram 201 127'
- '#histogram 202 149'
- '#histogram 203 161'
- '#histogram 204 127'
- '#histogram 205 117'
- '#histogram 206 154'
- '#histogram 207 128'
- '#histogram 208 127'
- '#histogram 209 121'
- '#histogram 210 126'
- '#histogram 211 135'
- '#histogram 212 133'
- '#histogram 213 102'
- '#histogram 214 112'
- '#histogram 215 89'
- '#histogram 216 116'
- '#histogram 217 116'
- '#histogram 218 89'
- '#histogram 219 104'
- '#histogram 220 124'
- '#histogram 221 106'
- '#histogram 222 95'
- '#histogram 223 101'
- '#histogram 224 92'
- '#histogram 225 114'
- '#histogram 226 93'
- '#histogram 227 110'
- '#histogram 228 97'
- '#histogram 229 77'
- '#histogram 230 87'
- '#histogram 231 87'
- '#histogram 232 93'
- '#histogram 233 128'
- '#histogram 234 104'
- '#histogram 235 126'
- '#histogram 236 81'
- '#histogram 237 90'
- '#histogram 238 97'
- '#histogram 239 70'
- '#histogram 240 76'
- '#histogram 241 103'
- '#histogram 242 68'
- '#histogram 243 76'
- '#histogram 244 100'
- '#histogram 245 86'
- '#histogram 246 94'
- '#histogram 247 60'
- '#histogram 248 69'
- '#histogram 249 79'
- '#histogram 250 79'
- '#histogram 251 76'
- '#histogram 252 60'
- '#histogram 253 77'
- '#histogram 254 84'
- '#histogram 255 82'
- '#histogram 256 59'
- '#histogram 257 59'
- '#histogram 258 65'
- '#histogram 259 82'
- '#histogram 260 80'
- '#histogram 261 55'
- '#histogram 262 58'
- '#histogram 263 68'
- '#histogram 264 58'
- '#histogram 265 82'
- '#histogram 266 65'
- '#histogram 267 52'
- '#histogram 268 76'
- '#histogram 269 71'
- '#histogram 270 57'
- '#histogram 271 63'
- '#histogram 272 55'
- '#histogram 273 63'
- '#histogram 274 64'
- '#histogram 275 46'
- '#histogram 276 46'
- '#histogram 277 30'
- '#histogram 278 43'
- '#histogram 279 49'
- '#histogram 280 55'
- '#histogram 281 53'
- '#histogram 282 53'
- '#histogram 283 62'
- '#histogram 284 58'
- '#histogram 285 41'
- '#histogram 286 45'
- '#histogram 287 53'
- '#histogram 288 52'
- '#histogram 289 44'
- '#histogram 290 40'
- '#histogram 291 43'
- '#histogram 292 58'
- '#histogram 293 45'
- '#histogram 294 49'
- '#histogram 295 62'
- '#histogram 296 49'
- '#histogram 297 52'
- '#histogram 298 45'
- '#histogram 299 47'
- '#histogram 300 48'
- '#histogram 301 52'
- '#histogram 302 38'
- '#histogram 303 50'
- '#histogram 304 48'
- '#histogram 305 34'
- '#histogram 306 53'
- '#histogram 307 44'
- '#histogram 308 45'
- '#histogram 309 43'
- '#histogram 310 36'
- '#histogram 311 32'
- '#histogram 312 45'
- '#histogram 313 62'
- '#histogram 314 43'
- '#histogram 315 20'
- '#histogram 316 33'
- '#histogram 317 33'
- '#histogram 318 43'
- '#histogram 319 33'
- '#histogram 320 34'
- '#histogram 321 22'
- '#histogram 322 33'
- '#histogram 323 40'
- '#histogram 324 32'
- '#histogram 325 32'
- '#histogram 326 47'
- '#histogram 327 40'
- '#histogram 328 40'
- '#histogram 329 53'
- '#histogram 330 40'
- '#histogram 331 39'
- '#histogram 332 57'
- '#histogram 333 34'
- '#histogram 334 34'
- '#histogram 335 27'
- '#histogram 336 33'
- '#histogram 337 19'
- '#histogram 338 27'
- '#histogram 339 32'
- '#histogram 340 28'
- '#histogram 341 34'
- '#histogram 342 34'
- '#histogram 343 31'
- '#histogram 344 21'
- '#histogram 345 31'
- '#histogram 346 28'
- '#histogram 347 20'
- '#histogram 348 19'
- '#histogram 349 19'
- '#histogram 350 20'
- '#histogram 351 18'
- '#histogram 352 22'
- '#histogram 353 21'
- '#histogram 354 22'
- '#histogram 355 34'
- '#histogram 356 20'
- '#histogram 357 18'
- '#histogram 358 37'
- '#histogram 359 17'
- '#histogram 360 27'
- '#histogram 361 28'
- '#histogram 362 27'
- '#histogram 363 15'
- '#histogram 364 20'
- '#histogram 365 21'
- '#histogram 366 22'
- '#histogram 367 21'
- '#histogram 368 20'
- '#histogram 369 20'
- '#histogram 370 29'
- '#histogram 371 25'
- '#histogram 372 19'
- '#histogram 373 21'
- '#histogram 374 30'
- '#histogram 375 11'
- '#histogram 376 17'
- '#histogram 377 17'
- '#histogram 378 23'
- '#histogram 379 27'
- '#histogram 380 29'
- '#histogram 381 24'
- '#histogram 382 20'
- '#histogram 383 23'
- '#histogram 384 20'
- '#histogram 385 21'
- '#histogram 386 17'
- '#histogram 387 23'
- '#histogram 388 21'
- '#histogram 389 22'
- '#histogram 390 20'
- '#histogram 391 18'
- '#histogram 392 15'
- '#histogram 393 15'
- '#histogram 394 25'
- '#histogram 395 21'
- '#histogram 396 31'
- '#histogram 397 16'
- '#histogram 398 19'
- '#histogram 399 22'
- '#histogram 400 30'
- '#histogram 401 23'
- '#histogram 402 13'
- '#histogram 403 24'
- '#histogram 404 22'
- '#histogram 405 20'
- '#histogram 406 17'
- '#histogram 407 19'
- '#histogram 408 19'
- '#histogram 409 18'
- '#histogram 410 17'
- '#histogram 411 29'
- '#histogram 412 12'
- '#histogram 413 16'
- '#histogram 414 9'
- '#histogram 415 10'
- '#histogram 416 13'
- '#histogram 417 20'
- '#histogram 418 15'
- '#histogram 419 18'
- '#histogram 420 23'
- '#histogram 421 18'
- '#histogram 422 19'
- '#histogram 423 13'
- '#histogram 424 17'
- '#histogram 425 14'
- '#histogram 426 11'
- '#histogram 427 11'
- '#histogram 428 12'
- '#histogram 429 11'
- '#histogram 430 23'
- '#histogram 431 8'
- '#histogram 432 19'
- '#histogram 433 26'
- '#histogram 434 11'
- '#histogram 435 15'
- '#histogram 436 13'
- '#histogram 437 11'
- '#histogram 438 8'
- '#histogram 439 7'
- '#histogram 440 16'
- '#histogram 441 15'
- '#histogram 442 11'
- '#histogram 443 13'
- '#histogram 444 14'
- '#histogram 445 19'
- '#histogram 446 18'
- '#histogram 447 10'
- '#histogram 448 24'
- '#histogram 449 11'
- '#histogram 450 15'
- '#histogram 451 15'
- '#histogram 452 19'
- '#histogram 453 18'
- '#histogram 454 19'
- '#histogram 455 17'
- '#histogram 456 19'
- '#histogram 457 10'
- '#histogram 458 12'
- '#histogram 459 16'
- '#histogram 460 14'
- '#histogram 461 11'
- '#histogram 462 11'
- '#histogram 463 20'
- '#histogram 464 27'
- '#histogram 465 17'
- '#histogram 466 11'
- '#histogram 467 16'
- '#histogram 468 15'
- '#histogram 469 15'
- '#histogram 470 7'
- '#histogram 471 10'
- '#histogram 472 10'
- '#histogram 473 10'
- '#histogram 474 8'
- '#histogram 475 8'
- '#histogram 476 16'
- '#histogram 477 9'
- '#histogram 478 17'
- '#histogram 479 11'
- '#histogram 480 15'
- '#histogram 481 10'
- '#histogram 482 15'
- '#histogram 483 8'
- '#histogram 484 8'
- '#histogram 485 8'
- '#histogram 486 13'
- '#histogram 487 19'
- '#histogram 488 10'
- '#histogram 489 4'
- '#histogram 490 10'
- '#histogram 491 6'
- '#histogram 492 10'
- '#histogram 493 6'
- '#histogram 494 7'
- '#histogram 495 8'
- '#histogram 496 11'
- '#histogram 497 10'
- '#histogram 498 6'
- '#histogram 499 10'
- '#histogram 500 12'
- '#histogram 501 6'
- '#histogram 502 7'
- '#histogram 503 12'
- '#histogram 504 20'
- '#histogram 505 8'
- '#histogram 506 13'
- '#histogram 507 19'
- '#histogram 508 9'
- '#histogram 509 12'
- '#histogram 510 8'
- '#histogram 511 8'
- '#histogram 512 6'
- '#histogram 513 14'
- '#histogram 514 8'
- '#histogram 515 9'
- '#histogram 516 8'
- '#histogram 517 11'
- '#histogram 518 5'
- '#histogram 519 8'
- '#histogram 520 7'
- '#histogram 521 14'
- '#histogram 522 15'
- '#histogram 523 7'
- '#histogram 524 5'
- '#histogram 525 8'
- '#histogram 526 12'
- '#histogram 527 5'
- '#histogram 528 8'
- '#histogram 529 10'
- '#histogram 530 9'
- '#histogram 531 7'
- '#histogram 532 5'
- '#histogram 533 11'
- '#histogram 534 5'
- '#histogram 535 2'
- '#histogram 536 7'
- '#histogram 537 7'
- '#histogram 538 1'
- '#histogram 539 11'
- '#histogram 540 7'
- '#histogram 541 7'
- '#histogram 542 7'
- '#histogram 543 7'
- '#histogram 544 5'
- '#histogram 545 6'
- '#histogram 546 9'
- '#histogram 547 13'
- '#histogram 548 8'
- '#histogram 549 7'
- '#histogram 550 11'
- '#histogram 551 7'
- '#histogram 552 8'
- '#histogram 553 10'
- '#histogram 554 10'
- '#histogram 555 5'
- '#histogram 556 6'
- '#histogram 557 3'
- '#histogram 558 12'
- '#histogram 559 3'
- '#histogram 560 6'
- '#histogram 561 3'
- '#histogram 562 12'
- '#histogram 563 7'
- '#histogram 564 2'
- '#histogram 565 11'
- '#histogram 566 7'
- '#histogram 567 8'
- '#histogram 568 3'
- '#histogram 569 7'
- '#histogram 570 7'
- '#histogram 571 3'
- '#histogram 572 4'
- '#histogram 573 9'
- '#histogram 574 7'
- '#histogram 575 4'
- '#histogram 576 3'
- '#histogram 577 8'
- '#histogram 578 4'
- '#histogram 579 7'
- '#histogram 580 6'
- '#histogram 581 6'
- '#histogram 582 6'
- '#histogram 583 5'
- '#histogram 584 4'
- '#histogram 585 5'
- '#histogram 586 6'
- '#histogram 587 8'
- '#histogram 588 3'
- '#histogram 589 4'
- '#histogram 590 5'
- '#histogram 591 10'
- '#histogram 592 5'
- '#histogram 593 8'
- '#histogram 594 4'
- '#histogram 595 7'
- '#histogram 596 5'
- '#histogram 597 3'
- '#histogram 598 5'
- '#histogram 599 4'
- '#histogram 600 4'
- '#histogram 601 5'
- '#histogram 602 3'
- '#histogram 603 3'
- '#histogram 604 5'
- '#histogram 605 6'
- '#histogram 606 8'
- '#histogram 607 4'
- '#histogram 608 9'
- '#histogram 609 3'
- '#histogram 610 4'
- '#histogram 611 8'
- '#histogram 612 3'
- '#histogram 613 1'
- '#histogram 614 5'
- '#histogram 615 3'
- '#histogram 617 2'
- '#histogram 618 5'
- '#histogram 619 5'
- '#histogram 620 4'
- '#histogram 621 3'
- '#histogram 622 5'
- '#histogram 623 2'
- '#histogram 624 3'
- '#histogram 625 2'
- '#histogram 626 2'
- '#histogram 627 2'
- '#histogram 628 3'
- '#histogram 629 1'
- '#histogram 630 2'
- '#histogram 631 2'
- '#histogram 632 4'
- '#histogram 633 3'
- '#histogram 634 5'
- '#histogram 635 3'
- '#histogram 636 2'
- '#histogram 637 2'
- '#histogram 638 2'
- '#histogram 639 5'
- '#histogram 640 4'
- '#histogram 641 3'
- '#histogram 642 1'
- '#histogram 643 2'
- '#histogram 644 6'
- '#histogram 645 5'
- '#histogram 646 1'
- '#histogram 647 5'
- '#histogram 648 2'
- '#histogram 649 5'
- '#histogram 650 3'
- '#histogram 651 2'
- '#histogram 652 2'
- '#histogram 653 1'
- '#histogram 654 6'
- '#histogram 656 5'
- '#histogram 657 5'
- '#histogram 658 2'
- '#histogram 659 2'
- '#histogram 660 4'
- '#histogram 661 7'
- '#histogram 662 5'
- '#histogram 663 2'
- '#histogram 665 1'
- '#histogram 667 5'
- '#histogram 668 7'
- '#histogram 669 5'
- '#histogram 671 2'
- '#histogram 672 2'
- '#histogram 673 5'
- '#histogram 674 6'
- '#histogram 675 4'
- '#histogram 676 2'
- '#histogram 677 8'
- '#histogram 678 5'
- '#histogram 679 5'
- '#histogram 680 5'
- '#histogram 681 2'
- '#histogram 682 4'
- '#histogram 683 4'
- '#histogram 684 5'
- '#histogram 685 2'
- '#histogram 686 3'
- '#histogram 688 4'
- '#histogram 689 2'
- '#histogram 690 2'
- '#histogram 691 2'
- '#histogram 692 1'
- '#histogram 693 3'
- '#histogram 694 2'
- '#histogram 695 6'
- '#histogram 697 2'
- '#histogram 698 2'
- '#histogram 699 5'
- '#histogram 700 4'
- '#histogram 701 1'
- '#histogram 702 5'
- '#histogram 703 3'
- '#histogram 704 3'
- '#histogram 705 1'
- '#histogram 706 4'
- '#histogram 707 4'
- '#histogram 708 1'
- '#histogram 709 3'
- '#histogram 711 1'
- '#histogram 712 2'
- '#histogram 713 5'
- '#histogram 714 3'
- '#histogram 715 1'
- '#histogram 716 3'
- '#histogram 717 2'
- '#histogram 718 2'
- '#histogram 719 1'
- '#histogram 720 2'
- '#histogram 721 2'
- '#histogram 722 2'
- '#histogram 723 1'
- '#histogram 724 2'
- '#histogram 725 4'
- '#histogram 726 2'
- '#histogram 727 2'
- '#histogram 729 1'
- '#histogram 730 1'
- '#histogram 731 2'
- '#histogram 732 3'
- '#histogram 734 1'
- '#histogram 735 2'
- '#histogram 737 1'
- '#histogram 738 1'
- '#histogram 739 1'
- '#histogram 740 3'
- '#histogram 741 2'
- '#histogram 743 3'
- '#histogram 744 4'
- '#histogram 745 2'
- '#histogram 746 3'
- '#histogram 747 3'
- '#histogram 748 1'
- '#histogram 749 3'
- '#histogram 750 2'
- '#histogram 751 8'
- '#histogram 752 1'
- '#histogram 753 3'
- '#histogram 755 2'
- '#histogram 756 4'
- '#histogram 757 3'
- '#histogram 758 2'
- '#histogram 759 6'
- '#histogram 760 2'
- '#histogram 761 3'
- '#histogram 763 2'
- '#histogram 764 3'
- '#histogram 766 2'
- '#histogram 769 2'
- '#histogram 770 3'
- '#histogram 771 2'
- '#histogram 772 1'
- '#histogram 773 3'
- '#histogram 774 2'
- '#histogram 775 1'
- '#histogram 776 2'
- '#histogram 777 5'
- '#histogram 778 3'
- '#histogram 779 2'
- '#histogram 780 3'
- '#histogram 781 4'
- '#histogram 782 3'
- '#histogram 783 3'
- '#histogram 784 1'
- '#histogram 785 2'
- '#histogram 786 5'
- '#histogram 787 3'
- '#histogram 788 3'
- '#histogram 789 2'
- '#histogram 792 4'
- '#histogram 793 1'
- '#histogram 795 1'
- '#histogram 796 1'
- '#histogram 797 4'
- '#histogram 798 1'
- '#histogram 799 2'
- '#histogram 800 2'
- '#histogram 801 1'
- '#histogram 802 1'
- '#histogram 803 3'
- '#histogram 805 1'
- '#histogram 806 3'
- '#histogram 807 2'
- '#histogram 808 2'
- '#histogram 809 3'
- '#histogram 810 1'
- '#histogram 811 4'
- '#histogram 812 1'
- '#histogram 813 1'
- '#histogram 814 1'
- '#histogram 815 3'
- '#histogram 816 2'
- '#histogram 817 3'
- '#histogram 818 2'
- '#histogram 819 4'
- '#histogram 820 4'
- '#histogram 821 4'
- '#histogram 822 1'
- '#histogram 823 3'
- '#histogram 824 2'
- '#histogram 825 3'
- '#histogram 826 2'
- '#histogram 829 1'
- '#histogram 830 2'
- '#histogram 832 1'
- '#histogram 833 2'
- '#histogram 834 4'
- '#histogram 835 3'
- '#histogram 836 3'
- '#histogram 837 1'
- '#histogram 838 1'
- '#histogram 840 1'
- '#histogram 841 4'
- '#histogram 842 3'
- '#histogram 843 1'
- '#histogram 844 2'
- '#histogram 845 4'
- '#histogram 846 1'
- '#histogram 847 5'
- '#histogram 848 2'
- '#histogram 852 3'
- '#histogram 854 2'
- '#histogram 855 1'
- '#histogram 856 1'
- '#histogram 857 1'
- '#histogram 858 1'
- '#histogram 861 2'
- '#histogram 863 1'
- '#histogram 864 1'
- '#histogram 866 4'
- '#histogram 867 1'
- '#histogram 868 2'
- '#histogram 869 2'
- '#histogram 870 3'
- '#histogram 871 1'
- '#histogram 874 1'
- '#histogram 875 1'
- '#histogram 877 1'
- '#histogram 878 1'
- '#histogram 879 2'
- '#histogram 880 2'
- '#histogram 881 2'
- '#histogram 882 3'
- '#histogram 883 1'
- '#histogram 886 1'
- '#histogram 887 3'
- '#histogram 892 2'
- '#histogram 893 2'
- '#histogram 897 3'
- '#histogram 899 2'
- '#histogram 900 1'
- '#histogram 903 2'
- '#histogram 904 1'
- '#histogram 905 1'
- '#histogram 907 1'
- '#histogram 912 1'
- '#histogram 916 1'
- '#histogram 917 1'
- '#histogram 921 1'
- '#histogram 923 1'
- '#histogram 924 1'
- '#histogram 925 3'
- '#histogram 929 1'
- '#histogram 930 1'
- '#histogram 931 1'
- '#histogram 938 2'
- '#histogram 946 2'
- '#histogram 951 1'
- '#histogram 953 1'
- '#histogram 954 1'
- '#histogram 959 1'
- '#histogram 966 1'
- '#histogram 967 1'
- '#histogram 969 1'
- '#histogram 970 1'
- '#histogram 977 1'
- '#histogram 978 1'
- '#histogram 987 1'
- '#histogram 988 1'
- '#histogram 994 2'
- '#histogram 1013 1'
- '#histogram 1018 2'
- '#histogram 1019 1'
- '#histogram 1021 1'
- '#histogram 1023 1'
- '#histogram 1025 1'
- '#histogram 1028 1'
- '#histogram 1032 1'
- '#histogram 1033 2'
- '#histogram 1035 1'
- '#histogram 1048 1'
- '#histogram 1055 1'
- '#histogram 1058 1'
- '#histogram 1068 1'
- '#histogram 1080 2'
- '#histogram 1175 1'
- '#histogram 1280 1'
- '#histogram 1436 1'
- '#histogram 1513 1'
- ''
