code: 0
data:
  avg_latency: 0.112188
  histogram:
  - - 0
    - 0
  - - 1
    - 19
  - - 2
    - 101
  - - 3
    - 200
  - - 4
    - 244
  - - 5
    - 304
  - - 6
    - 290
  - - 7
    - 306
  - - 8
    - 347
  - - 9
    - 339
  - - 10
    - 335
  - - 11
    - 375
  - - 12
    - 374
  - - 13
    - 364
  - - 14
    - 363
  - - 15
    - 382
  - - 16
    - 364
  - - 17
    - 370
  - - 18
    - 427
  - - 19
    - 394
  - - 20
    - 443
  - - 21
    - 441
  - - 22
    - 454
  - - 23
    - 470
  - - 24
    - 494
  - - 25
    - 534
  - - 26
    - 541
  - - 27
    - 513
  - - 28
    - 485
  - - 29
    - 556
  - - 30
    - 575
  - - 31
    - 592
  - - 32
    - 596
  - - 33
    - 554
  - - 34
    - 616
  - - 35
    - 652
  - - 36
    - 597
  - - 37
    - 583
  - - 38
    - 660
  - - 39
    - 665
  - - 40
    - 642
  - - 41
    - 728
  - - 42
    - 693
  - - 43
    - 655
  - - 44
    - 712
  - - 45
    - 736
  - - 46
    - 753
  - - 47
    - 734
  - - 48
    - 760
  - - 49
    - 776
  - - 50
    - 756
  - - 51
    - 764
  - - 52
    - 831
  - - 53
    - 806
  - - 54
    - 826
  - - 55
    - 782
  - - 56
    - 798
  - - 57
    - 849
  - - 58
    - 798
  - - 59
    - 807
  - - 60
    - 850
  - - 61
    - 866
  - - 62
    - 865
  - - 63
    - 832
  - - 64
    - 858
  - - 65
    - 771
  - - 66
    - 860
  - - 67
    - 812
  - - 68
    - 833
  - - 69
    - 808
  - - 70
    - 831
  - - 71
    - 856
  - - 72
    - 823
  - - 73
    - 887
  - - 74
    - 832
  - - 75
    - 846
  - - 76
    - 806
  - - 77
    - 795
  - - 78
    - 778
  - - 79
    - 832
  - - 80
    - 804
  - - 81
    - 789
  - - 82
    - 795
  - - 83
    - 799
  - - 84
    - 821
  - - 85
    - 833
  - - 86
    - 788
  - - 87
    - 770
  - - 88
    - 811
  - - 89
    - 809
  - - 90
    - 809
  - - 91
    - 742
  - - 92
    - 753
  - - 93
    - 777
  - - 94
    - 717
  - - 95
    - 727
  - - 96
    - 714
  - - 97
    - 740
  - - 98
    - 714
  - - 99
    - 732
  - - 100
    - 684
  - - 101
    - 680
  - - 102
    - 615
  - - 103
    - 632
  - - 104
    - 593
  - - 105
    - 626
  - - 106
    - 620
  - - 107
    - 659
  - - 108
    - 638
  - - 109
    - 587
  - - 110
    - 569
  - - 111
    - 579
  - - 112
    - 546
  - - 113
    - 550
  - - 114
    - 533
  - - 115
    - 520
  - - 116
    - 491
  - - 117
    - 502
  - - 118
    - 538
  - - 119
    - 512
  - - 120
    - 487
  - - 121
    - 455
  - - 122
    - 472
  - - 123
    - 456
  - - 124
    - 482
  - - 125
    - 399
  - - 126
    - 419
  - - 127
    - 418
  - - 128
    - 399
  - - 129
    - 413
  - - 130
    - 395
  - - 131
    - 400
  - - 132
    - 382
  - - 133
    - 376
  - - 134
    - 393
  - - 135
    - 373
  - - 136
    - 367
  - - 137
    - 368
  - - 138
    - 368
  - - 139
    - 360
  - - 140
    - 350
  - - 141
    - 307
  - - 142
    - 357
  - - 143
    - 303
  - - 144
    - 327
  - - 145
    - 317
  - - 146
    - 304
  - - 147
    - 304
  - - 148
    - 288
  - - 149
    - 256
  - - 150
    - 276
  - - 151
    - 295
  - - 152
    - 255
  - - 153
    - 267
  - - 154
    - 255
  - - 155
    - 215
  - - 156
    - 239
  - - 157
    - 244
  - - 158
    - 213
  - - 159
    - 234
  - - 160
    - 218
  - - 161
    - 193
  - - 162
    - 199
  - - 163
    - 241
  - - 164
    - 202
  - - 165
    - 184
  - - 166
    - 191
  - - 167
    - 188
  - - 168
    - 191
  - - 169
    - 190
  - - 170
    - 165
  - - 171
    - 180
  - - 172
    - 149
  - - 173
    - 161
  - - 174
    - 167
  - - 175
    - 158
  - - 176
    - 158
  - - 177
    - 165
  - - 178
    - 134
  - - 179
    - 149
  - - 180
    - 132
  - - 181
    - 148
  - - 182
    - 145
  - - 183
    - 145
  - - 184
    - 134
  - - 185
    - 126
  - - 186
    - 121
  - - 187
    - 120
  - - 188
    - 138
  - - 189
    - 133
  - - 190
    - 117
  - - 191
    - 124
  - - 192
    - 119
  - - 193
    - 127
  - - 194
    - 143
  - - 195
    - 95
  - - 196
    - 129
  - - 197
    - 111
  - - 198
    - 100
  - - 199
    - 107
  - - 200
    - 87
  - - 201
    - 83
  - - 202
    - 109
  - - 203
    - 94
  - - 204
    - 84
  - - 205
    - 81
  - - 206
    - 97
  - - 207
    - 102
  - - 208
    - 80
  - - 209
    - 71
  - - 210
    - 93
  - - 211
    - 80
  - - 212
    - 87
  - - 213
    - 70
  - - 214
    - 84
  - - 215
    - 75
  - - 216
    - 77
  - - 217
    - 79
  - - 218
    - 70
  - - 219
    - 83
  - - 220
    - 64
  - - 221
    - 68
  - - 222
    - 58
  - - 223
    - 68
  - - 224
    - 60
  - - 225
    - 63
  - - 226
    - 68
  - - 227
    - 57
  - - 228
    - 52
  - - 229
    - 57
  - - 230
    - 48
  - - 231
    - 71
  - - 232
    - 58
  - - 233
    - 50
  - - 234
    - 62
  - - 235
    - 52
  - - 236
    - 56
  - - 237
    - 54
  - - 238
    - 61
  - - 239
    - 38
  - - 240
    - 41
  - - 241
    - 45
  - - 242
    - 43
  - - 243
    - 50
  - - 244
    - 37
  - - 245
    - 59
  - - 246
    - 44
  - - 247
    - 49
  - - 248
    - 38
  - - 249
    - 41
  - - 250
    - 33
  - - 251
    - 59
  - - 252
    - 43
  - - 253
    - 43
  - - 254
    - 40
  - - 255
    - 49
  - - 256
    - 41
  - - 257
    - 41
  - - 258
    - 39
  - - 259
    - 30
  - - 260
    - 34
  - - 261
    - 38
  - - 262
    - 32
  - - 263
    - 35
  - - 264
    - 45
  - - 265
    - 31
  - - 266
    - 46
  - - 267
    - 37
  - - 268
    - 35
  - - 269
    - 44
  - - 270
    - 38
  - - 271
    - 50
  - - 272
    - 40
  - - 273
    - 41
  - - 274
    - 31
  - - 275
    - 45
  - - 276
    - 17
  - - 277
    - 31
  - - 278
    - 47
  - - 279
    - 34
  - - 280
    - 36
  - - 281
    - 47
  - - 282
    - 37
  - - 283
    - 38
  - - 284
    - 42
  - - 285
    - 28
  - - 286
    - 29
  - - 287
    - 39
  - - 288
    - 33
  - - 289
    - 34
  - - 290
    - 30
  - - 291
    - 26
  - - 292
    - 30
  - - 293
    - 45
  - - 294
    - 31
  - - 295
    - 30
  - - 296
    - 25
  - - 297
    - 46
  - - 298
    - 28
  - - 299
    - 29
  - - 300
    - 29
  - - 301
    - 22
  - - 302
    - 24
  - - 303
    - 26
  - - 304
    - 31
  - - 305
    - 35
  - - 306
    - 28
  - - 307
    - 35
  - - 308
    - 34
  - - 309
    - 29
  - - 310
    - 33
  - - 311
    - 36
  - - 312
    - 31
  - - 313
    - 42
  - - 314
    - 31
  - - 315
    - 23
  - - 316
    - 33
  - - 317
    - 36
  - - 318
    - 30
  - - 319
    - 22
  - - 320
    - 29
  - - 321
    - 28
  - - 322
    - 21
  - - 323
    - 32
  - - 324
    - 29
  - - 325
    - 26
  - - 326
    - 25
  - - 327
    - 26
  - - 328
    - 24
  - - 329
    - 39
  - - 330
    - 30
  - - 331
    - 24
  - - 332
    - 37
  - - 333
    - 31
  - - 334
    - 32
  - - 335
    - 27
  - - 336
    - 27
  - - 337
    - 24
  - - 338
    - 23
  - - 339
    - 18
  - - 340
    - 16
  - - 341
    - 23
  - - 342
    - 24
  - - 343
    - 23
  - - 344
    - 24
  - - 345
    - 24
  - - 346
    - 35
  - - 347
    - 22
  - - 348
    - 29
  - - 349
    - 18
  - - 350
    - 29
  - - 351
    - 21
  - - 352
    - 21
  - - 353
    - 19
  - - 354
    - 28
  - - 355
    - 22
  - - 356
    - 22
  - - 357
    - 29
  - - 358
    - 24
  - - 359
    - 15
  - - 360
    - 28
  - - 361
    - 26
  - - 362
    - 21
  - - 363
    - 16
  - - 364
    - 26
  - - 365
    - 28
  - - 366
    - 22
  - - 367
    - 28
  - - 368
    - 23
  - - 369
    - 25
  - - 370
    - 24
  - - 371
    - 28
  - - 372
    - 17
  - - 373
    - 11
  - - 374
    - 18
  - - 375
    - 25
  - - 376
    - 26
  - - 377
    - 19
  - - 378
    - 24
  - - 379
    - 31
  - - 380
    - 17
  - - 381
    - 23
  - - 382
    - 16
  - - 383
    - 25
  - - 384
    - 14
  - - 385
    - 23
  - - 386
    - 24
  - - 387
    - 15
  - - 388
    - 16
  - - 389
    - 21
  - - 390
    - 19
  - - 391
    - 20
  - - 392
    - 22
  - - 393
    - 24
  - - 394
    - 24
  - - 395
    - 26
  - - 396
    - 21
  - - 397
    - 15
  - - 398
    - 19
  - - 399
    - 12
  - - 400
    - 22
  - - 401
    - 19
  - - 402
    - 14
  - - 403
    - 17
  - - 404
    - 21
  - - 405
    - 13
  - - 406
    - 23
  - - 407
    - 22
  - - 408
    - 17
  - - 409
    - 18
  - - 410
    - 24
  - - 411
    - 19
  - - 412
    - 20
  - - 413
    - 18
  - - 414
    - 15
  - - 415
    - 21
  - - 416
    - 16
  - - 417
    - 19
  - - 418
    - 21
  - - 419
    - 15
  - - 420
    - 22
  - - 421
    - 16
  - - 422
    - 17
  - - 423
    - 22
  - - 424
    - 16
  - - 425
    - 16
  - - 426
    - 11
  - - 427
    - 19
  - - 428
    - 18
  - - 429
    - 13
  - - 430
    - 22
  - - 431
    - 15
  - - 432
    - 23
  - - 433
    - 15
  - - 434
    - 21
  - - 435
    - 17
  - - 436
    - 11
  - - 437
    - 8
  - - 438
    - 13
  - - 439
    - 13
  - - 440
    - 18
  - - 441
    - 20
  - - 442
    - 14
  - - 443
    - 19
  - - 444
    - 12
  - - 445
    - 14
  - - 446
    - 15
  - - 447
    - 12
  - - 448
    - 16
  - - 449
    - 19
  - - 450
    - 12
  - - 451
    - 13
  - - 452
    - 12
  - - 453
    - 26
  - - 454
    - 13
  - - 455
    - 9
  - - 456
    - 20
  - - 457
    - 20
  - - 458
    - 11
  - - 459
    - 14
  - - 460
    - 7
  - - 461
    - 15
  - - 462
    - 15
  - - 463
    - 14
  - - 464
    - 14
  - - 465
    - 18
  - - 466
    - 9
  - - 467
    - 16
  - - 468
    - 10
  - - 469
    - 17
  - - 470
    - 20
  - - 471
    - 8
  - - 472
    - 17
  - - 473
    - 10
  - - 474
    - 15
  - - 475
    - 12
  - - 476
    - 17
  - - 477
    - 23
  - - 478
    - 9
  - - 479
    - 13
  - - 480
    - 9
  - - 481
    - 17
  - - 482
    - 6
  - - 483
    - 9
  - - 484
    - 12
  - - 485
    - 20
  - - 486
    - 18
  - - 487
    - 16
  - - 488
    - 20
  - - 489
    - 17
  - - 490
    - 8
  - - 491
    - 14
  - - 492
    - 8
  - - 493
    - 10
  - - 494
    - 12
  - - 495
    - 11
  - - 496
    - 5
  - - 497
    - 14
  - - 498
    - 10
  - - 499
    - 8
  - - 500
    - 11
  - - 501
    - 15
  - - 502
    - 18
  - - 503
    - 19
  - - 504
    - 8
  - - 505
    - 13
  - - 506
    - 11
  - - 507
    - 6
  - - 508
    - 7
  - - 509
    - 7
  - - 510
    - 12
  - - 511
    - 10
  - - 512
    - 11
  - - 513
    - 8
  - - 514
    - 10
  - - 515
    - 11
  - - 516
    - 15
  - - 517
    - 12
  - - 518
    - 14
  - - 519
    - 15
  - - 520
    - 8
  - - 521
    - 8
  - - 522
    - 15
  - - 523
    - 10
  - - 524
    - 17
  - - 525
    - 6
  - - 526
    - 8
  - - 527
    - 5
  - - 528
    - 12
  - - 529
    - 6
  - - 530
    - 10
  - - 531
    - 5
  - - 532
    - 17
  - - 533
    - 9
  - - 534
    - 14
  - - 535
    - 10
  - - 536
    - 9
  - - 537
    - 6
  - - 538
    - 14
  - - 539
    - 10
  - - 540
    - 9
  - - 541
    - 8
  - - 542
    - 14
  - - 543
    - 13
  - - 544
    - 13
  - - 545
    - 19
  - - 546
    - 12
  - - 547
    - 10
  - - 548
    - 16
  - - 549
    - 11
  - - 550
    - 3
  - - 551
    - 9
  - - 552
    - 8
  - - 553
    - 9
  - - 554
    - 11
  - - 555
    - 9
  - - 556
    - 15
  - - 557
    - 9
  - - 558
    - 13
  - - 559
    - 13
  - - 560
    - 7
  - - 561
    - 9
  - - 562
    - 7
  - - 563
    - 9
  - - 564
    - 9
  - - 565
    - 5
  - - 566
    - 7
  - - 567
    - 5
  - - 568
    - 12
  - - 569
    - 6
  - - 570
    - 7
  - - 571
    - 8
  - - 572
    - 8
  - - 573
    - 6
  - - 574
    - 8
  - - 575
    - 9
  - - 576
    - 5
  - - 577
    - 9
  - - 578
    - 10
  - - 579
    - 4
  - - 580
    - 7
  - - 581
    - 4
  - - 582
    - 7
  - - 583
    - 10
  - - 584
    - 9
  - - 585
    - 7
  - - 586
    - 6
  - - 587
    - 7
  - - 588
    - 3
  - - 589
    - 7
  - - 590
    - 5
  - - 591
    - 7
  - - 592
    - 5
  - - 593
    - 9
  - - 594
    - 7
  - - 595
    - 6
  - - 596
    - 11
  - - 597
    - 10
  - - 598
    - 7
  - - 599
    - 6
  - - 600
    - 5
  - - 601
    - 8
  - - 602
    - 10
  - - 603
    - 10
  - - 604
    - 9
  - - 605
    - 7
  - - 606
    - 7
  - - 607
    - 5
  - - 608
    - 6
  - - 609
    - 7
  - - 610
    - 6
  - - 611
    - 6
  - - 612
    - 3
  - - 613
    - 1
  - - 614
    - 6
  - - 615
    - 6
  - - 616
    - 6
  - - 617
    - 5
  - - 618
    - 4
  - - 619
    - 6
  - - 620
    - 3
  - - 621
    - 9
  - - 622
    - 7
  - - 623
    - 6
  - - 624
    - 5
  - - 625
    - 6
  - - 626
    - 10
  - - 627
    - 4
  - - 628
    - 7
  - - 629
    - 4
  - - 630
    - 9
  - - 631
    - 9
  - - 632
    - 5
  - - 633
    - 4
  - - 634
    - 8
  - - 635
    - 4
  - - 636
    - 6
  - - 637
    - 4
  - - 638
    - 6
  - - 639
    - 8
  - - 640
    - 4
  - - 641
    - 3
  - - 642
    - 8
  - - 643
    - 5
  - - 644
    - 6
  - - 645
    - 7
  - - 646
    - 4
  - - 647
    - 5
  - - 648
    - 7
  - - 649
    - 4
  - - 650
    - 7
  - - 651
    - 7
  - - 652
    - 6
  - - 653
    - 10
  - - 654
    - 2
  - - 655
    - 8
  - - 656
    - 3
  - - 657
    - 8
  - - 658
    - 4
  - - 659
    - 4
  - - 660
    - 6
  - - 661
    - 5
  - - 662
    - 8
  - - 663
    - 6
  - - 664
    - 5
  - - 665
    - 5
  - - 666
    - 3
  - - 667
    - 6
  - - 668
    - 1
  - - 669
    - 7
  - - 670
    - 4
  - - 671
    - 10
  - - 672
    - 4
  - - 673
    - 8
  - - 674
    - 5
  - - 675
    - 4
  - - 676
    - 6
  - - 677
    - 7
  - - 678
    - 5
  - - 679
    - 2
  - - 680
    - 3
  - - 681
    - 6
  - - 682
    - 7
  - - 683
    - 4
  - - 684
    - 7
  - - 685
    - 6
  - - 686
    - 9
  - - 687
    - 7
  - - 688
    - 5
  - - 689
    - 5
  - - 690
    - 5
  - - 691
    - 2
  - - 692
    - 4
  - - 693
    - 5
  - - 694
    - 5
  - - 695
    - 4
  - - 696
    - 2
  - - 697
    - 4
  - - 698
    - 2
  - - 699
    - 8
  - - 700
    - 1
  - - 701
    - 4
  - - 702
    - 5
  - - 703
    - 8
  - - 704
    - 4
  - - 705
    - 8
  - - 706
    - 2
  - - 707
    - 2
  - - 708
    - 1
  - - 709
    - 5
  - - 710
    - 1
  - - 711
    - 4
  - - 712
    - 2
  - - 713
    - 5
  - - 714
    - 2
  - - 715
    - 4
  - - 716
    - 3
  - - 717
    - 7
  - - 718
    - 2
  - - 719
    - 3
  - - 720
    - 3
  - - 721
    - 3
  - - 722
    - 5
  - - 723
    - 5
  - - 724
    - 4
  - - 725
    - 3
  - - 726
    - 8
  - - 727
    - 3
  - - 728
    - 2
  - - 729
    - 6
  - - 730
    - 2
  - - 731
    - 2
  - - 732
    - 7
  - - 733
    - 3
  - - 734
    - 5
  - - 735
    - 7
  - - 736
    - 4
  - - 737
    - 3
  - - 738
    - 3
  - - 739
    - 4
  - - 740
    - 4
  - - 741
    - 5
  - - 742
    - 1
  - - 743
    - 3
  - - 744
    - 4
  - - 745
    - 4
  - - 746
    - 4
  - - 747
    - 2
  - - 748
    - 2
  - - 749
    - 5
  - - 750
    - 6
  - - 751
    - 3
  - - 752
    - 2
  - - 753
    - 4
  - - 754
    - 4
  - - 755
    - 3
  - - 756
    - 2
  - - 757
    - 3
  - - 758
    - 3
  - - 759
    - 2
  - - 760
    - 3
  - - 761
    - 1
  - - 762
    - 4
  - - 763
    - 4
  - - 764
    - 5
  - - 765
    - 3
  - - 767
    - 1
  - - 768
    - 3
  - - 769
    - 2
  - - 770
    - 4
  - - 771
    - 2
  - - 772
    - 2
  - - 773
    - 1
  - - 774
    - 3
  - - 775
    - 3
  - - 776
    - 1
  - - 777
    - 2
  - - 778
    - 2
  - - 779
    - 2
  - - 781
    - 4
  - - 782
    - 1
  - - 783
    - 4
  - - 784
    - 3
  - - 785
    - 2
  - - 786
    - 2
  - - 787
    - 2
  - - 788
    - 2
  - - 789
    - 3
  - - 790
    - 3
  - - 791
    - 2
  - - 792
    - 2
  - - 793
    - 1
  - - 794
    - 3
  - - 795
    - 3
  - - 796
    - 1
  - - 797
    - 3
  - - 799
    - 2
  - - 801
    - 2
  - - 803
    - 3
  - - 804
    - 2
  - - 805
    - 3
  - - 806
    - 2
  - - 808
    - 1
  - - 810
    - 1
  - - 811
    - 2
  - - 812
    - 1
  - - 813
    - 1
  - - 814
    - 4
  - - 815
    - 1
  - - 816
    - 1
  - - 817
    - 1
  - - 818
    - 1
  - - 819
    - 1
  - - 820
    - 3
  - - 822
    - 3
  - - 823
    - 2
  - - 824
    - 1
  - - 826
    - 1
  - - 828
    - 2
  - - 830
    - 1
  - - 832
    - 1
  - - 833
    - 1
  - - 834
    - 1
  - - 836
    - 1
  - - 837
    - 1
  - - 838
    - 2
  - - 839
    - 1
  - - 840
    - 1
  - - 841
    - 4
  - - 842
    - 3
  - - 843
    - 1
  - - 844
    - 2
  - - 845
    - 3
  - - 848
    - 1
  - - 849
    - 2
  - - 851
    - 3
  - - 854
    - 1
  - - 855
    - 1
  - - 857
    - 1
  - - 861
    - 1
  - - 863
    - 2
  - - 866
    - 1
  - - 868
    - 1
  - - 869
    - 1
  - - 870
    - 1
  - - 877
    - 1
  - - 880
    - 1
  - - 884
    - 2
  - - 885
    - 1
  - - 893
    - 1
  - - 895
    - 1
  - - 896
    - 1
  - - 898
    - 1
  - - 902
    - 2
  - - 904
    - 2
  - - 909
    - 1
  - - 917
    - 1
  - - 923
    - 1
  - - 926
    - 1
  - - 929
    - 1
  - - 932
    - 1
  - - 945
    - 1
  - - 953
    - 1
  - - 955
    - 1
  - - 960
    - 1
  - - 963
    - 1
  - - 973
    - 1
  - - 974
    - 1
  - - 976
    - 1
  - - 980
    - 1
  - - 986
    - 1
  - - 988
    - 1
  - - 991
    - 1
  - - 992
    - 1
  - - 1008
    - 1
  - - 1017
    - 2
  - - 1022
    - 1
  - - 1046
    - 1
  - - 1051
    - 1
  - - 1104
    - 1
  - - 1180
    - 1
  - - 1220
    - 2
  - - 1248
    - 1
  - - 1250
    - 1
  - - 1280
    - 1
  - - 1285
    - 1
  - - 1368
    - 1
  - - 1457
    - 1
  latency_50_percentile: 85.0
  latency_95_percentile: 320.0
  latency_99_5_percentile: 680.5299999999988
  latency_99_percentile: 591.0
  max_kubedns_cpu: 496
  max_kubedns_memory: 31
  max_latency: 1.457364
  max_perfserver_cpu: 0
  max_perfserver_memory: 0
  min_latency: 0.001259
  msg: null
  ok: true
  qps: 889.312303
  queries_completed: 106895
  queries_lost: 0
  queries_sent: 106895
  run_time: 120.199619
  stddev_latency: 0.10649
params:
  max_qps: null
  pod_name: dns-perf-client-858fb7568b-j8ztq
  query_file: all-queries.txt
  run_id: 1777670652
  run_length_seconds: 120
  run_subid: 0
stderr:
- ''
stdout:
- DNS Performance Testing Tool
- Nominum Version 2.1.0.0
- ''
- '[Status] Command line: dnsperf -s 10.0.0.10 -l 120 -d /queries/all-queries.txt'
- '[Status] Sending queries (to 10.0.0.10)'
- '[Status] Started at: Fri May  1 21:24:49 2026'
- '[Status] Stopping after 120.000000 seconds'
- '[Status] Testing complete (time limit)'
- ''
- 'Statistics:'
- ''
- '  Queries sent:         106895'
- '  Queries completed:    106895 (100.00%)'
- '  Queries lost:         0 (0.00%)'
- ''
- '  Response codes:       NOERROR 12828 (12.00%), NXDOMAIN 94067 (88.00%)'
- '  Average packet size:  request 38, response 122'
- '  Run time (s):         120.199619'
- '  Queries per second:   889.312303'
- ''
- '  Average Latency (s):  0.112188 (min 0.001259, max 1.457364)'
- '  Latency StdDev (s):   0.106490'
- ''
- '  Latency histogram'
- '#histogram 0 0'
- '#histogram 1 19'
- '#histogram 2 101'
- '#histogram 3 200'
- '#histogram 4 244'
- '#histogram 5 304'
- '#histogram 6 290'
- '#histogram 7 306'
- '#histogram 8 347'
- '#histogram 9 339'
- '#histogram 10 335'
- '#histogram 11 375'
- '#histogram 12 374'
- '#histogram 13 364'
- '#histogram 14 363'
- '#histogram 15 382'
- '#histogram 16 364'
- '#histogram 17 370'
- '#histogram 18 427'
- '#histogram 19 394'
- '#histogram 20 443'
- '#histogram 21 441'
- '#histogram 22 454'
- '#histogram 23 470'
- '#histogram 24 494'
- '#histogram 25 534'
- '#histogram 26 541'
- '#histogram 27 513'
- '#histogram 28 485'
- '#histogram 29 556'
- '#histogram 30 575'
- '#histogram 31 592'
- '#histogram 32 596'
- '#histogram 33 554'
- '#histogram 34 616'
- '#histogram 35 652'
- '#histogram 36 597'
- '#histogram 37 583'
- '#histogram 38 660'
- '#histogram 39 665'
- '#histogram 40 642'
- '#histogram 41 728'
- '#histogram 42 693'
- '#histogram 43 655'
- '#histogram 44 712'
- '#histogram 45 736'
- '#histogram 46 753'
- '#histogram 47 734'
- '#histogram 48 760'
- '#histogram 49 776'
- '#histogram 50 756'
- '#histogram 51 764'
- '#histogram 52 831'
- '#histogram 53 806'
- '#histogram 54 826'
- '#histogram 55 782'
- '#histogram 56 798'
- '#histogram 57 849'
- '#histogram 58 798'
- '#histogram 59 807'
- '#histogram 60 850'
- '#histogram 61 866'
- '#histogram 62 865'
- '#histogram 63 832'
- '#histogram 64 858'
- '#histogram 65 771'
- '#histogram 66 860'
- '#histogram 67 812'
- '#histogram 68 833'
- '#histogram 69 808'
- '#histogram 70 831'
- '#histogram 71 856'
- '#histogram 72 823'
- '#histogram 73 887'
- '#histogram 74 832'
- '#histogram 75 846'
- '#histogram 76 806'
- '#histogram 77 795'
- '#histogram 78 778'
- '#histogram 79 832'
- '#histogram 80 804'
- '#histogram 81 789'
- '#histogram 82 795'
- '#histogram 83 799'
- '#histogram 84 821'
- '#histogram 85 833'
- '#histogram 86 788'
- '#histogram 87 770'
- '#histogram 88 811'
- '#histogram 89 809'
- '#histogram 90 809'
- '#histogram 91 742'
- '#histogram 92 753'
- '#histogram 93 777'
- '#histogram 94 717'
- '#histogram 95 727'
- '#histogram 96 714'
- '#histogram 97 740'
- '#histogram 98 714'
- '#histogram 99 732'
- '#histogram 100 684'
- '#histogram 101 680'
- '#histogram 102 615'
- '#histogram 103 632'
- '#histogram 104 593'
- '#histogram 105 626'
- '#histogram 106 620'
- '#histogram 107 659'
- '#histogram 108 638'
- '#histogram 109 587'
- '#histogram 110 569'
- '#histogram 111 579'
- '#histogram 112 546'
- '#histogram 113 550'
- '#histogram 114 533'
- '#histogram 115 520'
- '#histogram 116 491'
- '#histogram 117 502'
- '#histogram 118 538'
- '#histogram 119 512'
- '#histogram 120 487'
- '#histogram 121 455'
- '#histogram 122 472'
- '#histogram 123 456'
- '#histogram 124 482'
- '#histogram 125 399'
- '#histogram 126 419'
- '#histogram 127 418'
- '#histogram 128 399'
- '#histogram 129 413'
- '#histogram 130 395'
- '#histogram 131 400'
- '#histogram 132 382'
- '#histogram 133 376'
- '#histogram 134 393'
- '#histogram 135 373'
- '#histogram 136 367'
- '#histogram 137 368'
- '#histogram 138 368'
- '#histogram 139 360'
- '#histogram 140 350'
- '#histogram 141 307'
- '#histogram 142 357'
- '#histogram 143 303'
- '#histogram 144 327'
- '#histogram 145 317'
- '#histogram 146 304'
- '#histogram 147 304'
- '#histogram 148 288'
- '#histogram 149 256'
- '#histogram 150 276'
- '#histogram 151 295'
- '#histogram 152 255'
- '#histogram 153 267'
- '#histogram 154 255'
- '#histogram 155 215'
- '#histogram 156 239'
- '#histogram 157 244'
- '#histogram 158 213'
- '#histogram 159 234'
- '#histogram 160 218'
- '#histogram 161 193'
- '#histogram 162 199'
- '#histogram 163 241'
- '#histogram 164 202'
- '#histogram 165 184'
- '#histogram 166 191'
- '#histogram 167 188'
- '#histogram 168 191'
- '#histogram 169 190'
- '#histogram 170 165'
- '#histogram 171 180'
- '#histogram 172 149'
- '#histogram 173 161'
- '#histogram 174 167'
- '#histogram 175 158'
- '#histogram 176 158'
- '#histogram 177 165'
- '#histogram 178 134'
- '#histogram 179 149'
- '#histogram 180 132'
- '#histogram 181 148'
- '#histogram 182 145'
- '#histogram 183 145'
- '#histogram 184 134'
- '#histogram 185 126'
- '#histogram 186 121'
- '#histogram 187 120'
- '#histogram 188 138'
- '#histogram 189 133'
- '#histogram 190 117'
- '#histogram 191 124'
- '#histogram 192 119'
- '#histogram 193 127'
- '#histogram 194 143'
- '#histogram 195 95'
- '#histogram 196 129'
- '#histogram 197 111'
- '#histogram 198 100'
- '#histogram 199 107'
- '#histogram 200 87'
- '#histogram 201 83'
- '#histogram 202 109'
- '#histogram 203 94'
- '#histogram 204 84'
- '#histogram 205 81'
- '#histogram 206 97'
- '#histogram 207 102'
- '#histogram 208 80'
- '#histogram 209 71'
- '#histogram 210 93'
- '#histogram 211 80'
- '#histogram 212 87'
- '#histogram 213 70'
- '#histogram 214 84'
- '#histogram 215 75'
- '#histogram 216 77'
- '#histogram 217 79'
- '#histogram 218 70'
- '#histogram 219 83'
- '#histogram 220 64'
- '#histogram 221 68'
- '#histogram 222 58'
- '#histogram 223 68'
- '#histogram 224 60'
- '#histogram 225 63'
- '#histogram 226 68'
- '#histogram 227 57'
- '#histogram 228 52'
- '#histogram 229 57'
- '#histogram 230 48'
- '#histogram 231 71'
- '#histogram 232 58'
- '#histogram 233 50'
- '#histogram 234 62'
- '#histogram 235 52'
- '#histogram 236 56'
- '#histogram 237 54'
- '#histogram 238 61'
- '#histogram 239 38'
- '#histogram 240 41'
- '#histogram 241 45'
- '#histogram 242 43'
- '#histogram 243 50'
- '#histogram 244 37'
- '#histogram 245 59'
- '#histogram 246 44'
- '#histogram 247 49'
- '#histogram 248 38'
- '#histogram 249 41'
- '#histogram 250 33'
- '#histogram 251 59'
- '#histogram 252 43'
- '#histogram 253 43'
- '#histogram 254 40'
- '#histogram 255 49'
- '#histogram 256 41'
- '#histogram 257 41'
- '#histogram 258 39'
- '#histogram 259 30'
- '#histogram 260 34'
- '#histogram 261 38'
- '#histogram 262 32'
- '#histogram 263 35'
- '#histogram 264 45'
- '#histogram 265 31'
- '#histogram 266 46'
- '#histogram 267 37'
- '#histogram 268 35'
- '#histogram 269 44'
- '#histogram 270 38'
- '#histogram 271 50'
- '#histogram 272 40'
- '#histogram 273 41'
- '#histogram 274 31'
- '#histogram 275 45'
- '#histogram 276 17'
- '#histogram 277 31'
- '#histogram 278 47'
- '#histogram 279 34'
- '#histogram 280 36'
- '#histogram 281 47'
- '#histogram 282 37'
- '#histogram 283 38'
- '#histogram 284 42'
- '#histogram 285 28'
- '#histogram 286 29'
- '#histogram 287 39'
- '#histogram 288 33'
- '#histogram 289 34'
- '#histogram 290 30'
- '#histogram 291 26'
- '#histogram 292 30'
- '#histogram 293 45'
- '#histogram 294 31'
- '#histogram 295 30'
- '#histogram 296 25'
- '#histogram 297 46'
- '#histogram 298 28'
- '#histogram 299 29'
- '#histogram 300 29'
- '#histogram 301 22'
- '#histogram 302 24'
- '#histogram 303 26'
- '#histogram 304 31'
- '#histogram 305 35'
- '#histogram 306 28'
- '#histogram 307 35'
- '#histogram 308 34'
- '#histogram 309 29'
- '#histogram 310 33'
- '#histogram 311 36'
- '#histogram 312 31'
- '#histogram 313 42'
- '#histogram 314 31'
- '#histogram 315 23'
- '#histogram 316 33'
- '#histogram 317 36'
- '#histogram 318 30'
- '#histogram 319 22'
- '#histogram 320 29'
- '#histogram 321 28'
- '#histogram 322 21'
- '#histogram 323 32'
- '#histogram 324 29'
- '#histogram 325 26'
- '#histogram 326 25'
- '#histogram 327 26'
- '#histogram 328 24'
- '#histogram 329 39'
- '#histogram 330 30'
- '#histogram 331 24'
- '#histogram 332 37'
- '#histogram 333 31'
- '#histogram 334 32'
- '#histogram 335 27'
- '#histogram 336 27'
- '#histogram 337 24'
- '#histogram 338 23'
- '#histogram 339 18'
- '#histogram 340 16'
- '#histogram 341 23'
- '#histogram 342 24'
- '#histogram 343 23'
- '#histogram 344 24'
- '#histogram 345 24'
- '#histogram 346 35'
- '#histogram 347 22'
- '#histogram 348 29'
- '#histogram 349 18'
- '#histogram 350 29'
- '#histogram 351 21'
- '#histogram 352 21'
- '#histogram 353 19'
- '#histogram 354 28'
- '#histogram 355 22'
- '#histogram 356 22'
- '#histogram 357 29'
- '#histogram 358 24'
- '#histogram 359 15'
- '#histogram 360 28'
- '#histogram 361 26'
- '#histogram 362 21'
- '#histogram 363 16'
- '#histogram 364 26'
- '#histogram 365 28'
- '#histogram 366 22'
- '#histogram 367 28'
- '#histogram 368 23'
- '#histogram 369 25'
- '#histogram 370 24'
- '#histogram 371 28'
- '#histogram 372 17'
- '#histogram 373 11'
- '#histogram 374 18'
- '#histogram 375 25'
- '#histogram 376 26'
- '#histogram 377 19'
- '#histogram 378 24'
- '#histogram 379 31'
- '#histogram 380 17'
- '#histogram 381 23'
- '#histogram 382 16'
- '#histogram 383 25'
- '#histogram 384 14'
- '#histogram 385 23'
- '#histogram 386 24'
- '#histogram 387 15'
- '#histogram 388 16'
- '#histogram 389 21'
- '#histogram 390 19'
- '#histogram 391 20'
- '#histogram 392 22'
- '#histogram 393 24'
- '#histogram 394 24'
- '#histogram 395 26'
- '#histogram 396 21'
- '#histogram 397 15'
- '#histogram 398 19'
- '#histogram 399 12'
- '#histogram 400 22'
- '#histogram 401 19'
- '#histogram 402 14'
- '#histogram 403 17'
- '#histogram 404 21'
- '#histogram 405 13'
- '#histogram 406 23'
- '#histogram 407 22'
- '#histogram 408 17'
- '#histogram 409 18'
- '#histogram 410 24'
- '#histogram 411 19'
- '#histogram 412 20'
- '#histogram 413 18'
- '#histogram 414 15'
- '#histogram 415 21'
- '#histogram 416 16'
- '#histogram 417 19'
- '#histogram 418 21'
- '#histogram 419 15'
- '#histogram 420 22'
- '#histogram 421 16'
- '#histogram 422 17'
- '#histogram 423 22'
- '#histogram 424 16'
- '#histogram 425 16'
- '#histogram 426 11'
- '#histogram 427 19'
- '#histogram 428 18'
- '#histogram 429 13'
- '#histogram 430 22'
- '#histogram 431 15'
- '#histogram 432 23'
- '#histogram 433 15'
- '#histogram 434 21'
- '#histogram 435 17'
- '#histogram 436 11'
- '#histogram 437 8'
- '#histogram 438 13'
- '#histogram 439 13'
- '#histogram 440 18'
- '#histogram 441 20'
- '#histogram 442 14'
- '#histogram 443 19'
- '#histogram 444 12'
- '#histogram 445 14'
- '#histogram 446 15'
- '#histogram 447 12'
- '#histogram 448 16'
- '#histogram 449 19'
- '#histogram 450 12'
- '#histogram 451 13'
- '#histogram 452 12'
- '#histogram 453 26'
- '#histogram 454 13'
- '#histogram 455 9'
- '#histogram 456 20'
- '#histogram 457 20'
- '#histogram 458 11'
- '#histogram 459 14'
- '#histogram 460 7'
- '#histogram 461 15'
- '#histogram 462 15'
- '#histogram 463 14'
- '#histogram 464 14'
- '#histogram 465 18'
- '#histogram 466 9'
- '#histogram 467 16'
- '#histogram 468 10'
- '#histogram 469 17'
- '#histogram 470 20'
- '#histogram 471 8'
- '#histogram 472 17'
- '#histogram 473 10'
- '#histogram 474 15'
- '#histogram 475 12'
- '#histogram 476 17'
- '#histogram 477 23'
- '#histogram 478 9'
- '#histogram 479 13'
- '#histogram 480 9'
- '#histogram 481 17'
- '#histogram 482 6'
- '#histogram 483 9'
- '#histogram 484 12'
- '#histogram 485 20'
- '#histogram 486 18'
- '#histogram 487 16'
- '#histogram 488 20'
- '#histogram 489 17'
- '#histogram 490 8'
- '#histogram 491 14'
- '#histogram 492 8'
- '#histogram 493 10'
- '#histogram 494 12'
- '#histogram 495 11'
- '#histogram 496 5'
- '#histogram 497 14'
- '#histogram 498 10'
- '#histogram 499 8'
- '#histogram 500 11'
- '#histogram 501 15'
- '#histogram 502 18'
- '#histogram 503 19'
- '#histogram 504 8'
- '#histogram 505 13'
- '#histogram 506 11'
- '#histogram 507 6'
- '#histogram 508 7'
- '#histogram 509 7'
- '#histogram 510 12'
- '#histogram 511 10'
- '#histogram 512 11'
- '#histogram 513 8'
- '#histogram 514 10'
- '#histogram 515 11'
- '#histogram 516 15'
- '#histogram 517 12'
- '#histogram 518 14'
- '#histogram 519 15'
- '#histogram 520 8'
- '#histogram 521 8'
- '#histogram 522 15'
- '#histogram 523 10'
- '#histogram 524 17'
- '#histogram 525 6'
- '#histogram 526 8'
- '#histogram 527 5'
- '#histogram 528 12'
- '#histogram 529 6'
- '#histogram 530 10'
- '#histogram 531 5'
- '#histogram 532 17'
- '#histogram 533 9'
- '#histogram 534 14'
- '#histogram 535 10'
- '#histogram 536 9'
- '#histogram 537 6'
- '#histogram 538 14'
- '#histogram 539 10'
- '#histogram 540 9'
- '#histogram 541 8'
- '#histogram 542 14'
- '#histogram 543 13'
- '#histogram 544 13'
- '#histogram 545 19'
- '#histogram 546 12'
- '#histogram 547 10'
- '#histogram 548 16'
- '#histogram 549 11'
- '#histogram 550 3'
- '#histogram 551 9'
- '#histogram 552 8'
- '#histogram 553 9'
- '#histogram 554 11'
- '#histogram 555 9'
- '#histogram 556 15'
- '#histogram 557 9'
- '#histogram 558 13'
- '#histogram 559 13'
- '#histogram 560 7'
- '#histogram 561 9'
- '#histogram 562 7'
- '#histogram 563 9'
- '#histogram 564 9'
- '#histogram 565 5'
- '#histogram 566 7'
- '#histogram 567 5'
- '#histogram 568 12'
- '#histogram 569 6'
- '#histogram 570 7'
- '#histogram 571 8'
- '#histogram 572 8'
- '#histogram 573 6'
- '#histogram 574 8'
- '#histogram 575 9'
- '#histogram 576 5'
- '#histogram 577 9'
- '#histogram 578 10'
- '#histogram 579 4'
- '#histogram 580 7'
- '#histogram 581 4'
- '#histogram 582 7'
- '#histogram 583 10'
- '#histogram 584 9'
- '#histogram 585 7'
- '#histogram 586 6'
- '#histogram 587 7'
- '#histogram 588 3'
- '#histogram 589 7'
- '#histogram 590 5'
- '#histogram 591 7'
- '#histogram 592 5'
- '#histogram 593 9'
- '#histogram 594 7'
- '#histogram 595 6'
- '#histogram 596 11'
- '#histogram 597 10'
- '#histogram 598 7'
- '#histogram 599 6'
- '#histogram 600 5'
- '#histogram 601 8'
- '#histogram 602 10'
- '#histogram 603 10'
- '#histogram 604 9'
- '#histogram 605 7'
- '#histogram 606 7'
- '#histogram 607 5'
- '#histogram 608 6'
- '#histogram 609 7'
- '#histogram 610 6'
- '#histogram 611 6'
- '#histogram 612 3'
- '#histogram 613 1'
- '#histogram 614 6'
- '#histogram 615 6'
- '#histogram 616 6'
- '#histogram 617 5'
- '#histogram 618 4'
- '#histogram 619 6'
- '#histogram 620 3'
- '#histogram 621 9'
- '#histogram 622 7'
- '#histogram 623 6'
- '#histogram 624 5'
- '#histogram 625 6'
- '#histogram 626 10'
- '#histogram 627 4'
- '#histogram 628 7'
- '#histogram 629 4'
- '#histogram 630 9'
- '#histogram 631 9'
- '#histogram 632 5'
- '#histogram 633 4'
- '#histogram 634 8'
- '#histogram 635 4'
- '#histogram 636 6'
- '#histogram 637 4'
- '#histogram 638 6'
- '#histogram 639 8'
- '#histogram 640 4'
- '#histogram 641 3'
- '#histogram 642 8'
- '#histogram 643 5'
- '#histogram 644 6'
- '#histogram 645 7'
- '#histogram 646 4'
- '#histogram 647 5'
- '#histogram 648 7'
- '#histogram 649 4'
- '#histogram 650 7'
- '#histogram 651 7'
- '#histogram 652 6'
- '#histogram 653 10'
- '#histogram 654 2'
- '#histogram 655 8'
- '#histogram 656 3'
- '#histogram 657 8'
- '#histogram 658 4'
- '#histogram 659 4'
- '#histogram 660 6'
- '#histogram 661 5'
- '#histogram 662 8'
- '#histogram 663 6'
- '#histogram 664 5'
- '#histogram 665 5'
- '#histogram 666 3'
- '#histogram 667 6'
- '#histogram 668 1'
- '#histogram 669 7'
- '#histogram 670 4'
- '#histogram 671 10'
- '#histogram 672 4'
- '#histogram 673 8'
- '#histogram 674 5'
- '#histogram 675 4'
- '#histogram 676 6'
- '#histogram 677 7'
- '#histogram 678 5'
- '#histogram 679 2'
- '#histogram 680 3'
- '#histogram 681 6'
- '#histogram 682 7'
- '#histogram 683 4'
- '#histogram 684 7'
- '#histogram 685 6'
- '#histogram 686 9'
- '#histogram 687 7'
- '#histogram 688 5'
- '#histogram 689 5'
- '#histogram 690 5'
- '#histogram 691 2'
- '#histogram 692 4'
- '#histogram 693 5'
- '#histogram 694 5'
- '#histogram 695 4'
- '#histogram 696 2'
- '#histogram 697 4'
- '#histogram 698 2'
- '#histogram 699 8'
- '#histogram 700 1'
- '#histogram 701 4'
- '#histogram 702 5'
- '#histogram 703 8'
- '#histogram 704 4'
- '#histogram 705 8'
- '#histogram 706 2'
- '#histogram 707 2'
- '#histogram 708 1'
- '#histogram 709 5'
- '#histogram 710 1'
- '#histogram 711 4'
- '#histogram 712 2'
- '#histogram 713 5'
- '#histogram 714 2'
- '#histogram 715 4'
- '#histogram 716 3'
- '#histogram 717 7'
- '#histogram 718 2'
- '#histogram 719 3'
- '#histogram 720 3'
- '#histogram 721 3'
- '#histogram 722 5'
- '#histogram 723 5'
- '#histogram 724 4'
- '#histogram 725 3'
- '#histogram 726 8'
- '#histogram 727 3'
- '#histogram 728 2'
- '#histogram 729 6'
- '#histogram 730 2'
- '#histogram 731 2'
- '#histogram 732 7'
- '#histogram 733 3'
- '#histogram 734 5'
- '#histogram 735 7'
- '#histogram 736 4'
- '#histogram 737 3'
- '#histogram 738 3'
- '#histogram 739 4'
- '#histogram 740 4'
- '#histogram 741 5'
- '#histogram 742 1'
- '#histogram 743 3'
- '#histogram 744 4'
- '#histogram 745 4'
- '#histogram 746 4'
- '#histogram 747 2'
- '#histogram 748 2'
- '#histogram 749 5'
- '#histogram 750 6'
- '#histogram 751 3'
- '#histogram 752 2'
- '#histogram 753 4'
- '#histogram 754 4'
- '#histogram 755 3'
- '#histogram 756 2'
- '#histogram 757 3'
- '#histogram 758 3'
- '#histogram 759 2'
- '#histogram 760 3'
- '#histogram 761 1'
- '#histogram 762 4'
- '#histogram 763 4'
- '#histogram 764 5'
- '#histogram 765 3'
- '#histogram 767 1'
- '#histogram 768 3'
- '#histogram 769 2'
- '#histogram 770 4'
- '#histogram 771 2'
- '#histogram 772 2'
- '#histogram 773 1'
- '#histogram 774 3'
- '#histogram 775 3'
- '#histogram 776 1'
- '#histogram 777 2'
- '#histogram 778 2'
- '#histogram 779 2'
- '#histogram 781 4'
- '#histogram 782 1'
- '#histogram 783 4'
- '#histogram 784 3'
- '#histogram 785 2'
- '#histogram 786 2'
- '#histogram 787 2'
- '#histogram 788 2'
- '#histogram 789 3'
- '#histogram 790 3'
- '#histogram 791 2'
- '#histogram 792 2'
- '#histogram 793 1'
- '#histogram 794 3'
- '#histogram 795 3'
- '#histogram 796 1'
- '#histogram 797 3'
- '#histogram 799 2'
- '#histogram 801 2'
- '#histogram 803 3'
- '#histogram 804 2'
- '#histogram 805 3'
- '#histogram 806 2'
- '#histogram 808 1'
- '#histogram 810 1'
- '#histogram 811 2'
- '#histogram 812 1'
- '#histogram 813 1'
- '#histogram 814 4'
- '#histogram 815 1'
- '#histogram 816 1'
- '#histogram 817 1'
- '#histogram 818 1'
- '#histogram 819 1'
- '#histogram 820 3'
- '#histogram 822 3'
- '#histogram 823 2'
- '#histogram 824 1'
- '#histogram 826 1'
- '#histogram 828 2'
- '#histogram 830 1'
- '#histogram 832 1'
- '#histogram 833 1'
- '#histogram 834 1'
- '#histogram 836 1'
- '#histogram 837 1'
- '#histogram 838 2'
- '#histogram 839 1'
- '#histogram 840 1'
- '#histogram 841 4'
- '#histogram 842 3'
- '#histogram 843 1'
- '#histogram 844 2'
- '#histogram 845 3'
- '#histogram 848 1'
- '#histogram 849 2'
- '#histogram 851 3'
- '#histogram 854 1'
- '#histogram 855 1'
- '#histogram 857 1'
- '#histogram 861 1'
- '#histogram 863 2'
- '#histogram 866 1'
- '#histogram 868 1'
- '#histogram 869 1'
- '#histogram 870 1'
- '#histogram 877 1'
- '#histogram 880 1'
- '#histogram 884 2'
- '#histogram 885 1'
- '#histogram 893 1'
- '#histogram 895 1'
- '#histogram 896 1'
- '#histogram 898 1'
- '#histogram 902 2'
- '#histogram 904 2'
- '#histogram 909 1'
- '#histogram 917 1'
- '#histogram 923 1'
- '#histogram 926 1'
- '#histogram 929 1'
- '#histogram 932 1'
- '#histogram 945 1'
- '#histogram 953 1'
- '#histogram 955 1'
- '#histogram 960 1'
- '#histogram 963 1'
- '#histogram 973 1'
- '#histogram 974 1'
- '#histogram 976 1'
- '#histogram 980 1'
- '#histogram 986 1'
- '#histogram 988 1'
- '#histogram 991 1'
- '#histogram 992 1'
- '#histogram 1008 1'
- '#histogram 1017 2'
- '#histogram 1022 1'
- '#histogram 1046 1'
- '#histogram 1051 1'
- '#histogram 1104 1'
- '#histogram 1180 1'
- '#histogram 1220 2'
- '#histogram 1248 1'
- '#histogram 1250 1'
- '#histogram 1280 1'
- '#histogram 1285 1'
- '#histogram 1368 1'
- '#histogram 1457 1'
- ''
