code: 0
data:
  avg_latency: 0.112295
  histogram:
  - - 0
    - 0
  - - 1
    - 13
  - - 2
    - 85
  - - 3
    - 151
  - - 4
    - 224
  - - 5
    - 250
  - - 6
    - 281
  - - 7
    - 345
  - - 8
    - 322
  - - 9
    - 326
  - - 10
    - 340
  - - 11
    - 370
  - - 12
    - 365
  - - 13
    - 346
  - - 14
    - 385
  - - 15
    - 340
  - - 16
    - 391
  - - 17
    - 403
  - - 18
    - 364
  - - 19
    - 442
  - - 20
    - 438
  - - 21
    - 404
  - - 22
    - 456
  - - 23
    - 484
  - - 24
    - 471
  - - 25
    - 478
  - - 26
    - 472
  - - 27
    - 518
  - - 28
    - 543
  - - 29
    - 537
  - - 30
    - 528
  - - 31
    - 569
  - - 32
    - 594
  - - 33
    - 645
  - - 34
    - 586
  - - 35
    - 626
  - - 36
    - 631
  - - 37
    - 621
  - - 38
    - 682
  - - 39
    - 656
  - - 40
    - 636
  - - 41
    - 650
  - - 42
    - 705
  - - 43
    - 712
  - - 44
    - 717
  - - 45
    - 737
  - - 46
    - 738
  - - 47
    - 752
  - - 48
    - 728
  - - 49
    - 717
  - - 50
    - 747
  - - 51
    - 746
  - - 52
    - 789
  - - 53
    - 796
  - - 54
    - 814
  - - 55
    - 810
  - - 56
    - 801
  - - 57
    - 792
  - - 58
    - 835
  - - 59
    - 860
  - - 60
    - 835
  - - 61
    - 820
  - - 62
    - 840
  - - 63
    - 889
  - - 64
    - 892
  - - 65
    - 841
  - - 66
    - 790
  - - 67
    - 834
  - - 68
    - 795
  - - 69
    - 813
  - - 70
    - 803
  - - 71
    - 830
  - - 72
    - 822
  - - 73
    - 798
  - - 74
    - 803
  - - 75
    - 855
  - - 76
    - 849
  - - 77
    - 799
  - - 78
    - 862
  - - 79
    - 845
  - - 80
    - 849
  - - 81
    - 799
  - - 82
    - 817
  - - 83
    - 780
  - - 84
    - 776
  - - 85
    - 778
  - - 86
    - 830
  - - 87
    - 840
  - - 88
    - 790
  - - 89
    - 809
  - - 90
    - 771
  - - 91
    - 748
  - - 92
    - 732
  - - 93
    - 800
  - - 94
    - 712
  - - 95
    - 745
  - - 96
    - 771
  - - 97
    - 743
  - - 98
    - 686
  - - 99
    - 700
  - - 100
    - 724
  - - 101
    - 726
  - - 102
    - 689
  - - 103
    - 636
  - - 104
    - 652
  - - 105
    - 626
  - - 106
    - 608
  - - 107
    - 634
  - - 108
    - 592
  - - 109
    - 608
  - - 110
    - 578
  - - 111
    - 547
  - - 112
    - 553
  - - 113
    - 549
  - - 114
    - 572
  - - 115
    - 556
  - - 116
    - 517
  - - 117
    - 514
  - - 118
    - 559
  - - 119
    - 465
  - - 120
    - 472
  - - 121
    - 486
  - - 122
    - 474
  - - 123
    - 493
  - - 124
    - 442
  - - 125
    - 392
  - - 126
    - 475
  - - 127
    - 409
  - - 128
    - 405
  - - 129
    - 390
  - - 130
    - 405
  - - 131
    - 385
  - - 132
    - 378
  - - 133
    - 407
  - - 134
    - 367
  - - 135
    - 392
  - - 136
    - 343
  - - 137
    - 296
  - - 138
    - 332
  - - 139
    - 313
  - - 140
    - 346
  - - 141
    - 332
  - - 142
    - 330
  - - 143
    - 348
  - - 144
    - 336
  - - 145
    - 321
  - - 146
    - 289
  - - 147
    - 288
  - - 148
    - 293
  - - 149
    - 286
  - - 150
    - 260
  - - 151
    - 283
  - - 152
    - 242
  - - 153
    - 263
  - - 154
    - 247
  - - 155
    - 232
  - - 156
    - 254
  - - 157
    - 256
  - - 158
    - 241
  - - 159
    - 236
  - - 160
    - 194
  - - 161
    - 203
  - - 162
    - 213
  - - 163
    - 207
  - - 164
    - 200
  - - 165
    - 205
  - - 166
    - 215
  - - 167
    - 207
  - - 168
    - 188
  - - 169
    - 208
  - - 170
    - 180
  - - 171
    - 187
  - - 172
    - 147
  - - 173
    - 153
  - - 174
    - 178
  - - 175
    - 149
  - - 176
    - 169
  - - 177
    - 147
  - - 178
    - 159
  - - 179
    - 159
  - - 180
    - 158
  - - 181
    - 159
  - - 182
    - 125
  - - 183
    - 134
  - - 184
    - 130
  - - 185
    - 119
  - - 186
    - 130
  - - 187
    - 111
  - - 188
    - 117
  - - 189
    - 138
  - - 190
    - 141
  - - 191
    - 139
  - - 192
    - 118
  - - 193
    - 122
  - - 194
    - 114
  - - 195
    - 122
  - - 196
    - 112
  - - 197
    - 111
  - - 198
    - 108
  - - 199
    - 96
  - - 200
    - 121
  - - 201
    - 93
  - - 202
    - 105
  - - 203
    - 91
  - - 204
    - 102
  - - 205
    - 88
  - - 206
    - 90
  - - 207
    - 84
  - - 208
    - 82
  - - 209
    - 81
  - - 210
    - 90
  - - 211
    - 90
  - - 212
    - 83
  - - 213
    - 81
  - - 214
    - 83
  - - 215
    - 64
  - - 216
    - 72
  - - 217
    - 65
  - - 218
    - 78
  - - 219
    - 64
  - - 220
    - 74
  - - 221
    - 75
  - - 222
    - 81
  - - 223
    - 71
  - - 224
    - 62
  - - 225
    - 66
  - - 226
    - 48
  - - 227
    - 71
  - - 228
    - 62
  - - 229
    - 55
  - - 230
    - 58
  - - 231
    - 64
  - - 232
    - 47
  - - 233
    - 61
  - - 234
    - 60
  - - 235
    - 50
  - - 236
    - 48
  - - 237
    - 64
  - - 238
    - 52
  - - 239
    - 63
  - - 240
    - 36
  - - 241
    - 42
  - - 242
    - 54
  - - 243
    - 47
  - - 244
    - 45
  - - 245
    - 48
  - - 246
    - 45
  - - 247
    - 44
  - - 248
    - 41
  - - 249
    - 47
  - - 250
    - 41
  - - 251
    - 48
  - - 252
    - 54
  - - 253
    - 41
  - - 254
    - 37
  - - 255
    - 34
  - - 256
    - 44
  - - 257
    - 47
  - - 258
    - 47
  - - 259
    - 28
  - - 260
    - 40
  - - 261
    - 41
  - - 262
    - 34
  - - 263
    - 29
  - - 264
    - 31
  - - 265
    - 39
  - - 266
    - 41
  - - 267
    - 43
  - - 268
    - 49
  - - 269
    - 46
  - - 270
    - 40
  - - 271
    - 49
  - - 272
    - 37
  - - 273
    - 34
  - - 274
    - 49
  - - 275
    - 34
  - - 276
    - 33
  - - 277
    - 35
  - - 278
    - 35
  - - 279
    - 30
  - - 280
    - 36
  - - 281
    - 35
  - - 282
    - 24
  - - 283
    - 36
  - - 284
    - 29
  - - 285
    - 37
  - - 286
    - 36
  - - 287
    - 34
  - - 288
    - 28
  - - 289
    - 35
  - - 290
    - 31
  - - 291
    - 31
  - - 292
    - 34
  - - 293
    - 23
  - - 294
    - 36
  - - 295
    - 37
  - - 296
    - 27
  - - 297
    - 20
  - - 298
    - 25
  - - 299
    - 28
  - - 300
    - 23
  - - 301
    - 34
  - - 302
    - 22
  - - 303
    - 21
  - - 304
    - 37
  - - 305
    - 33
  - - 306
    - 38
  - - 307
    - 35
  - - 308
    - 32
  - - 309
    - 29
  - - 310
    - 22
  - - 311
    - 26
  - - 312
    - 29
  - - 313
    - 29
  - - 314
    - 23
  - - 315
    - 20
  - - 316
    - 22
  - - 317
    - 30
  - - 318
    - 24
  - - 319
    - 25
  - - 320
    - 28
  - - 321
    - 34
  - - 322
    - 30
  - - 323
    - 28
  - - 324
    - 29
  - - 325
    - 26
  - - 326
    - 19
  - - 327
    - 24
  - - 328
    - 32
  - - 329
    - 34
  - - 330
    - 24
  - - 331
    - 36
  - - 332
    - 23
  - - 333
    - 30
  - - 334
    - 21
  - - 335
    - 26
  - - 336
    - 23
  - - 337
    - 24
  - - 338
    - 25
  - - 339
    - 30
  - - 340
    - 32
  - - 341
    - 31
  - - 342
    - 26
  - - 343
    - 32
  - - 344
    - 25
  - - 345
    - 26
  - - 346
    - 23
  - - 347
    - 18
  - - 348
    - 25
  - - 349
    - 35
  - - 350
    - 23
  - - 351
    - 22
  - - 352
    - 19
  - - 353
    - 20
  - - 354
    - 22
  - - 355
    - 29
  - - 356
    - 19
  - - 357
    - 24
  - - 358
    - 22
  - - 359
    - 15
  - - 360
    - 28
  - - 361
    - 29
  - - 362
    - 20
  - - 363
    - 29
  - - 364
    - 13
  - - 365
    - 18
  - - 366
    - 14
  - - 367
    - 17
  - - 368
    - 31
  - - 369
    - 14
  - - 370
    - 22
  - - 371
    - 23
  - - 372
    - 20
  - - 373
    - 17
  - - 374
    - 19
  - - 375
    - 13
  - - 376
    - 17
  - - 377
    - 20
  - - 378
    - 23
  - - 379
    - 19
  - - 380
    - 18
  - - 381
    - 26
  - - 382
    - 23
  - - 383
    - 19
  - - 384
    - 25
  - - 385
    - 25
  - - 386
    - 17
  - - 387
    - 14
  - - 388
    - 22
  - - 389
    - 21
  - - 390
    - 18
  - - 391
    - 15
  - - 392
    - 17
  - - 393
    - 18
  - - 394
    - 27
  - - 395
    - 15
  - - 396
    - 25
  - - 397
    - 22
  - - 398
    - 27
  - - 399
    - 18
  - - 400
    - 16
  - - 401
    - 19
  - - 402
    - 22
  - - 403
    - 20
  - - 404
    - 23
  - - 405
    - 21
  - - 406
    - 18
  - - 407
    - 15
  - - 408
    - 22
  - - 409
    - 17
  - - 410
    - 20
  - - 411
    - 29
  - - 412
    - 14
  - - 413
    - 15
  - - 414
    - 15
  - - 415
    - 12
  - - 416
    - 11
  - - 417
    - 26
  - - 418
    - 20
  - - 419
    - 13
  - - 420
    - 24
  - - 421
    - 19
  - - 422
    - 16
  - - 423
    - 26
  - - 424
    - 14
  - - 425
    - 22
  - - 426
    - 19
  - - 427
    - 20
  - - 428
    - 20
  - - 429
    - 10
  - - 430
    - 18
  - - 431
    - 12
  - - 432
    - 14
  - - 433
    - 17
  - - 434
    - 13
  - - 435
    - 15
  - - 436
    - 28
  - - 437
    - 21
  - - 438
    - 13
  - - 439
    - 19
  - - 440
    - 14
  - - 441
    - 12
  - - 442
    - 19
  - - 443
    - 13
  - - 444
    - 12
  - - 445
    - 16
  - - 446
    - 21
  - - 447
    - 16
  - - 448
    - 20
  - - 449
    - 6
  - - 450
    - 6
  - - 451
    - 13
  - - 452
    - 10
  - - 453
    - 8
  - - 454
    - 19
  - - 455
    - 28
  - - 456
    - 13
  - - 457
    - 14
  - - 458
    - 15
  - - 459
    - 13
  - - 460
    - 13
  - - 461
    - 12
  - - 462
    - 14
  - - 463
    - 20
  - - 464
    - 14
  - - 465
    - 11
  - - 466
    - 14
  - - 467
    - 20
  - - 468
    - 17
  - - 469
    - 13
  - - 470
    - 12
  - - 471
    - 9
  - - 472
    - 15
  - - 473
    - 26
  - - 474
    - 24
  - - 475
    - 19
  - - 476
    - 11
  - - 477
    - 18
  - - 478
    - 11
  - - 479
    - 16
  - - 480
    - 17
  - - 481
    - 16
  - - 482
    - 11
  - - 483
    - 19
  - - 484
    - 11
  - - 485
    - 7
  - - 486
    - 14
  - - 487
    - 19
  - - 488
    - 9
  - - 489
    - 14
  - - 490
    - 12
  - - 491
    - 8
  - - 492
    - 11
  - - 493
    - 18
  - - 494
    - 14
  - - 495
    - 18
  - - 496
    - 12
  - - 497
    - 11
  - - 498
    - 12
  - - 499
    - 12
  - - 500
    - 13
  - - 501
    - 11
  - - 502
    - 16
  - - 503
    - 13
  - - 504
    - 8
  - - 505
    - 11
  - - 506
    - 8
  - - 507
    - 11
  - - 508
    - 6
  - - 509
    - 8
  - - 510
    - 8
  - - 511
    - 11
  - - 512
    - 9
  - - 513
    - 6
  - - 514
    - 7
  - - 515
    - 12
  - - 516
    - 7
  - - 517
    - 15
  - - 518
    - 12
  - - 519
    - 5
  - - 520
    - 12
  - - 521
    - 14
  - - 522
    - 5
  - - 523
    - 12
  - - 524
    - 12
  - - 525
    - 15
  - - 526
    - 4
  - - 527
    - 11
  - - 528
    - 9
  - - 529
    - 7
  - - 530
    - 15
  - - 531
    - 17
  - - 532
    - 12
  - - 533
    - 15
  - - 534
    - 5
  - - 535
    - 10
  - - 536
    - 3
  - - 537
    - 11
  - - 538
    - 15
  - - 539
    - 13
  - - 540
    - 12
  - - 541
    - 10
  - - 542
    - 13
  - - 543
    - 10
  - - 544
    - 9
  - - 545
    - 6
  - - 546
    - 10
  - - 547
    - 7
  - - 548
    - 7
  - - 549
    - 10
  - - 550
    - 6
  - - 551
    - 3
  - - 552
    - 11
  - - 553
    - 10
  - - 554
    - 8
  - - 555
    - 9
  - - 556
    - 13
  - - 557
    - 8
  - - 558
    - 8
  - - 559
    - 16
  - - 560
    - 9
  - - 561
    - 8
  - - 562
    - 5
  - - 563
    - 4
  - - 564
    - 6
  - - 565
    - 6
  - - 566
    - 6
  - - 567
    - 11
  - - 568
    - 8
  - - 569
    - 7
  - - 570
    - 10
  - - 571
    - 7
  - - 572
    - 9
  - - 573
    - 5
  - - 574
    - 9
  - - 575
    - 7
  - - 576
    - 7
  - - 577
    - 9
  - - 578
    - 7
  - - 579
    - 13
  - - 580
    - 6
  - - 581
    - 9
  - - 582
    - 10
  - - 583
    - 7
  - - 584
    - 8
  - - 585
    - 10
  - - 586
    - 5
  - - 587
    - 8
  - - 588
    - 11
  - - 589
    - 8
  - - 590
    - 5
  - - 591
    - 9
  - - 592
    - 8
  - - 593
    - 2
  - - 594
    - 6
  - - 595
    - 6
  - - 596
    - 10
  - - 597
    - 4
  - - 598
    - 7
  - - 599
    - 5
  - - 600
    - 7
  - - 601
    - 1
  - - 602
    - 8
  - - 603
    - 6
  - - 604
    - 5
  - - 605
    - 8
  - - 606
    - 6
  - - 607
    - 5
  - - 608
    - 9
  - - 609
    - 7
  - - 610
    - 3
  - - 611
    - 7
  - - 612
    - 14
  - - 613
    - 5
  - - 614
    - 6
  - - 615
    - 8
  - - 616
    - 5
  - - 617
    - 1
  - - 618
    - 8
  - - 619
    - 5
  - - 620
    - 6
  - - 621
    - 10
  - - 622
    - 7
  - - 623
    - 3
  - - 624
    - 5
  - - 625
    - 2
  - - 626
    - 8
  - - 627
    - 5
  - - 628
    - 5
  - - 629
    - 3
  - - 630
    - 7
  - - 631
    - 8
  - - 632
    - 11
  - - 633
    - 4
  - - 634
    - 4
  - - 635
    - 5
  - - 636
    - 10
  - - 637
    - 4
  - - 638
    - 9
  - - 639
    - 13
  - - 640
    - 10
  - - 641
    - 6
  - - 642
    - 4
  - - 643
    - 4
  - - 644
    - 8
  - - 645
    - 7
  - - 646
    - 3
  - - 647
    - 5
  - - 648
    - 9
  - - 649
    - 8
  - - 650
    - 2
  - - 651
    - 5
  - - 652
    - 6
  - - 653
    - 8
  - - 654
    - 5
  - - 655
    - 8
  - - 656
    - 4
  - - 657
    - 4
  - - 658
    - 6
  - - 659
    - 5
  - - 660
    - 8
  - - 661
    - 3
  - - 662
    - 3
  - - 663
    - 9
  - - 664
    - 7
  - - 665
    - 5
  - - 666
    - 2
  - - 667
    - 7
  - - 668
    - 5
  - - 669
    - 6
  - - 670
    - 3
  - - 671
    - 3
  - - 672
    - 9
  - - 673
    - 3
  - - 674
    - 3
  - - 675
    - 3
  - - 676
    - 3
  - - 677
    - 3
  - - 678
    - 5
  - - 679
    - 6
  - - 680
    - 3
  - - 681
    - 3
  - - 682
    - 5
  - - 683
    - 5
  - - 684
    - 10
  - - 685
    - 1
  - - 686
    - 3
  - - 687
    - 6
  - - 688
    - 5
  - - 689
    - 3
  - - 690
    - 6
  - - 691
    - 7
  - - 692
    - 1
  - - 693
    - 2
  - - 694
    - 6
  - - 695
    - 5
  - - 696
    - 5
  - - 697
    - 6
  - - 698
    - 8
  - - 699
    - 2
  - - 700
    - 2
  - - 701
    - 3
  - - 702
    - 11
  - - 703
    - 5
  - - 704
    - 3
  - - 705
    - 1
  - - 706
    - 4
  - - 707
    - 6
  - - 708
    - 3
  - - 709
    - 4
  - - 710
    - 3
  - - 711
    - 3
  - - 712
    - 9
  - - 713
    - 4
  - - 714
    - 4
  - - 715
    - 5
  - - 716
    - 4
  - - 717
    - 3
  - - 718
    - 7
  - - 719
    - 3
  - - 720
    - 4
  - - 721
    - 3
  - - 722
    - 2
  - - 723
    - 2
  - - 724
    - 6
  - - 725
    - 6
  - - 726
    - 6
  - - 727
    - 2
  - - 728
    - 5
  - - 729
    - 3
  - - 730
    - 3
  - - 731
    - 1
  - - 732
    - 3
  - - 733
    - 3
  - - 734
    - 6
  - - 735
    - 5
  - - 736
    - 5
  - - 737
    - 3
  - - 738
    - 3
  - - 739
    - 2
  - - 740
    - 6
  - - 741
    - 2
  - - 742
    - 5
  - - 743
    - 6
  - - 744
    - 5
  - - 745
    - 2
  - - 746
    - 3
  - - 747
    - 1
  - - 748
    - 3
  - - 749
    - 2
  - - 750
    - 4
  - - 751
    - 4
  - - 752
    - 5
  - - 753
    - 1
  - - 754
    - 5
  - - 755
    - 4
  - - 756
    - 6
  - - 757
    - 2
  - - 758
    - 3
  - - 759
    - 5
  - - 760
    - 2
  - - 761
    - 1
  - - 762
    - 2
  - - 763
    - 1
  - - 764
    - 3
  - - 765
    - 3
  - - 766
    - 2
  - - 767
    - 4
  - - 768
    - 3
  - - 769
    - 2
  - - 770
    - 3
  - - 771
    - 1
  - - 772
    - 1
  - - 773
    - 2
  - - 775
    - 4
  - - 776
    - 1
  - - 778
    - 3
  - - 779
    - 1
  - - 780
    - 1
  - - 781
    - 2
  - - 782
    - 3
  - - 783
    - 4
  - - 784
    - 2
  - - 785
    - 4
  - - 786
    - 1
  - - 787
    - 2
  - - 788
    - 1
  - - 790
    - 4
  - - 791
    - 3
  - - 792
    - 5
  - - 793
    - 1
  - - 796
    - 1
  - - 798
    - 1
  - - 799
    - 1
  - - 800
    - 2
  - - 801
    - 3
  - - 802
    - 2
  - - 803
    - 1
  - - 804
    - 3
  - - 805
    - 2
  - - 806
    - 1
  - - 807
    - 3
  - - 808
    - 3
  - - 809
    - 2
  - - 810
    - 3
  - - 811
    - 1
  - - 812
    - 1
  - - 815
    - 1
  - - 816
    - 1
  - - 817
    - 2
  - - 818
    - 1
  - - 819
    - 2
  - - 820
    - 1
  - - 821
    - 1
  - - 823
    - 1
  - - 824
    - 2
  - - 825
    - 3
  - - 826
    - 2
  - - 831
    - 3
  - - 832
    - 1
  - - 833
    - 1
  - - 834
    - 1
  - - 835
    - 4
  - - 836
    - 1
  - - 837
    - 1
  - - 838
    - 1
  - - 840
    - 1
  - - 842
    - 3
  - - 843
    - 1
  - - 845
    - 1
  - - 846
    - 2
  - - 847
    - 2
  - - 848
    - 1
  - - 849
    - 2
  - - 850
    - 1
  - - 851
    - 2
  - - 854
    - 1
  - - 855
    - 1
  - - 860
    - 1
  - - 861
    - 1
  - - 862
    - 1
  - - 865
    - 1
  - - 870
    - 2
  - - 871
    - 1
  - - 873
    - 1
  - - 874
    - 1
  - - 875
    - 1
  - - 880
    - 1
  - - 890
    - 2
  - - 892
    - 1
  - - 895
    - 1
  - - 896
    - 1
  - - 904
    - 2
  - - 906
    - 1
  - - 910
    - 1
  - - 919
    - 1
  - - 924
    - 1
  - - 925
    - 1
  - - 928
    - 2
  - - 929
    - 1
  - - 931
    - 2
  - - 933
    - 1
  - - 939
    - 1
  - - 943
    - 1
  - - 945
    - 1
  - - 948
    - 1
  - - 957
    - 1
  - - 966
    - 2
  - - 977
    - 1
  - - 978
    - 1
  - - 986
    - 1
  - - 991
    - 1
  - - 997
    - 1
  - - 1000
    - 1
  - - 1007
    - 1
  - - 1010
    - 1
  - - 1012
    - 1
  - - 1013
    - 1
  - - 1021
    - 1
  - - 1086
    - 1
  - - 1319
    - 1
  - - 1345
    - 1
  - - 1372
    - 1
  - - 1374
    - 1
  - - 1392
    - 1
  - - 1478
    - 1
  latency_50_percentile: 86.0
  latency_95_percentile: 319.0
  latency_99_5_percentile: 679.0
  latency_99_percentile: 588.0
  max_kubedns_cpu: 496
  max_kubedns_memory: 31
  max_latency: 1.478044
  max_perfserver_cpu: 0
  max_perfserver_memory: 0
  min_latency: 0.0014
  msg: null
  ok: true
  qps: 888.496909
  queries_completed: 106760
  queries_lost: 0
  queries_sent: 106760
  run_time: 120.157987
  stddev_latency: 0.105941
params:
  max_qps: null
  pod_name: dns-perf-client-858fb7568b-6vvpt
  query_file: all-queries.txt
  run_id: 1777670652
  run_length_seconds: 120
  run_subid: 0
stderr:
- ''
stdout:
- DNS Performance Testing Tool
- Nominum Version 2.1.0.0
- ''
- '[Status] Command line: dnsperf -s 10.0.0.10 -l 120 -d /queries/all-queries.txt'
- '[Status] Sending queries (to 10.0.0.10)'
- '[Status] Started at: Fri May  1 21:24:50 2026'
- '[Status] Stopping after 120.000000 seconds'
- '[Status] Testing complete (time limit)'
- ''
- 'Statistics:'
- ''
- '  Queries sent:         106760'
- '  Queries completed:    106760 (100.00%)'
- '  Queries lost:         0 (0.00%)'
- ''
- '  Response codes:       NOERROR 12810 (12.00%), NXDOMAIN 93950 (88.00%)'
- '  Average packet size:  request 38, response 122'
- '  Run time (s):         120.157987'
- '  Queries per second:   888.496909'
- ''
- '  Average Latency (s):  0.112295 (min 0.001400, max 1.478044)'
- '  Latency StdDev (s):   0.105941'
- ''
- '  Latency histogram'
- '#histogram 0 0'
- '#histogram 1 13'
- '#histogram 2 85'
- '#histogram 3 151'
- '#histogram 4 224'
- '#histogram 5 250'
- '#histogram 6 281'
- '#histogram 7 345'
- '#histogram 8 322'
- '#histogram 9 326'
- '#histogram 10 340'
- '#histogram 11 370'
- '#histogram 12 365'
- '#histogram 13 346'
- '#histogram 14 385'
- '#histogram 15 340'
- '#histogram 16 391'
- '#histogram 17 403'
- '#histogram 18 364'
- '#histogram 19 442'
- '#histogram 20 438'
- '#histogram 21 404'
- '#histogram 22 456'
- '#histogram 23 484'
- '#histogram 24 471'
- '#histogram 25 478'
- '#histogram 26 472'
- '#histogram 27 518'
- '#histogram 28 543'
- '#histogram 29 537'
- '#histogram 30 528'
- '#histogram 31 569'
- '#histogram 32 594'
- '#histogram 33 645'
- '#histogram 34 586'
- '#histogram 35 626'
- '#histogram 36 631'
- '#histogram 37 621'
- '#histogram 38 682'
- '#histogram 39 656'
- '#histogram 40 636'
- '#histogram 41 650'
- '#histogram 42 705'
- '#histogram 43 712'
- '#histogram 44 717'
- '#histogram 45 737'
- '#histogram 46 738'
- '#histogram 47 752'
- '#histogram 48 728'
- '#histogram 49 717'
- '#histogram 50 747'
- '#histogram 51 746'
- '#histogram 52 789'
- '#histogram 53 796'
- '#histogram 54 814'
- '#histogram 55 810'
- '#histogram 56 801'
- '#histogram 57 792'
- '#histogram 58 835'
- '#histogram 59 860'
- '#histogram 60 835'
- '#histogram 61 820'
- '#histogram 62 840'
- '#histogram 63 889'
- '#histogram 64 892'
- '#histogram 65 841'
- '#histogram 66 790'
- '#histogram 67 834'
- '#histogram 68 795'
- '#histogram 69 813'
- '#histogram 70 803'
- '#histogram 71 830'
- '#histogram 72 822'
- '#histogram 73 798'
- '#histogram 74 803'
- '#histogram 75 855'
- '#histogram 76 849'
- '#histogram 77 799'
- '#histogram 78 862'
- '#histogram 79 845'
- '#histogram 80 849'
- '#histogram 81 799'
- '#histogram 82 817'
- '#histogram 83 780'
- '#histogram 84 776'
- '#histogram 85 778'
- '#histogram 86 830'
- '#histogram 87 840'
- '#histogram 88 790'
- '#histogram 89 809'
- '#histogram 90 771'
- '#histogram 91 748'
- '#histogram 92 732'
- '#histogram 93 800'
- '#histogram 94 712'
- '#histogram 95 745'
- '#histogram 96 771'
- '#histogram 97 743'
- '#histogram 98 686'
- '#histogram 99 700'
- '#histogram 100 724'
- '#histogram 101 726'
- '#histogram 102 689'
- '#histogram 103 636'
- '#histogram 104 652'
- '#histogram 105 626'
- '#histogram 106 608'
- '#histogram 107 634'
- '#histogram 108 592'
- '#histogram 109 608'
- '#histogram 110 578'
- '#histogram 111 547'
- '#histogram 112 553'
- '#histogram 113 549'
- '#histogram 114 572'
- '#histogram 115 556'
- '#histogram 116 517'
- '#histogram 117 514'
- '#histogram 118 559'
- '#histogram 119 465'
- '#histogram 120 472'
- '#histogram 121 486'
- '#histogram 122 474'
- '#histogram 123 493'
- '#histogram 124 442'
- '#histogram 125 392'
- '#histogram 126 475'
- '#histogram 127 409'
- '#histogram 128 405'
- '#histogram 129 390'
- '#histogram 130 405'
- '#histogram 131 385'
- '#histogram 132 378'
- '#histogram 133 407'
- '#histogram 134 367'
- '#histogram 135 392'
- '#histogram 136 343'
- '#histogram 137 296'
- '#histogram 138 332'
- '#histogram 139 313'
- '#histogram 140 346'
- '#histogram 141 332'
- '#histogram 142 330'
- '#histogram 143 348'
- '#histogram 144 336'
- '#histogram 145 321'
- '#histogram 146 289'
- '#histogram 147 288'
- '#histogram 148 293'
- '#histogram 149 286'
- '#histogram 150 260'
- '#histogram 151 283'
- '#histogram 152 242'
- '#histogram 153 263'
- '#histogram 154 247'
- '#histogram 155 232'
- '#histogram 156 254'
- '#histogram 157 256'
- '#histogram 158 241'
- '#histogram 159 236'
- '#histogram 160 194'
- '#histogram 161 203'
- '#histogram 162 213'
- '#histogram 163 207'
- '#histogram 164 200'
- '#histogram 165 205'
- '#histogram 166 215'
- '#histogram 167 207'
- '#histogram 168 188'
- '#histogram 169 208'
- '#histogram 170 180'
- '#histogram 171 187'
- '#histogram 172 147'
- '#histogram 173 153'
- '#histogram 174 178'
- '#histogram 175 149'
- '#histogram 176 169'
- '#histogram 177 147'
- '#histogram 178 159'
- '#histogram 179 159'
- '#histogram 180 158'
- '#histogram 181 159'
- '#histogram 182 125'
- '#histogram 183 134'
- '#histogram 184 130'
- '#histogram 185 119'
- '#histogram 186 130'
- '#histogram 187 111'
- '#histogram 188 117'
- '#histogram 189 138'
- '#histogram 190 141'
- '#histogram 191 139'
- '#histogram 192 118'
- '#histogram 193 122'
- '#histogram 194 114'
- '#histogram 195 122'
- '#histogram 196 112'
- '#histogram 197 111'
- '#histogram 198 108'
- '#histogram 199 96'
- '#histogram 200 121'
- '#histogram 201 93'
- '#histogram 202 105'
- '#histogram 203 91'
- '#histogram 204 102'
- '#histogram 205 88'
- '#histogram 206 90'
- '#histogram 207 84'
- '#histogram 208 82'
- '#histogram 209 81'
- '#histogram 210 90'
- '#histogram 211 90'
- '#histogram 212 83'
- '#histogram 213 81'
- '#histogram 214 83'
- '#histogram 215 64'
- '#histogram 216 72'
- '#histogram 217 65'
- '#histogram 218 78'
- '#histogram 219 64'
- '#histogram 220 74'
- '#histogram 221 75'
- '#histogram 222 81'
- '#histogram 223 71'
- '#histogram 224 62'
- '#histogram 225 66'
- '#histogram 226 48'
- '#histogram 227 71'
- '#histogram 228 62'
- '#histogram 229 55'
- '#histogram 230 58'
- '#histogram 231 64'
- '#histogram 232 47'
- '#histogram 233 61'
- '#histogram 234 60'
- '#histogram 235 50'
- '#histogram 236 48'
- '#histogram 237 64'
- '#histogram 238 52'
- '#histogram 239 63'
- '#histogram 240 36'
- '#histogram 241 42'
- '#histogram 242 54'
- '#histogram 243 47'
- '#histogram 244 45'
- '#histogram 245 48'
- '#histogram 246 45'
- '#histogram 247 44'
- '#histogram 248 41'
- '#histogram 249 47'
- '#histogram 250 41'
- '#histogram 251 48'
- '#histogram 252 54'
- '#histogram 253 41'
- '#histogram 254 37'
- '#histogram 255 34'
- '#histogram 256 44'
- '#histogram 257 47'
- '#histogram 258 47'
- '#histogram 259 28'
- '#histogram 260 40'
- '#histogram 261 41'
- '#histogram 262 34'
- '#histogram 263 29'
- '#histogram 264 31'
- '#histogram 265 39'
- '#histogram 266 41'
- '#histogram 267 43'
- '#histogram 268 49'
- '#histogram 269 46'
- '#histogram 270 40'
- '#histogram 271 49'
- '#histogram 272 37'
- '#histogram 273 34'
- '#histogram 274 49'
- '#histogram 275 34'
- '#histogram 276 33'
- '#histogram 277 35'
- '#histogram 278 35'
- '#histogram 279 30'
- '#histogram 280 36'
- '#histogram 281 35'
- '#histogram 282 24'
- '#histogram 283 36'
- '#histogram 284 29'
- '#histogram 285 37'
- '#histogram 286 36'
- '#histogram 287 34'
- '#histogram 288 28'
- '#histogram 289 35'
- '#histogram 290 31'
- '#histogram 291 31'
- '#histogram 292 34'
- '#histogram 293 23'
- '#histogram 294 36'
- '#histogram 295 37'
- '#histogram 296 27'
- '#histogram 297 20'
- '#histogram 298 25'
- '#histogram 299 28'
- '#histogram 300 23'
- '#histogram 301 34'
- '#histogram 302 22'
- '#histogram 303 21'
- '#histogram 304 37'
- '#histogram 305 33'
- '#histogram 306 38'
- '#histogram 307 35'
- '#histogram 308 32'
- '#histogram 309 29'
- '#histogram 310 22'
- '#histogram 311 26'
- '#histogram 312 29'
- '#histogram 313 29'
- '#histogram 314 23'
- '#histogram 315 20'
- '#histogram 316 22'
- '#histogram 317 30'
- '#histogram 318 24'
- '#histogram 319 25'
- '#histogram 320 28'
- '#histogram 321 34'
- '#histogram 322 30'
- '#histogram 323 28'
- '#histogram 324 29'
- '#histogram 325 26'
- '#histogram 326 19'
- '#histogram 327 24'
- '#histogram 328 32'
- '#histogram 329 34'
- '#histogram 330 24'
- '#histogram 331 36'
- '#histogram 332 23'
- '#histogram 333 30'
- '#histogram 334 21'
- '#histogram 335 26'
- '#histogram 336 23'
- '#histogram 337 24'
- '#histogram 338 25'
- '#histogram 339 30'
- '#histogram 340 32'
- '#histogram 341 31'
- '#histogram 342 26'
- '#histogram 343 32'
- '#histogram 344 25'
- '#histogram 345 26'
- '#histogram 346 23'
- '#histogram 347 18'
- '#histogram 348 25'
- '#histogram 349 35'
- '#histogram 350 23'
- '#histogram 351 22'
- '#histogram 352 19'
- '#histogram 353 20'
- '#histogram 354 22'
- '#histogram 355 29'
- '#histogram 356 19'
- '#histogram 357 24'
- '#histogram 358 22'
- '#histogram 359 15'
- '#histogram 360 28'
- '#histogram 361 29'
- '#histogram 362 20'
- '#histogram 363 29'
- '#histogram 364 13'
- '#histogram 365 18'
- '#histogram 366 14'
- '#histogram 367 17'
- '#histogram 368 31'
- '#histogram 369 14'
- '#histogram 370 22'
- '#histogram 371 23'
- '#histogram 372 20'
- '#histogram 373 17'
- '#histogram 374 19'
- '#histogram 375 13'
- '#histogram 376 17'
- '#histogram 377 20'
- '#histogram 378 23'
- '#histogram 379 19'
- '#histogram 380 18'
- '#histogram 381 26'
- '#histogram 382 23'
- '#histogram 383 19'
- '#histogram 384 25'
- '#histogram 385 25'
- '#histogram 386 17'
- '#histogram 387 14'
- '#histogram 388 22'
- '#histogram 389 21'
- '#histogram 390 18'
- '#histogram 391 15'
- '#histogram 392 17'
- '#histogram 393 18'
- '#histogram 394 27'
- '#histogram 395 15'
- '#histogram 396 25'
- '#histogram 397 22'
- '#histogram 398 27'
- '#histogram 399 18'
- '#histogram 400 16'
- '#histogram 401 19'
- '#histogram 402 22'
- '#histogram 403 20'
- '#histogram 404 23'
- '#histogram 405 21'
- '#histogram 406 18'
- '#histogram 407 15'
- '#histogram 408 22'
- '#histogram 409 17'
- '#histogram 410 20'
- '#histogram 411 29'
- '#histogram 412 14'
- '#histogram 413 15'
- '#histogram 414 15'
- '#histogram 415 12'
- '#histogram 416 11'
- '#histogram 417 26'
- '#histogram 418 20'
- '#histogram 419 13'
- '#histogram 420 24'
- '#histogram 421 19'
- '#histogram 422 16'
- '#histogram 423 26'
- '#histogram 424 14'
- '#histogram 425 22'
- '#histogram 426 19'
- '#histogram 427 20'
- '#histogram 428 20'
- '#histogram 429 10'
- '#histogram 430 18'
- '#histogram 431 12'
- '#histogram 432 14'
- '#histogram 433 17'
- '#histogram 434 13'
- '#histogram 435 15'
- '#histogram 436 28'
- '#histogram 437 21'
- '#histogram 438 13'
- '#histogram 439 19'
- '#histogram 440 14'
- '#histogram 441 12'
- '#histogram 442 19'
- '#histogram 443 13'
- '#histogram 444 12'
- '#histogram 445 16'
- '#histogram 446 21'
- '#histogram 447 16'
- '#histogram 448 20'
- '#histogram 449 6'
- '#histogram 450 6'
- '#histogram 451 13'
- '#histogram 452 10'
- '#histogram 453 8'
- '#histogram 454 19'
- '#histogram 455 28'
- '#histogram 456 13'
- '#histogram 457 14'
- '#histogram 458 15'
- '#histogram 459 13'
- '#histogram 460 13'
- '#histogram 461 12'
- '#histogram 462 14'
- '#histogram 463 20'
- '#histogram 464 14'
- '#histogram 465 11'
- '#histogram 466 14'
- '#histogram 467 20'
- '#histogram 468 17'
- '#histogram 469 13'
- '#histogram 470 12'
- '#histogram 471 9'
- '#histogram 472 15'
- '#histogram 473 26'
- '#histogram 474 24'
- '#histogram 475 19'
- '#histogram 476 11'
- '#histogram 477 18'
- '#histogram 478 11'
- '#histogram 479 16'
- '#histogram 480 17'
- '#histogram 481 16'
- '#histogram 482 11'
- '#histogram 483 19'
- '#histogram 484 11'
- '#histogram 485 7'
- '#histogram 486 14'
- '#histogram 487 19'
- '#histogram 488 9'
- '#histogram 489 14'
- '#histogram 490 12'
- '#histogram 491 8'
- '#histogram 492 11'
- '#histogram 493 18'
- '#histogram 494 14'
- '#histogram 495 18'
- '#histogram 496 12'
- '#histogram 497 11'
- '#histogram 498 12'
- '#histogram 499 12'
- '#histogram 500 13'
- '#histogram 501 11'
- '#histogram 502 16'
- '#histogram 503 13'
- '#histogram 504 8'
- '#histogram 505 11'
- '#histogram 506 8'
- '#histogram 507 11'
- '#histogram 508 6'
- '#histogram 509 8'
- '#histogram 510 8'
- '#histogram 511 11'
- '#histogram 512 9'
- '#histogram 513 6'
- '#histogram 514 7'
- '#histogram 515 12'
- '#histogram 516 7'
- '#histogram 517 15'
- '#histogram 518 12'
- '#histogram 519 5'
- '#histogram 520 12'
- '#histogram 521 14'
- '#histogram 522 5'
- '#histogram 523 12'
- '#histogram 524 12'
- '#histogram 525 15'
- '#histogram 526 4'
- '#histogram 527 11'
- '#histogram 528 9'
- '#histogram 529 7'
- '#histogram 530 15'
- '#histogram 531 17'
- '#histogram 532 12'
- '#histogram 533 15'
- '#histogram 534 5'
- '#histogram 535 10'
- '#histogram 536 3'
- '#histogram 537 11'
- '#histogram 538 15'
- '#histogram 539 13'
- '#histogram 540 12'
- '#histogram 541 10'
- '#histogram 542 13'
- '#histogram 543 10'
- '#histogram 544 9'
- '#histogram 545 6'
- '#histogram 546 10'
- '#histogram 547 7'
- '#histogram 548 7'
- '#histogram 549 10'
- '#histogram 550 6'
- '#histogram 551 3'
- '#histogram 552 11'
- '#histogram 553 10'
- '#histogram 554 8'
- '#histogram 555 9'
- '#histogram 556 13'
- '#histogram 557 8'
- '#histogram 558 8'
- '#histogram 559 16'
- '#histogram 560 9'
- '#histogram 561 8'
- '#histogram 562 5'
- '#histogram 563 4'
- '#histogram 564 6'
- '#histogram 565 6'
- '#histogram 566 6'
- '#histogram 567 11'
- '#histogram 568 8'
- '#histogram 569 7'
- '#histogram 570 10'
- '#histogram 571 7'
- '#histogram 572 9'
- '#histogram 573 5'
- '#histogram 574 9'
- '#histogram 575 7'
- '#histogram 576 7'
- '#histogram 577 9'
- '#histogram 578 7'
- '#histogram 579 13'
- '#histogram 580 6'
- '#histogram 581 9'
- '#histogram 582 10'
- '#histogram 583 7'
- '#histogram 584 8'
- '#histogram 585 10'
- '#histogram 586 5'
- '#histogram 587 8'
- '#histogram 588 11'
- '#histogram 589 8'
- '#histogram 590 5'
- '#histogram 591 9'
- '#histogram 592 8'
- '#histogram 593 2'
- '#histogram 594 6'
- '#histogram 595 6'
- '#histogram 596 10'
- '#histogram 597 4'
- '#histogram 598 7'
- '#histogram 599 5'
- '#histogram 600 7'
- '#histogram 601 1'
- '#histogram 602 8'
- '#histogram 603 6'
- '#histogram 604 5'
- '#histogram 605 8'
- '#histogram 606 6'
- '#histogram 607 5'
- '#histogram 608 9'
- '#histogram 609 7'
- '#histogram 610 3'
- '#histogram 611 7'
- '#histogram 612 14'
- '#histogram 613 5'
- '#histogram 614 6'
- '#histogram 615 8'
- '#histogram 616 5'
- '#histogram 617 1'
- '#histogram 618 8'
- '#histogram 619 5'
- '#histogram 620 6'
- '#histogram 621 10'
- '#histogram 622 7'
- '#histogram 623 3'
- '#histogram 624 5'
- '#histogram 625 2'
- '#histogram 626 8'
- '#histogram 627 5'
- '#histogram 628 5'
- '#histogram 629 3'
- '#histogram 630 7'
- '#histogram 631 8'
- '#histogram 632 11'
- '#histogram 633 4'
- '#histogram 634 4'
- '#histogram 635 5'
- '#histogram 636 10'
- '#histogram 637 4'
- '#histogram 638 9'
- '#histogram 639 13'
- '#histogram 640 10'
- '#histogram 641 6'
- '#histogram 642 4'
- '#histogram 643 4'
- '#histogram 644 8'
- '#histogram 645 7'
- '#histogram 646 3'
- '#histogram 647 5'
- '#histogram 648 9'
- '#histogram 649 8'
- '#histogram 650 2'
- '#histogram 651 5'
- '#histogram 652 6'
- '#histogram 653 8'
- '#histogram 654 5'
- '#histogram 655 8'
- '#histogram 656 4'
- '#histogram 657 4'
- '#histogram 658 6'
- '#histogram 659 5'
- '#histogram 660 8'
- '#histogram 661 3'
- '#histogram 662 3'
- '#histogram 663 9'
- '#histogram 664 7'
- '#histogram 665 5'
- '#histogram 666 2'
- '#histogram 667 7'
- '#histogram 668 5'
- '#histogram 669 6'
- '#histogram 670 3'
- '#histogram 671 3'
- '#histogram 672 9'
- '#histogram 673 3'
- '#histogram 674 3'
- '#histogram 675 3'
- '#histogram 676 3'
- '#histogram 677 3'
- '#histogram 678 5'
- '#histogram 679 6'
- '#histogram 680 3'
- '#histogram 681 3'
- '#histogram 682 5'
- '#histogram 683 5'
- '#histogram 684 10'
- '#histogram 685 1'
- '#histogram 686 3'
- '#histogram 687 6'
- '#histogram 688 5'
- '#histogram 689 3'
- '#histogram 690 6'
- '#histogram 691 7'
- '#histogram 692 1'
- '#histogram 693 2'
- '#histogram 694 6'
- '#histogram 695 5'
- '#histogram 696 5'
- '#histogram 697 6'
- '#histogram 698 8'
- '#histogram 699 2'
- '#histogram 700 2'
- '#histogram 701 3'
- '#histogram 702 11'
- '#histogram 703 5'
- '#histogram 704 3'
- '#histogram 705 1'
- '#histogram 706 4'
- '#histogram 707 6'
- '#histogram 708 3'
- '#histogram 709 4'
- '#histogram 710 3'
- '#histogram 711 3'
- '#histogram 712 9'
- '#histogram 713 4'
- '#histogram 714 4'
- '#histogram 715 5'
- '#histogram 716 4'
- '#histogram 717 3'
- '#histogram 718 7'
- '#histogram 719 3'
- '#histogram 720 4'
- '#histogram 721 3'
- '#histogram 722 2'
- '#histogram 723 2'
- '#histogram 724 6'
- '#histogram 725 6'
- '#histogram 726 6'
- '#histogram 727 2'
- '#histogram 728 5'
- '#histogram 729 3'
- '#histogram 730 3'
- '#histogram 731 1'
- '#histogram 732 3'
- '#histogram 733 3'
- '#histogram 734 6'
- '#histogram 735 5'
- '#histogram 736 5'
- '#histogram 737 3'
- '#histogram 738 3'
- '#histogram 739 2'
- '#histogram 740 6'
- '#histogram 741 2'
- '#histogram 742 5'
- '#histogram 743 6'
- '#histogram 744 5'
- '#histogram 745 2'
- '#histogram 746 3'
- '#histogram 747 1'
- '#histogram 748 3'
- '#histogram 749 2'
- '#histogram 750 4'
- '#histogram 751 4'
- '#histogram 752 5'
- '#histogram 753 1'
- '#histogram 754 5'
- '#histogram 755 4'
- '#histogram 756 6'
- '#histogram 757 2'
- '#histogram 758 3'
- '#histogram 759 5'
- '#histogram 760 2'
- '#histogram 761 1'
- '#histogram 762 2'
- '#histogram 763 1'
- '#histogram 764 3'
- '#histogram 765 3'
- '#histogram 766 2'
- '#histogram 767 4'
- '#histogram 768 3'
- '#histogram 769 2'
- '#histogram 770 3'
- '#histogram 771 1'
- '#histogram 772 1'
- '#histogram 773 2'
- '#histogram 775 4'
- '#histogram 776 1'
- '#histogram 778 3'
- '#histogram 779 1'
- '#histogram 780 1'
- '#histogram 781 2'
- '#histogram 782 3'
- '#histogram 783 4'
- '#histogram 784 2'
- '#histogram 785 4'
- '#histogram 786 1'
- '#histogram 787 2'
- '#histogram 788 1'
- '#histogram 790 4'
- '#histogram 791 3'
- '#histogram 792 5'
- '#histogram 793 1'
- '#histogram 796 1'
- '#histogram 798 1'
- '#histogram 799 1'
- '#histogram 800 2'
- '#histogram 801 3'
- '#histogram 802 2'
- '#histogram 803 1'
- '#histogram 804 3'
- '#histogram 805 2'
- '#histogram 806 1'
- '#histogram 807 3'
- '#histogram 808 3'
- '#histogram 809 2'
- '#histogram 810 3'
- '#histogram 811 1'
- '#histogram 812 1'
- '#histogram 815 1'
- '#histogram 816 1'
- '#histogram 817 2'
- '#histogram 818 1'
- '#histogram 819 2'
- '#histogram 820 1'
- '#histogram 821 1'
- '#histogram 823 1'
- '#histogram 824 2'
- '#histogram 825 3'
- '#histogram 826 2'
- '#histogram 831 3'
- '#histogram 832 1'
- '#histogram 833 1'
- '#histogram 834 1'
- '#histogram 835 4'
- '#histogram 836 1'
- '#histogram 837 1'
- '#histogram 838 1'
- '#histogram 840 1'
- '#histogram 842 3'
- '#histogram 843 1'
- '#histogram 845 1'
- '#histogram 846 2'
- '#histogram 847 2'
- '#histogram 848 1'
- '#histogram 849 2'
- '#histogram 850 1'
- '#histogram 851 2'
- '#histogram 854 1'
- '#histogram 855 1'
- '#histogram 860 1'
- '#histogram 861 1'
- '#histogram 862 1'
- '#histogram 865 1'
- '#histogram 870 2'
- '#histogram 871 1'
- '#histogram 873 1'
- '#histogram 874 1'
- '#histogram 875 1'
- '#histogram 880 1'
- '#histogram 890 2'
- '#histogram 892 1'
- '#histogram 895 1'
- '#histogram 896 1'
- '#histogram 904 2'
- '#histogram 906 1'
- '#histogram 910 1'
- '#histogram 919 1'
- '#histogram 924 1'
- '#histogram 925 1'
- '#histogram 928 2'
- '#histogram 929 1'
- '#histogram 931 2'
- '#histogram 933 1'
- '#histogram 939 1'
- '#histogram 943 1'
- '#histogram 945 1'
- '#histogram 948 1'
- '#histogram 957 1'
- '#histogram 966 2'
- '#histogram 977 1'
- '#histogram 978 1'
- '#histogram 986 1'
- '#histogram 991 1'
- '#histogram 997 1'
- '#histogram 1000 1'
- '#histogram 1007 1'
- '#histogram 1010 1'
- '#histogram 1012 1'
- '#histogram 1013 1'
- '#histogram 1021 1'
- '#histogram 1086 1'
- '#histogram 1319 1'
- '#histogram 1345 1'
- '#histogram 1372 1'
- '#histogram 1374 1'
- '#histogram 1392 1'
- '#histogram 1478 1'
- ''
