code: 0
data:
  avg_latency: 0.127592
  histogram:
  - - 0
    - 4
  - - 1
    - 100
  - - 2
    - 182
  - - 3
    - 249
  - - 4
    - 252
  - - 5
    - 275
  - - 6
    - 253
  - - 7
    - 313
  - - 8
    - 250
  - - 9
    - 275
  - - 10
    - 323
  - - 11
    - 289
  - - 12
    - 259
  - - 13
    - 275
  - - 14
    - 314
  - - 15
    - 274
  - - 16
    - 325
  - - 17
    - 289
  - - 18
    - 293
  - - 19
    - 304
  - - 20
    - 310
  - - 21
    - 318
  - - 22
    - 350
  - - 23
    - 329
  - - 24
    - 363
  - - 25
    - 371
  - - 26
    - 342
  - - 27
    - 343
  - - 28
    - 370
  - - 29
    - 368
  - - 30
    - 387
  - - 31
    - 414
  - - 32
    - 455
  - - 33
    - 424
  - - 34
    - 420
  - - 35
    - 460
  - - 36
    - 422
  - - 37
    - 458
  - - 38
    - 492
  - - 39
    - 478
  - - 40
    - 485
  - - 41
    - 488
  - - 42
    - 487
  - - 43
    - 470
  - - 44
    - 520
  - - 45
    - 504
  - - 46
    - 511
  - - 47
    - 508
  - - 48
    - 536
  - - 49
    - 564
  - - 50
    - 580
  - - 51
    - 570
  - - 52
    - 551
  - - 53
    - 557
  - - 54
    - 587
  - - 55
    - 582
  - - 56
    - 603
  - - 57
    - 592
  - - 58
    - 664
  - - 59
    - 582
  - - 60
    - 633
  - - 61
    - 585
  - - 62
    - 676
  - - 63
    - 619
  - - 64
    - 643
  - - 65
    - 635
  - - 66
    - 664
  - - 67
    - 649
  - - 68
    - 646
  - - 69
    - 656
  - - 70
    - 728
  - - 71
    - 639
  - - 72
    - 651
  - - 73
    - 686
  - - 74
    - 670
  - - 75
    - 631
  - - 76
    - 657
  - - 77
    - 608
  - - 78
    - 633
  - - 79
    - 680
  - - 80
    - 638
  - - 81
    - 687
  - - 82
    - 652
  - - 83
    - 636
  - - 84
    - 631
  - - 85
    - 666
  - - 86
    - 691
  - - 87
    - 688
  - - 88
    - 644
  - - 89
    - 623
  - - 90
    - 623
  - - 91
    - 666
  - - 92
    - 643
  - - 93
    - 602
  - - 94
    - 610
  - - 95
    - 625
  - - 96
    - 620
  - - 97
    - 620
  - - 98
    - 679
  - - 99
    - 618
  - - 100
    - 572
  - - 101
    - 582
  - - 102
    - 541
  - - 103
    - 579
  - - 104
    - 617
  - - 105
    - 590
  - - 106
    - 553
  - - 107
    - 506
  - - 108
    - 515
  - - 109
    - 542
  - - 110
    - 579
  - - 111
    - 521
  - - 112
    - 582
  - - 113
    - 557
  - - 114
    - 520
  - - 115
    - 518
  - - 116
    - 551
  - - 117
    - 519
  - - 118
    - 445
  - - 119
    - 514
  - - 120
    - 447
  - - 121
    - 444
  - - 122
    - 470
  - - 123
    - 434
  - - 124
    - 450
  - - 125
    - 459
  - - 126
    - 397
  - - 127
    - 418
  - - 128
    - 422
  - - 129
    - 423
  - - 130
    - 398
  - - 131
    - 404
  - - 132
    - 381
  - - 133
    - 352
  - - 134
    - 402
  - - 135
    - 382
  - - 136
    - 388
  - - 137
    - 396
  - - 138
    - 340
  - - 139
    - 389
  - - 140
    - 362
  - - 141
    - 382
  - - 142
    - 358
  - - 143
    - 335
  - - 144
    - 358
  - - 145
    - 307
  - - 146
    - 305
  - - 147
    - 295
  - - 148
    - 310
  - - 149
    - 316
  - - 150
    - 259
  - - 151
    - 266
  - - 152
    - 284
  - - 153
    - 288
  - - 154
    - 251
  - - 155
    - 292
  - - 156
    - 268
  - - 157
    - 254
  - - 158
    - 261
  - - 159
    - 290
  - - 160
    - 243
  - - 161
    - 267
  - - 162
    - 231
  - - 163
    - 217
  - - 164
    - 241
  - - 165
    - 233
  - - 166
    - 205
  - - 167
    - 208
  - - 168
    - 209
  - - 169
    - 177
  - - 170
    - 216
  - - 171
    - 187
  - - 172
    - 192
  - - 173
    - 208
  - - 174
    - 204
  - - 175
    - 168
  - - 176
    - 176
  - - 177
    - 162
  - - 178
    - 199
  - - 179
    - 169
  - - 180
    - 154
  - - 181
    - 147
  - - 182
    - 175
  - - 183
    - 150
  - - 184
    - 143
  - - 185
    - 138
  - - 186
    - 148
  - - 187
    - 138
  - - 188
    - 142
  - - 189
    - 123
  - - 190
    - 111
  - - 191
    - 133
  - - 192
    - 120
  - - 193
    - 133
  - - 194
    - 102
  - - 195
    - 138
  - - 196
    - 131
  - - 197
    - 132
  - - 198
    - 121
  - - 199
    - 96
  - - 200
    - 112
  - - 201
    - 118
  - - 202
    - 101
  - - 203
    - 112
  - - 204
    - 104
  - - 205
    - 96
  - - 206
    - 83
  - - 207
    - 116
  - - 208
    - 92
  - - 209
    - 80
  - - 210
    - 104
  - - 211
    - 88
  - - 212
    - 96
  - - 213
    - 87
  - - 214
    - 96
  - - 215
    - 75
  - - 216
    - 82
  - - 217
    - 81
  - - 218
    - 84
  - - 219
    - 66
  - - 220
    - 87
  - - 221
    - 80
  - - 222
    - 87
  - - 223
    - 63
  - - 224
    - 80
  - - 225
    - 69
  - - 226
    - 64
  - - 227
    - 75
  - - 228
    - 72
  - - 229
    - 81
  - - 230
    - 52
  - - 231
    - 76
  - - 232
    - 62
  - - 233
    - 56
  - - 234
    - 66
  - - 235
    - 62
  - - 236
    - 55
  - - 237
    - 72
  - - 238
    - 54
  - - 239
    - 52
  - - 240
    - 68
  - - 241
    - 66
  - - 242
    - 56
  - - 243
    - 46
  - - 244
    - 51
  - - 245
    - 54
  - - 246
    - 54
  - - 247
    - 53
  - - 248
    - 59
  - - 249
    - 60
  - - 250
    - 47
  - - 251
    - 57
  - - 252
    - 38
  - - 253
    - 33
  - - 254
    - 35
  - - 255
    - 48
  - - 256
    - 38
  - - 257
    - 40
  - - 258
    - 46
  - - 259
    - 52
  - - 260
    - 53
  - - 261
    - 36
  - - 262
    - 46
  - - 263
    - 41
  - - 264
    - 30
  - - 265
    - 30
  - - 266
    - 33
  - - 267
    - 45
  - - 268
    - 34
  - - 269
    - 36
  - - 270
    - 35
  - - 271
    - 40
  - - 272
    - 41
  - - 273
    - 40
  - - 274
    - 44
  - - 275
    - 32
  - - 276
    - 40
  - - 277
    - 40
  - - 278
    - 30
  - - 279
    - 18
  - - 280
    - 32
  - - 281
    - 32
  - - 282
    - 36
  - - 283
    - 30
  - - 284
    - 29
  - - 285
    - 23
  - - 286
    - 34
  - - 287
    - 30
  - - 288
    - 33
  - - 289
    - 35
  - - 290
    - 31
  - - 291
    - 29
  - - 292
    - 33
  - - 293
    - 30
  - - 294
    - 29
  - - 295
    - 21
  - - 296
    - 25
  - - 297
    - 22
  - - 298
    - 36
  - - 299
    - 28
  - - 300
    - 37
  - - 301
    - 30
  - - 302
    - 34
  - - 303
    - 33
  - - 304
    - 28
  - - 305
    - 39
  - - 306
    - 30
  - - 307
    - 25
  - - 308
    - 35
  - - 309
    - 27
  - - 310
    - 27
  - - 311
    - 29
  - - 312
    - 22
  - - 313
    - 22
  - - 314
    - 24
  - - 315
    - 27
  - - 316
    - 32
  - - 317
    - 25
  - - 318
    - 20
  - - 319
    - 14
  - - 320
    - 25
  - - 321
    - 23
  - - 322
    - 21
  - - 323
    - 25
  - - 324
    - 30
  - - 325
    - 23
  - - 326
    - 27
  - - 327
    - 28
  - - 328
    - 21
  - - 329
    - 18
  - - 330
    - 27
  - - 331
    - 26
  - - 332
    - 28
  - - 333
    - 30
  - - 334
    - 26
  - - 335
    - 31
  - - 336
    - 14
  - - 337
    - 22
  - - 338
    - 28
  - - 339
    - 27
  - - 340
    - 26
  - - 341
    - 18
  - - 342
    - 24
  - - 343
    - 16
  - - 344
    - 22
  - - 345
    - 22
  - - 346
    - 16
  - - 347
    - 14
  - - 348
    - 12
  - - 349
    - 19
  - - 350
    - 17
  - - 351
    - 27
  - - 352
    - 28
  - - 353
    - 17
  - - 354
    - 31
  - - 355
    - 18
  - - 356
    - 21
  - - 357
    - 22
  - - 358
    - 33
  - - 359
    - 31
  - - 360
    - 19
  - - 361
    - 32
  - - 362
    - 17
  - - 363
    - 24
  - - 364
    - 24
  - - 365
    - 15
  - - 366
    - 24
  - - 367
    - 23
  - - 368
    - 25
  - - 369
    - 19
  - - 370
    - 14
  - - 371
    - 25
  - - 372
    - 26
  - - 373
    - 25
  - - 374
    - 16
  - - 375
    - 18
  - - 376
    - 22
  - - 377
    - 15
  - - 378
    - 17
  - - 379
    - 23
  - - 380
    - 18
  - - 381
    - 23
  - - 382
    - 16
  - - 383
    - 25
  - - 384
    - 20
  - - 385
    - 15
  - - 386
    - 23
  - - 387
    - 19
  - - 388
    - 25
  - - 389
    - 21
  - - 390
    - 21
  - - 391
    - 23
  - - 392
    - 12
  - - 393
    - 20
  - - 394
    - 26
  - - 395
    - 22
  - - 396
    - 24
  - - 397
    - 21
  - - 398
    - 17
  - - 399
    - 28
  - - 400
    - 17
  - - 401
    - 23
  - - 402
    - 25
  - - 403
    - 23
  - - 404
    - 16
  - - 405
    - 21
  - - 406
    - 20
  - - 407
    - 15
  - - 408
    - 14
  - - 409
    - 13
  - - 410
    - 23
  - - 411
    - 12
  - - 412
    - 16
  - - 413
    - 22
  - - 414
    - 20
  - - 415
    - 14
  - - 416
    - 14
  - - 417
    - 17
  - - 418
    - 21
  - - 419
    - 20
  - - 420
    - 12
  - - 421
    - 22
  - - 422
    - 23
  - - 423
    - 29
  - - 424
    - 11
  - - 425
    - 20
  - - 426
    - 21
  - - 427
    - 21
  - - 428
    - 23
  - - 429
    - 19
  - - 430
    - 20
  - - 431
    - 24
  - - 432
    - 9
  - - 433
    - 11
  - - 434
    - 14
  - - 435
    - 17
  - - 436
    - 21
  - - 437
    - 16
  - - 438
    - 13
  - - 439
    - 16
  - - 440
    - 23
  - - 441
    - 22
  - - 442
    - 18
  - - 443
    - 20
  - - 444
    - 16
  - - 445
    - 21
  - - 446
    - 11
  - - 447
    - 23
  - - 448
    - 15
  - - 449
    - 11
  - - 450
    - 22
  - - 451
    - 14
  - - 452
    - 15
  - - 453
    - 20
  - - 454
    - 19
  - - 455
    - 13
  - - 456
    - 22
  - - 457
    - 14
  - - 458
    - 11
  - - 459
    - 21
  - - 460
    - 19
  - - 461
    - 15
  - - 462
    - 26
  - - 463
    - 19
  - - 464
    - 11
  - - 465
    - 13
  - - 466
    - 17
  - - 467
    - 13
  - - 468
    - 24
  - - 469
    - 21
  - - 470
    - 9
  - - 471
    - 15
  - - 472
    - 13
  - - 473
    - 12
  - - 474
    - 14
  - - 475
    - 15
  - - 476
    - 14
  - - 477
    - 18
  - - 478
    - 13
  - - 479
    - 13
  - - 480
    - 12
  - - 481
    - 11
  - - 482
    - 14
  - - 483
    - 21
  - - 484
    - 16
  - - 485
    - 15
  - - 486
    - 12
  - - 487
    - 17
  - - 488
    - 12
  - - 489
    - 13
  - - 490
    - 18
  - - 491
    - 13
  - - 492
    - 9
  - - 493
    - 5
  - - 494
    - 21
  - - 495
    - 9
  - - 496
    - 12
  - - 497
    - 16
  - - 498
    - 7
  - - 499
    - 16
  - - 500
    - 12
  - - 501
    - 11
  - - 502
    - 7
  - - 503
    - 16
  - - 504
    - 10
  - - 505
    - 5
  - - 506
    - 14
  - - 507
    - 14
  - - 508
    - 10
  - - 509
    - 12
  - - 510
    - 13
  - - 511
    - 8
  - - 512
    - 13
  - - 513
    - 7
  - - 514
    - 14
  - - 515
    - 12
  - - 516
    - 19
  - - 517
    - 13
  - - 518
    - 13
  - - 519
    - 6
  - - 520
    - 16
  - - 521
    - 10
  - - 522
    - 10
  - - 523
    - 18
  - - 524
    - 15
  - - 525
    - 20
  - - 526
    - 7
  - - 527
    - 5
  - - 528
    - 13
  - - 529
    - 9
  - - 530
    - 8
  - - 531
    - 10
  - - 532
    - 6
  - - 533
    - 14
  - - 534
    - 15
  - - 535
    - 14
  - - 536
    - 13
  - - 537
    - 10
  - - 538
    - 7
  - - 539
    - 12
  - - 540
    - 17
  - - 541
    - 10
  - - 542
    - 10
  - - 543
    - 11
  - - 544
    - 11
  - - 545
    - 14
  - - 546
    - 15
  - - 547
    - 8
  - - 548
    - 15
  - - 549
    - 6
  - - 550
    - 11
  - - 551
    - 8
  - - 552
    - 9
  - - 553
    - 15
  - - 554
    - 13
  - - 555
    - 10
  - - 556
    - 16
  - - 557
    - 4
  - - 558
    - 12
  - - 559
    - 7
  - - 560
    - 8
  - - 561
    - 8
  - - 562
    - 6
  - - 563
    - 7
  - - 564
    - 7
  - - 565
    - 8
  - - 566
    - 14
  - - 567
    - 16
  - - 568
    - 18
  - - 569
    - 12
  - - 570
    - 17
  - - 571
    - 7
  - - 572
    - 9
  - - 573
    - 10
  - - 574
    - 11
  - - 575
    - 12
  - - 576
    - 8
  - - 577
    - 8
  - - 578
    - 8
  - - 579
    - 9
  - - 580
    - 6
  - - 581
    - 12
  - - 582
    - 11
  - - 583
    - 8
  - - 584
    - 10
  - - 585
    - 10
  - - 586
    - 10
  - - 587
    - 12
  - - 588
    - 11
  - - 589
    - 4
  - - 590
    - 7
  - - 591
    - 4
  - - 592
    - 7
  - - 593
    - 5
  - - 594
    - 10
  - - 595
    - 11
  - - 596
    - 13
  - - 597
    - 18
  - - 598
    - 8
  - - 599
    - 11
  - - 600
    - 4
  - - 601
    - 10
  - - 602
    - 5
  - - 603
    - 8
  - - 604
    - 12
  - - 605
    - 9
  - - 606
    - 8
  - - 607
    - 9
  - - 608
    - 6
  - - 609
    - 9
  - - 610
    - 7
  - - 611
    - 4
  - - 612
    - 12
  - - 613
    - 7
  - - 614
    - 3
  - - 615
    - 8
  - - 616
    - 6
  - - 617
    - 8
  - - 618
    - 8
  - - 619
    - 13
  - - 620
    - 12
  - - 621
    - 12
  - - 622
    - 9
  - - 623
    - 11
  - - 624
    - 10
  - - 625
    - 11
  - - 626
    - 7
  - - 627
    - 17
  - - 628
    - 11
  - - 629
    - 14
  - - 630
    - 6
  - - 631
    - 4
  - - 632
    - 11
  - - 633
    - 8
  - - 634
    - 16
  - - 635
    - 9
  - - 636
    - 6
  - - 637
    - 8
  - - 638
    - 6
  - - 639
    - 9
  - - 640
    - 5
  - - 641
    - 7
  - - 642
    - 5
  - - 643
    - 9
  - - 644
    - 9
  - - 645
    - 7
  - - 646
    - 3
  - - 647
    - 12
  - - 648
    - 11
  - - 649
    - 17
  - - 650
    - 6
  - - 651
    - 6
  - - 652
    - 8
  - - 653
    - 7
  - - 654
    - 14
  - - 655
    - 5
  - - 656
    - 6
  - - 657
    - 12
  - - 658
    - 4
  - - 659
    - 6
  - - 660
    - 6
  - - 661
    - 5
  - - 662
    - 9
  - - 663
    - 4
  - - 664
    - 8
  - - 665
    - 9
  - - 666
    - 9
  - - 667
    - 7
  - - 668
    - 13
  - - 669
    - 4
  - - 670
    - 5
  - - 671
    - 5
  - - 672
    - 14
  - - 673
    - 7
  - - 674
    - 7
  - - 675
    - 8
  - - 676
    - 10
  - - 677
    - 10
  - - 678
    - 15
  - - 679
    - 17
  - - 680
    - 5
  - - 681
    - 5
  - - 682
    - 8
  - - 683
    - 5
  - - 684
    - 5
  - - 685
    - 4
  - - 686
    - 6
  - - 687
    - 6
  - - 688
    - 9
  - - 689
    - 9
  - - 690
    - 4
  - - 691
    - 11
  - - 692
    - 5
  - - 693
    - 6
  - - 694
    - 6
  - - 695
    - 7
  - - 696
    - 8
  - - 697
    - 3
  - - 698
    - 10
  - - 699
    - 3
  - - 700
    - 6
  - - 701
    - 9
  - - 702
    - 3
  - - 703
    - 10
  - - 704
    - 12
  - - 705
    - 4
  - - 706
    - 10
  - - 707
    - 8
  - - 708
    - 10
  - - 709
    - 7
  - - 710
    - 5
  - - 711
    - 12
  - - 712
    - 5
  - - 713
    - 3
  - - 714
    - 10
  - - 715
    - 7
  - - 716
    - 3
  - - 717
    - 5
  - - 718
    - 8
  - - 719
    - 5
  - - 720
    - 3
  - - 721
    - 9
  - - 722
    - 7
  - - 723
    - 3
  - - 724
    - 4
  - - 725
    - 8
  - - 726
    - 6
  - - 727
    - 7
  - - 728
    - 5
  - - 729
    - 3
  - - 730
    - 5
  - - 731
    - 5
  - - 732
    - 2
  - - 733
    - 8
  - - 734
    - 5
  - - 735
    - 3
  - - 736
    - 7
  - - 737
    - 6
  - - 738
    - 4
  - - 739
    - 6
  - - 740
    - 5
  - - 741
    - 6
  - - 742
    - 5
  - - 743
    - 7
  - - 744
    - 4
  - - 745
    - 4
  - - 746
    - 6
  - - 747
    - 9
  - - 748
    - 10
  - - 749
    - 7
  - - 750
    - 6
  - - 751
    - 1
  - - 752
    - 4
  - - 753
    - 7
  - - 754
    - 8
  - - 755
    - 5
  - - 756
    - 4
  - - 757
    - 2
  - - 758
    - 10
  - - 759
    - 3
  - - 760
    - 9
  - - 761
    - 5
  - - 762
    - 4
  - - 763
    - 2
  - - 764
    - 4
  - - 765
    - 7
  - - 766
    - 4
  - - 767
    - 5
  - - 768
    - 5
  - - 769
    - 3
  - - 770
    - 5
  - - 771
    - 6
  - - 772
    - 7
  - - 773
    - 3
  - - 774
    - 6
  - - 775
    - 3
  - - 776
    - 4
  - - 777
    - 2
  - - 778
    - 1
  - - 779
    - 2
  - - 780
    - 6
  - - 781
    - 6
  - - 782
    - 9
  - - 783
    - 1
  - - 784
    - 3
  - - 785
    - 5
  - - 786
    - 3
  - - 787
    - 7
  - - 788
    - 5
  - - 789
    - 1
  - - 790
    - 3
  - - 791
    - 2
  - - 792
    - 3
  - - 793
    - 4
  - - 794
    - 1
  - - 795
    - 6
  - - 796
    - 5
  - - 797
    - 3
  - - 798
    - 3
  - - 799
    - 3
  - - 800
    - 7
  - - 801
    - 2
  - - 802
    - 6
  - - 803
    - 5
  - - 804
    - 4
  - - 805
    - 6
  - - 806
    - 3
  - - 807
    - 6
  - - 808
    - 4
  - - 809
    - 1
  - - 810
    - 1
  - - 811
    - 6
  - - 813
    - 4
  - - 814
    - 2
  - - 815
    - 2
  - - 816
    - 3
  - - 817
    - 4
  - - 818
    - 5
  - - 819
    - 2
  - - 820
    - 3
  - - 821
    - 1
  - - 822
    - 4
  - - 823
    - 5
  - - 824
    - 4
  - - 825
    - 7
  - - 826
    - 2
  - - 827
    - 1
  - - 830
    - 2
  - - 831
    - 5
  - - 832
    - 2
  - - 833
    - 2
  - - 834
    - 2
  - - 835
    - 3
  - - 836
    - 2
  - - 837
    - 3
  - - 838
    - 4
  - - 839
    - 2
  - - 840
    - 2
  - - 841
    - 5
  - - 842
    - 5
  - - 843
    - 3
  - - 844
    - 1
  - - 846
    - 2
  - - 847
    - 3
  - - 848
    - 5
  - - 849
    - 1
  - - 850
    - 2
  - - 851
    - 3
  - - 852
    - 2
  - - 855
    - 4
  - - 856
    - 4
  - - 857
    - 1
  - - 858
    - 1
  - - 859
    - 1
  - - 860
    - 3
  - - 861
    - 3
  - - 862
    - 2
  - - 864
    - 1
  - - 865
    - 1
  - - 867
    - 1
  - - 869
    - 1
  - - 870
    - 1
  - - 871
    - 1
  - - 872
    - 5
  - - 873
    - 2
  - - 875
    - 3
  - - 877
    - 1
  - - 878
    - 1
  - - 879
    - 1
  - - 880
    - 1
  - - 881
    - 1
  - - 882
    - 1
  - - 884
    - 1
  - - 885
    - 2
  - - 886
    - 2
  - - 887
    - 2
  - - 892
    - 2
  - - 893
    - 2
  - - 894
    - 2
  - - 896
    - 1
  - - 898
    - 1
  - - 899
    - 1
  - - 900
    - 2
  - - 901
    - 2
  - - 902
    - 2
  - - 904
    - 1
  - - 907
    - 1
  - - 910
    - 1
  - - 912
    - 2
  - - 913
    - 1
  - - 915
    - 1
  - - 916
    - 1
  - - 919
    - 1
  - - 920
    - 3
  - - 922
    - 2
  - - 923
    - 2
  - - 926
    - 1
  - - 928
    - 1
  - - 929
    - 1
  - - 930
    - 1
  - - 931
    - 1
  - - 932
    - 3
  - - 933
    - 1
  - - 934
    - 1
  - - 935
    - 1
  - - 936
    - 1
  - - 939
    - 6
  - - 941
    - 1
  - - 942
    - 1
  - - 944
    - 1
  - - 947
    - 1
  - - 948
    - 1
  - - 952
    - 1
  - - 958
    - 2
  - - 963
    - 2
  - - 964
    - 1
  - - 966
    - 2
  - - 969
    - 1
  - - 970
    - 1
  - - 971
    - 1
  - - 978
    - 2
  - - 979
    - 1
  - - 984
    - 2
  - - 985
    - 1
  - - 989
    - 2
  - - 992
    - 1
  - - 995
    - 1
  - - 997
    - 1
  - - 998
    - 2
  - - 999
    - 1
  - - 1000
    - 3
  - - 1001
    - 1
  - - 1002
    - 1
  - - 1003
    - 2
  - - 1005
    - 2
  - - 1006
    - 1
  - - 1007
    - 1
  - - 1011
    - 4
  - - 1014
    - 1
  - - 1015
    - 1
  - - 1017
    - 1
  - - 1019
    - 1
  - - 1021
    - 3
  - - 1022
    - 1
  - - 1024
    - 1
  - - 1026
    - 1
  - - 1028
    - 1
  - - 1029
    - 1
  - - 1030
    - 1
  - - 1034
    - 1
  - - 1039
    - 1
  - - 1040
    - 1
  - - 1042
    - 1
  - - 1043
    - 1
  - - 1052
    - 1
  - - 1054
    - 2
  - - 1059
    - 1
  - - 1062
    - 2
  - - 1064
    - 2
  - - 1069
    - 2
  - - 1075
    - 2
  - - 1076
    - 1
  - - 1078
    - 1
  - - 1083
    - 2
  - - 1093
    - 1
  - - 1094
    - 1
  - - 1106
    - 2
  - - 1113
    - 1
  - - 1121
    - 1
  - - 1123
    - 1
  - - 1137
    - 2
  - - 1147
    - 1
  - - 1151
    - 1
  - - 1152
    - 1
  - - 1157
    - 1
  - - 1165
    - 2
  - - 1177
    - 1
  - - 1178
    - 1
  - - 1180
    - 1
  - - 1181
    - 1
  - - 1190
    - 1
  - - 1198
    - 1
  - - 1220
    - 1
  - - 1307
    - 1
  - - 1321
    - 1
  - - 1355
    - 1
  - - 1381
    - 1
  - - 1636
    - 1
  latency_50_percentile: 95.0
  latency_95_percentile: 387.0
  latency_99_5_percentile: 771.7850000000035
  latency_99_percentile: 691.0
  max_kubedns_cpu: 544
  max_kubedns_memory: 29
  max_latency: 1.636748
  max_perfserver_cpu: 0
  max_perfserver_memory: 0
  min_latency: 0.000843
  msg: null
  ok: true
  qps: 782.156031
  queries_completed: 94044
  queries_lost: 0
  queries_sent: 94044
  run_time: 120.236879
  stddev_latency: 0.12595
params:
  max_qps: null
  pod_name: dns-perf-client-858fb7568b-phzzh
  query_file: all-queries.txt
  run_id: 1777667630
  run_length_seconds: 120
  run_subid: 0
stderr:
- ''
stdout:
- DNS Performance Testing Tool
- Nominum Version 2.1.0.0
- ''
- '[Status] Command line: dnsperf -s 10.0.0.10 -l 120 -d /queries/all-queries.txt'
- '[Status] Sending queries (to 10.0.0.10)'
- '[Status] Started at: Fri May  1 20:34:24 2026'
- '[Status] Stopping after 120.000000 seconds'
- '[Status] Testing complete (time limit)'
- ''
- 'Statistics:'
- ''
- '  Queries sent:         94044'
- '  Queries completed:    94044 (100.00%)'
- '  Queries lost:         0 (0.00%)'
- ''
- '  Response codes:       NOERROR 11286 (12.00%), NXDOMAIN 82758 (88.00%)'
- '  Average packet size:  request 38, response 122'
- '  Run time (s):         120.236879'
- '  Queries per second:   782.156031'
- ''
- '  Average Latency (s):  0.127592 (min 0.000843, max 1.636748)'
- '  Latency StdDev (s):   0.125950'
- ''
- '  Latency histogram'
- '#histogram 0 4'
- '#histogram 1 100'
- '#histogram 2 182'
- '#histogram 3 249'
- '#histogram 4 252'
- '#histogram 5 275'
- '#histogram 6 253'
- '#histogram 7 313'
- '#histogram 8 250'
- '#histogram 9 275'
- '#histogram 10 323'
- '#histogram 11 289'
- '#histogram 12 259'
- '#histogram 13 275'
- '#histogram 14 314'
- '#histogram 15 274'
- '#histogram 16 325'
- '#histogram 17 289'
- '#histogram 18 293'
- '#histogram 19 304'
- '#histogram 20 310'
- '#histogram 21 318'
- '#histogram 22 350'
- '#histogram 23 329'
- '#histogram 24 363'
- '#histogram 25 371'
- '#histogram 26 342'
- '#histogram 27 343'
- '#histogram 28 370'
- '#histogram 29 368'
- '#histogram 30 387'
- '#histogram 31 414'
- '#histogram 32 455'
- '#histogram 33 424'
- '#histogram 34 420'
- '#histogram 35 460'
- '#histogram 36 422'
- '#histogram 37 458'
- '#histogram 38 492'
- '#histogram 39 478'
- '#histogram 40 485'
- '#histogram 41 488'
- '#histogram 42 487'
- '#histogram 43 470'
- '#histogram 44 520'
- '#histogram 45 504'
- '#histogram 46 511'
- '#histogram 47 508'
- '#histogram 48 536'
- '#histogram 49 564'
- '#histogram 50 580'
- '#histogram 51 570'
- '#histogram 52 551'
- '#histogram 53 557'
- '#histogram 54 587'
- '#histogram 55 582'
- '#histogram 56 603'
- '#histogram 57 592'
- '#histogram 58 664'
- '#histogram 59 582'
- '#histogram 60 633'
- '#histogram 61 585'
- '#histogram 62 676'
- '#histogram 63 619'
- '#histogram 64 643'
- '#histogram 65 635'
- '#histogram 66 664'
- '#histogram 67 649'
- '#histogram 68 646'
- '#histogram 69 656'
- '#histogram 70 728'
- '#histogram 71 639'
- '#histogram 72 651'
- '#histogram 73 686'
- '#histogram 74 670'
- '#histogram 75 631'
- '#histogram 76 657'
- '#histogram 77 608'
- '#histogram 78 633'
- '#histogram 79 680'
- '#histogram 80 638'
- '#histogram 81 687'
- '#histogram 82 652'
- '#histogram 83 636'
- '#histogram 84 631'
- '#histogram 85 666'
- '#histogram 86 691'
- '#histogram 87 688'
- '#histogram 88 644'
- '#histogram 89 623'
- '#histogram 90 623'
- '#histogram 91 666'
- '#histogram 92 643'
- '#histogram 93 602'
- '#histogram 94 610'
- '#histogram 95 625'
- '#histogram 96 620'
- '#histogram 97 620'
- '#histogram 98 679'
- '#histogram 99 618'
- '#histogram 100 572'
- '#histogram 101 582'
- '#histogram 102 541'
- '#histogram 103 579'
- '#histogram 104 617'
- '#histogram 105 590'
- '#histogram 106 553'
- '#histogram 107 506'
- '#histogram 108 515'
- '#histogram 109 542'
- '#histogram 110 579'
- '#histogram 111 521'
- '#histogram 112 582'
- '#histogram 113 557'
- '#histogram 114 520'
- '#histogram 115 518'
- '#histogram 116 551'
- '#histogram 117 519'
- '#histogram 118 445'
- '#histogram 119 514'
- '#histogram 120 447'
- '#histogram 121 444'
- '#histogram 122 470'
- '#histogram 123 434'
- '#histogram 124 450'
- '#histogram 125 459'
- '#histogram 126 397'
- '#histogram 127 418'
- '#histogram 128 422'
- '#histogram 129 423'
- '#histogram 130 398'
- '#histogram 131 404'
- '#histogram 132 381'
- '#histogram 133 352'
- '#histogram 134 402'
- '#histogram 135 382'
- '#histogram 136 388'
- '#histogram 137 396'
- '#histogram 138 340'
- '#histogram 139 389'
- '#histogram 140 362'
- '#histogram 141 382'
- '#histogram 142 358'
- '#histogram 143 335'
- '#histogram 144 358'
- '#histogram 145 307'
- '#histogram 146 305'
- '#histogram 147 295'
- '#histogram 148 310'
- '#histogram 149 316'
- '#histogram 150 259'
- '#histogram 151 266'
- '#histogram 152 284'
- '#histogram 153 288'
- '#histogram 154 251'
- '#histogram 155 292'
- '#histogram 156 268'
- '#histogram 157 254'
- '#histogram 158 261'
- '#histogram 159 290'
- '#histogram 160 243'
- '#histogram 161 267'
- '#histogram 162 231'
- '#histogram 163 217'
- '#histogram 164 241'
- '#histogram 165 233'
- '#histogram 166 205'
- '#histogram 167 208'
- '#histogram 168 209'
- '#histogram 169 177'
- '#histogram 170 216'
- '#histogram 171 187'
- '#histogram 172 192'
- '#histogram 173 208'
- '#histogram 174 204'
- '#histogram 175 168'
- '#histogram 176 176'
- '#histogram 177 162'
- '#histogram 178 199'
- '#histogram 179 169'
- '#histogram 180 154'
- '#histogram 181 147'
- '#histogram 182 175'
- '#histogram 183 150'
- '#histogram 184 143'
- '#histogram 185 138'
- '#histogram 186 148'
- '#histogram 187 138'
- '#histogram 188 142'
- '#histogram 189 123'
- '#histogram 190 111'
- '#histogram 191 133'
- '#histogram 192 120'
- '#histogram 193 133'
- '#histogram 194 102'
- '#histogram 195 138'
- '#histogram 196 131'
- '#histogram 197 132'
- '#histogram 198 121'
- '#histogram 199 96'
- '#histogram 200 112'
- '#histogram 201 118'
- '#histogram 202 101'
- '#histogram 203 112'
- '#histogram 204 104'
- '#histogram 205 96'
- '#histogram 206 83'
- '#histogram 207 116'
- '#histogram 208 92'
- '#histogram 209 80'
- '#histogram 210 104'
- '#histogram 211 88'
- '#histogram 212 96'
- '#histogram 213 87'
- '#histogram 214 96'
- '#histogram 215 75'
- '#histogram 216 82'
- '#histogram 217 81'
- '#histogram 218 84'
- '#histogram 219 66'
- '#histogram 220 87'
- '#histogram 221 80'
- '#histogram 222 87'
- '#histogram 223 63'
- '#histogram 224 80'
- '#histogram 225 69'
- '#histogram 226 64'
- '#histogram 227 75'
- '#histogram 228 72'
- '#histogram 229 81'
- '#histogram 230 52'
- '#histogram 231 76'
- '#histogram 232 62'
- '#histogram 233 56'
- '#histogram 234 66'
- '#histogram 235 62'
- '#histogram 236 55'
- '#histogram 237 72'
- '#histogram 238 54'
- '#histogram 239 52'
- '#histogram 240 68'
- '#histogram 241 66'
- '#histogram 242 56'
- '#histogram 243 46'
- '#histogram 244 51'
- '#histogram 245 54'
- '#histogram 246 54'
- '#histogram 247 53'
- '#histogram 248 59'
- '#histogram 249 60'
- '#histogram 250 47'
- '#histogram 251 57'
- '#histogram 252 38'
- '#histogram 253 33'
- '#histogram 254 35'
- '#histogram 255 48'
- '#histogram 256 38'
- '#histogram 257 40'
- '#histogram 258 46'
- '#histogram 259 52'
- '#histogram 260 53'
- '#histogram 261 36'
- '#histogram 262 46'
- '#histogram 263 41'
- '#histogram 264 30'
- '#histogram 265 30'
- '#histogram 266 33'
- '#histogram 267 45'
- '#histogram 268 34'
- '#histogram 269 36'
- '#histogram 270 35'
- '#histogram 271 40'
- '#histogram 272 41'
- '#histogram 273 40'
- '#histogram 274 44'
- '#histogram 275 32'
- '#histogram 276 40'
- '#histogram 277 40'
- '#histogram 278 30'
- '#histogram 279 18'
- '#histogram 280 32'
- '#histogram 281 32'
- '#histogram 282 36'
- '#histogram 283 30'
- '#histogram 284 29'
- '#histogram 285 23'
- '#histogram 286 34'
- '#histogram 287 30'
- '#histogram 288 33'
- '#histogram 289 35'
- '#histogram 290 31'
- '#histogram 291 29'
- '#histogram 292 33'
- '#histogram 293 30'
- '#histogram 294 29'
- '#histogram 295 21'
- '#histogram 296 25'
- '#histogram 297 22'
- '#histogram 298 36'
- '#histogram 299 28'
- '#histogram 300 37'
- '#histogram 301 30'
- '#histogram 302 34'
- '#histogram 303 33'
- '#histogram 304 28'
- '#histogram 305 39'
- '#histogram 306 30'
- '#histogram 307 25'
- '#histogram 308 35'
- '#histogram 309 27'
- '#histogram 310 27'
- '#histogram 311 29'
- '#histogram 312 22'
- '#histogram 313 22'
- '#histogram 314 24'
- '#histogram 315 27'
- '#histogram 316 32'
- '#histogram 317 25'
- '#histogram 318 20'
- '#histogram 319 14'
- '#histogram 320 25'
- '#histogram 321 23'
- '#histogram 322 21'
- '#histogram 323 25'
- '#histogram 324 30'
- '#histogram 325 23'
- '#histogram 326 27'
- '#histogram 327 28'
- '#histogram 328 21'
- '#histogram 329 18'
- '#histogram 330 27'
- '#histogram 331 26'
- '#histogram 332 28'
- '#histogram 333 30'
- '#histogram 334 26'
- '#histogram 335 31'
- '#histogram 336 14'
- '#histogram 337 22'
- '#histogram 338 28'
- '#histogram 339 27'
- '#histogram 340 26'
- '#histogram 341 18'
- '#histogram 342 24'
- '#histogram 343 16'
- '#histogram 344 22'
- '#histogram 345 22'
- '#histogram 346 16'
- '#histogram 347 14'
- '#histogram 348 12'
- '#histogram 349 19'
- '#histogram 350 17'
- '#histogram 351 27'
- '#histogram 352 28'
- '#histogram 353 17'
- '#histogram 354 31'
- '#histogram 355 18'
- '#histogram 356 21'
- '#histogram 357 22'
- '#histogram 358 33'
- '#histogram 359 31'
- '#histogram 360 19'
- '#histogram 361 32'
- '#histogram 362 17'
- '#histogram 363 24'
- '#histogram 364 24'
- '#histogram 365 15'
- '#histogram 366 24'
- '#histogram 367 23'
- '#histogram 368 25'
- '#histogram 369 19'
- '#histogram 370 14'
- '#histogram 371 25'
- '#histogram 372 26'
- '#histogram 373 25'
- '#histogram 374 16'
- '#histogram 375 18'
- '#histogram 376 22'
- '#histogram 377 15'
- '#histogram 378 17'
- '#histogram 379 23'
- '#histogram 380 18'
- '#histogram 381 23'
- '#histogram 382 16'
- '#histogram 383 25'
- '#histogram 384 20'
- '#histogram 385 15'
- '#histogram 386 23'
- '#histogram 387 19'
- '#histogram 388 25'
- '#histogram 389 21'
- '#histogram 390 21'
- '#histogram 391 23'
- '#histogram 392 12'
- '#histogram 393 20'
- '#histogram 394 26'
- '#histogram 395 22'
- '#histogram 396 24'
- '#histogram 397 21'
- '#histogram 398 17'
- '#histogram 399 28'
- '#histogram 400 17'
- '#histogram 401 23'
- '#histogram 402 25'
- '#histogram 403 23'
- '#histogram 404 16'
- '#histogram 405 21'
- '#histogram 406 20'
- '#histogram 407 15'
- '#histogram 408 14'
- '#histogram 409 13'
- '#histogram 410 23'
- '#histogram 411 12'
- '#histogram 412 16'
- '#histogram 413 22'
- '#histogram 414 20'
- '#histogram 415 14'
- '#histogram 416 14'
- '#histogram 417 17'
- '#histogram 418 21'
- '#histogram 419 20'
- '#histogram 420 12'
- '#histogram 421 22'
- '#histogram 422 23'
- '#histogram 423 29'
- '#histogram 424 11'
- '#histogram 425 20'
- '#histogram 426 21'
- '#histogram 427 21'
- '#histogram 428 23'
- '#histogram 429 19'
- '#histogram 430 20'
- '#histogram 431 24'
- '#histogram 432 9'
- '#histogram 433 11'
- '#histogram 434 14'
- '#histogram 435 17'
- '#histogram 436 21'
- '#histogram 437 16'
- '#histogram 438 13'
- '#histogram 439 16'
- '#histogram 440 23'
- '#histogram 441 22'
- '#histogram 442 18'
- '#histogram 443 20'
- '#histogram 444 16'
- '#histogram 445 21'
- '#histogram 446 11'
- '#histogram 447 23'
- '#histogram 448 15'
- '#histogram 449 11'
- '#histogram 450 22'
- '#histogram 451 14'
- '#histogram 452 15'
- '#histogram 453 20'
- '#histogram 454 19'
- '#histogram 455 13'
- '#histogram 456 22'
- '#histogram 457 14'
- '#histogram 458 11'
- '#histogram 459 21'
- '#histogram 460 19'
- '#histogram 461 15'
- '#histogram 462 26'
- '#histogram 463 19'
- '#histogram 464 11'
- '#histogram 465 13'
- '#histogram 466 17'
- '#histogram 467 13'
- '#histogram 468 24'
- '#histogram 469 21'
- '#histogram 470 9'
- '#histogram 471 15'
- '#histogram 472 13'
- '#histogram 473 12'
- '#histogram 474 14'
- '#histogram 475 15'
- '#histogram 476 14'
- '#histogram 477 18'
- '#histogram 478 13'
- '#histogram 479 13'
- '#histogram 480 12'
- '#histogram 481 11'
- '#histogram 482 14'
- '#histogram 483 21'
- '#histogram 484 16'
- '#histogram 485 15'
- '#histogram 486 12'
- '#histogram 487 17'
- '#histogram 488 12'
- '#histogram 489 13'
- '#histogram 490 18'
- '#histogram 491 13'
- '#histogram 492 9'
- '#histogram 493 5'
- '#histogram 494 21'
- '#histogram 495 9'
- '#histogram 496 12'
- '#histogram 497 16'
- '#histogram 498 7'
- '#histogram 499 16'
- '#histogram 500 12'
- '#histogram 501 11'
- '#histogram 502 7'
- '#histogram 503 16'
- '#histogram 504 10'
- '#histogram 505 5'
- '#histogram 506 14'
- '#histogram 507 14'
- '#histogram 508 10'
- '#histogram 509 12'
- '#histogram 510 13'
- '#histogram 511 8'
- '#histogram 512 13'
- '#histogram 513 7'
- '#histogram 514 14'
- '#histogram 515 12'
- '#histogram 516 19'
- '#histogram 517 13'
- '#histogram 518 13'
- '#histogram 519 6'
- '#histogram 520 16'
- '#histogram 521 10'
- '#histogram 522 10'
- '#histogram 523 18'
- '#histogram 524 15'
- '#histogram 525 20'
- '#histogram 526 7'
- '#histogram 527 5'
- '#histogram 528 13'
- '#histogram 529 9'
- '#histogram 530 8'
- '#histogram 531 10'
- '#histogram 532 6'
- '#histogram 533 14'
- '#histogram 534 15'
- '#histogram 535 14'
- '#histogram 536 13'
- '#histogram 537 10'
- '#histogram 538 7'
- '#histogram 539 12'
- '#histogram 540 17'
- '#histogram 541 10'
- '#histogram 542 10'
- '#histogram 543 11'
- '#histogram 544 11'
- '#histogram 545 14'
- '#histogram 546 15'
- '#histogram 547 8'
- '#histogram 548 15'
- '#histogram 549 6'
- '#histogram 550 11'
- '#histogram 551 8'
- '#histogram 552 9'
- '#histogram 553 15'
- '#histogram 554 13'
- '#histogram 555 10'
- '#histogram 556 16'
- '#histogram 557 4'
- '#histogram 558 12'
- '#histogram 559 7'
- '#histogram 560 8'
- '#histogram 561 8'
- '#histogram 562 6'
- '#histogram 563 7'
- '#histogram 564 7'
- '#histogram 565 8'
- '#histogram 566 14'
- '#histogram 567 16'
- '#histogram 568 18'
- '#histogram 569 12'
- '#histogram 570 17'
- '#histogram 571 7'
- '#histogram 572 9'
- '#histogram 573 10'
- '#histogram 574 11'
- '#histogram 575 12'
- '#histogram 576 8'
- '#histogram 577 8'
- '#histogram 578 8'
- '#histogram 579 9'
- '#histogram 580 6'
- '#histogram 581 12'
- '#histogram 582 11'
- '#histogram 583 8'
- '#histogram 584 10'
- '#histogram 585 10'
- '#histogram 586 10'
- '#histogram 587 12'
- '#histogram 588 11'
- '#histogram 589 4'
- '#histogram 590 7'
- '#histogram 591 4'
- '#histogram 592 7'
- '#histogram 593 5'
- '#histogram 594 10'
- '#histogram 595 11'
- '#histogram 596 13'
- '#histogram 597 18'
- '#histogram 598 8'
- '#histogram 599 11'
- '#histogram 600 4'
- '#histogram 601 10'
- '#histogram 602 5'
- '#histogram 603 8'
- '#histogram 604 12'
- '#histogram 605 9'
- '#histogram 606 8'
- '#histogram 607 9'
- '#histogram 608 6'
- '#histogram 609 9'
- '#histogram 610 7'
- '#histogram 611 4'
- '#histogram 612 12'
- '#histogram 613 7'
- '#histogram 614 3'
- '#histogram 615 8'
- '#histogram 616 6'
- '#histogram 617 8'
- '#histogram 618 8'
- '#histogram 619 13'
- '#histogram 620 12'
- '#histogram 621 12'
- '#histogram 622 9'
- '#histogram 623 11'
- '#histogram 624 10'
- '#histogram 625 11'
- '#histogram 626 7'
- '#histogram 627 17'
- '#histogram 628 11'
- '#histogram 629 14'
- '#histogram 630 6'
- '#histogram 631 4'
- '#histogram 632 11'
- '#histogram 633 8'
- '#histogram 634 16'
- '#histogram 635 9'
- '#histogram 636 6'
- '#histogram 637 8'
- '#histogram 638 6'
- '#histogram 639 9'
- '#histogram 640 5'
- '#histogram 641 7'
- '#histogram 642 5'
- '#histogram 643 9'
- '#histogram 644 9'
- '#histogram 645 7'
- '#histogram 646 3'
- '#histogram 647 12'
- '#histogram 648 11'
- '#histogram 649 17'
- '#histogram 650 6'
- '#histogram 651 6'
- '#histogram 652 8'
- '#histogram 653 7'
- '#histogram 654 14'
- '#histogram 655 5'
- '#histogram 656 6'
- '#histogram 657 12'
- '#histogram 658 4'
- '#histogram 659 6'
- '#histogram 660 6'
- '#histogram 661 5'
- '#histogram 662 9'
- '#histogram 663 4'
- '#histogram 664 8'
- '#histogram 665 9'
- '#histogram 666 9'
- '#histogram 667 7'
- '#histogram 668 13'
- '#histogram 669 4'
- '#histogram 670 5'
- '#histogram 671 5'
- '#histogram 672 14'
- '#histogram 673 7'
- '#histogram 674 7'
- '#histogram 675 8'
- '#histogram 676 10'
- '#histogram 677 10'
- '#histogram 678 15'
- '#histogram 679 17'
- '#histogram 680 5'
- '#histogram 681 5'
- '#histogram 682 8'
- '#histogram 683 5'
- '#histogram 684 5'
- '#histogram 685 4'
- '#histogram 686 6'
- '#histogram 687 6'
- '#histogram 688 9'
- '#histogram 689 9'
- '#histogram 690 4'
- '#histogram 691 11'
- '#histogram 692 5'
- '#histogram 693 6'
- '#histogram 694 6'
- '#histogram 695 7'
- '#histogram 696 8'
- '#histogram 697 3'
- '#histogram 698 10'
- '#histogram 699 3'
- '#histogram 700 6'
- '#histogram 701 9'
- '#histogram 702 3'
- '#histogram 703 10'
- '#histogram 704 12'
- '#histogram 705 4'
- '#histogram 706 10'
- '#histogram 707 8'
- '#histogram 708 10'
- '#histogram 709 7'
- '#histogram 710 5'
- '#histogram 711 12'
- '#histogram 712 5'
- '#histogram 713 3'
- '#histogram 714 10'
- '#histogram 715 7'
- '#histogram 716 3'
- '#histogram 717 5'
- '#histogram 718 8'
- '#histogram 719 5'
- '#histogram 720 3'
- '#histogram 721 9'
- '#histogram 722 7'
- '#histogram 723 3'
- '#histogram 724 4'
- '#histogram 725 8'
- '#histogram 726 6'
- '#histogram 727 7'
- '#histogram 728 5'
- '#histogram 729 3'
- '#histogram 730 5'
- '#histogram 731 5'
- '#histogram 732 2'
- '#histogram 733 8'
- '#histogram 734 5'
- '#histogram 735 3'
- '#histogram 736 7'
- '#histogram 737 6'
- '#histogram 738 4'
- '#histogram 739 6'
- '#histogram 740 5'
- '#histogram 741 6'
- '#histogram 742 5'
- '#histogram 743 7'
- '#histogram 744 4'
- '#histogram 745 4'
- '#histogram 746 6'
- '#histogram 747 9'
- '#histogram 748 10'
- '#histogram 749 7'
- '#histogram 750 6'
- '#histogram 751 1'
- '#histogram 752 4'
- '#histogram 753 7'
- '#histogram 754 8'
- '#histogram 755 5'
- '#histogram 756 4'
- '#histogram 757 2'
- '#histogram 758 10'
- '#histogram 759 3'
- '#histogram 760 9'
- '#histogram 761 5'
- '#histogram 762 4'
- '#histogram 763 2'
- '#histogram 764 4'
- '#histogram 765 7'
- '#histogram 766 4'
- '#histogram 767 5'
- '#histogram 768 5'
- '#histogram 769 3'
- '#histogram 770 5'
- '#histogram 771 6'
- '#histogram 772 7'
- '#histogram 773 3'
- '#histogram 774 6'
- '#histogram 775 3'
- '#histogram 776 4'
- '#histogram 777 2'
- '#histogram 778 1'
- '#histogram 779 2'
- '#histogram 780 6'
- '#histogram 781 6'
- '#histogram 782 9'
- '#histogram 783 1'
- '#histogram 784 3'
- '#histogram 785 5'
- '#histogram 786 3'
- '#histogram 787 7'
- '#histogram 788 5'
- '#histogram 789 1'
- '#histogram 790 3'
- '#histogram 791 2'
- '#histogram 792 3'
- '#histogram 793 4'
- '#histogram 794 1'
- '#histogram 795 6'
- '#histogram 796 5'
- '#histogram 797 3'
- '#histogram 798 3'
- '#histogram 799 3'
- '#histogram 800 7'
- '#histogram 801 2'
- '#histogram 802 6'
- '#histogram 803 5'
- '#histogram 804 4'
- '#histogram 805 6'
- '#histogram 806 3'
- '#histogram 807 6'
- '#histogram 808 4'
- '#histogram 809 1'
- '#histogram 810 1'
- '#histogram 811 6'
- '#histogram 813 4'
- '#histogram 814 2'
- '#histogram 815 2'
- '#histogram 816 3'
- '#histogram 817 4'
- '#histogram 818 5'
- '#histogram 819 2'
- '#histogram 820 3'
- '#histogram 821 1'
- '#histogram 822 4'
- '#histogram 823 5'
- '#histogram 824 4'
- '#histogram 825 7'
- '#histogram 826 2'
- '#histogram 827 1'
- '#histogram 830 2'
- '#histogram 831 5'
- '#histogram 832 2'
- '#histogram 833 2'
- '#histogram 834 2'
- '#histogram 835 3'
- '#histogram 836 2'
- '#histogram 837 3'
- '#histogram 838 4'
- '#histogram 839 2'
- '#histogram 840 2'
- '#histogram 841 5'
- '#histogram 842 5'
- '#histogram 843 3'
- '#histogram 844 1'
- '#histogram 846 2'
- '#histogram 847 3'
- '#histogram 848 5'
- '#histogram 849 1'
- '#histogram 850 2'
- '#histogram 851 3'
- '#histogram 852 2'
- '#histogram 855 4'
- '#histogram 856 4'
- '#histogram 857 1'
- '#histogram 858 1'
- '#histogram 859 1'
- '#histogram 860 3'
- '#histogram 861 3'
- '#histogram 862 2'
- '#histogram 864 1'
- '#histogram 865 1'
- '#histogram 867 1'
- '#histogram 869 1'
- '#histogram 870 1'
- '#histogram 871 1'
- '#histogram 872 5'
- '#histogram 873 2'
- '#histogram 875 3'
- '#histogram 877 1'
- '#histogram 878 1'
- '#histogram 879 1'
- '#histogram 880 1'
- '#histogram 881 1'
- '#histogram 882 1'
- '#histogram 884 1'
- '#histogram 885 2'
- '#histogram 886 2'
- '#histogram 887 2'
- '#histogram 892 2'
- '#histogram 893 2'
- '#histogram 894 2'
- '#histogram 896 1'
- '#histogram 898 1'
- '#histogram 899 1'
- '#histogram 900 2'
- '#histogram 901 2'
- '#histogram 902 2'
- '#histogram 904 1'
- '#histogram 907 1'
- '#histogram 910 1'
- '#histogram 912 2'
- '#histogram 913 1'
- '#histogram 915 1'
- '#histogram 916 1'
- '#histogram 919 1'
- '#histogram 920 3'
- '#histogram 922 2'
- '#histogram 923 2'
- '#histogram 926 1'
- '#histogram 928 1'
- '#histogram 929 1'
- '#histogram 930 1'
- '#histogram 931 1'
- '#histogram 932 3'
- '#histogram 933 1'
- '#histogram 934 1'
- '#histogram 935 1'
- '#histogram 936 1'
- '#histogram 939 6'
- '#histogram 941 1'
- '#histogram 942 1'
- '#histogram 944 1'
- '#histogram 947 1'
- '#histogram 948 1'
- '#histogram 952 1'
- '#histogram 958 2'
- '#histogram 963 2'
- '#histogram 964 1'
- '#histogram 966 2'
- '#histogram 969 1'
- '#histogram 970 1'
- '#histogram 971 1'
- '#histogram 978 2'
- '#histogram 979 1'
- '#histogram 984 2'
- '#histogram 985 1'
- '#histogram 989 2'
- '#histogram 992 1'
- '#histogram 995 1'
- '#histogram 997 1'
- '#histogram 998 2'
- '#histogram 999 1'
- '#histogram 1000 3'
- '#histogram 1001 1'
- '#histogram 1002 1'
- '#histogram 1003 2'
- '#histogram 1005 2'
- '#histogram 1006 1'
- '#histogram 1007 1'
- '#histogram 1011 4'
- '#histogram 1014 1'
- '#histogram 1015 1'
- '#histogram 1017 1'
- '#histogram 1019 1'
- '#histogram 1021 3'
- '#histogram 1022 1'
- '#histogram 1024 1'
- '#histogram 1026 1'
- '#histogram 1028 1'
- '#histogram 1029 1'
- '#histogram 1030 1'
- '#histogram 1034 1'
- '#histogram 1039 1'
- '#histogram 1040 1'
- '#histogram 1042 1'
- '#histogram 1043 1'
- '#histogram 1052 1'
- '#histogram 1054 2'
- '#histogram 1059 1'
- '#histogram 1062 2'
- '#histogram 1064 2'
- '#histogram 1069 2'
- '#histogram 1075 2'
- '#histogram 1076 1'
- '#histogram 1078 1'
- '#histogram 1083 2'
- '#histogram 1093 1'
- '#histogram 1094 1'
- '#histogram 1106 2'
- '#histogram 1113 1'
- '#histogram 1121 1'
- '#histogram 1123 1'
- '#histogram 1137 2'
- '#histogram 1147 1'
- '#histogram 1151 1'
- '#histogram 1152 1'
- '#histogram 1157 1'
- '#histogram 1165 2'
- '#histogram 1177 1'
- '#histogram 1178 1'
- '#histogram 1180 1'
- '#histogram 1181 1'
- '#histogram 1190 1'
- '#histogram 1198 1'
- '#histogram 1220 1'
- '#histogram 1307 1'
- '#histogram 1321 1'
- '#histogram 1355 1'
- '#histogram 1381 1'
- '#histogram 1636 1'
- ''
