code: 0
data:
  avg_latency: 0.119066
  histogram:
  - - 0
    - 0
  - - 1
    - 54
  - - 2
    - 153
  - - 3
    - 211
  - - 4
    - 214
  - - 5
    - 265
  - - 6
    - 290
  - - 7
    - 267
  - - 8
    - 307
  - - 9
    - 295
  - - 10
    - 301
  - - 11
    - 283
  - - 12
    - 325
  - - 13
    - 322
  - - 14
    - 324
  - - 15
    - 281
  - - 16
    - 333
  - - 17
    - 360
  - - 18
    - 377
  - - 19
    - 336
  - - 20
    - 380
  - - 21
    - 378
  - - 22
    - 415
  - - 23
    - 361
  - - 24
    - 452
  - - 25
    - 423
  - - 26
    - 386
  - - 27
    - 459
  - - 28
    - 438
  - - 29
    - 467
  - - 30
    - 465
  - - 31
    - 485
  - - 32
    - 497
  - - 33
    - 496
  - - 34
    - 500
  - - 35
    - 542
  - - 36
    - 518
  - - 37
    - 577
  - - 38
    - 527
  - - 39
    - 539
  - - 40
    - 537
  - - 41
    - 582
  - - 42
    - 607
  - - 43
    - 560
  - - 44
    - 664
  - - 45
    - 563
  - - 46
    - 662
  - - 47
    - 639
  - - 48
    - 610
  - - 49
    - 683
  - - 50
    - 655
  - - 51
    - 671
  - - 52
    - 636
  - - 53
    - 655
  - - 54
    - 688
  - - 55
    - 697
  - - 56
    - 742
  - - 57
    - 675
  - - 58
    - 671
  - - 59
    - 646
  - - 60
    - 726
  - - 61
    - 668
  - - 62
    - 726
  - - 63
    - 725
  - - 64
    - 670
  - - 65
    - 728
  - - 66
    - 698
  - - 67
    - 716
  - - 68
    - 686
  - - 69
    - 709
  - - 70
    - 690
  - - 71
    - 719
  - - 72
    - 734
  - - 73
    - 700
  - - 74
    - 676
  - - 75
    - 727
  - - 76
    - 690
  - - 77
    - 748
  - - 78
    - 710
  - - 79
    - 718
  - - 80
    - 764
  - - 81
    - 675
  - - 82
    - 699
  - - 83
    - 688
  - - 84
    - 679
  - - 85
    - 672
  - - 86
    - 663
  - - 87
    - 685
  - - 88
    - 689
  - - 89
    - 705
  - - 90
    - 627
  - - 91
    - 675
  - - 92
    - 657
  - - 93
    - 687
  - - 94
    - 609
  - - 95
    - 672
  - - 96
    - 677
  - - 97
    - 616
  - - 98
    - 657
  - - 99
    - 620
  - - 100
    - 653
  - - 101
    - 701
  - - 102
    - 561
  - - 103
    - 593
  - - 104
    - 591
  - - 105
    - 602
  - - 106
    - 612
  - - 107
    - 548
  - - 108
    - 553
  - - 109
    - 569
  - - 110
    - 557
  - - 111
    - 583
  - - 112
    - 535
  - - 113
    - 510
  - - 114
    - 537
  - - 115
    - 481
  - - 116
    - 472
  - - 117
    - 470
  - - 118
    - 554
  - - 119
    - 442
  - - 120
    - 493
  - - 121
    - 490
  - - 122
    - 445
  - - 123
    - 437
  - - 124
    - 451
  - - 125
    - 459
  - - 126
    - 418
  - - 127
    - 437
  - - 128
    - 447
  - - 129
    - 431
  - - 130
    - 431
  - - 131
    - 453
  - - 132
    - 417
  - - 133
    - 387
  - - 134
    - 412
  - - 135
    - 418
  - - 136
    - 359
  - - 137
    - 375
  - - 138
    - 378
  - - 139
    - 369
  - - 140
    - 371
  - - 141
    - 332
  - - 142
    - 362
  - - 143
    - 345
  - - 144
    - 356
  - - 145
    - 300
  - - 146
    - 332
  - - 147
    - 332
  - - 148
    - 288
  - - 149
    - 320
  - - 150
    - 329
  - - 151
    - 285
  - - 152
    - 294
  - - 153
    - 272
  - - 154
    - 295
  - - 155
    - 270
  - - 156
    - 292
  - - 157
    - 259
  - - 158
    - 248
  - - 159
    - 254
  - - 160
    - 267
  - - 161
    - 264
  - - 162
    - 258
  - - 163
    - 261
  - - 164
    - 246
  - - 165
    - 272
  - - 166
    - 233
  - - 167
    - 248
  - - 168
    - 238
  - - 169
    - 235
  - - 170
    - 242
  - - 171
    - 195
  - - 172
    - 206
  - - 173
    - 203
  - - 174
    - 187
  - - 175
    - 183
  - - 176
    - 221
  - - 177
    - 178
  - - 178
    - 188
  - - 179
    - 209
  - - 180
    - 147
  - - 181
    - 169
  - - 182
    - 182
  - - 183
    - 181
  - - 184
    - 181
  - - 185
    - 152
  - - 186
    - 150
  - - 187
    - 159
  - - 188
    - 146
  - - 189
    - 162
  - - 190
    - 149
  - - 191
    - 169
  - - 192
    - 147
  - - 193
    - 153
  - - 194
    - 131
  - - 195
    - 135
  - - 196
    - 126
  - - 197
    - 156
  - - 198
    - 133
  - - 199
    - 147
  - - 200
    - 130
  - - 201
    - 113
  - - 202
    - 97
  - - 203
    - 107
  - - 204
    - 118
  - - 205
    - 126
  - - 206
    - 135
  - - 207
    - 134
  - - 208
    - 121
  - - 209
    - 109
  - - 210
    - 103
  - - 211
    - 104
  - - 212
    - 114
  - - 213
    - 107
  - - 214
    - 78
  - - 215
    - 106
  - - 216
    - 121
  - - 217
    - 112
  - - 218
    - 91
  - - 219
    - 99
  - - 220
    - 106
  - - 221
    - 93
  - - 222
    - 93
  - - 223
    - 94
  - - 224
    - 89
  - - 225
    - 70
  - - 226
    - 69
  - - 227
    - 79
  - - 228
    - 81
  - - 229
    - 80
  - - 230
    - 71
  - - 231
    - 67
  - - 232
    - 87
  - - 233
    - 77
  - - 234
    - 86
  - - 235
    - 81
  - - 236
    - 71
  - - 237
    - 85
  - - 238
    - 77
  - - 239
    - 74
  - - 240
    - 52
  - - 241
    - 68
  - - 242
    - 61
  - - 243
    - 72
  - - 244
    - 69
  - - 245
    - 74
  - - 246
    - 52
  - - 247
    - 82
  - - 248
    - 76
  - - 249
    - 62
  - - 250
    - 47
  - - 251
    - 54
  - - 252
    - 59
  - - 253
    - 43
  - - 254
    - 49
  - - 255
    - 62
  - - 256
    - 51
  - - 257
    - 46
  - - 258
    - 54
  - - 259
    - 58
  - - 260
    - 53
  - - 261
    - 42
  - - 262
    - 47
  - - 263
    - 49
  - - 264
    - 45
  - - 265
    - 46
  - - 266
    - 44
  - - 267
    - 58
  - - 268
    - 43
  - - 269
    - 51
  - - 270
    - 52
  - - 271
    - 52
  - - 272
    - 46
  - - 273
    - 49
  - - 274
    - 47
  - - 275
    - 37
  - - 276
    - 36
  - - 277
    - 39
  - - 278
    - 50
  - - 279
    - 36
  - - 280
    - 32
  - - 281
    - 39
  - - 282
    - 37
  - - 283
    - 31
  - - 284
    - 52
  - - 285
    - 35
  - - 286
    - 33
  - - 287
    - 35
  - - 288
    - 33
  - - 289
    - 34
  - - 290
    - 44
  - - 291
    - 34
  - - 292
    - 28
  - - 293
    - 33
  - - 294
    - 34
  - - 295
    - 36
  - - 296
    - 17
  - - 297
    - 28
  - - 298
    - 33
  - - 299
    - 34
  - - 300
    - 33
  - - 301
    - 27
  - - 302
    - 23
  - - 303
    - 28
  - - 304
    - 31
  - - 305
    - 25
  - - 306
    - 26
  - - 307
    - 25
  - - 308
    - 32
  - - 309
    - 31
  - - 310
    - 31
  - - 311
    - 30
  - - 312
    - 38
  - - 313
    - 29
  - - 314
    - 24
  - - 315
    - 30
  - - 316
    - 27
  - - 317
    - 23
  - - 318
    - 20
  - - 319
    - 25
  - - 320
    - 30
  - - 321
    - 25
  - - 322
    - 36
  - - 323
    - 28
  - - 324
    - 23
  - - 325
    - 24
  - - 326
    - 21
  - - 327
    - 17
  - - 328
    - 28
  - - 329
    - 12
  - - 330
    - 25
  - - 331
    - 31
  - - 332
    - 21
  - - 333
    - 26
  - - 334
    - 18
  - - 335
    - 23
  - - 336
    - 30
  - - 337
    - 26
  - - 338
    - 30
  - - 339
    - 28
  - - 340
    - 16
  - - 341
    - 28
  - - 342
    - 20
  - - 343
    - 21
  - - 344
    - 22
  - - 345
    - 18
  - - 346
    - 21
  - - 347
    - 22
  - - 348
    - 23
  - - 349
    - 26
  - - 350
    - 28
  - - 351
    - 21
  - - 352
    - 17
  - - 353
    - 25
  - - 354
    - 31
  - - 355
    - 27
  - - 356
    - 28
  - - 357
    - 25
  - - 358
    - 18
  - - 359
    - 27
  - - 360
    - 11
  - - 361
    - 13
  - - 362
    - 23
  - - 363
    - 30
  - - 364
    - 22
  - - 365
    - 22
  - - 366
    - 14
  - - 367
    - 19
  - - 368
    - 19
  - - 369
    - 26
  - - 370
    - 25
  - - 371
    - 19
  - - 372
    - 22
  - - 373
    - 20
  - - 374
    - 27
  - - 375
    - 22
  - - 376
    - 15
  - - 377
    - 21
  - - 378
    - 24
  - - 379
    - 18
  - - 380
    - 19
  - - 381
    - 16
  - - 382
    - 20
  - - 383
    - 22
  - - 384
    - 17
  - - 385
    - 20
  - - 386
    - 23
  - - 387
    - 15
  - - 388
    - 16
  - - 389
    - 9
  - - 390
    - 20
  - - 391
    - 24
  - - 392
    - 21
  - - 393
    - 13
  - - 394
    - 13
  - - 395
    - 13
  - - 396
    - 20
  - - 397
    - 26
  - - 398
    - 24
  - - 399
    - 19
  - - 400
    - 14
  - - 401
    - 11
  - - 402
    - 19
  - - 403
    - 18
  - - 404
    - 26
  - - 405
    - 13
  - - 406
    - 16
  - - 407
    - 19
  - - 408
    - 17
  - - 409
    - 23
  - - 410
    - 20
  - - 411
    - 19
  - - 412
    - 21
  - - 413
    - 21
  - - 414
    - 21
  - - 415
    - 14
  - - 416
    - 16
  - - 417
    - 10
  - - 418
    - 15
  - - 419
    - 19
  - - 420
    - 21
  - - 421
    - 18
  - - 422
    - 17
  - - 423
    - 14
  - - 424
    - 19
  - - 425
    - 25
  - - 426
    - 16
  - - 427
    - 17
  - - 428
    - 13
  - - 429
    - 12
  - - 430
    - 24
  - - 431
    - 13
  - - 432
    - 20
  - - 433
    - 18
  - - 434
    - 20
  - - 435
    - 11
  - - 436
    - 7
  - - 437
    - 17
  - - 438
    - 15
  - - 439
    - 24
  - - 440
    - 16
  - - 441
    - 11
  - - 442
    - 13
  - - 443
    - 12
  - - 444
    - 15
  - - 445
    - 17
  - - 446
    - 15
  - - 447
    - 12
  - - 448
    - 15
  - - 449
    - 15
  - - 450
    - 10
  - - 451
    - 16
  - - 452
    - 9
  - - 453
    - 16
  - - 454
    - 20
  - - 455
    - 15
  - - 456
    - 11
  - - 457
    - 14
  - - 458
    - 14
  - - 459
    - 16
  - - 460
    - 14
  - - 461
    - 16
  - - 462
    - 13
  - - 463
    - 18
  - - 464
    - 12
  - - 465
    - 22
  - - 466
    - 17
  - - 467
    - 12
  - - 468
    - 12
  - - 469
    - 15
  - - 470
    - 18
  - - 471
    - 10
  - - 472
    - 8
  - - 473
    - 11
  - - 474
    - 11
  - - 475
    - 13
  - - 476
    - 14
  - - 477
    - 14
  - - 478
    - 14
  - - 479
    - 15
  - - 480
    - 14
  - - 481
    - 16
  - - 482
    - 14
  - - 483
    - 6
  - - 484
    - 15
  - - 485
    - 15
  - - 486
    - 10
  - - 487
    - 18
  - - 488
    - 12
  - - 489
    - 11
  - - 490
    - 15
  - - 491
    - 12
  - - 492
    - 16
  - - 493
    - 8
  - - 494
    - 15
  - - 495
    - 13
  - - 496
    - 10
  - - 497
    - 13
  - - 498
    - 19
  - - 499
    - 9
  - - 500
    - 15
  - - 501
    - 15
  - - 502
    - 10
  - - 503
    - 10
  - - 504
    - 18
  - - 505
    - 9
  - - 506
    - 11
  - - 507
    - 9
  - - 508
    - 7
  - - 509
    - 8
  - - 510
    - 13
  - - 511
    - 13
  - - 512
    - 8
  - - 513
    - 7
  - - 514
    - 11
  - - 515
    - 9
  - - 516
    - 18
  - - 517
    - 14
  - - 518
    - 11
  - - 519
    - 9
  - - 520
    - 12
  - - 521
    - 10
  - - 522
    - 14
  - - 523
    - 13
  - - 524
    - 10
  - - 525
    - 9
  - - 526
    - 7
  - - 527
    - 9
  - - 528
    - 7
  - - 529
    - 10
  - - 530
    - 5
  - - 531
    - 15
  - - 532
    - 7
  - - 533
    - 8
  - - 534
    - 8
  - - 535
    - 8
  - - 536
    - 6
  - - 537
    - 7
  - - 538
    - 8
  - - 539
    - 9
  - - 540
    - 10
  - - 541
    - 7
  - - 542
    - 8
  - - 543
    - 6
  - - 544
    - 10
  - - 545
    - 9
  - - 546
    - 11
  - - 547
    - 12
  - - 548
    - 6
  - - 549
    - 10
  - - 550
    - 18
  - - 551
    - 10
  - - 552
    - 19
  - - 553
    - 10
  - - 554
    - 8
  - - 555
    - 9
  - - 556
    - 9
  - - 557
    - 7
  - - 558
    - 9
  - - 559
    - 12
  - - 560
    - 9
  - - 561
    - 11
  - - 562
    - 8
  - - 563
    - 7
  - - 564
    - 14
  - - 565
    - 10
  - - 566
    - 8
  - - 567
    - 11
  - - 568
    - 7
  - - 569
    - 5
  - - 570
    - 9
  - - 571
    - 9
  - - 572
    - 7
  - - 573
    - 4
  - - 574
    - 4
  - - 575
    - 7
  - - 576
    - 8
  - - 577
    - 6
  - - 578
    - 7
  - - 579
    - 6
  - - 580
    - 5
  - - 581
    - 12
  - - 582
    - 7
  - - 583
    - 4
  - - 584
    - 9
  - - 585
    - 9
  - - 586
    - 9
  - - 587
    - 6
  - - 588
    - 3
  - - 589
    - 6
  - - 590
    - 4
  - - 591
    - 6
  - - 592
    - 8
  - - 593
    - 6
  - - 594
    - 5
  - - 595
    - 5
  - - 596
    - 11
  - - 597
    - 4
  - - 598
    - 11
  - - 599
    - 4
  - - 600
    - 9
  - - 601
    - 9
  - - 602
    - 11
  - - 603
    - 4
  - - 604
    - 12
  - - 605
    - 8
  - - 606
    - 6
  - - 607
    - 5
  - - 608
    - 3
  - - 609
    - 6
  - - 610
    - 2
  - - 611
    - 2
  - - 612
    - 10
  - - 613
    - 10
  - - 614
    - 6
  - - 615
    - 6
  - - 616
    - 5
  - - 617
    - 1
  - - 618
    - 5
  - - 619
    - 8
  - - 620
    - 8
  - - 621
    - 9
  - - 622
    - 4
  - - 623
    - 6
  - - 624
    - 2
  - - 625
    - 5
  - - 626
    - 5
  - - 627
    - 8
  - - 628
    - 4
  - - 629
    - 4
  - - 630
    - 5
  - - 631
    - 2
  - - 632
    - 7
  - - 633
    - 3
  - - 634
    - 5
  - - 635
    - 4
  - - 636
    - 7
  - - 637
    - 5
  - - 638
    - 4
  - - 639
    - 5
  - - 640
    - 8
  - - 641
    - 6
  - - 642
    - 4
  - - 643
    - 4
  - - 644
    - 8
  - - 645
    - 3
  - - 646
    - 3
  - - 647
    - 6
  - - 648
    - 3
  - - 649
    - 4
  - - 650
    - 8
  - - 651
    - 6
  - - 652
    - 9
  - - 653
    - 4
  - - 654
    - 9
  - - 655
    - 2
  - - 656
    - 4
  - - 657
    - 7
  - - 658
    - 3
  - - 659
    - 6
  - - 660
    - 5
  - - 661
    - 3
  - - 662
    - 4
  - - 663
    - 3
  - - 664
    - 1
  - - 665
    - 8
  - - 666
    - 5
  - - 667
    - 4
  - - 668
    - 3
  - - 669
    - 3
  - - 670
    - 8
  - - 671
    - 2
  - - 672
    - 5
  - - 673
    - 5
  - - 674
    - 2
  - - 675
    - 4
  - - 676
    - 8
  - - 677
    - 3
  - - 678
    - 5
  - - 679
    - 1
  - - 680
    - 3
  - - 681
    - 2
  - - 682
    - 9
  - - 683
    - 3
  - - 684
    - 8
  - - 685
    - 5
  - - 686
    - 6
  - - 687
    - 3
  - - 688
    - 4
  - - 689
    - 3
  - - 690
    - 6
  - - 691
    - 1
  - - 692
    - 3
  - - 693
    - 3
  - - 695
    - 3
  - - 696
    - 5
  - - 697
    - 1
  - - 698
    - 4
  - - 699
    - 7
  - - 700
    - 2
  - - 701
    - 3
  - - 702
    - 4
  - - 703
    - 3
  - - 704
    - 2
  - - 705
    - 2
  - - 706
    - 5
  - - 707
    - 5
  - - 708
    - 3
  - - 709
    - 5
  - - 710
    - 4
  - - 711
    - 3
  - - 712
    - 5
  - - 713
    - 2
  - - 714
    - 3
  - - 715
    - 1
  - - 716
    - 2
  - - 717
    - 1
  - - 718
    - 2
  - - 719
    - 5
  - - 720
    - 1
  - - 721
    - 5
  - - 722
    - 3
  - - 723
    - 5
  - - 724
    - 1
  - - 725
    - 1
  - - 727
    - 5
  - - 728
    - 1
  - - 729
    - 2
  - - 730
    - 1
  - - 731
    - 5
  - - 732
    - 1
  - - 733
    - 3
  - - 734
    - 2
  - - 735
    - 2
  - - 737
    - 2
  - - 738
    - 6
  - - 739
    - 4
  - - 740
    - 1
  - - 741
    - 2
  - - 742
    - 6
  - - 743
    - 6
  - - 744
    - 3
  - - 745
    - 3
  - - 746
    - 2
  - - 747
    - 2
  - - 749
    - 2
  - - 750
    - 5
  - - 751
    - 2
  - - 753
    - 1
  - - 755
    - 4
  - - 758
    - 1
  - - 759
    - 2
  - - 760
    - 1
  - - 762
    - 4
  - - 763
    - 1
  - - 764
    - 2
  - - 766
    - 2
  - - 767
    - 1
  - - 768
    - 1
  - - 769
    - 2
  - - 770
    - 2
  - - 771
    - 1
  - - 772
    - 2
  - - 773
    - 4
  - - 774
    - 1
  - - 775
    - 3
  - - 776
    - 4
  - - 778
    - 2
  - - 779
    - 1
  - - 781
    - 3
  - - 782
    - 1
  - - 783
    - 3
  - - 784
    - 1
  - - 785
    - 1
  - - 786
    - 1
  - - 787
    - 4
  - - 788
    - 1
  - - 789
    - 1
  - - 790
    - 1
  - - 791
    - 3
  - - 793
    - 3
  - - 795
    - 1
  - - 796
    - 1
  - - 797
    - 2
  - - 798
    - 1
  - - 801
    - 1
  - - 804
    - 1
  - - 805
    - 1
  - - 807
    - 3
  - - 808
    - 1
  - - 810
    - 1
  - - 814
    - 2
  - - 817
    - 1
  - - 818
    - 1
  - - 819
    - 4
  - - 820
    - 1
  - - 821
    - 1
  - - 822
    - 1
  - - 824
    - 3
  - - 825
    - 1
  - - 828
    - 1
  - - 830
    - 1
  - - 832
    - 1
  - - 833
    - 2
  - - 834
    - 2
  - - 835
    - 1
  - - 836
    - 1
  - - 837
    - 2
  - - 838
    - 1
  - - 842
    - 1
  - - 844
    - 1
  - - 847
    - 5
  - - 848
    - 2
  - - 852
    - 2
  - - 854
    - 1
  - - 855
    - 1
  - - 856
    - 2
  - - 857
    - 1
  - - 858
    - 1
  - - 859
    - 1
  - - 862
    - 1
  - - 863
    - 2
  - - 864
    - 2
  - - 865
    - 1
  - - 866
    - 1
  - - 868
    - 1
  - - 869
    - 1
  - - 870
    - 1
  - - 874
    - 1
  - - 877
    - 1
  - - 879
    - 1
  - - 880
    - 1
  - - 882
    - 1
  - - 883
    - 1
  - - 885
    - 1
  - - 888
    - 1
  - - 889
    - 1
  - - 890
    - 1
  - - 891
    - 2
  - - 892
    - 1
  - - 895
    - 1
  - - 898
    - 2
  - - 900
    - 1
  - - 903
    - 1
  - - 906
    - 2
  - - 907
    - 1
  - - 908
    - 2
  - - 914
    - 1
  - - 915
    - 3
  - - 918
    - 1
  - - 921
    - 2
  - - 922
    - 1
  - - 923
    - 1
  - - 925
    - 2
  - - 926
    - 1
  - - 930
    - 1
  - - 931
    - 1
  - - 933
    - 1
  - - 939
    - 1
  - - 943
    - 1
  - - 944
    - 1
  - - 945
    - 1
  - - 951
    - 2
  - - 952
    - 1
  - - 954
    - 1
  - - 957
    - 2
  - - 959
    - 1
  - - 961
    - 1
  - - 963
    - 1
  - - 967
    - 1
  - - 970
    - 1
  - - 971
    - 1
  - - 975
    - 1
  - - 979
    - 1
  - - 980
    - 2
  - - 983
    - 2
  - - 985
    - 1
  - - 986
    - 1
  - - 988
    - 1
  - - 989
    - 2
  - - 998
    - 1
  - - 1000
    - 2
  - - 1001
    - 1
  - - 1002
    - 1
  - - 1004
    - 1
  - - 1014
    - 1
  - - 1016
    - 2
  - - 1017
    - 2
  - - 1018
    - 1
  - - 1023
    - 2
  - - 1025
    - 1
  - - 1030
    - 2
  - - 1033
    - 1
  - - 1034
    - 1
  - - 1042
    - 1
  - - 1043
    - 1
  - - 1050
    - 1
  - - 1055
    - 1
  - - 1057
    - 1
  - - 1059
    - 1
  - - 1060
    - 1
  - - 1063
    - 1
  - - 1078
    - 2
  - - 1079
    - 1
  - - 1081
    - 1
  - - 1085
    - 1
  - - 1086
    - 1
  - - 1093
    - 1
  - - 1095
    - 1
  - - 1096
    - 1
  - - 1097
    - 1
  - - 1098
    - 1
  - - 1106
    - 1
  - - 1108
    - 1
  - - 1109
    - 1
  - - 1111
    - 1
  - - 1123
    - 1
  - - 1127
    - 1
  - - 1138
    - 1
  - - 1150
    - 1
  - - 1160
    - 1
  - - 1172
    - 1
  - - 1173
    - 1
  - - 1174
    - 2
  - - 1183
    - 1
  - - 1186
    - 1
  - - 1191
    - 1
  - - 1202
    - 1
  - - 1232
    - 1
  - - 1238
    - 1
  - - 1239
    - 1
  - - 1247
    - 1
  - - 1602
    - 1
  latency_50_percentile: 92.0
  latency_95_percentile: 320.0
  latency_99_5_percentile: 674.6399999999994
  latency_99_percentile: 584.0
  max_kubedns_cpu: 732
  max_kubedns_memory: 30
  max_latency: 1.602383
  max_perfserver_cpu: 0
  max_perfserver_memory: 0
  min_latency: 0.001265
  msg: null
  ok: true
  qps: 838.389804
  queries_completed: 100673
  queries_lost: 0
  queries_sent: 100673
  run_time: 120.078989
  stddev_latency: 0.108275
params:
  max_qps: null
  pod_name: dns-perf-client-858fb7568b-ns4rz
  query_file: all-queries.txt
  run_id: 1777618106
  run_length_seconds: 120
  run_subid: 0
stderr:
- ''
stdout:
- DNS Performance Testing Tool
- Nominum Version 2.1.0.0
- ''
- '[Status] Command line: dnsperf -s 10.0.0.10 -l 120 -d /queries/all-queries.txt'
- '[Status] Sending queries (to 10.0.0.10)'
- '[Status] Started at: Fri May  1 06:49:14 2026'
- '[Status] Stopping after 120.000000 seconds'
- '[Status] Testing complete (time limit)'
- ''
- 'Statistics:'
- ''
- '  Queries sent:         100673'
- '  Queries completed:    100673 (100.00%)'
- '  Queries lost:         0 (0.00%)'
- ''
- '  Response codes:       NOERROR 12081 (12.00%), NXDOMAIN 88592 (88.00%)'
- '  Average packet size:  request 38, response 122'
- '  Run time (s):         120.078989'
- '  Queries per second:   838.389804'
- ''
- '  Average Latency (s):  0.119066 (min 0.001265, max 1.602383)'
- '  Latency StdDev (s):   0.108275'
- ''
- '  Latency histogram'
- '#histogram 0 0'
- '#histogram 1 54'
- '#histogram 2 153'
- '#histogram 3 211'
- '#histogram 4 214'
- '#histogram 5 265'
- '#histogram 6 290'
- '#histogram 7 267'
- '#histogram 8 307'
- '#histogram 9 295'
- '#histogram 10 301'
- '#histogram 11 283'
- '#histogram 12 325'
- '#histogram 13 322'
- '#histogram 14 324'
- '#histogram 15 281'
- '#histogram 16 333'
- '#histogram 17 360'
- '#histogram 18 377'
- '#histogram 19 336'
- '#histogram 20 380'
- '#histogram 21 378'
- '#histogram 22 415'
- '#histogram 23 361'
- '#histogram 24 452'
- '#histogram 25 423'
- '#histogram 26 386'
- '#histogram 27 459'
- '#histogram 28 438'
- '#histogram 29 467'
- '#histogram 30 465'
- '#histogram 31 485'
- '#histogram 32 497'
- '#histogram 33 496'
- '#histogram 34 500'
- '#histogram 35 542'
- '#histogram 36 518'
- '#histogram 37 577'
- '#histogram 38 527'
- '#histogram 39 539'
- '#histogram 40 537'
- '#histogram 41 582'
- '#histogram 42 607'
- '#histogram 43 560'
- '#histogram 44 664'
- '#histogram 45 563'
- '#histogram 46 662'
- '#histogram 47 639'
- '#histogram 48 610'
- '#histogram 49 683'
- '#histogram 50 655'
- '#histogram 51 671'
- '#histogram 52 636'
- '#histogram 53 655'
- '#histogram 54 688'
- '#histogram 55 697'
- '#histogram 56 742'
- '#histogram 57 675'
- '#histogram 58 671'
- '#histogram 59 646'
- '#histogram 60 726'
- '#histogram 61 668'
- '#histogram 62 726'
- '#histogram 63 725'
- '#histogram 64 670'
- '#histogram 65 728'
- '#histogram 66 698'
- '#histogram 67 716'
- '#histogram 68 686'
- '#histogram 69 709'
- '#histogram 70 690'
- '#histogram 71 719'
- '#histogram 72 734'
- '#histogram 73 700'
- '#histogram 74 676'
- '#histogram 75 727'
- '#histogram 76 690'
- '#histogram 77 748'
- '#histogram 78 710'
- '#histogram 79 718'
- '#histogram 80 764'
- '#histogram 81 675'
- '#histogram 82 699'
- '#histogram 83 688'
- '#histogram 84 679'
- '#histogram 85 672'
- '#histogram 86 663'
- '#histogram 87 685'
- '#histogram 88 689'
- '#histogram 89 705'
- '#histogram 90 627'
- '#histogram 91 675'
- '#histogram 92 657'
- '#histogram 93 687'
- '#histogram 94 609'
- '#histogram 95 672'
- '#histogram 96 677'
- '#histogram 97 616'
- '#histogram 98 657'
- '#histogram 99 620'
- '#histogram 100 653'
- '#histogram 101 701'
- '#histogram 102 561'
- '#histogram 103 593'
- '#histogram 104 591'
- '#histogram 105 602'
- '#histogram 106 612'
- '#histogram 107 548'
- '#histogram 108 553'
- '#histogram 109 569'
- '#histogram 110 557'
- '#histogram 111 583'
- '#histogram 112 535'
- '#histogram 113 510'
- '#histogram 114 537'
- '#histogram 115 481'
- '#histogram 116 472'
- '#histogram 117 470'
- '#histogram 118 554'
- '#histogram 119 442'
- '#histogram 120 493'
- '#histogram 121 490'
- '#histogram 122 445'
- '#histogram 123 437'
- '#histogram 124 451'
- '#histogram 125 459'
- '#histogram 126 418'
- '#histogram 127 437'
- '#histogram 128 447'
- '#histogram 129 431'
- '#histogram 130 431'
- '#histogram 131 453'
- '#histogram 132 417'
- '#histogram 133 387'
- '#histogram 134 412'
- '#histogram 135 418'
- '#histogram 136 359'
- '#histogram 137 375'
- '#histogram 138 378'
- '#histogram 139 369'
- '#histogram 140 371'
- '#histogram 141 332'
- '#histogram 142 362'
- '#histogram 143 345'
- '#histogram 144 356'
- '#histogram 145 300'
- '#histogram 146 332'
- '#histogram 147 332'
- '#histogram 148 288'
- '#histogram 149 320'
- '#histogram 150 329'
- '#histogram 151 285'
- '#histogram 152 294'
- '#histogram 153 272'
- '#histogram 154 295'
- '#histogram 155 270'
- '#histogram 156 292'
- '#histogram 157 259'
- '#histogram 158 248'
- '#histogram 159 254'
- '#histogram 160 267'
- '#histogram 161 264'
- '#histogram 162 258'
- '#histogram 163 261'
- '#histogram 164 246'
- '#histogram 165 272'
- '#histogram 166 233'
- '#histogram 167 248'
- '#histogram 168 238'
- '#histogram 169 235'
- '#histogram 170 242'
- '#histogram 171 195'
- '#histogram 172 206'
- '#histogram 173 203'
- '#histogram 174 187'
- '#histogram 175 183'
- '#histogram 176 221'
- '#histogram 177 178'
- '#histogram 178 188'
- '#histogram 179 209'
- '#histogram 180 147'
- '#histogram 181 169'
- '#histogram 182 182'
- '#histogram 183 181'
- '#histogram 184 181'
- '#histogram 185 152'
- '#histogram 186 150'
- '#histogram 187 159'
- '#histogram 188 146'
- '#histogram 189 162'
- '#histogram 190 149'
- '#histogram 191 169'
- '#histogram 192 147'
- '#histogram 193 153'
- '#histogram 194 131'
- '#histogram 195 135'
- '#histogram 196 126'
- '#histogram 197 156'
- '#histogram 198 133'
- '#histogram 199 147'
- '#histogram 200 130'
- '#histogram 201 113'
- '#histogram 202 97'
- '#histogram 203 107'
- '#histogram 204 118'
- '#histogram 205 126'
- '#histogram 206 135'
- '#histogram 207 134'
- '#histogram 208 121'
- '#histogram 209 109'
- '#histogram 210 103'
- '#histogram 211 104'
- '#histogram 212 114'
- '#histogram 213 107'
- '#histogram 214 78'
- '#histogram 215 106'
- '#histogram 216 121'
- '#histogram 217 112'
- '#histogram 218 91'
- '#histogram 219 99'
- '#histogram 220 106'
- '#histogram 221 93'
- '#histogram 222 93'
- '#histogram 223 94'
- '#histogram 224 89'
- '#histogram 225 70'
- '#histogram 226 69'
- '#histogram 227 79'
- '#histogram 228 81'
- '#histogram 229 80'
- '#histogram 230 71'
- '#histogram 231 67'
- '#histogram 232 87'
- '#histogram 233 77'
- '#histogram 234 86'
- '#histogram 235 81'
- '#histogram 236 71'
- '#histogram 237 85'
- '#histogram 238 77'
- '#histogram 239 74'
- '#histogram 240 52'
- '#histogram 241 68'
- '#histogram 242 61'
- '#histogram 243 72'
- '#histogram 244 69'
- '#histogram 245 74'
- '#histogram 246 52'
- '#histogram 247 82'
- '#histogram 248 76'
- '#histogram 249 62'
- '#histogram 250 47'
- '#histogram 251 54'
- '#histogram 252 59'
- '#histogram 253 43'
- '#histogram 254 49'
- '#histogram 255 62'
- '#histogram 256 51'
- '#histogram 257 46'
- '#histogram 258 54'
- '#histogram 259 58'
- '#histogram 260 53'
- '#histogram 261 42'
- '#histogram 262 47'
- '#histogram 263 49'
- '#histogram 264 45'
- '#histogram 265 46'
- '#histogram 266 44'
- '#histogram 267 58'
- '#histogram 268 43'
- '#histogram 269 51'
- '#histogram 270 52'
- '#histogram 271 52'
- '#histogram 272 46'
- '#histogram 273 49'
- '#histogram 274 47'
- '#histogram 275 37'
- '#histogram 276 36'
- '#histogram 277 39'
- '#histogram 278 50'
- '#histogram 279 36'
- '#histogram 280 32'
- '#histogram 281 39'
- '#histogram 282 37'
- '#histogram 283 31'
- '#histogram 284 52'
- '#histogram 285 35'
- '#histogram 286 33'
- '#histogram 287 35'
- '#histogram 288 33'
- '#histogram 289 34'
- '#histogram 290 44'
- '#histogram 291 34'
- '#histogram 292 28'
- '#histogram 293 33'
- '#histogram 294 34'
- '#histogram 295 36'
- '#histogram 296 17'
- '#histogram 297 28'
- '#histogram 298 33'
- '#histogram 299 34'
- '#histogram 300 33'
- '#histogram 301 27'
- '#histogram 302 23'
- '#histogram 303 28'
- '#histogram 304 31'
- '#histogram 305 25'
- '#histogram 306 26'
- '#histogram 307 25'
- '#histogram 308 32'
- '#histogram 309 31'
- '#histogram 310 31'
- '#histogram 311 30'
- '#histogram 312 38'
- '#histogram 313 29'
- '#histogram 314 24'
- '#histogram 315 30'
- '#histogram 316 27'
- '#histogram 317 23'
- '#histogram 318 20'
- '#histogram 319 25'
- '#histogram 320 30'
- '#histogram 321 25'
- '#histogram 322 36'
- '#histogram 323 28'
- '#histogram 324 23'
- '#histogram 325 24'
- '#histogram 326 21'
- '#histogram 327 17'
- '#histogram 328 28'
- '#histogram 329 12'
- '#histogram 330 25'
- '#histogram 331 31'
- '#histogram 332 21'
- '#histogram 333 26'
- '#histogram 334 18'
- '#histogram 335 23'
- '#histogram 336 30'
- '#histogram 337 26'
- '#histogram 338 30'
- '#histogram 339 28'
- '#histogram 340 16'
- '#histogram 341 28'
- '#histogram 342 20'
- '#histogram 343 21'
- '#histogram 344 22'
- '#histogram 345 18'
- '#histogram 346 21'
- '#histogram 347 22'
- '#histogram 348 23'
- '#histogram 349 26'
- '#histogram 350 28'
- '#histogram 351 21'
- '#histogram 352 17'
- '#histogram 353 25'
- '#histogram 354 31'
- '#histogram 355 27'
- '#histogram 356 28'
- '#histogram 357 25'
- '#histogram 358 18'
- '#histogram 359 27'
- '#histogram 360 11'
- '#histogram 361 13'
- '#histogram 362 23'
- '#histogram 363 30'
- '#histogram 364 22'
- '#histogram 365 22'
- '#histogram 366 14'
- '#histogram 367 19'
- '#histogram 368 19'
- '#histogram 369 26'
- '#histogram 370 25'
- '#histogram 371 19'
- '#histogram 372 22'
- '#histogram 373 20'
- '#histogram 374 27'
- '#histogram 375 22'
- '#histogram 376 15'
- '#histogram 377 21'
- '#histogram 378 24'
- '#histogram 379 18'
- '#histogram 380 19'
- '#histogram 381 16'
- '#histogram 382 20'
- '#histogram 383 22'
- '#histogram 384 17'
- '#histogram 385 20'
- '#histogram 386 23'
- '#histogram 387 15'
- '#histogram 388 16'
- '#histogram 389 9'
- '#histogram 390 20'
- '#histogram 391 24'
- '#histogram 392 21'
- '#histogram 393 13'
- '#histogram 394 13'
- '#histogram 395 13'
- '#histogram 396 20'
- '#histogram 397 26'
- '#histogram 398 24'
- '#histogram 399 19'
- '#histogram 400 14'
- '#histogram 401 11'
- '#histogram 402 19'
- '#histogram 403 18'
- '#histogram 404 26'
- '#histogram 405 13'
- '#histogram 406 16'
- '#histogram 407 19'
- '#histogram 408 17'
- '#histogram 409 23'
- '#histogram 410 20'
- '#histogram 411 19'
- '#histogram 412 21'
- '#histogram 413 21'
- '#histogram 414 21'
- '#histogram 415 14'
- '#histogram 416 16'
- '#histogram 417 10'
- '#histogram 418 15'
- '#histogram 419 19'
- '#histogram 420 21'
- '#histogram 421 18'
- '#histogram 422 17'
- '#histogram 423 14'
- '#histogram 424 19'
- '#histogram 425 25'
- '#histogram 426 16'
- '#histogram 427 17'
- '#histogram 428 13'
- '#histogram 429 12'
- '#histogram 430 24'
- '#histogram 431 13'
- '#histogram 432 20'
- '#histogram 433 18'
- '#histogram 434 20'
- '#histogram 435 11'
- '#histogram 436 7'
- '#histogram 437 17'
- '#histogram 438 15'
- '#histogram 439 24'
- '#histogram 440 16'
- '#histogram 441 11'
- '#histogram 442 13'
- '#histogram 443 12'
- '#histogram 444 15'
- '#histogram 445 17'
- '#histogram 446 15'
- '#histogram 447 12'
- '#histogram 448 15'
- '#histogram 449 15'
- '#histogram 450 10'
- '#histogram 451 16'
- '#histogram 452 9'
- '#histogram 453 16'
- '#histogram 454 20'
- '#histogram 455 15'
- '#histogram 456 11'
- '#histogram 457 14'
- '#histogram 458 14'
- '#histogram 459 16'
- '#histogram 460 14'
- '#histogram 461 16'
- '#histogram 462 13'
- '#histogram 463 18'
- '#histogram 464 12'
- '#histogram 465 22'
- '#histogram 466 17'
- '#histogram 467 12'
- '#histogram 468 12'
- '#histogram 469 15'
- '#histogram 470 18'
- '#histogram 471 10'
- '#histogram 472 8'
- '#histogram 473 11'
- '#histogram 474 11'
- '#histogram 475 13'
- '#histogram 476 14'
- '#histogram 477 14'
- '#histogram 478 14'
- '#histogram 479 15'
- '#histogram 480 14'
- '#histogram 481 16'
- '#histogram 482 14'
- '#histogram 483 6'
- '#histogram 484 15'
- '#histogram 485 15'
- '#histogram 486 10'
- '#histogram 487 18'
- '#histogram 488 12'
- '#histogram 489 11'
- '#histogram 490 15'
- '#histogram 491 12'
- '#histogram 492 16'
- '#histogram 493 8'
- '#histogram 494 15'
- '#histogram 495 13'
- '#histogram 496 10'
- '#histogram 497 13'
- '#histogram 498 19'
- '#histogram 499 9'
- '#histogram 500 15'
- '#histogram 501 15'
- '#histogram 502 10'
- '#histogram 503 10'
- '#histogram 504 18'
- '#histogram 505 9'
- '#histogram 506 11'
- '#histogram 507 9'
- '#histogram 508 7'
- '#histogram 509 8'
- '#histogram 510 13'
- '#histogram 511 13'
- '#histogram 512 8'
- '#histogram 513 7'
- '#histogram 514 11'
- '#histogram 515 9'
- '#histogram 516 18'
- '#histogram 517 14'
- '#histogram 518 11'
- '#histogram 519 9'
- '#histogram 520 12'
- '#histogram 521 10'
- '#histogram 522 14'
- '#histogram 523 13'
- '#histogram 524 10'
- '#histogram 525 9'
- '#histogram 526 7'
- '#histogram 527 9'
- '#histogram 528 7'
- '#histogram 529 10'
- '#histogram 530 5'
- '#histogram 531 15'
- '#histogram 532 7'
- '#histogram 533 8'
- '#histogram 534 8'
- '#histogram 535 8'
- '#histogram 536 6'
- '#histogram 537 7'
- '#histogram 538 8'
- '#histogram 539 9'
- '#histogram 540 10'
- '#histogram 541 7'
- '#histogram 542 8'
- '#histogram 543 6'
- '#histogram 544 10'
- '#histogram 545 9'
- '#histogram 546 11'
- '#histogram 547 12'
- '#histogram 548 6'
- '#histogram 549 10'
- '#histogram 550 18'
- '#histogram 551 10'
- '#histogram 552 19'
- '#histogram 553 10'
- '#histogram 554 8'
- '#histogram 555 9'
- '#histogram 556 9'
- '#histogram 557 7'
- '#histogram 558 9'
- '#histogram 559 12'
- '#histogram 560 9'
- '#histogram 561 11'
- '#histogram 562 8'
- '#histogram 563 7'
- '#histogram 564 14'
- '#histogram 565 10'
- '#histogram 566 8'
- '#histogram 567 11'
- '#histogram 568 7'
- '#histogram 569 5'
- '#histogram 570 9'
- '#histogram 571 9'
- '#histogram 572 7'
- '#histogram 573 4'
- '#histogram 574 4'
- '#histogram 575 7'
- '#histogram 576 8'
- '#histogram 577 6'
- '#histogram 578 7'
- '#histogram 579 6'
- '#histogram 580 5'
- '#histogram 581 12'
- '#histogram 582 7'
- '#histogram 583 4'
- '#histogram 584 9'
- '#histogram 585 9'
- '#histogram 586 9'
- '#histogram 587 6'
- '#histogram 588 3'
- '#histogram 589 6'
- '#histogram 590 4'
- '#histogram 591 6'
- '#histogram 592 8'
- '#histogram 593 6'
- '#histogram 594 5'
- '#histogram 595 5'
- '#histogram 596 11'
- '#histogram 597 4'
- '#histogram 598 11'
- '#histogram 599 4'
- '#histogram 600 9'
- '#histogram 601 9'
- '#histogram 602 11'
- '#histogram 603 4'
- '#histogram 604 12'
- '#histogram 605 8'
- '#histogram 606 6'
- '#histogram 607 5'
- '#histogram 608 3'
- '#histogram 609 6'
- '#histogram 610 2'
- '#histogram 611 2'
- '#histogram 612 10'
- '#histogram 613 10'
- '#histogram 614 6'
- '#histogram 615 6'
- '#histogram 616 5'
- '#histogram 617 1'
- '#histogram 618 5'
- '#histogram 619 8'
- '#histogram 620 8'
- '#histogram 621 9'
- '#histogram 622 4'
- '#histogram 623 6'
- '#histogram 624 2'
- '#histogram 625 5'
- '#histogram 626 5'
- '#histogram 627 8'
- '#histogram 628 4'
- '#histogram 629 4'
- '#histogram 630 5'
- '#histogram 631 2'
- '#histogram 632 7'
- '#histogram 633 3'
- '#histogram 634 5'
- '#histogram 635 4'
- '#histogram 636 7'
- '#histogram 637 5'
- '#histogram 638 4'
- '#histogram 639 5'
- '#histogram 640 8'
- '#histogram 641 6'
- '#histogram 642 4'
- '#histogram 643 4'
- '#histogram 644 8'
- '#histogram 645 3'
- '#histogram 646 3'
- '#histogram 647 6'
- '#histogram 648 3'
- '#histogram 649 4'
- '#histogram 650 8'
- '#histogram 651 6'
- '#histogram 652 9'
- '#histogram 653 4'
- '#histogram 654 9'
- '#histogram 655 2'
- '#histogram 656 4'
- '#histogram 657 7'
- '#histogram 658 3'
- '#histogram 659 6'
- '#histogram 660 5'
- '#histogram 661 3'
- '#histogram 662 4'
- '#histogram 663 3'
- '#histogram 664 1'
- '#histogram 665 8'
- '#histogram 666 5'
- '#histogram 667 4'
- '#histogram 668 3'
- '#histogram 669 3'
- '#histogram 670 8'
- '#histogram 671 2'
- '#histogram 672 5'
- '#histogram 673 5'
- '#histogram 674 2'
- '#histogram 675 4'
- '#histogram 676 8'
- '#histogram 677 3'
- '#histogram 678 5'
- '#histogram 679 1'
- '#histogram 680 3'
- '#histogram 681 2'
- '#histogram 682 9'
- '#histogram 683 3'
- '#histogram 684 8'
- '#histogram 685 5'
- '#histogram 686 6'
- '#histogram 687 3'
- '#histogram 688 4'
- '#histogram 689 3'
- '#histogram 690 6'
- '#histogram 691 1'
- '#histogram 692 3'
- '#histogram 693 3'
- '#histogram 695 3'
- '#histogram 696 5'
- '#histogram 697 1'
- '#histogram 698 4'
- '#histogram 699 7'
- '#histogram 700 2'
- '#histogram 701 3'
- '#histogram 702 4'
- '#histogram 703 3'
- '#histogram 704 2'
- '#histogram 705 2'
- '#histogram 706 5'
- '#histogram 707 5'
- '#histogram 708 3'
- '#histogram 709 5'
- '#histogram 710 4'
- '#histogram 711 3'
- '#histogram 712 5'
- '#histogram 713 2'
- '#histogram 714 3'
- '#histogram 715 1'
- '#histogram 716 2'
- '#histogram 717 1'
- '#histogram 718 2'
- '#histogram 719 5'
- '#histogram 720 1'
- '#histogram 721 5'
- '#histogram 722 3'
- '#histogram 723 5'
- '#histogram 724 1'
- '#histogram 725 1'
- '#histogram 727 5'
- '#histogram 728 1'
- '#histogram 729 2'
- '#histogram 730 1'
- '#histogram 731 5'
- '#histogram 732 1'
- '#histogram 733 3'
- '#histogram 734 2'
- '#histogram 735 2'
- '#histogram 737 2'
- '#histogram 738 6'
- '#histogram 739 4'
- '#histogram 740 1'
- '#histogram 741 2'
- '#histogram 742 6'
- '#histogram 743 6'
- '#histogram 744 3'
- '#histogram 745 3'
- '#histogram 746 2'
- '#histogram 747 2'
- '#histogram 749 2'
- '#histogram 750 5'
- '#histogram 751 2'
- '#histogram 753 1'
- '#histogram 755 4'
- '#histogram 758 1'
- '#histogram 759 2'
- '#histogram 760 1'
- '#histogram 762 4'
- '#histogram 763 1'
- '#histogram 764 2'
- '#histogram 766 2'
- '#histogram 767 1'
- '#histogram 768 1'
- '#histogram 769 2'
- '#histogram 770 2'
- '#histogram 771 1'
- '#histogram 772 2'
- '#histogram 773 4'
- '#histogram 774 1'
- '#histogram 775 3'
- '#histogram 776 4'
- '#histogram 778 2'
- '#histogram 779 1'
- '#histogram 781 3'
- '#histogram 782 1'
- '#histogram 783 3'
- '#histogram 784 1'
- '#histogram 785 1'
- '#histogram 786 1'
- '#histogram 787 4'
- '#histogram 788 1'
- '#histogram 789 1'
- '#histogram 790 1'
- '#histogram 791 3'
- '#histogram 793 3'
- '#histogram 795 1'
- '#histogram 796 1'
- '#histogram 797 2'
- '#histogram 798 1'
- '#histogram 801 1'
- '#histogram 804 1'
- '#histogram 805 1'
- '#histogram 807 3'
- '#histogram 808 1'
- '#histogram 810 1'
- '#histogram 814 2'
- '#histogram 817 1'
- '#histogram 818 1'
- '#histogram 819 4'
- '#histogram 820 1'
- '#histogram 821 1'
- '#histogram 822 1'
- '#histogram 824 3'
- '#histogram 825 1'
- '#histogram 828 1'
- '#histogram 830 1'
- '#histogram 832 1'
- '#histogram 833 2'
- '#histogram 834 2'
- '#histogram 835 1'
- '#histogram 836 1'
- '#histogram 837 2'
- '#histogram 838 1'
- '#histogram 842 1'
- '#histogram 844 1'
- '#histogram 847 5'
- '#histogram 848 2'
- '#histogram 852 2'
- '#histogram 854 1'
- '#histogram 855 1'
- '#histogram 856 2'
- '#histogram 857 1'
- '#histogram 858 1'
- '#histogram 859 1'
- '#histogram 862 1'
- '#histogram 863 2'
- '#histogram 864 2'
- '#histogram 865 1'
- '#histogram 866 1'
- '#histogram 868 1'
- '#histogram 869 1'
- '#histogram 870 1'
- '#histogram 874 1'
- '#histogram 877 1'
- '#histogram 879 1'
- '#histogram 880 1'
- '#histogram 882 1'
- '#histogram 883 1'
- '#histogram 885 1'
- '#histogram 888 1'
- '#histogram 889 1'
- '#histogram 890 1'
- '#histogram 891 2'
- '#histogram 892 1'
- '#histogram 895 1'
- '#histogram 898 2'
- '#histogram 900 1'
- '#histogram 903 1'
- '#histogram 906 2'
- '#histogram 907 1'
- '#histogram 908 2'
- '#histogram 914 1'
- '#histogram 915 3'
- '#histogram 918 1'
- '#histogram 921 2'
- '#histogram 922 1'
- '#histogram 923 1'
- '#histogram 925 2'
- '#histogram 926 1'
- '#histogram 930 1'
- '#histogram 931 1'
- '#histogram 933 1'
- '#histogram 939 1'
- '#histogram 943 1'
- '#histogram 944 1'
- '#histogram 945 1'
- '#histogram 951 2'
- '#histogram 952 1'
- '#histogram 954 1'
- '#histogram 957 2'
- '#histogram 959 1'
- '#histogram 961 1'
- '#histogram 963 1'
- '#histogram 967 1'
- '#histogram 970 1'
- '#histogram 971 1'
- '#histogram 975 1'
- '#histogram 979 1'
- '#histogram 980 2'
- '#histogram 983 2'
- '#histogram 985 1'
- '#histogram 986 1'
- '#histogram 988 1'
- '#histogram 989 2'
- '#histogram 998 1'
- '#histogram 1000 2'
- '#histogram 1001 1'
- '#histogram 1002 1'
- '#histogram 1004 1'
- '#histogram 1014 1'
- '#histogram 1016 2'
- '#histogram 1017 2'
- '#histogram 1018 1'
- '#histogram 1023 2'
- '#histogram 1025 1'
- '#histogram 1030 2'
- '#histogram 1033 1'
- '#histogram 1034 1'
- '#histogram 1042 1'
- '#histogram 1043 1'
- '#histogram 1050 1'
- '#histogram 1055 1'
- '#histogram 1057 1'
- '#histogram 1059 1'
- '#histogram 1060 1'
- '#histogram 1063 1'
- '#histogram 1078 2'
- '#histogram 1079 1'
- '#histogram 1081 1'
- '#histogram 1085 1'
- '#histogram 1086 1'
- '#histogram 1093 1'
- '#histogram 1095 1'
- '#histogram 1096 1'
- '#histogram 1097 1'
- '#histogram 1098 1'
- '#histogram 1106 1'
- '#histogram 1108 1'
- '#histogram 1109 1'
- '#histogram 1111 1'
- '#histogram 1123 1'
- '#histogram 1127 1'
- '#histogram 1138 1'
- '#histogram 1150 1'
- '#histogram 1160 1'
- '#histogram 1172 1'
- '#histogram 1173 1'
- '#histogram 1174 2'
- '#histogram 1183 1'
- '#histogram 1186 1'
- '#histogram 1191 1'
- '#histogram 1202 1'
- '#histogram 1232 1'
- '#histogram 1238 1'
- '#histogram 1239 1'
- '#histogram 1247 1'
- '#histogram 1602 1'
- ''
