code: 0
data:
  avg_latency: 0.118704
  histogram:
  - - 0
    - 0
  - - 1
    - 38
  - - 2
    - 161
  - - 3
    - 231
  - - 4
    - 257
  - - 5
    - 266
  - - 6
    - 272
  - - 7
    - 290
  - - 8
    - 299
  - - 9
    - 287
  - - 10
    - 319
  - - 11
    - 310
  - - 12
    - 327
  - - 13
    - 324
  - - 14
    - 290
  - - 15
    - 341
  - - 16
    - 352
  - - 17
    - 347
  - - 18
    - 381
  - - 19
    - 368
  - - 20
    - 339
  - - 21
    - 408
  - - 22
    - 431
  - - 23
    - 424
  - - 24
    - 441
  - - 25
    - 463
  - - 26
    - 432
  - - 27
    - 445
  - - 28
    - 459
  - - 29
    - 467
  - - 30
    - 467
  - - 31
    - 510
  - - 32
    - 467
  - - 33
    - 552
  - - 34
    - 542
  - - 35
    - 501
  - - 36
    - 529
  - - 37
    - 584
  - - 38
    - 589
  - - 39
    - 545
  - - 40
    - 582
  - - 41
    - 590
  - - 42
    - 616
  - - 43
    - 577
  - - 44
    - 570
  - - 45
    - 600
  - - 46
    - 623
  - - 47
    - 592
  - - 48
    - 610
  - - 49
    - 665
  - - 50
    - 693
  - - 51
    - 695
  - - 52
    - 675
  - - 53
    - 671
  - - 54
    - 643
  - - 55
    - 646
  - - 56
    - 674
  - - 57
    - 658
  - - 58
    - 713
  - - 59
    - 704
  - - 60
    - 704
  - - 61
    - 700
  - - 62
    - 736
  - - 63
    - 752
  - - 64
    - 729
  - - 65
    - 774
  - - 66
    - 751
  - - 67
    - 669
  - - 68
    - 718
  - - 69
    - 758
  - - 70
    - 728
  - - 71
    - 752
  - - 72
    - 758
  - - 73
    - 736
  - - 74
    - 704
  - - 75
    - 711
  - - 76
    - 698
  - - 77
    - 756
  - - 78
    - 724
  - - 79
    - 715
  - - 80
    - 743
  - - 81
    - 675
  - - 82
    - 676
  - - 83
    - 653
  - - 84
    - 635
  - - 85
    - 655
  - - 86
    - 707
  - - 87
    - 669
  - - 88
    - 680
  - - 89
    - 672
  - - 90
    - 708
  - - 91
    - 687
  - - 92
    - 647
  - - 93
    - 680
  - - 94
    - 631
  - - 95
    - 629
  - - 96
    - 639
  - - 97
    - 594
  - - 98
    - 668
  - - 99
    - 611
  - - 100
    - 603
  - - 101
    - 614
  - - 102
    - 612
  - - 103
    - 631
  - - 104
    - 631
  - - 105
    - 566
  - - 106
    - 580
  - - 107
    - 535
  - - 108
    - 522
  - - 109
    - 502
  - - 110
    - 488
  - - 111
    - 529
  - - 112
    - 524
  - - 113
    - 530
  - - 114
    - 571
  - - 115
    - 459
  - - 116
    - 480
  - - 117
    - 495
  - - 118
    - 474
  - - 119
    - 453
  - - 120
    - 477
  - - 121
    - 504
  - - 122
    - 426
  - - 123
    - 453
  - - 124
    - 447
  - - 125
    - 481
  - - 126
    - 426
  - - 127
    - 416
  - - 128
    - 441
  - - 129
    - 430
  - - 130
    - 441
  - - 131
    - 386
  - - 132
    - 391
  - - 133
    - 372
  - - 134
    - 390
  - - 135
    - 378
  - - 136
    - 366
  - - 137
    - 346
  - - 138
    - 393
  - - 139
    - 361
  - - 140
    - 338
  - - 141
    - 359
  - - 142
    - 345
  - - 143
    - 351
  - - 144
    - 375
  - - 145
    - 329
  - - 146
    - 339
  - - 147
    - 305
  - - 148
    - 330
  - - 149
    - 296
  - - 150
    - 322
  - - 151
    - 279
  - - 152
    - 299
  - - 153
    - 295
  - - 154
    - 331
  - - 155
    - 281
  - - 156
    - 312
  - - 157
    - 302
  - - 158
    - 275
  - - 159
    - 247
  - - 160
    - 252
  - - 161
    - 230
  - - 162
    - 246
  - - 163
    - 266
  - - 164
    - 259
  - - 165
    - 211
  - - 166
    - 229
  - - 167
    - 274
  - - 168
    - 226
  - - 169
    - 226
  - - 170
    - 205
  - - 171
    - 213
  - - 172
    - 219
  - - 173
    - 203
  - - 174
    - 217
  - - 175
    - 204
  - - 176
    - 183
  - - 177
    - 194
  - - 178
    - 186
  - - 179
    - 182
  - - 180
    - 174
  - - 181
    - 177
  - - 182
    - 189
  - - 183
    - 170
  - - 184
    - 166
  - - 185
    - 194
  - - 186
    - 159
  - - 187
    - 175
  - - 188
    - 168
  - - 189
    - 160
  - - 190
    - 143
  - - 191
    - 150
  - - 192
    - 143
  - - 193
    - 147
  - - 194
    - 151
  - - 195
    - 155
  - - 196
    - 136
  - - 197
    - 133
  - - 198
    - 149
  - - 199
    - 117
  - - 200
    - 120
  - - 201
    - 127
  - - 202
    - 129
  - - 203
    - 118
  - - 204
    - 117
  - - 205
    - 125
  - - 206
    - 99
  - - 207
    - 120
  - - 208
    - 111
  - - 209
    - 123
  - - 210
    - 102
  - - 211
    - 109
  - - 212
    - 109
  - - 213
    - 120
  - - 214
    - 96
  - - 215
    - 82
  - - 216
    - 97
  - - 217
    - 93
  - - 218
    - 97
  - - 219
    - 95
  - - 220
    - 94
  - - 221
    - 94
  - - 222
    - 100
  - - 223
    - 102
  - - 224
    - 76
  - - 225
    - 80
  - - 226
    - 84
  - - 227
    - 91
  - - 228
    - 86
  - - 229
    - 79
  - - 230
    - 84
  - - 231
    - 79
  - - 232
    - 63
  - - 233
    - 78
  - - 234
    - 61
  - - 235
    - 72
  - - 236
    - 74
  - - 237
    - 68
  - - 238
    - 70
  - - 239
    - 69
  - - 240
    - 78
  - - 241
    - 71
  - - 242
    - 63
  - - 243
    - 58
  - - 244
    - 57
  - - 245
    - 49
  - - 246
    - 71
  - - 247
    - 68
  - - 248
    - 51
  - - 249
    - 54
  - - 250
    - 61
  - - 251
    - 54
  - - 252
    - 47
  - - 253
    - 43
  - - 254
    - 54
  - - 255
    - 54
  - - 256
    - 52
  - - 257
    - 51
  - - 258
    - 38
  - - 259
    - 65
  - - 260
    - 47
  - - 261
    - 39
  - - 262
    - 45
  - - 263
    - 61
  - - 264
    - 43
  - - 265
    - 54
  - - 266
    - 43
  - - 267
    - 59
  - - 268
    - 57
  - - 269
    - 42
  - - 270
    - 47
  - - 271
    - 44
  - - 272
    - 36
  - - 273
    - 41
  - - 274
    - 47
  - - 275
    - 38
  - - 276
    - 47
  - - 277
    - 43
  - - 278
    - 54
  - - 279
    - 36
  - - 280
    - 48
  - - 281
    - 41
  - - 282
    - 36
  - - 283
    - 49
  - - 284
    - 51
  - - 285
    - 25
  - - 286
    - 46
  - - 287
    - 40
  - - 288
    - 36
  - - 289
    - 33
  - - 290
    - 30
  - - 291
    - 29
  - - 292
    - 39
  - - 293
    - 40
  - - 294
    - 36
  - - 295
    - 31
  - - 296
    - 27
  - - 297
    - 33
  - - 298
    - 32
  - - 299
    - 56
  - - 300
    - 42
  - - 301
    - 29
  - - 302
    - 28
  - - 303
    - 28
  - - 304
    - 34
  - - 305
    - 31
  - - 306
    - 30
  - - 307
    - 32
  - - 308
    - 26
  - - 309
    - 26
  - - 310
    - 29
  - - 311
    - 28
  - - 312
    - 32
  - - 313
    - 36
  - - 314
    - 27
  - - 315
    - 20
  - - 316
    - 32
  - - 317
    - 22
  - - 318
    - 21
  - - 319
    - 20
  - - 320
    - 29
  - - 321
    - 22
  - - 322
    - 22
  - - 323
    - 25
  - - 324
    - 23
  - - 325
    - 24
  - - 326
    - 31
  - - 327
    - 24
  - - 328
    - 29
  - - 329
    - 38
  - - 330
    - 24
  - - 331
    - 27
  - - 332
    - 26
  - - 333
    - 31
  - - 334
    - 17
  - - 335
    - 28
  - - 336
    - 35
  - - 337
    - 26
  - - 338
    - 25
  - - 339
    - 19
  - - 340
    - 25
  - - 341
    - 25
  - - 342
    - 20
  - - 343
    - 23
  - - 344
    - 18
  - - 345
    - 29
  - - 346
    - 26
  - - 347
    - 24
  - - 348
    - 19
  - - 349
    - 26
  - - 350
    - 33
  - - 351
    - 16
  - - 352
    - 25
  - - 353
    - 18
  - - 354
    - 24
  - - 355
    - 26
  - - 356
    - 14
  - - 357
    - 20
  - - 358
    - 18
  - - 359
    - 28
  - - 360
    - 26
  - - 361
    - 20
  - - 362
    - 21
  - - 363
    - 23
  - - 364
    - 20
  - - 365
    - 17
  - - 366
    - 21
  - - 367
    - 18
  - - 368
    - 15
  - - 369
    - 25
  - - 370
    - 19
  - - 371
    - 23
  - - 372
    - 22
  - - 373
    - 16
  - - 374
    - 11
  - - 375
    - 19
  - - 376
    - 22
  - - 377
    - 22
  - - 378
    - 23
  - - 379
    - 28
  - - 380
    - 21
  - - 381
    - 18
  - - 382
    - 24
  - - 383
    - 17
  - - 384
    - 19
  - - 385
    - 14
  - - 386
    - 17
  - - 387
    - 16
  - - 388
    - 20
  - - 389
    - 15
  - - 390
    - 17
  - - 391
    - 20
  - - 392
    - 18
  - - 393
    - 19
  - - 394
    - 21
  - - 395
    - 13
  - - 396
    - 20
  - - 397
    - 12
  - - 398
    - 26
  - - 399
    - 15
  - - 400
    - 17
  - - 401
    - 18
  - - 402
    - 20
  - - 403
    - 17
  - - 404
    - 17
  - - 405
    - 27
  - - 406
    - 15
  - - 407
    - 24
  - - 408
    - 27
  - - 409
    - 20
  - - 410
    - 17
  - - 411
    - 14
  - - 412
    - 24
  - - 413
    - 12
  - - 414
    - 23
  - - 415
    - 14
  - - 416
    - 15
  - - 417
    - 24
  - - 418
    - 12
  - - 419
    - 21
  - - 420
    - 9
  - - 421
    - 9
  - - 422
    - 20
  - - 423
    - 11
  - - 424
    - 16
  - - 425
    - 17
  - - 426
    - 23
  - - 427
    - 11
  - - 428
    - 15
  - - 429
    - 14
  - - 430
    - 22
  - - 431
    - 11
  - - 432
    - 18
  - - 433
    - 13
  - - 434
    - 15
  - - 435
    - 16
  - - 436
    - 17
  - - 437
    - 12
  - - 438
    - 13
  - - 439
    - 10
  - - 440
    - 21
  - - 441
    - 13
  - - 442
    - 21
  - - 443
    - 18
  - - 444
    - 9
  - - 445
    - 19
  - - 446
    - 19
  - - 447
    - 14
  - - 448
    - 13
  - - 449
    - 16
  - - 450
    - 12
  - - 451
    - 18
  - - 452
    - 15
  - - 453
    - 18
  - - 454
    - 20
  - - 455
    - 20
  - - 456
    - 13
  - - 457
    - 9
  - - 458
    - 11
  - - 459
    - 10
  - - 460
    - 14
  - - 461
    - 14
  - - 462
    - 16
  - - 463
    - 14
  - - 464
    - 18
  - - 465
    - 25
  - - 466
    - 11
  - - 467
    - 16
  - - 468
    - 8
  - - 469
    - 12
  - - 470
    - 16
  - - 471
    - 10
  - - 472
    - 12
  - - 473
    - 13
  - - 474
    - 16
  - - 475
    - 15
  - - 476
    - 13
  - - 477
    - 11
  - - 478
    - 19
  - - 479
    - 13
  - - 480
    - 17
  - - 481
    - 14
  - - 482
    - 22
  - - 483
    - 7
  - - 484
    - 17
  - - 485
    - 11
  - - 486
    - 17
  - - 487
    - 7
  - - 488
    - 14
  - - 489
    - 17
  - - 490
    - 11
  - - 491
    - 15
  - - 492
    - 5
  - - 493
    - 15
  - - 494
    - 19
  - - 495
    - 17
  - - 496
    - 14
  - - 497
    - 6
  - - 498
    - 15
  - - 499
    - 11
  - - 500
    - 13
  - - 501
    - 16
  - - 502
    - 19
  - - 503
    - 11
  - - 504
    - 10
  - - 505
    - 14
  - - 506
    - 14
  - - 507
    - 15
  - - 508
    - 21
  - - 509
    - 6
  - - 510
    - 6
  - - 511
    - 3
  - - 512
    - 8
  - - 513
    - 9
  - - 514
    - 9
  - - 515
    - 13
  - - 516
    - 14
  - - 517
    - 7
  - - 518
    - 5
  - - 519
    - 12
  - - 520
    - 18
  - - 521
    - 8
  - - 522
    - 16
  - - 523
    - 8
  - - 524
    - 13
  - - 525
    - 9
  - - 526
    - 11
  - - 527
    - 9
  - - 528
    - 7
  - - 529
    - 12
  - - 530
    - 8
  - - 531
    - 19
  - - 532
    - 8
  - - 533
    - 12
  - - 534
    - 4
  - - 535
    - 10
  - - 536
    - 8
  - - 537
    - 9
  - - 538
    - 10
  - - 539
    - 19
  - - 540
    - 11
  - - 541
    - 14
  - - 542
    - 6
  - - 543
    - 10
  - - 544
    - 8
  - - 545
    - 9
  - - 546
    - 8
  - - 547
    - 4
  - - 548
    - 12
  - - 549
    - 14
  - - 550
    - 8
  - - 551
    - 14
  - - 552
    - 8
  - - 553
    - 6
  - - 554
    - 5
  - - 555
    - 8
  - - 556
    - 8
  - - 557
    - 9
  - - 558
    - 13
  - - 559
    - 11
  - - 560
    - 8
  - - 561
    - 10
  - - 562
    - 15
  - - 563
    - 11
  - - 564
    - 8
  - - 565
    - 6
  - - 566
    - 8
  - - 567
    - 2
  - - 568
    - 11
  - - 569
    - 7
  - - 570
    - 13
  - - 571
    - 9
  - - 572
    - 7
  - - 573
    - 9
  - - 574
    - 8
  - - 575
    - 10
  - - 576
    - 12
  - - 577
    - 4
  - - 578
    - 8
  - - 579
    - 5
  - - 580
    - 2
  - - 581
    - 8
  - - 582
    - 9
  - - 583
    - 6
  - - 584
    - 7
  - - 585
    - 6
  - - 586
    - 11
  - - 587
    - 5
  - - 588
    - 6
  - - 589
    - 11
  - - 590
    - 8
  - - 591
    - 5
  - - 592
    - 4
  - - 593
    - 6
  - - 594
    - 7
  - - 595
    - 8
  - - 596
    - 5
  - - 597
    - 6
  - - 598
    - 7
  - - 599
    - 8
  - - 600
    - 7
  - - 601
    - 7
  - - 602
    - 11
  - - 603
    - 7
  - - 604
    - 5
  - - 605
    - 5
  - - 606
    - 10
  - - 607
    - 3
  - - 608
    - 3
  - - 609
    - 1
  - - 610
    - 8
  - - 611
    - 7
  - - 612
    - 14
  - - 613
    - 5
  - - 614
    - 9
  - - 615
    - 2
  - - 616
    - 3
  - - 617
    - 4
  - - 618
    - 6
  - - 619
    - 4
  - - 620
    - 5
  - - 621
    - 6
  - - 622
    - 2
  - - 623
    - 6
  - - 624
    - 5
  - - 625
    - 5
  - - 626
    - 1
  - - 627
    - 4
  - - 628
    - 4
  - - 629
    - 4
  - - 630
    - 6
  - - 631
    - 11
  - - 632
    - 6
  - - 633
    - 3
  - - 634
    - 5
  - - 635
    - 11
  - - 636
    - 3
  - - 637
    - 5
  - - 638
    - 8
  - - 639
    - 4
  - - 640
    - 9
  - - 641
    - 7
  - - 642
    - 2
  - - 643
    - 1
  - - 644
    - 7
  - - 645
    - 6
  - - 646
    - 1
  - - 647
    - 1
  - - 648
    - 3
  - - 649
    - 6
  - - 650
    - 3
  - - 651
    - 7
  - - 652
    - 2
  - - 653
    - 4
  - - 654
    - 4
  - - 655
    - 4
  - - 656
    - 2
  - - 657
    - 4
  - - 658
    - 6
  - - 659
    - 3
  - - 660
    - 4
  - - 661
    - 5
  - - 662
    - 3
  - - 663
    - 4
  - - 664
    - 6
  - - 665
    - 6
  - - 666
    - 5
  - - 667
    - 4
  - - 668
    - 3
  - - 669
    - 5
  - - 670
    - 5
  - - 671
    - 2
  - - 672
    - 5
  - - 673
    - 11
  - - 674
    - 4
  - - 675
    - 4
  - - 676
    - 1
  - - 677
    - 8
  - - 678
    - 3
  - - 679
    - 6
  - - 680
    - 4
  - - 681
    - 4
  - - 682
    - 5
  - - 683
    - 2
  - - 684
    - 6
  - - 685
    - 1
  - - 686
    - 3
  - - 687
    - 3
  - - 688
    - 6
  - - 689
    - 5
  - - 690
    - 5
  - - 691
    - 3
  - - 692
    - 6
  - - 693
    - 3
  - - 694
    - 2
  - - 695
    - 5
  - - 696
    - 3
  - - 697
    - 5
  - - 698
    - 6
  - - 699
    - 3
  - - 700
    - 1
  - - 701
    - 4
  - - 702
    - 4
  - - 703
    - 3
  - - 704
    - 3
  - - 705
    - 4
  - - 706
    - 7
  - - 707
    - 5
  - - 708
    - 5
  - - 709
    - 3
  - - 710
    - 7
  - - 711
    - 1
  - - 712
    - 3
  - - 713
    - 3
  - - 714
    - 4
  - - 715
    - 2
  - - 716
    - 3
  - - 717
    - 4
  - - 718
    - 2
  - - 720
    - 2
  - - 722
    - 3
  - - 725
    - 2
  - - 726
    - 3
  - - 727
    - 1
  - - 728
    - 2
  - - 729
    - 2
  - - 731
    - 2
  - - 732
    - 8
  - - 733
    - 3
  - - 734
    - 5
  - - 735
    - 5
  - - 736
    - 3
  - - 737
    - 1
  - - 738
    - 4
  - - 739
    - 7
  - - 740
    - 2
  - - 741
    - 1
  - - 742
    - 3
  - - 743
    - 3
  - - 744
    - 7
  - - 745
    - 4
  - - 746
    - 1
  - - 747
    - 2
  - - 748
    - 1
  - - 750
    - 3
  - - 751
    - 1
  - - 752
    - 2
  - - 756
    - 2
  - - 757
    - 2
  - - 758
    - 1
  - - 759
    - 2
  - - 761
    - 1
  - - 762
    - 3
  - - 763
    - 4
  - - 764
    - 3
  - - 765
    - 5
  - - 766
    - 1
  - - 769
    - 2
  - - 770
    - 1
  - - 772
    - 2
  - - 773
    - 2
  - - 774
    - 2
  - - 776
    - 5
  - - 777
    - 1
  - - 780
    - 1
  - - 781
    - 2
  - - 782
    - 1
  - - 783
    - 1
  - - 784
    - 2
  - - 786
    - 2
  - - 789
    - 3
  - - 790
    - 1
  - - 791
    - 1
  - - 792
    - 1
  - - 793
    - 1
  - - 794
    - 5
  - - 796
    - 1
  - - 797
    - 2
  - - 798
    - 1
  - - 799
    - 2
  - - 801
    - 2
  - - 808
    - 1
  - - 809
    - 2
  - - 810
    - 4
  - - 811
    - 1
  - - 815
    - 1
  - - 817
    - 1
  - - 819
    - 2
  - - 820
    - 1
  - - 823
    - 1
  - - 824
    - 1
  - - 825
    - 1
  - - 826
    - 2
  - - 827
    - 1
  - - 828
    - 1
  - - 829
    - 2
  - - 830
    - 1
  - - 831
    - 2
  - - 832
    - 2
  - - 833
    - 1
  - - 834
    - 2
  - - 835
    - 1
  - - 836
    - 1
  - - 838
    - 2
  - - 839
    - 1
  - - 840
    - 2
  - - 841
    - 1
  - - 842
    - 1
  - - 843
    - 1
  - - 845
    - 1
  - - 846
    - 2
  - - 848
    - 1
  - - 851
    - 1
  - - 854
    - 2
  - - 855
    - 1
  - - 856
    - 2
  - - 857
    - 1
  - - 858
    - 1
  - - 863
    - 1
  - - 865
    - 1
  - - 866
    - 2
  - - 867
    - 2
  - - 871
    - 3
  - - 872
    - 1
  - - 873
    - 1
  - - 876
    - 1
  - - 877
    - 2
  - - 880
    - 1
  - - 883
    - 1
  - - 884
    - 1
  - - 886
    - 1
  - - 889
    - 1
  - - 894
    - 1
  - - 896
    - 2
  - - 897
    - 1
  - - 901
    - 1
  - - 904
    - 2
  - - 905
    - 1
  - - 906
    - 1
  - - 907
    - 1
  - - 908
    - 1
  - - 913
    - 1
  - - 916
    - 1
  - - 917
    - 2
  - - 918
    - 1
  - - 919
    - 2
  - - 921
    - 1
  - - 922
    - 1
  - - 923
    - 2
  - - 925
    - 2
  - - 928
    - 1
  - - 929
    - 1
  - - 931
    - 1
  - - 935
    - 1
  - - 936
    - 1
  - - 937
    - 2
  - - 939
    - 1
  - - 940
    - 1
  - - 943
    - 1
  - - 945
    - 1
  - - 948
    - 1
  - - 961
    - 1
  - - 970
    - 1
  - - 971
    - 1
  - - 975
    - 1
  - - 976
    - 2
  - - 977
    - 1
  - - 978
    - 1
  - - 982
    - 1
  - - 983
    - 1
  - - 984
    - 2
  - - 988
    - 2
  - - 993
    - 2
  - - 994
    - 1
  - - 1000
    - 1
  - - 1002
    - 1
  - - 1003
    - 2
  - - 1008
    - 1
  - - 1011
    - 1
  - - 1018
    - 1
  - - 1021
    - 1
  - - 1022
    - 1
  - - 1023
    - 2
  - - 1024
    - 1
  - - 1025
    - 2
  - - 1048
    - 1
  - - 1049
    - 2
  - - 1054
    - 1
  - - 1055
    - 1
  - - 1056
    - 1
  - - 1057
    - 1
  - - 1058
    - 2
  - - 1067
    - 2
  - - 1072
    - 1
  - - 1073
    - 1
  - - 1076
    - 1
  - - 1078
    - 2
  - - 1082
    - 1
  - - 1083
    - 1
  - - 1084
    - 1
  - - 1087
    - 1
  - - 1089
    - 1
  - - 1091
    - 2
  - - 1094
    - 1
  - - 1100
    - 1
  - - 1101
    - 1
  - - 1106
    - 1
  - - 1126
    - 1
  - - 1128
    - 1
  - - 1140
    - 1
  - - 1175
    - 1
  - - 1207
    - 1
  - - 1215
    - 1
  - - 1225
    - 1
  - - 1232
    - 1
  - - 1246
    - 1
  - - 1270
    - 1
  - - 1506
    - 1
  - - 1550
    - 1
  - - 1622
    - 1
  - - 1761
    - 1
  latency_50_percentile: 91.0
  latency_95_percentile: 322.0
  latency_99_5_percentile: 673.0
  latency_99_percentile: 581.0
  max_kubedns_cpu: 732
  max_kubedns_memory: 30
  max_latency: 1.761799
  max_perfserver_cpu: 0
  max_perfserver_memory: 0
  min_latency: 0.001154
  msg: null
  ok: true
  qps: 840.958494
  queries_completed: 100990
  queries_lost: 0
  queries_sent: 100990
  run_time: 120.089161
  stddev_latency: 0.108469
params:
  max_qps: null
  pod_name: dns-perf-client-858fb7568b-tt9qp
  query_file: all-queries.txt
  run_id: 1777618106
  run_length_seconds: 120
  run_subid: 0
stderr:
- ''
stdout:
- DNS Performance Testing Tool
- Nominum Version 2.1.0.0
- ''
- '[Status] Command line: dnsperf -s 10.0.0.10 -l 120 -d /queries/all-queries.txt'
- '[Status] Sending queries (to 10.0.0.10)'
- '[Status] Started at: Fri May  1 06:49:14 2026'
- '[Status] Stopping after 120.000000 seconds'
- '[Status] Testing complete (time limit)'
- ''
- 'Statistics:'
- ''
- '  Queries sent:         100990'
- '  Queries completed:    100990 (100.00%)'
- '  Queries lost:         0 (0.00%)'
- ''
- '  Response codes:       NOERROR 12118 (12.00%), NXDOMAIN 88872 (88.00%)'
- '  Average packet size:  request 39, response 122'
- '  Run time (s):         120.089161'
- '  Queries per second:   840.958494'
- ''
- '  Average Latency (s):  0.118704 (min 0.001154, max 1.761799)'
- '  Latency StdDev (s):   0.108469'
- ''
- '  Latency histogram'
- '#histogram 0 0'
- '#histogram 1 38'
- '#histogram 2 161'
- '#histogram 3 231'
- '#histogram 4 257'
- '#histogram 5 266'
- '#histogram 6 272'
- '#histogram 7 290'
- '#histogram 8 299'
- '#histogram 9 287'
- '#histogram 10 319'
- '#histogram 11 310'
- '#histogram 12 327'
- '#histogram 13 324'
- '#histogram 14 290'
- '#histogram 15 341'
- '#histogram 16 352'
- '#histogram 17 347'
- '#histogram 18 381'
- '#histogram 19 368'
- '#histogram 20 339'
- '#histogram 21 408'
- '#histogram 22 431'
- '#histogram 23 424'
- '#histogram 24 441'
- '#histogram 25 463'
- '#histogram 26 432'
- '#histogram 27 445'
- '#histogram 28 459'
- '#histogram 29 467'
- '#histogram 30 467'
- '#histogram 31 510'
- '#histogram 32 467'
- '#histogram 33 552'
- '#histogram 34 542'
- '#histogram 35 501'
- '#histogram 36 529'
- '#histogram 37 584'
- '#histogram 38 589'
- '#histogram 39 545'
- '#histogram 40 582'
- '#histogram 41 590'
- '#histogram 42 616'
- '#histogram 43 577'
- '#histogram 44 570'
- '#histogram 45 600'
- '#histogram 46 623'
- '#histogram 47 592'
- '#histogram 48 610'
- '#histogram 49 665'
- '#histogram 50 693'
- '#histogram 51 695'
- '#histogram 52 675'
- '#histogram 53 671'
- '#histogram 54 643'
- '#histogram 55 646'
- '#histogram 56 674'
- '#histogram 57 658'
- '#histogram 58 713'
- '#histogram 59 704'
- '#histogram 60 704'
- '#histogram 61 700'
- '#histogram 62 736'
- '#histogram 63 752'
- '#histogram 64 729'
- '#histogram 65 774'
- '#histogram 66 751'
- '#histogram 67 669'
- '#histogram 68 718'
- '#histogram 69 758'
- '#histogram 70 728'
- '#histogram 71 752'
- '#histogram 72 758'
- '#histogram 73 736'
- '#histogram 74 704'
- '#histogram 75 711'
- '#histogram 76 698'
- '#histogram 77 756'
- '#histogram 78 724'
- '#histogram 79 715'
- '#histogram 80 743'
- '#histogram 81 675'
- '#histogram 82 676'
- '#histogram 83 653'
- '#histogram 84 635'
- '#histogram 85 655'
- '#histogram 86 707'
- '#histogram 87 669'
- '#histogram 88 680'
- '#histogram 89 672'
- '#histogram 90 708'
- '#histogram 91 687'
- '#histogram 92 647'
- '#histogram 93 680'
- '#histogram 94 631'
- '#histogram 95 629'
- '#histogram 96 639'
- '#histogram 97 594'
- '#histogram 98 668'
- '#histogram 99 611'
- '#histogram 100 603'
- '#histogram 101 614'
- '#histogram 102 612'
- '#histogram 103 631'
- '#histogram 104 631'
- '#histogram 105 566'
- '#histogram 106 580'
- '#histogram 107 535'
- '#histogram 108 522'
- '#histogram 109 502'
- '#histogram 110 488'
- '#histogram 111 529'
- '#histogram 112 524'
- '#histogram 113 530'
- '#histogram 114 571'
- '#histogram 115 459'
- '#histogram 116 480'
- '#histogram 117 495'
- '#histogram 118 474'
- '#histogram 119 453'
- '#histogram 120 477'
- '#histogram 121 504'
- '#histogram 122 426'
- '#histogram 123 453'
- '#histogram 124 447'
- '#histogram 125 481'
- '#histogram 126 426'
- '#histogram 127 416'
- '#histogram 128 441'
- '#histogram 129 430'
- '#histogram 130 441'
- '#histogram 131 386'
- '#histogram 132 391'
- '#histogram 133 372'
- '#histogram 134 390'
- '#histogram 135 378'
- '#histogram 136 366'
- '#histogram 137 346'
- '#histogram 138 393'
- '#histogram 139 361'
- '#histogram 140 338'
- '#histogram 141 359'
- '#histogram 142 345'
- '#histogram 143 351'
- '#histogram 144 375'
- '#histogram 145 329'
- '#histogram 146 339'
- '#histogram 147 305'
- '#histogram 148 330'
- '#histogram 149 296'
- '#histogram 150 322'
- '#histogram 151 279'
- '#histogram 152 299'
- '#histogram 153 295'
- '#histogram 154 331'
- '#histogram 155 281'
- '#histogram 156 312'
- '#histogram 157 302'
- '#histogram 158 275'
- '#histogram 159 247'
- '#histogram 160 252'
- '#histogram 161 230'
- '#histogram 162 246'
- '#histogram 163 266'
- '#histogram 164 259'
- '#histogram 165 211'
- '#histogram 166 229'
- '#histogram 167 274'
- '#histogram 168 226'
- '#histogram 169 226'
- '#histogram 170 205'
- '#histogram 171 213'
- '#histogram 172 219'
- '#histogram 173 203'
- '#histogram 174 217'
- '#histogram 175 204'
- '#histogram 176 183'
- '#histogram 177 194'
- '#histogram 178 186'
- '#histogram 179 182'
- '#histogram 180 174'
- '#histogram 181 177'
- '#histogram 182 189'
- '#histogram 183 170'
- '#histogram 184 166'
- '#histogram 185 194'
- '#histogram 186 159'
- '#histogram 187 175'
- '#histogram 188 168'
- '#histogram 189 160'
- '#histogram 190 143'
- '#histogram 191 150'
- '#histogram 192 143'
- '#histogram 193 147'
- '#histogram 194 151'
- '#histogram 195 155'
- '#histogram 196 136'
- '#histogram 197 133'
- '#histogram 198 149'
- '#histogram 199 117'
- '#histogram 200 120'
- '#histogram 201 127'
- '#histogram 202 129'
- '#histogram 203 118'
- '#histogram 204 117'
- '#histogram 205 125'
- '#histogram 206 99'
- '#histogram 207 120'
- '#histogram 208 111'
- '#histogram 209 123'
- '#histogram 210 102'
- '#histogram 211 109'
- '#histogram 212 109'
- '#histogram 213 120'
- '#histogram 214 96'
- '#histogram 215 82'
- '#histogram 216 97'
- '#histogram 217 93'
- '#histogram 218 97'
- '#histogram 219 95'
- '#histogram 220 94'
- '#histogram 221 94'
- '#histogram 222 100'
- '#histogram 223 102'
- '#histogram 224 76'
- '#histogram 225 80'
- '#histogram 226 84'
- '#histogram 227 91'
- '#histogram 228 86'
- '#histogram 229 79'
- '#histogram 230 84'
- '#histogram 231 79'
- '#histogram 232 63'
- '#histogram 233 78'
- '#histogram 234 61'
- '#histogram 235 72'
- '#histogram 236 74'
- '#histogram 237 68'
- '#histogram 238 70'
- '#histogram 239 69'
- '#histogram 240 78'
- '#histogram 241 71'
- '#histogram 242 63'
- '#histogram 243 58'
- '#histogram 244 57'
- '#histogram 245 49'
- '#histogram 246 71'
- '#histogram 247 68'
- '#histogram 248 51'
- '#histogram 249 54'
- '#histogram 250 61'
- '#histogram 251 54'
- '#histogram 252 47'
- '#histogram 253 43'
- '#histogram 254 54'
- '#histogram 255 54'
- '#histogram 256 52'
- '#histogram 257 51'
- '#histogram 258 38'
- '#histogram 259 65'
- '#histogram 260 47'
- '#histogram 261 39'
- '#histogram 262 45'
- '#histogram 263 61'
- '#histogram 264 43'
- '#histogram 265 54'
- '#histogram 266 43'
- '#histogram 267 59'
- '#histogram 268 57'
- '#histogram 269 42'
- '#histogram 270 47'
- '#histogram 271 44'
- '#histogram 272 36'
- '#histogram 273 41'
- '#histogram 274 47'
- '#histogram 275 38'
- '#histogram 276 47'
- '#histogram 277 43'
- '#histogram 278 54'
- '#histogram 279 36'
- '#histogram 280 48'
- '#histogram 281 41'
- '#histogram 282 36'
- '#histogram 283 49'
- '#histogram 284 51'
- '#histogram 285 25'
- '#histogram 286 46'
- '#histogram 287 40'
- '#histogram 288 36'
- '#histogram 289 33'
- '#histogram 290 30'
- '#histogram 291 29'
- '#histogram 292 39'
- '#histogram 293 40'
- '#histogram 294 36'
- '#histogram 295 31'
- '#histogram 296 27'
- '#histogram 297 33'
- '#histogram 298 32'
- '#histogram 299 56'
- '#histogram 300 42'
- '#histogram 301 29'
- '#histogram 302 28'
- '#histogram 303 28'
- '#histogram 304 34'
- '#histogram 305 31'
- '#histogram 306 30'
- '#histogram 307 32'
- '#histogram 308 26'
- '#histogram 309 26'
- '#histogram 310 29'
- '#histogram 311 28'
- '#histogram 312 32'
- '#histogram 313 36'
- '#histogram 314 27'
- '#histogram 315 20'
- '#histogram 316 32'
- '#histogram 317 22'
- '#histogram 318 21'
- '#histogram 319 20'
- '#histogram 320 29'
- '#histogram 321 22'
- '#histogram 322 22'
- '#histogram 323 25'
- '#histogram 324 23'
- '#histogram 325 24'
- '#histogram 326 31'
- '#histogram 327 24'
- '#histogram 328 29'
- '#histogram 329 38'
- '#histogram 330 24'
- '#histogram 331 27'
- '#histogram 332 26'
- '#histogram 333 31'
- '#histogram 334 17'
- '#histogram 335 28'
- '#histogram 336 35'
- '#histogram 337 26'
- '#histogram 338 25'
- '#histogram 339 19'
- '#histogram 340 25'
- '#histogram 341 25'
- '#histogram 342 20'
- '#histogram 343 23'
- '#histogram 344 18'
- '#histogram 345 29'
- '#histogram 346 26'
- '#histogram 347 24'
- '#histogram 348 19'
- '#histogram 349 26'
- '#histogram 350 33'
- '#histogram 351 16'
- '#histogram 352 25'
- '#histogram 353 18'
- '#histogram 354 24'
- '#histogram 355 26'
- '#histogram 356 14'
- '#histogram 357 20'
- '#histogram 358 18'
- '#histogram 359 28'
- '#histogram 360 26'
- '#histogram 361 20'
- '#histogram 362 21'
- '#histogram 363 23'
- '#histogram 364 20'
- '#histogram 365 17'
- '#histogram 366 21'
- '#histogram 367 18'
- '#histogram 368 15'
- '#histogram 369 25'
- '#histogram 370 19'
- '#histogram 371 23'
- '#histogram 372 22'
- '#histogram 373 16'
- '#histogram 374 11'
- '#histogram 375 19'
- '#histogram 376 22'
- '#histogram 377 22'
- '#histogram 378 23'
- '#histogram 379 28'
- '#histogram 380 21'
- '#histogram 381 18'
- '#histogram 382 24'
- '#histogram 383 17'
- '#histogram 384 19'
- '#histogram 385 14'
- '#histogram 386 17'
- '#histogram 387 16'
- '#histogram 388 20'
- '#histogram 389 15'
- '#histogram 390 17'
- '#histogram 391 20'
- '#histogram 392 18'
- '#histogram 393 19'
- '#histogram 394 21'
- '#histogram 395 13'
- '#histogram 396 20'
- '#histogram 397 12'
- '#histogram 398 26'
- '#histogram 399 15'
- '#histogram 400 17'
- '#histogram 401 18'
- '#histogram 402 20'
- '#histogram 403 17'
- '#histogram 404 17'
- '#histogram 405 27'
- '#histogram 406 15'
- '#histogram 407 24'
- '#histogram 408 27'
- '#histogram 409 20'
- '#histogram 410 17'
- '#histogram 411 14'
- '#histogram 412 24'
- '#histogram 413 12'
- '#histogram 414 23'
- '#histogram 415 14'
- '#histogram 416 15'
- '#histogram 417 24'
- '#histogram 418 12'
- '#histogram 419 21'
- '#histogram 420 9'
- '#histogram 421 9'
- '#histogram 422 20'
- '#histogram 423 11'
- '#histogram 424 16'
- '#histogram 425 17'
- '#histogram 426 23'
- '#histogram 427 11'
- '#histogram 428 15'
- '#histogram 429 14'
- '#histogram 430 22'
- '#histogram 431 11'
- '#histogram 432 18'
- '#histogram 433 13'
- '#histogram 434 15'
- '#histogram 435 16'
- '#histogram 436 17'
- '#histogram 437 12'
- '#histogram 438 13'
- '#histogram 439 10'
- '#histogram 440 21'
- '#histogram 441 13'
- '#histogram 442 21'
- '#histogram 443 18'
- '#histogram 444 9'
- '#histogram 445 19'
- '#histogram 446 19'
- '#histogram 447 14'
- '#histogram 448 13'
- '#histogram 449 16'
- '#histogram 450 12'
- '#histogram 451 18'
- '#histogram 452 15'
- '#histogram 453 18'
- '#histogram 454 20'
- '#histogram 455 20'
- '#histogram 456 13'
- '#histogram 457 9'
- '#histogram 458 11'
- '#histogram 459 10'
- '#histogram 460 14'
- '#histogram 461 14'
- '#histogram 462 16'
- '#histogram 463 14'
- '#histogram 464 18'
- '#histogram 465 25'
- '#histogram 466 11'
- '#histogram 467 16'
- '#histogram 468 8'
- '#histogram 469 12'
- '#histogram 470 16'
- '#histogram 471 10'
- '#histogram 472 12'
- '#histogram 473 13'
- '#histogram 474 16'
- '#histogram 475 15'
- '#histogram 476 13'
- '#histogram 477 11'
- '#histogram 478 19'
- '#histogram 479 13'
- '#histogram 480 17'
- '#histogram 481 14'
- '#histogram 482 22'
- '#histogram 483 7'
- '#histogram 484 17'
- '#histogram 485 11'
- '#histogram 486 17'
- '#histogram 487 7'
- '#histogram 488 14'
- '#histogram 489 17'
- '#histogram 490 11'
- '#histogram 491 15'
- '#histogram 492 5'
- '#histogram 493 15'
- '#histogram 494 19'
- '#histogram 495 17'
- '#histogram 496 14'
- '#histogram 497 6'
- '#histogram 498 15'
- '#histogram 499 11'
- '#histogram 500 13'
- '#histogram 501 16'
- '#histogram 502 19'
- '#histogram 503 11'
- '#histogram 504 10'
- '#histogram 505 14'
- '#histogram 506 14'
- '#histogram 507 15'
- '#histogram 508 21'
- '#histogram 509 6'
- '#histogram 510 6'
- '#histogram 511 3'
- '#histogram 512 8'
- '#histogram 513 9'
- '#histogram 514 9'
- '#histogram 515 13'
- '#histogram 516 14'
- '#histogram 517 7'
- '#histogram 518 5'
- '#histogram 519 12'
- '#histogram 520 18'
- '#histogram 521 8'
- '#histogram 522 16'
- '#histogram 523 8'
- '#histogram 524 13'
- '#histogram 525 9'
- '#histogram 526 11'
- '#histogram 527 9'
- '#histogram 528 7'
- '#histogram 529 12'
- '#histogram 530 8'
- '#histogram 531 19'
- '#histogram 532 8'
- '#histogram 533 12'
- '#histogram 534 4'
- '#histogram 535 10'
- '#histogram 536 8'
- '#histogram 537 9'
- '#histogram 538 10'
- '#histogram 539 19'
- '#histogram 540 11'
- '#histogram 541 14'
- '#histogram 542 6'
- '#histogram 543 10'
- '#histogram 544 8'
- '#histogram 545 9'
- '#histogram 546 8'
- '#histogram 547 4'
- '#histogram 548 12'
- '#histogram 549 14'
- '#histogram 550 8'
- '#histogram 551 14'
- '#histogram 552 8'
- '#histogram 553 6'
- '#histogram 554 5'
- '#histogram 555 8'
- '#histogram 556 8'
- '#histogram 557 9'
- '#histogram 558 13'
- '#histogram 559 11'
- '#histogram 560 8'
- '#histogram 561 10'
- '#histogram 562 15'
- '#histogram 563 11'
- '#histogram 564 8'
- '#histogram 565 6'
- '#histogram 566 8'
- '#histogram 567 2'
- '#histogram 568 11'
- '#histogram 569 7'
- '#histogram 570 13'
- '#histogram 571 9'
- '#histogram 572 7'
- '#histogram 573 9'
- '#histogram 574 8'
- '#histogram 575 10'
- '#histogram 576 12'
- '#histogram 577 4'
- '#histogram 578 8'
- '#histogram 579 5'
- '#histogram 580 2'
- '#histogram 581 8'
- '#histogram 582 9'
- '#histogram 583 6'
- '#histogram 584 7'
- '#histogram 585 6'
- '#histogram 586 11'
- '#histogram 587 5'
- '#histogram 588 6'
- '#histogram 589 11'
- '#histogram 590 8'
- '#histogram 591 5'
- '#histogram 592 4'
- '#histogram 593 6'
- '#histogram 594 7'
- '#histogram 595 8'
- '#histogram 596 5'
- '#histogram 597 6'
- '#histogram 598 7'
- '#histogram 599 8'
- '#histogram 600 7'
- '#histogram 601 7'
- '#histogram 602 11'
- '#histogram 603 7'
- '#histogram 604 5'
- '#histogram 605 5'
- '#histogram 606 10'
- '#histogram 607 3'
- '#histogram 608 3'
- '#histogram 609 1'
- '#histogram 610 8'
- '#histogram 611 7'
- '#histogram 612 14'
- '#histogram 613 5'
- '#histogram 614 9'
- '#histogram 615 2'
- '#histogram 616 3'
- '#histogram 617 4'
- '#histogram 618 6'
- '#histogram 619 4'
- '#histogram 620 5'
- '#histogram 621 6'
- '#histogram 622 2'
- '#histogram 623 6'
- '#histogram 624 5'
- '#histogram 625 5'
- '#histogram 626 1'
- '#histogram 627 4'
- '#histogram 628 4'
- '#histogram 629 4'
- '#histogram 630 6'
- '#histogram 631 11'
- '#histogram 632 6'
- '#histogram 633 3'
- '#histogram 634 5'
- '#histogram 635 11'
- '#histogram 636 3'
- '#histogram 637 5'
- '#histogram 638 8'
- '#histogram 639 4'
- '#histogram 640 9'
- '#histogram 641 7'
- '#histogram 642 2'
- '#histogram 643 1'
- '#histogram 644 7'
- '#histogram 645 6'
- '#histogram 646 1'
- '#histogram 647 1'
- '#histogram 648 3'
- '#histogram 649 6'
- '#histogram 650 3'
- '#histogram 651 7'
- '#histogram 652 2'
- '#histogram 653 4'
- '#histogram 654 4'
- '#histogram 655 4'
- '#histogram 656 2'
- '#histogram 657 4'
- '#histogram 658 6'
- '#histogram 659 3'
- '#histogram 660 4'
- '#histogram 661 5'
- '#histogram 662 3'
- '#histogram 663 4'
- '#histogram 664 6'
- '#histogram 665 6'
- '#histogram 666 5'
- '#histogram 667 4'
- '#histogram 668 3'
- '#histogram 669 5'
- '#histogram 670 5'
- '#histogram 671 2'
- '#histogram 672 5'
- '#histogram 673 11'
- '#histogram 674 4'
- '#histogram 675 4'
- '#histogram 676 1'
- '#histogram 677 8'
- '#histogram 678 3'
- '#histogram 679 6'
- '#histogram 680 4'
- '#histogram 681 4'
- '#histogram 682 5'
- '#histogram 683 2'
- '#histogram 684 6'
- '#histogram 685 1'
- '#histogram 686 3'
- '#histogram 687 3'
- '#histogram 688 6'
- '#histogram 689 5'
- '#histogram 690 5'
- '#histogram 691 3'
- '#histogram 692 6'
- '#histogram 693 3'
- '#histogram 694 2'
- '#histogram 695 5'
- '#histogram 696 3'
- '#histogram 697 5'
- '#histogram 698 6'
- '#histogram 699 3'
- '#histogram 700 1'
- '#histogram 701 4'
- '#histogram 702 4'
- '#histogram 703 3'
- '#histogram 704 3'
- '#histogram 705 4'
- '#histogram 706 7'
- '#histogram 707 5'
- '#histogram 708 5'
- '#histogram 709 3'
- '#histogram 710 7'
- '#histogram 711 1'
- '#histogram 712 3'
- '#histogram 713 3'
- '#histogram 714 4'
- '#histogram 715 2'
- '#histogram 716 3'
- '#histogram 717 4'
- '#histogram 718 2'
- '#histogram 720 2'
- '#histogram 722 3'
- '#histogram 725 2'
- '#histogram 726 3'
- '#histogram 727 1'
- '#histogram 728 2'
- '#histogram 729 2'
- '#histogram 731 2'
- '#histogram 732 8'
- '#histogram 733 3'
- '#histogram 734 5'
- '#histogram 735 5'
- '#histogram 736 3'
- '#histogram 737 1'
- '#histogram 738 4'
- '#histogram 739 7'
- '#histogram 740 2'
- '#histogram 741 1'
- '#histogram 742 3'
- '#histogram 743 3'
- '#histogram 744 7'
- '#histogram 745 4'
- '#histogram 746 1'
- '#histogram 747 2'
- '#histogram 748 1'
- '#histogram 750 3'
- '#histogram 751 1'
- '#histogram 752 2'
- '#histogram 756 2'
- '#histogram 757 2'
- '#histogram 758 1'
- '#histogram 759 2'
- '#histogram 761 1'
- '#histogram 762 3'
- '#histogram 763 4'
- '#histogram 764 3'
- '#histogram 765 5'
- '#histogram 766 1'
- '#histogram 769 2'
- '#histogram 770 1'
- '#histogram 772 2'
- '#histogram 773 2'
- '#histogram 774 2'
- '#histogram 776 5'
- '#histogram 777 1'
- '#histogram 780 1'
- '#histogram 781 2'
- '#histogram 782 1'
- '#histogram 783 1'
- '#histogram 784 2'
- '#histogram 786 2'
- '#histogram 789 3'
- '#histogram 790 1'
- '#histogram 791 1'
- '#histogram 792 1'
- '#histogram 793 1'
- '#histogram 794 5'
- '#histogram 796 1'
- '#histogram 797 2'
- '#histogram 798 1'
- '#histogram 799 2'
- '#histogram 801 2'
- '#histogram 808 1'
- '#histogram 809 2'
- '#histogram 810 4'
- '#histogram 811 1'
- '#histogram 815 1'
- '#histogram 817 1'
- '#histogram 819 2'
- '#histogram 820 1'
- '#histogram 823 1'
- '#histogram 824 1'
- '#histogram 825 1'
- '#histogram 826 2'
- '#histogram 827 1'
- '#histogram 828 1'
- '#histogram 829 2'
- '#histogram 830 1'
- '#histogram 831 2'
- '#histogram 832 2'
- '#histogram 833 1'
- '#histogram 834 2'
- '#histogram 835 1'
- '#histogram 836 1'
- '#histogram 838 2'
- '#histogram 839 1'
- '#histogram 840 2'
- '#histogram 841 1'
- '#histogram 842 1'
- '#histogram 843 1'
- '#histogram 845 1'
- '#histogram 846 2'
- '#histogram 848 1'
- '#histogram 851 1'
- '#histogram 854 2'
- '#histogram 855 1'
- '#histogram 856 2'
- '#histogram 857 1'
- '#histogram 858 1'
- '#histogram 863 1'
- '#histogram 865 1'
- '#histogram 866 2'
- '#histogram 867 2'
- '#histogram 871 3'
- '#histogram 872 1'
- '#histogram 873 1'
- '#histogram 876 1'
- '#histogram 877 2'
- '#histogram 880 1'
- '#histogram 883 1'
- '#histogram 884 1'
- '#histogram 886 1'
- '#histogram 889 1'
- '#histogram 894 1'
- '#histogram 896 2'
- '#histogram 897 1'
- '#histogram 901 1'
- '#histogram 904 2'
- '#histogram 905 1'
- '#histogram 906 1'
- '#histogram 907 1'
- '#histogram 908 1'
- '#histogram 913 1'
- '#histogram 916 1'
- '#histogram 917 2'
- '#histogram 918 1'
- '#histogram 919 2'
- '#histogram 921 1'
- '#histogram 922 1'
- '#histogram 923 2'
- '#histogram 925 2'
- '#histogram 928 1'
- '#histogram 929 1'
- '#histogram 931 1'
- '#histogram 935 1'
- '#histogram 936 1'
- '#histogram 937 2'
- '#histogram 939 1'
- '#histogram 940 1'
- '#histogram 943 1'
- '#histogram 945 1'
- '#histogram 948 1'
- '#histogram 961 1'
- '#histogram 970 1'
- '#histogram 971 1'
- '#histogram 975 1'
- '#histogram 976 2'
- '#histogram 977 1'
- '#histogram 978 1'
- '#histogram 982 1'
- '#histogram 983 1'
- '#histogram 984 2'
- '#histogram 988 2'
- '#histogram 993 2'
- '#histogram 994 1'
- '#histogram 1000 1'
- '#histogram 1002 1'
- '#histogram 1003 2'
- '#histogram 1008 1'
- '#histogram 1011 1'
- '#histogram 1018 1'
- '#histogram 1021 1'
- '#histogram 1022 1'
- '#histogram 1023 2'
- '#histogram 1024 1'
- '#histogram 1025 2'
- '#histogram 1048 1'
- '#histogram 1049 2'
- '#histogram 1054 1'
- '#histogram 1055 1'
- '#histogram 1056 1'
- '#histogram 1057 1'
- '#histogram 1058 2'
- '#histogram 1067 2'
- '#histogram 1072 1'
- '#histogram 1073 1'
- '#histogram 1076 1'
- '#histogram 1078 2'
- '#histogram 1082 1'
- '#histogram 1083 1'
- '#histogram 1084 1'
- '#histogram 1087 1'
- '#histogram 1089 1'
- '#histogram 1091 2'
- '#histogram 1094 1'
- '#histogram 1100 1'
- '#histogram 1101 1'
- '#histogram 1106 1'
- '#histogram 1126 1'
- '#histogram 1128 1'
- '#histogram 1140 1'
- '#histogram 1175 1'
- '#histogram 1207 1'
- '#histogram 1215 1'
- '#histogram 1225 1'
- '#histogram 1232 1'
- '#histogram 1246 1'
- '#histogram 1270 1'
- '#histogram 1506 1'
- '#histogram 1550 1'
- '#histogram 1622 1'
- '#histogram 1761 1'
- ''
