code: 0
data:
  avg_latency: 0.165655
  histogram:
  - - 0
    - 0
  - - 1
    - 90
  - - 2
    - 348
  - - 3
    - 522
  - - 4
    - 531
  - - 5
    - 592
  - - 6
    - 609
  - - 7
    - 638
  - - 8
    - 574
  - - 9
    - 585
  - - 10
    - 615
  - - 11
    - 590
  - - 12
    - 565
  - - 13
    - 626
  - - 14
    - 637
  - - 15
    - 622
  - - 16
    - 608
  - - 17
    - 634
  - - 18
    - 617
  - - 19
    - 665
  - - 20
    - 720
  - - 21
    - 683
  - - 22
    - 793
  - - 23
    - 722
  - - 24
    - 787
  - - 25
    - 771
  - - 26
    - 755
  - - 27
    - 821
  - - 28
    - 829
  - - 29
    - 848
  - - 30
    - 918
  - - 31
    - 898
  - - 32
    - 943
  - - 33
    - 926
  - - 34
    - 915
  - - 35
    - 1028
  - - 36
    - 947
  - - 37
    - 1055
  - - 38
    - 1054
  - - 39
    - 1021
  - - 40
    - 1082
  - - 41
    - 1050
  - - 42
    - 1154
  - - 43
    - 1017
  - - 44
    - 1077
  - - 45
    - 1120
  - - 46
    - 1181
  - - 47
    - 1204
  - - 48
    - 1187
  - - 49
    - 1179
  - - 50
    - 1145
  - - 51
    - 1174
  - - 52
    - 1186
  - - 53
    - 1205
  - - 54
    - 1264
  - - 55
    - 1218
  - - 56
    - 1249
  - - 57
    - 1222
  - - 58
    - 1234
  - - 59
    - 1310
  - - 60
    - 1287
  - - 61
    - 1173
  - - 62
    - 1210
  - - 63
    - 1332
  - - 64
    - 1231
  - - 65
    - 1284
  - - 66
    - 1301
  - - 67
    - 1281
  - - 68
    - 1301
  - - 69
    - 1263
  - - 70
    - 1245
  - - 71
    - 1250
  - - 72
    - 1223
  - - 73
    - 1284
  - - 74
    - 1242
  - - 75
    - 1327
  - - 76
    - 1291
  - - 77
    - 1252
  - - 78
    - 1228
  - - 79
    - 1182
  - - 80
    - 1254
  - - 81
    - 1227
  - - 82
    - 1197
  - - 83
    - 1259
  - - 84
    - 1211
  - - 85
    - 1143
  - - 86
    - 1103
  - - 87
    - 1180
  - - 88
    - 1119
  - - 89
    - 1083
  - - 90
    - 1131
  - - 91
    - 1109
  - - 92
    - 1101
  - - 93
    - 1107
  - - 94
    - 1106
  - - 95
    - 1083
  - - 96
    - 1066
  - - 97
    - 1077
  - - 98
    - 1020
  - - 99
    - 985
  - - 100
    - 1016
  - - 101
    - 1001
  - - 102
    - 1042
  - - 103
    - 927
  - - 104
    - 948
  - - 105
    - 926
  - - 106
    - 974
  - - 107
    - 963
  - - 108
    - 940
  - - 109
    - 924
  - - 110
    - 921
  - - 111
    - 955
  - - 112
    - 923
  - - 113
    - 861
  - - 114
    - 820
  - - 115
    - 884
  - - 116
    - 788
  - - 117
    - 786
  - - 118
    - 780
  - - 119
    - 769
  - - 120
    - 829
  - - 121
    - 723
  - - 122
    - 743
  - - 123
    - 788
  - - 124
    - 702
  - - 125
    - 727
  - - 126
    - 772
  - - 127
    - 745
  - - 128
    - 665
  - - 129
    - 589
  - - 130
    - 669
  - - 131
    - 638
  - - 132
    - 636
  - - 133
    - 667
  - - 134
    - 648
  - - 135
    - 634
  - - 136
    - 573
  - - 137
    - 629
  - - 138
    - 593
  - - 139
    - 560
  - - 140
    - 573
  - - 141
    - 590
  - - 142
    - 567
  - - 143
    - 501
  - - 144
    - 529
  - - 145
    - 559
  - - 146
    - 538
  - - 147
    - 493
  - - 148
    - 509
  - - 149
    - 461
  - - 150
    - 481
  - - 151
    - 503
  - - 152
    - 500
  - - 153
    - 471
  - - 154
    - 449
  - - 155
    - 485
  - - 156
    - 456
  - - 157
    - 430
  - - 158
    - 443
  - - 159
    - 412
  - - 160
    - 436
  - - 161
    - 398
  - - 162
    - 368
  - - 163
    - 394
  - - 164
    - 392
  - - 165
    - 380
  - - 166
    - 405
  - - 167
    - 389
  - - 168
    - 337
  - - 169
    - 363
  - - 170
    - 351
  - - 171
    - 376
  - - 172
    - 333
  - - 173
    - 311
  - - 174
    - 324
  - - 175
    - 328
  - - 176
    - 287
  - - 177
    - 309
  - - 178
    - 318
  - - 179
    - 288
  - - 180
    - 297
  - - 181
    - 310
  - - 182
    - 293
  - - 183
    - 271
  - - 184
    - 247
  - - 185
    - 304
  - - 186
    - 290
  - - 187
    - 266
  - - 188
    - 252
  - - 189
    - 256
  - - 190
    - 258
  - - 191
    - 238
  - - 192
    - 209
  - - 193
    - 236
  - - 194
    - 226
  - - 195
    - 257
  - - 196
    - 244
  - - 197
    - 238
  - - 198
    - 216
  - - 199
    - 221
  - - 200
    - 232
  - - 201
    - 206
  - - 202
    - 213
  - - 203
    - 200
  - - 204
    - 186
  - - 205
    - 184
  - - 206
    - 194
  - - 207
    - 170
  - - 208
    - 194
  - - 209
    - 174
  - - 210
    - 187
  - - 211
    - 168
  - - 212
    - 173
  - - 213
    - 184
  - - 214
    - 143
  - - 215
    - 163
  - - 216
    - 149
  - - 217
    - 149
  - - 218
    - 140
  - - 219
    - 127
  - - 220
    - 162
  - - 221
    - 142
  - - 222
    - 152
  - - 223
    - 145
  - - 224
    - 154
  - - 225
    - 151
  - - 226
    - 128
  - - 227
    - 141
  - - 228
    - 133
  - - 229
    - 128
  - - 230
    - 122
  - - 231
    - 91
  - - 232
    - 111
  - - 233
    - 114
  - - 234
    - 116
  - - 235
    - 128
  - - 236
    - 121
  - - 237
    - 120
  - - 238
    - 112
  - - 239
    - 104
  - - 240
    - 106
  - - 241
    - 95
  - - 242
    - 95
  - - 243
    - 96
  - - 244
    - 86
  - - 245
    - 92
  - - 246
    - 112
  - - 247
    - 90
  - - 248
    - 96
  - - 249
    - 87
  - - 250
    - 87
  - - 251
    - 67
  - - 252
    - 78
  - - 253
    - 86
  - - 254
    - 83
  - - 255
    - 80
  - - 256
    - 84
  - - 257
    - 80
  - - 258
    - 82
  - - 259
    - 73
  - - 260
    - 78
  - - 261
    - 68
  - - 262
    - 59
  - - 263
    - 75
  - - 264
    - 59
  - - 265
    - 70
  - - 266
    - 61
  - - 267
    - 77
  - - 268
    - 69
  - - 269
    - 59
  - - 270
    - 71
  - - 271
    - 68
  - - 272
    - 63
  - - 273
    - 63
  - - 274
    - 49
  - - 275
    - 45
  - - 276
    - 48
  - - 277
    - 56
  - - 278
    - 51
  - - 279
    - 57
  - - 280
    - 61
  - - 281
    - 55
  - - 282
    - 38
  - - 283
    - 42
  - - 284
    - 48
  - - 285
    - 43
  - - 286
    - 44
  - - 287
    - 51
  - - 288
    - 60
  - - 289
    - 52
  - - 290
    - 44
  - - 291
    - 54
  - - 292
    - 44
  - - 293
    - 44
  - - 294
    - 40
  - - 295
    - 57
  - - 296
    - 43
  - - 297
    - 54
  - - 298
    - 48
  - - 299
    - 37
  - - 300
    - 33
  - - 301
    - 33
  - - 302
    - 49
  - - 303
    - 30
  - - 304
    - 33
  - - 305
    - 32
  - - 306
    - 37
  - - 307
    - 37
  - - 308
    - 32
  - - 309
    - 30
  - - 310
    - 44
  - - 311
    - 36
  - - 312
    - 43
  - - 313
    - 31
  - - 314
    - 41
  - - 315
    - 35
  - - 316
    - 38
  - - 317
    - 17
  - - 318
    - 35
  - - 319
    - 32
  - - 320
    - 27
  - - 321
    - 33
  - - 322
    - 36
  - - 323
    - 25
  - - 324
    - 32
  - - 325
    - 25
  - - 326
    - 32
  - - 327
    - 29
  - - 328
    - 25
  - - 329
    - 44
  - - 330
    - 17
  - - 331
    - 28
  - - 332
    - 24
  - - 333
    - 22
  - - 334
    - 26
  - - 335
    - 28
  - - 336
    - 27
  - - 337
    - 22
  - - 338
    - 25
  - - 339
    - 16
  - - 340
    - 29
  - - 341
    - 29
  - - 342
    - 29
  - - 343
    - 24
  - - 344
    - 21
  - - 345
    - 27
  - - 346
    - 27
  - - 347
    - 26
  - - 348
    - 27
  - - 349
    - 25
  - - 350
    - 26
  - - 351
    - 27
  - - 352
    - 19
  - - 353
    - 20
  - - 354
    - 20
  - - 355
    - 20
  - - 356
    - 19
  - - 357
    - 22
  - - 358
    - 27
  - - 359
    - 19
  - - 360
    - 17
  - - 361
    - 31
  - - 362
    - 27
  - - 363
    - 16
  - - 364
    - 28
  - - 365
    - 14
  - - 366
    - 9
  - - 367
    - 18
  - - 368
    - 12
  - - 369
    - 23
  - - 370
    - 28
  - - 371
    - 24
  - - 372
    - 21
  - - 373
    - 28
  - - 374
    - 24
  - - 375
    - 18
  - - 376
    - 22
  - - 377
    - 23
  - - 378
    - 23
  - - 379
    - 18
  - - 380
    - 14
  - - 381
    - 14
  - - 382
    - 12
  - - 383
    - 10
  - - 384
    - 13
  - - 385
    - 19
  - - 386
    - 14
  - - 387
    - 26
  - - 388
    - 19
  - - 389
    - 15
  - - 390
    - 18
  - - 391
    - 23
  - - 392
    - 16
  - - 393
    - 24
  - - 394
    - 11
  - - 395
    - 20
  - - 396
    - 17
  - - 397
    - 26
  - - 398
    - 17
  - - 399
    - 14
  - - 400
    - 24
  - - 401
    - 15
  - - 402
    - 16
  - - 403
    - 28
  - - 404
    - 14
  - - 405
    - 18
  - - 406
    - 14
  - - 407
    - 10
  - - 408
    - 14
  - - 409
    - 11
  - - 410
    - 15
  - - 411
    - 17
  - - 412
    - 19
  - - 413
    - 14
  - - 414
    - 26
  - - 415
    - 19
  - - 416
    - 13
  - - 417
    - 18
  - - 418
    - 17
  - - 419
    - 18
  - - 420
    - 21
  - - 421
    - 21
  - - 422
    - 18
  - - 423
    - 18
  - - 424
    - 17
  - - 425
    - 15
  - - 426
    - 15
  - - 427
    - 11
  - - 428
    - 6
  - - 429
    - 14
  - - 430
    - 19
  - - 431
    - 16
  - - 432
    - 13
  - - 433
    - 14
  - - 434
    - 17
  - - 435
    - 14
  - - 436
    - 14
  - - 437
    - 20
  - - 438
    - 20
  - - 439
    - 15
  - - 440
    - 14
  - - 441
    - 10
  - - 442
    - 20
  - - 443
    - 14
  - - 444
    - 13
  - - 445
    - 18
  - - 446
    - 20
  - - 447
    - 14
  - - 448
    - 14
  - - 449
    - 14
  - - 450
    - 24
  - - 451
    - 17
  - - 452
    - 17
  - - 453
    - 19
  - - 454
    - 16
  - - 455
    - 13
  - - 456
    - 6
  - - 457
    - 16
  - - 458
    - 15
  - - 459
    - 13
  - - 460
    - 16
  - - 461
    - 18
  - - 462
    - 14
  - - 463
    - 14
  - - 464
    - 20
  - - 465
    - 20
  - - 466
    - 11
  - - 467
    - 7
  - - 468
    - 17
  - - 469
    - 13
  - - 470
    - 9
  - - 471
    - 9
  - - 472
    - 18
  - - 473
    - 24
  - - 474
    - 28
  - - 475
    - 13
  - - 476
    - 18
  - - 477
    - 21
  - - 478
    - 18
  - - 479
    - 10
  - - 480
    - 14
  - - 481
    - 16
  - - 482
    - 19
  - - 483
    - 13
  - - 484
    - 11
  - - 485
    - 18
  - - 486
    - 20
  - - 487
    - 18
  - - 488
    - 9
  - - 489
    - 16
  - - 490
    - 20
  - - 491
    - 15
  - - 492
    - 16
  - - 493
    - 25
  - - 494
    - 17
  - - 495
    - 16
  - - 496
    - 13
  - - 497
    - 13
  - - 498
    - 16
  - - 499
    - 20
  - - 500
    - 7
  - - 501
    - 16
  - - 502
    - 19
  - - 503
    - 17
  - - 504
    - 11
  - - 505
    - 11
  - - 506
    - 15
  - - 507
    - 19
  - - 508
    - 8
  - - 509
    - 12
  - - 510
    - 12
  - - 511
    - 11
  - - 512
    - 12
  - - 513
    - 12
  - - 514
    - 12
  - - 515
    - 19
  - - 516
    - 9
  - - 517
    - 19
  - - 518
    - 16
  - - 519
    - 9
  - - 520
    - 24
  - - 521
    - 19
  - - 522
    - 17
  - - 523
    - 7
  - - 524
    - 15
  - - 525
    - 17
  - - 526
    - 13
  - - 527
    - 7
  - - 528
    - 14
  - - 529
    - 13
  - - 530
    - 17
  - - 531
    - 18
  - - 532
    - 13
  - - 533
    - 10
  - - 534
    - 8
  - - 535
    - 15
  - - 536
    - 22
  - - 537
    - 13
  - - 538
    - 20
  - - 539
    - 16
  - - 540
    - 13
  - - 541
    - 14
  - - 542
    - 11
  - - 543
    - 15
  - - 544
    - 15
  - - 545
    - 15
  - - 546
    - 8
  - - 547
    - 14
  - - 548
    - 6
  - - 549
    - 10
  - - 550
    - 12
  - - 551
    - 14
  - - 552
    - 15
  - - 553
    - 15
  - - 554
    - 3
  - - 555
    - 15
  - - 556
    - 9
  - - 557
    - 13
  - - 558
    - 15
  - - 559
    - 15
  - - 560
    - 17
  - - 561
    - 12
  - - 562
    - 16
  - - 563
    - 13
  - - 564
    - 18
  - - 565
    - 10
  - - 566
    - 13
  - - 567
    - 15
  - - 568
    - 19
  - - 569
    - 16
  - - 570
    - 9
  - - 571
    - 19
  - - 572
    - 13
  - - 573
    - 8
  - - 574
    - 11
  - - 575
    - 15
  - - 576
    - 14
  - - 577
    - 14
  - - 578
    - 12
  - - 579
    - 11
  - - 580
    - 6
  - - 581
    - 16
  - - 582
    - 8
  - - 583
    - 16
  - - 584
    - 24
  - - 585
    - 17
  - - 586
    - 8
  - - 587
    - 13
  - - 588
    - 16
  - - 589
    - 7
  - - 590
    - 15
  - - 591
    - 14
  - - 592
    - 14
  - - 593
    - 16
  - - 594
    - 11
  - - 595
    - 10
  - - 596
    - 14
  - - 597
    - 15
  - - 598
    - 18
  - - 599
    - 20
  - - 600
    - 15
  - - 601
    - 14
  - - 602
    - 20
  - - 603
    - 10
  - - 604
    - 15
  - - 605
    - 14
  - - 606
    - 10
  - - 607
    - 20
  - - 608
    - 14
  - - 609
    - 11
  - - 610
    - 14
  - - 611
    - 11
  - - 612
    - 17
  - - 613
    - 14
  - - 614
    - 13
  - - 615
    - 16
  - - 616
    - 21
  - - 617
    - 15
  - - 618
    - 12
  - - 619
    - 19
  - - 620
    - 8
  - - 621
    - 9
  - - 622
    - 17
  - - 623
    - 14
  - - 624
    - 16
  - - 625
    - 10
  - - 626
    - 22
  - - 627
    - 10
  - - 628
    - 20
  - - 629
    - 16
  - - 630
    - 17
  - - 631
    - 18
  - - 632
    - 19
  - - 633
    - 11
  - - 634
    - 21
  - - 635
    - 12
  - - 636
    - 14
  - - 637
    - 10
  - - 638
    - 12
  - - 639
    - 10
  - - 640
    - 13
  - - 641
    - 14
  - - 642
    - 11
  - - 643
    - 19
  - - 644
    - 12
  - - 645
    - 14
  - - 646
    - 11
  - - 647
    - 13
  - - 648
    - 14
  - - 649
    - 12
  - - 650
    - 13
  - - 651
    - 20
  - - 652
    - 15
  - - 653
    - 18
  - - 654
    - 11
  - - 655
    - 15
  - - 656
    - 11
  - - 657
    - 18
  - - 658
    - 15
  - - 659
    - 18
  - - 660
    - 21
  - - 661
    - 9
  - - 662
    - 19
  - - 663
    - 20
  - - 664
    - 11
  - - 665
    - 11
  - - 666
    - 15
  - - 667
    - 20
  - - 668
    - 17
  - - 669
    - 11
  - - 670
    - 8
  - - 671
    - 18
  - - 672
    - 22
  - - 673
    - 15
  - - 674
    - 11
  - - 675
    - 15
  - - 676
    - 14
  - - 677
    - 14
  - - 678
    - 13
  - - 679
    - 24
  - - 680
    - 13
  - - 681
    - 19
  - - 682
    - 15
  - - 683
    - 18
  - - 684
    - 17
  - - 685
    - 17
  - - 686
    - 14
  - - 687
    - 19
  - - 688
    - 17
  - - 689
    - 8
  - - 690
    - 16
  - - 691
    - 12
  - - 692
    - 20
  - - 693
    - 22
  - - 694
    - 19
  - - 695
    - 18
  - - 696
    - 9
  - - 697
    - 15
  - - 698
    - 17
  - - 699
    - 14
  - - 700
    - 9
  - - 701
    - 12
  - - 702
    - 17
  - - 703
    - 12
  - - 704
    - 14
  - - 705
    - 16
  - - 706
    - 13
  - - 707
    - 12
  - - 708
    - 14
  - - 709
    - 12
  - - 710
    - 19
  - - 711
    - 13
  - - 712
    - 9
  - - 713
    - 15
  - - 714
    - 17
  - - 715
    - 14
  - - 716
    - 16
  - - 717
    - 8
  - - 718
    - 18
  - - 719
    - 9
  - - 720
    - 12
  - - 721
    - 14
  - - 722
    - 13
  - - 723
    - 18
  - - 724
    - 16
  - - 725
    - 10
  - - 726
    - 13
  - - 727
    - 16
  - - 728
    - 13
  - - 729
    - 17
  - - 730
    - 19
  - - 731
    - 9
  - - 732
    - 16
  - - 733
    - 12
  - - 734
    - 21
  - - 735
    - 20
  - - 736
    - 21
  - - 737
    - 15
  - - 738
    - 14
  - - 739
    - 12
  - - 740
    - 13
  - - 741
    - 12
  - - 742
    - 20
  - - 743
    - 18
  - - 744
    - 12
  - - 745
    - 19
  - - 746
    - 17
  - - 747
    - 8
  - - 748
    - 18
  - - 749
    - 14
  - - 750
    - 18
  - - 751
    - 21
  - - 752
    - 12
  - - 753
    - 4
  - - 754
    - 24
  - - 755
    - 15
  - - 756
    - 14
  - - 757
    - 21
  - - 758
    - 16
  - - 759
    - 15
  - - 760
    - 15
  - - 761
    - 10
  - - 762
    - 16
  - - 763
    - 22
  - - 764
    - 19
  - - 765
    - 21
  - - 766
    - 25
  - - 767
    - 17
  - - 768
    - 18
  - - 769
    - 16
  - - 770
    - 16
  - - 771
    - 17
  - - 772
    - 14
  - - 773
    - 21
  - - 774
    - 16
  - - 775
    - 10
  - - 776
    - 20
  - - 777
    - 12
  - - 778
    - 16
  - - 779
    - 15
  - - 780
    - 21
  - - 781
    - 21
  - - 782
    - 22
  - - 783
    - 25
  - - 784
    - 13
  - - 785
    - 23
  - - 786
    - 15
  - - 787
    - 19
  - - 788
    - 14
  - - 789
    - 11
  - - 790
    - 21
  - - 791
    - 14
  - - 792
    - 14
  - - 793
    - 18
  - - 794
    - 15
  - - 795
    - 14
  - - 796
    - 12
  - - 797
    - 16
  - - 798
    - 7
  - - 799
    - 16
  - - 800
    - 20
  - - 801
    - 16
  - - 802
    - 15
  - - 803
    - 4
  - - 804
    - 17
  - - 805
    - 15
  - - 806
    - 17
  - - 807
    - 18
  - - 808
    - 15
  - - 809
    - 21
  - - 810
    - 15
  - - 811
    - 21
  - - 812
    - 17
  - - 813
    - 11
  - - 814
    - 20
  - - 815
    - 20
  - - 816
    - 15
  - - 817
    - 16
  - - 818
    - 11
  - - 819
    - 16
  - - 820
    - 21
  - - 821
    - 18
  - - 822
    - 17
  - - 823
    - 14
  - - 824
    - 16
  - - 825
    - 21
  - - 826
    - 17
  - - 827
    - 13
  - - 828
    - 10
  - - 829
    - 16
  - - 830
    - 14
  - - 831
    - 22
  - - 832
    - 11
  - - 833
    - 17
  - - 834
    - 17
  - - 835
    - 26
  - - 836
    - 17
  - - 837
    - 10
  - - 838
    - 12
  - - 839
    - 14
  - - 840
    - 15
  - - 841
    - 15
  - - 842
    - 15
  - - 843
    - 19
  - - 844
    - 18
  - - 845
    - 17
  - - 846
    - 12
  - - 847
    - 18
  - - 848
    - 18
  - - 849
    - 20
  - - 850
    - 13
  - - 851
    - 14
  - - 852
    - 24
  - - 853
    - 15
  - - 854
    - 19
  - - 855
    - 13
  - - 856
    - 15
  - - 857
    - 15
  - - 858
    - 13
  - - 859
    - 23
  - - 860
    - 21
  - - 861
    - 15
  - - 862
    - 20
  - - 863
    - 11
  - - 864
    - 18
  - - 865
    - 19
  - - 866
    - 23
  - - 867
    - 16
  - - 868
    - 16
  - - 869
    - 9
  - - 870
    - 18
  - - 871
    - 13
  - - 872
    - 18
  - - 873
    - 18
  - - 874
    - 17
  - - 875
    - 21
  - - 876
    - 17
  - - 877
    - 21
  - - 878
    - 21
  - - 879
    - 15
  - - 880
    - 20
  - - 881
    - 20
  - - 882
    - 20
  - - 883
    - 20
  - - 884
    - 7
  - - 885
    - 11
  - - 886
    - 6
  - - 887
    - 21
  - - 888
    - 17
  - - 889
    - 16
  - - 890
    - 27
  - - 891
    - 19
  - - 892
    - 11
  - - 893
    - 19
  - - 894
    - 10
  - - 895
    - 17
  - - 896
    - 21
  - - 897
    - 15
  - - 898
    - 31
  - - 899
    - 24
  - - 900
    - 21
  - - 901
    - 13
  - - 902
    - 16
  - - 903
    - 19
  - - 904
    - 18
  - - 905
    - 22
  - - 906
    - 18
  - - 907
    - 17
  - - 908
    - 18
  - - 909
    - 19
  - - 910
    - 20
  - - 911
    - 20
  - - 912
    - 18
  - - 913
    - 18
  - - 914
    - 23
  - - 915
    - 24
  - - 916
    - 30
  - - 917
    - 15
  - - 918
    - 15
  - - 919
    - 18
  - - 920
    - 14
  - - 921
    - 19
  - - 922
    - 16
  - - 923
    - 12
  - - 924
    - 9
  - - 925
    - 18
  - - 926
    - 16
  - - 927
    - 24
  - - 928
    - 16
  - - 929
    - 17
  - - 930
    - 12
  - - 931
    - 19
  - - 932
    - 22
  - - 933
    - 26
  - - 934
    - 12
  - - 935
    - 16
  - - 936
    - 18
  - - 937
    - 19
  - - 938
    - 19
  - - 939
    - 17
  - - 940
    - 16
  - - 941
    - 21
  - - 942
    - 23
  - - 943
    - 22
  - - 944
    - 13
  - - 945
    - 13
  - - 946
    - 14
  - - 947
    - 18
  - - 948
    - 20
  - - 949
    - 14
  - - 950
    - 14
  - - 951
    - 16
  - - 952
    - 21
  - - 953
    - 30
  - - 954
    - 15
  - - 955
    - 14
  - - 956
    - 25
  - - 957
    - 21
  - - 958
    - 21
  - - 959
    - 18
  - - 960
    - 13
  - - 961
    - 18
  - - 962
    - 17
  - - 963
    - 23
  - - 964
    - 16
  - - 965
    - 16
  - - 966
    - 15
  - - 967
    - 14
  - - 968
    - 8
  - - 969
    - 11
  - - 970
    - 15
  - - 971
    - 16
  - - 972
    - 20
  - - 973
    - 12
  - - 974
    - 18
  - - 975
    - 13
  - - 976
    - 14
  - - 977
    - 20
  - - 978
    - 17
  - - 979
    - 23
  - - 980
    - 15
  - - 981
    - 23
  - - 982
    - 18
  - - 983
    - 23
  - - 984
    - 30
  - - 985
    - 20
  - - 986
    - 13
  - - 987
    - 20
  - - 988
    - 14
  - - 989
    - 17
  - - 990
    - 20
  - - 991
    - 19
  - - 992
    - 20
  - - 993
    - 11
  - - 994
    - 14
  - - 995
    - 17
  - - 996
    - 20
  - - 997
    - 22
  - - 998
    - 18
  - - 999
    - 24
  - - 1000
    - 24
  - - 1001
    - 17
  - - 1002
    - 13
  - - 1003
    - 12
  - - 1004
    - 9
  - - 1005
    - 6
  - - 1006
    - 15
  - - 1007
    - 22
  - - 1008
    - 20
  - - 1009
    - 13
  - - 1010
    - 18
  - - 1011
    - 17
  - - 1012
    - 18
  - - 1013
    - 28
  - - 1014
    - 21
  - - 1015
    - 7
  - - 1016
    - 14
  - - 1017
    - 13
  - - 1018
    - 16
  - - 1019
    - 18
  - - 1020
    - 20
  - - 1021
    - 20
  - - 1022
    - 8
  - - 1023
    - 14
  - - 1024
    - 18
  - - 1025
    - 21
  - - 1026
    - 18
  - - 1027
    - 22
  - - 1028
    - 18
  - - 1029
    - 11
  - - 1030
    - 19
  - - 1031
    - 24
  - - 1032
    - 19
  - - 1033
    - 19
  - - 1034
    - 15
  - - 1035
    - 19
  - - 1036
    - 10
  - - 1037
    - 18
  - - 1038
    - 19
  - - 1039
    - 31
  - - 1040
    - 20
  - - 1041
    - 16
  - - 1042
    - 17
  - - 1043
    - 16
  - - 1044
    - 11
  - - 1045
    - 12
  - - 1046
    - 32
  - - 1047
    - 10
  - - 1048
    - 16
  - - 1049
    - 11
  - - 1050
    - 18
  - - 1051
    - 22
  - - 1052
    - 27
  - - 1053
    - 20
  - - 1054
    - 16
  - - 1055
    - 26
  - - 1056
    - 14
  - - 1057
    - 11
  - - 1058
    - 21
  - - 1059
    - 16
  - - 1060
    - 17
  - - 1061
    - 14
  - - 1062
    - 16
  - - 1063
    - 15
  - - 1064
    - 22
  - - 1065
    - 18
  - - 1066
    - 14
  - - 1067
    - 18
  - - 1068
    - 25
  - - 1069
    - 13
  - - 1070
    - 18
  - - 1071
    - 21
  - - 1072
    - 13
  - - 1073
    - 18
  - - 1074
    - 28
  - - 1075
    - 14
  - - 1076
    - 18
  - - 1077
    - 17
  - - 1078
    - 17
  - - 1079
    - 20
  - - 1080
    - 20
  - - 1081
    - 21
  - - 1082
    - 22
  - - 1083
    - 15
  - - 1084
    - 18
  - - 1085
    - 24
  - - 1086
    - 13
  - - 1087
    - 17
  - - 1088
    - 12
  - - 1089
    - 22
  - - 1090
    - 18
  - - 1091
    - 18
  - - 1092
    - 11
  - - 1093
    - 18
  - - 1094
    - 21
  - - 1095
    - 18
  - - 1096
    - 14
  - - 1097
    - 16
  - - 1098
    - 18
  - - 1099
    - 20
  - - 1100
    - 21
  - - 1101
    - 18
  - - 1102
    - 16
  - - 1103
    - 29
  - - 1104
    - 25
  - - 1105
    - 12
  - - 1106
    - 12
  - - 1107
    - 20
  - - 1108
    - 20
  - - 1109
    - 18
  - - 1110
    - 20
  - - 1111
    - 9
  - - 1112
    - 13
  - - 1113
    - 14
  - - 1114
    - 17
  - - 1115
    - 23
  - - 1116
    - 23
  - - 1117
    - 19
  - - 1118
    - 15
  - - 1119
    - 16
  - - 1120
    - 19
  - - 1121
    - 14
  - - 1122
    - 15
  - - 1123
    - 12
  - - 1124
    - 10
  - - 1125
    - 14
  - - 1126
    - 25
  - - 1127
    - 17
  - - 1128
    - 20
  - - 1129
    - 16
  - - 1130
    - 13
  - - 1131
    - 17
  - - 1132
    - 13
  - - 1133
    - 13
  - - 1134
    - 16
  - - 1135
    - 17
  - - 1136
    - 9
  - - 1137
    - 7
  - - 1138
    - 24
  - - 1139
    - 19
  - - 1140
    - 12
  - - 1141
    - 19
  - - 1142
    - 9
  - - 1143
    - 18
  - - 1144
    - 17
  - - 1145
    - 17
  - - 1146
    - 11
  - - 1147
    - 16
  - - 1148
    - 12
  - - 1149
    - 22
  - - 1150
    - 12
  - - 1151
    - 11
  - - 1152
    - 15
  - - 1153
    - 14
  - - 1154
    - 17
  - - 1155
    - 17
  - - 1156
    - 18
  - - 1157
    - 14
  - - 1158
    - 10
  - - 1159
    - 16
  - - 1160
    - 6
  - - 1161
    - 15
  - - 1162
    - 19
  - - 1163
    - 27
  - - 1164
    - 27
  - - 1165
    - 13
  - - 1166
    - 18
  - - 1167
    - 15
  - - 1168
    - 22
  - - 1169
    - 14
  - - 1170
    - 21
  - - 1171
    - 12
  - - 1172
    - 15
  - - 1173
    - 16
  - - 1174
    - 13
  - - 1175
    - 13
  - - 1176
    - 10
  - - 1177
    - 13
  - - 1178
    - 17
  - - 1179
    - 12
  - - 1180
    - 14
  - - 1181
    - 13
  - - 1182
    - 15
  - - 1183
    - 24
  - - 1184
    - 12
  - - 1185
    - 17
  - - 1186
    - 13
  - - 1187
    - 13
  - - 1188
    - 11
  - - 1189
    - 16
  - - 1190
    - 15
  - - 1191
    - 23
  - - 1192
    - 8
  - - 1193
    - 8
  - - 1194
    - 19
  - - 1195
    - 10
  - - 1196
    - 19
  - - 1197
    - 16
  - - 1198
    - 21
  - - 1199
    - 20
  - - 1200
    - 15
  - - 1201
    - 19
  - - 1202
    - 11
  - - 1203
    - 12
  - - 1204
    - 14
  - - 1205
    - 12
  - - 1206
    - 13
  - - 1207
    - 11
  - - 1208
    - 17
  - - 1209
    - 12
  - - 1210
    - 11
  - - 1211
    - 13
  - - 1212
    - 6
  - - 1213
    - 12
  - - 1214
    - 9
  - - 1215
    - 12
  - - 1216
    - 21
  - - 1217
    - 10
  - - 1218
    - 11
  - - 1219
    - 18
  - - 1220
    - 11
  - - 1221
    - 21
  - - 1222
    - 6
  - - 1223
    - 11
  - - 1224
    - 9
  - - 1225
    - 10
  - - 1226
    - 15
  - - 1227
    - 13
  - - 1228
    - 19
  - - 1229
    - 18
  - - 1230
    - 15
  - - 1231
    - 26
  - - 1232
    - 11
  - - 1233
    - 17
  - - 1234
    - 14
  - - 1235
    - 21
  - - 1236
    - 19
  - - 1237
    - 20
  - - 1238
    - 14
  - - 1239
    - 13
  - - 1240
    - 7
  - - 1241
    - 10
  - - 1242
    - 11
  - - 1243
    - 9
  - - 1244
    - 10
  - - 1245
    - 15
  - - 1246
    - 21
  - - 1247
    - 13
  - - 1248
    - 7
  - - 1249
    - 6
  - - 1250
    - 7
  - - 1251
    - 12
  - - 1252
    - 17
  - - 1253
    - 14
  - - 1254
    - 10
  - - 1255
    - 14
  - - 1256
    - 12
  - - 1257
    - 15
  - - 1258
    - 7
  - - 1259
    - 7
  - - 1260
    - 19
  - - 1261
    - 15
  - - 1262
    - 6
  - - 1263
    - 16
  - - 1264
    - 21
  - - 1265
    - 10
  - - 1266
    - 6
  - - 1267
    - 10
  - - 1268
    - 16
  - - 1269
    - 10
  - - 1270
    - 10
  - - 1271
    - 10
  - - 1272
    - 15
  - - 1273
    - 10
  - - 1274
    - 10
  - - 1275
    - 11
  - - 1276
    - 15
  - - 1277
    - 9
  - - 1278
    - 17
  - - 1279
    - 8
  - - 1280
    - 10
  - - 1281
    - 13
  - - 1282
    - 11
  - - 1283
    - 7
  - - 1284
    - 10
  - - 1285
    - 8
  - - 1286
    - 14
  - - 1287
    - 12
  - - 1288
    - 11
  - - 1289
    - 6
  - - 1290
    - 8
  - - 1291
    - 12
  - - 1292
    - 12
  - - 1293
    - 11
  - - 1294
    - 7
  - - 1295
    - 7
  - - 1296
    - 8
  - - 1297
    - 3
  - - 1298
    - 16
  - - 1299
    - 14
  - - 1300
    - 14
  - - 1301
    - 11
  - - 1302
    - 17
  - - 1303
    - 8
  - - 1304
    - 8
  - - 1305
    - 10
  - - 1306
    - 8
  - - 1307
    - 9
  - - 1308
    - 6
  - - 1309
    - 16
  - - 1310
    - 15
  - - 1311
    - 10
  - - 1312
    - 11
  - - 1313
    - 12
  - - 1314
    - 8
  - - 1315
    - 8
  - - 1316
    - 9
  - - 1317
    - 9
  - - 1318
    - 10
  - - 1319
    - 11
  - - 1320
    - 15
  - - 1321
    - 8
  - - 1322
    - 6
  - - 1323
    - 8
  - - 1324
    - 8
  - - 1325
    - 9
  - - 1326
    - 4
  - - 1327
    - 5
  - - 1328
    - 7
  - - 1329
    - 11
  - - 1330
    - 8
  - - 1331
    - 10
  - - 1332
    - 8
  - - 1333
    - 7
  - - 1334
    - 7
  - - 1335
    - 6
  - - 1336
    - 13
  - - 1337
    - 7
  - - 1338
    - 7
  - - 1339
    - 5
  - - 1340
    - 7
  - - 1341
    - 4
  - - 1342
    - 9
  - - 1343
    - 5
  - - 1344
    - 3
  - - 1345
    - 1
  - - 1346
    - 10
  - - 1347
    - 14
  - - 1348
    - 7
  - - 1349
    - 13
  - - 1350
    - 3
  - - 1351
    - 7
  - - 1352
    - 8
  - - 1353
    - 3
  - - 1354
    - 10
  - - 1355
    - 8
  - - 1356
    - 5
  - - 1357
    - 6
  - - 1358
    - 4
  - - 1359
    - 7
  - - 1360
    - 2
  - - 1361
    - 6
  - - 1362
    - 7
  - - 1363
    - 3
  - - 1364
    - 7
  - - 1365
    - 4
  - - 1366
    - 5
  - - 1367
    - 3
  - - 1368
    - 7
  - - 1369
    - 5
  - - 1370
    - 11
  - - 1371
    - 4
  - - 1372
    - 8
  - - 1373
    - 7
  - - 1374
    - 9
  - - 1375
    - 5
  - - 1376
    - 5
  - - 1377
    - 4
  - - 1378
    - 7
  - - 1379
    - 6
  - - 1380
    - 6
  - - 1381
    - 7
  - - 1382
    - 6
  - - 1383
    - 5
  - - 1384
    - 9
  - - 1385
    - 3
  - - 1386
    - 4
  - - 1387
    - 8
  - - 1388
    - 5
  - - 1389
    - 7
  - - 1390
    - 3
  - - 1391
    - 6
  - - 1392
    - 5
  - - 1393
    - 4
  - - 1394
    - 7
  - - 1395
    - 6
  - - 1396
    - 3
  - - 1397
    - 5
  - - 1398
    - 2
  - - 1399
    - 3
  - - 1400
    - 5
  - - 1401
    - 7
  - - 1402
    - 5
  - - 1403
    - 5
  - - 1404
    - 7
  - - 1405
    - 4
  - - 1406
    - 4
  - - 1407
    - 2
  - - 1408
    - 1
  - - 1409
    - 6
  - - 1410
    - 5
  - - 1411
    - 8
  - - 1412
    - 3
  - - 1413
    - 4
  - - 1414
    - 3
  - - 1415
    - 2
  - - 1416
    - 6
  - - 1417
    - 5
  - - 1418
    - 5
  - - 1419
    - 4
  - - 1420
    - 2
  - - 1421
    - 3
  - - 1422
    - 3
  - - 1423
    - 2
  - - 1424
    - 6
  - - 1425
    - 1
  - - 1426
    - 4
  - - 1427
    - 4
  - - 1428
    - 2
  - - 1429
    - 5
  - - 1430
    - 3
  - - 1431
    - 1
  - - 1432
    - 5
  - - 1433
    - 4
  - - 1434
    - 2
  - - 1435
    - 1
  - - 1436
    - 3
  - - 1437
    - 3
  - - 1438
    - 1
  - - 1439
    - 1
  - - 1440
    - 6
  - - 1441
    - 5
  - - 1442
    - 4
  - - 1443
    - 3
  - - 1445
    - 4
  - - 1446
    - 1
  - - 1447
    - 2
  - - 1448
    - 2
  - - 1449
    - 4
  - - 1450
    - 2
  - - 1451
    - 5
  - - 1452
    - 6
  - - 1453
    - 4
  - - 1454
    - 4
  - - 1455
    - 3
  - - 1456
    - 1
  - - 1458
    - 3
  - - 1459
    - 3
  - - 1460
    - 4
  - - 1461
    - 5
  - - 1462
    - 4
  - - 1463
    - 3
  - - 1464
    - 4
  - - 1466
    - 3
  - - 1467
    - 3
  - - 1468
    - 4
  - - 1470
    - 2
  - - 1471
    - 1
  - - 1472
    - 3
  - - 1473
    - 5
  - - 1474
    - 7
  - - 1475
    - 3
  - - 1476
    - 6
  - - 1477
    - 3
  - - 1478
    - 4
  - - 1479
    - 3
  - - 1480
    - 3
  - - 1481
    - 3
  - - 1482
    - 1
  - - 1483
    - 2
  - - 1484
    - 3
  - - 1486
    - 3
  - - 1487
    - 3
  - - 1488
    - 3
  - - 1489
    - 2
  - - 1490
    - 1
  - - 1491
    - 4
  - - 1492
    - 4
  - - 1493
    - 2
  - - 1494
    - 2
  - - 1495
    - 4
  - - 1496
    - 6
  - - 1497
    - 4
  - - 1498
    - 1
  - - 1499
    - 1
  - - 1500
    - 4
  - - 1501
    - 3
  - - 1502
    - 4
  - - 1503
    - 2
  - - 1505
    - 2
  - - 1506
    - 1
  - - 1507
    - 7
  - - 1508
    - 1
  - - 1510
    - 2
  - - 1511
    - 2
  - - 1512
    - 4
  - - 1513
    - 2
  - - 1514
    - 1
  - - 1516
    - 2
  - - 1517
    - 2
  - - 1518
    - 2
  - - 1519
    - 2
  - - 1520
    - 1
  - - 1521
    - 2
  - - 1522
    - 2
  - - 1523
    - 2
  - - 1525
    - 2
  - - 1526
    - 2
  - - 1527
    - 2
  - - 1528
    - 3
  - - 1529
    - 2
  - - 1530
    - 3
  - - 1531
    - 3
  - - 1532
    - 3
  - - 1533
    - 3
  - - 1535
    - 3
  - - 1537
    - 1
  - - 1538
    - 2
  - - 1539
    - 2
  - - 1540
    - 1
  - - 1542
    - 3
  - - 1543
    - 3
  - - 1544
    - 4
  - - 1545
    - 1
  - - 1546
    - 5
  - - 1548
    - 1
  - - 1549
    - 1
  - - 1551
    - 1
  - - 1552
    - 1
  - - 1553
    - 1
  - - 1554
    - 1
  - - 1555
    - 3
  - - 1557
    - 2
  - - 1558
    - 3
  - - 1559
    - 4
  - - 1560
    - 2
  - - 1562
    - 1
  - - 1563
    - 3
  - - 1564
    - 1
  - - 1565
    - 1
  - - 1567
    - 1
  - - 1568
    - 4
  - - 1569
    - 1
  - - 1570
    - 2
  - - 1572
    - 2
  - - 1573
    - 1
  - - 1575
    - 1
  - - 1576
    - 1
  - - 1578
    - 1
  - - 1581
    - 1
  - - 1583
    - 1
  - - 1584
    - 1
  - - 1588
    - 1
  - - 1589
    - 2
  - - 1590
    - 2
  - - 1594
    - 1
  - - 1595
    - 1
  - - 1596
    - 1
  - - 1597
    - 1
  - - 1601
    - 2
  - - 1602
    - 2
  - - 1603
    - 2
  - - 1604
    - 1
  - - 1607
    - 1
  - - 1610
    - 1
  - - 1612
    - 1
  - - 1615
    - 2
  - - 1617
    - 1
  - - 1619
    - 2
  - - 1622
    - 2
  - - 1623
    - 1
  - - 1624
    - 1
  - - 1625
    - 1
  - - 1626
    - 1
  - - 1628
    - 1
  - - 1629
    - 1
  - - 1634
    - 1
  - - 1636
    - 1
  - - 1637
    - 1
  - - 1640
    - 1
  - - 1641
    - 2
  - - 1646
    - 1
  - - 1651
    - 2
  - - 1652
    - 1
  - - 1653
    - 1
  - - 1654
    - 1
  - - 1660
    - 2
  - - 1662
    - 1
  - - 1664
    - 1
  - - 1665
    - 1
  - - 1667
    - 1
  - - 1675
    - 1
  - - 1680
    - 1
  - - 1685
    - 1
  - - 1686
    - 1
  - - 1693
    - 1
  - - 1697
    - 1
  - - 1701
    - 1
  - - 1702
    - 1
  - - 1706
    - 1
  - - 1712
    - 1
  - - 1714
    - 1
  - - 1718
    - 2
  - - 1720
    - 1
  - - 1728
    - 1
  - - 1732
    - 2
  - - 1735
    - 1
  - - 1740
    - 1
  - - 1741
    - 2
  - - 1742
    - 1
  - - 1746
    - 1
  - - 1757
    - 2
  - - 1770
    - 1
  - - 1784
    - 1
  - - 1861
    - 1
  - - 1938
    - 1
  - - 2048
    - 1
  - - 2068
    - 1
  - - 2708
    - 1
  latency_50_percentile: 91.0
  latency_95_percentile: 815.0
  latency_99_5_percentile: 1339.0
  latency_99_percentile: 1252.0
  max_kubedns_cpu: 535
  max_kubedns_memory: 32
  max_latency: 2.708715
  max_perfserver_cpu: 0
  max_perfserver_memory: 0
  min_latency: 0.001073
  msg: null
  ok: true
  qps: 602.834954
  queries_completed: 181033
  queries_lost: 0
  queries_sent: 181033
  run_time: 300.302759
  stddev_latency: 0.24564
params:
  max_qps: null
  pod_name: dns-perf-client-858fb7568b-9ng4c
  query_file: all-queries.txt
  run_id: 1777675624
  run_length_seconds: 300
  run_subid: 0
stderr:
- ''
stdout:
- DNS Performance Testing Tool
- Nominum Version 2.1.0.0
- ''
- '[Status] Command line: dnsperf -s 10.0.0.10 -l 300 -d /queries/all-queries.txt'
- '[Status] Sending queries (to 10.0.0.10)'
- '[Status] Started at: Fri May  1 22:47:45 2026'
- '[Status] Stopping after 300.000000 seconds'
- '[Status] Testing complete (time limit)'
- ''
- 'Statistics:'
- ''
- '  Queries sent:         181033'
- '  Queries completed:    181033 (100.00%)'
- '  Queries lost:         0 (0.00%)'
- ''
- '  Response codes:       NOERROR 21723 (12.00%), NXDOMAIN 159310 (88.00%)'
- '  Average packet size:  request 38, response 122'
- '  Run time (s):         300.302759'
- '  Queries per second:   602.834954'
- ''
- '  Average Latency (s):  0.165655 (min 0.001073, max 2.708715)'
- '  Latency StdDev (s):   0.245640'
- ''
- '  Latency histogram'
- '#histogram 0 0'
- '#histogram 1 90'
- '#histogram 2 348'
- '#histogram 3 522'
- '#histogram 4 531'
- '#histogram 5 592'
- '#histogram 6 609'
- '#histogram 7 638'
- '#histogram 8 574'
- '#histogram 9 585'
- '#histogram 10 615'
- '#histogram 11 590'
- '#histogram 12 565'
- '#histogram 13 626'
- '#histogram 14 637'
- '#histogram 15 622'
- '#histogram 16 608'
- '#histogram 17 634'
- '#histogram 18 617'
- '#histogram 19 665'
- '#histogram 20 720'
- '#histogram 21 683'
- '#histogram 22 793'
- '#histogram 23 722'
- '#histogram 24 787'
- '#histogram 25 771'
- '#histogram 26 755'
- '#histogram 27 821'
- '#histogram 28 829'
- '#histogram 29 848'
- '#histogram 30 918'
- '#histogram 31 898'
- '#histogram 32 943'
- '#histogram 33 926'
- '#histogram 34 915'
- '#histogram 35 1028'
- '#histogram 36 947'
- '#histogram 37 1055'
- '#histogram 38 1054'
- '#histogram 39 1021'
- '#histogram 40 1082'
- '#histogram 41 1050'
- '#histogram 42 1154'
- '#histogram 43 1017'
- '#histogram 44 1077'
- '#histogram 45 1120'
- '#histogram 46 1181'
- '#histogram 47 1204'
- '#histogram 48 1187'
- '#histogram 49 1179'
- '#histogram 50 1145'
- '#histogram 51 1174'
- '#histogram 52 1186'
- '#histogram 53 1205'
- '#histogram 54 1264'
- '#histogram 55 1218'
- '#histogram 56 1249'
- '#histogram 57 1222'
- '#histogram 58 1234'
- '#histogram 59 1310'
- '#histogram 60 1287'
- '#histogram 61 1173'
- '#histogram 62 1210'
- '#histogram 63 1332'
- '#histogram 64 1231'
- '#histogram 65 1284'
- '#histogram 66 1301'
- '#histogram 67 1281'
- '#histogram 68 1301'
- '#histogram 69 1263'
- '#histogram 70 1245'
- '#histogram 71 1250'
- '#histogram 72 1223'
- '#histogram 73 1284'
- '#histogram 74 1242'
- '#histogram 75 1327'
- '#histogram 76 1291'
- '#histogram 77 1252'
- '#histogram 78 1228'
- '#histogram 79 1182'
- '#histogram 80 1254'
- '#histogram 81 1227'
- '#histogram 82 1197'
- '#histogram 83 1259'
- '#histogram 84 1211'
- '#histogram 85 1143'
- '#histogram 86 1103'
- '#histogram 87 1180'
- '#histogram 88 1119'
- '#histogram 89 1083'
- '#histogram 90 1131'
- '#histogram 91 1109'
- '#histogram 92 1101'
- '#histogram 93 1107'
- '#histogram 94 1106'
- '#histogram 95 1083'
- '#histogram 96 1066'
- '#histogram 97 1077'
- '#histogram 98 1020'
- '#histogram 99 985'
- '#histogram 100 1016'
- '#histogram 101 1001'
- '#histogram 102 1042'
- '#histogram 103 927'
- '#histogram 104 948'
- '#histogram 105 926'
- '#histogram 106 974'
- '#histogram 107 963'
- '#histogram 108 940'
- '#histogram 109 924'
- '#histogram 110 921'
- '#histogram 111 955'
- '#histogram 112 923'
- '#histogram 113 861'
- '#histogram 114 820'
- '#histogram 115 884'
- '#histogram 116 788'
- '#histogram 117 786'
- '#histogram 118 780'
- '#histogram 119 769'
- '#histogram 120 829'
- '#histogram 121 723'
- '#histogram 122 743'
- '#histogram 123 788'
- '#histogram 124 702'
- '#histogram 125 727'
- '#histogram 126 772'
- '#histogram 127 745'
- '#histogram 128 665'
- '#histogram 129 589'
- '#histogram 130 669'
- '#histogram 131 638'
- '#histogram 132 636'
- '#histogram 133 667'
- '#histogram 134 648'
- '#histogram 135 634'
- '#histogram 136 573'
- '#histogram 137 629'
- '#histogram 138 593'
- '#histogram 139 560'
- '#histogram 140 573'
- '#histogram 141 590'
- '#histogram 142 567'
- '#histogram 143 501'
- '#histogram 144 529'
- '#histogram 145 559'
- '#histogram 146 538'
- '#histogram 147 493'
- '#histogram 148 509'
- '#histogram 149 461'
- '#histogram 150 481'
- '#histogram 151 503'
- '#histogram 152 500'
- '#histogram 153 471'
- '#histogram 154 449'
- '#histogram 155 485'
- '#histogram 156 456'
- '#histogram 157 430'
- '#histogram 158 443'
- '#histogram 159 412'
- '#histogram 160 436'
- '#histogram 161 398'
- '#histogram 162 368'
- '#histogram 163 394'
- '#histogram 164 392'
- '#histogram 165 380'
- '#histogram 166 405'
- '#histogram 167 389'
- '#histogram 168 337'
- '#histogram 169 363'
- '#histogram 170 351'
- '#histogram 171 376'
- '#histogram 172 333'
- '#histogram 173 311'
- '#histogram 174 324'
- '#histogram 175 328'
- '#histogram 176 287'
- '#histogram 177 309'
- '#histogram 178 318'
- '#histogram 179 288'
- '#histogram 180 297'
- '#histogram 181 310'
- '#histogram 182 293'
- '#histogram 183 271'
- '#histogram 184 247'
- '#histogram 185 304'
- '#histogram 186 290'
- '#histogram 187 266'
- '#histogram 188 252'
- '#histogram 189 256'
- '#histogram 190 258'
- '#histogram 191 238'
- '#histogram 192 209'
- '#histogram 193 236'
- '#histogram 194 226'
- '#histogram 195 257'
- '#histogram 196 244'
- '#histogram 197 238'
- '#histogram 198 216'
- '#histogram 199 221'
- '#histogram 200 232'
- '#histogram 201 206'
- '#histogram 202 213'
- '#histogram 203 200'
- '#histogram 204 186'
- '#histogram 205 184'
- '#histogram 206 194'
- '#histogram 207 170'
- '#histogram 208 194'
- '#histogram 209 174'
- '#histogram 210 187'
- '#histogram 211 168'
- '#histogram 212 173'
- '#histogram 213 184'
- '#histogram 214 143'
- '#histogram 215 163'
- '#histogram 216 149'
- '#histogram 217 149'
- '#histogram 218 140'
- '#histogram 219 127'
- '#histogram 220 162'
- '#histogram 221 142'
- '#histogram 222 152'
- '#histogram 223 145'
- '#histogram 224 154'
- '#histogram 225 151'
- '#histogram 226 128'
- '#histogram 227 141'
- '#histogram 228 133'
- '#histogram 229 128'
- '#histogram 230 122'
- '#histogram 231 91'
- '#histogram 232 111'
- '#histogram 233 114'
- '#histogram 234 116'
- '#histogram 235 128'
- '#histogram 236 121'
- '#histogram 237 120'
- '#histogram 238 112'
- '#histogram 239 104'
- '#histogram 240 106'
- '#histogram 241 95'
- '#histogram 242 95'
- '#histogram 243 96'
- '#histogram 244 86'
- '#histogram 245 92'
- '#histogram 246 112'
- '#histogram 247 90'
- '#histogram 248 96'
- '#histogram 249 87'
- '#histogram 250 87'
- '#histogram 251 67'
- '#histogram 252 78'
- '#histogram 253 86'
- '#histogram 254 83'
- '#histogram 255 80'
- '#histogram 256 84'
- '#histogram 257 80'
- '#histogram 258 82'
- '#histogram 259 73'
- '#histogram 260 78'
- '#histogram 261 68'
- '#histogram 262 59'
- '#histogram 263 75'
- '#histogram 264 59'
- '#histogram 265 70'
- '#histogram 266 61'
- '#histogram 267 77'
- '#histogram 268 69'
- '#histogram 269 59'
- '#histogram 270 71'
- '#histogram 271 68'
- '#histogram 272 63'
- '#histogram 273 63'
- '#histogram 274 49'
- '#histogram 275 45'
- '#histogram 276 48'
- '#histogram 277 56'
- '#histogram 278 51'
- '#histogram 279 57'
- '#histogram 280 61'
- '#histogram 281 55'
- '#histogram 282 38'
- '#histogram 283 42'
- '#histogram 284 48'
- '#histogram 285 43'
- '#histogram 286 44'
- '#histogram 287 51'
- '#histogram 288 60'
- '#histogram 289 52'
- '#histogram 290 44'
- '#histogram 291 54'
- '#histogram 292 44'
- '#histogram 293 44'
- '#histogram 294 40'
- '#histogram 295 57'
- '#histogram 296 43'
- '#histogram 297 54'
- '#histogram 298 48'
- '#histogram 299 37'
- '#histogram 300 33'
- '#histogram 301 33'
- '#histogram 302 49'
- '#histogram 303 30'
- '#histogram 304 33'
- '#histogram 305 32'
- '#histogram 306 37'
- '#histogram 307 37'
- '#histogram 308 32'
- '#histogram 309 30'
- '#histogram 310 44'
- '#histogram 311 36'
- '#histogram 312 43'
- '#histogram 313 31'
- '#histogram 314 41'
- '#histogram 315 35'
- '#histogram 316 38'
- '#histogram 317 17'
- '#histogram 318 35'
- '#histogram 319 32'
- '#histogram 320 27'
- '#histogram 321 33'
- '#histogram 322 36'
- '#histogram 323 25'
- '#histogram 324 32'
- '#histogram 325 25'
- '#histogram 326 32'
- '#histogram 327 29'
- '#histogram 328 25'
- '#histogram 329 44'
- '#histogram 330 17'
- '#histogram 331 28'
- '#histogram 332 24'
- '#histogram 333 22'
- '#histogram 334 26'
- '#histogram 335 28'
- '#histogram 336 27'
- '#histogram 337 22'
- '#histogram 338 25'
- '#histogram 339 16'
- '#histogram 340 29'
- '#histogram 341 29'
- '#histogram 342 29'
- '#histogram 343 24'
- '#histogram 344 21'
- '#histogram 345 27'
- '#histogram 346 27'
- '#histogram 347 26'
- '#histogram 348 27'
- '#histogram 349 25'
- '#histogram 350 26'
- '#histogram 351 27'
- '#histogram 352 19'
- '#histogram 353 20'
- '#histogram 354 20'
- '#histogram 355 20'
- '#histogram 356 19'
- '#histogram 357 22'
- '#histogram 358 27'
- '#histogram 359 19'
- '#histogram 360 17'
- '#histogram 361 31'
- '#histogram 362 27'
- '#histogram 363 16'
- '#histogram 364 28'
- '#histogram 365 14'
- '#histogram 366 9'
- '#histogram 367 18'
- '#histogram 368 12'
- '#histogram 369 23'
- '#histogram 370 28'
- '#histogram 371 24'
- '#histogram 372 21'
- '#histogram 373 28'
- '#histogram 374 24'
- '#histogram 375 18'
- '#histogram 376 22'
- '#histogram 377 23'
- '#histogram 378 23'
- '#histogram 379 18'
- '#histogram 380 14'
- '#histogram 381 14'
- '#histogram 382 12'
- '#histogram 383 10'
- '#histogram 384 13'
- '#histogram 385 19'
- '#histogram 386 14'
- '#histogram 387 26'
- '#histogram 388 19'
- '#histogram 389 15'
- '#histogram 390 18'
- '#histogram 391 23'
- '#histogram 392 16'
- '#histogram 393 24'
- '#histogram 394 11'
- '#histogram 395 20'
- '#histogram 396 17'
- '#histogram 397 26'
- '#histogram 398 17'
- '#histogram 399 14'
- '#histogram 400 24'
- '#histogram 401 15'
- '#histogram 402 16'
- '#histogram 403 28'
- '#histogram 404 14'
- '#histogram 405 18'
- '#histogram 406 14'
- '#histogram 407 10'
- '#histogram 408 14'
- '#histogram 409 11'
- '#histogram 410 15'
- '#histogram 411 17'
- '#histogram 412 19'
- '#histogram 413 14'
- '#histogram 414 26'
- '#histogram 415 19'
- '#histogram 416 13'
- '#histogram 417 18'
- '#histogram 418 17'
- '#histogram 419 18'
- '#histogram 420 21'
- '#histogram 421 21'
- '#histogram 422 18'
- '#histogram 423 18'
- '#histogram 424 17'
- '#histogram 425 15'
- '#histogram 426 15'
- '#histogram 427 11'
- '#histogram 428 6'
- '#histogram 429 14'
- '#histogram 430 19'
- '#histogram 431 16'
- '#histogram 432 13'
- '#histogram 433 14'
- '#histogram 434 17'
- '#histogram 435 14'
- '#histogram 436 14'
- '#histogram 437 20'
- '#histogram 438 20'
- '#histogram 439 15'
- '#histogram 440 14'
- '#histogram 441 10'
- '#histogram 442 20'
- '#histogram 443 14'
- '#histogram 444 13'
- '#histogram 445 18'
- '#histogram 446 20'
- '#histogram 447 14'
- '#histogram 448 14'
- '#histogram 449 14'
- '#histogram 450 24'
- '#histogram 451 17'
- '#histogram 452 17'
- '#histogram 453 19'
- '#histogram 454 16'
- '#histogram 455 13'
- '#histogram 456 6'
- '#histogram 457 16'
- '#histogram 458 15'
- '#histogram 459 13'
- '#histogram 460 16'
- '#histogram 461 18'
- '#histogram 462 14'
- '#histogram 463 14'
- '#histogram 464 20'
- '#histogram 465 20'
- '#histogram 466 11'
- '#histogram 467 7'
- '#histogram 468 17'
- '#histogram 469 13'
- '#histogram 470 9'
- '#histogram 471 9'
- '#histogram 472 18'
- '#histogram 473 24'
- '#histogram 474 28'
- '#histogram 475 13'
- '#histogram 476 18'
- '#histogram 477 21'
- '#histogram 478 18'
- '#histogram 479 10'
- '#histogram 480 14'
- '#histogram 481 16'
- '#histogram 482 19'
- '#histogram 483 13'
- '#histogram 484 11'
- '#histogram 485 18'
- '#histogram 486 20'
- '#histogram 487 18'
- '#histogram 488 9'
- '#histogram 489 16'
- '#histogram 490 20'
- '#histogram 491 15'
- '#histogram 492 16'
- '#histogram 493 25'
- '#histogram 494 17'
- '#histogram 495 16'
- '#histogram 496 13'
- '#histogram 497 13'
- '#histogram 498 16'
- '#histogram 499 20'
- '#histogram 500 7'
- '#histogram 501 16'
- '#histogram 502 19'
- '#histogram 503 17'
- '#histogram 504 11'
- '#histogram 505 11'
- '#histogram 506 15'
- '#histogram 507 19'
- '#histogram 508 8'
- '#histogram 509 12'
- '#histogram 510 12'
- '#histogram 511 11'
- '#histogram 512 12'
- '#histogram 513 12'
- '#histogram 514 12'
- '#histogram 515 19'
- '#histogram 516 9'
- '#histogram 517 19'
- '#histogram 518 16'
- '#histogram 519 9'
- '#histogram 520 24'
- '#histogram 521 19'
- '#histogram 522 17'
- '#histogram 523 7'
- '#histogram 524 15'
- '#histogram 525 17'
- '#histogram 526 13'
- '#histogram 527 7'
- '#histogram 528 14'
- '#histogram 529 13'
- '#histogram 530 17'
- '#histogram 531 18'
- '#histogram 532 13'
- '#histogram 533 10'
- '#histogram 534 8'
- '#histogram 535 15'
- '#histogram 536 22'
- '#histogram 537 13'
- '#histogram 538 20'
- '#histogram 539 16'
- '#histogram 540 13'
- '#histogram 541 14'
- '#histogram 542 11'
- '#histogram 543 15'
- '#histogram 544 15'
- '#histogram 545 15'
- '#histogram 546 8'
- '#histogram 547 14'
- '#histogram 548 6'
- '#histogram 549 10'
- '#histogram 550 12'
- '#histogram 551 14'
- '#histogram 552 15'
- '#histogram 553 15'
- '#histogram 554 3'
- '#histogram 555 15'
- '#histogram 556 9'
- '#histogram 557 13'
- '#histogram 558 15'
- '#histogram 559 15'
- '#histogram 560 17'
- '#histogram 561 12'
- '#histogram 562 16'
- '#histogram 563 13'
- '#histogram 564 18'
- '#histogram 565 10'
- '#histogram 566 13'
- '#histogram 567 15'
- '#histogram 568 19'
- '#histogram 569 16'
- '#histogram 570 9'
- '#histogram 571 19'
- '#histogram 572 13'
- '#histogram 573 8'
- '#histogram 574 11'
- '#histogram 575 15'
- '#histogram 576 14'
- '#histogram 577 14'
- '#histogram 578 12'
- '#histogram 579 11'
- '#histogram 580 6'
- '#histogram 581 16'
- '#histogram 582 8'
- '#histogram 583 16'
- '#histogram 584 24'
- '#histogram 585 17'
- '#histogram 586 8'
- '#histogram 587 13'
- '#histogram 588 16'
- '#histogram 589 7'
- '#histogram 590 15'
- '#histogram 591 14'
- '#histogram 592 14'
- '#histogram 593 16'
- '#histogram 594 11'
- '#histogram 595 10'
- '#histogram 596 14'
- '#histogram 597 15'
- '#histogram 598 18'
- '#histogram 599 20'
- '#histogram 600 15'
- '#histogram 601 14'
- '#histogram 602 20'
- '#histogram 603 10'
- '#histogram 604 15'
- '#histogram 605 14'
- '#histogram 606 10'
- '#histogram 607 20'
- '#histogram 608 14'
- '#histogram 609 11'
- '#histogram 610 14'
- '#histogram 611 11'
- '#histogram 612 17'
- '#histogram 613 14'
- '#histogram 614 13'
- '#histogram 615 16'
- '#histogram 616 21'
- '#histogram 617 15'
- '#histogram 618 12'
- '#histogram 619 19'
- '#histogram 620 8'
- '#histogram 621 9'
- '#histogram 622 17'
- '#histogram 623 14'
- '#histogram 624 16'
- '#histogram 625 10'
- '#histogram 626 22'
- '#histogram 627 10'
- '#histogram 628 20'
- '#histogram 629 16'
- '#histogram 630 17'
- '#histogram 631 18'
- '#histogram 632 19'
- '#histogram 633 11'
- '#histogram 634 21'
- '#histogram 635 12'
- '#histogram 636 14'
- '#histogram 637 10'
- '#histogram 638 12'
- '#histogram 639 10'
- '#histogram 640 13'
- '#histogram 641 14'
- '#histogram 642 11'
- '#histogram 643 19'
- '#histogram 644 12'
- '#histogram 645 14'
- '#histogram 646 11'
- '#histogram 647 13'
- '#histogram 648 14'
- '#histogram 649 12'
- '#histogram 650 13'
- '#histogram 651 20'
- '#histogram 652 15'
- '#histogram 653 18'
- '#histogram 654 11'
- '#histogram 655 15'
- '#histogram 656 11'
- '#histogram 657 18'
- '#histogram 658 15'
- '#histogram 659 18'
- '#histogram 660 21'
- '#histogram 661 9'
- '#histogram 662 19'
- '#histogram 663 20'
- '#histogram 664 11'
- '#histogram 665 11'
- '#histogram 666 15'
- '#histogram 667 20'
- '#histogram 668 17'
- '#histogram 669 11'
- '#histogram 670 8'
- '#histogram 671 18'
- '#histogram 672 22'
- '#histogram 673 15'
- '#histogram 674 11'
- '#histogram 675 15'
- '#histogram 676 14'
- '#histogram 677 14'
- '#histogram 678 13'
- '#histogram 679 24'
- '#histogram 680 13'
- '#histogram 681 19'
- '#histogram 682 15'
- '#histogram 683 18'
- '#histogram 684 17'
- '#histogram 685 17'
- '#histogram 686 14'
- '#histogram 687 19'
- '#histogram 688 17'
- '#histogram 689 8'
- '#histogram 690 16'
- '#histogram 691 12'
- '#histogram 692 20'
- '#histogram 693 22'
- '#histogram 694 19'
- '#histogram 695 18'
- '#histogram 696 9'
- '#histogram 697 15'
- '#histogram 698 17'
- '#histogram 699 14'
- '#histogram 700 9'
- '#histogram 701 12'
- '#histogram 702 17'
- '#histogram 703 12'
- '#histogram 704 14'
- '#histogram 705 16'
- '#histogram 706 13'
- '#histogram 707 12'
- '#histogram 708 14'
- '#histogram 709 12'
- '#histogram 710 19'
- '#histogram 711 13'
- '#histogram 712 9'
- '#histogram 713 15'
- '#histogram 714 17'
- '#histogram 715 14'
- '#histogram 716 16'
- '#histogram 717 8'
- '#histogram 718 18'
- '#histogram 719 9'
- '#histogram 720 12'
- '#histogram 721 14'
- '#histogram 722 13'
- '#histogram 723 18'
- '#histogram 724 16'
- '#histogram 725 10'
- '#histogram 726 13'
- '#histogram 727 16'
- '#histogram 728 13'
- '#histogram 729 17'
- '#histogram 730 19'
- '#histogram 731 9'
- '#histogram 732 16'
- '#histogram 733 12'
- '#histogram 734 21'
- '#histogram 735 20'
- '#histogram 736 21'
- '#histogram 737 15'
- '#histogram 738 14'
- '#histogram 739 12'
- '#histogram 740 13'
- '#histogram 741 12'
- '#histogram 742 20'
- '#histogram 743 18'
- '#histogram 744 12'
- '#histogram 745 19'
- '#histogram 746 17'
- '#histogram 747 8'
- '#histogram 748 18'
- '#histogram 749 14'
- '#histogram 750 18'
- '#histogram 751 21'
- '#histogram 752 12'
- '#histogram 753 4'
- '#histogram 754 24'
- '#histogram 755 15'
- '#histogram 756 14'
- '#histogram 757 21'
- '#histogram 758 16'
- '#histogram 759 15'
- '#histogram 760 15'
- '#histogram 761 10'
- '#histogram 762 16'
- '#histogram 763 22'
- '#histogram 764 19'
- '#histogram 765 21'
- '#histogram 766 25'
- '#histogram 767 17'
- '#histogram 768 18'
- '#histogram 769 16'
- '#histogram 770 16'
- '#histogram 771 17'
- '#histogram 772 14'
- '#histogram 773 21'
- '#histogram 774 16'
- '#histogram 775 10'
- '#histogram 776 20'
- '#histogram 777 12'
- '#histogram 778 16'
- '#histogram 779 15'
- '#histogram 780 21'
- '#histogram 781 21'
- '#histogram 782 22'
- '#histogram 783 25'
- '#histogram 784 13'
- '#histogram 785 23'
- '#histogram 786 15'
- '#histogram 787 19'
- '#histogram 788 14'
- '#histogram 789 11'
- '#histogram 790 21'
- '#histogram 791 14'
- '#histogram 792 14'
- '#histogram 793 18'
- '#histogram 794 15'
- '#histogram 795 14'
- '#histogram 796 12'
- '#histogram 797 16'
- '#histogram 798 7'
- '#histogram 799 16'
- '#histogram 800 20'
- '#histogram 801 16'
- '#histogram 802 15'
- '#histogram 803 4'
- '#histogram 804 17'
- '#histogram 805 15'
- '#histogram 806 17'
- '#histogram 807 18'
- '#histogram 808 15'
- '#histogram 809 21'
- '#histogram 810 15'
- '#histogram 811 21'
- '#histogram 812 17'
- '#histogram 813 11'
- '#histogram 814 20'
- '#histogram 815 20'
- '#histogram 816 15'
- '#histogram 817 16'
- '#histogram 818 11'
- '#histogram 819 16'
- '#histogram 820 21'
- '#histogram 821 18'
- '#histogram 822 17'
- '#histogram 823 14'
- '#histogram 824 16'
- '#histogram 825 21'
- '#histogram 826 17'
- '#histogram 827 13'
- '#histogram 828 10'
- '#histogram 829 16'
- '#histogram 830 14'
- '#histogram 831 22'
- '#histogram 832 11'
- '#histogram 833 17'
- '#histogram 834 17'
- '#histogram 835 26'
- '#histogram 836 17'
- '#histogram 837 10'
- '#histogram 838 12'
- '#histogram 839 14'
- '#histogram 840 15'
- '#histogram 841 15'
- '#histogram 842 15'
- '#histogram 843 19'
- '#histogram 844 18'
- '#histogram 845 17'
- '#histogram 846 12'
- '#histogram 847 18'
- '#histogram 848 18'
- '#histogram 849 20'
- '#histogram 850 13'
- '#histogram 851 14'
- '#histogram 852 24'
- '#histogram 853 15'
- '#histogram 854 19'
- '#histogram 855 13'
- '#histogram 856 15'
- '#histogram 857 15'
- '#histogram 858 13'
- '#histogram 859 23'
- '#histogram 860 21'
- '#histogram 861 15'
- '#histogram 862 20'
- '#histogram 863 11'
- '#histogram 864 18'
- '#histogram 865 19'
- '#histogram 866 23'
- '#histogram 867 16'
- '#histogram 868 16'
- '#histogram 869 9'
- '#histogram 870 18'
- '#histogram 871 13'
- '#histogram 872 18'
- '#histogram 873 18'
- '#histogram 874 17'
- '#histogram 875 21'
- '#histogram 876 17'
- '#histogram 877 21'
- '#histogram 878 21'
- '#histogram 879 15'
- '#histogram 880 20'
- '#histogram 881 20'
- '#histogram 882 20'
- '#histogram 883 20'
- '#histogram 884 7'
- '#histogram 885 11'
- '#histogram 886 6'
- '#histogram 887 21'
- '#histogram 888 17'
- '#histogram 889 16'
- '#histogram 890 27'
- '#histogram 891 19'
- '#histogram 892 11'
- '#histogram 893 19'
- '#histogram 894 10'
- '#histogram 895 17'
- '#histogram 896 21'
- '#histogram 897 15'
- '#histogram 898 31'
- '#histogram 899 24'
- '#histogram 900 21'
- '#histogram 901 13'
- '#histogram 902 16'
- '#histogram 903 19'
- '#histogram 904 18'
- '#histogram 905 22'
- '#histogram 906 18'
- '#histogram 907 17'
- '#histogram 908 18'
- '#histogram 909 19'
- '#histogram 910 20'
- '#histogram 911 20'
- '#histogram 912 18'
- '#histogram 913 18'
- '#histogram 914 23'
- '#histogram 915 24'
- '#histogram 916 30'
- '#histogram 917 15'
- '#histogram 918 15'
- '#histogram 919 18'
- '#histogram 920 14'
- '#histogram 921 19'
- '#histogram 922 16'
- '#histogram 923 12'
- '#histogram 924 9'
- '#histogram 925 18'
- '#histogram 926 16'
- '#histogram 927 24'
- '#histogram 928 16'
- '#histogram 929 17'
- '#histogram 930 12'
- '#histogram 931 19'
- '#histogram 932 22'
- '#histogram 933 26'
- '#histogram 934 12'
- '#histogram 935 16'
- '#histogram 936 18'
- '#histogram 937 19'
- '#histogram 938 19'
- '#histogram 939 17'
- '#histogram 940 16'
- '#histogram 941 21'
- '#histogram 942 23'
- '#histogram 943 22'
- '#histogram 944 13'
- '#histogram 945 13'
- '#histogram 946 14'
- '#histogram 947 18'
- '#histogram 948 20'
- '#histogram 949 14'
- '#histogram 950 14'
- '#histogram 951 16'
- '#histogram 952 21'
- '#histogram 953 30'
- '#histogram 954 15'
- '#histogram 955 14'
- '#histogram 956 25'
- '#histogram 957 21'
- '#histogram 958 21'
- '#histogram 959 18'
- '#histogram 960 13'
- '#histogram 961 18'
- '#histogram 962 17'
- '#histogram 963 23'
- '#histogram 964 16'
- '#histogram 965 16'
- '#histogram 966 15'
- '#histogram 967 14'
- '#histogram 968 8'
- '#histogram 969 11'
- '#histogram 970 15'
- '#histogram 971 16'
- '#histogram 972 20'
- '#histogram 973 12'
- '#histogram 974 18'
- '#histogram 975 13'
- '#histogram 976 14'
- '#histogram 977 20'
- '#histogram 978 17'
- '#histogram 979 23'
- '#histogram 980 15'
- '#histogram 981 23'
- '#histogram 982 18'
- '#histogram 983 23'
- '#histogram 984 30'
- '#histogram 985 20'
- '#histogram 986 13'
- '#histogram 987 20'
- '#histogram 988 14'
- '#histogram 989 17'
- '#histogram 990 20'
- '#histogram 991 19'
- '#histogram 992 20'
- '#histogram 993 11'
- '#histogram 994 14'
- '#histogram 995 17'
- '#histogram 996 20'
- '#histogram 997 22'
- '#histogram 998 18'
- '#histogram 999 24'
- '#histogram 1000 24'
- '#histogram 1001 17'
- '#histogram 1002 13'
- '#histogram 1003 12'
- '#histogram 1004 9'
- '#histogram 1005 6'
- '#histogram 1006 15'
- '#histogram 1007 22'
- '#histogram 1008 20'
- '#histogram 1009 13'
- '#histogram 1010 18'
- '#histogram 1011 17'
- '#histogram 1012 18'
- '#histogram 1013 28'
- '#histogram 1014 21'
- '#histogram 1015 7'
- '#histogram 1016 14'
- '#histogram 1017 13'
- '#histogram 1018 16'
- '#histogram 1019 18'
- '#histogram 1020 20'
- '#histogram 1021 20'
- '#histogram 1022 8'
- '#histogram 1023 14'
- '#histogram 1024 18'
- '#histogram 1025 21'
- '#histogram 1026 18'
- '#histogram 1027 22'
- '#histogram 1028 18'
- '#histogram 1029 11'
- '#histogram 1030 19'
- '#histogram 1031 24'
- '#histogram 1032 19'
- '#histogram 1033 19'
- '#histogram 1034 15'
- '#histogram 1035 19'
- '#histogram 1036 10'
- '#histogram 1037 18'
- '#histogram 1038 19'
- '#histogram 1039 31'
- '#histogram 1040 20'
- '#histogram 1041 16'
- '#histogram 1042 17'
- '#histogram 1043 16'
- '#histogram 1044 11'
- '#histogram 1045 12'
- '#histogram 1046 32'
- '#histogram 1047 10'
- '#histogram 1048 16'
- '#histogram 1049 11'
- '#histogram 1050 18'
- '#histogram 1051 22'
- '#histogram 1052 27'
- '#histogram 1053 20'
- '#histogram 1054 16'
- '#histogram 1055 26'
- '#histogram 1056 14'
- '#histogram 1057 11'
- '#histogram 1058 21'
- '#histogram 1059 16'
- '#histogram 1060 17'
- '#histogram 1061 14'
- '#histogram 1062 16'
- '#histogram 1063 15'
- '#histogram 1064 22'
- '#histogram 1065 18'
- '#histogram 1066 14'
- '#histogram 1067 18'
- '#histogram 1068 25'
- '#histogram 1069 13'
- '#histogram 1070 18'
- '#histogram 1071 21'
- '#histogram 1072 13'
- '#histogram 1073 18'
- '#histogram 1074 28'
- '#histogram 1075 14'
- '#histogram 1076 18'
- '#histogram 1077 17'
- '#histogram 1078 17'
- '#histogram 1079 20'
- '#histogram 1080 20'
- '#histogram 1081 21'
- '#histogram 1082 22'
- '#histogram 1083 15'
- '#histogram 1084 18'
- '#histogram 1085 24'
- '#histogram 1086 13'
- '#histogram 1087 17'
- '#histogram 1088 12'
- '#histogram 1089 22'
- '#histogram 1090 18'
- '#histogram 1091 18'
- '#histogram 1092 11'
- '#histogram 1093 18'
- '#histogram 1094 21'
- '#histogram 1095 18'
- '#histogram 1096 14'
- '#histogram 1097 16'
- '#histogram 1098 18'
- '#histogram 1099 20'
- '#histogram 1100 21'
- '#histogram 1101 18'
- '#histogram 1102 16'
- '#histogram 1103 29'
- '#histogram 1104 25'
- '#histogram 1105 12'
- '#histogram 1106 12'
- '#histogram 1107 20'
- '#histogram 1108 20'
- '#histogram 1109 18'
- '#histogram 1110 20'
- '#histogram 1111 9'
- '#histogram 1112 13'
- '#histogram 1113 14'
- '#histogram 1114 17'
- '#histogram 1115 23'
- '#histogram 1116 23'
- '#histogram 1117 19'
- '#histogram 1118 15'
- '#histogram 1119 16'
- '#histogram 1120 19'
- '#histogram 1121 14'
- '#histogram 1122 15'
- '#histogram 1123 12'
- '#histogram 1124 10'
- '#histogram 1125 14'
- '#histogram 1126 25'
- '#histogram 1127 17'
- '#histogram 1128 20'
- '#histogram 1129 16'
- '#histogram 1130 13'
- '#histogram 1131 17'
- '#histogram 1132 13'
- '#histogram 1133 13'
- '#histogram 1134 16'
- '#histogram 1135 17'
- '#histogram 1136 9'
- '#histogram 1137 7'
- '#histogram 1138 24'
- '#histogram 1139 19'
- '#histogram 1140 12'
- '#histogram 1141 19'
- '#histogram 1142 9'
- '#histogram 1143 18'
- '#histogram 1144 17'
- '#histogram 1145 17'
- '#histogram 1146 11'
- '#histogram 1147 16'
- '#histogram 1148 12'
- '#histogram 1149 22'
- '#histogram 1150 12'
- '#histogram 1151 11'
- '#histogram 1152 15'
- '#histogram 1153 14'
- '#histogram 1154 17'
- '#histogram 1155 17'
- '#histogram 1156 18'
- '#histogram 1157 14'
- '#histogram 1158 10'
- '#histogram 1159 16'
- '#histogram 1160 6'
- '#histogram 1161 15'
- '#histogram 1162 19'
- '#histogram 1163 27'
- '#histogram 1164 27'
- '#histogram 1165 13'
- '#histogram 1166 18'
- '#histogram 1167 15'
- '#histogram 1168 22'
- '#histogram 1169 14'
- '#histogram 1170 21'
- '#histogram 1171 12'
- '#histogram 1172 15'
- '#histogram 1173 16'
- '#histogram 1174 13'
- '#histogram 1175 13'
- '#histogram 1176 10'
- '#histogram 1177 13'
- '#histogram 1178 17'
- '#histogram 1179 12'
- '#histogram 1180 14'
- '#histogram 1181 13'
- '#histogram 1182 15'
- '#histogram 1183 24'
- '#histogram 1184 12'
- '#histogram 1185 17'
- '#histogram 1186 13'
- '#histogram 1187 13'
- '#histogram 1188 11'
- '#histogram 1189 16'
- '#histogram 1190 15'
- '#histogram 1191 23'
- '#histogram 1192 8'
- '#histogram 1193 8'
- '#histogram 1194 19'
- '#histogram 1195 10'
- '#histogram 1196 19'
- '#histogram 1197 16'
- '#histogram 1198 21'
- '#histogram 1199 20'
- '#histogram 1200 15'
- '#histogram 1201 19'
- '#histogram 1202 11'
- '#histogram 1203 12'
- '#histogram 1204 14'
- '#histogram 1205 12'
- '#histogram 1206 13'
- '#histogram 1207 11'
- '#histogram 1208 17'
- '#histogram 1209 12'
- '#histogram 1210 11'
- '#histogram 1211 13'
- '#histogram 1212 6'
- '#histogram 1213 12'
- '#histogram 1214 9'
- '#histogram 1215 12'
- '#histogram 1216 21'
- '#histogram 1217 10'
- '#histogram 1218 11'
- '#histogram 1219 18'
- '#histogram 1220 11'
- '#histogram 1221 21'
- '#histogram 1222 6'
- '#histogram 1223 11'
- '#histogram 1224 9'
- '#histogram 1225 10'
- '#histogram 1226 15'
- '#histogram 1227 13'
- '#histogram 1228 19'
- '#histogram 1229 18'
- '#histogram 1230 15'
- '#histogram 1231 26'
- '#histogram 1232 11'
- '#histogram 1233 17'
- '#histogram 1234 14'
- '#histogram 1235 21'
- '#histogram 1236 19'
- '#histogram 1237 20'
- '#histogram 1238 14'
- '#histogram 1239 13'
- '#histogram 1240 7'
- '#histogram 1241 10'
- '#histogram 1242 11'
- '#histogram 1243 9'
- '#histogram 1244 10'
- '#histogram 1245 15'
- '#histogram 1246 21'
- '#histogram 1247 13'
- '#histogram 1248 7'
- '#histogram 1249 6'
- '#histogram 1250 7'
- '#histogram 1251 12'
- '#histogram 1252 17'
- '#histogram 1253 14'
- '#histogram 1254 10'
- '#histogram 1255 14'
- '#histogram 1256 12'
- '#histogram 1257 15'
- '#histogram 1258 7'
- '#histogram 1259 7'
- '#histogram 1260 19'
- '#histogram 1261 15'
- '#histogram 1262 6'
- '#histogram 1263 16'
- '#histogram 1264 21'
- '#histogram 1265 10'
- '#histogram 1266 6'
- '#histogram 1267 10'
- '#histogram 1268 16'
- '#histogram 1269 10'
- '#histogram 1270 10'
- '#histogram 1271 10'
- '#histogram 1272 15'
- '#histogram 1273 10'
- '#histogram 1274 10'
- '#histogram 1275 11'
- '#histogram 1276 15'
- '#histogram 1277 9'
- '#histogram 1278 17'
- '#histogram 1279 8'
- '#histogram 1280 10'
- '#histogram 1281 13'
- '#histogram 1282 11'
- '#histogram 1283 7'
- '#histogram 1284 10'
- '#histogram 1285 8'
- '#histogram 1286 14'
- '#histogram 1287 12'
- '#histogram 1288 11'
- '#histogram 1289 6'
- '#histogram 1290 8'
- '#histogram 1291 12'
- '#histogram 1292 12'
- '#histogram 1293 11'
- '#histogram 1294 7'
- '#histogram 1295 7'
- '#histogram 1296 8'
- '#histogram 1297 3'
- '#histogram 1298 16'
- '#histogram 1299 14'
- '#histogram 1300 14'
- '#histogram 1301 11'
- '#histogram 1302 17'
- '#histogram 1303 8'
- '#histogram 1304 8'
- '#histogram 1305 10'
- '#histogram 1306 8'
- '#histogram 1307 9'
- '#histogram 1308 6'
- '#histogram 1309 16'
- '#histogram 1310 15'
- '#histogram 1311 10'
- '#histogram 1312 11'
- '#histogram 1313 12'
- '#histogram 1314 8'
- '#histogram 1315 8'
- '#histogram 1316 9'
- '#histogram 1317 9'
- '#histogram 1318 10'
- '#histogram 1319 11'
- '#histogram 1320 15'
- '#histogram 1321 8'
- '#histogram 1322 6'
- '#histogram 1323 8'
- '#histogram 1324 8'
- '#histogram 1325 9'
- '#histogram 1326 4'
- '#histogram 1327 5'
- '#histogram 1328 7'
- '#histogram 1329 11'
- '#histogram 1330 8'
- '#histogram 1331 10'
- '#histogram 1332 8'
- '#histogram 1333 7'
- '#histogram 1334 7'
- '#histogram 1335 6'
- '#histogram 1336 13'
- '#histogram 1337 7'
- '#histogram 1338 7'
- '#histogram 1339 5'
- '#histogram 1340 7'
- '#histogram 1341 4'
- '#histogram 1342 9'
- '#histogram 1343 5'
- '#histogram 1344 3'
- '#histogram 1345 1'
- '#histogram 1346 10'
- '#histogram 1347 14'
- '#histogram 1348 7'
- '#histogram 1349 13'
- '#histogram 1350 3'
- '#histogram 1351 7'
- '#histogram 1352 8'
- '#histogram 1353 3'
- '#histogram 1354 10'
- '#histogram 1355 8'
- '#histogram 1356 5'
- '#histogram 1357 6'
- '#histogram 1358 4'
- '#histogram 1359 7'
- '#histogram 1360 2'
- '#histogram 1361 6'
- '#histogram 1362 7'
- '#histogram 1363 3'
- '#histogram 1364 7'
- '#histogram 1365 4'
- '#histogram 1366 5'
- '#histogram 1367 3'
- '#histogram 1368 7'
- '#histogram 1369 5'
- '#histogram 1370 11'
- '#histogram 1371 4'
- '#histogram 1372 8'
- '#histogram 1373 7'
- '#histogram 1374 9'
- '#histogram 1375 5'
- '#histogram 1376 5'
- '#histogram 1377 4'
- '#histogram 1378 7'
- '#histogram 1379 6'
- '#histogram 1380 6'
- '#histogram 1381 7'
- '#histogram 1382 6'
- '#histogram 1383 5'
- '#histogram 1384 9'
- '#histogram 1385 3'
- '#histogram 1386 4'
- '#histogram 1387 8'
- '#histogram 1388 5'
- '#histogram 1389 7'
- '#histogram 1390 3'
- '#histogram 1391 6'
- '#histogram 1392 5'
- '#histogram 1393 4'
- '#histogram 1394 7'
- '#histogram 1395 6'
- '#histogram 1396 3'
- '#histogram 1397 5'
- '#histogram 1398 2'
- '#histogram 1399 3'
- '#histogram 1400 5'
- '#histogram 1401 7'
- '#histogram 1402 5'
- '#histogram 1403 5'
- '#histogram 1404 7'
- '#histogram 1405 4'
- '#histogram 1406 4'
- '#histogram 1407 2'
- '#histogram 1408 1'
- '#histogram 1409 6'
- '#histogram 1410 5'
- '#histogram 1411 8'
- '#histogram 1412 3'
- '#histogram 1413 4'
- '#histogram 1414 3'
- '#histogram 1415 2'
- '#histogram 1416 6'
- '#histogram 1417 5'
- '#histogram 1418 5'
- '#histogram 1419 4'
- '#histogram 1420 2'
- '#histogram 1421 3'
- '#histogram 1422 3'
- '#histogram 1423 2'
- '#histogram 1424 6'
- '#histogram 1425 1'
- '#histogram 1426 4'
- '#histogram 1427 4'
- '#histogram 1428 2'
- '#histogram 1429 5'
- '#histogram 1430 3'
- '#histogram 1431 1'
- '#histogram 1432 5'
- '#histogram 1433 4'
- '#histogram 1434 2'
- '#histogram 1435 1'
- '#histogram 1436 3'
- '#histogram 1437 3'
- '#histogram 1438 1'
- '#histogram 1439 1'
- '#histogram 1440 6'
- '#histogram 1441 5'
- '#histogram 1442 4'
- '#histogram 1443 3'
- '#histogram 1445 4'
- '#histogram 1446 1'
- '#histogram 1447 2'
- '#histogram 1448 2'
- '#histogram 1449 4'
- '#histogram 1450 2'
- '#histogram 1451 5'
- '#histogram 1452 6'
- '#histogram 1453 4'
- '#histogram 1454 4'
- '#histogram 1455 3'
- '#histogram 1456 1'
- '#histogram 1458 3'
- '#histogram 1459 3'
- '#histogram 1460 4'
- '#histogram 1461 5'
- '#histogram 1462 4'
- '#histogram 1463 3'
- '#histogram 1464 4'
- '#histogram 1466 3'
- '#histogram 1467 3'
- '#histogram 1468 4'
- '#histogram 1470 2'
- '#histogram 1471 1'
- '#histogram 1472 3'
- '#histogram 1473 5'
- '#histogram 1474 7'
- '#histogram 1475 3'
- '#histogram 1476 6'
- '#histogram 1477 3'
- '#histogram 1478 4'
- '#histogram 1479 3'
- '#histogram 1480 3'
- '#histogram 1481 3'
- '#histogram 1482 1'
- '#histogram 1483 2'
- '#histogram 1484 3'
- '#histogram 1486 3'
- '#histogram 1487 3'
- '#histogram 1488 3'
- '#histogram 1489 2'
- '#histogram 1490 1'
- '#histogram 1491 4'
- '#histogram 1492 4'
- '#histogram 1493 2'
- '#histogram 1494 2'
- '#histogram 1495 4'
- '#histogram 1496 6'
- '#histogram 1497 4'
- '#histogram 1498 1'
- '#histogram 1499 1'
- '#histogram 1500 4'
- '#histogram 1501 3'
- '#histogram 1502 4'
- '#histogram 1503 2'
- '#histogram 1505 2'
- '#histogram 1506 1'
- '#histogram 1507 7'
- '#histogram 1508 1'
- '#histogram 1510 2'
- '#histogram 1511 2'
- '#histogram 1512 4'
- '#histogram 1513 2'
- '#histogram 1514 1'
- '#histogram 1516 2'
- '#histogram 1517 2'
- '#histogram 1518 2'
- '#histogram 1519 2'
- '#histogram 1520 1'
- '#histogram 1521 2'
- '#histogram 1522 2'
- '#histogram 1523 2'
- '#histogram 1525 2'
- '#histogram 1526 2'
- '#histogram 1527 2'
- '#histogram 1528 3'
- '#histogram 1529 2'
- '#histogram 1530 3'
- '#histogram 1531 3'
- '#histogram 1532 3'
- '#histogram 1533 3'
- '#histogram 1535 3'
- '#histogram 1537 1'
- '#histogram 1538 2'
- '#histogram 1539 2'
- '#histogram 1540 1'
- '#histogram 1542 3'
- '#histogram 1543 3'
- '#histogram 1544 4'
- '#histogram 1545 1'
- '#histogram 1546 5'
- '#histogram 1548 1'
- '#histogram 1549 1'
- '#histogram 1551 1'
- '#histogram 1552 1'
- '#histogram 1553 1'
- '#histogram 1554 1'
- '#histogram 1555 3'
- '#histogram 1557 2'
- '#histogram 1558 3'
- '#histogram 1559 4'
- '#histogram 1560 2'
- '#histogram 1562 1'
- '#histogram 1563 3'
- '#histogram 1564 1'
- '#histogram 1565 1'
- '#histogram 1567 1'
- '#histogram 1568 4'
- '#histogram 1569 1'
- '#histogram 1570 2'
- '#histogram 1572 2'
- '#histogram 1573 1'
- '#histogram 1575 1'
- '#histogram 1576 1'
- '#histogram 1578 1'
- '#histogram 1581 1'
- '#histogram 1583 1'
- '#histogram 1584 1'
- '#histogram 1588 1'
- '#histogram 1589 2'
- '#histogram 1590 2'
- '#histogram 1594 1'
- '#histogram 1595 1'
- '#histogram 1596 1'
- '#histogram 1597 1'
- '#histogram 1601 2'
- '#histogram 1602 2'
- '#histogram 1603 2'
- '#histogram 1604 1'
- '#histogram 1607 1'
- '#histogram 1610 1'
- '#histogram 1612 1'
- '#histogram 1615 2'
- '#histogram 1617 1'
- '#histogram 1619 2'
- '#histogram 1622 2'
- '#histogram 1623 1'
- '#histogram 1624 1'
- '#histogram 1625 1'
- '#histogram 1626 1'
- '#histogram 1628 1'
- '#histogram 1629 1'
- '#histogram 1634 1'
- '#histogram 1636 1'
- '#histogram 1637 1'
- '#histogram 1640 1'
- '#histogram 1641 2'
- '#histogram 1646 1'
- '#histogram 1651 2'
- '#histogram 1652 1'
- '#histogram 1653 1'
- '#histogram 1654 1'
- '#histogram 1660 2'
- '#histogram 1662 1'
- '#histogram 1664 1'
- '#histogram 1665 1'
- '#histogram 1667 1'
- '#histogram 1675 1'
- '#histogram 1680 1'
- '#histogram 1685 1'
- '#histogram 1686 1'
- '#histogram 1693 1'
- '#histogram 1697 1'
- '#histogram 1701 1'
- '#histogram 1702 1'
- '#histogram 1706 1'
- '#histogram 1712 1'
- '#histogram 1714 1'
- '#histogram 1718 2'
- '#histogram 1720 1'
- '#histogram 1728 1'
- '#histogram 1732 2'
- '#histogram 1735 1'
- '#histogram 1740 1'
- '#histogram 1741 2'
- '#histogram 1742 1'
- '#histogram 1746 1'
- '#histogram 1757 2'
- '#histogram 1770 1'
- '#histogram 1784 1'
- '#histogram 1861 1'
- '#histogram 1938 1'
- '#histogram 2048 1'
- '#histogram 2068 1'
- '#histogram 2708 1'
- ''
