code: 0
data:
  avg_latency: 0.166258
  histogram:
  - - 0
    - 0
  - - 1
    - 41
  - - 2
    - 217
  - - 3
    - 363
  - - 4
    - 429
  - - 5
    - 467
  - - 6
    - 505
  - - 7
    - 578
  - - 8
    - 518
  - - 9
    - 555
  - - 10
    - 571
  - - 11
    - 616
  - - 12
    - 557
  - - 13
    - 570
  - - 14
    - 603
  - - 15
    - 614
  - - 16
    - 625
  - - 17
    - 596
  - - 18
    - 638
  - - 19
    - 694
  - - 20
    - 656
  - - 21
    - 688
  - - 22
    - 662
  - - 23
    - 707
  - - 24
    - 756
  - - 25
    - 796
  - - 26
    - 757
  - - 27
    - 859
  - - 28
    - 798
  - - 29
    - 867
  - - 30
    - 856
  - - 31
    - 904
  - - 32
    - 892
  - - 33
    - 943
  - - 34
    - 969
  - - 35
    - 963
  - - 36
    - 983
  - - 37
    - 1082
  - - 38
    - 1032
  - - 39
    - 1037
  - - 40
    - 1052
  - - 41
    - 1107
  - - 42
    - 1100
  - - 43
    - 1147
  - - 44
    - 1157
  - - 45
    - 1115
  - - 46
    - 1131
  - - 47
    - 1134
  - - 48
    - 1151
  - - 49
    - 1209
  - - 50
    - 1178
  - - 51
    - 1165
  - - 52
    - 1273
  - - 53
    - 1185
  - - 54
    - 1242
  - - 55
    - 1233
  - - 56
    - 1254
  - - 57
    - 1206
  - - 58
    - 1279
  - - 59
    - 1248
  - - 60
    - 1269
  - - 61
    - 1195
  - - 62
    - 1189
  - - 63
    - 1260
  - - 64
    - 1308
  - - 65
    - 1212
  - - 66
    - 1211
  - - 67
    - 1266
  - - 68
    - 1278
  - - 69
    - 1292
  - - 70
    - 1263
  - - 71
    - 1235
  - - 72
    - 1237
  - - 73
    - 1277
  - - 74
    - 1215
  - - 75
    - 1229
  - - 76
    - 1270
  - - 77
    - 1239
  - - 78
    - 1264
  - - 79
    - 1308
  - - 80
    - 1137
  - - 81
    - 1204
  - - 82
    - 1226
  - - 83
    - 1197
  - - 84
    - 1218
  - - 85
    - 1076
  - - 86
    - 1107
  - - 87
    - 1145
  - - 88
    - 1165
  - - 89
    - 1140
  - - 90
    - 1103
  - - 91
    - 1092
  - - 92
    - 1050
  - - 93
    - 1112
  - - 94
    - 1139
  - - 95
    - 1065
  - - 96
    - 1067
  - - 97
    - 1099
  - - 98
    - 1008
  - - 99
    - 1060
  - - 100
    - 1075
  - - 101
    - 1074
  - - 102
    - 949
  - - 103
    - 945
  - - 104
    - 930
  - - 105
    - 1002
  - - 106
    - 934
  - - 107
    - 933
  - - 108
    - 964
  - - 109
    - 958
  - - 110
    - 972
  - - 111
    - 838
  - - 112
    - 873
  - - 113
    - 856
  - - 114
    - 859
  - - 115
    - 869
  - - 116
    - 826
  - - 117
    - 858
  - - 118
    - 788
  - - 119
    - 808
  - - 120
    - 783
  - - 121
    - 779
  - - 122
    - 800
  - - 123
    - 709
  - - 124
    - 744
  - - 125
    - 778
  - - 126
    - 711
  - - 127
    - 702
  - - 128
    - 704
  - - 129
    - 672
  - - 130
    - 700
  - - 131
    - 689
  - - 132
    - 659
  - - 133
    - 636
  - - 134
    - 649
  - - 135
    - 627
  - - 136
    - 632
  - - 137
    - 598
  - - 138
    - 613
  - - 139
    - 661
  - - 140
    - 588
  - - 141
    - 579
  - - 142
    - 613
  - - 143
    - 565
  - - 144
    - 578
  - - 145
    - 526
  - - 146
    - 539
  - - 147
    - 535
  - - 148
    - 538
  - - 149
    - 526
  - - 150
    - 510
  - - 151
    - 481
  - - 152
    - 460
  - - 153
    - 500
  - - 154
    - 510
  - - 155
    - 482
  - - 156
    - 442
  - - 157
    - 482
  - - 158
    - 435
  - - 159
    - 443
  - - 160
    - 420
  - - 161
    - 403
  - - 162
    - 400
  - - 163
    - 380
  - - 164
    - 387
  - - 165
    - 357
  - - 166
    - 389
  - - 167
    - 373
  - - 168
    - 346
  - - 169
    - 385
  - - 170
    - 353
  - - 171
    - 362
  - - 172
    - 330
  - - 173
    - 324
  - - 174
    - 313
  - - 175
    - 321
  - - 176
    - 303
  - - 177
    - 343
  - - 178
    - 321
  - - 179
    - 309
  - - 180
    - 300
  - - 181
    - 297
  - - 182
    - 288
  - - 183
    - 306
  - - 184
    - 281
  - - 185
    - 275
  - - 186
    - 281
  - - 187
    - 285
  - - 188
    - 275
  - - 189
    - 268
  - - 190
    - 239
  - - 191
    - 259
  - - 192
    - 219
  - - 193
    - 232
  - - 194
    - 231
  - - 195
    - 225
  - - 196
    - 222
  - - 197
    - 205
  - - 198
    - 195
  - - 199
    - 196
  - - 200
    - 228
  - - 201
    - 215
  - - 202
    - 230
  - - 203
    - 182
  - - 204
    - 205
  - - 205
    - 199
  - - 206
    - 190
  - - 207
    - 186
  - - 208
    - 162
  - - 209
    - 175
  - - 210
    - 199
  - - 211
    - 182
  - - 212
    - 187
  - - 213
    - 163
  - - 214
    - 166
  - - 215
    - 183
  - - 216
    - 185
  - - 217
    - 142
  - - 218
    - 155
  - - 219
    - 148
  - - 220
    - 148
  - - 221
    - 167
  - - 222
    - 161
  - - 223
    - 156
  - - 224
    - 129
  - - 225
    - 128
  - - 226
    - 122
  - - 227
    - 151
  - - 228
    - 140
  - - 229
    - 121
  - - 230
    - 118
  - - 231
    - 131
  - - 232
    - 122
  - - 233
    - 103
  - - 234
    - 118
  - - 235
    - 118
  - - 236
    - 94
  - - 237
    - 129
  - - 238
    - 86
  - - 239
    - 92
  - - 240
    - 115
  - - 241
    - 93
  - - 242
    - 103
  - - 243
    - 90
  - - 244
    - 100
  - - 245
    - 93
  - - 246
    - 120
  - - 247
    - 105
  - - 248
    - 96
  - - 249
    - 83
  - - 250
    - 86
  - - 251
    - 73
  - - 252
    - 76
  - - 253
    - 73
  - - 254
    - 89
  - - 255
    - 81
  - - 256
    - 76
  - - 257
    - 83
  - - 258
    - 58
  - - 259
    - 72
  - - 260
    - 73
  - - 261
    - 69
  - - 262
    - 71
  - - 263
    - 77
  - - 264
    - 45
  - - 265
    - 58
  - - 266
    - 78
  - - 267
    - 66
  - - 268
    - 59
  - - 269
    - 50
  - - 270
    - 47
  - - 271
    - 50
  - - 272
    - 42
  - - 273
    - 61
  - - 274
    - 64
  - - 275
    - 41
  - - 276
    - 60
  - - 277
    - 67
  - - 278
    - 45
  - - 279
    - 55
  - - 280
    - 41
  - - 281
    - 47
  - - 282
    - 50
  - - 283
    - 47
  - - 284
    - 41
  - - 285
    - 51
  - - 286
    - 40
  - - 287
    - 44
  - - 288
    - 47
  - - 289
    - 40
  - - 290
    - 60
  - - 291
    - 47
  - - 292
    - 37
  - - 293
    - 51
  - - 294
    - 37
  - - 295
    - 40
  - - 296
    - 35
  - - 297
    - 41
  - - 298
    - 29
  - - 299
    - 39
  - - 300
    - 35
  - - 301
    - 39
  - - 302
    - 31
  - - 303
    - 34
  - - 304
    - 38
  - - 305
    - 39
  - - 306
    - 41
  - - 307
    - 34
  - - 308
    - 42
  - - 309
    - 43
  - - 310
    - 37
  - - 311
    - 41
  - - 312
    - 27
  - - 313
    - 40
  - - 314
    - 34
  - - 315
    - 54
  - - 316
    - 35
  - - 317
    - 28
  - - 318
    - 46
  - - 319
    - 35
  - - 320
    - 45
  - - 321
    - 26
  - - 322
    - 33
  - - 323
    - 35
  - - 324
    - 33
  - - 325
    - 25
  - - 326
    - 26
  - - 327
    - 24
  - - 328
    - 40
  - - 329
    - 30
  - - 330
    - 20
  - - 331
    - 24
  - - 332
    - 32
  - - 333
    - 22
  - - 334
    - 33
  - - 335
    - 16
  - - 336
    - 27
  - - 337
    - 26
  - - 338
    - 19
  - - 339
    - 17
  - - 340
    - 19
  - - 341
    - 21
  - - 342
    - 25
  - - 343
    - 26
  - - 344
    - 23
  - - 345
    - 21
  - - 346
    - 31
  - - 347
    - 27
  - - 348
    - 19
  - - 349
    - 19
  - - 350
    - 21
  - - 351
    - 27
  - - 352
    - 22
  - - 353
    - 20
  - - 354
    - 24
  - - 355
    - 18
  - - 356
    - 19
  - - 357
    - 20
  - - 358
    - 25
  - - 359
    - 27
  - - 360
    - 23
  - - 361
    - 23
  - - 362
    - 25
  - - 363
    - 19
  - - 364
    - 14
  - - 365
    - 20
  - - 366
    - 27
  - - 367
    - 9
  - - 368
    - 23
  - - 369
    - 19
  - - 370
    - 20
  - - 371
    - 23
  - - 372
    - 17
  - - 373
    - 20
  - - 374
    - 18
  - - 375
    - 20
  - - 376
    - 18
  - - 377
    - 15
  - - 378
    - 23
  - - 379
    - 24
  - - 380
    - 19
  - - 381
    - 28
  - - 382
    - 20
  - - 383
    - 19
  - - 384
    - 26
  - - 385
    - 10
  - - 386
    - 20
  - - 387
    - 16
  - - 388
    - 18
  - - 389
    - 16
  - - 390
    - 16
  - - 391
    - 18
  - - 392
    - 17
  - - 393
    - 13
  - - 394
    - 19
  - - 395
    - 17
  - - 396
    - 23
  - - 397
    - 16
  - - 398
    - 22
  - - 399
    - 18
  - - 400
    - 19
  - - 401
    - 24
  - - 402
    - 23
  - - 403
    - 17
  - - 404
    - 15
  - - 405
    - 14
  - - 406
    - 18
  - - 407
    - 10
  - - 408
    - 16
  - - 409
    - 11
  - - 410
    - 17
  - - 411
    - 24
  - - 412
    - 17
  - - 413
    - 14
  - - 414
    - 16
  - - 415
    - 12
  - - 416
    - 20
  - - 417
    - 19
  - - 418
    - 20
  - - 419
    - 16
  - - 420
    - 12
  - - 421
    - 15
  - - 422
    - 13
  - - 423
    - 12
  - - 424
    - 15
  - - 425
    - 12
  - - 426
    - 19
  - - 427
    - 18
  - - 428
    - 14
  - - 429
    - 15
  - - 430
    - 10
  - - 431
    - 21
  - - 432
    - 10
  - - 433
    - 20
  - - 434
    - 22
  - - 435
    - 20
  - - 436
    - 17
  - - 437
    - 14
  - - 438
    - 17
  - - 439
    - 22
  - - 440
    - 16
  - - 441
    - 24
  - - 442
    - 14
  - - 443
    - 20
  - - 444
    - 18
  - - 445
    - 13
  - - 446
    - 20
  - - 447
    - 24
  - - 448
    - 11
  - - 449
    - 14
  - - 450
    - 18
  - - 451
    - 15
  - - 452
    - 20
  - - 453
    - 12
  - - 454
    - 16
  - - 455
    - 9
  - - 456
    - 21
  - - 457
    - 8
  - - 458
    - 18
  - - 459
    - 22
  - - 460
    - 26
  - - 461
    - 14
  - - 462
    - 16
  - - 463
    - 10
  - - 464
    - 15
  - - 465
    - 13
  - - 466
    - 15
  - - 467
    - 14
  - - 468
    - 20
  - - 469
    - 15
  - - 470
    - 17
  - - 471
    - 21
  - - 472
    - 10
  - - 473
    - 17
  - - 474
    - 15
  - - 475
    - 18
  - - 476
    - 10
  - - 477
    - 15
  - - 478
    - 14
  - - 479
    - 13
  - - 480
    - 22
  - - 481
    - 24
  - - 482
    - 19
  - - 483
    - 18
  - - 484
    - 28
  - - 485
    - 14
  - - 486
    - 17
  - - 487
    - 11
  - - 488
    - 11
  - - 489
    - 13
  - - 490
    - 16
  - - 491
    - 9
  - - 492
    - 13
  - - 493
    - 18
  - - 494
    - 14
  - - 495
    - 16
  - - 496
    - 15
  - - 497
    - 11
  - - 498
    - 5
  - - 499
    - 8
  - - 500
    - 16
  - - 501
    - 13
  - - 502
    - 9
  - - 503
    - 8
  - - 504
    - 17
  - - 505
    - 11
  - - 506
    - 14
  - - 507
    - 6
  - - 508
    - 12
  - - 509
    - 13
  - - 510
    - 20
  - - 511
    - 16
  - - 512
    - 11
  - - 513
    - 14
  - - 514
    - 18
  - - 515
    - 15
  - - 516
    - 17
  - - 517
    - 8
  - - 518
    - 11
  - - 519
    - 15
  - - 520
    - 15
  - - 521
    - 21
  - - 522
    - 9
  - - 523
    - 13
  - - 524
    - 14
  - - 525
    - 21
  - - 526
    - 16
  - - 527
    - 15
  - - 528
    - 10
  - - 529
    - 7
  - - 530
    - 14
  - - 531
    - 8
  - - 532
    - 9
  - - 533
    - 15
  - - 534
    - 12
  - - 535
    - 11
  - - 536
    - 17
  - - 537
    - 19
  - - 538
    - 15
  - - 539
    - 15
  - - 540
    - 11
  - - 541
    - 13
  - - 542
    - 20
  - - 543
    - 14
  - - 544
    - 12
  - - 545
    - 17
  - - 546
    - 11
  - - 547
    - 8
  - - 548
    - 14
  - - 549
    - 10
  - - 550
    - 24
  - - 551
    - 13
  - - 552
    - 11
  - - 553
    - 9
  - - 554
    - 19
  - - 555
    - 16
  - - 556
    - 15
  - - 557
    - 10
  - - 558
    - 14
  - - 559
    - 9
  - - 560
    - 15
  - - 561
    - 19
  - - 562
    - 22
  - - 563
    - 16
  - - 564
    - 9
  - - 565
    - 10
  - - 566
    - 14
  - - 567
    - 14
  - - 568
    - 16
  - - 569
    - 12
  - - 570
    - 9
  - - 571
    - 12
  - - 572
    - 16
  - - 573
    - 10
  - - 574
    - 6
  - - 575
    - 12
  - - 576
    - 14
  - - 577
    - 7
  - - 578
    - 9
  - - 579
    - 17
  - - 580
    - 20
  - - 581
    - 16
  - - 582
    - 15
  - - 583
    - 12
  - - 584
    - 6
  - - 585
    - 17
  - - 586
    - 11
  - - 587
    - 6
  - - 588
    - 12
  - - 589
    - 18
  - - 590
    - 7
  - - 591
    - 14
  - - 592
    - 9
  - - 593
    - 9
  - - 594
    - 14
  - - 595
    - 24
  - - 596
    - 18
  - - 597
    - 14
  - - 598
    - 18
  - - 599
    - 19
  - - 600
    - 16
  - - 601
    - 8
  - - 602
    - 8
  - - 603
    - 10
  - - 604
    - 16
  - - 605
    - 21
  - - 606
    - 12
  - - 607
    - 18
  - - 608
    - 13
  - - 609
    - 21
  - - 610
    - 10
  - - 611
    - 13
  - - 612
    - 10
  - - 613
    - 9
  - - 614
    - 11
  - - 615
    - 15
  - - 616
    - 17
  - - 617
    - 20
  - - 618
    - 13
  - - 619
    - 16
  - - 620
    - 11
  - - 621
    - 15
  - - 622
    - 17
  - - 623
    - 11
  - - 624
    - 19
  - - 625
    - 15
  - - 626
    - 20
  - - 627
    - 15
  - - 628
    - 13
  - - 629
    - 15
  - - 630
    - 12
  - - 631
    - 13
  - - 632
    - 10
  - - 633
    - 12
  - - 634
    - 7
  - - 635
    - 14
  - - 636
    - 13
  - - 637
    - 19
  - - 638
    - 10
  - - 639
    - 15
  - - 640
    - 8
  - - 641
    - 9
  - - 642
    - 7
  - - 643
    - 12
  - - 644
    - 10
  - - 645
    - 12
  - - 646
    - 16
  - - 647
    - 13
  - - 648
    - 13
  - - 649
    - 11
  - - 650
    - 12
  - - 651
    - 14
  - - 652
    - 17
  - - 653
    - 14
  - - 654
    - 24
  - - 655
    - 11
  - - 656
    - 13
  - - 657
    - 14
  - - 658
    - 5
  - - 659
    - 14
  - - 660
    - 7
  - - 661
    - 16
  - - 662
    - 19
  - - 663
    - 17
  - - 664
    - 16
  - - 665
    - 14
  - - 666
    - 15
  - - 667
    - 17
  - - 668
    - 12
  - - 669
    - 14
  - - 670
    - 15
  - - 671
    - 17
  - - 672
    - 9
  - - 673
    - 18
  - - 674
    - 21
  - - 675
    - 22
  - - 676
    - 14
  - - 677
    - 17
  - - 678
    - 13
  - - 679
    - 15
  - - 680
    - 19
  - - 681
    - 15
  - - 682
    - 12
  - - 683
    - 12
  - - 684
    - 13
  - - 685
    - 18
  - - 686
    - 18
  - - 687
    - 13
  - - 688
    - 13
  - - 689
    - 14
  - - 690
    - 19
  - - 691
    - 23
  - - 692
    - 23
  - - 693
    - 19
  - - 694
    - 10
  - - 695
    - 13
  - - 696
    - 13
  - - 697
    - 9
  - - 698
    - 15
  - - 699
    - 15
  - - 700
    - 9
  - - 701
    - 14
  - - 702
    - 20
  - - 703
    - 7
  - - 704
    - 15
  - - 705
    - 9
  - - 706
    - 14
  - - 707
    - 13
  - - 708
    - 12
  - - 709
    - 13
  - - 710
    - 14
  - - 711
    - 10
  - - 712
    - 12
  - - 713
    - 25
  - - 714
    - 12
  - - 715
    - 11
  - - 716
    - 13
  - - 717
    - 11
  - - 718
    - 18
  - - 719
    - 14
  - - 720
    - 11
  - - 721
    - 17
  - - 722
    - 16
  - - 723
    - 22
  - - 724
    - 10
  - - 725
    - 15
  - - 726
    - 17
  - - 727
    - 21
  - - 728
    - 14
  - - 729
    - 16
  - - 730
    - 15
  - - 731
    - 17
  - - 732
    - 18
  - - 733
    - 13
  - - 734
    - 13
  - - 735
    - 12
  - - 736
    - 14
  - - 737
    - 5
  - - 738
    - 12
  - - 739
    - 9
  - - 740
    - 19
  - - 741
    - 19
  - - 742
    - 13
  - - 743
    - 15
  - - 744
    - 15
  - - 745
    - 20
  - - 746
    - 9
  - - 747
    - 10
  - - 748
    - 11
  - - 749
    - 20
  - - 750
    - 22
  - - 751
    - 14
  - - 752
    - 8
  - - 753
    - 11
  - - 754
    - 17
  - - 755
    - 23
  - - 756
    - 17
  - - 757
    - 17
  - - 758
    - 14
  - - 759
    - 9
  - - 760
    - 5
  - - 761
    - 17
  - - 762
    - 13
  - - 763
    - 10
  - - 764
    - 16
  - - 765
    - 18
  - - 766
    - 19
  - - 767
    - 22
  - - 768
    - 15
  - - 769
    - 12
  - - 770
    - 12
  - - 771
    - 18
  - - 772
    - 20
  - - 773
    - 12
  - - 774
    - 13
  - - 775
    - 19
  - - 776
    - 16
  - - 777
    - 13
  - - 778
    - 12
  - - 779
    - 11
  - - 780
    - 21
  - - 781
    - 17
  - - 782
    - 15
  - - 783
    - 25
  - - 784
    - 21
  - - 785
    - 19
  - - 786
    - 17
  - - 787
    - 17
  - - 788
    - 26
  - - 789
    - 22
  - - 790
    - 11
  - - 791
    - 19
  - - 792
    - 24
  - - 793
    - 15
  - - 794
    - 14
  - - 795
    - 14
  - - 796
    - 22
  - - 797
    - 21
  - - 798
    - 15
  - - 799
    - 22
  - - 800
    - 15
  - - 801
    - 17
  - - 802
    - 15
  - - 803
    - 13
  - - 804
    - 15
  - - 805
    - 13
  - - 806
    - 14
  - - 807
    - 13
  - - 808
    - 15
  - - 809
    - 12
  - - 810
    - 15
  - - 811
    - 20
  - - 812
    - 20
  - - 813
    - 14
  - - 814
    - 21
  - - 815
    - 15
  - - 816
    - 18
  - - 817
    - 17
  - - 818
    - 17
  - - 819
    - 12
  - - 820
    - 17
  - - 821
    - 12
  - - 822
    - 19
  - - 823
    - 25
  - - 824
    - 15
  - - 825
    - 19
  - - 826
    - 15
  - - 827
    - 19
  - - 828
    - 14
  - - 829
    - 19
  - - 830
    - 16
  - - 831
    - 19
  - - 832
    - 10
  - - 833
    - 17
  - - 834
    - 17
  - - 835
    - 21
  - - 836
    - 18
  - - 837
    - 15
  - - 838
    - 15
  - - 839
    - 16
  - - 840
    - 22
  - - 841
    - 15
  - - 842
    - 13
  - - 843
    - 12
  - - 844
    - 18
  - - 845
    - 13
  - - 846
    - 18
  - - 847
    - 18
  - - 848
    - 21
  - - 849
    - 18
  - - 850
    - 18
  - - 851
    - 15
  - - 852
    - 21
  - - 853
    - 22
  - - 854
    - 18
  - - 855
    - 14
  - - 856
    - 17
  - - 857
    - 16
  - - 858
    - 13
  - - 859
    - 15
  - - 860
    - 12
  - - 861
    - 10
  - - 862
    - 21
  - - 863
    - 13
  - - 864
    - 20
  - - 865
    - 18
  - - 866
    - 20
  - - 867
    - 20
  - - 868
    - 18
  - - 869
    - 14
  - - 870
    - 21
  - - 871
    - 17
  - - 872
    - 17
  - - 873
    - 17
  - - 874
    - 12
  - - 875
    - 15
  - - 876
    - 18
  - - 877
    - 15
  - - 878
    - 18
  - - 879
    - 16
  - - 880
    - 18
  - - 881
    - 15
  - - 882
    - 12
  - - 883
    - 14
  - - 884
    - 16
  - - 885
    - 19
  - - 886
    - 14
  - - 887
    - 22
  - - 888
    - 20
  - - 889
    - 15
  - - 890
    - 21
  - - 891
    - 18
  - - 892
    - 23
  - - 893
    - 15
  - - 894
    - 23
  - - 895
    - 13
  - - 896
    - 21
  - - 897
    - 26
  - - 898
    - 24
  - - 899
    - 19
  - - 900
    - 15
  - - 901
    - 20
  - - 902
    - 21
  - - 903
    - 19
  - - 904
    - 22
  - - 905
    - 12
  - - 906
    - 16
  - - 907
    - 20
  - - 908
    - 17
  - - 909
    - 16
  - - 910
    - 15
  - - 911
    - 8
  - - 912
    - 19
  - - 913
    - 20
  - - 914
    - 9
  - - 915
    - 13
  - - 916
    - 15
  - - 917
    - 15
  - - 918
    - 11
  - - 919
    - 17
  - - 920
    - 26
  - - 921
    - 15
  - - 922
    - 17
  - - 923
    - 16
  - - 924
    - 12
  - - 925
    - 13
  - - 926
    - 13
  - - 927
    - 24
  - - 928
    - 22
  - - 929
    - 17
  - - 930
    - 18
  - - 931
    - 19
  - - 932
    - 19
  - - 933
    - 22
  - - 934
    - 14
  - - 935
    - 16
  - - 936
    - 20
  - - 937
    - 13
  - - 938
    - 12
  - - 939
    - 21
  - - 940
    - 16
  - - 941
    - 24
  - - 942
    - 15
  - - 943
    - 18
  - - 944
    - 20
  - - 945
    - 20
  - - 946
    - 11
  - - 947
    - 11
  - - 948
    - 16
  - - 949
    - 18
  - - 950
    - 23
  - - 951
    - 17
  - - 952
    - 14
  - - 953
    - 21
  - - 954
    - 13
  - - 955
    - 25
  - - 956
    - 21
  - - 957
    - 27
  - - 958
    - 19
  - - 959
    - 20
  - - 960
    - 21
  - - 961
    - 15
  - - 962
    - 27
  - - 963
    - 22
  - - 964
    - 17
  - - 965
    - 19
  - - 966
    - 14
  - - 967
    - 18
  - - 968
    - 20
  - - 969
    - 15
  - - 970
    - 20
  - - 971
    - 11
  - - 972
    - 17
  - - 973
    - 18
  - - 974
    - 9
  - - 975
    - 22
  - - 976
    - 21
  - - 977
    - 13
  - - 978
    - 18
  - - 979
    - 12
  - - 980
    - 20
  - - 981
    - 19
  - - 982
    - 14
  - - 983
    - 20
  - - 984
    - 24
  - - 985
    - 28
  - - 986
    - 15
  - - 987
    - 21
  - - 988
    - 18
  - - 989
    - 21
  - - 990
    - 18
  - - 991
    - 19
  - - 992
    - 18
  - - 993
    - 23
  - - 994
    - 12
  - - 995
    - 19
  - - 996
    - 19
  - - 997
    - 21
  - - 998
    - 21
  - - 999
    - 19
  - - 1000
    - 12
  - - 1001
    - 16
  - - 1002
    - 22
  - - 1003
    - 21
  - - 1004
    - 24
  - - 1005
    - 17
  - - 1006
    - 16
  - - 1007
    - 11
  - - 1008
    - 16
  - - 1009
    - 21
  - - 1010
    - 17
  - - 1011
    - 20
  - - 1012
    - 22
  - - 1013
    - 19
  - - 1014
    - 23
  - - 1015
    - 23
  - - 1016
    - 9
  - - 1017
    - 21
  - - 1018
    - 17
  - - 1019
    - 31
  - - 1020
    - 16
  - - 1021
    - 16
  - - 1022
    - 23
  - - 1023
    - 14
  - - 1024
    - 13
  - - 1025
    - 18
  - - 1026
    - 20
  - - 1027
    - 18
  - - 1028
    - 17
  - - 1029
    - 10
  - - 1030
    - 18
  - - 1031
    - 14
  - - 1032
    - 16
  - - 1033
    - 17
  - - 1034
    - 22
  - - 1035
    - 24
  - - 1036
    - 15
  - - 1037
    - 21
  - - 1038
    - 29
  - - 1039
    - 27
  - - 1040
    - 14
  - - 1041
    - 24
  - - 1042
    - 15
  - - 1043
    - 18
  - - 1044
    - 18
  - - 1045
    - 16
  - - 1046
    - 17
  - - 1047
    - 17
  - - 1048
    - 16
  - - 1049
    - 20
  - - 1050
    - 20
  - - 1051
    - 21
  - - 1052
    - 23
  - - 1053
    - 12
  - - 1054
    - 20
  - - 1055
    - 18
  - - 1056
    - 21
  - - 1057
    - 10
  - - 1058
    - 13
  - - 1059
    - 19
  - - 1060
    - 14
  - - 1061
    - 13
  - - 1062
    - 22
  - - 1063
    - 19
  - - 1064
    - 9
  - - 1065
    - 18
  - - 1066
    - 21
  - - 1067
    - 22
  - - 1068
    - 17
  - - 1069
    - 18
  - - 1070
    - 19
  - - 1071
    - 16
  - - 1072
    - 22
  - - 1073
    - 16
  - - 1074
    - 24
  - - 1075
    - 11
  - - 1076
    - 25
  - - 1077
    - 24
  - - 1078
    - 21
  - - 1079
    - 16
  - - 1080
    - 14
  - - 1081
    - 15
  - - 1082
    - 8
  - - 1083
    - 22
  - - 1084
    - 24
  - - 1085
    - 13
  - - 1086
    - 17
  - - 1087
    - 28
  - - 1088
    - 15
  - - 1089
    - 10
  - - 1090
    - 11
  - - 1091
    - 10
  - - 1092
    - 13
  - - 1093
    - 20
  - - 1094
    - 21
  - - 1095
    - 26
  - - 1096
    - 14
  - - 1097
    - 21
  - - 1098
    - 13
  - - 1099
    - 16
  - - 1100
    - 15
  - - 1101
    - 15
  - - 1102
    - 19
  - - 1103
    - 16
  - - 1104
    - 19
  - - 1105
    - 20
  - - 1106
    - 9
  - - 1107
    - 18
  - - 1108
    - 18
  - - 1109
    - 14
  - - 1110
    - 13
  - - 1111
    - 12
  - - 1112
    - 14
  - - 1113
    - 11
  - - 1114
    - 15
  - - 1115
    - 13
  - - 1116
    - 14
  - - 1117
    - 27
  - - 1118
    - 12
  - - 1119
    - 17
  - - 1120
    - 16
  - - 1121
    - 14
  - - 1122
    - 14
  - - 1123
    - 17
  - - 1124
    - 13
  - - 1125
    - 22
  - - 1126
    - 17
  - - 1127
    - 16
  - - 1128
    - 21
  - - 1129
    - 15
  - - 1130
    - 10
  - - 1131
    - 14
  - - 1132
    - 12
  - - 1133
    - 13
  - - 1134
    - 19
  - - 1135
    - 9
  - - 1136
    - 19
  - - 1137
    - 18
  - - 1138
    - 19
  - - 1139
    - 14
  - - 1140
    - 15
  - - 1141
    - 13
  - - 1142
    - 20
  - - 1143
    - 16
  - - 1144
    - 12
  - - 1145
    - 23
  - - 1146
    - 20
  - - 1147
    - 18
  - - 1148
    - 16
  - - 1149
    - 12
  - - 1150
    - 15
  - - 1151
    - 9
  - - 1152
    - 20
  - - 1153
    - 23
  - - 1154
    - 17
  - - 1155
    - 21
  - - 1156
    - 15
  - - 1157
    - 13
  - - 1158
    - 17
  - - 1159
    - 8
  - - 1160
    - 11
  - - 1161
    - 13
  - - 1162
    - 13
  - - 1163
    - 14
  - - 1164
    - 15
  - - 1165
    - 12
  - - 1166
    - 18
  - - 1167
    - 11
  - - 1168
    - 18
  - - 1169
    - 12
  - - 1170
    - 16
  - - 1171
    - 17
  - - 1172
    - 12
  - - 1173
    - 19
  - - 1174
    - 9
  - - 1175
    - 15
  - - 1176
    - 14
  - - 1177
    - 16
  - - 1178
    - 18
  - - 1179
    - 19
  - - 1180
    - 15
  - - 1181
    - 13
  - - 1182
    - 14
  - - 1183
    - 13
  - - 1184
    - 15
  - - 1185
    - 18
  - - 1186
    - 14
  - - 1187
    - 17
  - - 1188
    - 10
  - - 1189
    - 26
  - - 1190
    - 7
  - - 1191
    - 15
  - - 1192
    - 17
  - - 1193
    - 16
  - - 1194
    - 11
  - - 1195
    - 9
  - - 1196
    - 13
  - - 1197
    - 14
  - - 1198
    - 14
  - - 1199
    - 16
  - - 1200
    - 12
  - - 1201
    - 21
  - - 1202
    - 14
  - - 1203
    - 13
  - - 1204
    - 17
  - - 1205
    - 14
  - - 1206
    - 10
  - - 1207
    - 17
  - - 1208
    - 15
  - - 1209
    - 10
  - - 1210
    - 15
  - - 1211
    - 14
  - - 1212
    - 10
  - - 1213
    - 13
  - - 1214
    - 19
  - - 1215
    - 10
  - - 1216
    - 16
  - - 1217
    - 21
  - - 1218
    - 13
  - - 1219
    - 8
  - - 1220
    - 10
  - - 1221
    - 10
  - - 1222
    - 15
  - - 1223
    - 16
  - - 1224
    - 17
  - - 1225
    - 8
  - - 1226
    - 15
  - - 1227
    - 16
  - - 1228
    - 12
  - - 1229
    - 10
  - - 1230
    - 15
  - - 1231
    - 19
  - - 1232
    - 23
  - - 1233
    - 13
  - - 1234
    - 16
  - - 1235
    - 21
  - - 1236
    - 10
  - - 1237
    - 13
  - - 1238
    - 10
  - - 1239
    - 19
  - - 1240
    - 20
  - - 1241
    - 10
  - - 1242
    - 8
  - - 1243
    - 15
  - - 1244
    - 14
  - - 1245
    - 9
  - - 1246
    - 15
  - - 1247
    - 19
  - - 1248
    - 19
  - - 1249
    - 7
  - - 1250
    - 18
  - - 1251
    - 11
  - - 1252
    - 15
  - - 1253
    - 9
  - - 1254
    - 9
  - - 1255
    - 13
  - - 1256
    - 13
  - - 1257
    - 14
  - - 1258
    - 11
  - - 1259
    - 7
  - - 1260
    - 12
  - - 1261
    - 15
  - - 1262
    - 21
  - - 1263
    - 12
  - - 1264
    - 14
  - - 1265
    - 9
  - - 1266
    - 13
  - - 1267
    - 15
  - - 1268
    - 11
  - - 1269
    - 15
  - - 1270
    - 10
  - - 1271
    - 6
  - - 1272
    - 8
  - - 1273
    - 10
  - - 1274
    - 8
  - - 1275
    - 9
  - - 1276
    - 13
  - - 1277
    - 10
  - - 1278
    - 13
  - - 1279
    - 8
  - - 1280
    - 12
  - - 1281
    - 10
  - - 1282
    - 17
  - - 1283
    - 13
  - - 1284
    - 12
  - - 1285
    - 17
  - - 1286
    - 8
  - - 1287
    - 12
  - - 1288
    - 9
  - - 1289
    - 9
  - - 1290
    - 13
  - - 1291
    - 11
  - - 1292
    - 6
  - - 1293
    - 11
  - - 1294
    - 13
  - - 1295
    - 9
  - - 1296
    - 14
  - - 1297
    - 14
  - - 1298
    - 10
  - - 1299
    - 9
  - - 1300
    - 7
  - - 1301
    - 8
  - - 1302
    - 13
  - - 1303
    - 11
  - - 1304
    - 5
  - - 1305
    - 10
  - - 1306
    - 6
  - - 1307
    - 11
  - - 1308
    - 8
  - - 1309
    - 7
  - - 1310
    - 3
  - - 1311
    - 4
  - - 1312
    - 7
  - - 1313
    - 13
  - - 1314
    - 12
  - - 1315
    - 12
  - - 1316
    - 9
  - - 1317
    - 9
  - - 1318
    - 10
  - - 1319
    - 11
  - - 1320
    - 7
  - - 1321
    - 11
  - - 1322
    - 6
  - - 1323
    - 4
  - - 1324
    - 4
  - - 1325
    - 11
  - - 1326
    - 8
  - - 1327
    - 8
  - - 1328
    - 12
  - - 1329
    - 5
  - - 1330
    - 9
  - - 1331
    - 4
  - - 1332
    - 8
  - - 1333
    - 6
  - - 1334
    - 8
  - - 1335
    - 4
  - - 1336
    - 6
  - - 1337
    - 8
  - - 1338
    - 5
  - - 1339
    - 11
  - - 1340
    - 12
  - - 1341
    - 7
  - - 1342
    - 6
  - - 1343
    - 5
  - - 1344
    - 5
  - - 1345
    - 9
  - - 1346
    - 12
  - - 1347
    - 7
  - - 1348
    - 6
  - - 1349
    - 7
  - - 1350
    - 10
  - - 1351
    - 10
  - - 1352
    - 6
  - - 1353
    - 9
  - - 1354
    - 3
  - - 1355
    - 9
  - - 1356
    - 8
  - - 1357
    - 7
  - - 1358
    - 5
  - - 1359
    - 9
  - - 1360
    - 4
  - - 1361
    - 10
  - - 1362
    - 6
  - - 1363
    - 9
  - - 1364
    - 11
  - - 1365
    - 9
  - - 1366
    - 7
  - - 1367
    - 3
  - - 1368
    - 7
  - - 1369
    - 5
  - - 1370
    - 11
  - - 1371
    - 4
  - - 1372
    - 7
  - - 1373
    - 10
  - - 1374
    - 5
  - - 1375
    - 2
  - - 1376
    - 7
  - - 1377
    - 5
  - - 1378
    - 2
  - - 1379
    - 10
  - - 1380
    - 6
  - - 1381
    - 4
  - - 1382
    - 5
  - - 1383
    - 12
  - - 1384
    - 7
  - - 1385
    - 5
  - - 1386
    - 8
  - - 1387
    - 5
  - - 1388
    - 3
  - - 1389
    - 6
  - - 1390
    - 5
  - - 1391
    - 5
  - - 1392
    - 4
  - - 1393
    - 3
  - - 1394
    - 4
  - - 1395
    - 6
  - - 1396
    - 10
  - - 1397
    - 4
  - - 1398
    - 7
  - - 1399
    - 5
  - - 1400
    - 5
  - - 1401
    - 4
  - - 1402
    - 3
  - - 1403
    - 5
  - - 1404
    - 4
  - - 1405
    - 4
  - - 1406
    - 1
  - - 1407
    - 2
  - - 1408
    - 5
  - - 1409
    - 2
  - - 1410
    - 9
  - - 1411
    - 1
  - - 1412
    - 2
  - - 1413
    - 2
  - - 1414
    - 5
  - - 1415
    - 3
  - - 1416
    - 4
  - - 1417
    - 2
  - - 1418
    - 3
  - - 1419
    - 5
  - - 1420
    - 5
  - - 1421
    - 4
  - - 1422
    - 5
  - - 1423
    - 5
  - - 1424
    - 4
  - - 1425
    - 1
  - - 1426
    - 4
  - - 1427
    - 1
  - - 1428
    - 4
  - - 1429
    - 4
  - - 1430
    - 8
  - - 1431
    - 7
  - - 1432
    - 2
  - - 1433
    - 5
  - - 1434
    - 6
  - - 1435
    - 8
  - - 1436
    - 5
  - - 1437
    - 3
  - - 1438
    - 4
  - - 1439
    - 4
  - - 1440
    - 6
  - - 1441
    - 4
  - - 1442
    - 1
  - - 1443
    - 2
  - - 1444
    - 3
  - - 1445
    - 3
  - - 1446
    - 1
  - - 1447
    - 4
  - - 1448
    - 2
  - - 1449
    - 2
  - - 1450
    - 3
  - - 1451
    - 3
  - - 1452
    - 4
  - - 1453
    - 2
  - - 1454
    - 6
  - - 1455
    - 3
  - - 1456
    - 7
  - - 1457
    - 6
  - - 1458
    - 4
  - - 1459
    - 1
  - - 1460
    - 6
  - - 1461
    - 4
  - - 1462
    - 2
  - - 1463
    - 1
  - - 1464
    - 2
  - - 1465
    - 5
  - - 1466
    - 3
  - - 1467
    - 4
  - - 1468
    - 1
  - - 1469
    - 2
  - - 1470
    - 2
  - - 1471
    - 3
  - - 1472
    - 2
  - - 1473
    - 3
  - - 1474
    - 3
  - - 1476
    - 2
  - - 1477
    - 3
  - - 1478
    - 2
  - - 1480
    - 4
  - - 1481
    - 2
  - - 1482
    - 3
  - - 1483
    - 2
  - - 1484
    - 1
  - - 1485
    - 1
  - - 1486
    - 3
  - - 1488
    - 3
  - - 1489
    - 4
  - - 1490
    - 1
  - - 1491
    - 3
  - - 1493
    - 3
  - - 1494
    - 3
  - - 1496
    - 2
  - - 1497
    - 3
  - - 1499
    - 2
  - - 1500
    - 3
  - - 1501
    - 3
  - - 1502
    - 1
  - - 1503
    - 4
  - - 1504
    - 3
  - - 1505
    - 1
  - - 1506
    - 2
  - - 1507
    - 3
  - - 1508
    - 2
  - - 1509
    - 1
  - - 1510
    - 2
  - - 1512
    - 3
  - - 1513
    - 1
  - - 1514
    - 1
  - - 1515
    - 2
  - - 1516
    - 3
  - - 1517
    - 3
  - - 1518
    - 1
  - - 1521
    - 4
  - - 1523
    - 3
  - - 1524
    - 1
  - - 1525
    - 5
  - - 1526
    - 4
  - - 1528
    - 1
  - - 1529
    - 2
  - - 1530
    - 1
  - - 1531
    - 2
  - - 1532
    - 3
  - - 1533
    - 2
  - - 1535
    - 3
  - - 1537
    - 2
  - - 1539
    - 2
  - - 1540
    - 1
  - - 1542
    - 1
  - - 1543
    - 2
  - - 1544
    - 1
  - - 1545
    - 1
  - - 1546
    - 2
  - - 1547
    - 1
  - - 1549
    - 1
  - - 1553
    - 1
  - - 1555
    - 3
  - - 1556
    - 2
  - - 1557
    - 1
  - - 1558
    - 1
  - - 1559
    - 1
  - - 1560
    - 2
  - - 1562
    - 1
  - - 1564
    - 2
  - - 1566
    - 2
  - - 1567
    - 2
  - - 1568
    - 4
  - - 1571
    - 2
  - - 1572
    - 1
  - - 1573
    - 1
  - - 1574
    - 1
  - - 1575
    - 1
  - - 1577
    - 2
  - - 1578
    - 2
  - - 1579
    - 2
  - - 1581
    - 1
  - - 1582
    - 2
  - - 1583
    - 1
  - - 1584
    - 2
  - - 1585
    - 2
  - - 1586
    - 2
  - - 1587
    - 2
  - - 1588
    - 2
  - - 1589
    - 1
  - - 1591
    - 1
  - - 1592
    - 1
  - - 1596
    - 1
  - - 1597
    - 1
  - - 1602
    - 1
  - - 1604
    - 1
  - - 1606
    - 2
  - - 1612
    - 1
  - - 1613
    - 2
  - - 1615
    - 2
  - - 1617
    - 1
  - - 1619
    - 1
  - - 1622
    - 2
  - - 1623
    - 2
  - - 1624
    - 1
  - - 1625
    - 1
  - - 1627
    - 1
  - - 1628
    - 1
  - - 1632
    - 1
  - - 1634
    - 2
  - - 1635
    - 2
  - - 1637
    - 1
  - - 1640
    - 2
  - - 1641
    - 1
  - - 1642
    - 1
  - - 1648
    - 1
  - - 1650
    - 1
  - - 1655
    - 1
  - - 1659
    - 1
  - - 1660
    - 1
  - - 1668
    - 2
  - - 1671
    - 2
  - - 1673
    - 1
  - - 1675
    - 1
  - - 1676
    - 1
  - - 1680
    - 1
  - - 1681
    - 1
  - - 1683
    - 1
  - - 1689
    - 1
  - - 1693
    - 1
  - - 1702
    - 1
  - - 1704
    - 1
  - - 1705
    - 1
  - - 1710
    - 1
  - - 1718
    - 1
  - - 1719
    - 1
  - - 1725
    - 1
  - - 1733
    - 1
  - - 1743
    - 1
  - - 1757
    - 1
  - - 1763
    - 1
  - - 1765
    - 1
  - - 1772
    - 1
  - - 1776
    - 1
  - - 1779
    - 1
  - - 1810
    - 1
  - - 1828
    - 1
  - - 1838
    - 1
  - - 1921
    - 2
  - - 1955
    - 1
  - - 2230
    - 1
  - - 2356
    - 1
  - - 2384
    - 1
  - - 2686
    - 1
  latency_50_percentile: 92.0
  latency_95_percentile: 818.0
  latency_99_5_percentile: 1342.0
  latency_99_percentile: 1251.0
  max_kubedns_cpu: 535
  max_kubedns_memory: 32
  max_latency: 2.686988
  max_perfserver_cpu: 0
  max_perfserver_memory: 0
  min_latency: 0.001134
  msg: null
  ok: true
  qps: 600.642573
  queries_completed: 180407
  queries_lost: 0
  queries_sent: 180407
  run_time: 300.356665
  stddev_latency: 0.245444
params:
  max_qps: null
  pod_name: dns-perf-client-858fb7568b-8nks6
  query_file: all-queries.txt
  run_id: 1777675624
  run_length_seconds: 300
  run_subid: 0
stderr:
- ''
stdout:
- DNS Performance Testing Tool
- Nominum Version 2.1.0.0
- ''
- '[Status] Command line: dnsperf -s 10.0.0.10 -l 300 -d /queries/all-queries.txt'
- '[Status] Sending queries (to 10.0.0.10)'
- '[Status] Started at: Fri May  1 22:47:45 2026'
- '[Status] Stopping after 300.000000 seconds'
- '[Status] Testing complete (time limit)'
- ''
- 'Statistics:'
- ''
- '  Queries sent:         180407'
- '  Queries completed:    180407 (100.00%)'
- '  Queries lost:         0 (0.00%)'
- ''
- '  Response codes:       NOERROR 21648 (12.00%), NXDOMAIN 158759 (88.00%)'
- '  Average packet size:  request 38, response 122'
- '  Run time (s):         300.356665'
- '  Queries per second:   600.642573'
- ''
- '  Average Latency (s):  0.166258 (min 0.001134, max 2.686988)'
- '  Latency StdDev (s):   0.245444'
- ''
- '  Latency histogram'
- '#histogram 0 0'
- '#histogram 1 41'
- '#histogram 2 217'
- '#histogram 3 363'
- '#histogram 4 429'
- '#histogram 5 467'
- '#histogram 6 505'
- '#histogram 7 578'
- '#histogram 8 518'
- '#histogram 9 555'
- '#histogram 10 571'
- '#histogram 11 616'
- '#histogram 12 557'
- '#histogram 13 570'
- '#histogram 14 603'
- '#histogram 15 614'
- '#histogram 16 625'
- '#histogram 17 596'
- '#histogram 18 638'
- '#histogram 19 694'
- '#histogram 20 656'
- '#histogram 21 688'
- '#histogram 22 662'
- '#histogram 23 707'
- '#histogram 24 756'
- '#histogram 25 796'
- '#histogram 26 757'
- '#histogram 27 859'
- '#histogram 28 798'
- '#histogram 29 867'
- '#histogram 30 856'
- '#histogram 31 904'
- '#histogram 32 892'
- '#histogram 33 943'
- '#histogram 34 969'
- '#histogram 35 963'
- '#histogram 36 983'
- '#histogram 37 1082'
- '#histogram 38 1032'
- '#histogram 39 1037'
- '#histogram 40 1052'
- '#histogram 41 1107'
- '#histogram 42 1100'
- '#histogram 43 1147'
- '#histogram 44 1157'
- '#histogram 45 1115'
- '#histogram 46 1131'
- '#histogram 47 1134'
- '#histogram 48 1151'
- '#histogram 49 1209'
- '#histogram 50 1178'
- '#histogram 51 1165'
- '#histogram 52 1273'
- '#histogram 53 1185'
- '#histogram 54 1242'
- '#histogram 55 1233'
- '#histogram 56 1254'
- '#histogram 57 1206'
- '#histogram 58 1279'
- '#histogram 59 1248'
- '#histogram 60 1269'
- '#histogram 61 1195'
- '#histogram 62 1189'
- '#histogram 63 1260'
- '#histogram 64 1308'
- '#histogram 65 1212'
- '#histogram 66 1211'
- '#histogram 67 1266'
- '#histogram 68 1278'
- '#histogram 69 1292'
- '#histogram 70 1263'
- '#histogram 71 1235'
- '#histogram 72 1237'
- '#histogram 73 1277'
- '#histogram 74 1215'
- '#histogram 75 1229'
- '#histogram 76 1270'
- '#histogram 77 1239'
- '#histogram 78 1264'
- '#histogram 79 1308'
- '#histogram 80 1137'
- '#histogram 81 1204'
- '#histogram 82 1226'
- '#histogram 83 1197'
- '#histogram 84 1218'
- '#histogram 85 1076'
- '#histogram 86 1107'
- '#histogram 87 1145'
- '#histogram 88 1165'
- '#histogram 89 1140'
- '#histogram 90 1103'
- '#histogram 91 1092'
- '#histogram 92 1050'
- '#histogram 93 1112'
- '#histogram 94 1139'
- '#histogram 95 1065'
- '#histogram 96 1067'
- '#histogram 97 1099'
- '#histogram 98 1008'
- '#histogram 99 1060'
- '#histogram 100 1075'
- '#histogram 101 1074'
- '#histogram 102 949'
- '#histogram 103 945'
- '#histogram 104 930'
- '#histogram 105 1002'
- '#histogram 106 934'
- '#histogram 107 933'
- '#histogram 108 964'
- '#histogram 109 958'
- '#histogram 110 972'
- '#histogram 111 838'
- '#histogram 112 873'
- '#histogram 113 856'
- '#histogram 114 859'
- '#histogram 115 869'
- '#histogram 116 826'
- '#histogram 117 858'
- '#histogram 118 788'
- '#histogram 119 808'
- '#histogram 120 783'
- '#histogram 121 779'
- '#histogram 122 800'
- '#histogram 123 709'
- '#histogram 124 744'
- '#histogram 125 778'
- '#histogram 126 711'
- '#histogram 127 702'
- '#histogram 128 704'
- '#histogram 129 672'
- '#histogram 130 700'
- '#histogram 131 689'
- '#histogram 132 659'
- '#histogram 133 636'
- '#histogram 134 649'
- '#histogram 135 627'
- '#histogram 136 632'
- '#histogram 137 598'
- '#histogram 138 613'
- '#histogram 139 661'
- '#histogram 140 588'
- '#histogram 141 579'
- '#histogram 142 613'
- '#histogram 143 565'
- '#histogram 144 578'
- '#histogram 145 526'
- '#histogram 146 539'
- '#histogram 147 535'
- '#histogram 148 538'
- '#histogram 149 526'
- '#histogram 150 510'
- '#histogram 151 481'
- '#histogram 152 460'
- '#histogram 153 500'
- '#histogram 154 510'
- '#histogram 155 482'
- '#histogram 156 442'
- '#histogram 157 482'
- '#histogram 158 435'
- '#histogram 159 443'
- '#histogram 160 420'
- '#histogram 161 403'
- '#histogram 162 400'
- '#histogram 163 380'
- '#histogram 164 387'
- '#histogram 165 357'
- '#histogram 166 389'
- '#histogram 167 373'
- '#histogram 168 346'
- '#histogram 169 385'
- '#histogram 170 353'
- '#histogram 171 362'
- '#histogram 172 330'
- '#histogram 173 324'
- '#histogram 174 313'
- '#histogram 175 321'
- '#histogram 176 303'
- '#histogram 177 343'
- '#histogram 178 321'
- '#histogram 179 309'
- '#histogram 180 300'
- '#histogram 181 297'
- '#histogram 182 288'
- '#histogram 183 306'
- '#histogram 184 281'
- '#histogram 185 275'
- '#histogram 186 281'
- '#histogram 187 285'
- '#histogram 188 275'
- '#histogram 189 268'
- '#histogram 190 239'
- '#histogram 191 259'
- '#histogram 192 219'
- '#histogram 193 232'
- '#histogram 194 231'
- '#histogram 195 225'
- '#histogram 196 222'
- '#histogram 197 205'
- '#histogram 198 195'
- '#histogram 199 196'
- '#histogram 200 228'
- '#histogram 201 215'
- '#histogram 202 230'
- '#histogram 203 182'
- '#histogram 204 205'
- '#histogram 205 199'
- '#histogram 206 190'
- '#histogram 207 186'
- '#histogram 208 162'
- '#histogram 209 175'
- '#histogram 210 199'
- '#histogram 211 182'
- '#histogram 212 187'
- '#histogram 213 163'
- '#histogram 214 166'
- '#histogram 215 183'
- '#histogram 216 185'
- '#histogram 217 142'
- '#histogram 218 155'
- '#histogram 219 148'
- '#histogram 220 148'
- '#histogram 221 167'
- '#histogram 222 161'
- '#histogram 223 156'
- '#histogram 224 129'
- '#histogram 225 128'
- '#histogram 226 122'
- '#histogram 227 151'
- '#histogram 228 140'
- '#histogram 229 121'
- '#histogram 230 118'
- '#histogram 231 131'
- '#histogram 232 122'
- '#histogram 233 103'
- '#histogram 234 118'
- '#histogram 235 118'
- '#histogram 236 94'
- '#histogram 237 129'
- '#histogram 238 86'
- '#histogram 239 92'
- '#histogram 240 115'
- '#histogram 241 93'
- '#histogram 242 103'
- '#histogram 243 90'
- '#histogram 244 100'
- '#histogram 245 93'
- '#histogram 246 120'
- '#histogram 247 105'
- '#histogram 248 96'
- '#histogram 249 83'
- '#histogram 250 86'
- '#histogram 251 73'
- '#histogram 252 76'
- '#histogram 253 73'
- '#histogram 254 89'
- '#histogram 255 81'
- '#histogram 256 76'
- '#histogram 257 83'
- '#histogram 258 58'
- '#histogram 259 72'
- '#histogram 260 73'
- '#histogram 261 69'
- '#histogram 262 71'
- '#histogram 263 77'
- '#histogram 264 45'
- '#histogram 265 58'
- '#histogram 266 78'
- '#histogram 267 66'
- '#histogram 268 59'
- '#histogram 269 50'
- '#histogram 270 47'
- '#histogram 271 50'
- '#histogram 272 42'
- '#histogram 273 61'
- '#histogram 274 64'
- '#histogram 275 41'
- '#histogram 276 60'
- '#histogram 277 67'
- '#histogram 278 45'
- '#histogram 279 55'
- '#histogram 280 41'
- '#histogram 281 47'
- '#histogram 282 50'
- '#histogram 283 47'
- '#histogram 284 41'
- '#histogram 285 51'
- '#histogram 286 40'
- '#histogram 287 44'
- '#histogram 288 47'
- '#histogram 289 40'
- '#histogram 290 60'
- '#histogram 291 47'
- '#histogram 292 37'
- '#histogram 293 51'
- '#histogram 294 37'
- '#histogram 295 40'
- '#histogram 296 35'
- '#histogram 297 41'
- '#histogram 298 29'
- '#histogram 299 39'
- '#histogram 300 35'
- '#histogram 301 39'
- '#histogram 302 31'
- '#histogram 303 34'
- '#histogram 304 38'
- '#histogram 305 39'
- '#histogram 306 41'
- '#histogram 307 34'
- '#histogram 308 42'
- '#histogram 309 43'
- '#histogram 310 37'
- '#histogram 311 41'
- '#histogram 312 27'
- '#histogram 313 40'
- '#histogram 314 34'
- '#histogram 315 54'
- '#histogram 316 35'
- '#histogram 317 28'
- '#histogram 318 46'
- '#histogram 319 35'
- '#histogram 320 45'
- '#histogram 321 26'
- '#histogram 322 33'
- '#histogram 323 35'
- '#histogram 324 33'
- '#histogram 325 25'
- '#histogram 326 26'
- '#histogram 327 24'
- '#histogram 328 40'
- '#histogram 329 30'
- '#histogram 330 20'
- '#histogram 331 24'
- '#histogram 332 32'
- '#histogram 333 22'
- '#histogram 334 33'
- '#histogram 335 16'
- '#histogram 336 27'
- '#histogram 337 26'
- '#histogram 338 19'
- '#histogram 339 17'
- '#histogram 340 19'
- '#histogram 341 21'
- '#histogram 342 25'
- '#histogram 343 26'
- '#histogram 344 23'
- '#histogram 345 21'
- '#histogram 346 31'
- '#histogram 347 27'
- '#histogram 348 19'
- '#histogram 349 19'
- '#histogram 350 21'
- '#histogram 351 27'
- '#histogram 352 22'
- '#histogram 353 20'
- '#histogram 354 24'
- '#histogram 355 18'
- '#histogram 356 19'
- '#histogram 357 20'
- '#histogram 358 25'
- '#histogram 359 27'
- '#histogram 360 23'
- '#histogram 361 23'
- '#histogram 362 25'
- '#histogram 363 19'
- '#histogram 364 14'
- '#histogram 365 20'
- '#histogram 366 27'
- '#histogram 367 9'
- '#histogram 368 23'
- '#histogram 369 19'
- '#histogram 370 20'
- '#histogram 371 23'
- '#histogram 372 17'
- '#histogram 373 20'
- '#histogram 374 18'
- '#histogram 375 20'
- '#histogram 376 18'
- '#histogram 377 15'
- '#histogram 378 23'
- '#histogram 379 24'
- '#histogram 380 19'
- '#histogram 381 28'
- '#histogram 382 20'
- '#histogram 383 19'
- '#histogram 384 26'
- '#histogram 385 10'
- '#histogram 386 20'
- '#histogram 387 16'
- '#histogram 388 18'
- '#histogram 389 16'
- '#histogram 390 16'
- '#histogram 391 18'
- '#histogram 392 17'
- '#histogram 393 13'
- '#histogram 394 19'
- '#histogram 395 17'
- '#histogram 396 23'
- '#histogram 397 16'
- '#histogram 398 22'
- '#histogram 399 18'
- '#histogram 400 19'
- '#histogram 401 24'
- '#histogram 402 23'
- '#histogram 403 17'
- '#histogram 404 15'
- '#histogram 405 14'
- '#histogram 406 18'
- '#histogram 407 10'
- '#histogram 408 16'
- '#histogram 409 11'
- '#histogram 410 17'
- '#histogram 411 24'
- '#histogram 412 17'
- '#histogram 413 14'
- '#histogram 414 16'
- '#histogram 415 12'
- '#histogram 416 20'
- '#histogram 417 19'
- '#histogram 418 20'
- '#histogram 419 16'
- '#histogram 420 12'
- '#histogram 421 15'
- '#histogram 422 13'
- '#histogram 423 12'
- '#histogram 424 15'
- '#histogram 425 12'
- '#histogram 426 19'
- '#histogram 427 18'
- '#histogram 428 14'
- '#histogram 429 15'
- '#histogram 430 10'
- '#histogram 431 21'
- '#histogram 432 10'
- '#histogram 433 20'
- '#histogram 434 22'
- '#histogram 435 20'
- '#histogram 436 17'
- '#histogram 437 14'
- '#histogram 438 17'
- '#histogram 439 22'
- '#histogram 440 16'
- '#histogram 441 24'
- '#histogram 442 14'
- '#histogram 443 20'
- '#histogram 444 18'
- '#histogram 445 13'
- '#histogram 446 20'
- '#histogram 447 24'
- '#histogram 448 11'
- '#histogram 449 14'
- '#histogram 450 18'
- '#histogram 451 15'
- '#histogram 452 20'
- '#histogram 453 12'
- '#histogram 454 16'
- '#histogram 455 9'
- '#histogram 456 21'
- '#histogram 457 8'
- '#histogram 458 18'
- '#histogram 459 22'
- '#histogram 460 26'
- '#histogram 461 14'
- '#histogram 462 16'
- '#histogram 463 10'
- '#histogram 464 15'
- '#histogram 465 13'
- '#histogram 466 15'
- '#histogram 467 14'
- '#histogram 468 20'
- '#histogram 469 15'
- '#histogram 470 17'
- '#histogram 471 21'
- '#histogram 472 10'
- '#histogram 473 17'
- '#histogram 474 15'
- '#histogram 475 18'
- '#histogram 476 10'
- '#histogram 477 15'
- '#histogram 478 14'
- '#histogram 479 13'
- '#histogram 480 22'
- '#histogram 481 24'
- '#histogram 482 19'
- '#histogram 483 18'
- '#histogram 484 28'
- '#histogram 485 14'
- '#histogram 486 17'
- '#histogram 487 11'
- '#histogram 488 11'
- '#histogram 489 13'
- '#histogram 490 16'
- '#histogram 491 9'
- '#histogram 492 13'
- '#histogram 493 18'
- '#histogram 494 14'
- '#histogram 495 16'
- '#histogram 496 15'
- '#histogram 497 11'
- '#histogram 498 5'
- '#histogram 499 8'
- '#histogram 500 16'
- '#histogram 501 13'
- '#histogram 502 9'
- '#histogram 503 8'
- '#histogram 504 17'
- '#histogram 505 11'
- '#histogram 506 14'
- '#histogram 507 6'
- '#histogram 508 12'
- '#histogram 509 13'
- '#histogram 510 20'
- '#histogram 511 16'
- '#histogram 512 11'
- '#histogram 513 14'
- '#histogram 514 18'
- '#histogram 515 15'
- '#histogram 516 17'
- '#histogram 517 8'
- '#histogram 518 11'
- '#histogram 519 15'
- '#histogram 520 15'
- '#histogram 521 21'
- '#histogram 522 9'
- '#histogram 523 13'
- '#histogram 524 14'
- '#histogram 525 21'
- '#histogram 526 16'
- '#histogram 527 15'
- '#histogram 528 10'
- '#histogram 529 7'
- '#histogram 530 14'
- '#histogram 531 8'
- '#histogram 532 9'
- '#histogram 533 15'
- '#histogram 534 12'
- '#histogram 535 11'
- '#histogram 536 17'
- '#histogram 537 19'
- '#histogram 538 15'
- '#histogram 539 15'
- '#histogram 540 11'
- '#histogram 541 13'
- '#histogram 542 20'
- '#histogram 543 14'
- '#histogram 544 12'
- '#histogram 545 17'
- '#histogram 546 11'
- '#histogram 547 8'
- '#histogram 548 14'
- '#histogram 549 10'
- '#histogram 550 24'
- '#histogram 551 13'
- '#histogram 552 11'
- '#histogram 553 9'
- '#histogram 554 19'
- '#histogram 555 16'
- '#histogram 556 15'
- '#histogram 557 10'
- '#histogram 558 14'
- '#histogram 559 9'
- '#histogram 560 15'
- '#histogram 561 19'
- '#histogram 562 22'
- '#histogram 563 16'
- '#histogram 564 9'
- '#histogram 565 10'
- '#histogram 566 14'
- '#histogram 567 14'
- '#histogram 568 16'
- '#histogram 569 12'
- '#histogram 570 9'
- '#histogram 571 12'
- '#histogram 572 16'
- '#histogram 573 10'
- '#histogram 574 6'
- '#histogram 575 12'
- '#histogram 576 14'
- '#histogram 577 7'
- '#histogram 578 9'
- '#histogram 579 17'
- '#histogram 580 20'
- '#histogram 581 16'
- '#histogram 582 15'
- '#histogram 583 12'
- '#histogram 584 6'
- '#histogram 585 17'
- '#histogram 586 11'
- '#histogram 587 6'
- '#histogram 588 12'
- '#histogram 589 18'
- '#histogram 590 7'
- '#histogram 591 14'
- '#histogram 592 9'
- '#histogram 593 9'
- '#histogram 594 14'
- '#histogram 595 24'
- '#histogram 596 18'
- '#histogram 597 14'
- '#histogram 598 18'
- '#histogram 599 19'
- '#histogram 600 16'
- '#histogram 601 8'
- '#histogram 602 8'
- '#histogram 603 10'
- '#histogram 604 16'
- '#histogram 605 21'
- '#histogram 606 12'
- '#histogram 607 18'
- '#histogram 608 13'
- '#histogram 609 21'
- '#histogram 610 10'
- '#histogram 611 13'
- '#histogram 612 10'
- '#histogram 613 9'
- '#histogram 614 11'
- '#histogram 615 15'
- '#histogram 616 17'
- '#histogram 617 20'
- '#histogram 618 13'
- '#histogram 619 16'
- '#histogram 620 11'
- '#histogram 621 15'
- '#histogram 622 17'
- '#histogram 623 11'
- '#histogram 624 19'
- '#histogram 625 15'
- '#histogram 626 20'
- '#histogram 627 15'
- '#histogram 628 13'
- '#histogram 629 15'
- '#histogram 630 12'
- '#histogram 631 13'
- '#histogram 632 10'
- '#histogram 633 12'
- '#histogram 634 7'
- '#histogram 635 14'
- '#histogram 636 13'
- '#histogram 637 19'
- '#histogram 638 10'
- '#histogram 639 15'
- '#histogram 640 8'
- '#histogram 641 9'
- '#histogram 642 7'
- '#histogram 643 12'
- '#histogram 644 10'
- '#histogram 645 12'
- '#histogram 646 16'
- '#histogram 647 13'
- '#histogram 648 13'
- '#histogram 649 11'
- '#histogram 650 12'
- '#histogram 651 14'
- '#histogram 652 17'
- '#histogram 653 14'
- '#histogram 654 24'
- '#histogram 655 11'
- '#histogram 656 13'
- '#histogram 657 14'
- '#histogram 658 5'
- '#histogram 659 14'
- '#histogram 660 7'
- '#histogram 661 16'
- '#histogram 662 19'
- '#histogram 663 17'
- '#histogram 664 16'
- '#histogram 665 14'
- '#histogram 666 15'
- '#histogram 667 17'
- '#histogram 668 12'
- '#histogram 669 14'
- '#histogram 670 15'
- '#histogram 671 17'
- '#histogram 672 9'
- '#histogram 673 18'
- '#histogram 674 21'
- '#histogram 675 22'
- '#histogram 676 14'
- '#histogram 677 17'
- '#histogram 678 13'
- '#histogram 679 15'
- '#histogram 680 19'
- '#histogram 681 15'
- '#histogram 682 12'
- '#histogram 683 12'
- '#histogram 684 13'
- '#histogram 685 18'
- '#histogram 686 18'
- '#histogram 687 13'
- '#histogram 688 13'
- '#histogram 689 14'
- '#histogram 690 19'
- '#histogram 691 23'
- '#histogram 692 23'
- '#histogram 693 19'
- '#histogram 694 10'
- '#histogram 695 13'
- '#histogram 696 13'
- '#histogram 697 9'
- '#histogram 698 15'
- '#histogram 699 15'
- '#histogram 700 9'
- '#histogram 701 14'
- '#histogram 702 20'
- '#histogram 703 7'
- '#histogram 704 15'
- '#histogram 705 9'
- '#histogram 706 14'
- '#histogram 707 13'
- '#histogram 708 12'
- '#histogram 709 13'
- '#histogram 710 14'
- '#histogram 711 10'
- '#histogram 712 12'
- '#histogram 713 25'
- '#histogram 714 12'
- '#histogram 715 11'
- '#histogram 716 13'
- '#histogram 717 11'
- '#histogram 718 18'
- '#histogram 719 14'
- '#histogram 720 11'
- '#histogram 721 17'
- '#histogram 722 16'
- '#histogram 723 22'
- '#histogram 724 10'
- '#histogram 725 15'
- '#histogram 726 17'
- '#histogram 727 21'
- '#histogram 728 14'
- '#histogram 729 16'
- '#histogram 730 15'
- '#histogram 731 17'
- '#histogram 732 18'
- '#histogram 733 13'
- '#histogram 734 13'
- '#histogram 735 12'
- '#histogram 736 14'
- '#histogram 737 5'
- '#histogram 738 12'
- '#histogram 739 9'
- '#histogram 740 19'
- '#histogram 741 19'
- '#histogram 742 13'
- '#histogram 743 15'
- '#histogram 744 15'
- '#histogram 745 20'
- '#histogram 746 9'
- '#histogram 747 10'
- '#histogram 748 11'
- '#histogram 749 20'
- '#histogram 750 22'
- '#histogram 751 14'
- '#histogram 752 8'
- '#histogram 753 11'
- '#histogram 754 17'
- '#histogram 755 23'
- '#histogram 756 17'
- '#histogram 757 17'
- '#histogram 758 14'
- '#histogram 759 9'
- '#histogram 760 5'
- '#histogram 761 17'
- '#histogram 762 13'
- '#histogram 763 10'
- '#histogram 764 16'
- '#histogram 765 18'
- '#histogram 766 19'
- '#histogram 767 22'
- '#histogram 768 15'
- '#histogram 769 12'
- '#histogram 770 12'
- '#histogram 771 18'
- '#histogram 772 20'
- '#histogram 773 12'
- '#histogram 774 13'
- '#histogram 775 19'
- '#histogram 776 16'
- '#histogram 777 13'
- '#histogram 778 12'
- '#histogram 779 11'
- '#histogram 780 21'
- '#histogram 781 17'
- '#histogram 782 15'
- '#histogram 783 25'
- '#histogram 784 21'
- '#histogram 785 19'
- '#histogram 786 17'
- '#histogram 787 17'
- '#histogram 788 26'
- '#histogram 789 22'
- '#histogram 790 11'
- '#histogram 791 19'
- '#histogram 792 24'
- '#histogram 793 15'
- '#histogram 794 14'
- '#histogram 795 14'
- '#histogram 796 22'
- '#histogram 797 21'
- '#histogram 798 15'
- '#histogram 799 22'
- '#histogram 800 15'
- '#histogram 801 17'
- '#histogram 802 15'
- '#histogram 803 13'
- '#histogram 804 15'
- '#histogram 805 13'
- '#histogram 806 14'
- '#histogram 807 13'
- '#histogram 808 15'
- '#histogram 809 12'
- '#histogram 810 15'
- '#histogram 811 20'
- '#histogram 812 20'
- '#histogram 813 14'
- '#histogram 814 21'
- '#histogram 815 15'
- '#histogram 816 18'
- '#histogram 817 17'
- '#histogram 818 17'
- '#histogram 819 12'
- '#histogram 820 17'
- '#histogram 821 12'
- '#histogram 822 19'
- '#histogram 823 25'
- '#histogram 824 15'
- '#histogram 825 19'
- '#histogram 826 15'
- '#histogram 827 19'
- '#histogram 828 14'
- '#histogram 829 19'
- '#histogram 830 16'
- '#histogram 831 19'
- '#histogram 832 10'
- '#histogram 833 17'
- '#histogram 834 17'
- '#histogram 835 21'
- '#histogram 836 18'
- '#histogram 837 15'
- '#histogram 838 15'
- '#histogram 839 16'
- '#histogram 840 22'
- '#histogram 841 15'
- '#histogram 842 13'
- '#histogram 843 12'
- '#histogram 844 18'
- '#histogram 845 13'
- '#histogram 846 18'
- '#histogram 847 18'
- '#histogram 848 21'
- '#histogram 849 18'
- '#histogram 850 18'
- '#histogram 851 15'
- '#histogram 852 21'
- '#histogram 853 22'
- '#histogram 854 18'
- '#histogram 855 14'
- '#histogram 856 17'
- '#histogram 857 16'
- '#histogram 858 13'
- '#histogram 859 15'
- '#histogram 860 12'
- '#histogram 861 10'
- '#histogram 862 21'
- '#histogram 863 13'
- '#histogram 864 20'
- '#histogram 865 18'
- '#histogram 866 20'
- '#histogram 867 20'
- '#histogram 868 18'
- '#histogram 869 14'
- '#histogram 870 21'
- '#histogram 871 17'
- '#histogram 872 17'
- '#histogram 873 17'
- '#histogram 874 12'
- '#histogram 875 15'
- '#histogram 876 18'
- '#histogram 877 15'
- '#histogram 878 18'
- '#histogram 879 16'
- '#histogram 880 18'
- '#histogram 881 15'
- '#histogram 882 12'
- '#histogram 883 14'
- '#histogram 884 16'
- '#histogram 885 19'
- '#histogram 886 14'
- '#histogram 887 22'
- '#histogram 888 20'
- '#histogram 889 15'
- '#histogram 890 21'
- '#histogram 891 18'
- '#histogram 892 23'
- '#histogram 893 15'
- '#histogram 894 23'
- '#histogram 895 13'
- '#histogram 896 21'
- '#histogram 897 26'
- '#histogram 898 24'
- '#histogram 899 19'
- '#histogram 900 15'
- '#histogram 901 20'
- '#histogram 902 21'
- '#histogram 903 19'
- '#histogram 904 22'
- '#histogram 905 12'
- '#histogram 906 16'
- '#histogram 907 20'
- '#histogram 908 17'
- '#histogram 909 16'
- '#histogram 910 15'
- '#histogram 911 8'
- '#histogram 912 19'
- '#histogram 913 20'
- '#histogram 914 9'
- '#histogram 915 13'
- '#histogram 916 15'
- '#histogram 917 15'
- '#histogram 918 11'
- '#histogram 919 17'
- '#histogram 920 26'
- '#histogram 921 15'
- '#histogram 922 17'
- '#histogram 923 16'
- '#histogram 924 12'
- '#histogram 925 13'
- '#histogram 926 13'
- '#histogram 927 24'
- '#histogram 928 22'
- '#histogram 929 17'
- '#histogram 930 18'
- '#histogram 931 19'
- '#histogram 932 19'
- '#histogram 933 22'
- '#histogram 934 14'
- '#histogram 935 16'
- '#histogram 936 20'
- '#histogram 937 13'
- '#histogram 938 12'
- '#histogram 939 21'
- '#histogram 940 16'
- '#histogram 941 24'
- '#histogram 942 15'
- '#histogram 943 18'
- '#histogram 944 20'
- '#histogram 945 20'
- '#histogram 946 11'
- '#histogram 947 11'
- '#histogram 948 16'
- '#histogram 949 18'
- '#histogram 950 23'
- '#histogram 951 17'
- '#histogram 952 14'
- '#histogram 953 21'
- '#histogram 954 13'
- '#histogram 955 25'
- '#histogram 956 21'
- '#histogram 957 27'
- '#histogram 958 19'
- '#histogram 959 20'
- '#histogram 960 21'
- '#histogram 961 15'
- '#histogram 962 27'
- '#histogram 963 22'
- '#histogram 964 17'
- '#histogram 965 19'
- '#histogram 966 14'
- '#histogram 967 18'
- '#histogram 968 20'
- '#histogram 969 15'
- '#histogram 970 20'
- '#histogram 971 11'
- '#histogram 972 17'
- '#histogram 973 18'
- '#histogram 974 9'
- '#histogram 975 22'
- '#histogram 976 21'
- '#histogram 977 13'
- '#histogram 978 18'
- '#histogram 979 12'
- '#histogram 980 20'
- '#histogram 981 19'
- '#histogram 982 14'
- '#histogram 983 20'
- '#histogram 984 24'
- '#histogram 985 28'
- '#histogram 986 15'
- '#histogram 987 21'
- '#histogram 988 18'
- '#histogram 989 21'
- '#histogram 990 18'
- '#histogram 991 19'
- '#histogram 992 18'
- '#histogram 993 23'
- '#histogram 994 12'
- '#histogram 995 19'
- '#histogram 996 19'
- '#histogram 997 21'
- '#histogram 998 21'
- '#histogram 999 19'
- '#histogram 1000 12'
- '#histogram 1001 16'
- '#histogram 1002 22'
- '#histogram 1003 21'
- '#histogram 1004 24'
- '#histogram 1005 17'
- '#histogram 1006 16'
- '#histogram 1007 11'
- '#histogram 1008 16'
- '#histogram 1009 21'
- '#histogram 1010 17'
- '#histogram 1011 20'
- '#histogram 1012 22'
- '#histogram 1013 19'
- '#histogram 1014 23'
- '#histogram 1015 23'
- '#histogram 1016 9'
- '#histogram 1017 21'
- '#histogram 1018 17'
- '#histogram 1019 31'
- '#histogram 1020 16'
- '#histogram 1021 16'
- '#histogram 1022 23'
- '#histogram 1023 14'
- '#histogram 1024 13'
- '#histogram 1025 18'
- '#histogram 1026 20'
- '#histogram 1027 18'
- '#histogram 1028 17'
- '#histogram 1029 10'
- '#histogram 1030 18'
- '#histogram 1031 14'
- '#histogram 1032 16'
- '#histogram 1033 17'
- '#histogram 1034 22'
- '#histogram 1035 24'
- '#histogram 1036 15'
- '#histogram 1037 21'
- '#histogram 1038 29'
- '#histogram 1039 27'
- '#histogram 1040 14'
- '#histogram 1041 24'
- '#histogram 1042 15'
- '#histogram 1043 18'
- '#histogram 1044 18'
- '#histogram 1045 16'
- '#histogram 1046 17'
- '#histogram 1047 17'
- '#histogram 1048 16'
- '#histogram 1049 20'
- '#histogram 1050 20'
- '#histogram 1051 21'
- '#histogram 1052 23'
- '#histogram 1053 12'
- '#histogram 1054 20'
- '#histogram 1055 18'
- '#histogram 1056 21'
- '#histogram 1057 10'
- '#histogram 1058 13'
- '#histogram 1059 19'
- '#histogram 1060 14'
- '#histogram 1061 13'
- '#histogram 1062 22'
- '#histogram 1063 19'
- '#histogram 1064 9'
- '#histogram 1065 18'
- '#histogram 1066 21'
- '#histogram 1067 22'
- '#histogram 1068 17'
- '#histogram 1069 18'
- '#histogram 1070 19'
- '#histogram 1071 16'
- '#histogram 1072 22'
- '#histogram 1073 16'
- '#histogram 1074 24'
- '#histogram 1075 11'
- '#histogram 1076 25'
- '#histogram 1077 24'
- '#histogram 1078 21'
- '#histogram 1079 16'
- '#histogram 1080 14'
- '#histogram 1081 15'
- '#histogram 1082 8'
- '#histogram 1083 22'
- '#histogram 1084 24'
- '#histogram 1085 13'
- '#histogram 1086 17'
- '#histogram 1087 28'
- '#histogram 1088 15'
- '#histogram 1089 10'
- '#histogram 1090 11'
- '#histogram 1091 10'
- '#histogram 1092 13'
- '#histogram 1093 20'
- '#histogram 1094 21'
- '#histogram 1095 26'
- '#histogram 1096 14'
- '#histogram 1097 21'
- '#histogram 1098 13'
- '#histogram 1099 16'
- '#histogram 1100 15'
- '#histogram 1101 15'
- '#histogram 1102 19'
- '#histogram 1103 16'
- '#histogram 1104 19'
- '#histogram 1105 20'
- '#histogram 1106 9'
- '#histogram 1107 18'
- '#histogram 1108 18'
- '#histogram 1109 14'
- '#histogram 1110 13'
- '#histogram 1111 12'
- '#histogram 1112 14'
- '#histogram 1113 11'
- '#histogram 1114 15'
- '#histogram 1115 13'
- '#histogram 1116 14'
- '#histogram 1117 27'
- '#histogram 1118 12'
- '#histogram 1119 17'
- '#histogram 1120 16'
- '#histogram 1121 14'
- '#histogram 1122 14'
- '#histogram 1123 17'
- '#histogram 1124 13'
- '#histogram 1125 22'
- '#histogram 1126 17'
- '#histogram 1127 16'
- '#histogram 1128 21'
- '#histogram 1129 15'
- '#histogram 1130 10'
- '#histogram 1131 14'
- '#histogram 1132 12'
- '#histogram 1133 13'
- '#histogram 1134 19'
- '#histogram 1135 9'
- '#histogram 1136 19'
- '#histogram 1137 18'
- '#histogram 1138 19'
- '#histogram 1139 14'
- '#histogram 1140 15'
- '#histogram 1141 13'
- '#histogram 1142 20'
- '#histogram 1143 16'
- '#histogram 1144 12'
- '#histogram 1145 23'
- '#histogram 1146 20'
- '#histogram 1147 18'
- '#histogram 1148 16'
- '#histogram 1149 12'
- '#histogram 1150 15'
- '#histogram 1151 9'
- '#histogram 1152 20'
- '#histogram 1153 23'
- '#histogram 1154 17'
- '#histogram 1155 21'
- '#histogram 1156 15'
- '#histogram 1157 13'
- '#histogram 1158 17'
- '#histogram 1159 8'
- '#histogram 1160 11'
- '#histogram 1161 13'
- '#histogram 1162 13'
- '#histogram 1163 14'
- '#histogram 1164 15'
- '#histogram 1165 12'
- '#histogram 1166 18'
- '#histogram 1167 11'
- '#histogram 1168 18'
- '#histogram 1169 12'
- '#histogram 1170 16'
- '#histogram 1171 17'
- '#histogram 1172 12'
- '#histogram 1173 19'
- '#histogram 1174 9'
- '#histogram 1175 15'
- '#histogram 1176 14'
- '#histogram 1177 16'
- '#histogram 1178 18'
- '#histogram 1179 19'
- '#histogram 1180 15'
- '#histogram 1181 13'
- '#histogram 1182 14'
- '#histogram 1183 13'
- '#histogram 1184 15'
- '#histogram 1185 18'
- '#histogram 1186 14'
- '#histogram 1187 17'
- '#histogram 1188 10'
- '#histogram 1189 26'
- '#histogram 1190 7'
- '#histogram 1191 15'
- '#histogram 1192 17'
- '#histogram 1193 16'
- '#histogram 1194 11'
- '#histogram 1195 9'
- '#histogram 1196 13'
- '#histogram 1197 14'
- '#histogram 1198 14'
- '#histogram 1199 16'
- '#histogram 1200 12'
- '#histogram 1201 21'
- '#histogram 1202 14'
- '#histogram 1203 13'
- '#histogram 1204 17'
- '#histogram 1205 14'
- '#histogram 1206 10'
- '#histogram 1207 17'
- '#histogram 1208 15'
- '#histogram 1209 10'
- '#histogram 1210 15'
- '#histogram 1211 14'
- '#histogram 1212 10'
- '#histogram 1213 13'
- '#histogram 1214 19'
- '#histogram 1215 10'
- '#histogram 1216 16'
- '#histogram 1217 21'
- '#histogram 1218 13'
- '#histogram 1219 8'
- '#histogram 1220 10'
- '#histogram 1221 10'
- '#histogram 1222 15'
- '#histogram 1223 16'
- '#histogram 1224 17'
- '#histogram 1225 8'
- '#histogram 1226 15'
- '#histogram 1227 16'
- '#histogram 1228 12'
- '#histogram 1229 10'
- '#histogram 1230 15'
- '#histogram 1231 19'
- '#histogram 1232 23'
- '#histogram 1233 13'
- '#histogram 1234 16'
- '#histogram 1235 21'
- '#histogram 1236 10'
- '#histogram 1237 13'
- '#histogram 1238 10'
- '#histogram 1239 19'
- '#histogram 1240 20'
- '#histogram 1241 10'
- '#histogram 1242 8'
- '#histogram 1243 15'
- '#histogram 1244 14'
- '#histogram 1245 9'
- '#histogram 1246 15'
- '#histogram 1247 19'
- '#histogram 1248 19'
- '#histogram 1249 7'
- '#histogram 1250 18'
- '#histogram 1251 11'
- '#histogram 1252 15'
- '#histogram 1253 9'
- '#histogram 1254 9'
- '#histogram 1255 13'
- '#histogram 1256 13'
- '#histogram 1257 14'
- '#histogram 1258 11'
- '#histogram 1259 7'
- '#histogram 1260 12'
- '#histogram 1261 15'
- '#histogram 1262 21'
- '#histogram 1263 12'
- '#histogram 1264 14'
- '#histogram 1265 9'
- '#histogram 1266 13'
- '#histogram 1267 15'
- '#histogram 1268 11'
- '#histogram 1269 15'
- '#histogram 1270 10'
- '#histogram 1271 6'
- '#histogram 1272 8'
- '#histogram 1273 10'
- '#histogram 1274 8'
- '#histogram 1275 9'
- '#histogram 1276 13'
- '#histogram 1277 10'
- '#histogram 1278 13'
- '#histogram 1279 8'
- '#histogram 1280 12'
- '#histogram 1281 10'
- '#histogram 1282 17'
- '#histogram 1283 13'
- '#histogram 1284 12'
- '#histogram 1285 17'
- '#histogram 1286 8'
- '#histogram 1287 12'
- '#histogram 1288 9'
- '#histogram 1289 9'
- '#histogram 1290 13'
- '#histogram 1291 11'
- '#histogram 1292 6'
- '#histogram 1293 11'
- '#histogram 1294 13'
- '#histogram 1295 9'
- '#histogram 1296 14'
- '#histogram 1297 14'
- '#histogram 1298 10'
- '#histogram 1299 9'
- '#histogram 1300 7'
- '#histogram 1301 8'
- '#histogram 1302 13'
- '#histogram 1303 11'
- '#histogram 1304 5'
- '#histogram 1305 10'
- '#histogram 1306 6'
- '#histogram 1307 11'
- '#histogram 1308 8'
- '#histogram 1309 7'
- '#histogram 1310 3'
- '#histogram 1311 4'
- '#histogram 1312 7'
- '#histogram 1313 13'
- '#histogram 1314 12'
- '#histogram 1315 12'
- '#histogram 1316 9'
- '#histogram 1317 9'
- '#histogram 1318 10'
- '#histogram 1319 11'
- '#histogram 1320 7'
- '#histogram 1321 11'
- '#histogram 1322 6'
- '#histogram 1323 4'
- '#histogram 1324 4'
- '#histogram 1325 11'
- '#histogram 1326 8'
- '#histogram 1327 8'
- '#histogram 1328 12'
- '#histogram 1329 5'
- '#histogram 1330 9'
- '#histogram 1331 4'
- '#histogram 1332 8'
- '#histogram 1333 6'
- '#histogram 1334 8'
- '#histogram 1335 4'
- '#histogram 1336 6'
- '#histogram 1337 8'
- '#histogram 1338 5'
- '#histogram 1339 11'
- '#histogram 1340 12'
- '#histogram 1341 7'
- '#histogram 1342 6'
- '#histogram 1343 5'
- '#histogram 1344 5'
- '#histogram 1345 9'
- '#histogram 1346 12'
- '#histogram 1347 7'
- '#histogram 1348 6'
- '#histogram 1349 7'
- '#histogram 1350 10'
- '#histogram 1351 10'
- '#histogram 1352 6'
- '#histogram 1353 9'
- '#histogram 1354 3'
- '#histogram 1355 9'
- '#histogram 1356 8'
- '#histogram 1357 7'
- '#histogram 1358 5'
- '#histogram 1359 9'
- '#histogram 1360 4'
- '#histogram 1361 10'
- '#histogram 1362 6'
- '#histogram 1363 9'
- '#histogram 1364 11'
- '#histogram 1365 9'
- '#histogram 1366 7'
- '#histogram 1367 3'
- '#histogram 1368 7'
- '#histogram 1369 5'
- '#histogram 1370 11'
- '#histogram 1371 4'
- '#histogram 1372 7'
- '#histogram 1373 10'
- '#histogram 1374 5'
- '#histogram 1375 2'
- '#histogram 1376 7'
- '#histogram 1377 5'
- '#histogram 1378 2'
- '#histogram 1379 10'
- '#histogram 1380 6'
- '#histogram 1381 4'
- '#histogram 1382 5'
- '#histogram 1383 12'
- '#histogram 1384 7'
- '#histogram 1385 5'
- '#histogram 1386 8'
- '#histogram 1387 5'
- '#histogram 1388 3'
- '#histogram 1389 6'
- '#histogram 1390 5'
- '#histogram 1391 5'
- '#histogram 1392 4'
- '#histogram 1393 3'
- '#histogram 1394 4'
- '#histogram 1395 6'
- '#histogram 1396 10'
- '#histogram 1397 4'
- '#histogram 1398 7'
- '#histogram 1399 5'
- '#histogram 1400 5'
- '#histogram 1401 4'
- '#histogram 1402 3'
- '#histogram 1403 5'
- '#histogram 1404 4'
- '#histogram 1405 4'
- '#histogram 1406 1'
- '#histogram 1407 2'
- '#histogram 1408 5'
- '#histogram 1409 2'
- '#histogram 1410 9'
- '#histogram 1411 1'
- '#histogram 1412 2'
- '#histogram 1413 2'
- '#histogram 1414 5'
- '#histogram 1415 3'
- '#histogram 1416 4'
- '#histogram 1417 2'
- '#histogram 1418 3'
- '#histogram 1419 5'
- '#histogram 1420 5'
- '#histogram 1421 4'
- '#histogram 1422 5'
- '#histogram 1423 5'
- '#histogram 1424 4'
- '#histogram 1425 1'
- '#histogram 1426 4'
- '#histogram 1427 1'
- '#histogram 1428 4'
- '#histogram 1429 4'
- '#histogram 1430 8'
- '#histogram 1431 7'
- '#histogram 1432 2'
- '#histogram 1433 5'
- '#histogram 1434 6'
- '#histogram 1435 8'
- '#histogram 1436 5'
- '#histogram 1437 3'
- '#histogram 1438 4'
- '#histogram 1439 4'
- '#histogram 1440 6'
- '#histogram 1441 4'
- '#histogram 1442 1'
- '#histogram 1443 2'
- '#histogram 1444 3'
- '#histogram 1445 3'
- '#histogram 1446 1'
- '#histogram 1447 4'
- '#histogram 1448 2'
- '#histogram 1449 2'
- '#histogram 1450 3'
- '#histogram 1451 3'
- '#histogram 1452 4'
- '#histogram 1453 2'
- '#histogram 1454 6'
- '#histogram 1455 3'
- '#histogram 1456 7'
- '#histogram 1457 6'
- '#histogram 1458 4'
- '#histogram 1459 1'
- '#histogram 1460 6'
- '#histogram 1461 4'
- '#histogram 1462 2'
- '#histogram 1463 1'
- '#histogram 1464 2'
- '#histogram 1465 5'
- '#histogram 1466 3'
- '#histogram 1467 4'
- '#histogram 1468 1'
- '#histogram 1469 2'
- '#histogram 1470 2'
- '#histogram 1471 3'
- '#histogram 1472 2'
- '#histogram 1473 3'
- '#histogram 1474 3'
- '#histogram 1476 2'
- '#histogram 1477 3'
- '#histogram 1478 2'
- '#histogram 1480 4'
- '#histogram 1481 2'
- '#histogram 1482 3'
- '#histogram 1483 2'
- '#histogram 1484 1'
- '#histogram 1485 1'
- '#histogram 1486 3'
- '#histogram 1488 3'
- '#histogram 1489 4'
- '#histogram 1490 1'
- '#histogram 1491 3'
- '#histogram 1493 3'
- '#histogram 1494 3'
- '#histogram 1496 2'
- '#histogram 1497 3'
- '#histogram 1499 2'
- '#histogram 1500 3'
- '#histogram 1501 3'
- '#histogram 1502 1'
- '#histogram 1503 4'
- '#histogram 1504 3'
- '#histogram 1505 1'
- '#histogram 1506 2'
- '#histogram 1507 3'
- '#histogram 1508 2'
- '#histogram 1509 1'
- '#histogram 1510 2'
- '#histogram 1512 3'
- '#histogram 1513 1'
- '#histogram 1514 1'
- '#histogram 1515 2'
- '#histogram 1516 3'
- '#histogram 1517 3'
- '#histogram 1518 1'
- '#histogram 1521 4'
- '#histogram 1523 3'
- '#histogram 1524 1'
- '#histogram 1525 5'
- '#histogram 1526 4'
- '#histogram 1528 1'
- '#histogram 1529 2'
- '#histogram 1530 1'
- '#histogram 1531 2'
- '#histogram 1532 3'
- '#histogram 1533 2'
- '#histogram 1535 3'
- '#histogram 1537 2'
- '#histogram 1539 2'
- '#histogram 1540 1'
- '#histogram 1542 1'
- '#histogram 1543 2'
- '#histogram 1544 1'
- '#histogram 1545 1'
- '#histogram 1546 2'
- '#histogram 1547 1'
- '#histogram 1549 1'
- '#histogram 1553 1'
- '#histogram 1555 3'
- '#histogram 1556 2'
- '#histogram 1557 1'
- '#histogram 1558 1'
- '#histogram 1559 1'
- '#histogram 1560 2'
- '#histogram 1562 1'
- '#histogram 1564 2'
- '#histogram 1566 2'
- '#histogram 1567 2'
- '#histogram 1568 4'
- '#histogram 1571 2'
- '#histogram 1572 1'
- '#histogram 1573 1'
- '#histogram 1574 1'
- '#histogram 1575 1'
- '#histogram 1577 2'
- '#histogram 1578 2'
- '#histogram 1579 2'
- '#histogram 1581 1'
- '#histogram 1582 2'
- '#histogram 1583 1'
- '#histogram 1584 2'
- '#histogram 1585 2'
- '#histogram 1586 2'
- '#histogram 1587 2'
- '#histogram 1588 2'
- '#histogram 1589 1'
- '#histogram 1591 1'
- '#histogram 1592 1'
- '#histogram 1596 1'
- '#histogram 1597 1'
- '#histogram 1602 1'
- '#histogram 1604 1'
- '#histogram 1606 2'
- '#histogram 1612 1'
- '#histogram 1613 2'
- '#histogram 1615 2'
- '#histogram 1617 1'
- '#histogram 1619 1'
- '#histogram 1622 2'
- '#histogram 1623 2'
- '#histogram 1624 1'
- '#histogram 1625 1'
- '#histogram 1627 1'
- '#histogram 1628 1'
- '#histogram 1632 1'
- '#histogram 1634 2'
- '#histogram 1635 2'
- '#histogram 1637 1'
- '#histogram 1640 2'
- '#histogram 1641 1'
- '#histogram 1642 1'
- '#histogram 1648 1'
- '#histogram 1650 1'
- '#histogram 1655 1'
- '#histogram 1659 1'
- '#histogram 1660 1'
- '#histogram 1668 2'
- '#histogram 1671 2'
- '#histogram 1673 1'
- '#histogram 1675 1'
- '#histogram 1676 1'
- '#histogram 1680 1'
- '#histogram 1681 1'
- '#histogram 1683 1'
- '#histogram 1689 1'
- '#histogram 1693 1'
- '#histogram 1702 1'
- '#histogram 1704 1'
- '#histogram 1705 1'
- '#histogram 1710 1'
- '#histogram 1718 1'
- '#histogram 1719 1'
- '#histogram 1725 1'
- '#histogram 1733 1'
- '#histogram 1743 1'
- '#histogram 1757 1'
- '#histogram 1763 1'
- '#histogram 1765 1'
- '#histogram 1772 1'
- '#histogram 1776 1'
- '#histogram 1779 1'
- '#histogram 1810 1'
- '#histogram 1828 1'
- '#histogram 1838 1'
- '#histogram 1921 2'
- '#histogram 1955 1'
- '#histogram 2230 1'
- '#histogram 2356 1'
- '#histogram 2384 1'
- '#histogram 2686 1'
- ''
